      Step     Time          Energy          fmax
BFGS:    0 05:02:32       28.661940       37.675096
BFGS:    1 05:02:33      -83.848212       20.635097
BFGS:    2 05:02:33     -157.841325       12.826977
BFGS:    3 05:02:33     -218.269329        8.303239
BFGS:    4 05:02:33     -256.807566        4.404916
BFGS:    5 05:02:34     -283.925135        3.594545
BFGS:    6 05:02:34     -300.006652        3.355608
BFGS:    7 05:02:34     -309.070427        3.262629
BFGS:    8 05:02:34     -317.435113        3.152922
BFGS:    9 05:02:35     -325.876476        3.016395
BFGS:   10 05:02:35     -333.448564        2.878763
BFGS:   11 05:02:35     -339.793604        2.786384
BFGS:   12 05:02:35     -345.282909        2.726875
BFGS:   13 05:02:36     -350.258013        2.663767
BFGS:   14 05:02:36     -354.821716        2.597769
BFGS:   15 05:02:36     -358.993024        2.529526
BFGS:   16 05:02:37     -362.753546        2.458960
BFGS:   17 05:02:37     -366.116496        2.383817
BFGS:   18 05:02:37     -369.190618        2.324872
BFGS:   19 05:02:37     -372.143516        2.277894
BFGS:   20 05:02:38     -375.106953        2.222240
BFGS:   21 05:02:38     -378.044647        2.158366
BFGS:   22 05:02:38     -380.762763        2.092820
BFGS:   23 05:02:38     -383.089151        2.031729
BFGS:   24 05:02:39     -385.023189        1.975884
BFGS:   25 05:02:39     -386.681451        1.923907
BFGS:   26 05:02:39     -388.205421        1.873485
BFGS:   27 05:02:39     -389.711930        1.822851
BFGS:   28 05:02:40     -391.266879        1.773219
BFGS:   29 05:02:40     -392.885502        1.726359
BFGS:   30 05:02:40     -394.554959        1.681667
BFGS:   31 05:02:40     -396.266942        1.637905
BFGS:   32 05:02:41     -398.023556        1.595785
BFGS:   33 05:02:41     -399.813439        1.555280
BFGS:   34 05:02:41     -401.606414        1.515149
BFGS:   35 05:02:41     -403.368655        1.475540
BFGS:   36 05:02:42     -405.046143        1.437403
BFGS:   37 05:02:42     -406.578803        1.402223
BFGS:   38 05:02:42     -407.932676        1.371379
BFGS:   39 05:02:42     -409.121669        1.344860
BFGS:   40 05:02:43     -410.199749        1.320880
BFGS:   41 05:02:43     -411.227223        1.297894
BFGS:   42 05:02:43     -412.241323        1.275218
BFGS:   43 05:02:43     -413.256306        1.252144
BFGS:   44 05:02:44     -414.272143        1.227814
BFGS:   45 05:02:44     -415.282154        1.201703
BFGS:   46 05:02:44     -416.276915        1.173716
BFGS:   47 05:02:44     -417.246883        1.143952
BFGS:   48 05:02:45     -418.185594        1.112446
BFGS:   49 05:02:45     -419.091710        1.079007
BFGS:   50 05:02:45     -419.966212        1.043438
BFGS:   51 05:02:45     -420.808510        1.005876
BFGS:   52 05:02:46     -421.617207        0.966744
BFGS:   53 05:02:46     -422.392416        0.926519
BFGS:   54 05:02:46     -423.132988        0.885743
BFGS:   55 05:02:46     -423.837416        0.844915
BFGS:   56 05:02:47     -424.505868        0.804211
BFGS:   57 05:02:47     -425.140560        0.763774
BFGS:   58 05:02:47     -425.743561        0.723714
BFGS:   59 05:02:47     -426.317150        0.684122
BFGS:   60 05:02:48     -426.864064        0.651379
BFGS:   61 05:02:48     -427.387578        0.636633
BFGS:   62 05:02:48     -427.891545        0.624166
BFGS:   63 05:02:48     -428.380775        0.614158
BFGS:   64 05:02:49     -428.860110        0.606552
BFGS:   65 05:02:49     -429.332646        0.600943
BFGS:   66 05:02:49     -429.799856        0.596749
BFGS:   67 05:02:49     -430.263038        0.593359
BFGS:   68 05:02:50     -430.722792        0.590274
BFGS:   69 05:02:50     -431.177493        0.587190
BFGS:   70 05:02:50     -431.623888        0.583885
BFGS:   71 05:02:50     -432.060102        0.580371
BFGS:   72 05:02:51     -432.484594        0.576731
BFGS:   73 05:02:51     -432.895987        0.572968
BFGS:   74 05:02:51     -433.293684        0.569045
BFGS:   75 05:02:51     -433.677796        0.564930
BFGS:   76 05:02:52     -434.048951        0.560562
BFGS:   77 05:02:52     -434.407875        0.555922
BFGS:   78 05:02:52     -434.755128        0.551109
BFGS:   79 05:02:52     -435.090823        0.546132
BFGS:   80 05:02:53     -435.414855        0.541000
BFGS:   81 05:02:53     -435.726994        0.535721
BFGS:   82 05:02:53     -436.027016        0.530291
BFGS:   83 05:02:53     -436.314853        0.524700
BFGS:   84 05:02:54     -436.590520        0.518930
BFGS:   85 05:02:54     -436.854188        0.512973
BFGS:   86 05:02:54     -437.106171        0.506823
BFGS:   87 05:02:54     -437.347031        0.500452
BFGS:   88 05:02:55     -437.577651        0.493804
BFGS:   89 05:02:55     -437.799250        0.486796
BFGS:   90 05:02:55     -438.013393        0.479347
BFGS:   91 05:02:55     -438.221951        0.471400
BFGS:   92 05:02:56     -438.426986        0.462910
BFGS:   93 05:02:56     -438.630585        0.453846
BFGS:   94 05:02:56     -438.834642        0.444175
BFGS:   95 05:02:56     -439.040659        0.433862
BFGS:   96 05:02:57     -439.249543        0.422876
BFGS:   97 05:02:57     -439.461449        0.411170
BFGS:   98 05:02:57     -439.675749        0.398745
BFGS:   99 05:02:57     -439.891078        0.385458
BFGS:  100 05:02:58     -440.106234        0.371026
BFGS:  101 05:02:58     -440.321756        0.354964
BFGS:  102 05:02:58     -440.544184        0.335846
BFGS:  103 05:02:58     -440.707975        0.324232
BFGS:  104 05:02:59     -440.930887        0.311190
BFGS:  105 05:02:59     -441.081300        0.303918
BFGS:  106 05:02:59     -441.228836        0.296069
BFGS:  107 05:02:59     -441.378349        0.285106
BFGS:  108 05:03:00     -441.486768        0.275195
BFGS:  109 05:03:00     -441.582586        0.265289
BFGS:  110 05:03:00     -441.669842        0.255297
BFGS:  111 05:03:00     -441.749475        0.245227
BFGS:  112 05:03:01     -441.822203        0.235082
BFGS:  113 05:03:01     -441.889182        0.224852
BFGS:  114 05:03:01     -441.951864        0.214515
BFGS:  115 05:03:01     -442.012105        0.204041
BFGS:  116 05:03:02     -442.072341        0.193415
BFGS:  117 05:03:02     -442.136151        0.182684
BFGS:  118 05:03:02     -442.208888        0.177969
BFGS:  119 05:03:02     -442.296171        0.162489
BFGS:  120 05:03:03     -442.376025        0.165011
BFGS:  121 05:03:03     -442.450824        0.179459
BFGS:  122 05:03:03     -442.534045        0.181798
BFGS:  123 05:03:03     -442.601542        0.163062
BFGS:  124 05:03:04     -442.669506        0.167755
BFGS:  125 05:03:04     -442.734856        0.164716
BFGS:  126 05:03:04     -442.779506        0.147197
BFGS:  127 05:03:04     -442.819137        0.122675
BFGS:  128 05:03:05     -442.858530        0.111080
BFGS:  129 05:03:05     -442.902169        0.098566
BFGS:  130 05:03:05     -442.946699        0.113025
BFGS:  131 05:03:05     -442.989636        0.119437
BFGS:  132 05:03:06     -443.021830        0.116079
BFGS:  133 05:03:06     -443.041055        0.112214
BFGS:  134 05:03:06     -443.065462        0.108703
BFGS:  135 05:03:06     -443.104101        0.114211
BFGS:  136 05:03:06     -443.155939        0.115759
BFGS:  137 05:03:07     -443.190717        0.111973
BFGS:  138 05:03:07     -443.215918        0.111484
BFGS:  139 05:03:07     -443.236778        0.115704
BFGS:  140 05:03:07     -443.258295        0.106836
BFGS:  141 05:03:08     -443.286276        0.086609
BFGS:  142 05:03:08     -443.329548        0.084669
BFGS:  143 05:03:08     -443.365170        0.111061
BFGS:  144 05:03:08     -443.387162        0.115618
BFGS:  145 05:03:09     -443.402598        0.100587
BFGS:  146 05:03:09     -443.423795        0.093183
BFGS:  147 05:03:09     -443.460636        0.084782
BFGS:  148 05:03:09     -443.501589        0.089088
BFGS:  149 05:03:10     -443.523112        0.100174
BFGS:  150 05:03:10     -443.539942        0.103580
BFGS:  151 05:03:10     -443.555631        0.101853
BFGS:  152 05:03:10     -443.574032        0.097023
BFGS:  153 05:03:11     -443.599634        0.082561
BFGS:  154 05:03:11     -443.637292        0.084515
BFGS:  155 05:03:11     -443.683136        0.083195
BFGS:  156 05:03:11     -443.708248        0.083898
BFGS:  157 05:03:12     -443.726952        0.086718
BFGS:  158 05:03:12     -443.739205        0.079328
BFGS:  159 05:03:12     -443.761464        0.066620
BFGS:  160 05:03:12     -443.793002        0.069667
BFGS:  161 05:03:13     -443.827027        0.088058
BFGS:  162 05:03:13     -443.849409        0.095378
BFGS:  163 05:03:13     -443.864292        0.096965
BFGS:  164 05:03:13     -443.881037        0.084327
BFGS:  165 05:03:14     -443.903319        0.073697
BFGS:  166 05:03:14     -443.928042        0.079332
BFGS:  167 05:03:14     -443.949328        0.079786
BFGS:  168 05:03:14     -443.964578        0.067744
BFGS:  169 05:03:15     -443.976211        0.065137
BFGS:  170 05:03:15     -443.987279        0.071078
BFGS:  171 05:03:15     -443.999759        0.097721
BFGS:  172 05:03:15     -444.013862        0.115401
BFGS:  173 05:03:16     -444.030840        0.107399
BFGS:  174 05:03:16     -444.045532        0.085205
BFGS:  175 05:03:16     -444.055868        0.088352
BFGS:  176 05:03:16     -444.063696        0.082992
BFGS:  177 05:03:17     -444.072887        0.072120
BFGS:  178 05:03:17     -444.085838        0.077202
BFGS:  179 05:03:17     -444.099342        0.067342
BFGS:  180 05:03:17     -444.108464        0.071295
BFGS:  181 05:03:18     -444.114196        0.074438
BFGS:  182 05:03:18     -444.120474        0.076796
BFGS:  183 05:03:18     -444.130453        0.078644
BFGS:  184 05:03:18     -444.144852        0.079204
BFGS:  185 05:03:19     -444.159725        0.080018
BFGS:  186 05:03:19     -444.170338        0.075248
BFGS:  187 05:03:19     -444.177317        0.073196
BFGS:  188 05:03:19     -444.184876        0.071403
BFGS:  189 05:03:20     -444.197226        0.068976
BFGS:  190 05:03:20     -444.214260        0.065687
BFGS:  191 05:03:20     -444.230214        0.061989
BFGS:  192 05:03:20     -444.240066        0.058912
BFGS:  193 05:03:20     -444.246796        0.058547
BFGS:  194 05:03:21     -444.254343        0.075667
BFGS:  195 05:03:21     -444.267314        0.087061
BFGS:  196 05:03:21     -444.286197        0.079904
BFGS:  197 05:03:21     -444.303238        0.051585
BFGS:  198 05:03:22     -444.312092        0.052940
BFGS:  199 05:03:22     -444.316301        0.055661
BFGS:  200 05:03:22     -444.320309        0.058095
BFGS:  201 05:03:22     -444.327500        0.061279
BFGS:  202 05:03:23     -444.338666        0.064522
BFGS:  203 05:03:23     -444.349665        0.065427
BFGS:  204 05:03:23     -444.355265        0.063520
BFGS:  205 05:03:23     -444.357686        0.061431
BFGS:  206 05:03:24     -444.360315        0.059392
BFGS:  207 05:03:24     -444.365996        0.056404
BFGS:  208 05:03:24     -444.376540        0.053086
BFGS:  209 05:03:24     -444.391866        0.055477
BFGS:  210 05:03:25     -444.405200        0.056923
BFGS:  211 05:03:25     -444.410663        0.057039
BFGS:  212 05:03:25     -444.412552        0.058491
BFGS:  213 05:03:25     -444.414912        0.059580
BFGS:  214 05:03:26     -444.420416        0.060418
BFGS:  215 05:03:26     -444.429754        0.059894
BFGS:  216 05:03:26     -444.440970        0.056861
BFGS:  217 05:03:26     -444.448495        0.054163
BFGS:  218 05:03:27     -444.451752        0.055700
BFGS:  219 05:03:27     -444.453920        0.056398
BFGS:  220 05:03:27     -444.457903        0.056808
BFGS:  221 05:03:27     -444.464844        0.056318
BFGS:  222 05:03:28     -444.474185        0.054264
BFGS:  223 05:03:28     -444.481528        0.051264
BFGS:  224 05:03:28     -444.485246        0.049223
BFGS:  225 05:03:28     -444.487442        0.049405
BFGS:  226 05:03:29     -444.490342        0.049429
BFGS:  227 05:03:29     -444.495881        0.048972
BFGS:  228 05:03:29     -444.504881        0.049413
BFGS:  229 05:03:29     -444.515277        0.051211
BFGS:  230 05:03:30     -444.522542        0.052785
BFGS:  231 05:03:30     -444.525892        0.053287
BFGS:  232 05:03:30     -444.527703        0.053179
BFGS:  233 05:03:30     -444.530200        0.052798
BFGS:  234 05:03:31     -444.534893        0.052141
BFGS:  235 05:03:31     -444.542800        0.051149
BFGS:  236 05:03:31     -444.552390        0.050056
BFGS:  237 05:03:31     -444.559536        0.049147
BFGS:  238 05:03:32     -444.563507        0.048722
BFGS:  239 05:03:32     -444.566070        0.048549
BFGS:  240 05:03:32     -444.569587        0.048233
BFGS:  241 05:03:32     -444.577057        0.047305
BFGS:  242 05:03:33     -444.590803        0.044894
BFGS:  243 05:03:33     -444.602971        0.048594
BFGS:  244 05:03:33     -444.614562        0.049316
BFGS:  245 05:03:33     -444.621074        0.051179
BFGS:  246 05:03:34     -444.624542        0.053960
BFGS:  247 05:03:34     -444.629158        0.056090
BFGS:  248 05:03:34     -444.638427        0.054139
BFGS:  249 05:03:34     -444.653071        0.044999
BFGS:  250 05:03:35     -444.670760        0.048071
BFGS:  251 05:03:35     -444.686821        0.048004
BFGS:  252 05:03:35     -444.697388        0.052914
BFGS:  253 05:03:35     -444.701402        0.049217
BFGS:  254 05:03:35     -444.705493        0.048769
BFGS:  255 05:03:36     -444.710199        0.058660
BFGS:  256 05:03:36     -444.720753        0.061250
BFGS:  257 05:03:36     -444.732942        0.053406
BFGS:  258 05:03:36     -444.742533        0.042984
BFGS:  259 05:03:37     -444.745782        0.042678
BFGS:  260 05:03:37     -444.747943        0.043886
BFGS:  261 05:03:37     -444.750552        0.043646
BFGS:  262 05:03:37     -444.758179        0.043154
BFGS:  263 05:03:38     -444.768310        0.049449
BFGS:  264 05:03:38     -444.778707        0.045249
BFGS:  265 05:03:38     -444.783979        0.034461
BFGS:  266 05:03:38     -444.785385        0.034999
BFGS:  267 05:03:39     -444.786132        0.035513
BFGS:  268 05:03:39     -444.787724        0.036261
BFGS:  269 05:03:39     -444.790632        0.036872
BFGS:  270 05:03:39     -444.795335        0.036867
BFGS:  271 05:03:40     -444.799850        0.035750
BFGS:  272 05:03:40     -444.802217        0.034356
BFGS:  273 05:03:40     -444.803047        0.033542
BFGS:  274 05:03:40     -444.803635        0.033014
BFGS:  275 05:03:41     -444.804880        0.031942
BFGS:  276 05:03:41     -444.807200        0.030577
BFGS:  277 05:03:41     -444.810811        0.032246
BFGS:  278 05:03:41     -444.814197        0.033899
BFGS:  279 05:03:42     -444.815921        0.034580
BFGS:  280 05:03:42     -444.816599        0.034425
BFGS:  281 05:03:42     -444.817115        0.034123
BFGS:  282 05:03:42     -444.818040        0.033483
BFGS:  283 05:03:43     -444.819758        0.032498
BFGS:  284 05:03:43     -444.822537        0.030904
BFGS:  285 05:03:43     -444.825569        0.029483
BFGS:  286 05:03:43     -444.827502        0.028575
BFGS:  287 05:03:44     -444.828400        0.028824
BFGS:  288 05:03:44     -444.829063        0.028893
BFGS:  289 05:03:44     -444.830229        0.029524
BFGS:  290 05:03:44     -444.832546        0.029566
BFGS:  291 05:03:45     -444.836310        0.030165
BFGS:  292 05:03:45     -444.839985        0.028939
BFGS:  293 05:03:45     -444.841745        0.028800
BFGS:  294 05:03:45     -444.842400        0.027199
BFGS:  295 05:03:46     -444.842919        0.027289
BFGS:  296 05:03:46     -444.843963        0.026646
BFGS:  297 05:03:46     -444.846353        0.025648
BFGS:  298 05:03:46     -444.849685        0.024089
BFGS:  299 05:03:47     -444.852590        0.022650
BFGS:  300 05:03:47     -444.853907        0.021924
BFGS:  301 05:03:47     -444.854404        0.021923
BFGS:  302 05:03:47     -444.854852        0.021950
BFGS:  303 05:03:48     -444.855893        0.021969
BFGS:  304 05:03:48     -444.857948        0.021710
BFGS:  305 05:03:48     -444.861295        0.023817
BFGS:  306 05:03:48     -444.864628        0.025566
BFGS:  307 05:03:48     -444.866524        0.025454
BFGS:  308 05:03:49     -444.867252        0.022771
BFGS:  309 05:03:49     -444.867783        0.022328
BFGS:  310 05:03:49     -444.868909        0.021225
BFGS:  311 05:03:49     -444.870930        0.033520
BFGS:  312 05:03:50     -444.873966        0.050087
BFGS:  313 05:03:50     -444.877198        0.062998
BFGS:  314 05:03:50     -444.880175        0.069915
BFGS:  315 05:03:50     -444.882987        0.074783
BFGS:  316 05:03:51     -444.885907        0.078859
BFGS:  317 05:03:51     -444.888898        0.080818
BFGS:  318 05:03:51     -444.892741        0.077202
BFGS:  319 05:03:51     -444.897135        0.067657
BFGS:  320 05:03:52     -444.903592        0.050497
BFGS:  321 05:03:52     -444.907865        0.048707
BFGS:  322 05:03:52     -444.912925        0.066039
BFGS:  323 05:03:52     -444.918089        0.073172
BFGS:  324 05:03:53     -444.923124        0.071212
BFGS:  325 05:03:53     -444.928739        0.062158
BFGS:  326 05:03:53     -444.938339        0.057238
BFGS:  327 05:03:53     -444.947562        0.069467
BFGS:  328 05:03:54     -444.955870        0.075906
BFGS:  329 05:03:54     -444.963849        0.079309
BFGS:  330 05:03:54     -444.971523        0.080741
BFGS:  331 05:03:54     -444.978942        0.080647
BFGS:  332 05:03:55     -444.986035        0.079561
BFGS:  333 05:03:55     -444.992894        0.077605
BFGS:  334 05:03:55     -444.999515        0.075128
BFGS:  335 05:03:55     -445.006050        0.071946
BFGS:  336 05:03:56     -445.012523        0.068177
BFGS:  337 05:03:56     -445.019099        0.063361
BFGS:  338 05:03:56     -445.025668        0.058017
BFGS:  339 05:03:56     -445.032373        0.057623
BFGS:  340 05:03:57     -445.038826        0.056234
BFGS:  341 05:03:57     -445.045471        0.054342
BFGS:  342 05:03:57     -445.051381        0.053137
BFGS:  343 05:03:57     -445.057978        0.053629
BFGS:  344 05:03:58     -445.063289        0.053980
BFGS:  345 05:03:58     -445.069482        0.054054
BFGS:  346 05:03:58     -445.074909        0.053998
BFGS:  347 05:03:58     -445.081263        0.052972
BFGS:  348 05:03:59     -445.087456        0.053776
BFGS:  349 05:03:59     -445.095763        0.058697
BFGS:  350 05:03:59     -445.104236        0.072247
BFGS:  351 05:03:59     -445.116495        0.089981
BFGS:  352 05:04:00     -445.134673        0.108397
BFGS:  353 05:04:00     -445.157358        0.126920
BFGS:  354 05:04:00     -445.187191        0.135916
BFGS:  355 05:04:00     -445.210044        0.130128
BFGS:  356 05:04:01     -445.235943        0.086264
BFGS:  357 05:04:01     -445.248998        0.083364
BFGS:  358 05:04:01     -445.259900        0.069677
BFGS:  359 05:04:01     -445.266102        0.059974
BFGS:  360 05:04:02     -445.273575        0.057846
BFGS:  361 05:04:02     -445.280483        0.058252
BFGS:  362 05:04:02     -445.288478        0.058308
BFGS:  363 05:04:02     -445.297848        0.058703
BFGS:  364 05:04:03     -445.307782        0.058598
BFGS:  365 05:04:03     -445.317783        0.058559
BFGS:  366 05:04:03     -445.326755        0.058138
BFGS:  367 05:04:03     -445.335217        0.067405
BFGS:  368 05:04:03     -445.342442        0.073934
BFGS:  369 05:04:04     -445.349539        0.080401
BFGS:  370 05:04:04     -445.355337        0.082007
BFGS:  371 05:04:04     -445.361735        0.083373
BFGS:  372 05:04:04     -445.367241        0.080897
BFGS:  373 05:04:05     -445.374173        0.084418
BFGS:  374 05:04:05     -445.381005        0.079277
BFGS:  375 05:04:05     -445.392585        0.077087
BFGS:  376 05:04:05     -445.401073        0.082821
BFGS:  377 05:04:06     -445.413822        0.093221
BFGS:  378 05:04:06     -445.423969        0.088143
BFGS:  379 05:04:06     -445.434257        0.080677
BFGS:  380 05:04:06     -445.442952        0.097964
BFGS:  381 05:04:07     -445.455667        0.107516
BFGS:  382 05:04:07     -445.475703        0.101827
BFGS:  383 05:04:07     -445.491989        0.098491
BFGS:  384 05:04:07     -445.504056        0.086883
BFGS:  385 05:04:08     -445.513318        0.087696
BFGS:  386 05:04:08     -445.522449        0.081540
BFGS:  387 05:04:08     -445.530728        0.064814
BFGS:  388 05:04:08     -445.537833        0.052579
BFGS:  389 05:04:09     -445.543647        0.046988
BFGS:  390 05:04:09     -445.549313        0.051171
BFGS:  391 05:04:09     -445.555553        0.064353
BFGS:  392 05:04:09     -445.563114        0.071195
BFGS:  393 05:04:10     -445.571798        0.070904
BFGS:  394 05:04:10     -445.580783        0.063034
BFGS:  395 05:04:10     -445.588501        0.069651
BFGS:  396 05:04:10     -445.594767        0.068853
BFGS:  397 05:04:11     -445.600383        0.061395
BFGS:  398 05:04:11     -445.606394        0.059286
BFGS:  399 05:04:11     -445.612976        0.058411
BFGS:  400 05:04:11     -445.620435        0.050431
BFGS:  401 05:04:12     -445.627462        0.052723
BFGS:  402 05:04:12     -445.633689        0.054770
BFGS:  403 05:04:12     -445.639660        0.058956
BFGS:  404 05:04:12     -445.646284        0.060031
BFGS:  405 05:04:13     -445.654360        0.064371
BFGS:  406 05:04:13     -445.663992        0.062397
BFGS:  407 05:04:13     -445.675010        0.073551
BFGS:  408 05:04:13     -445.686010        0.085075
BFGS:  409 05:04:14     -445.694578        0.079130
BFGS:  410 05:04:14     -445.705121        0.084581
BFGS:  411 05:04:14     -445.711892        0.092867
BFGS:  412 05:04:14     -445.727660        0.116810
BFGS:  413 05:04:15     -445.743349        0.113628
BFGS:  414 05:04:15     -445.763826        0.105307
BFGS:  415 05:04:15     -445.787027        0.103051
BFGS:  416 05:04:15     -445.809254        0.108349
BFGS:  417 05:04:16     -445.831596        0.121623
BFGS:  418 05:04:16     -445.854065        0.138890
BFGS:  419 05:04:16     -445.877229        0.154295
BFGS:  420 05:04:16     -445.901737        0.169958
BFGS:  421 05:04:17     -445.928005        0.183594
BFGS:  422 05:04:17     -445.957313        0.207333
BFGS:  423 05:04:17     -445.988722        0.226337
BFGS:  424 05:04:17     -446.025834        0.256116
BFGS:  425 05:04:18     -446.075652        0.286832
BFGS:  426 05:04:18     -446.155691        0.318065
BFGS:  427 05:04:18     -446.259537        0.339726
BFGS:  428 05:04:18     -446.322053        0.329269
BFGS:  429 05:04:19     -446.408507        0.308034
BFGS:  430 05:04:19     -446.490970        0.299243
BFGS:  431 05:04:19     -446.581082        0.287852
BFGS:  432 05:04:19     -446.678711        0.285277
BFGS:  433 05:04:20     -446.776693        0.272455
BFGS:  434 05:04:20     -446.894164        0.267090
BFGS:  435 05:04:20     -446.997583        0.262284
BFGS:  436 05:04:20     -447.113534        0.252263
BFGS:  437 05:04:21     -447.238069        0.255741
BFGS:  438 05:04:21     -447.419826        0.327370
BFGS:  439 05:04:21     -447.466373        0.346430
BFGS:  440 05:04:21     -447.532153        0.319371
BFGS:  441 05:04:22     -447.577957        0.299636
BFGS:  442 05:04:22     -447.633721        0.264649
BFGS:  443 05:04:22     -447.683944        0.229257
BFGS:  444 05:04:22     -447.735054        0.205724
BFGS:  445 05:04:23     -447.780239        0.185294
BFGS:  446 05:04:23     -447.823021        0.164412
BFGS:  447 05:04:23     -447.859567        0.147825
BFGS:  448 05:04:23     -447.892812        0.145935
BFGS:  449 05:04:24     -447.920942        0.145246
BFGS:  450 05:04:24     -447.947439        0.143508
BFGS:  451 05:04:24     -447.974428        0.143556
BFGS:  452 05:04:24     -448.009290        0.159142
BFGS:  453 05:04:25     -448.057002        0.162031
BFGS:  454 05:04:25     -448.113003        0.156128
BFGS:  455 05:04:25     -448.147749        0.154697
BFGS:  456 05:04:25     -448.172710        0.158997
BFGS:  457 05:04:26     -448.200685        0.162965
BFGS:  458 05:04:26     -448.225854        0.166961
BFGS:  459 05:04:26     -448.251544        0.169914
BFGS:  460 05:04:26     -448.275869        0.172904
BFGS:  461 05:04:26     -448.300081        0.175733
BFGS:  462 05:04:27     -448.324005        0.178701
BFGS:  463 05:04:27     -448.348014        0.181702
BFGS:  464 05:04:27     -448.372546        0.184868
BFGS:  465 05:04:27     -448.397400        0.187999
BFGS:  466 05:04:28     -448.422614        0.191060
BFGS:  467 05:04:28     -448.448482        0.193818
BFGS:  468 05:04:28     -448.476186        0.196175
BFGS:  469 05:04:28     -448.507166        0.198041
BFGS:  470 05:04:29     -448.542758        0.199460
BFGS:  471 05:04:29     -448.584437        0.200908
BFGS:  472 05:04:29     -448.635764        0.203286
BFGS:  473 05:04:29     -448.684411        0.205986
BFGS:  474 05:04:30     -448.737526        0.208830
BFGS:  475 05:04:30     -448.791432        0.211076
BFGS:  476 05:04:30     -448.841866        0.211720
BFGS:  477 05:04:30     -448.896455        0.212827
BFGS:  478 05:04:31     -448.928758        0.212233
BFGS:  479 05:04:31     -448.981500        0.213209
BFGS:  480 05:04:31     -449.051171        0.215092
BFGS:  481 05:04:31     -449.106048        0.218703
BFGS:  482 05:04:32     -449.164802        0.221231
BFGS:  483 05:04:32     -449.213119        0.222102
BFGS:  484 05:04:32     -449.246121        0.224109
BFGS:  485 05:04:32     -449.274484        0.222813
BFGS:  486 05:04:33     -449.300461        0.224054
BFGS:  487 05:04:33     -449.341780        0.222330
BFGS:  488 05:04:33     -449.381079        0.220589
BFGS:  489 05:04:33     -449.422710        0.218224
BFGS:  490 05:04:34     -449.463993        0.215426
BFGS:  491 05:04:34     -449.502214        0.211967
BFGS:  492 05:04:34     -449.549009        0.207784
BFGS:  493 05:04:34     -449.603271        0.200032
BFGS:  494 05:04:35     -449.658385        0.193220
BFGS:  495 05:04:35     -449.706590        0.188049
BFGS:  496 05:04:35     -449.748405        0.186887
BFGS:  497 05:04:35     -449.781281        0.188527
BFGS:  498 05:04:36     -449.816557        0.188169
BFGS:  499 05:04:36     -449.856243        0.189371
BFGS:  500 05:04:36     -449.902913        0.186473
BFGS:  501 05:04:36     -449.948351        0.184662
BFGS:  502 05:04:37     -449.986647        0.182301
BFGS:  503 05:04:37     -450.024283        0.180584
BFGS:  504 05:04:37     -450.061262        0.178668
BFGS:  505 05:04:37     -450.098940        0.179545
BFGS:  506 05:04:38     -450.137323        0.182756
BFGS:  507 05:04:38     -450.176849        0.184133
BFGS:  508 05:04:38     -450.217473        0.183902
BFGS:  509 05:04:38     -450.259317        0.182139
BFGS:  510 05:04:39     -450.302252        0.179017
BFGS:  511 05:04:39     -450.346241        0.174586
BFGS:  512 05:04:39     -450.391088        0.177239
BFGS:  513 05:04:39     -450.436264        0.192004
BFGS:  514 05:04:40     -450.480312        0.204571
BFGS:  515 05:04:40     -450.523693        0.214523
BFGS:  516 05:04:40     -450.566696        0.221716
BFGS:  517 05:04:40     -450.609619        0.225834
BFGS:  518 05:04:41     -450.652556        0.226927
BFGS:  519 05:04:41     -450.695668        0.224636
BFGS:  520 05:04:41     -450.738882        0.219242
BFGS:  521 05:04:41     -450.782271        0.210115
BFGS:  522 05:04:42     -450.825540        0.197963
BFGS:  523 05:04:42     -450.868701        0.181641
BFGS:  524 05:04:42     -450.911221        0.162946
BFGS:  525 05:04:42     -450.953239        0.140658
BFGS:  526 05:04:43     -450.994012        0.131439
BFGS:  527 05:04:43     -451.034148        0.133814
BFGS:  528 05:04:43     -451.072909        0.134281
BFGS:  529 05:04:43     -451.112250        0.130521
BFGS:  530 05:04:44     -451.150975        0.163249
BFGS:  531 05:04:44     -451.189557        0.167352
BFGS:  532 05:04:44     -451.241737        0.147517
BFGS:  533 05:04:44     -451.290210        0.138252
BFGS:  534 05:04:45     -451.337308        0.135420
BFGS:  535 05:04:45     -451.374862        0.139545
BFGS:  536 05:04:45     -451.405907        0.139233
BFGS:  537 05:04:45     -451.434520        0.137701
BFGS:  538 05:04:46     -451.462208        0.144041
BFGS:  539 05:04:46     -451.489593        0.151655
BFGS:  540 05:04:46     -451.516551        0.158370
BFGS:  541 05:04:46     -451.543589        0.163329
BFGS:  542 05:04:47     -451.570463        0.167488
BFGS:  543 05:04:47     -451.597551        0.170289
BFGS:  544 05:04:47     -451.624684        0.172358
BFGS:  545 05:04:47     -451.652107        0.173345
BFGS:  546 05:04:48     -451.679715        0.173679
BFGS:  547 05:04:48     -451.707655        0.173145
BFGS:  548 05:04:48     -451.735853        0.172046
BFGS:  549 05:04:48     -451.764390        0.170252
BFGS:  550 05:04:49     -451.793206        0.167980
BFGS:  551 05:04:49     -451.822342        0.165153
BFGS:  552 05:04:49     -451.851741        0.161930
BFGS:  553 05:04:49     -451.881418        0.158267
BFGS:  554 05:04:50     -451.911311        0.157597
BFGS:  555 05:04:50     -451.941422        0.158972
BFGS:  556 05:04:50     -451.971682        0.159835
BFGS:  557 05:04:50     -452.002084        0.160212
BFGS:  558 05:04:51     -452.032552        0.160063
BFGS:  559 05:04:51     -452.063075        0.159458
BFGS:  560 05:04:51     -452.093570        0.158307
BFGS:  561 05:04:51     -452.124029        0.157217
BFGS:  562 05:04:52     -452.154370        0.155988
BFGS:  563 05:04:52     -452.184575        0.154736
BFGS:  564 05:04:52     -452.214551        0.153000
BFGS:  565 05:04:52     -452.244281        0.151429
BFGS:  566 05:04:53     -452.273674        0.149003
BFGS:  567 05:04:53     -452.302701        0.146751
BFGS:  568 05:04:53     -452.331280        0.143432
BFGS:  569 05:04:53     -452.359353        0.140650
BFGS:  570 05:04:54     -452.386872        0.136919
BFGS:  571 05:04:54     -452.413732        0.133954
BFGS:  572 05:04:54     -452.439951        0.129672
BFGS:  573 05:04:54     -452.465366        0.126323
BFGS:  574 05:04:55     -452.490088        0.121644
BFGS:  575 05:04:55     -452.513908        0.117990
BFGS:  576 05:04:55     -452.537033        0.121644
BFGS:  577 05:04:55     -452.559247        0.125203
BFGS:  578 05:04:56     -452.580852        0.127956
BFGS:  579 05:04:56     -452.601687        0.130396
BFGS:  580 05:04:56     -452.622210        0.131116
BFGS:  581 05:04:56     -452.642453        0.130146
BFGS:  582 05:04:57     -452.663324        0.126087
BFGS:  583 05:04:57     -452.685355        0.117362
BFGS:  584 05:04:57     -452.707330        0.103176
BFGS:  585 05:04:57     -452.735527        0.103237
BFGS:  586 05:04:58     -452.763142        0.105945
BFGS:  587 05:04:58     -452.784275        0.097595
BFGS:  588 05:04:58     -452.801136        0.081620
BFGS:  589 05:04:58     -452.813444        0.082155
BFGS:  590 05:04:59     -452.823411        0.071226
BFGS:  591 05:04:59     -452.834183        0.064253
BFGS:  592 05:04:59     -452.842540        0.058661
BFGS:  593 05:04:59     -452.850045        0.054860
BFGS:  594 05:05:00     -452.856538        0.050772
BFGS:  595 05:05:00     -452.862180        0.049265
BFGS:  596 05:05:00     -452.866937        0.047113
BFGS:  597 05:05:00     -452.871067        0.043430
BFGS:  598 05:05:01     -452.874996        0.038828
BFGS:  599 05:05:01     -452.879199        0.037507
BFGS:  600 05:05:01     -452.884829        0.036335
BFGS:  601 05:05:01     -452.889893        0.034100
BFGS:  602 05:05:02     -452.892637        0.029709
BFGS:  603 05:05:02     -452.894366        0.027629
BFGS:  604 05:05:02     -452.896414        0.027169
BFGS:  605 05:05:02     -452.899086        0.027334
BFGS:  606 05:05:03     -452.901276        0.029949
BFGS:  607 05:05:03     -452.902582        0.027816
BFGS:  608 05:05:03     -452.903415        0.027455
BFGS:  609 05:05:03     -452.904573        0.027600
BFGS:  610 05:05:04     -452.905957        0.027064
BFGS:  611 05:05:04     -452.907101        0.026422
BFGS:  612 05:05:04     -452.907726        0.026049
BFGS:  613 05:05:04     -452.908097        0.026092
BFGS:  614 05:05:05     -452.908443        0.026316
BFGS:  615 05:05:05     -452.908824        0.026677
BFGS:  616 05:05:05     -452.909252        0.027028
BFGS:  617 05:05:05     -452.909765        0.027285
BFGS:  618 05:05:06     -452.910329        0.027256
BFGS:  619 05:05:06     -452.910801        0.026948
BFGS:  620 05:05:06     -452.911121        0.026573
BFGS:  621 05:05:06     -452.911397        0.026328
BFGS:  622 05:05:07     -452.911770        0.026167
BFGS:  623 05:05:07     -452.912289        0.026146
BFGS:  624 05:05:07     -452.912841        0.026234
BFGS:  625 05:05:07     -452.913263        0.026371
BFGS:  626 05:05:08     -452.913574        0.026427
BFGS:  627 05:05:08     -452.913908        0.026395
BFGS:  628 05:05:08     -452.914387        0.026165
BFGS:  629 05:05:08     -452.915069        0.025723
BFGS:  630 05:05:09     -452.915938        0.025073
BFGS:  631 05:05:09     -452.916857        0.024517
BFGS:  632 05:05:09     -452.917657        0.024184
BFGS:  633 05:05:09     -452.918316        0.024107
BFGS:  634 05:05:10     -452.918978        0.024049
BFGS:  635 05:05:10     -452.919855        0.023947
BFGS:  636 05:05:10     -452.921154        0.023526
BFGS:  637 05:05:10     -452.922873        0.030515
BFGS:  638 05:05:11     -452.924614        0.037280
BFGS:  639 05:05:11     -452.925958        0.035768
BFGS:  640 05:05:11     -452.927011        0.031407
BFGS:  641 05:05:11     -452.928159        0.025099
BFGS:  642 05:05:12     -452.929688        0.023102
BFGS:  643 05:05:12     -452.931609        0.022417
BFGS:  644 05:05:12     -452.933573        0.023869
BFGS:  645 05:05:12     -452.935167        0.026616
BFGS:  646 05:05:13     -452.936378        0.028748
BFGS:  647 05:05:13     -452.937510        0.027190
BFGS:  648 05:05:13     -452.938897        0.027523
BFGS:  649 05:05:13     -452.940774        0.028469
BFGS:  650 05:05:14     -452.943119        0.035916
BFGS:  651 05:05:14     -452.945525        0.042262
BFGS:  652 05:05:14     -452.947506        0.042185
BFGS:  653 05:05:14     -452.948999        0.035641
BFGS:  654 05:05:15     -452.950286        0.031071
BFGS:  655 05:05:15     -452.951621        0.025013
BFGS:  656 05:05:15     -452.952989        0.018969
BFGS:  657 05:05:16     -452.954184        0.018859
BFGS:  658 05:05:16     -452.955069        0.021460
BFGS:  659 05:05:16     -452.955717        0.020847
BFGS:  660 05:05:16     -452.956263        0.019972
BFGS:  661 05:05:17     -452.956775        0.017301
BFGS:  662 05:05:17     -452.957234        0.012712
BFGS:  663 05:05:17     -452.957611        0.009741
BFGS:  664 05:05:17     -452.957910        0.010186
BFGS:  665 05:05:18     -452.958144        0.010179
BFGS:  666 05:05:18     -452.958319        0.009709
BFGS:  667 05:05:18     -452.958458        0.009074
BFGS:  668 05:05:18     -452.958592        0.007618
BFGS:  669 05:05:19     -452.958738        0.005971
BFGS:  670 05:05:19     -452.958865        0.006059
BFGS:  671 05:05:19     -452.958940        0.006201
BFGS:  672 05:05:19     -452.958982        0.006273
BFGS:  673 05:05:20     -452.959023        0.005661
BFGS:  674 05:05:20     -452.959086        0.004185
BFGS:  675 05:05:20     -452.959162        0.003467
BFGS:  676 05:05:20     -452.959220        0.004120
BFGS:  677 05:05:21     -452.959250        0.004586
BFGS:  678 05:05:21     -452.959271        0.004595
BFGS:  679 05:05:21     -452.959301        0.004102
BFGS:  680 05:05:21     -452.959349        0.003086
BFGS:  681 05:05:22     -452.959408        0.003758
BFGS:  682 05:05:22     -452.959453        0.004911
BFGS:  683 05:05:22     -452.959479        0.004660
BFGS:  684 05:05:22     -452.959497        0.004015
BFGS:  685 05:05:23     -452.959522        0.003225
BFGS:  686 05:05:23     -452.959555        0.002774
BFGS:  687 05:05:23     -452.959587        0.003677
BFGS:  688 05:05:23     -452.959605        0.004595
BFGS:  689 05:05:24     -452.959616        0.004203
BFGS:  690 05:05:24     -452.959625        0.003243
BFGS:  691 05:05:24     -452.959638        0.002064
BFGS:  692 05:05:24     -452.959655        0.001835
BFGS:  693 05:05:25     -452.959668        0.001970
BFGS:  694 05:05:25     -452.959675        0.002215
BFGS:  695 05:05:25     -452.959678        0.001978
BFGS:  696 05:05:25     -452.959682        0.001623
BFGS:  697 05:05:26     -452.959688        0.001341
BFGS:  698 05:05:26     -452.959694        0.001364
BFGS:  699 05:05:26     -452.959699        0.001958
BFGS:  700 05:05:26     -452.959701        0.002098
BFGS:  701 05:05:27     -452.959704        0.001953
BFGS:  702 05:05:27     -452.959708        0.001690
BFGS:  703 05:05:27     -452.959714        0.001346
BFGS:  704 05:05:27     -452.959720        0.001090
BFGS:  705 05:05:28     -452.959724        0.001204
BFGS:  706 05:05:28     -452.959726        0.001203
BFGS:  707 05:05:28     -452.959727        0.001159
BFGS:  708 05:05:28     -452.959729        0.001032
BFGS:  709 05:05:29     -452.959732        0.000792
