      Step     Time          Energy          fmax
BFGS:    0 03:19:55      -39.142415       31.036023
BFGS:    1 03:19:55     -119.071157       11.127381
BFGS:    2 03:19:55     -151.498077        6.022866
BFGS:    3 03:19:55     -169.428781        2.925990
BFGS:    4 03:19:55     -178.007033        1.459946
BFGS:    5 03:19:56     -182.574783        1.328633
BFGS:    6 03:19:56     -184.995310        1.335118
BFGS:    7 03:19:56     -186.921645        1.274533
BFGS:    8 03:19:56     -188.734226        1.141064
BFGS:    9 03:19:56     -190.280190        1.014787
BFGS:   10 03:19:56     -191.945709        0.864820
BFGS:   11 03:19:56     -192.975255        0.771721
BFGS:   12 03:19:56     -193.448996        0.722389
BFGS:   13 03:19:57     -194.123034        0.716686
BFGS:   14 03:19:57     -194.970115        0.635906
BFGS:   15 03:19:57     -195.400159        0.642762
BFGS:   16 03:19:57     -195.573567        0.651489
BFGS:   17 03:19:57     -195.824047        0.660669
BFGS:   18 03:19:57     -196.179843        0.669392
BFGS:   19 03:19:57     -196.524941        0.671173
BFGS:   20 03:19:57     -196.769692        0.666742
BFGS:   21 03:19:58     -196.874114        0.663855
BFGS:   22 03:19:58     -196.930900        0.660697
BFGS:   23 03:19:58     -197.045370        0.648826
BFGS:   24 03:19:58     -197.160534        0.628662
BFGS:   25 03:19:58     -197.252983        0.604573
BFGS:   26 03:19:58     -197.317912        0.584739
BFGS:   27 03:19:58     -197.406844        0.559496
BFGS:   28 03:19:58     -197.526425        0.530973
BFGS:   29 03:19:59     -197.657686        0.504382
BFGS:   30 03:19:59     -197.793143        0.479699
BFGS:   31 03:19:59     -197.923528        0.456966
BFGS:   32 03:19:59     -198.042064        0.436273
BFGS:   33 03:19:59     -198.144630        0.417912
BFGS:   34 03:19:59     -198.230581        0.402252
BFGS:   35 03:19:59     -198.304963        0.389505
BFGS:   36 03:19:59     -198.377125        0.379436
BFGS:   37 03:20:00     -198.454038        0.371442
BFGS:   38 03:20:00     -198.537299        0.364837
BFGS:   39 03:20:00     -198.625539        0.359046
BFGS:   40 03:20:00     -198.718057        0.353850
BFGS:   41 03:20:00     -198.814589        0.349241
BFGS:   42 03:20:00     -198.914763        0.345275
BFGS:   43 03:20:00     -199.017504        0.341947
BFGS:   44 03:20:00     -199.120993        0.339152
BFGS:   45 03:20:01     -199.223156        0.336716
BFGS:   46 03:20:01     -199.321979        0.334427
BFGS:   47 03:20:01     -199.415888        0.332069
BFGS:   48 03:20:01     -199.504739        0.329677
BFGS:   49 03:20:01     -199.588322        0.327324
BFGS:   50 03:20:01     -199.666342        0.325062
BFGS:   51 03:20:01     -199.738704        0.322914
BFGS:   52 03:20:01     -199.805684        0.320873
BFGS:   53 03:20:02     -199.867942        0.318923
BFGS:   54 03:20:02     -199.926438        0.317056
BFGS:   55 03:20:02     -199.982293        0.315257
BFGS:   56 03:20:02     -200.036661        0.313480
BFGS:   57 03:20:02     -200.090578        0.311472
BFGS:   58 03:20:02     -200.145033        0.309029
BFGS:   59 03:20:02     -200.200804        0.306041
BFGS:   60 03:20:02     -200.258347        0.302403
BFGS:   61 03:20:03     -200.317879        0.298057
BFGS:   62 03:20:03     -200.379437        0.292984
BFGS:   63 03:20:03     -200.443123        0.287245
BFGS:   64 03:20:03     -200.508922        0.284595
BFGS:   65 03:20:03     -200.576720        0.302091
BFGS:   66 03:20:03     -200.646408        0.316127
BFGS:   67 03:20:03     -200.718124        0.326588
BFGS:   68 03:20:03     -200.792000        0.333323
BFGS:   69 03:20:03     -200.868066        0.336112
BFGS:   70 03:20:04     -200.946095        0.334659
BFGS:   71 03:20:04     -201.025488        0.328583
BFGS:   72 03:20:04     -201.105190        0.317441
BFGS:   73 03:20:04     -201.183767        0.300762
BFGS:   74 03:20:04     -201.259724        0.278095
BFGS:   75 03:20:04     -201.331978        0.249026
BFGS:   76 03:20:04     -201.400138        0.213162
BFGS:   77 03:20:04     -201.464718        0.218073
BFGS:   78 03:20:05     -201.527153        0.240332
BFGS:   79 03:20:05     -201.569581        0.248688
BFGS:   80 03:20:05     -201.616964        0.238056
BFGS:   81 03:20:05     -201.701252        0.196091
BFGS:   82 03:20:05     -201.771486        0.182186
BFGS:   83 03:20:05     -201.828573        0.183407
BFGS:   84 03:20:05     -201.870202        0.166037
BFGS:   85 03:20:05     -201.901179        0.150459
BFGS:   86 03:20:06     -201.927846        0.136901
BFGS:   87 03:20:06     -201.952371        0.125337
BFGS:   88 03:20:06     -201.975287        0.127851
BFGS:   89 03:20:06     -201.996707        0.128594
BFGS:   90 03:20:06     -202.016593        0.127524
BFGS:   91 03:20:06     -202.035072        0.124437
BFGS:   92 03:20:06     -202.052754        0.118837
BFGS:   93 03:20:06     -202.070882        0.126139
BFGS:   94 03:20:07     -202.091304        0.161312
BFGS:   95 03:20:07     -202.116909        0.191830
BFGS:   96 03:20:07     -202.151277        0.209710
BFGS:   97 03:20:07     -202.181693        0.183987
BFGS:   98 03:20:07     -202.204054        0.117721
BFGS:   99 03:20:07     -202.214199        0.057478
BFGS:  100 03:20:07     -202.218420        0.053210
BFGS:  101 03:20:07     -202.224181        0.052586
BFGS:  102 03:20:07     -202.230123        0.076697
BFGS:  103 03:20:08     -202.236748        0.104528
BFGS:  104 03:20:08     -202.243818        0.109688
BFGS:  105 03:20:08     -202.254088        0.094372
BFGS:  106 03:20:08     -202.268740        0.057446
BFGS:  107 03:20:08     -202.282449        0.045653
BFGS:  108 03:20:08     -202.289237        0.052225
BFGS:  109 03:20:08     -202.292102        0.051815
BFGS:  110 03:20:08     -202.294836        0.049012
BFGS:  111 03:20:09     -202.300398        0.047730
BFGS:  112 03:20:09     -202.311493        0.049724
BFGS:  113 03:20:09     -202.329320        0.052161
BFGS:  114 03:20:09     -202.345136        0.053507
BFGS:  115 03:20:09     -202.351338        0.052813
BFGS:  116 03:20:09     -202.353900        0.052052
BFGS:  117 03:20:09     -202.356655        0.051721
BFGS:  118 03:20:09     -202.361164        0.051881
BFGS:  119 03:20:10     -202.367372        0.052736
BFGS:  120 03:20:10     -202.374649        0.054107
BFGS:  121 03:20:10     -202.381511        0.055337
BFGS:  122 03:20:10     -202.386712        0.055920
BFGS:  123 03:20:10     -202.390002        0.055784
BFGS:  124 03:20:10     -202.392400        0.055122
BFGS:  125 03:20:10     -202.394708        0.054021
BFGS:  126 03:20:10     -202.397344        0.052776
BFGS:  127 03:20:11     -202.400812        0.051824
BFGS:  128 03:20:11     -202.405533        0.051788
BFGS:  129 03:20:11     -202.412433        0.054720
BFGS:  130 03:20:11     -202.422193        0.056897
BFGS:  131 03:20:11     -202.430046        0.060443
BFGS:  132 03:20:11     -202.436285        0.063481
BFGS:  133 03:20:11     -202.441255        0.066336
BFGS:  134 03:20:11     -202.444309        0.068939
BFGS:  135 03:20:12     -202.445383        0.069057
BFGS:  136 03:20:12     -202.448483        0.068012
BFGS:  137 03:20:12     -202.452011        0.065866
BFGS:  138 03:20:12     -202.458166        0.064079
BFGS:  139 03:20:12     -202.464090        0.062547
BFGS:  140 03:20:12     -202.468000        0.061592
BFGS:  141 03:20:12     -202.470100        0.061862
BFGS:  142 03:20:12     -202.472797        0.062536
BFGS:  143 03:20:12     -202.478706        0.064223
BFGS:  144 03:20:13     -202.492233        0.067575
BFGS:  145 03:20:13     -202.512347        0.089382
BFGS:  146 03:20:13     -202.532569        0.097937
BFGS:  147 03:20:13     -202.552941        0.096340
BFGS:  148 03:20:13     -202.572608        0.086106
BFGS:  149 03:20:13     -202.590119        0.088341
BFGS:  150 03:20:13     -202.603605        0.092791
BFGS:  151 03:20:13     -202.610091        0.095256
BFGS:  152 03:20:14     -202.613726        0.094573
BFGS:  153 03:20:14     -202.621931        0.090689
BFGS:  154 03:20:14     -202.633539        0.084412
BFGS:  155 03:20:14     -202.654979        0.091686
BFGS:  156 03:20:14     -202.678759        0.097594
BFGS:  157 03:20:14     -202.700673        0.097925
BFGS:  158 03:20:14     -202.719987        0.095694
BFGS:  159 03:20:14     -202.737416        0.091678
BFGS:  160 03:20:15     -202.752934        0.087234
BFGS:  161 03:20:15     -202.766841        0.088248
BFGS:  162 03:20:15     -202.779244        0.091238
BFGS:  163 03:20:15     -202.790401        0.093131
BFGS:  164 03:20:15     -202.800330        0.094040
BFGS:  165 03:20:15     -202.809329        0.094306
BFGS:  166 03:20:15     -202.817584        0.094300
BFGS:  167 03:20:15     -202.825286        0.093873
BFGS:  168 03:20:16     -202.832427        0.093354
BFGS:  169 03:20:16     -202.839495        0.091707
BFGS:  170 03:20:16     -202.846195        0.090716
BFGS:  171 03:20:16     -202.853994        0.086135
BFGS:  172 03:20:16     -202.861815        0.084015
BFGS:  173 03:20:16     -202.872624        0.076952
BFGS:  174 03:20:16     -202.885841        0.073995
BFGS:  175 03:20:16     -202.904727        0.076183
BFGS:  176 03:20:17     -202.927451        0.076239
BFGS:  177 03:20:17     -202.945623        0.085851
BFGS:  178 03:20:17     -202.955270        0.090936
BFGS:  179 03:20:17     -202.961380        0.087618
BFGS:  180 03:20:17     -202.967466        0.079771
BFGS:  181 03:20:17     -202.973460        0.071615
BFGS:  182 03:20:17     -202.989393        0.053772
BFGS:  183 03:20:17     -203.008305        0.041932
BFGS:  184 03:20:17     -203.018905        0.041942
BFGS:  185 03:20:18     -203.027354        0.045271
BFGS:  186 03:20:18     -203.034138        0.049303
BFGS:  187 03:20:18     -203.039365        0.051855
BFGS:  188 03:20:18     -203.043214        0.052924
BFGS:  189 03:20:18     -203.046329        0.052401
BFGS:  190 03:20:18     -203.049812        0.049927
BFGS:  191 03:20:18     -203.057245        0.047554
BFGS:  192 03:20:18     -203.069319        0.050692
BFGS:  193 03:20:19     -203.087478        0.044332
BFGS:  194 03:20:19     -203.095930        0.035166
BFGS:  195 03:20:19     -203.099129        0.034292
BFGS:  196 03:20:19     -203.100104        0.034200
BFGS:  197 03:20:19     -203.101072        0.034282
BFGS:  198 03:20:19     -203.102419        0.034386
BFGS:  199 03:20:19     -203.104250        0.034612
BFGS:  200 03:20:19     -203.106880        0.034647
BFGS:  201 03:20:20     -203.111657        0.036800
BFGS:  202 03:20:20     -203.114768        0.037691
BFGS:  203 03:20:20     -203.115915        0.037040
BFGS:  204 03:20:20     -203.116330        0.036485
BFGS:  205 03:20:20     -203.116749        0.036117
BFGS:  206 03:20:20     -203.117751        0.035771
BFGS:  207 03:20:20     -203.119706        0.035655
BFGS:  208 03:20:20     -203.123089        0.036689
BFGS:  209 03:20:21     -203.126675        0.037590
BFGS:  210 03:20:21     -203.128950        0.037938
BFGS:  211 03:20:21     -203.129766        0.038210
BFGS:  212 03:20:21     -203.130162        0.038015
BFGS:  213 03:20:21     -203.130778        0.037717
BFGS:  214 03:20:21     -203.132050        0.036407
BFGS:  215 03:20:21     -203.134565        0.034424
BFGS:  216 03:20:21     -203.138065        0.034061
BFGS:  217 03:20:22     -203.140930        0.034848
BFGS:  218 03:20:22     -203.142617        0.035188
BFGS:  219 03:20:22     -203.143249        0.034853
BFGS:  220 03:20:22     -203.144255        0.033618
BFGS:  221 03:20:22     -203.146477        0.034812
BFGS:  222 03:20:22     -203.147728        0.039152
BFGS:  223 03:20:22     -203.151704        0.038823
BFGS:  224 03:20:22     -203.158598        0.035161
BFGS:  225 03:20:23     -203.163768        0.035176
BFGS:  226 03:20:23     -203.170221        0.038124
BFGS:  227 03:20:23     -203.175279        0.029587
BFGS:  228 03:20:23     -203.178578        0.029959
BFGS:  229 03:20:23     -203.180366        0.029117
BFGS:  230 03:20:23     -203.181062        0.028139
BFGS:  231 03:20:23     -203.182690        0.028553
BFGS:  232 03:20:23     -203.185768        0.047846
BFGS:  233 03:20:24     -203.192685        0.074740
BFGS:  234 03:20:24     -203.204340        0.092633
BFGS:  235 03:20:24     -203.217367        0.083248
BFGS:  236 03:20:24     -203.228190        0.062250
BFGS:  237 03:20:24     -203.235446        0.037470
BFGS:  238 03:20:24     -203.236846        0.027295
BFGS:  239 03:20:24     -203.237655        0.027528
BFGS:  240 03:20:24     -203.238254        0.026726
BFGS:  241 03:20:24     -203.238799        0.026272
BFGS:  242 03:20:25     -203.241902        0.023645
BFGS:  243 03:20:25     -203.245558        0.021102
BFGS:  244 03:20:25     -203.250777        0.022711
BFGS:  245 03:20:25     -203.254426        0.015216
BFGS:  246 03:20:25     -203.255291        0.012597
BFGS:  247 03:20:25     -203.255466        0.011955
BFGS:  248 03:20:25     -203.255595        0.011785
BFGS:  249 03:20:25     -203.255880        0.011484
BFGS:  250 03:20:26     -203.256535        0.013196
BFGS:  251 03:20:26     -203.257884        0.020368
BFGS:  252 03:20:26     -203.260055        0.025298
BFGS:  253 03:20:26     -203.262199        0.022547
BFGS:  254 03:20:26     -203.263198        0.015483
BFGS:  255 03:20:26     -203.263442        0.014911
BFGS:  256 03:20:26     -203.263549        0.013917
BFGS:  257 03:20:26     -203.263727        0.011015
BFGS:  258 03:20:27     -203.264021        0.010849
BFGS:  259 03:20:27     -203.264401        0.015287
BFGS:  260 03:20:27     -203.264737        0.021539
BFGS:  261 03:20:27     -203.265014        0.027011
BFGS:  262 03:20:27     -203.265362        0.029295
BFGS:  263 03:20:27     -203.265999        0.028751
BFGS:  264 03:20:27     -203.267091        0.023242
BFGS:  265 03:20:27     -203.268405        0.016358
BFGS:  266 03:20:28     -203.269238        0.015786
BFGS:  267 03:20:28     -203.269462        0.011653
BFGS:  268 03:20:28     -203.269511        0.008600
BFGS:  269 03:20:28     -203.269560        0.007166
BFGS:  270 03:20:28     -203.269644        0.006426
BFGS:  271 03:20:28     -203.269745        0.010909
BFGS:  272 03:20:28     -203.269838        0.016117
BFGS:  273 03:20:28     -203.269921        0.017401
BFGS:  274 03:20:29     -203.270025        0.015118
BFGS:  275 03:20:29     -203.270170        0.010197
BFGS:  276 03:20:29     -203.270324        0.009442
BFGS:  277 03:20:29     -203.270422        0.010035
BFGS:  278 03:20:29     -203.270464        0.010604
BFGS:  279 03:20:29     -203.270490        0.009007
BFGS:  280 03:20:29     -203.270517        0.005379
BFGS:  281 03:20:29     -203.270535        0.004685
BFGS:  282 03:20:30     -203.270542        0.004756
BFGS:  283 03:20:30     -203.270545        0.004773
BFGS:  284 03:20:30     -203.270548        0.004772
BFGS:  285 03:20:30     -203.270552        0.004748
BFGS:  286 03:20:30     -203.270560        0.005850
BFGS:  287 03:20:30     -203.270570        0.009280
BFGS:  288 03:20:30     -203.270586        0.011552
BFGS:  289 03:20:30     -203.270608        0.011473
BFGS:  290 03:20:31     -203.270636        0.008199
BFGS:  291 03:20:31     -203.270671        0.006453
BFGS:  292 03:20:31     -203.270707        0.007764
BFGS:  293 03:20:31     -203.270747        0.011637
BFGS:  294 03:20:31     -203.270806        0.015621
BFGS:  295 03:20:35     -203.270916        0.018038
BFGS:  296 03:20:35     -203.271130        0.020189
BFGS:  297 03:20:35     -203.271487        0.018864
BFGS:  298 03:20:35     -203.271905        0.018811
BFGS:  299 03:20:35     -203.272200        0.019544
BFGS:  300 03:20:36     -203.272356        0.017514
BFGS:  301 03:20:36     -203.272475        0.014172
BFGS:  302 03:20:36     -203.272623        0.012196
BFGS:  303 03:20:36     -203.272775        0.011369
BFGS:  304 03:20:36     -203.272874        0.014316
BFGS:  305 03:20:36     -203.272925        0.013755
BFGS:  306 03:20:36     -203.272964        0.010327
BFGS:  307 03:20:36     -203.273009        0.005190
BFGS:  308 03:20:37     -203.273048        0.007490
BFGS:  309 03:20:37     -203.273071        0.007600
BFGS:  310 03:20:37     -203.273082        0.005598
BFGS:  311 03:20:37     -203.273091        0.003889
BFGS:  312 03:20:37     -203.273099        0.001961
BFGS:  313 03:20:37     -203.273105        0.002382
BFGS:  314 03:20:37     -203.273107        0.002224
BFGS:  315 03:20:37     -203.273108        0.001545
BFGS:  316 03:20:38     -203.273110        0.001541
BFGS:  317 03:20:38     -203.273112        0.001773
BFGS:  318 03:20:38     -203.273114        0.002556
BFGS:  319 03:20:38     -203.273115        0.002589
BFGS:  320 03:20:38     -203.273117        0.001850
BFGS:  321 03:20:38     -203.273117        0.001484
BFGS:  322 03:20:38     -203.273118        0.001478
BFGS:  323 03:20:38     -203.273119        0.001587
BFGS:  324 03:20:39     -203.273120        0.002099
BFGS:  325 03:20:39     -203.273121        0.002207
BFGS:  326 03:20:39     -203.273122        0.001745
BFGS:  327 03:20:39     -203.273124        0.001512
BFGS:  328 03:20:39     -203.273125        0.001480
BFGS:  329 03:20:39     -203.273126        0.001548
BFGS:  330 03:20:39     -203.273128        0.002121
BFGS:  331 03:20:39     -203.273131        0.002509
BFGS:  332 03:20:40     -203.273135        0.002490
BFGS:  333 03:20:40     -203.273142        0.002296
BFGS:  334 03:20:40     -203.273149        0.002726
BFGS:  335 03:20:40     -203.273153        0.002859
BFGS:  336 03:20:40     -203.273158        0.002785
BFGS:  337 03:20:40     -203.273165        0.002584
BFGS:  338 03:20:40     -203.273177        0.004071
BFGS:  339 03:20:40     -203.273193        0.006225
BFGS:  340 03:20:41     -203.273207        0.006756
BFGS:  341 03:20:41     -203.273218        0.005746
BFGS:  342 03:20:41     -203.273226        0.003843
BFGS:  343 03:20:41     -203.273234        0.003038
BFGS:  344 03:20:41     -203.273241        0.003792
BFGS:  345 03:20:41     -203.273246        0.004107
BFGS:  346 03:20:41     -203.273250        0.003145
BFGS:  347 03:20:41     -203.273255        0.002577
BFGS:  348 03:20:42     -203.273262        0.003231
BFGS:  349 03:20:42     -203.273267        0.003987
BFGS:  350 03:20:42     -203.273270        0.003485
BFGS:  351 03:20:42     -203.273272        0.002145
BFGS:  352 03:20:42     -203.273273        0.001200
BFGS:  353 03:20:42     -203.273275        0.001426
BFGS:  354 03:20:42     -203.273276        0.002174
BFGS:  355 03:20:42     -203.273277        0.002318
BFGS:  356 03:20:43     -203.273278        0.001888
BFGS:  357 03:20:43     -203.273280        0.000958
