      Step     Time          Energy          fmax
BFGS:    0 01:12:39      -28.201605        9.103972
BFGS:    1 01:12:39      -34.598317        5.653755
BFGS:    2 01:12:39      -41.329304        3.363682
BFGS:    3 01:12:39      -44.880027        2.118674
BFGS:    4 01:12:39      -46.245110        1.363646
BFGS:    5 01:12:39      -46.554545        1.042097
BFGS:    6 01:12:39      -46.669204        0.881650
BFGS:    7 01:12:39      -46.788266        0.746185
BFGS:    8 01:12:39      -46.998454        0.589956
BFGS:    9 01:12:39      -47.278801        0.487692
BFGS:   10 01:12:40      -47.580944        0.464102
BFGS:   11 01:12:40      -47.867856        0.549139
BFGS:   12 01:12:40      -48.011353        0.624899
BFGS:   13 01:12:40      -48.102649        0.733928
BFGS:   14 01:12:40      -48.178232        0.773373
BFGS:   15 01:12:40      -48.354722        0.795636
BFGS:   16 01:12:40      -48.638633        0.772314
BFGS:   17 01:12:40      -48.846499        0.728132
BFGS:   18 01:12:40      -49.027929        0.678057
BFGS:   19 01:12:40      -49.189820        0.626799
BFGS:   20 01:12:40      -49.333595        0.575804
BFGS:   21 01:12:40      -49.460495        0.526827
BFGS:   22 01:12:40      -49.572301        0.481599
BFGS:   23 01:12:40      -49.671136        0.440505
BFGS:   24 01:12:40      -49.758443        0.403148
BFGS:   25 01:12:40      -49.834541        0.385251
BFGS:   26 01:12:40      -49.899866        0.375755
BFGS:   27 01:12:40      -49.955989        0.360867
BFGS:   28 01:12:40      -50.005658        0.342633
BFGS:   29 01:12:40      -50.050539        0.326694
BFGS:   30 01:12:40      -50.090957        0.328457
BFGS:   31 01:12:40      -50.130259        0.345721
BFGS:   32 01:12:40      -50.171528        0.357654
BFGS:   33 01:12:41      -50.219939        0.362141
BFGS:   34 01:12:41      -50.285697        0.348279
BFGS:   35 01:12:41      -50.337866        0.312910
BFGS:   36 01:12:41      -50.379753        0.256959
BFGS:   37 01:12:41      -50.398406        0.229804
BFGS:   38 01:12:41      -50.408822        0.230619
BFGS:   39 01:12:41      -50.416196        0.238804
BFGS:   40 01:12:41      -50.431502        0.245301
BFGS:   41 01:12:41      -50.451390        0.240436
BFGS:   42 01:12:41      -50.477429        0.226840
BFGS:   43 01:12:41      -50.504857        0.211891
BFGS:   44 01:12:41      -50.536659        0.216095
BFGS:   45 01:12:41      -50.557236        0.253368
BFGS:   46 01:12:41      -50.584394        0.278852
BFGS:   47 01:12:41      -50.631187        0.283940
BFGS:   48 01:12:41      -50.696066        0.281134
BFGS:   49 01:12:41      -50.772610        0.297276
BFGS:   50 01:12:41      -50.848936        0.305447
BFGS:   51 01:12:42      -50.914667        0.311697
BFGS:   52 01:12:42      -50.971093        0.311615
BFGS:   53 01:12:42      -51.020974        0.307447
BFGS:   54 01:12:42      -51.065755        0.301457
BFGS:   55 01:12:42      -51.105153        0.295051
BFGS:   56 01:12:50      -51.140671        0.285389
BFGS:   57 01:12:51      -51.173992        0.270495
BFGS:   58 01:12:51      -51.204044        0.252368
BFGS:   59 01:12:51      -51.229714        0.236566
BFGS:   60 01:12:51      -51.250789        0.225551
BFGS:   61 01:12:51      -51.268545        0.213734
BFGS:   62 01:12:51      -51.286322        0.208747
BFGS:   63 01:12:51      -51.306413        0.211471
BFGS:   64 01:12:51      -51.328382        0.201819
BFGS:   65 01:12:51      -51.354520        0.180776
BFGS:   66 01:12:51      -51.387467        0.150356
BFGS:   67 01:12:51      -51.421536        0.110618
BFGS:   68 01:12:51      -51.430985        0.097025
BFGS:   69 01:12:51      -51.437489        0.084640
BFGS:   70 01:12:51      -51.439805        0.082086
BFGS:   71 01:12:51      -51.441141        0.081979
BFGS:   72 01:12:51      -51.447959        0.080439
BFGS:   73 01:12:51      -51.456624        0.075978
BFGS:   74 01:12:51      -51.470096        0.084603
BFGS:   75 01:12:53      -51.479185        0.067190
BFGS:   76 01:12:53      -51.483450        0.062093
BFGS:   77 01:12:53      -51.484540        0.062101
BFGS:   78 01:12:53      -51.485157        0.063706
BFGS:   79 01:12:53      -51.486483        0.066821
BFGS:   80 01:12:53      -51.488704        0.069795
BFGS:   81 01:12:53      -51.492035        0.069773
BFGS:   82 01:12:53      -51.494893        0.062769
BFGS:   83 01:12:53      -51.496461        0.062294
BFGS:   84 01:12:53      -51.497790        0.067519
BFGS:   85 01:12:53      -51.499952        0.069992
BFGS:   86 01:12:53      -51.504529        0.085557
BFGS:   87 01:12:53      -51.512553        0.112678
BFGS:   88 01:12:53      -51.522286        0.115353
BFGS:   89 01:12:53      -51.529601        0.084227
BFGS:   90 01:12:53      -51.531568        0.055018
BFGS:   91 01:12:53      -51.532272        0.043333
BFGS:   92 01:12:53      -51.533159        0.041959
BFGS:   93 01:12:53      -51.534679        0.039505
BFGS:   94 01:12:54      -51.537267        0.051654
BFGS:   95 01:12:54      -51.539986        0.087033
BFGS:   96 01:12:54      -51.541886        0.095438
BFGS:   97 01:12:54      -51.543386        0.084896
BFGS:   98 01:12:54      -51.544656        0.068096
BFGS:   99 01:12:54      -51.546138        0.069378
BFGS:  100 01:12:54      -51.549783        0.066573
BFGS:  101 01:12:54      -51.550662        0.068580
BFGS:  102 01:12:54      -51.552023        0.075576
BFGS:  103 01:12:54      -51.553772        0.074573
BFGS:  104 01:12:54      -51.557791        0.065103
BFGS:  105 01:12:54      -51.561882        0.094144
BFGS:  106 01:12:54      -51.564626        0.114714
BFGS:  107 01:12:54      -51.566320        0.107701
BFGS:  108 01:12:54      -51.567655        0.078330
BFGS:  109 01:12:54      -51.570508        0.058397
BFGS:  110 01:12:54      -51.572112        0.068137
BFGS:  111 01:12:54      -51.573675        0.095057
BFGS:  112 01:12:54      -51.574997        0.093748
BFGS:  113 01:12:54      -51.576929        0.071575
BFGS:  114 01:12:55      -51.578942        0.040582
BFGS:  115 01:12:55      -51.580579        0.036602
BFGS:  116 01:12:55      -51.581470        0.045876
BFGS:  117 01:12:57      -51.581954        0.043969
BFGS:  118 01:12:57      -51.582420        0.034363
BFGS:  119 01:12:57      -51.583260        0.025608
BFGS:  120 01:12:57      -51.584403        0.026433
BFGS:  121 01:12:57      -51.585109        0.038610
BFGS:  122 01:12:57      -51.585403        0.039337
BFGS:  123 01:12:57      -51.585683        0.035673
BFGS:  124 01:12:57      -51.586151        0.028883
BFGS:  125 01:12:57      -51.586716        0.020492
BFGS:  126 01:12:57      -51.587088        0.011676
BFGS:  127 01:12:58      -51.587185        0.004914
BFGS:  128 01:12:58      -51.587198        0.004081
BFGS:  129 01:12:58      -51.587201        0.003944
BFGS:  130 01:12:58      -51.587206        0.003675
BFGS:  131 01:12:58      -51.587212        0.003665
BFGS:  132 01:12:58      -51.587222        0.003638
BFGS:  133 01:12:58      -51.587234        0.003500
BFGS:  134 01:12:58      -51.587245        0.003795
BFGS:  135 01:12:58      -51.587252        0.004322
BFGS:  136 01:12:58      -51.587257        0.005030
BFGS:  137 01:12:58      -51.587266        0.005576
BFGS:  138 01:12:58      -51.587282        0.005618
BFGS:  139 01:12:58      -51.587304        0.004253
BFGS:  140 01:12:58      -51.587320        0.003906
BFGS:  141 01:12:58      -51.587327        0.003609
BFGS:  142 01:12:58      -51.587330        0.003597
BFGS:  143 01:12:58      -51.587335        0.003560
BFGS:  144 01:12:58      -51.587348        0.003817
BFGS:  145 01:12:58      -51.587378        0.005696
BFGS:  146 01:12:58      -51.587438        0.007625
BFGS:  147 01:12:59      -51.587520        0.007263
BFGS:  148 01:12:59      -51.587576        0.004532
BFGS:  149 01:12:59      -51.587592        0.004034
BFGS:  150 01:12:59      -51.587598        0.003614
BFGS:  151 01:12:59      -51.587604        0.002847
BFGS:  152 01:12:59      -51.587607        0.002505
BFGS:  153 01:12:59      -51.587614        0.001612
BFGS:  154 01:12:59      -51.587620        0.001045
BFGS:  155 01:12:59      -51.587625        0.001043
BFGS:  156 01:12:59      -51.587627        0.000755
