      Step     Time          Energy          fmax
BFGS:    0 13:26:31      -45.822677        1.814562
BFGS:    1 13:26:31      -46.106337        1.763653
BFGS:    2 13:26:31      -47.508006        1.490278
BFGS:    3 13:26:31      -48.054907        1.347337
BFGS:    4 13:26:31      -48.303485        1.255079
BFGS:    5 13:26:31      -48.697845        1.099908
BFGS:    6 13:26:31      -49.116354        1.073610
BFGS:    7 13:26:31      -49.539714        1.054108
BFGS:    8 13:26:31      -49.939138        0.993336
BFGS:    9 13:26:31      -50.293933        0.906028
BFGS:   10 13:26:32      -50.591150        0.800772
BFGS:   11 13:26:32      -50.822036        0.683124
BFGS:   12 13:26:32      -50.982974        0.549023
BFGS:   13 13:26:32      -51.064680        0.414157
BFGS:   14 13:26:32      -51.107840        0.281969
BFGS:   15 13:26:32      -51.137464        0.218884
BFGS:   16 13:26:32      -51.151550        0.183636
BFGS:   17 13:26:32      -51.162520        0.137260
BFGS:   18 13:26:32      -51.169899        0.112611
BFGS:   19 13:26:32      -51.177397        0.110270
BFGS:   20 13:26:32      -51.183994        0.116487
BFGS:   21 13:26:32      -51.188176        0.109155
BFGS:   22 13:26:32      -51.191465        0.092719
BFGS:   23 13:26:32      -51.196388        0.063552
BFGS:   24 13:26:32      -51.202439        0.060773
BFGS:   25 13:26:32      -51.206772        0.049480
BFGS:   26 13:26:32      -51.208255        0.049289
BFGS:   27 13:26:32      -51.208742        0.049567
BFGS:   28 13:26:32      -51.209477        0.048723
BFGS:   29 13:26:32      -51.211320        0.046755
BFGS:   30 13:26:32      -51.215587        0.049185
BFGS:   31 13:26:32      -51.223538        0.072583
BFGS:   32 13:26:32      -51.231562        0.068683
BFGS:   33 13:26:33      -51.236374        0.053777
BFGS:   34 13:26:33      -51.237410        0.046618
BFGS:   35 13:26:33      -51.237615        0.045014
BFGS:   36 13:26:33      -51.238129        0.042168
BFGS:   37 13:26:33      -51.239155        0.037700
BFGS:   38 13:26:33      -51.240973        0.044334
BFGS:   39 13:26:33      -51.242911        0.057251
BFGS:   40 13:26:33      -51.243978        0.052588
BFGS:   41 13:26:33      -51.244404        0.043000
BFGS:   42 13:26:33      -51.244805        0.039089
BFGS:   43 13:26:33      -51.245617        0.040303
BFGS:   44 13:26:33      -51.247107        0.035477
BFGS:   45 13:26:33      -51.248980        0.030924
BFGS:   46 13:26:33      -51.250175        0.028049
BFGS:   47 13:26:33      -51.250484        0.024796
BFGS:   48 13:26:33      -51.250563        0.023089
BFGS:   49 13:26:33      -51.250691        0.021304
BFGS:   50 13:26:33      -51.251004        0.019342
BFGS:   51 13:26:33      -51.251716        0.027817
BFGS:   52 13:26:33      -51.253083        0.043423
BFGS:   53 13:26:33      -51.254861        0.050477
BFGS:   54 13:26:33      -51.256090        0.043280
BFGS:   55 13:26:33      -51.256588        0.035474
BFGS:   56 13:26:34      -51.256870        0.032004
BFGS:   57 13:26:34      -51.257360        0.031259
BFGS:   58 13:26:34      -51.258392        0.034389
BFGS:   59 13:26:34      -51.260059        0.036068
BFGS:   60 13:26:34      -51.261664        0.030668
BFGS:   61 13:26:34      -51.262391        0.028940
BFGS:   62 13:26:34      -51.262603        0.029566
BFGS:   63 13:26:34      -51.262760        0.029108
BFGS:   64 13:26:34      -51.263160        0.027803
BFGS:   65 13:26:34      -51.264090        0.030677
BFGS:   66 13:26:34      -51.266127        0.050776
BFGS:   67 13:26:34      -51.269228        0.062993
BFGS:   68 13:26:34      -51.271964        0.048688
BFGS:   69 13:26:34      -51.273357        0.029100
BFGS:   70 13:26:34      -51.273671        0.024740
BFGS:   71 13:26:34      -51.273822        0.022732
BFGS:   72 13:26:34      -51.274326        0.023237
BFGS:   73 13:26:34      -51.275088        0.035206
BFGS:   74 13:26:34      -51.276240        0.062325
BFGS:   75 13:26:34      -51.277345        0.087083
BFGS:   76 13:26:34      -51.278210        0.092339
BFGS:   77 13:26:34      -51.279092        0.082508
BFGS:   78 13:26:35      -51.280551        0.054199
BFGS:   79 13:26:35      -51.282122        0.030671
BFGS:   80 13:26:35      -51.282963        0.021117
BFGS:   81 13:26:35      -51.283169        0.019185
BFGS:   82 13:26:35      -51.283259        0.018308
BFGS:   83 13:26:35      -51.283350        0.017537
BFGS:   84 13:26:35      -51.283678        0.014924
BFGS:   85 13:26:35      -51.284143        0.028660
BFGS:   86 13:26:35      -51.284712        0.036460
BFGS:   87 13:26:35      -51.285028        0.032533
BFGS:   88 13:26:35      -51.285171        0.025832
BFGS:   89 13:26:35      -51.285295        0.021209
BFGS:   90 13:26:35      -51.285480        0.018460
BFGS:   91 13:26:35      -51.285699        0.023436
BFGS:   92 13:26:35      -51.285884        0.031976
BFGS:   93 13:26:35      -51.286022        0.034258
BFGS:   94 13:26:35      -51.286184        0.033180
BFGS:   95 13:26:35      -51.286447        0.029496
BFGS:   96 13:26:35      -51.286749        0.022046
BFGS:   97 13:26:35      -51.286921        0.011413
BFGS:   98 13:26:35      -51.286962        0.007944
BFGS:   99 13:26:35      -51.286970        0.007831
BFGS:  100 13:26:36      -51.286978        0.007743
BFGS:  101 13:26:36      -51.286996        0.007625
BFGS:  102 13:26:36      -51.287021        0.009112
BFGS:  103 13:26:36      -51.287049        0.011629
BFGS:  104 13:26:36      -51.287073        0.012562
BFGS:  105 13:26:36      -51.287100        0.012766
BFGS:  106 13:26:36      -51.287146        0.013152
BFGS:  107 13:26:36      -51.287228        0.014954
BFGS:  108 13:26:36      -51.287338        0.018351
BFGS:  109 13:26:36      -51.287428        0.020720
BFGS:  110 13:26:36      -51.287479        0.020714
BFGS:  111 13:26:36      -51.287523        0.019767
BFGS:  112 13:26:36      -51.287596        0.018616
BFGS:  113 13:26:36      -51.287708        0.017229
BFGS:  114 13:26:36      -51.287814        0.012902
BFGS:  115 13:26:36      -51.287860        0.006877
BFGS:  116 13:26:36      -51.287871        0.007197
BFGS:  117 13:26:36      -51.287876        0.007306
BFGS:  118 13:26:36      -51.287891        0.007453
BFGS:  119 13:26:36      -51.287923        0.009304
BFGS:  120 13:26:36      -51.287994        0.015869
BFGS:  121 13:26:36      -51.288118        0.021135
BFGS:  122 13:26:36      -51.288259        0.020382
BFGS:  123 13:26:37      -51.288355        0.015080
BFGS:  124 13:26:37      -51.288411        0.014939
BFGS:  125 13:26:37      -51.288474        0.015672
BFGS:  126 13:26:37      -51.288607        0.019318
BFGS:  127 13:26:37      -51.288851        0.025525
BFGS:  128 13:26:37      -51.289152        0.024001
BFGS:  129 13:26:37      -51.289336        0.012049
BFGS:  130 13:26:37      -51.289384        0.006030
BFGS:  131 13:26:37      -51.289393        0.005843
BFGS:  132 13:26:37      -51.289404        0.005841
BFGS:  133 13:26:37      -51.289430        0.006999
BFGS:  134 13:26:37      -51.289484        0.010056
BFGS:  135 13:26:37      -51.289568        0.011079
BFGS:  136 13:26:37      -51.289644        0.007372
BFGS:  137 13:26:37      -51.289677        0.006187
BFGS:  138 13:26:37      -51.289687        0.006339
BFGS:  139 13:26:37      -51.289696        0.006434
BFGS:  140 13:26:37      -51.289718        0.006581
BFGS:  141 13:26:37      -51.289772        0.009512
BFGS:  142 13:26:37      -51.289898        0.014794
BFGS:  143 13:26:37      -51.290144        0.020353
BFGS:  144 13:26:37      -51.290436        0.022855
BFGS:  145 13:26:38      -51.290674        0.019543
BFGS:  146 13:26:38      -51.290823        0.018570
BFGS:  147 13:26:38      -51.290881        0.017620
BFGS:  148 13:26:38      -51.290997        0.016332
BFGS:  149 13:26:38      -51.291311        0.013177
BFGS:  150 13:26:38      -51.291537        0.010403
BFGS:  151 13:26:38      -51.291642        0.010804
BFGS:  152 13:26:38      -51.291674        0.010384
BFGS:  153 13:26:38      -51.291696        0.010211
BFGS:  154 13:26:38      -51.291733        0.009857
BFGS:  155 13:26:38      -51.291794        0.009599
BFGS:  156 13:26:38      -51.291873        0.014977
BFGS:  157 13:26:38      -51.291959        0.022602
BFGS:  158 13:26:38      -51.292033        0.023958
BFGS:  159 13:26:38      -51.292095        0.019007
BFGS:  160 13:26:38      -51.292140        0.010800
BFGS:  161 13:26:38      -51.292175        0.010649
BFGS:  162 13:26:38      -51.292208        0.010343
BFGS:  163 13:26:38      -51.292239        0.010087
BFGS:  164 13:26:38      -51.292265        0.013136
BFGS:  165 13:26:38      -51.292300        0.014708
BFGS:  166 13:26:38      -51.292386        0.016138
BFGS:  167 13:26:38      -51.292577        0.017165
BFGS:  168 13:26:39      -51.292920        0.016315
BFGS:  169 13:26:39      -51.293318        0.013718
BFGS:  170 13:26:39      -51.293666        0.010743
BFGS:  171 13:26:39      -51.293980        0.012840
BFGS:  172 13:26:39      -51.294228        0.021625
BFGS:  173 13:26:39      -51.294365        0.013723
BFGS:  174 13:26:39      -51.294711        0.013385
BFGS:  175 13:26:39      -51.294031        0.023437
BFGS:  176 13:26:39      -51.294972        0.013869
BFGS:  177 13:26:39      -51.295097        0.013374
BFGS:  178 13:26:39      -51.295209        0.014778
BFGS:  179 13:26:39      -51.295370        0.014583
BFGS:  180 13:26:39      -51.295464        0.014669
BFGS:  181 13:26:39      -51.295757        0.014360
BFGS:  182 13:26:39      -51.295987        0.013456
BFGS:  183 13:26:39      -51.296740        0.010888
BFGS:  184 13:26:39      -51.296982        0.008789
BFGS:  185 13:26:39      -51.297100        0.007883
BFGS:  186 13:26:39      -51.297129        0.007049
BFGS:  187 13:26:39      -51.297145        0.006556
BFGS:  188 13:26:39      -51.297159        0.006187
BFGS:  189 13:26:39      -51.297183        0.005557
BFGS:  190 13:26:39      -51.297220        0.005770
BFGS:  191 13:26:40      -51.297264        0.007657
BFGS:  192 13:26:40      -51.297298        0.008585
BFGS:  193 13:26:40      -51.297315        0.007975
BFGS:  194 13:26:40      -51.297324        0.006567
BFGS:  195 13:26:40      -51.297335        0.004312
BFGS:  196 13:26:40      -51.297347        0.002387
BFGS:  197 13:26:40      -51.297353        0.002252
BFGS:  198 13:26:40      -51.297356        0.002269
BFGS:  199 13:26:40      -51.297357        0.002138
BFGS:  200 13:26:40      -51.297360        0.002336
BFGS:  201 13:26:40      -51.297366        0.002604
BFGS:  202 13:26:40      -51.297376        0.002808
BFGS:  203 13:26:40      -51.297389        0.004174
BFGS:  204 13:26:40      -51.297399        0.004773
BFGS:  205 13:26:40      -51.297404        0.004281
BFGS:  206 13:26:40      -51.297409        0.004205
BFGS:  207 13:26:40      -51.297416        0.003803
BFGS:  208 13:26:40      -51.297427        0.004597
BFGS:  209 13:26:40      -51.297438        0.005817
BFGS:  210 13:26:40      -51.297445        0.005947
BFGS:  211 13:26:40      -51.297452        0.005583
BFGS:  212 13:26:40      -51.297463        0.006024
BFGS:  213 13:26:41      -51.297489        0.006348
BFGS:  214 13:26:41      -51.297537        0.006232
BFGS:  215 13:26:41      -51.297604        0.006865
BFGS:  216 13:26:41      -51.297656        0.007576
BFGS:  217 13:26:41      -51.297676        0.007937
BFGS:  218 13:26:41      -51.297687        0.007387
BFGS:  219 13:26:41      -51.297705        0.006213
BFGS:  220 13:26:41      -51.297734        0.006256
BFGS:  221 13:26:41      -51.297770        0.004970
BFGS:  222 13:26:41      -51.297796        0.003538
BFGS:  223 13:26:41      -51.297805        0.002966
BFGS:  224 13:26:41      -51.297809        0.002663
BFGS:  225 13:26:41      -51.297821        0.002923
BFGS:  226 13:26:41      -51.297579        0.009797
BFGS:  227 13:26:41      -51.297833        0.002848
BFGS:  228 13:26:41      -51.297843        0.002811
BFGS:  229 13:26:41      -51.297754        0.004984
BFGS:  230 13:26:41      -51.297861        0.002829
BFGS:  231 13:26:41      -51.297866        0.002882
BFGS:  232 13:26:41      -51.297870        0.002840
BFGS:  233 13:26:41      -51.297871        0.002635
BFGS:  234 13:26:41      -51.297880        0.002125
BFGS:  235 13:26:42      -51.297884        0.002112
BFGS:  236 13:26:42      -51.297889        0.002095
BFGS:  237 13:26:42      -51.297890        0.002043
BFGS:  238 13:26:42      -51.297891        0.001689
BFGS:  239 13:26:42      -51.297891        0.001220
BFGS:  240 13:26:42      -51.297892        0.001078
BFGS:  241 13:26:42      -51.297892        0.000994
