      Step     Time          Energy          fmax
BFGS:    0 00:17:14      -43.441009        1.998645
BFGS:    1 00:17:15      -43.891707        1.738618
BFGS:    2 00:17:15      -45.875269        0.849156
BFGS:    3 00:17:15      -46.323282        0.749729
BFGS:    4 00:17:15      -46.493694        0.725527
BFGS:    5 00:17:15      -46.657724        0.723405
BFGS:    6 00:17:15      -46.954580        0.835009
BFGS:    7 00:17:15      -47.358439        0.836656
BFGS:    8 00:17:15      -47.802986        0.703693
BFGS:    9 00:17:15      -48.081852        0.798371
BFGS:   10 00:17:15      -48.178108        0.655348
BFGS:   11 00:17:15      -48.272245        0.617031
BFGS:   12 00:17:15      -48.551068        0.568037
BFGS:   13 00:17:15      -48.842398        0.572474
BFGS:   14 00:17:15      -49.016248        0.584941
BFGS:   15 00:17:15      -49.115350        0.550517
BFGS:   16 00:17:15      -49.178265        0.503575
BFGS:   17 00:17:15      -49.284671        0.433648
BFGS:   18 00:17:15      -49.484098        0.456645
BFGS:   19 00:17:15      -49.709547        0.431099
BFGS:   20 00:17:15      -49.897331        0.384909
BFGS:   21 00:17:15      -49.955266        0.375540
BFGS:   22 00:17:15      -49.999752        0.377860
BFGS:   23 00:17:15      -50.058462        0.371802
BFGS:   24 00:17:15      -50.168223        0.400209
BFGS:   25 00:17:16      -50.332340        0.397821
BFGS:   26 00:17:16      -50.482274        0.371592
BFGS:   27 00:17:16      -50.624923        0.343655
BFGS:   28 00:17:16      -50.756061        0.317824
BFGS:   29 00:17:16      -50.872203        0.280542
BFGS:   30 00:17:16      -50.967119        0.229393
BFGS:   31 00:17:16      -51.032644        0.187725
BFGS:   32 00:17:16      -51.066900        0.184787
BFGS:   33 00:17:16      -51.076791        0.183129
BFGS:   34 00:17:16      -51.090754        0.181920
BFGS:   35 00:17:16      -51.110129        0.184585
BFGS:   36 00:17:21      -51.142008        0.189274
BFGS:   37 00:17:21      -51.187124        0.185821
BFGS:   38 00:17:21      -51.231932        0.164302
BFGS:   39 00:17:21      -51.261663        0.180368
BFGS:   40 00:17:21      -51.271901        0.170296
BFGS:   41 00:17:21      -51.281834        0.152850
BFGS:   42 00:17:21      -51.306228        0.144473
BFGS:   43 00:17:21      -51.341223        0.119832
BFGS:   44 00:17:21      -51.372018        0.098452
BFGS:   45 00:17:22      -51.383713        0.072392
BFGS:   46 00:17:22      -51.386190        0.064757
BFGS:   47 00:17:22      -51.387166        0.066462
BFGS:   48 00:17:22      -51.389357        0.067397
BFGS:   49 00:17:22      -51.392799        0.068195
BFGS:   50 00:17:22      -51.398015        0.063738
BFGS:   51 00:17:22      -51.401226        0.055789
BFGS:   52 00:17:22      -51.402445        0.058353
BFGS:   53 00:17:22      -51.403222        0.061326
BFGS:   54 00:17:22      -51.404255        0.065817
BFGS:   55 00:17:22      -51.405429        0.071878
BFGS:   56 00:17:22      -51.407069        0.070747
BFGS:   57 00:17:22      -51.414452        0.060424
BFGS:   58 00:17:22      -51.416832        0.069712
BFGS:   59 00:17:22      -51.418435        0.065910
BFGS:   60 00:17:22      -51.419890        0.060694
BFGS:   61 00:17:22      -51.422438        0.059512
BFGS:   62 00:17:22      -51.426861        0.064267
BFGS:   63 00:17:22      -51.433271        0.158111
BFGS:   64 00:17:22      -51.438573        0.223324
BFGS:   65 00:17:22      -51.442941        0.230961
BFGS:   66 00:17:22      -51.450254        0.198451
BFGS:   67 00:17:22      -51.460404        0.130485
BFGS:   68 00:17:23      -51.470020        0.086671
BFGS:   69 00:17:23      -51.475120        0.100487
BFGS:   70 00:17:23      -51.477247        0.092592
BFGS:   71 00:17:23      -51.479118        0.082982
BFGS:   72 00:17:23      -51.482594        0.075614
BFGS:   73 00:17:23      -51.486995        0.083545
BFGS:   74 00:17:23      -51.490796        0.141705
BFGS:   75 00:17:23      -51.493313        0.151850
BFGS:   76 00:17:23      -51.495382        0.131082
BFGS:   77 00:17:26      -51.498043        0.083914
BFGS:   78 00:17:26      -51.500675        0.035206
BFGS:   79 00:17:26      -51.502058        0.036158
BFGS:   80 00:17:26      -51.502519        0.036241
BFGS:   81 00:17:26      -51.502763        0.035625
BFGS:   82 00:17:26      -51.503283        0.033856
BFGS:   83 00:17:26      -51.504356        0.029774
BFGS:   84 00:17:26      -51.506253        0.037512
BFGS:   85 00:17:26      -51.508392        0.050999
BFGS:   86 00:17:26      -51.509833        0.053224
BFGS:   87 00:17:26      -51.510666        0.051715
BFGS:   88 00:17:26      -51.511502        0.048591
BFGS:   89 00:17:26      -51.512845        0.042445
BFGS:   90 00:17:26      -51.514645        0.031883
BFGS:   91 00:17:26      -51.516107        0.035824
BFGS:   92 00:17:26      -51.516741        0.038282
BFGS:   93 00:17:26      -51.517050        0.037499
BFGS:   94 00:17:27      -51.517597        0.038341
BFGS:   95 00:17:27      -51.518945        0.043963
BFGS:   96 00:17:27      -51.522168        0.055005
BFGS:   97 00:17:27      -51.528660        0.075242
BFGS:   98 00:17:27      -51.537398        0.073410
BFGS:   99 00:17:27      -51.547248        0.053536
BFGS:  100 00:17:27      -51.552103        0.098740
BFGS:  101 00:17:27      -51.555209        0.062085
BFGS:  102 00:17:27      -51.556454        0.061764
BFGS:  103 00:17:27      -51.557525        0.059371
BFGS:  104 00:17:27      -51.559043        0.050644
BFGS:  105 00:17:27      -51.562637        0.043255
BFGS:  106 00:17:27      -51.566088        0.043694
BFGS:  107 00:17:27      -51.568130        0.044917
BFGS:  108 00:17:27      -51.568840        0.055108
BFGS:  109 00:17:27      -51.569458        0.057242
BFGS:  110 00:17:27      -51.570645        0.053333
BFGS:  111 00:17:27      -51.572641        0.047442
BFGS:  112 00:17:27      -51.574931        0.039897
BFGS:  113 00:17:27      -51.576283        0.028203
BFGS:  114 00:17:27      -51.576664        0.023712
BFGS:  115 00:17:27      -51.576800        0.022376
BFGS:  116 00:17:27      -51.577049        0.023352
BFGS:  117 00:17:28      -51.577537        0.028180
BFGS:  118 00:17:28      -51.578310        0.031493
BFGS:  119 00:17:28      -51.579038        0.030557
BFGS:  120 00:17:28      -51.579410        0.029331
BFGS:  121 00:17:28      -51.579579        0.028148
BFGS:  122 00:17:28      -51.579788        0.026984
BFGS:  123 00:17:28      -51.580269        0.026951
BFGS:  124 00:17:28      -51.581245        0.031097
BFGS:  125 00:17:28      -51.582773        0.037417
BFGS:  126 00:17:28      -51.584168        0.035144
BFGS:  127 00:17:28      -51.584826        0.033033
BFGS:  128 00:17:28      -51.585052        0.032548
BFGS:  129 00:17:28      -51.585239        0.030107
BFGS:  130 00:17:28      -51.585620        0.023419
BFGS:  131 00:17:28      -51.586198        0.019549
BFGS:  132 00:17:28      -51.586729        0.011952
BFGS:  133 00:17:28      -51.586927        0.010884
BFGS:  134 00:17:28      -51.586965        0.010102
BFGS:  135 00:17:28      -51.586979        0.009692
BFGS:  136 00:17:28      -51.587001        0.009165
BFGS:  137 00:17:28      -51.587032        0.008623
BFGS:  138 00:17:28      -51.587066        0.008506
BFGS:  139 00:17:28      -51.587115        0.008774
BFGS:  140 00:17:28      -51.587149        0.008946
BFGS:  141 00:17:29      -51.587189        0.008764
BFGS:  142 00:17:29      -51.587231        0.008098
BFGS:  143 00:17:29      -51.587254        0.007395
BFGS:  144 00:17:29      -51.587266        0.006931
BFGS:  145 00:17:29      -51.587282        0.007117
BFGS:  146 00:17:29      -51.587316        0.006938
BFGS:  147 00:17:29      -51.587372        0.005585
BFGS:  148 00:17:29      -51.587446        0.003871
BFGS:  149 00:17:29      -51.587506        0.002849
BFGS:  150 00:17:29      -51.587531        0.002626
BFGS:  151 00:17:29      -51.587535        0.002630
BFGS:  152 00:17:29      -51.587536        0.002656
BFGS:  153 00:17:29      -51.587537        0.002607
BFGS:  154 00:17:29      -51.587540        0.002431
BFGS:  155 00:17:29      -51.587544        0.002277
BFGS:  156 00:17:29      -51.587551        0.002090
BFGS:  157 00:17:29      -51.587556        0.002069
BFGS:  158 00:17:29      -51.587559        0.002075
BFGS:  159 00:17:29      -51.587560        0.002261
BFGS:  160 00:17:29      -51.587561        0.002344
BFGS:  161 00:17:29      -51.587565        0.002383
BFGS:  162 00:17:30      -51.587573        0.002319
BFGS:  163 00:17:30      -51.587585        0.002510
BFGS:  164 00:17:30      -51.587599        0.002256
BFGS:  165 00:17:30      -51.587605        0.001813
BFGS:  166 00:17:30      -51.587606        0.001770
BFGS:  167 00:17:30      -51.587607        0.001749
BFGS:  168 00:17:30      -51.587609        0.001693
BFGS:  169 00:17:30      -51.587612        0.001524
BFGS:  170 00:17:30      -51.587618        0.001206
BFGS:  171 00:17:30      -51.587625        0.000956
