      Step     Time          Energy          fmax
BFGS:    0 03:54:14       -7.341968       21.742486
BFGS:    1 03:54:14      -26.460707        5.709763
BFGS:    2 03:54:14      -29.845524        3.735915
BFGS:    3 03:54:14      -34.978927        2.782743
BFGS:    4 03:54:14      -37.492205        2.322845
BFGS:    5 03:54:14      -38.953022        2.190452
BFGS:    6 03:54:14      -40.034976        2.132362
BFGS:    7 03:54:14      -41.095494        2.254141
BFGS:    8 03:54:14      -42.193145        2.429581
BFGS:    9 03:54:14      -43.312462        2.491295
BFGS:   10 03:54:14      -44.423957        2.446480
BFGS:   11 03:54:14      -45.490984        2.311431
BFGS:   12 03:54:15      -46.471743        2.099199
BFGS:   13 03:54:15      -47.339188        1.823308
BFGS:   14 03:54:15      -48.078266        1.542628
BFGS:   15 03:54:15      -48.698142        1.252320
BFGS:   16 03:54:15      -49.236467        0.969743
BFGS:   17 03:54:15      -49.812333        1.004837
BFGS:   18 03:54:15      -50.566159        1.069744
BFGS:   19 03:54:15      -51.420113        0.994949
BFGS:   20 03:54:15      -51.793965        1.184275
BFGS:   21 03:54:15      -51.978049        1.135441
BFGS:   22 03:54:15      -53.034721        0.572958
BFGS:   23 03:54:15      -53.142985        0.659110
BFGS:   24 03:54:15      -53.248507        0.411595
BFGS:   25 03:54:15      -53.280660        0.398196
BFGS:   26 03:54:15      -53.510481        0.436645
BFGS:   27 03:54:15      -53.618685        0.544296
BFGS:   28 03:54:15      -53.807058        0.610656
BFGS:   29 03:54:15      -53.862780        0.513399
BFGS:   30 03:54:15      -53.918287        0.372480
BFGS:   31 03:54:15      -53.950019        0.279635
BFGS:   32 03:54:15      -53.984033        0.177764
BFGS:   33 03:54:15      -54.010324        0.197557
BFGS:   34 03:54:15      -54.030945        0.181500
BFGS:   35 03:54:15      -54.038528        0.194410
BFGS:   36 03:54:16      -54.057536        0.215337
BFGS:   37 03:54:16      -54.092638        0.238669
BFGS:   38 03:54:16      -54.142965        0.255514
BFGS:   39 03:54:16      -54.181252        0.225136
BFGS:   40 03:54:16      -54.201903        0.194925
BFGS:   41 03:54:16      -54.209600        0.182295
BFGS:   42 03:54:16      -54.218435        0.175265
BFGS:   43 03:54:16      -54.242877        0.165671
BFGS:   44 03:54:16      -54.280909        0.179853
BFGS:   45 03:54:16      -54.318190        0.184639
BFGS:   46 03:54:16      -54.342622        0.193624
BFGS:   47 03:54:16      -54.353123        0.203443
BFGS:   48 03:54:16      -54.370159        0.216533
BFGS:   49 03:54:16      -54.396883        0.232516
BFGS:   50 03:54:16      -54.445238        0.257532
BFGS:   51 03:54:16      -54.494313        0.288066
BFGS:   52 03:54:16      -54.544900        0.285519
BFGS:   53 03:54:16      -54.593336        0.274549
BFGS:   54 03:54:16      -54.637240        0.279184
BFGS:   55 03:54:16      -54.670443        0.282348
BFGS:   56 03:54:16      -54.685292        0.285123
BFGS:   57 03:54:16      -54.698026        0.285261
BFGS:   58 03:54:16      -54.738453        0.275631
BFGS:   59 03:54:16      -54.781342        0.258725
BFGS:   60 03:54:17      -54.828163        0.238585
BFGS:   61 03:54:17      -54.878218        0.217064
BFGS:   62 03:54:17      -54.927917        0.191946
BFGS:   63 03:54:17      -54.972337        0.187649
BFGS:   64 03:54:17      -55.006835        0.202036
BFGS:   65 03:54:17      -55.032630        0.215754
BFGS:   66 03:54:17      -55.051606        0.227051
BFGS:   67 03:54:17      -55.067924        0.225829
BFGS:   68 03:54:17      -55.095292        0.205897
BFGS:   69 03:54:17      -55.143228        0.194583
BFGS:   70 03:54:17      -55.186345        0.211978
BFGS:   71 03:54:17      -55.223446        0.220746
BFGS:   72 03:54:17      -55.270920        0.218617
BFGS:   73 03:54:17      -55.326106        0.197423
BFGS:   74 03:54:17      -55.397017        0.126197
BFGS:   75 03:54:17      -55.415107        0.127382
BFGS:   76 03:54:17      -55.419660        0.133468
BFGS:   77 03:54:17      -55.423682        0.131001
BFGS:   78 03:54:17      -55.430794        0.137480
BFGS:   79 03:54:17      -55.444642        0.152844
BFGS:   80 03:54:17      -55.462069        0.167154
BFGS:   81 03:54:17      -55.491679        0.184506
BFGS:   82 03:54:17      -55.522324        0.185151
BFGS:   83 03:54:18      -55.550125        0.184304
BFGS:   84 03:54:18      -55.573963        0.174428
BFGS:   85 03:54:18      -55.586909        0.178902
BFGS:   86 03:54:18      -55.594354        0.163245
BFGS:   87 03:54:18      -55.602313        0.154034
BFGS:   88 03:54:18      -55.610255        0.137587
BFGS:   89 03:54:18      -55.615403        0.124844
BFGS:   90 03:54:18      -55.618956        0.118676
BFGS:   91 03:54:18      -55.621213        0.113532
BFGS:   92 03:54:18      -55.624715        0.108359
BFGS:   93 03:54:18      -55.631987        0.098803
BFGS:   94 03:54:18      -55.646106        0.081631
BFGS:   95 03:54:18      -55.669947        0.085987
BFGS:   96 03:54:18      -55.693581        0.083319
BFGS:   97 03:54:18      -55.703294        0.053569
BFGS:   98 03:54:18      -55.705424        0.054597
BFGS:   99 03:54:18      -55.706174        0.053685
BFGS:  100 03:54:18      -55.706710        0.054971
BFGS:  101 03:54:18      -55.709399        0.055446
BFGS:  102 03:54:18      -55.714281        0.053900
BFGS:  103 03:54:18      -55.720426        0.056855
BFGS:  104 03:54:18      -55.723858        0.030414
BFGS:  105 03:54:18      -55.724596        0.028316
BFGS:  106 03:54:18      -55.724680        0.028841
BFGS:  107 03:54:19      -55.724732        0.029080
BFGS:  108 03:54:19      -55.724917        0.029561
BFGS:  109 03:54:19      -55.725304        0.030003
BFGS:  110 03:54:19      -55.726154        0.029956
BFGS:  111 03:54:19      -55.727460        0.028396
BFGS:  112 03:54:19      -55.728706        0.025237
BFGS:  113 03:54:19      -55.729222        0.022910
BFGS:  114 03:54:19      -55.729327        0.022247
BFGS:  115 03:54:19      -55.729394        0.021881
BFGS:  116 03:54:19      -55.729559        0.020988
BFGS:  117 03:54:19      -55.729920        0.019050
BFGS:  118 03:54:19      -55.730632        0.015806
BFGS:  119 03:54:19      -55.731554        0.015526
BFGS:  120 03:54:19      -55.732193        0.015231
BFGS:  121 03:54:19      -55.732391        0.015849
BFGS:  122 03:54:19      -55.732426        0.015229
BFGS:  123 03:54:19      -55.732452        0.014738
BFGS:  124 03:54:19      -55.732530        0.013760
BFGS:  125 03:54:19      -55.732708        0.012382
BFGS:  126 03:54:19      -55.733169        0.012869
BFGS:  127 03:54:19      -55.734257        0.017283
BFGS:  128 03:54:19      -55.736616        0.023450
BFGS:  129 03:54:19      -55.739281        0.024381
BFGS:  130 03:54:19      -55.741685        0.019684
BFGS:  131 03:54:20      -55.743451        0.010081
BFGS:  132 03:54:20      -55.743827        0.008500
BFGS:  133 03:54:20      -55.743885        0.007688
BFGS:  134 03:54:20      -55.743889        0.007863
BFGS:  135 03:54:20      -55.743891        0.007844
BFGS:  136 03:54:20      -55.743896        0.007899
BFGS:  137 03:54:20      -55.743909        0.007935
BFGS:  138 03:54:20      -55.743940        0.007881
BFGS:  139 03:54:20      -55.744016        0.012206
BFGS:  140 03:54:20      -55.744177        0.017561
BFGS:  141 03:54:20      -55.744439        0.019670
BFGS:  142 03:54:20      -55.744702        0.014148
BFGS:  143 03:54:20      -55.744812        0.005532
BFGS:  144 03:54:20      -55.744827        0.002726
BFGS:  145 03:54:20      -55.744828        0.002434
BFGS:  146 03:54:20      -55.744829        0.001875
BFGS:  147 03:54:20      -55.744830        0.000903
