      Step     Time          Energy          fmax
BFGS:    0 14:29:18      196.368811      127.486024
BFGS:    1 14:29:18       70.933959       42.646482
BFGS:    2 14:29:18       25.644577       23.792539
BFGS:    3 14:29:18        3.312647       14.255122
BFGS:    4 14:29:18       -8.909478        8.799871
BFGS:    5 14:29:18      -16.255715        6.793427
BFGS:    6 14:29:18      -21.217673        5.806259
BFGS:    7 14:29:18      -24.946828        5.016380
BFGS:    8 14:29:18      -27.936014        4.348206
BFGS:    9 14:29:18      -30.420869        3.783083
BFGS:   10 14:29:18      -32.535638        3.307105
BFGS:   11 14:29:18      -34.373778        2.902471
BFGS:   12 14:29:18      -35.994823        2.634029
BFGS:   13 14:29:18      -37.430689        2.449627
BFGS:   14 14:29:18      -38.692969        2.271175
BFGS:   15 14:29:18      -39.789709        2.105709
BFGS:   16 14:29:18      -40.737304        1.959284
BFGS:   17 14:29:18      -41.555716        1.982156
BFGS:   18 14:29:18      -42.267559        1.974286
BFGS:   19 14:29:18      -42.890052        1.911183
BFGS:   20 14:29:18      -43.438216        1.823427
BFGS:   21 14:29:19      -43.927679        1.708355
BFGS:   22 14:29:19      -44.363067        1.575429
BFGS:   23 14:29:19      -44.761653        1.449253
BFGS:   24 14:29:19      -45.129143        1.322266
BFGS:   25 14:29:19      -45.468318        1.194001
BFGS:   26 14:29:19      -45.781519        1.063869
BFGS:   27 14:29:19      -46.064986        0.941614
BFGS:   28 14:29:19      -46.316709        0.827776
BFGS:   29 14:29:19      -46.531596        0.726122
BFGS:   30 14:29:19      -46.703535        0.650474
BFGS:   31 14:29:19      -46.835877        0.599674
BFGS:   32 14:29:19      -46.935519        0.569277
BFGS:   33 14:29:19      -47.096656        0.607124
BFGS:   34 14:29:19      -47.291717        0.658588
BFGS:   35 14:29:19      -47.439689        0.710501
BFGS:   36 14:29:19      -47.595980        0.652879
BFGS:   37 14:29:19      -47.850806        0.661598
BFGS:   38 14:29:19      -48.048623        0.645221
BFGS:   39 14:29:19      -48.176384        0.608470
BFGS:   40 14:29:19      -48.283749        0.573600
BFGS:   41 14:29:19      -48.370335        0.534930
BFGS:   42 14:29:19      -48.438712        0.493076
BFGS:   43 14:29:20      -48.489556        0.451223
BFGS:   44 14:29:20      -48.528631        0.391831
BFGS:   45 14:29:20      -48.562558        0.333857
BFGS:   46 14:29:20      -48.606517        0.271796
BFGS:   47 14:29:20      -48.678359        0.213195
BFGS:   48 14:29:20      -48.770722        0.163852
BFGS:   49 14:29:20      -48.785016        0.158093
BFGS:   50 14:29:20      -48.791890        0.154455
BFGS:   51 14:29:20      -48.808754        0.144673
BFGS:   52 14:29:20      -48.828576        0.144550
BFGS:   53 14:29:20      -48.860327        0.143201
BFGS:   54 14:29:20      -48.876229        0.152747
BFGS:   55 14:29:20      -48.883375        0.159182
BFGS:   56 14:29:20      -48.889914        0.163589
BFGS:   57 14:29:20      -48.898617        0.163353
BFGS:   58 14:29:20      -48.924952        0.153615
BFGS:   59 14:29:20      -48.951068        0.138995
BFGS:   60 14:29:20      -48.967673        0.154617
BFGS:   61 14:29:20      -48.978090        0.152558
BFGS:   62 14:29:20      -48.985041        0.145694
BFGS:   63 14:29:20      -48.995994        0.130157
BFGS:   64 14:29:20      -49.014901        0.116111
BFGS:   65 14:29:21      -49.030469        0.113132
BFGS:   66 14:29:21      -49.038047        0.106623
BFGS:   67 14:29:21      -49.041374        0.108538
BFGS:   68 14:29:21      -49.045930        0.105237
BFGS:   69 14:29:21      -49.055808        0.098312
BFGS:   70 14:29:21      -49.074756        0.101087
BFGS:   71 14:29:21      -49.102194        0.141788
BFGS:   72 14:29:21      -49.124685        0.194818
BFGS:   73 14:29:21      -49.137884        0.197937
BFGS:   74 14:29:21      -49.149075        0.179207
BFGS:   75 14:29:21      -49.163976        0.163071
BFGS:   76 14:29:21      -49.202924        0.184062
BFGS:   77 14:29:21      -49.245855        0.172333
BFGS:   78 14:29:21      -49.290234        0.143134
BFGS:   79 14:29:21      -49.329121        0.108377
BFGS:   80 14:29:21      -49.354418        0.091459
BFGS:   81 14:29:21      -49.363870        0.089875
BFGS:   82 14:29:21      -49.365280        0.090982
BFGS:   83 14:29:21      -49.368936        0.089806
BFGS:   84 14:29:21      -49.374403        0.088831
BFGS:   85 14:29:21      -49.387041        0.088617
BFGS:   86 14:29:21      -49.402066        0.089197
BFGS:   87 14:29:22      -49.413276        0.098140
BFGS:   88 14:29:22      -49.418396        0.104277
BFGS:   89 14:29:22      -49.419959        0.099340
BFGS:   90 14:29:22      -49.422086        0.089399
BFGS:   91 14:29:22      -49.425942        0.087004
BFGS:   92 14:29:22      -49.434124        0.078098
BFGS:   93 14:29:22      -49.449476        0.062048
BFGS:   94 14:29:22      -49.461440        0.059295
BFGS:   95 14:29:22      -49.464682        0.054052
BFGS:   96 14:29:22      -49.465535        0.046292
BFGS:   97 14:29:22      -49.466137        0.042693
BFGS:   98 14:29:22      -49.467038        0.043576
BFGS:   99 14:29:22      -49.468724        0.045743
BFGS:  100 14:29:22      -49.471978        0.063359
BFGS:  101 14:29:22      -49.476769        0.088037
BFGS:  102 14:29:22      -49.480788        0.081794
BFGS:  103 14:29:22      -49.482393        0.050062
BFGS:  104 14:29:22      -49.482759        0.028825
BFGS:  105 14:29:22      -49.482933        0.028909
BFGS:  106 14:29:22      -49.483164        0.028775
BFGS:  107 14:29:22      -49.483508        0.048155
BFGS:  108 14:29:22      -49.484042        0.075735
BFGS:  109 14:29:22      -49.484777        0.091911
BFGS:  110 14:29:23      -49.485670        0.086341
BFGS:  111 14:29:23      -49.486489        0.061400
BFGS:  112 14:29:23      -49.487035        0.040846
BFGS:  113 14:29:23      -49.487339        0.034412
BFGS:  114 14:29:23      -49.487555        0.030663
BFGS:  115 14:29:23      -49.487827        0.029614
BFGS:  116 14:29:23      -49.488187        0.043857
BFGS:  117 14:29:23      -49.488616        0.063864
BFGS:  118 14:29:23      -49.489070        0.066164
BFGS:  119 14:29:23      -49.489515        0.046164
BFGS:  120 14:29:23      -49.489892        0.032391
BFGS:  121 14:29:23      -49.490170        0.028811
BFGS:  122 14:29:23      -49.490396        0.035760
BFGS:  123 14:29:23      -49.490648        0.037050
BFGS:  124 14:29:23      -49.490945        0.025383
BFGS:  125 14:29:23      -49.491165        0.010603
BFGS:  126 14:29:23      -49.491242        0.010356
BFGS:  127 14:29:23      -49.491264        0.010287
BFGS:  128 14:29:23      -49.491286        0.010242
BFGS:  129 14:29:23      -49.491341        0.010143
BFGS:  130 14:29:23      -49.491463        0.010126
BFGS:  131 14:29:23      -49.491704        0.009900
BFGS:  132 14:29:24      -49.492031        0.012910
BFGS:  133 14:29:24      -49.492266        0.012608
BFGS:  134 14:29:24      -49.492343        0.011372
BFGS:  135 14:29:24      -49.492362        0.009713
BFGS:  136 14:29:24      -49.492379        0.009178
BFGS:  137 14:29:24      -49.492414        0.009142
BFGS:  138 14:29:24      -49.492459        0.009099
BFGS:  139 14:29:24      -49.492492        0.009071
BFGS:  140 14:29:24      -49.492505        0.009081
BFGS:  141 14:29:24      -49.492512        0.009088
BFGS:  142 14:29:24      -49.492526        0.009078
BFGS:  143 14:29:24      -49.492560        0.008994
BFGS:  144 14:29:24      -49.492643        0.008680
BFGS:  145 14:29:24      -49.492828        0.010948
BFGS:  146 14:29:24      -49.493165        0.015172
BFGS:  147 14:29:24      -49.493609        0.016798
BFGS:  148 14:29:24      -49.493885        0.015397
BFGS:  149 14:29:24      -49.493947        0.013698
BFGS:  150 14:29:24      -49.493977        0.012152
BFGS:  151 14:29:24      -49.494028        0.009057
BFGS:  152 14:29:24      -49.494094        0.005355
BFGS:  153 14:29:24      -49.494141        0.003785
BFGS:  154 14:29:25      -49.494154        0.002951
BFGS:  155 14:29:25      -49.494155        0.002909
BFGS:  156 14:29:25      -49.494156        0.002880
BFGS:  157 14:29:25      -49.494158        0.002844
BFGS:  158 14:29:25      -49.494162        0.002774
BFGS:  159 14:29:25      -49.494169        0.002716
BFGS:  160 14:29:25      -49.494177        0.002669
BFGS:  161 14:29:25      -49.494181        0.002705
BFGS:  162 14:29:25      -49.494182        0.002729
BFGS:  163 14:29:25      -49.494184        0.002763
BFGS:  164 14:29:25      -49.494189        0.002780
BFGS:  165 14:29:25      -49.494198        0.003024
BFGS:  166 14:29:25      -49.494213        0.003410
BFGS:  167 14:29:25      -49.494229        0.003758
BFGS:  168 14:29:25      -49.494238        0.003340
BFGS:  169 14:29:25      -49.494242        0.003137
BFGS:  170 14:29:25      -49.494246        0.003323
BFGS:  171 14:29:25      -49.494255        0.003675
BFGS:  172 14:29:25      -49.494276        0.004438
BFGS:  173 14:29:25      -49.494317        0.005342
BFGS:  174 14:29:25      -49.494374        0.006074
BFGS:  175 14:29:25      -49.494414        0.004516
BFGS:  176 14:29:26      -49.494427        0.002947
BFGS:  177 14:29:26      -49.494428        0.002975
BFGS:  178 14:29:26      -49.494430        0.002900
BFGS:  179 14:29:26      -49.494432        0.002563
BFGS:  180 14:29:26      -49.494437        0.001868
BFGS:  181 14:29:26      -49.494442        0.001534
BFGS:  182 14:29:26      -49.494445        0.001635
BFGS:  183 14:29:26      -49.494445        0.001691
BFGS:  184 14:29:26      -49.494446        0.001708
BFGS:  185 14:29:26      -49.494446        0.001731
BFGS:  186 14:29:26      -49.494447        0.001760
BFGS:  187 14:29:26      -49.494449        0.001787
BFGS:  188 14:29:26      -49.494451        0.001789
BFGS:  189 14:29:26      -49.494453        0.001764
BFGS:  190 14:29:26      -49.494454        0.001735
BFGS:  191 14:29:26      -49.494455        0.001711
BFGS:  192 14:29:26      -49.494457        0.001753
BFGS:  193 14:29:26      -49.494462        0.002240
BFGS:  194 14:29:26      -49.494472        0.004408
BFGS:  195 14:29:26      -49.494487        0.006912
BFGS:  196 14:29:26      -49.494502        0.008115
BFGS:  197 14:29:26      -49.494511        0.007275
BFGS:  198 14:29:27      -49.494519        0.005369
BFGS:  199 14:29:27      -49.494528        0.003978
BFGS:  200 14:29:27      -49.494540        0.004823
BFGS:  201 14:29:27      -49.494552        0.006200
BFGS:  202 14:29:27      -49.494562        0.007747
BFGS:  203 14:29:27      -49.494576        0.009151
BFGS:  204 14:29:27      -49.494604        0.011168
BFGS:  205 14:29:27      -49.494683        0.017440
BFGS:  206 14:29:27      -49.495067        0.047374
BFGS:  207 14:29:27      -49.496458        0.072398
BFGS:  208 14:29:27      -49.499677        0.091990
BFGS:  209 14:29:27      -49.504862        0.102963
BFGS:  210 14:29:27      -49.511594        0.110685
BFGS:  211 14:29:27      -49.520451        0.117617
BFGS:  212 14:29:27      -49.532516        0.125426
BFGS:  213 14:29:27      -49.551378        0.136331
BFGS:  214 14:29:27      -49.579636        0.160095
BFGS:  215 14:29:27      -49.594390        0.180877
BFGS:  216 14:29:27      -49.618913        0.208706
BFGS:  217 14:29:27      -49.644867        0.257766
BFGS:  218 14:29:27      -49.668541        0.307294
BFGS:  219 14:29:27      -49.689460        0.351691
BFGS:  220 14:29:27      -49.711404        0.397142
BFGS:  221 14:29:28      -49.734321        0.443012
BFGS:  222 14:29:28      -49.758412        0.486392
BFGS:  223 14:29:28      -49.783394        0.525689
BFGS:  224 14:29:28      -49.808839        0.558621
BFGS:  225 14:29:28      -49.835770        0.582921
BFGS:  226 14:29:28      -49.865844        0.596182
BFGS:  227 14:29:28      -49.896074        0.596247
BFGS:  228 14:29:28      -49.926758        0.581072
BFGS:  229 14:29:28      -49.954187        0.548298
BFGS:  230 14:29:28      -49.982408        0.511267
BFGS:  231 14:29:28      -50.004797        0.449089
BFGS:  232 14:29:28      -50.032300        0.419206
BFGS:  233 14:29:28      -50.060213        0.370975
BFGS:  234 14:29:28      -50.090791        0.343857
BFGS:  235 14:29:28      -50.119255        0.296732
BFGS:  236 14:29:28      -50.153735        0.267670
BFGS:  237 14:29:28      -50.181326        0.216798
BFGS:  238 14:29:28      -50.213406        0.216083
BFGS:  239 14:29:28      -50.242603        0.128570
BFGS:  240 14:29:28      -50.265585        0.132064
BFGS:  241 14:29:28      -50.283405        0.126934
BFGS:  242 14:29:28      -50.298478        0.148779
BFGS:  243 14:29:29      -50.311868        0.145144
BFGS:  244 14:29:29      -50.323806        0.138736
BFGS:  245 14:29:29      -50.335324        0.120013
BFGS:  246 14:29:29      -50.347841        0.108539
BFGS:  247 14:29:29      -50.360622        0.132147
BFGS:  248 14:29:29      -50.374851        0.179122
BFGS:  249 14:29:29      -50.386668        0.182140
BFGS:  250 14:29:29      -50.396674        0.181872
BFGS:  251 14:29:29      -50.404361        0.136062
BFGS:  252 14:29:29      -50.411278        0.117304
BFGS:  253 14:29:29      -50.414062        0.102395
BFGS:  254 14:29:29      -50.418379        0.082109
BFGS:  255 14:29:29      -50.423296        0.067894
BFGS:  256 14:29:29      -50.426755        0.069224
BFGS:  257 14:29:29      -50.429808        0.033952
BFGS:  258 14:29:29      -50.431181        0.033129
BFGS:  259 14:29:29      -50.432832        0.047874
BFGS:  260 14:29:29      -50.433959        0.042740
BFGS:  261 14:29:29      -50.436124        0.042463
BFGS:  262 14:29:29      -50.437356        0.044537
BFGS:  263 14:29:29      -50.438563        0.047337
BFGS:  264 14:29:29      -50.440481        0.050669
BFGS:  265 14:29:29      -50.443276        0.064742
BFGS:  266 14:29:30      -50.442794        0.091608
BFGS:  267 14:29:30      -50.447756        0.068141
BFGS:  268 14:29:30      -50.450427        0.088417
BFGS:  269 14:29:30      -50.455084        0.097769
BFGS:  270 14:29:30      -50.464587        0.150185
BFGS:  271 14:29:30      -50.471686        0.205513
BFGS:  272 14:29:30      -50.479257        0.201198
BFGS:  273 14:29:30      -50.486061        0.122539
BFGS:  274 14:29:30      -50.490123        0.095072
BFGS:  275 14:29:30      -50.492741        0.076681
BFGS:  276 14:29:30      -50.494727        0.073985
BFGS:  277 14:29:30      -50.499830        0.073262
BFGS:  278 14:29:30      -50.504403        0.114815
BFGS:  279 14:29:30      -50.510537        0.133279
BFGS:  280 14:29:30      -50.517215        0.138329
BFGS:  281 14:29:30      -50.524235        0.122104
BFGS:  282 14:29:30      -50.529388        0.105476
BFGS:  283 14:29:30      -50.532465        0.075914
BFGS:  284 14:29:30      -50.534380        0.058418
BFGS:  285 14:29:30      -50.535650        0.057538
BFGS:  286 14:29:30      -50.536152        0.037296
BFGS:  287 14:29:30      -50.536810        0.034966
BFGS:  288 14:29:31      -50.537436        0.048041
BFGS:  289 14:29:31      -50.538376        0.070220
BFGS:  290 14:29:31      -50.539611        0.074335
BFGS:  291 14:29:31      -50.540879        0.066944
BFGS:  292 14:29:31      -50.542518        0.052392
BFGS:  293 14:29:31      -50.544443        0.068259
BFGS:  294 14:29:31      -50.545621        0.067577
BFGS:  295 14:29:31      -50.547182        0.066348
BFGS:  296 14:29:31      -50.548450        0.056822
BFGS:  297 14:29:31      -50.549920        0.044519
BFGS:  298 14:29:31      -50.551191        0.053900
BFGS:  299 14:29:31      -50.552067        0.034209
BFGS:  300 14:29:31      -50.552614        0.037458
BFGS:  301 14:29:31      -50.553071        0.029298
BFGS:  302 14:29:31      -50.553477        0.030594
BFGS:  303 14:29:31      -50.553881        0.032572
BFGS:  304 14:29:31      -50.554385        0.040857
BFGS:  305 14:29:31      -50.555443        0.057070
BFGS:  306 14:29:31      -50.557484        0.083006
BFGS:  307 14:29:31      -50.559199        0.109681
BFGS:  308 14:29:31      -50.562232        0.084337
BFGS:  309 14:29:31      -50.565114        0.075023
BFGS:  310 14:29:32      -50.567957        0.083093
BFGS:  311 14:29:32      -50.570442        0.089903
BFGS:  312 14:29:32      -50.574696        0.094343
BFGS:  313 14:29:32      -50.579658        0.124203
BFGS:  314 14:29:32      -50.585756        0.131005
BFGS:  315 14:29:32      -50.592063        0.142117
BFGS:  316 14:29:32      -50.602323        0.128145
BFGS:  317 14:29:32      -50.608997        0.133511
BFGS:  318 14:29:32      -50.615688        0.138891
BFGS:  319 14:29:32      -50.625739        0.099923
BFGS:  320 14:29:32      -50.630884        0.110545
BFGS:  321 14:29:32      -50.633539        0.097004
BFGS:  322 14:29:32      -50.636774        0.098089
BFGS:  323 14:29:32      -50.640221        0.096763
BFGS:  324 14:29:32      -50.644096        0.091254
BFGS:  325 14:29:32      -50.647684        0.085514
BFGS:  326 14:29:32      -50.650366        0.083799
BFGS:  327 14:29:32      -50.652795        0.083831
BFGS:  328 14:29:32      -50.654920        0.083117
BFGS:  329 14:29:32      -50.656965        0.084739
BFGS:  330 14:29:32      -50.658937        0.088377
BFGS:  331 14:29:32      -50.660405        0.086333
BFGS:  332 14:29:32      -50.662504        0.079064
BFGS:  333 14:29:33      -50.663868        0.078675
BFGS:  334 14:29:33      -50.665360        0.086594
BFGS:  335 14:29:33      -50.666627        0.085556
BFGS:  336 14:29:33      -50.667533        0.084331
BFGS:  337 14:29:33      -50.668656        0.082237
BFGS:  338 14:29:33      -50.670555        0.079713
BFGS:  339 14:29:33      -50.672995        0.089192
BFGS:  340 14:29:33      -50.675170        0.100102
BFGS:  341 14:29:33      -50.677202        0.099325
BFGS:  342 14:29:33      -50.679315        0.096905
BFGS:  343 14:29:33      -50.679247        0.110077
BFGS:  344 14:29:33      -50.681595        0.085239
BFGS:  345 14:29:33      -50.682852        0.076306
BFGS:  346 14:29:33      -50.685148        0.071209
BFGS:  347 14:29:33      -50.686623        0.073632
BFGS:  348 14:29:33      -50.689097        0.084991
BFGS:  349 14:29:33      -50.691253        0.075436
BFGS:  350 14:29:33      -50.693241        0.070944
BFGS:  351 14:29:33      -50.694961        0.072249
BFGS:  352 14:29:33      -50.696308        0.065444
BFGS:  353 14:29:33      -50.697487        0.057972
BFGS:  354 14:29:33      -50.698430        0.051632
BFGS:  355 14:29:34      -50.699411        0.048937
BFGS:  356 14:29:34      -50.700438        0.048671
BFGS:  357 14:29:34      -50.701099        0.047390
BFGS:  358 14:29:34      -50.701447        0.042267
BFGS:  359 14:29:34      -50.701690        0.039793
BFGS:  360 14:29:34      -50.701864        0.037023
BFGS:  361 14:29:34      -50.702085        0.034712
BFGS:  362 14:29:34      -50.702301        0.036885
BFGS:  363 14:29:34      -50.702540        0.037581
BFGS:  364 14:29:34      -50.702764        0.038817
BFGS:  365 14:29:34      -50.702942        0.040588
BFGS:  366 14:29:34      -50.703075        0.041961
BFGS:  367 14:29:34      -50.703210        0.042635
BFGS:  368 14:29:34      -50.703393        0.043308
BFGS:  369 14:29:34      -50.703641        0.043239
BFGS:  370 14:29:34      -50.703935        0.044273
BFGS:  371 14:29:34      -50.704260        0.044216
BFGS:  372 14:29:34      -50.704643        0.040759
BFGS:  373 14:29:34      -50.705139        0.042158
BFGS:  374 14:29:34      -50.705728        0.040622
BFGS:  375 14:29:34      -50.706282        0.044889
BFGS:  376 14:29:34      -50.706745        0.046974
BFGS:  377 14:29:34      -50.707250        0.051697
BFGS:  378 14:29:35      -50.707976        0.059152
BFGS:  379 14:29:35      -50.708988        0.063323
BFGS:  380 14:29:35      -50.710131        0.057863
BFGS:  381 14:29:35      -50.711176        0.070584
BFGS:  382 14:29:35      -50.712188        0.078065
BFGS:  383 14:29:35      -50.713542        0.081260
BFGS:  384 14:29:35      -50.715825        0.088109
BFGS:  385 14:29:35      -50.719499        0.101800
BFGS:  386 14:29:35      -50.723261        0.105812
BFGS:  387 14:29:35      -50.727172        0.099966
BFGS:  388 14:29:35      -50.730329        0.088972
BFGS:  389 14:29:35      -50.733164        0.084847
BFGS:  390 14:29:35      -50.738225        0.062143
BFGS:  391 14:29:35      -50.741728        0.061939
BFGS:  392 14:29:35      -50.745195        0.071534
BFGS:  393 14:29:35      -50.748368        0.075985
BFGS:  394 14:29:35      -50.751427        0.080215
BFGS:  395 14:29:35      -50.754471        0.085765
BFGS:  396 14:29:35      -50.757503        0.090662
BFGS:  397 14:29:35      -50.760484        0.093407
BFGS:  398 14:29:35      -50.763406        0.096275
BFGS:  399 14:29:35      -50.766249        0.097861
BFGS:  400 14:29:36      -50.769217        0.096615
BFGS:  401 14:29:36      -50.772325        0.091802
BFGS:  402 14:29:36      -50.775514        0.082214
BFGS:  403 14:29:36      -50.778684        0.076456
BFGS:  404 14:29:36      -50.781434        0.068992
BFGS:  405 14:29:36      -50.783412        0.078124
BFGS:  406 14:29:36      -50.785877        0.079120
BFGS:  407 14:29:36      -50.790484        0.102057
BFGS:  408 14:29:36      -50.793293        0.112393
BFGS:  409 14:29:36      -50.799229        0.109036
BFGS:  410 14:29:36      -50.802676        0.081294
BFGS:  411 14:29:36      -50.805666        0.093042
BFGS:  412 14:29:36      -50.807570        0.096927
BFGS:  413 14:29:36      -50.809607        0.093225
BFGS:  414 14:29:36      -50.811694        0.088766
BFGS:  415 14:29:36      -50.814371        0.082286
BFGS:  416 14:29:36      -50.817391        0.077941
BFGS:  417 14:29:36      -50.821386        0.070643
BFGS:  418 14:29:36      -50.825275        0.063838
BFGS:  419 14:29:36      -50.827944        0.071434
BFGS:  420 14:29:36      -50.829697        0.073295
BFGS:  421 14:29:36      -50.831292        0.075939
BFGS:  422 14:29:36      -50.833217        0.075647
BFGS:  423 14:29:37      -50.835273        0.070917
BFGS:  424 14:29:37      -50.837228        0.074545
BFGS:  425 14:29:37      -50.839652        0.062587
BFGS:  426 14:29:37      -50.841780        0.055128
BFGS:  427 14:29:37      -50.843551        0.053111
BFGS:  428 14:29:37      -50.844995        0.055230
BFGS:  429 14:29:37      -50.845744        0.053895
BFGS:  430 14:29:37      -50.846312        0.050600
BFGS:  431 14:29:37      -50.847202        0.044546
BFGS:  432 14:29:37      -50.848705        0.046204
BFGS:  433 14:29:37      -50.850502        0.047942
BFGS:  434 14:29:37      -50.851726        0.044710
BFGS:  435 14:29:37      -50.852246        0.044628
BFGS:  436 14:29:37      -50.852521        0.044879
BFGS:  437 14:29:37      -50.852941        0.042906
BFGS:  438 14:29:37      -50.853677        0.042943
BFGS:  439 14:29:37      -50.854785        0.039404
BFGS:  440 14:29:37      -50.855862        0.044928
BFGS:  441 14:29:37      -50.856559        0.054674
BFGS:  442 14:29:37      -50.856988        0.054257
BFGS:  443 14:29:37      -50.857464        0.048087
BFGS:  444 14:29:37      -50.858201        0.036422
BFGS:  445 14:29:38      -50.859233        0.047234
BFGS:  446 14:29:38      -50.860259        0.049535
BFGS:  447 14:29:38      -50.860921        0.033120
BFGS:  448 14:29:38      -50.861217        0.028149
BFGS:  449 14:29:38      -50.861347        0.027196
BFGS:  450 14:29:38      -50.861458        0.026107
BFGS:  451 14:29:38      -50.861612        0.024213
BFGS:  452 14:29:38      -50.861845        0.026199
BFGS:  453 14:29:38      -50.862203        0.028040
BFGS:  454 14:29:38      -50.862660        0.027899
BFGS:  455 14:29:38      -50.863059        0.026680
BFGS:  456 14:29:38      -50.863267        0.022747
BFGS:  457 14:29:38      -50.863345        0.018692
BFGS:  458 14:29:38      -50.863389        0.015514
BFGS:  459 14:29:38      -50.863447        0.016590
BFGS:  460 14:29:38      -50.863535        0.018578
BFGS:  461 14:29:38      -50.863661        0.017777
BFGS:  462 14:29:38      -50.863803        0.017319
BFGS:  463 14:29:38      -50.863921        0.014145
BFGS:  464 14:29:38      -50.863992        0.012008
BFGS:  465 14:29:38      -50.864033        0.010959
BFGS:  466 14:29:38      -50.864064        0.010765
BFGS:  467 14:29:38      -50.864099        0.010916
BFGS:  468 14:29:39      -50.864145        0.010750
BFGS:  469 14:29:39      -50.864194        0.009695
BFGS:  470 14:29:39      -50.864228        0.009740
BFGS:  471 14:29:39      -50.864241        0.010392
BFGS:  472 14:29:39      -50.864247        0.010788
BFGS:  473 14:29:39      -50.864254        0.011366
BFGS:  474 14:29:39      -50.864268        0.012209
BFGS:  475 14:29:39      -50.864296        0.013509
BFGS:  476 14:29:39      -50.864342        0.014581
BFGS:  477 14:29:39      -50.864391        0.014409
BFGS:  478 14:29:39      -50.864417        0.013103
BFGS:  479 14:29:39      -50.864425        0.012213
BFGS:  480 14:29:39      -50.864429        0.011719
BFGS:  481 14:29:39      -50.864437        0.011099
BFGS:  482 14:29:39      -50.864453        0.010206
BFGS:  483 14:29:39      -50.864485        0.009463
BFGS:  484 14:29:39      -50.864534        0.009978
BFGS:  485 14:29:39      -50.864580        0.009912
BFGS:  486 14:29:39      -50.864605        0.009695
BFGS:  487 14:29:39      -50.864616        0.009483
BFGS:  488 14:29:39      -50.864627        0.009089
BFGS:  489 14:29:39      -50.864648        0.008302
BFGS:  490 14:29:39      -50.864683        0.007983
BFGS:  491 14:29:40      -50.864727        0.008199
BFGS:  492 14:29:40      -50.864761        0.008810
BFGS:  493 14:29:40      -50.864777        0.008749
BFGS:  494 14:29:40      -50.864783        0.008525
BFGS:  495 14:29:40      -50.864787        0.008353
BFGS:  496 14:29:40      -50.864792        0.008249
BFGS:  497 14:29:40      -50.864800        0.008185
BFGS:  498 14:29:40      -50.864817        0.008145
BFGS:  499 14:29:40      -50.864851        0.009011
BFGS:  500 14:29:40      -50.864913        0.009974
BFGS:  501 14:29:40      -50.864999        0.012857
BFGS:  502 14:29:40      -50.865073        0.014364
BFGS:  503 14:29:40      -50.865116        0.013367
BFGS:  504 14:29:40      -50.865150        0.011743
BFGS:  505 14:29:40      -50.865204        0.010758
BFGS:  506 14:29:40      -50.865302        0.011145
BFGS:  507 14:29:40      -50.865432        0.009464
BFGS:  508 14:29:40      -50.865523        0.005753
BFGS:  509 14:29:40      -50.865552        0.004386
BFGS:  510 14:29:40      -50.865557        0.004112
BFGS:  511 14:29:40      -50.865560        0.003999
BFGS:  512 14:29:40      -50.865566        0.004072
BFGS:  513 14:29:41      -50.865579        0.004446
BFGS:  514 14:29:41      -50.865604        0.005660
BFGS:  515 14:29:41      -50.865639        0.005793
BFGS:  516 14:29:41      -50.865667        0.003675
BFGS:  517 14:29:41      -50.865675        0.001959
BFGS:  518 14:29:41      -50.865677        0.001857
BFGS:  519 14:29:41      -50.865677        0.001789
BFGS:  520 14:29:41      -50.865678        0.001618
BFGS:  521 14:29:41      -50.865680        0.001323
BFGS:  522 14:29:41      -50.865683        0.001647
BFGS:  523 14:29:41      -50.865687        0.001542
BFGS:  524 14:29:41      -50.865689        0.000797
