      Step     Time          Energy          fmax
BFGS:    0 15:21:07      230.061840       32.172409
BFGS:    1 15:21:07      113.523968       16.197248
BFGS:    2 15:21:07       19.985815       10.546376
BFGS:    3 15:21:08      -34.042717        8.538356
BFGS:    4 15:21:08      -67.919379        7.095125
BFGS:    5 15:21:08      -90.075704        5.998821
BFGS:    6 15:21:08     -104.755518        5.120240
BFGS:    7 15:21:08     -114.269562        4.428552
BFGS:    8 15:21:08     -120.236576        3.927300
BFGS:    9 15:21:08     -123.955714        3.565886
BFGS:   10 15:21:09     -126.479861        3.316696
BFGS:   11 15:21:09     -128.508741        3.151477
BFGS:   12 15:21:09     -130.406007        3.039571
BFGS:   13 15:21:09     -132.262438        2.961086
BFGS:   14 15:21:09     -134.046824        2.904217
BFGS:   15 15:21:09     -135.727649        2.861059
BFGS:   16 15:21:09     -137.283706        2.825426
BFGS:   17 15:21:10     -138.702968        2.794246
BFGS:   18 15:21:10     -139.994406        2.766643
BFGS:   19 15:21:10     -141.181918        2.741752
BFGS:   20 15:21:10     -142.288068        2.718480
BFGS:   21 15:21:10     -143.328602        2.696123
BFGS:   22 15:21:10     -144.315737        2.674665
BFGS:   23 15:21:10     -145.259689        2.653605
BFGS:   24 15:21:10     -146.168315        2.631098
BFGS:   25 15:21:11     -147.049069        2.605047
BFGS:   26 15:21:11     -147.909022        2.574783
BFGS:   27 15:21:11     -148.753754        2.541132
BFGS:   28 15:21:11     -149.587111        2.505405
BFGS:   29 15:21:11     -150.411051        2.468412
BFGS:   30 15:21:11     -151.226233        2.430472
BFGS:   31 15:21:11     -152.032572        2.391286
BFGS:   32 15:21:12     -152.829721        2.350245
BFGS:   33 15:21:12     -153.618009        2.307526
BFGS:   34 15:21:12     -154.397696        2.263390
BFGS:   35 15:21:12     -155.168970        2.218202
BFGS:   36 15:21:12     -155.931934        2.172305
BFGS:   37 15:21:12     -156.686677        2.126006
BFGS:   38 15:21:12     -157.433337        2.079581
BFGS:   39 15:21:12     -158.171876        2.033250
BFGS:   40 15:21:13     -158.902212        1.987178
BFGS:   41 15:21:13     -159.624289        1.941487
BFGS:   42 15:21:13     -160.338057        1.896256
BFGS:   43 15:21:13     -161.043443        1.851464
BFGS:   44 15:21:13     -161.740237        1.806757
BFGS:   45 15:21:13     -162.428053        1.762149
BFGS:   46 15:21:13     -163.106468        1.717696
BFGS:   47 15:21:13     -163.775056        1.673410
BFGS:   48 15:21:14     -164.433386        1.629341
BFGS:   49 15:21:14     -165.081041        1.585563
BFGS:   50 15:21:14     -165.717614        1.542152
BFGS:   51 15:21:14     -166.342722        1.499188
BFGS:   52 15:21:14     -166.956011        1.456753
BFGS:   53 15:21:14     -167.557166        1.414932
BFGS:   54 15:21:14     -168.145924        1.373810
BFGS:   55 15:21:14     -168.722082        1.333466
BFGS:   56 15:21:15     -169.285502        1.293966
BFGS:   57 15:21:15     -169.836110        1.255349
BFGS:   58 15:21:15     -170.373895        1.217627
BFGS:   59 15:21:15     -170.898901        1.180775
BFGS:   60 15:21:15     -171.411225        1.144738
BFGS:   61 15:21:15     -171.911012        1.109442
BFGS:   62 15:21:15     -172.398454        1.074808
BFGS:   63 15:21:15     -172.873767        1.040769
BFGS:   64 15:21:16     -173.337144        1.007275
BFGS:   65 15:21:16     -173.788684        0.974280
BFGS:   66 15:21:16     -174.228293        0.941738
BFGS:   67 15:21:16     -174.655710        0.909670
BFGS:   68 15:21:16     -175.070698        0.878137
BFGS:   69 15:21:16     -175.473186        0.847242
BFGS:   70 15:21:16     -175.863344        0.817119
BFGS:   71 15:21:16     -176.241628        0.787936
BFGS:   72 15:21:17     -176.608790        0.759887
BFGS:   73 15:21:17     -176.965799        0.733131
BFGS:   74 15:21:17     -177.313435        0.707662
BFGS:   75 15:21:17     -177.651462        0.683198
BFGS:   76 15:21:17     -177.978420        0.659264
BFGS:   77 15:21:17     -178.292257        0.635557
BFGS:   78 15:21:17     -178.591437        0.611901
BFGS:   79 15:21:17     -178.875735        0.588340
BFGS:   80 15:21:18     -179.146237        0.565131
BFGS:   81 15:21:18     -179.404746        0.542607
BFGS:   82 15:21:18     -179.653166        0.520933
BFGS:   83 15:21:18     -179.892591        0.500155
BFGS:   84 15:21:18     -180.123567        0.480386
BFGS:   85 15:21:18     -180.346504        0.461743
BFGS:   86 15:21:18     -180.561660        0.444216
BFGS:   87 15:21:18     -180.768996        0.427695
BFGS:   88 15:21:19     -180.968645        0.412184
BFGS:   89 15:21:19     -181.160973        0.397692
BFGS:   90 15:21:19     -181.346353        0.384221
BFGS:   91 15:21:19     -181.525139        0.371768
BFGS:   92 15:21:19     -181.697660        0.360323
BFGS:   93 15:21:19     -181.864202        0.349874
BFGS:   94 15:21:19     -182.025008        0.340406
BFGS:   95 15:21:19     -182.180267        0.331902
BFGS:   96 15:21:19     -182.330110        0.324346
BFGS:   97 15:21:20     -182.474624        0.317723
BFGS:   98 15:21:20     -182.613859        0.312018
BFGS:   99 15:21:20     -182.747850        0.307211
BFGS:  100 15:21:20     -182.876642        0.303275
BFGS:  101 15:21:20     -183.000319        0.300168
BFGS:  102 15:21:20     -183.118967        0.297812
BFGS:  103 15:21:20     -183.231831        0.296002
BFGS:  104 15:21:20     -183.337470        0.294419
BFGS:  105 15:21:21     -183.435398        0.292804
BFGS:  106 15:21:21     -183.526130        0.290987
BFGS:  107 15:21:21     -183.610829        0.288870
BFGS:  108 15:21:21     -183.690874        0.286407
BFGS:  109 15:21:21     -183.767567        0.283584
BFGS:  110 15:21:21     -183.841977        0.280405
BFGS:  111 15:21:21     -183.914860        0.276884
BFGS:  112 15:21:21     -183.986600        0.273035
BFGS:  113 15:21:22     -184.057160        0.268865
BFGS:  114 15:21:22     -184.126157        0.264376
BFGS:  115 15:21:22     -184.193103        0.259579
BFGS:  116 15:21:22     -184.257718        0.254535
BFGS:  117 15:21:22     -184.320126        0.249380
BFGS:  118 15:21:22     -184.380852        0.250244
BFGS:  119 15:21:22     -184.440703        0.254834
BFGS:  120 15:21:22     -184.500544        0.258268
BFGS:  121 15:21:22     -184.561012        0.260481
BFGS:  122 15:21:23     -184.622275        0.262040
BFGS:  123 15:21:23     -184.685374        0.263493
BFGS:  124 15:21:23     -184.750036        0.265059
BFGS:  125 15:21:23     -184.815125        0.266479
BFGS:  126 15:21:23     -184.880091        0.267260
BFGS:  127 15:21:23     -184.945488        0.266984
BFGS:  128 15:21:23     -185.014110        0.265343
BFGS:  129 15:21:23     -185.091751        0.262170
BFGS:  130 15:21:24     -185.182176        0.268957
BFGS:  131 15:21:24     -185.279565        0.277906
BFGS:  132 15:21:24     -185.370809        0.286704
BFGS:  133 15:21:24     -185.453223        0.294166
BFGS:  134 15:21:24     -185.529509        0.299649
BFGS:  135 15:21:24     -185.603602        0.303312
BFGS:  136 15:21:24     -185.677485        0.305843
BFGS:  137 15:21:24     -185.750972        0.307961
BFGS:  138 15:21:25     -185.822610        0.309950
BFGS:  139 15:21:25     -185.890940        0.311283
BFGS:  140 15:21:25     -185.956908        0.310585
BFGS:  141 15:21:25     -186.025319        0.306219
BFGS:  142 15:21:25     -186.101379        0.297149
BFGS:  143 15:21:25     -186.186880        0.282990
BFGS:  144 15:21:25     -186.280200        0.263445
BFGS:  145 15:21:25     -186.377269        0.254122
BFGS:  146 15:21:26     -186.472163        0.248249
BFGS:  147 15:21:26     -186.557039        0.241692
BFGS:  148 15:21:26     -186.617282        0.235230
BFGS:  149 15:21:26     -186.634145        0.231000
BFGS:  150 15:21:26     -186.676518        0.219549
BFGS:  151 15:21:26     -186.710208        0.211005
BFGS:  152 15:21:26     -186.741675        0.203496
BFGS:  153 15:21:26     -186.771738        0.195814
BFGS:  154 15:21:26     -186.801293        0.186919
BFGS:  155 15:21:27     -186.827054        0.179296
BFGS:  156 15:21:27     -186.842712        0.178176
BFGS:  157 15:21:27     -186.851886        0.180793
BFGS:  158 15:21:27     -186.861228        0.184109
BFGS:  159 15:21:27     -186.880315        0.190059
BFGS:  160 15:21:27     -186.911018        0.201046
BFGS:  161 15:21:27     -186.940424        0.206751
BFGS:  162 15:21:27     -186.954714        0.202209
BFGS:  163 15:21:28     -186.962467        0.195527
BFGS:  164 15:21:28     -186.966891        0.192672
BFGS:  165 15:21:28     -186.982608        0.186473
BFGS:  166 15:21:28     -187.004424        0.182669
BFGS:  167 15:21:28     -187.032600        0.180835
BFGS:  168 15:21:28     -187.064861        0.185051
BFGS:  169 15:21:28     -187.105176        0.179692
BFGS:  170 15:21:28     -187.120503        0.180098
BFGS:  171 15:21:29     -187.130229        0.186498
BFGS:  172 15:21:29     -187.139715        0.190195
BFGS:  173 15:21:29     -187.162925        0.192621
BFGS:  174 15:21:29     -187.198666        0.189927
BFGS:  175 15:21:29     -187.239278        0.184791
BFGS:  176 15:21:29     -187.277970        0.179903
BFGS:  177 15:21:29     -187.315932        0.175526
BFGS:  178 15:21:29     -187.353350        0.171715
BFGS:  179 15:21:30     -187.390238        0.168454
BFGS:  180 15:21:30     -187.426603        0.165665
BFGS:  181 15:21:30     -187.462418        0.163260
BFGS:  182 15:21:30     -187.497784        0.161167
BFGS:  183 15:21:30     -187.533113        0.159380
BFGS:  184 15:21:30     -187.568995        0.157846
BFGS:  185 15:21:30     -187.605482        0.156511
BFGS:  186 15:21:30     -187.642653        0.155386
BFGS:  187 15:21:30     -187.680727        0.154534
BFGS:  188 15:21:31     -187.720117        0.154043
BFGS:  189 15:21:31     -187.761481        0.154032
BFGS:  190 15:21:31     -187.805858        0.154677
BFGS:  191 15:21:31     -187.854820        0.156280
BFGS:  192 15:21:31     -187.910530        0.159272
BFGS:  193 15:21:31     -187.976188        0.164332
BFGS:  194 15:21:31     -188.054789        0.171916
BFGS:  195 15:21:31     -188.151776        0.181564
BFGS:  196 15:21:32     -188.271473        0.191794
BFGS:  197 15:21:32     -188.415326        0.217959
BFGS:  198 15:21:32     -188.575386        0.246193
BFGS:  199 15:21:32     -188.669319        0.268323
BFGS:  200 15:21:32     -188.790207        0.285438
BFGS:  201 15:21:32     -188.910493        0.301992
BFGS:  202 15:21:32     -189.030399        0.316666
BFGS:  203 15:21:32     -189.149342        0.330570
BFGS:  204 15:21:33     -189.267454        0.343377
BFGS:  205 15:21:33     -189.384664        0.355566
BFGS:  206 15:21:33     -189.501175        0.366965
BFGS:  207 15:21:33     -189.616991        0.377910
BFGS:  208 15:21:33     -189.732266        0.388219
BFGS:  209 15:21:33     -189.846925        0.398237
BFGS:  210 15:21:33     -189.961072        0.407664
BFGS:  211 15:21:33     -190.074501        0.417026
BFGS:  212 15:21:33     -190.187361        0.425667
BFGS:  213 15:21:34     -190.299210        0.434717
BFGS:  214 15:21:34     -190.410485        0.442395
BFGS:  215 15:21:34     -190.520106        0.451849
BFGS:  216 15:21:34     -190.629405        0.457838
BFGS:  217 15:21:34     -190.735904        0.468420
BFGS:  218 15:21:34     -190.842224        0.473722
BFGS:  219 15:21:34     -190.945832        0.483038
BFGS:  220 15:21:34     -191.048585        0.489282
BFGS:  221 15:21:35     -191.149285        0.496982
BFGS:  222 15:21:35     -191.248543        0.503156
BFGS:  223 15:21:35     -191.345843        0.509657
BFGS:  224 15:21:35     -191.441378        0.515186
BFGS:  225 15:21:35     -191.534916        0.520580
BFGS:  226 15:21:35     -191.626564        0.525114
BFGS:  227 15:21:35     -191.716208        0.529335
BFGS:  228 15:21:35     -191.803942        0.532798
BFGS:  229 15:21:35     -191.889731        0.535847
BFGS:  230 15:21:36     -191.973652        0.538161
BFGS:  231 15:21:36     -192.055693        0.539990
BFGS:  232 15:21:36     -192.135919        0.541072
BFGS:  233 15:21:36     -192.214312        0.541612
BFGS:  234 15:21:36     -192.290914        0.541390
BFGS:  235 15:21:36     -192.365685        0.540611
BFGS:  236 15:21:36     -192.438638        0.539098
BFGS:  237 15:21:36     -192.509718        0.537080
BFGS:  238 15:21:37     -192.578949        0.534411
BFGS:  239 15:21:37     -192.646319        0.531331
BFGS:  240 15:21:37     -192.711941        0.527683
BFGS:  241 15:21:37     -192.775934        0.523691
BFGS:  242 15:21:37     -192.838595        0.519162
BFGS:  243 15:21:37     -192.899507        0.514354
BFGS:  244 15:21:37     -192.957361        0.509185
BFGS:  245 15:21:37     -193.013060        0.503729
BFGS:  246 15:21:37     -193.067537        0.497881
BFGS:  247 15:21:38     -193.121692        0.491823
BFGS:  248 15:21:38     -193.176291        0.485470
BFGS:  249 15:21:38     -193.231936        0.479017
BFGS:  250 15:21:38     -193.289047        0.472402
BFGS:  251 15:21:38     -193.347875        0.465807
BFGS:  252 15:21:38     -193.408538        0.459181
BFGS:  253 15:21:38     -193.471020        0.452654
BFGS:  254 15:21:38     -193.535356        0.446028
BFGS:  255 15:21:39     -193.601618        0.439466
BFGS:  256 15:21:39     -193.669857        0.432920
BFGS:  257 15:21:39     -193.740069        0.426513
BFGS:  258 15:21:39     -193.812223        0.420212
BFGS:  259 15:21:39     -193.886236        0.414114
BFGS:  260 15:21:39     -193.962011        0.408196
BFGS:  261 15:21:39     -194.039406        0.402528
BFGS:  262 15:21:39     -194.118273        0.397092
BFGS:  263 15:21:39     -194.198434        0.391934
BFGS:  264 15:21:40     -194.279712        0.387037
BFGS:  265 15:21:40     -194.361914        0.382421
BFGS:  266 15:21:40     -194.444866        0.378057
BFGS:  267 15:21:40     -194.528410        0.373935
BFGS:  268 15:21:40     -194.612434        0.370006
BFGS:  269 15:21:40     -194.696884        0.366230
BFGS:  270 15:21:40     -194.781784        0.362553
BFGS:  271 15:21:40     -194.867222        0.358941
BFGS:  272 15:21:41     -194.953328        0.355375
BFGS:  273 15:21:41     -195.040221        0.351872
BFGS:  274 15:21:41     -195.127958        0.348461
BFGS:  275 15:21:41     -195.216494        0.345181
BFGS:  276 15:21:41     -195.305691        0.342059
BFGS:  277 15:21:41     -195.395343        0.339105
BFGS:  278 15:21:41     -195.485237        0.340001
BFGS:  279 15:21:41     -195.575202        0.342067
BFGS:  280 15:21:42     -195.665146        0.344008
BFGS:  281 15:21:42     -195.755092        0.345822
BFGS:  282 15:21:42     -195.845204        0.347507
BFGS:  283 15:21:42     -195.935793        0.349058
BFGS:  284 15:21:42     -196.027309        0.350466
BFGS:  285 15:21:42     -196.120250        0.351706
BFGS:  286 15:21:42     -196.215027        0.352741
BFGS:  287 15:21:42     -196.311787        0.353523
BFGS:  288 15:21:42     -196.410292        0.354004
BFGS:  289 15:21:43     -196.509888        0.354152
BFGS:  290 15:21:43     -196.609588        0.353963
BFGS:  291 15:21:43     -196.708235        0.353464
BFGS:  292 15:21:43     -196.804721        0.352708
BFGS:  293 15:21:43     -196.898207        0.351766
BFGS:  294 15:21:44     -196.988290        0.350705
BFGS:  295 15:21:44     -197.075030        0.349577
BFGS:  296 15:21:44     -197.158808        0.348408
BFGS:  297 15:21:45     -197.240172        0.347204
BFGS:  298 15:21:45     -197.319831        0.345922
BFGS:  299 15:21:45     -197.398768        0.344480
BFGS:  300 15:21:45     -197.477715        0.342642
BFGS:  301 15:21:45     -197.557334        0.340328
BFGS:  302 15:21:45     -197.637554        0.337479
BFGS:  303 15:21:45     -197.717798        0.334387
BFGS:  304 15:21:45     -197.797164        0.331156
BFGS:  305 15:21:46     -197.875012        0.327760
BFGS:  306 15:21:46     -197.951151        0.323942
BFGS:  307 15:21:46     -198.025948        0.319455
BFGS:  308 15:21:46     -198.099882        0.314254
BFGS:  309 15:21:49     -198.172620        0.309015
BFGS:  310 15:21:50     -198.242655        0.304597
BFGS:  311 15:21:50     -198.308908        0.301052
BFGS:  312 15:21:50     -198.371609        0.297656
BFGS:  313 15:21:50     -198.431617        0.293794
BFGS:  314 15:21:50     -198.489743        0.289049
BFGS:  315 15:21:50     -198.546185        0.283639
BFGS:  316 15:21:50     -198.600471        0.278066
BFGS:  317 15:21:50     -198.652432        0.272358
BFGS:  318 15:21:51     -198.702017        0.266618
BFGS:  319 15:21:51     -198.749175        0.261008
BFGS:  320 15:21:51     -198.793857        0.255745
BFGS:  321 15:21:51     -198.836037        0.251050
BFGS:  322 15:21:51     -198.875760        0.247078
BFGS:  323 15:21:51     -198.913182        0.243862
BFGS:  324 15:21:51     -198.948595        0.241303
BFGS:  325 15:21:51     -198.982421        0.239192
BFGS:  326 15:21:52     -199.015210        0.237237
BFGS:  327 15:21:52     -199.047657        0.235055
BFGS:  328 15:21:52     -199.080688        0.232131
BFGS:  329 15:21:52     -199.115604        0.227748
BFGS:  330 15:21:52     -199.154333        0.221032
BFGS:  331 15:21:52     -199.199504        0.212097
BFGS:  332 15:21:52     -199.252928        0.208310
BFGS:  333 15:21:52     -199.300414        0.216875
BFGS:  334 15:21:52     -199.349484        0.221640
BFGS:  335 15:21:53     -199.387927        0.226046
BFGS:  336 15:21:53     -199.422434        0.229009
BFGS:  337 15:21:53     -199.452645        0.232677
BFGS:  338 15:21:53     -199.479590        0.235766
BFGS:  339 15:21:53     -199.502485        0.240680
BFGS:  340 15:21:53     -199.522492        0.246499
BFGS:  341 15:21:53     -199.534726        0.252334
BFGS:  342 15:21:53     -199.559368        0.259850
BFGS:  343 15:21:54     -199.574887        0.265768
BFGS:  344 15:21:54     -199.587417        0.269626
BFGS:  345 15:21:54     -199.598474        0.273330
BFGS:  346 15:21:54     -199.608697        0.276386
BFGS:  347 15:21:54     -199.618740        0.279215
BFGS:  348 15:21:54     -199.629291        0.281528
BFGS:  349 15:21:54     -199.641236        0.283324
BFGS:  350 15:21:54     -199.655746        0.284260
BFGS:  351 15:21:54     -199.674548        0.283897
BFGS:  352 15:21:55     -199.700471        0.281076
BFGS:  353 15:21:55     -199.725452        0.275947
BFGS:  354 15:21:55     -199.749026        0.269385
BFGS:  355 15:21:55     -199.765851        0.263657
BFGS:  356 15:21:55     -199.783216        0.257678
BFGS:  357 15:21:55     -199.803850        0.251332
BFGS:  358 15:21:55     -199.831597        0.243922
BFGS:  359 15:21:55     -199.871155        0.235358
BFGS:  360 15:21:56     -199.909945        0.229812
BFGS:  361 15:21:56     -199.950110        0.226421
BFGS:  362 15:21:56     -199.991932        0.224430
BFGS:  363 15:21:56     -200.035039        0.223380
BFGS:  364 15:21:56     -200.078988        0.222934
BFGS:  365 15:21:56     -200.123457        0.236838
BFGS:  366 15:21:56     -200.168281        0.254811
BFGS:  367 15:21:56     -200.213458        0.270652
BFGS:  368 15:21:56     -200.259115        0.284370
BFGS:  369 15:21:57     -200.305438        0.296048
BFGS:  370 15:21:57     -200.352542        0.305922
BFGS:  371 15:21:57     -200.400405        0.314326
BFGS:  372 15:21:57     -200.448866        0.321522
BFGS:  373 15:21:57     -200.497681        0.327706
BFGS:  374 15:21:57     -200.546650        0.333124
BFGS:  375 15:21:57     -200.595607        0.337928
BFGS:  376 15:21:57     -200.644437        0.342208
BFGS:  377 15:21:58     -200.693106        0.346073
BFGS:  378 15:21:58     -200.741617        0.349588
BFGS:  379 15:21:58     -200.790370        0.352690
BFGS:  380 15:21:58     -200.840100        0.355191
BFGS:  381 15:21:58     -200.890996        0.356991
BFGS:  382 15:21:58     -200.942898        0.358135
BFGS:  383 15:21:58     -200.995549        0.358758
BFGS:  384 15:21:58     -201.048733        0.359030
BFGS:  385 15:21:58     -201.102310        0.359112
BFGS:  386 15:21:59     -201.156195        0.359122
BFGS:  387 15:21:59     -201.209755        0.359135
BFGS:  388 15:21:59     -201.263052        0.359192
BFGS:  389 15:21:59     -201.316247        0.359304
BFGS:  390 15:21:59     -201.369515        0.359477
BFGS:  391 15:21:59     -201.423026        0.359730
BFGS:  392 15:21:59     -201.476936        0.360092
BFGS:  393 15:21:59     -201.531077        0.360597
BFGS:  394 15:22:00     -201.584926        0.361223
BFGS:  395 15:22:00     -201.638627        0.361664
BFGS:  396 15:22:00     -201.692184        0.361793
BFGS:  397 15:22:00     -201.745547        0.361647
BFGS:  398 15:22:00     -201.798624        0.361282
BFGS:  399 15:22:00     -201.851429        0.360645
BFGS:  400 15:22:00     -201.903946        0.359754
BFGS:  401 15:22:00     -201.956076        0.358707
BFGS:  402 15:22:01     -202.007705        0.357615
BFGS:  403 15:22:01     -202.058720        0.356592
BFGS:  404 15:22:01     -202.109010        0.355744
BFGS:  405 15:22:01     -202.158472        0.355160
BFGS:  406 15:22:01     -202.207022        0.354904
BFGS:  407 15:22:01     -202.254620        0.354995
BFGS:  408 15:22:01     -202.301351        0.355388
BFGS:  409 15:22:01     -202.347932        0.355729
BFGS:  410 15:22:01     -202.394546        0.356110
BFGS:  411 15:22:02     -202.441227        0.356421
BFGS:  412 15:22:02     -202.487938        0.356590
BFGS:  413 15:22:02     -202.534574        0.356599
BFGS:  414 15:22:02     -202.581139        0.356452
BFGS:  415 15:22:02     -202.627862        0.356242
BFGS:  416 15:22:02     -202.674868        0.355849
BFGS:  417 15:22:02     -202.722208        0.355217
BFGS:  418 15:22:02     -202.769864        0.354337
BFGS:  419 15:22:03     -202.817773        0.353246
BFGS:  420 15:22:03     -202.865845        0.352002
BFGS:  421 15:22:03     -202.913986        0.350670
BFGS:  422 15:22:03     -202.962113        0.349307
BFGS:  423 15:22:03     -203.010156        0.347956
BFGS:  424 15:22:03     -203.058065        0.346644
BFGS:  425 15:22:03     -203.105808        0.345390
BFGS:  426 15:22:03     -203.153419        0.344197
BFGS:  427 15:22:03     -203.200733        0.343315
BFGS:  428 15:22:04     -203.248341        0.343836
BFGS:  429 15:22:04     -203.297315        0.345374
BFGS:  430 15:22:04     -203.348376        0.347405
BFGS:  431 15:22:04     -203.401792        0.349305
BFGS:  432 15:22:04     -203.457164        0.350333
BFGS:  433 15:22:04     -203.513481        0.349817
BFGS:  434 15:22:04     -203.569296        0.347514
BFGS:  435 15:22:04     -203.624829        0.343896
BFGS:  436 15:22:05     -203.680330        0.339199
BFGS:  437 15:22:05     -203.735734        0.333547
BFGS:  438 15:22:05     -203.790818        0.327218
BFGS:  439 15:22:05     -203.845353        0.320509
BFGS:  440 15:22:05     -203.899173        0.313720
BFGS:  441 15:22:05     -203.952139        0.307080
BFGS:  442 15:22:05     -204.004221        0.300589
BFGS:  443 15:22:05     -204.055444        0.294349
BFGS:  444 15:22:06     -204.105858        0.288442
BFGS:  445 15:22:06     -204.155530        0.282876
BFGS:  446 15:22:06     -204.204543        0.277437
BFGS:  447 15:22:06     -204.252982        0.272026
BFGS:  448 15:22:06     -204.300926        0.266533
BFGS:  449 15:22:06     -204.348445        0.260837
BFGS:  450 15:22:06     -204.395586        0.254901
BFGS:  451 15:22:06     -204.442359        0.248753
BFGS:  452 15:22:07     -204.488747        0.242451
BFGS:  453 15:22:07     -204.534711        0.238997
BFGS:  454 15:22:07     -204.580218        0.237100
BFGS:  455 15:22:07     -204.625248        0.235054
BFGS:  456 15:22:07     -204.669791        0.232867
BFGS:  457 15:22:07     -204.713845        0.230551
BFGS:  458 15:22:07     -204.757410        0.228122
BFGS:  459 15:22:07     -204.800489        0.225591
BFGS:  460 15:22:07     -204.843086        0.222962
BFGS:  461 15:22:08     -204.885214        0.220229
BFGS:  462 15:22:08     -204.926888        0.217382
BFGS:  463 15:22:08     -204.968119        0.214410
BFGS:  464 15:22:08     -205.008915        0.211302
BFGS:  465 15:22:08     -205.049271        0.208050
BFGS:  466 15:22:08     -205.089182        0.204642
BFGS:  467 15:22:08     -205.128628        0.201068
BFGS:  468 15:22:08     -205.167629        0.197311
BFGS:  469 15:22:09     -205.206201        0.193359
BFGS:  470 15:22:09     -205.244338        0.189208
BFGS:  471 15:22:09     -205.282021        0.184855
BFGS:  472 15:22:09     -205.319222        0.180300
BFGS:  473 15:22:09     -205.355902        0.175540
BFGS:  474 15:22:09     -205.392023        0.170569
BFGS:  475 15:22:09     -205.427371        0.165399
BFGS:  476 15:22:09     -205.461835        0.160025
BFGS:  477 15:22:10     -205.495389        0.154437
BFGS:  478 15:22:10     -205.528001        0.148628
BFGS:  479 15:22:10     -205.559637        0.142607
BFGS:  480 15:22:10     -205.590259        0.136392
BFGS:  481 15:22:10     -205.619830        0.130011
BFGS:  482 15:22:10     -205.648311        0.123498
BFGS:  483 15:22:10     -205.675664        0.118041
BFGS:  484 15:22:10     -205.701853        0.114610
BFGS:  485 15:22:10     -205.726837        0.110913
BFGS:  486 15:22:11     -205.750566        0.106944
BFGS:  487 15:22:11     -205.773000        0.102701
BFGS:  488 15:22:11     -205.794105        0.098185
BFGS:  489 15:22:11     -205.813855        0.093409
BFGS:  490 15:22:11     -205.832226        0.088392
BFGS:  491 15:22:11     -205.849197        0.083169
BFGS:  492 15:22:11     -205.864747        0.077794
BFGS:  493 15:22:11     -205.878859        0.074472
BFGS:  494 15:22:12     -205.891523        0.070880
BFGS:  495 15:22:12     -205.902786        0.066547
BFGS:  496 15:22:12     -205.912912        0.063056
BFGS:  497 15:22:12     -205.921852        0.061488
BFGS:  498 15:22:12     -205.931009        0.059295
BFGS:  499 15:22:12     -205.945465        0.055770
BFGS:  500 15:22:12     -205.954361        0.053758
BFGS:  501 15:22:12     -205.961134        0.052303
BFGS:  502 15:22:13     -205.966286        0.051118
BFGS:  503 15:22:13     -205.970032        0.049982
BFGS:  504 15:22:13     -205.972806        0.048479
BFGS:  505 15:22:13     -205.975154        0.046706
BFGS:  506 15:22:13     -205.981423        0.040368
BFGS:  507 15:22:13     -205.987314        0.034278
BFGS:  508 15:22:13     -205.991082        0.035156
BFGS:  509 15:22:13     -205.993704        0.034207
BFGS:  510 15:22:13     -205.995279        0.034449
BFGS:  511 15:22:14     -205.997902        0.034718
BFGS:  512 15:22:14     -205.999895        0.034905
BFGS:  513 15:22:14     -206.001248        0.035235
BFGS:  514 15:22:14     -206.002108        0.035743
BFGS:  515 15:22:14     -206.003066        0.036589
BFGS:  516 15:22:14     -206.004110        0.037658
BFGS:  517 15:22:14     -206.005107        0.038525
BFGS:  518 15:22:14     -206.006003        0.038802
BFGS:  519 15:22:15     -206.006975        0.038453
BFGS:  520 15:22:15     -206.008140        0.037521
BFGS:  521 15:22:15     -206.009253        0.036448
BFGS:  522 15:22:15     -206.010053        0.035933
BFGS:  523 15:22:15     -206.010741        0.036060
BFGS:  524 15:22:15     -206.011666        0.036825
BFGS:  525 15:22:15     -206.012908        0.038278
BFGS:  526 15:22:15     -206.014190        0.039877
BFGS:  527 15:22:16     -206.015165        0.040670
BFGS:  528 15:22:16     -206.015913        0.040517
BFGS:  529 15:22:16     -206.016742        0.039711
BFGS:  530 15:22:16     -206.017868        0.038387
BFGS:  531 15:22:16     -206.019341        0.036947
BFGS:  532 15:22:16     -206.021211        0.035911
BFGS:  533 15:22:16     -206.023522        0.035642
BFGS:  534 15:22:16     -206.026046        0.036720
BFGS:  535 15:22:16     -206.028348        0.038497
BFGS:  536 15:22:17     -206.030315        0.039330
BFGS:  537 15:22:17     -206.032423        0.042251
BFGS:  538 15:22:17     -206.035815        0.045008
BFGS:  539 15:22:17     -206.042027        0.047212
BFGS:  540 15:22:17     -206.047554        0.047107
BFGS:  541 15:22:17     -206.052589        0.044302
BFGS:  542 15:22:17     -206.057198        0.039483
BFGS:  543 15:22:17     -206.061226        0.037765
BFGS:  544 15:22:18     -206.064522        0.037526
BFGS:  545 15:22:18     -206.067026        0.038847
BFGS:  546 15:22:18     -206.068898        0.039448
BFGS:  547 15:22:18     -206.070776        0.038506
BFGS:  548 15:22:18     -206.076311        0.043067
BFGS:  549 15:22:18     -206.082645        0.066102
BFGS:  550 15:22:18     -206.088923        0.075113
BFGS:  551 15:22:18     -206.091667        0.055273
BFGS:  552 15:22:19     -206.092908        0.031117
BFGS:  553 15:22:19     -206.093489        0.031132
BFGS:  554 15:22:19     -206.094032        0.031361
BFGS:  555 15:22:19     -206.094559        0.031752
BFGS:  556 15:22:19     -206.095130        0.032150
BFGS:  557 15:22:19     -206.095801        0.032362
BFGS:  558 15:22:19     -206.096613        0.032248
BFGS:  559 15:22:19     -206.097537        0.032917
BFGS:  560 15:22:20     -206.098521        0.045733
BFGS:  561 15:22:20     -206.099526        0.048127
BFGS:  562 15:22:20     -206.100553        0.041665
BFGS:  563 15:22:20     -206.101610        0.034509
BFGS:  564 15:22:20     -206.102665        0.034178
BFGS:  565 15:22:20     -206.103657        0.034414
BFGS:  566 15:22:20     -206.104517        0.032575
BFGS:  567 15:22:20     -206.105209        0.031983
BFGS:  568 15:22:20     -206.105823        0.031060
BFGS:  569 15:22:21     -206.106544        0.030073
BFGS:  570 15:22:21     -206.107669        0.034788
BFGS:  571 15:22:21     -206.109714        0.041020
BFGS:  572 15:22:21     -206.113305        0.041789
BFGS:  573 15:22:21     -206.117270        0.049795
BFGS:  574 15:22:21     -206.121705        0.053404
BFGS:  575 15:22:21     -206.126280        0.051989
BFGS:  576 15:22:21     -206.129794        0.058659
BFGS:  577 15:22:22     -206.133532        0.067829
BFGS:  578 15:22:22     -206.137758        0.069907
BFGS:  579 15:22:22     -206.142430        0.067450
BFGS:  580 15:22:22     -206.147345        0.061824
BFGS:  581 15:22:22     -206.152262        0.053693
BFGS:  582 15:22:22     -206.156922        0.043418
BFGS:  583 15:22:22     -206.161045        0.031302
BFGS:  584 15:22:22     -206.164360        0.026649
BFGS:  585 15:22:23     -206.166662        0.029903
BFGS:  586 15:22:23     -206.167864        0.032151
BFGS:  587 15:22:23     -206.169043        0.031607
BFGS:  588 15:22:23     -206.172069        0.032308
BFGS:  589 15:22:23     -206.176048        0.033770
BFGS:  590 15:22:23     -206.181027        0.030013
BFGS:  591 15:22:23     -206.184695        0.026877
BFGS:  592 15:22:23     -206.186393        0.022474
BFGS:  593 15:22:24     -206.187096        0.022757
BFGS:  594 15:22:24     -206.187760        0.023281
BFGS:  595 15:22:24     -206.188870        0.023059
BFGS:  596 15:22:24     -206.190581        0.020207
BFGS:  597 15:22:24     -206.192392        0.015422
BFGS:  598 15:22:24     -206.193403        0.015794
BFGS:  599 15:22:24     -206.193829        0.015385
BFGS:  600 15:22:24     -206.194219        0.014722
BFGS:  601 15:22:24     -206.194930        0.013372
BFGS:  602 15:22:25     -206.196007        0.013476
BFGS:  603 15:22:25     -206.197039        0.016016
BFGS:  604 15:22:25     -206.197578        0.016718
BFGS:  605 15:22:25     -206.197820        0.015645
BFGS:  606 15:22:25     -206.198096        0.014245
BFGS:  607 15:22:25     -206.198702        0.013397
BFGS:  608 15:22:25     -206.199715        0.011978
BFGS:  609 15:22:25     -206.200801        0.009990
BFGS:  610 15:22:26     -206.201371        0.008732
BFGS:  611 15:22:26     -206.201507        0.008462
BFGS:  612 15:22:26     -206.201541        0.008519
BFGS:  613 15:22:26     -206.201603        0.008650
BFGS:  614 15:22:26     -206.201725        0.008784
BFGS:  615 15:22:26     -206.201912        0.008759
BFGS:  616 15:22:26     -206.202078        0.008389
BFGS:  617 15:22:26     -206.202146        0.007960
BFGS:  618 15:22:27     -206.202163        0.007754
BFGS:  619 15:22:27     -206.202175        0.007638
BFGS:  620 15:22:27     -206.202201        0.007451
BFGS:  621 15:22:27     -206.202250        0.007233
BFGS:  622 15:22:27     -206.202319        0.007092
BFGS:  623 15:22:27     -206.202371        0.007191
BFGS:  624 15:22:27     -206.202393        0.007398
BFGS:  625 15:22:27     -206.202402        0.007533
BFGS:  626 15:22:28     -206.202417        0.007680
BFGS:  627 15:22:28     -206.202454        0.007897
BFGS:  628 15:22:28     -206.202542        0.008180
BFGS:  629 15:22:28     -206.202740        0.008444
BFGS:  630 15:22:28     -206.203089        0.008384
BFGS:  631 15:22:28     -206.203480        0.008200
BFGS:  632 15:22:28     -206.203693        0.007126
BFGS:  633 15:22:28     -206.203752        0.007089
BFGS:  634 15:22:29     -206.203781        0.006821
BFGS:  635 15:22:29     -206.203843        0.006300
BFGS:  636 15:22:29     -206.203988        0.005702
BFGS:  637 15:22:29     -206.204301        0.007106
BFGS:  638 15:22:29     -206.204811        0.008232
BFGS:  639 15:22:29     -206.205295        0.007673
BFGS:  640 15:22:29     -206.205495        0.004965
BFGS:  641 15:22:29     -206.205529        0.003400
BFGS:  642 15:22:29     -206.205536        0.003271
BFGS:  643 15:22:30     -206.205549        0.003111
BFGS:  644 15:22:30     -206.205574        0.002892
BFGS:  645 15:22:30     -206.205613        0.005562
BFGS:  646 15:22:30     -206.205655        0.008066
BFGS:  647 15:22:30     -206.205684        0.009070
BFGS:  648 15:22:30     -206.205701        0.007762
BFGS:  649 15:22:30     -206.205717        0.004849
BFGS:  650 15:22:30     -206.205731        0.002660
BFGS:  651 15:22:31     -206.205737        0.002594
BFGS:  652 15:22:31     -206.205739        0.002547
BFGS:  653 15:22:31     -206.205740        0.002527
BFGS:  654 15:22:31     -206.205741        0.002508
BFGS:  655 15:22:31     -206.205743        0.002495
BFGS:  656 15:22:31     -206.205746        0.002735
BFGS:  657 15:22:31     -206.205749        0.003601
BFGS:  658 15:22:31     -206.205752        0.003775
BFGS:  659 15:22:32     -206.205757        0.003484
BFGS:  660 15:22:32     -206.205765        0.002774
BFGS:  661 15:22:32     -206.205773        0.002991
BFGS:  662 15:22:32     -206.205779        0.003355
BFGS:  663 15:22:32     -206.205784        0.003580
BFGS:  664 15:22:32     -206.205792        0.003960
BFGS:  665 15:22:32     -206.205810        0.004865
BFGS:  666 15:22:32     -206.205845        0.006602
BFGS:  667 15:22:33     -206.205903        0.008455
BFGS:  668 15:22:33     -206.205972        0.012622
BFGS:  669 15:22:33     -206.206033        0.013944
BFGS:  670 15:22:33     -206.206088        0.014068
BFGS:  671 15:22:33     -206.206149        0.010789
BFGS:  672 15:22:33     -206.206208        0.005522
BFGS:  673 15:22:33     -206.206241        0.004476
BFGS:  674 15:22:33     -206.206250        0.003178
BFGS:  675 15:22:33     -206.206251        0.002360
BFGS:  676 15:22:34     -206.206252        0.001420
BFGS:  677 15:22:34     -206.206253        0.000539
