      Step     Time          Energy          fmax
BFGS:    0 14:10:56      108.525941      264.207932
BFGS:    1 14:10:56        1.237646       50.592715
BFGS:    2 14:10:56      -11.115920       34.031106
BFGS:    3 14:10:56      -26.614972       14.628117
BFGS:    4 14:10:56      -34.147053        6.057357
BFGS:    5 14:10:56      -37.898669        2.711858
BFGS:    6 14:10:56      -39.606559        2.631239
BFGS:    7 14:10:56      -40.498831        2.540392
BFGS:    8 14:10:56      -41.741447        2.695176
BFGS:    9 14:10:57      -42.975257        2.707620
BFGS:   10 14:10:57      -44.107386        2.476021
BFGS:   11 14:10:57      -45.072706        2.134931
BFGS:   12 14:10:57      -45.858792        1.777639
BFGS:   13 14:10:57      -46.488870        1.459021
BFGS:   14 14:10:57      -47.001482        1.190449
BFGS:   15 14:10:57      -47.424305        0.967577
BFGS:   16 14:10:57      -47.779680        1.017041
BFGS:   17 14:10:57      -48.084754        1.040267
BFGS:   18 14:10:57      -48.350119        1.029493
BFGS:   19 14:10:57      -48.584479        0.989455
BFGS:   20 14:10:57      -48.791468        0.922840
BFGS:   21 14:10:57      -48.981407        0.829859
BFGS:   22 14:10:57      -49.155775        0.708482
BFGS:   23 14:10:57      -49.338039        0.551427
BFGS:   24 14:10:57      -49.506198        0.429548
BFGS:   25 14:10:57      -49.697065        0.349271
BFGS:   26 14:10:57      -49.744530        0.355388
BFGS:   27 14:10:57      -49.771805        0.326086
BFGS:   28 14:10:57      -49.819225        0.275800
BFGS:   29 14:10:57      -49.877243        0.278197
BFGS:   30 14:10:57      -49.980971        0.301362
BFGS:   31 14:10:58      -50.049230        0.229128
BFGS:   32 14:10:58      -50.076944        0.167351
BFGS:   33 14:10:58      -50.083581        0.182537
BFGS:   34 14:10:58      -50.088832        0.191490
BFGS:   35 14:10:58      -50.103232        0.206671
BFGS:   36 14:10:58      -50.123621        0.216339
BFGS:   37 14:10:58      -50.150704        0.213987
BFGS:   38 14:10:58      -50.176024        0.233058
BFGS:   39 14:10:58      -50.200334        0.200678
BFGS:   40 14:10:58      -50.220440        0.161985
BFGS:   41 14:10:58      -50.231201        0.141729
BFGS:   42 14:10:58      -50.238287        0.112589
BFGS:   43 14:10:58      -50.245633        0.112624
BFGS:   44 14:10:58      -50.256731        0.120423
BFGS:   45 14:10:58      -50.273722        0.124077
BFGS:   46 14:10:58      -50.290684        0.116425
BFGS:   47 14:10:58      -50.297828        0.103933
BFGS:   48 14:10:58      -50.299918        0.096758
BFGS:   49 14:10:58      -50.301732        0.090516
BFGS:   50 14:10:58      -50.304714        0.082909
BFGS:   51 14:10:58      -50.312200        0.086368
BFGS:   52 14:10:58      -50.324880        0.103033
BFGS:   53 14:10:59      -50.338989        0.097598
BFGS:   54 14:10:59      -50.347027        0.087631
BFGS:   55 14:10:59      -50.350159        0.099313
BFGS:   56 14:10:59      -50.352103        0.101577
BFGS:   57 14:10:59      -50.356741        0.102460
BFGS:   58 14:10:59      -50.366730        0.102192
BFGS:   59 14:10:59      -50.383671        0.099612
BFGS:   60 14:10:59      -50.399499        0.087859
BFGS:   61 14:10:59      -50.411582        0.075032
BFGS:   62 14:10:59      -50.415621        0.071217
BFGS:   63 14:10:59      -50.416791        0.072098
BFGS:   64 14:10:59      -50.419862        0.068475
BFGS:   65 14:10:59      -50.424745        0.055270
BFGS:   66 14:10:59      -50.430350        0.042946
BFGS:   67 14:10:59      -50.433171        0.044338
BFGS:   68 14:10:59      -50.433936        0.033549
BFGS:   69 14:10:59      -50.434192        0.028057
BFGS:   70 14:10:59      -50.434612        0.027914
BFGS:   71 14:10:59      -50.435498        0.026036
BFGS:   72 14:10:59      -50.436900        0.027946
BFGS:   73 14:10:59      -50.438236        0.032636
BFGS:   74 14:10:59      -50.438873        0.027220
BFGS:   75 14:10:59      -50.439112        0.027332
BFGS:   76 14:11:00      -50.439362        0.028301
BFGS:   77 14:11:00      -50.439956        0.029223
BFGS:   78 14:11:00      -50.441305        0.029394
BFGS:   79 14:11:00      -50.444058        0.046629
BFGS:   80 14:11:00      -50.448245        0.058004
BFGS:   81 14:11:00      -50.452387        0.074446
BFGS:   82 14:11:00      -50.455344        0.073996
BFGS:   83 14:11:00      -50.458351        0.074239
BFGS:   84 14:11:00      -50.463326        0.089602
BFGS:   85 14:11:00      -50.473534        0.106409
BFGS:   86 14:11:00      -50.487233        0.120452
BFGS:   87 14:11:00      -50.503469        0.131026
BFGS:   88 14:11:00      -50.521990        0.137069
BFGS:   89 14:11:00      -50.541532        0.139620
BFGS:   90 14:11:00      -50.560171        0.150313
BFGS:   91 14:11:00      -50.576852        0.160216
BFGS:   92 14:11:00      -50.590356        0.165791
BFGS:   93 14:11:00      -50.599196        0.171127
BFGS:   94 14:11:00      -50.605620        0.173296
BFGS:   95 14:11:00      -50.613563        0.170487
BFGS:   96 14:11:00      -50.620211        0.165607
BFGS:   97 14:11:00      -50.632168        0.149747
BFGS:   98 14:11:01      -50.650488        0.127449
BFGS:   99 14:11:01      -50.675442        0.102572
BFGS:  100 14:11:01      -50.695449        0.089927
BFGS:  101 14:11:01      -50.707152        0.095510
BFGS:  102 14:11:01      -50.710238        0.086334
BFGS:  103 14:11:01      -50.711565        0.087154
BFGS:  104 14:11:01      -50.714708        0.087989
BFGS:  105 14:11:01      -50.718149        0.090824
BFGS:  106 14:11:01      -50.721863        0.158548
BFGS:  107 14:11:01      -50.726025        0.212214
BFGS:  108 14:11:01      -50.732331        0.247242
BFGS:  109 14:11:01      -50.744269        0.266001
BFGS:  110 14:11:01      -50.767194        0.251714
BFGS:  111 14:11:01      -50.788485        0.179289
BFGS:  112 14:11:01      -50.804480        0.127459
BFGS:  113 14:11:01      -50.817657        0.109353
BFGS:  114 14:11:01      -50.829404        0.112481
BFGS:  115 14:11:01      -50.839644        0.126709
BFGS:  116 14:11:01      -50.849837        0.138338
BFGS:  117 14:11:01      -50.856757        0.157802
BFGS:  118 14:11:01      -50.854654        0.158108
BFGS:  119 14:11:01      -50.872302        0.105237
BFGS:  120 14:11:01      -50.880179        0.105032
BFGS:  121 14:11:02      -50.891377        0.103214
BFGS:  122 14:11:02      -50.901731        0.120193
BFGS:  123 14:11:02      -50.910438        0.140097
BFGS:  124 14:11:02      -50.918805        0.150482
BFGS:  125 14:11:02      -50.927490        0.165223
BFGS:  126 14:11:02      -50.935446        0.186001
BFGS:  127 14:11:02      -50.943926        0.204714
BFGS:  128 14:11:02      -50.952823        0.221439
BFGS:  129 14:11:02      -50.961346        0.232765
BFGS:  130 14:11:02      -50.977321        0.254454
BFGS:  131 14:11:02      -50.992973        0.248391
BFGS:  132 14:11:02      -51.032620        0.239198
BFGS:  133 14:11:02      -51.059228        0.206604
BFGS:  134 14:11:02      -51.098623        0.228590
BFGS:  135 14:11:02      -51.144261        0.241876
BFGS:  136 14:11:02      -51.186485        0.277266
BFGS:  137 14:11:02      -51.211997        0.247315
BFGS:  138 14:11:02      -51.246718        0.241903
BFGS:  139 14:11:02      -51.279279        0.191192
BFGS:  140 14:11:02      -51.310497        0.184523
BFGS:  141 14:11:02      -51.328023        0.145568
BFGS:  142 14:11:03      -51.345783        0.112742
BFGS:  143 14:11:03      -51.358779        0.076266
BFGS:  144 14:11:03      -51.367228        0.086626
BFGS:  145 14:11:03      -51.373757        0.084656
BFGS:  146 14:11:03      -51.381552        0.071786
BFGS:  147 14:11:03      -51.384464        0.063434
BFGS:  148 14:11:03      -51.386919        0.061655
BFGS:  149 14:11:03      -51.388576        0.061991
BFGS:  150 14:11:03      -51.390254        0.059182
BFGS:  151 14:11:03      -51.392123        0.055575
BFGS:  152 14:11:03      -51.395755        0.050314
BFGS:  153 14:11:03      -51.398679        0.051789
BFGS:  154 14:11:03      -51.400966        0.051478
BFGS:  155 14:11:03      -51.403149        0.051749
BFGS:  156 14:11:03      -51.406042        0.053580
BFGS:  157 14:11:03      -51.409209        0.051606
BFGS:  158 14:11:03      -51.411988        0.050387
BFGS:  159 14:11:03      -51.414109        0.048201
BFGS:  160 14:11:03      -51.415536        0.056529
BFGS:  161 14:11:03      -51.418136        0.059980
BFGS:  162 14:11:03      -51.421259        0.063780
BFGS:  163 14:11:03      -51.425223        0.082336
BFGS:  164 14:11:03      -51.427004        0.083330
BFGS:  165 14:11:04      -51.428207        0.080631
BFGS:  166 14:11:04      -51.429308        0.070067
BFGS:  167 14:11:04      -51.431043        0.057254
BFGS:  168 14:11:04      -51.432598        0.075925
BFGS:  169 14:11:04      -51.433705        0.073889
BFGS:  170 14:11:04      -51.434411        0.072452
BFGS:  171 14:11:04      -51.435067        0.069125
BFGS:  172 14:11:04      -51.435592        0.063469
BFGS:  173 14:11:04      -51.435916        0.059850
BFGS:  174 14:11:04      -51.436112        0.056824
BFGS:  175 14:11:04      -51.436362        0.053434
BFGS:  176 14:11:04      -51.436773        0.052043
BFGS:  177 14:11:04      -51.437355        0.053323
BFGS:  178 14:11:04      -51.437903        0.055978
BFGS:  179 14:11:04      -51.438335        0.059324
BFGS:  180 14:11:04      -51.438830        0.062959
BFGS:  181 14:11:04      -51.439649        0.066591
BFGS:  182 14:11:04      -51.440931        0.067728
BFGS:  183 14:11:04      -51.442242        0.062801
BFGS:  184 14:11:04      -51.443037        0.055258
BFGS:  185 14:11:04      -51.443484        0.050556
BFGS:  186 14:11:04      -51.444069        0.046538
BFGS:  187 14:11:04      -51.445360        0.048498
BFGS:  188 14:11:05      -51.448155        0.056686
BFGS:  189 14:11:05      -51.452759        0.073266
BFGS:  190 14:11:05      -51.457405        0.086712
BFGS:  191 14:11:05      -51.460019        0.096322
BFGS:  192 14:11:05      -51.461203        0.084446
BFGS:  193 14:11:05      -51.462300        0.069469
BFGS:  194 14:11:05      -51.464320        0.057102
BFGS:  195 14:11:05      -51.467671        0.050844
BFGS:  196 14:11:05      -51.470794        0.058269
BFGS:  197 14:11:05      -51.472442        0.055165
BFGS:  198 14:11:05      -51.473053        0.051699
BFGS:  199 14:11:05      -51.473552        0.053944
BFGS:  200 14:11:05      -51.474639        0.055954
BFGS:  201 14:11:05      -51.476656        0.058027
BFGS:  202 14:11:05      -51.480046        0.059064
BFGS:  203 14:11:05      -51.483101        0.058227
BFGS:  204 14:11:05      -51.484582        0.056087
BFGS:  205 14:11:05      -51.485245        0.051254
BFGS:  206 14:11:05      -51.486096        0.046938
BFGS:  207 14:11:05      -51.487449        0.044314
BFGS:  208 14:11:05      -51.490465        0.069718
BFGS:  209 14:11:05      -51.492657        0.091690
BFGS:  210 14:11:06      -51.493970        0.109260
BFGS:  211 14:11:06      -51.494769        0.108849
BFGS:  212 14:11:06      -51.496392        0.107641
BFGS:  213 14:11:06      -51.499599        0.088580
BFGS:  214 14:11:06      -51.504902        0.075027
BFGS:  215 14:11:06      -51.510190        0.052929
BFGS:  216 14:11:06      -51.513680        0.041865
BFGS:  217 14:11:06      -51.516465        0.060994
BFGS:  218 14:11:06      -51.517455        0.073218
BFGS:  219 14:11:06      -51.518887        0.059065
BFGS:  220 14:11:06      -51.519653        0.041764
BFGS:  221 14:11:06      -51.520304        0.047148
BFGS:  222 14:11:06      -51.520865        0.048173
BFGS:  223 14:11:06      -51.522457        0.047417
BFGS:  224 14:11:06      -51.524407        0.043997
BFGS:  225 14:11:06      -51.526529        0.039627
BFGS:  226 14:11:06      -51.527404        0.034177
BFGS:  227 14:11:06      -51.527701        0.034066
BFGS:  228 14:11:06      -51.527952        0.030791
BFGS:  229 14:11:06      -51.528384        0.029335
BFGS:  230 14:11:06      -51.529360        0.028181
BFGS:  231 14:11:06      -51.531251        0.026018
BFGS:  232 14:11:06      -51.533994        0.026104
BFGS:  233 14:11:07      -51.535728        0.021443
BFGS:  234 14:11:07      -51.536212        0.021433
BFGS:  235 14:11:07      -51.536314        0.021677
BFGS:  236 14:11:07      -51.536364        0.021786
BFGS:  237 14:11:07      -51.536411        0.021838
BFGS:  238 14:11:07      -51.536466        0.021770
BFGS:  239 14:11:07      -51.536601        0.021480
BFGS:  240 14:11:07      -51.536857        0.025358
BFGS:  241 14:11:07      -51.537489        0.032148
BFGS:  242 14:11:07      -51.538463        0.033955
BFGS:  243 14:11:07      -51.539480        0.030727
BFGS:  244 14:11:07      -51.539944        0.024376
BFGS:  245 14:11:07      -51.540095        0.024357
BFGS:  246 14:11:07      -51.540199        0.024072
BFGS:  247 14:11:07      -51.540353        0.023736
BFGS:  248 14:11:07      -51.540670        0.022990
BFGS:  249 14:11:07      -51.541357        0.023783
BFGS:  250 14:11:07      -51.542513        0.025301
BFGS:  251 14:11:07      -51.543650        0.024198
BFGS:  252 14:11:07      -51.544242        0.020656
BFGS:  253 14:11:07      -51.544405        0.017525
BFGS:  254 14:11:08      -51.544458        0.016744
BFGS:  255 14:11:08      -51.544565        0.016204
BFGS:  256 14:11:08      -51.544728        0.019275
BFGS:  257 14:11:08      -51.545058        0.028972
BFGS:  258 14:11:08      -51.545544        0.050033
BFGS:  259 14:11:08      -51.546204        0.069947
BFGS:  260 14:11:08      -51.546976        0.079918
BFGS:  261 14:11:08      -51.547931        0.073272
BFGS:  262 14:11:08      -51.549027        0.048547
BFGS:  263 14:11:08      -51.549835        0.021001
BFGS:  264 14:11:08      -51.550114        0.016807
BFGS:  265 14:11:08      -51.550176        0.015478
BFGS:  266 14:11:08      -51.550199        0.015266
BFGS:  267 14:11:08      -51.550234        0.015003
BFGS:  268 14:11:08      -51.550297        0.014267
BFGS:  269 14:11:08      -51.550385        0.022217
BFGS:  270 14:11:08      -51.550490        0.031095
BFGS:  271 14:11:08      -51.550599        0.033758
BFGS:  272 14:11:08      -51.550729        0.029551
BFGS:  273 14:11:08      -51.550901        0.022817
BFGS:  274 14:11:08      -51.551090        0.020185
BFGS:  275 14:11:08      -51.551223        0.013966
BFGS:  276 14:11:09      -51.551283        0.014419
BFGS:  277 14:11:09      -51.551311        0.012473
BFGS:  278 14:11:09      -51.551335        0.007540
BFGS:  279 14:11:09      -51.551355        0.003656
BFGS:  280 14:11:09      -51.551363        0.002669
BFGS:  281 14:11:09      -51.551366        0.002580
BFGS:  282 14:11:09      -51.551367        0.002571
BFGS:  283 14:11:09      -51.551368        0.002587
BFGS:  284 14:11:09      -51.551370        0.002614
BFGS:  285 14:11:09      -51.551372        0.002616
BFGS:  286 14:11:09      -51.551373        0.002578
BFGS:  287 14:11:09      -51.551374        0.002517
BFGS:  288 14:11:09      -51.551374        0.002461
BFGS:  289 14:11:09      -51.551375        0.002437
BFGS:  290 14:11:09      -51.551376        0.002545
BFGS:  291 14:11:09      -51.551378        0.003146
BFGS:  292 14:11:09      -51.551380        0.003477
BFGS:  293 14:11:09      -51.551381        0.003183
BFGS:  294 14:11:09      -51.551383        0.003557
BFGS:  295 14:11:09      -51.551386        0.003731
BFGS:  296 14:11:09      -51.551390        0.003840
BFGS:  297 14:11:09      -51.551398        0.006591
BFGS:  298 14:11:09      -51.551406        0.007695
BFGS:  299 14:11:10      -51.551412        0.005727
BFGS:  300 14:11:10      -51.551415        0.004208
BFGS:  301 14:11:10      -51.551418        0.003636
BFGS:  302 14:11:10      -51.551421        0.003701
BFGS:  303 14:11:10      -51.551424        0.005290
BFGS:  304 14:11:10      -51.551428        0.005199
BFGS:  305 14:11:10      -51.551431        0.003300
BFGS:  306 14:11:10      -51.551434        0.003302
BFGS:  307 14:11:10      -51.551436        0.003447
BFGS:  308 14:11:10      -51.551438        0.003600
BFGS:  309 14:11:10      -51.551439        0.003734
BFGS:  310 14:11:10      -51.551443        0.003865
BFGS:  311 14:11:10      -51.551448        0.003896
BFGS:  312 14:11:10      -51.551454        0.003713
BFGS:  313 14:11:10      -51.551457        0.003427
BFGS:  314 14:11:10      -51.551458        0.003249
BFGS:  315 14:11:10      -51.551459        0.003115
BFGS:  316 14:11:10      -51.551460        0.002977
BFGS:  317 14:11:10      -51.551462        0.002810
BFGS:  318 14:11:10      -51.551466        0.002890
BFGS:  319 14:11:10      -51.551469        0.003351
BFGS:  320 14:11:10      -51.551470        0.003625
BFGS:  321 14:11:11      -51.551471        0.003700
BFGS:  322 14:11:11      -51.551472        0.003711
BFGS:  323 14:11:11      -51.551474        0.003632
BFGS:  324 14:11:11      -51.551476        0.003404
BFGS:  325 14:11:11      -51.551478        0.003109
BFGS:  326 14:11:11      -51.551479        0.002931
BFGS:  327 14:11:11      -51.551480        0.002861
BFGS:  328 14:11:11      -51.551481        0.002793
BFGS:  329 14:11:11      -51.551482        0.002684
BFGS:  330 14:11:11      -51.551485        0.002521
BFGS:  331 14:11:11      -51.551488        0.002366
BFGS:  332 14:11:11      -51.551489        0.002355
BFGS:  333 14:11:11      -51.551489        0.002449
BFGS:  334 14:11:11      -51.551490        0.002517
BFGS:  335 14:11:11      -51.551491        0.002603
BFGS:  336 14:11:11      -51.551493        0.002673
BFGS:  337 14:11:11      -51.551497        0.002974
BFGS:  338 14:11:11      -51.551501        0.003294
BFGS:  339 14:11:11      -51.551504        0.003140
BFGS:  340 14:11:11      -51.551506        0.002923
BFGS:  341 14:11:11      -51.551507        0.003083
BFGS:  342 14:11:11      -51.551509        0.003155
BFGS:  343 14:11:11      -51.551513        0.002955
BFGS:  344 14:11:12      -51.551521        0.003480
BFGS:  345 14:11:12      -51.551530        0.004024
BFGS:  346 14:11:12      -51.551535        0.004102
BFGS:  347 14:11:12      -51.551537        0.003856
BFGS:  348 14:11:12      -51.551539        0.003413
BFGS:  349 14:11:12      -51.551543        0.002507
BFGS:  350 14:11:12      -51.551549        0.002730
BFGS:  351 14:11:12      -51.551554        0.002456
BFGS:  352 14:11:12      -51.551556        0.001638
BFGS:  353 14:11:12      -51.551557        0.001449
BFGS:  354 14:11:12      -51.551557        0.001293
BFGS:  355 14:11:12      -51.551558        0.001029
BFGS:  356 14:11:12      -51.551558        0.000818
