      Step     Time          Energy          fmax
BFGS:    0 22:14:15      -75.522077        6.059512
BFGS:    1 22:14:15      -81.807410        3.920360
BFGS:    2 22:14:15      -87.645172        1.791199
BFGS:    3 22:14:15      -89.893464        0.965550
BFGS:    4 22:14:15      -91.312867        0.834758
BFGS:    5 22:14:15      -92.360779        0.812121
BFGS:    6 22:14:15      -93.558351        0.781217
BFGS:    7 22:14:15      -94.632270        0.738869
BFGS:    8 22:14:15      -95.574423        0.741187
BFGS:    9 22:14:15      -96.336664        0.693862
BFGS:   10 22:14:15      -96.716494        0.783640
BFGS:   11 22:14:15      -96.864993        0.785770
BFGS:   12 22:14:16      -97.689488        0.766935
BFGS:   13 22:14:16      -98.173681        0.652045
BFGS:   14 22:14:16      -98.761717        0.493147
BFGS:   15 22:14:16      -98.929418        0.536774
BFGS:   16 22:14:16      -99.019057        0.533764
BFGS:   17 22:14:16      -99.115557        0.541932
BFGS:   18 22:14:16      -99.338191        0.547672
BFGS:   19 22:14:16      -99.469694        0.562391
BFGS:   20 22:14:16      -99.712316        0.603035
BFGS:   21 22:14:16      -99.895802        0.629568
BFGS:   22 22:14:16      -99.953061        0.628118
BFGS:   23 22:14:16      -99.978965        0.623565
BFGS:   24 22:14:16     -100.256967        0.546640
BFGS:   25 22:14:16     -100.419184        0.492541
BFGS:   26 22:14:16     -100.548741        0.449557
BFGS:   27 22:14:17     -100.653717        0.411226
BFGS:   28 22:14:17     -100.730072        0.376115
BFGS:   29 22:14:17     -100.781084        0.345388
BFGS:   30 22:14:17     -100.821487        0.362431
BFGS:   31 22:14:17     -100.886396        0.367833
BFGS:   32 22:14:17     -100.973292        0.358941
BFGS:   33 22:14:17     -101.079341        0.342614
BFGS:   34 22:14:17     -101.200118        0.321293
BFGS:   35 22:14:17     -101.331626        0.300659
BFGS:   36 22:14:17     -101.471456        0.300363
BFGS:   37 22:14:17     -101.617605        0.290074
BFGS:   38 22:14:17     -101.760285        0.269582
BFGS:   39 22:14:17     -101.889222        0.241402
BFGS:   40 22:14:17     -101.999321        0.207363
BFGS:   41 22:14:18     -102.090813        0.165330
BFGS:   42 22:14:18     -102.159265        0.155714
BFGS:   43 22:14:18     -102.186910        0.172069
BFGS:   44 22:14:18     -102.195336        0.161802
BFGS:   45 22:14:18     -102.240066        0.170794
BFGS:   46 22:14:18     -102.280235        0.180349
BFGS:   47 22:14:18     -102.356365        0.172101
BFGS:   48 22:14:18     -102.416452        0.136907
BFGS:   49 22:14:18     -102.449028        0.107291
BFGS:   50 22:14:18     -102.458888        0.090190
BFGS:   51 22:14:18     -102.462717        0.076293
BFGS:   52 22:14:18     -102.467828        0.079617
BFGS:   53 22:14:18     -102.477660        0.081555
BFGS:   54 22:14:18     -102.493464        0.074237
BFGS:   55 22:14:19     -102.510510        0.071388
BFGS:   56 22:14:19     -102.520129        0.051552
BFGS:   57 22:14:19     -102.522745        0.045338
BFGS:   58 22:14:19     -102.523438        0.043261
BFGS:   59 22:14:19     -102.524047        0.042547
BFGS:   60 22:14:19     -102.526840        0.039751
BFGS:   61 22:14:19     -102.531563        0.038515
BFGS:   62 22:14:19     -102.541037        0.044270
BFGS:   63 22:14:19     -102.551420        0.035442
BFGS:   64 22:14:19     -102.556147        0.027641
BFGS:   65 22:14:19     -102.556851        0.031935
BFGS:   66 22:14:19     -102.557005        0.033347
BFGS:   67 22:14:19     -102.557147        0.033947
BFGS:   68 22:14:19     -102.557568        0.034706
BFGS:   69 22:14:20     -102.558430        0.034969
BFGS:   70 22:14:20     -102.560033        0.033689
BFGS:   71 22:14:20     -102.561870        0.039816
BFGS:   72 22:14:20     -102.563034        0.046562
BFGS:   73 22:14:20     -102.563569        0.042652
BFGS:   74 22:14:20     -102.563941        0.034533
BFGS:   75 22:14:20     -102.564476        0.023577
BFGS:   76 22:14:20     -102.565145        0.023542
BFGS:   77 22:14:20     -102.565606        0.023608
BFGS:   78 22:14:20     -102.565790        0.023860
BFGS:   79 22:14:20     -102.565896        0.023946
BFGS:   80 22:14:20     -102.566101        0.023917
BFGS:   81 22:14:20     -102.566593        0.023527
BFGS:   82 22:14:20     -102.567708        0.022135
BFGS:   83 22:14:21     -102.569794        0.026975
BFGS:   84 22:14:21     -102.572506        0.040260
BFGS:   85 22:14:21     -102.574440        0.042970
BFGS:   86 22:14:21     -102.575171        0.037786
BFGS:   87 22:14:21     -102.575678        0.033100
BFGS:   88 22:14:21     -102.576552        0.033208
BFGS:   89 22:14:21     -102.577871        0.031597
BFGS:   90 22:14:21     -102.579332        0.036456
BFGS:   91 22:14:21     -102.580269        0.044315
BFGS:   92 22:14:21     -102.580762        0.041801
BFGS:   93 22:14:21     -102.581281        0.035563
BFGS:   94 22:14:21     -102.582233        0.025350
BFGS:   95 22:14:21     -102.583464        0.017902
BFGS:   96 22:14:21     -102.584351        0.014243
BFGS:   97 22:14:22     -102.584624        0.012316
BFGS:   98 22:14:22     -102.584689        0.011835
BFGS:   99 22:14:22     -102.584759        0.011387
BFGS:  100 22:14:22     -102.584943        0.011274
BFGS:  101 22:14:22     -102.585333        0.017341
BFGS:  102 22:14:22     -102.586058        0.029369
BFGS:  103 22:14:22     -102.586937        0.038948
BFGS:  104 22:14:22     -102.587541        0.040566
BFGS:  105 22:14:22     -102.587857        0.037141
BFGS:  106 22:14:22     -102.588137        0.031827
BFGS:  107 22:14:22     -102.588548        0.023715
BFGS:  108 22:14:22     -102.589005        0.015039
BFGS:  109 22:14:22     -102.589264        0.008635
BFGS:  110 22:14:22     -102.589327        0.005957
BFGS:  111 22:14:23     -102.589339        0.005937
BFGS:  112 22:14:23     -102.589356        0.005889
BFGS:  113 22:14:23     -102.589399        0.005726
BFGS:  114 22:14:23     -102.589497        0.009769
BFGS:  115 22:14:23     -102.589691        0.015611
BFGS:  116 22:14:23     -102.589956        0.017928
BFGS:  117 22:14:23     -102.590152        0.013568
BFGS:  118 22:14:23     -102.590221        0.008204
BFGS:  119 22:14:23     -102.590247        0.006681
BFGS:  120 22:14:23     -102.590284        0.006392
BFGS:  121 22:14:23     -102.590360        0.006251
BFGS:  122 22:14:23     -102.590476        0.008470
BFGS:  123 22:14:23     -102.590581        0.007073
BFGS:  124 22:14:23     -102.590622        0.004232
BFGS:  125 22:14:24     -102.590629        0.004211
BFGS:  126 22:14:24     -102.590631        0.004267
BFGS:  127 22:14:24     -102.590637        0.004347
BFGS:  128 22:14:24     -102.590651        0.004434
BFGS:  129 22:14:24     -102.590681        0.004868
BFGS:  130 22:14:24     -102.590728        0.006257
BFGS:  131 22:14:24     -102.590776        0.005681
BFGS:  132 22:14:24     -102.590799        0.004197
BFGS:  133 22:14:24     -102.590808        0.003738
BFGS:  134 22:14:24     -102.590817        0.003712
BFGS:  135 22:14:24     -102.590837        0.004050
BFGS:  136 22:14:24     -102.590878        0.005310
BFGS:  137 22:14:24     -102.590941        0.006126
BFGS:  138 22:14:24     -102.590999        0.004845
BFGS:  139 22:14:25     -102.591023        0.003750
BFGS:  140 22:14:25     -102.591030        0.003480
BFGS:  141 22:14:25     -102.591036        0.003523
BFGS:  142 22:14:25     -102.591053        0.003689
BFGS:  143 22:14:25     -102.591091        0.004251
BFGS:  144 22:14:25     -102.591174        0.006939
BFGS:  145 22:14:25     -102.591327        0.009143
BFGS:  146 22:14:25     -102.591535        0.008916
BFGS:  147 22:14:25     -102.591610        0.008583
BFGS:  148 22:14:25     -102.591664        0.007050
BFGS:  149 22:14:25     -102.591687        0.006977
BFGS:  150 22:14:25     -102.591724        0.007120
BFGS:  151 22:14:25     -102.591781        0.006822
BFGS:  152 22:14:25     -102.591928        0.007208
BFGS:  153 22:14:25     -102.592123        0.008469
BFGS:  154 22:14:26     -102.592288        0.009600
BFGS:  155 22:14:26     -102.592339        0.008411
BFGS:  156 22:14:26     -102.592351        0.007162
BFGS:  157 22:14:26     -102.592365        0.006976
BFGS:  158 22:14:26     -102.592389        0.007033
BFGS:  159 22:14:26     -102.592419        0.006876
BFGS:  160 22:14:26     -102.592443        0.008036
BFGS:  161 22:14:26     -102.592457        0.008470
BFGS:  162 22:14:26     -102.592469        0.007547
BFGS:  163 22:14:26     -102.592493        0.006976
BFGS:  164 22:14:26     -102.592528        0.006949
BFGS:  165 22:14:26     -102.592561        0.006864
BFGS:  166 22:14:26     -102.592581        0.007586
BFGS:  167 22:14:26     -102.592594        0.007552
BFGS:  168 22:14:27     -102.592616        0.006887
BFGS:  169 22:14:27     -102.592669        0.006531
BFGS:  170 22:14:27     -102.592798        0.007770
BFGS:  171 22:14:27     -102.593081        0.013563
BFGS:  172 22:14:27     -102.593563        0.018356
BFGS:  173 22:14:27     -102.594089        0.016584
BFGS:  174 22:14:27     -102.594360        0.011208
BFGS:  175 22:14:27     -102.594427        0.010140
BFGS:  176 22:14:27     -102.594462        0.009329
BFGS:  177 22:14:27     -102.594521        0.008527
BFGS:  178 22:14:27     -102.594726        0.008163
BFGS:  179 22:14:27     -102.594968        0.015601
BFGS:  180 22:14:27     -102.595149        0.021643
BFGS:  181 22:14:27     -102.595239        0.023252
BFGS:  182 22:14:28     -102.595305        0.021023
BFGS:  183 22:14:28     -102.595392        0.015202
BFGS:  184 22:14:28     -102.595486        0.007131
BFGS:  185 22:14:28     -102.595541        0.005281
BFGS:  186 22:14:28     -102.595561        0.004469
BFGS:  187 22:14:28     -102.595566        0.003810
BFGS:  188 22:14:28     -102.595568        0.003114
BFGS:  189 22:14:28     -102.595574        0.002549
BFGS:  190 22:14:28     -102.595580        0.002551
BFGS:  191 22:14:28     -102.595585        0.003138
BFGS:  192 22:14:28     -102.595588        0.003768
BFGS:  193 22:14:28     -102.595591        0.003964
BFGS:  194 22:14:28     -102.595597        0.003806
BFGS:  195 22:14:28     -102.595609        0.003119
BFGS:  196 22:14:29     -102.595625        0.002266
BFGS:  197 22:14:29     -102.595638        0.002153
BFGS:  198 22:14:29     -102.595644        0.002111
BFGS:  199 22:14:29     -102.595645        0.002121
BFGS:  200 22:14:29     -102.595646        0.002131
BFGS:  201 22:14:29     -102.595648        0.002137
BFGS:  202 22:14:29     -102.595653        0.002106
BFGS:  203 22:14:29     -102.595660        0.003438
BFGS:  204 22:14:29     -102.595665        0.004489
BFGS:  205 22:14:29     -102.595669        0.004577
BFGS:  206 22:14:29     -102.595674        0.004142
BFGS:  207 22:14:29     -102.595684        0.004024
BFGS:  208 22:14:29     -102.595702        0.003678
BFGS:  209 22:14:29     -102.595728        0.002586
BFGS:  210 22:14:30     -102.595750        0.002173
BFGS:  211 22:14:30     -102.595759        0.001880
BFGS:  212 22:14:30     -102.595761        0.001661
BFGS:  213 22:14:30     -102.595761        0.001495
BFGS:  214 22:14:30     -102.595763        0.001080
BFGS:  215 22:14:30     -102.595764        0.000730
