      Step     Time          Energy          fmax
BFGS:    0 13:50:43      -82.317976        2.854312
BFGS:    1 13:50:43      -83.782412        2.204064
BFGS:    2 13:50:43      -86.684493        0.841747
BFGS:    3 13:50:43      -87.457808        0.636273
BFGS:    4 13:50:43      -87.925086        0.711644
BFGS:    5 13:50:43      -88.240612        0.808201
BFGS:    6 13:50:43      -88.626788        0.848141
BFGS:    7 13:50:43      -89.140048        0.767319
BFGS:    8 13:50:43      -89.546939        0.548474
BFGS:    9 13:50:43      -89.743707        0.423970
BFGS:   10 13:50:44      -90.036965        0.372475
BFGS:   11 13:50:44      -90.072777        0.335984
BFGS:   12 13:50:44      -90.134289        0.284900
BFGS:   13 13:50:44      -90.261470        0.267870
BFGS:   14 13:50:44      -90.559343        0.268576
BFGS:   15 13:50:44      -90.939767        0.312373
BFGS:   16 13:50:44      -91.239720        0.411750
BFGS:   17 13:50:44      -91.498253        0.470476
BFGS:   18 13:50:44      -91.688231        0.500906
BFGS:   19 13:50:44      -91.872719        0.505627
BFGS:   20 13:50:44      -92.090863        0.460189
BFGS:   21 13:50:44      -92.228743        0.428204
BFGS:   22 13:50:44      -92.470681        0.436462
BFGS:   23 13:50:44      -92.606442        0.347359
BFGS:   24 13:50:44      -92.727771        0.308533
BFGS:   25 13:50:45      -93.170885        0.421772
BFGS:   26 13:50:45      -93.368840        0.563593
BFGS:   27 13:50:45      -93.495639        0.445563
BFGS:   28 13:50:45      -93.588815        0.472803
BFGS:   29 13:50:45      -93.823153        0.560668
BFGS:   30 13:50:45      -94.067248        0.693433
BFGS:   31 13:50:45      -94.276895        0.845354
BFGS:   32 13:50:45      -94.614558        0.983330
BFGS:   33 13:50:45      -95.136014        1.064843
BFGS:   34 13:50:45      -95.923202        1.010236
BFGS:   35 13:50:45      -96.875209        0.844559
BFGS:   36 13:50:45      -98.135710        0.525815
BFGS:   37 13:50:45      -98.813295        0.443919
BFGS:   38 13:50:45      -98.980559        0.446226
BFGS:   39 13:50:45      -99.095601        0.457164
BFGS:   40 13:50:46      -99.155913        0.473554
BFGS:   41 13:50:46      -99.247666        0.490620
BFGS:   42 13:50:46      -99.662781        0.534659
BFGS:   43 13:50:46     -100.019214        0.541247
BFGS:   44 13:50:46     -100.278600        0.505627
BFGS:   45 13:50:46     -100.468891        0.450378
BFGS:   46 13:50:46     -100.588191        0.415682
BFGS:   47 13:50:46     -100.685290        0.428240
BFGS:   48 13:50:46     -100.785166        0.435965
BFGS:   49 13:50:46     -100.863574        0.417325
BFGS:   50 13:50:46     -100.957249        0.381851
BFGS:   51 13:50:46     -101.086823        0.327422
BFGS:   52 13:50:46     -101.209651        0.300060
BFGS:   53 13:50:46     -101.304673        0.283132
BFGS:   54 13:50:47     -101.343700        0.254167
BFGS:   55 13:50:47     -101.380137        0.252059
BFGS:   56 13:50:47     -101.411227        0.267522
BFGS:   57 13:50:47     -101.487235        0.271021
BFGS:   58 13:50:47     -101.677993        0.295468
BFGS:   59 13:50:47     -101.827721        0.290271
BFGS:   60 13:50:47     -101.954015        0.262788
BFGS:   61 13:50:47     -102.053192        0.217996
BFGS:   62 13:50:47     -102.094426        0.190476
BFGS:   63 13:50:47     -102.122692        0.170584
BFGS:   64 13:50:47     -102.148960        0.155277
BFGS:   65 13:50:47     -102.186500        0.161309
BFGS:   66 13:50:47     -102.215047        0.171753
BFGS:   67 13:50:47     -102.231569        0.178707
BFGS:   68 13:50:47     -102.245709        0.180180
BFGS:   69 13:50:48     -102.273911        0.174796
BFGS:   70 13:50:48     -102.319558        0.154190
BFGS:   71 13:50:48     -102.373382        0.112526
BFGS:   72 13:50:48     -102.398436        0.077707
BFGS:   73 13:50:48     -102.404043        0.081388
BFGS:   74 13:50:48     -102.408536        0.093518
BFGS:   75 13:50:48     -102.415100        0.100465
BFGS:   76 13:50:48     -102.425577        0.097360
BFGS:   77 13:50:48     -102.446240        0.078675
BFGS:   78 13:50:48     -102.476761        0.085456
BFGS:   79 13:50:48     -102.498620        0.082072
BFGS:   80 13:50:48     -102.505556        0.075498
BFGS:   81 13:50:48     -102.507277        0.070334
BFGS:   82 13:50:48     -102.507676        0.068435
BFGS:   83 13:50:49     -102.508318        0.066515
BFGS:   84 13:50:49     -102.509501        0.063911
BFGS:   85 13:50:49     -102.511752        0.060957
BFGS:   86 13:50:49     -102.515439        0.056507
BFGS:   87 13:50:49     -102.520569        0.051002
BFGS:   88 13:50:49     -102.526128        0.054398
BFGS:   89 13:50:49     -102.529719        0.057155
BFGS:   90 13:50:49     -102.530886        0.050908
BFGS:   91 13:50:49     -102.531740        0.050112
BFGS:   92 13:50:49     -102.532776        0.050925
BFGS:   93 13:50:49     -102.534148        0.050279
BFGS:   94 13:50:49     -102.535607        0.047892
BFGS:   95 13:50:49     -102.536679        0.044607
BFGS:   96 13:50:49     -102.537459        0.050129
BFGS:   97 13:50:50     -102.538571        0.054680
BFGS:   98 13:50:50     -102.540992        0.063359
BFGS:   99 13:50:50     -102.546166        0.069511
BFGS:  100 13:50:50     -102.555261        0.070772
BFGS:  101 13:50:50     -102.565072        0.067576
BFGS:  102 13:50:50     -102.570905        0.041785
BFGS:  103 13:50:50     -102.572233        0.030439
BFGS:  104 13:50:50     -102.572442        0.026285
BFGS:  105 13:50:50     -102.572629        0.020305
BFGS:  106 13:50:50     -102.572957        0.014132
BFGS:  107 13:50:50     -102.573256        0.014236
BFGS:  108 13:50:50     -102.573433        0.014770
BFGS:  109 13:50:50     -102.573524        0.015866
BFGS:  110 13:50:50     -102.573647        0.016979
BFGS:  111 13:50:50     -102.573931        0.018680
BFGS:  112 13:50:51     -102.574542        0.019275
BFGS:  113 13:50:51     -102.575597        0.019932
BFGS:  114 13:50:51     -102.576729        0.018800
BFGS:  115 13:50:51     -102.577322        0.016840
BFGS:  116 13:50:51     -102.577479        0.015538
BFGS:  117 13:50:51     -102.577552        0.014832
BFGS:  118 13:50:51     -102.577713        0.013926
BFGS:  119 13:50:51     -102.578002        0.013755
BFGS:  120 13:50:51     -102.578419        0.014119
BFGS:  121 13:50:51     -102.578755        0.018885
BFGS:  122 13:50:51     -102.578919        0.018544
BFGS:  123 13:50:51     -102.579035        0.018944
BFGS:  124 13:50:51     -102.579240        0.020209
BFGS:  125 13:50:51     -102.579605        0.021358
BFGS:  126 13:50:52     -102.580102        0.021588
BFGS:  127 13:50:52     -102.580518        0.030829
BFGS:  128 13:50:52     -102.580776        0.033197
BFGS:  129 13:50:52     -102.581031        0.031349
BFGS:  130 13:50:52     -102.581512        0.026170
BFGS:  131 13:50:52     -102.582372        0.019569
BFGS:  132 13:50:52     -102.583476        0.021823
BFGS:  133 13:50:52     -102.584215        0.016324
BFGS:  134 13:50:52     -102.584425        0.018474
BFGS:  135 13:50:52     -102.584501        0.019234
BFGS:  136 13:50:52     -102.584642        0.019928
BFGS:  137 13:50:52     -102.584941        0.020349
BFGS:  138 13:50:52     -102.585566        0.019723
BFGS:  139 13:50:52     -102.586522        0.017441
BFGS:  140 13:50:53     -102.587425        0.014284
BFGS:  141 13:50:53     -102.587834        0.011874
BFGS:  142 13:50:53     -102.587935        0.012228
BFGS:  143 13:50:53     -102.588004        0.011897
BFGS:  144 13:50:53     -102.588148        0.010451
BFGS:  145 13:50:53     -102.588372        0.008688
BFGS:  146 13:50:53     -102.588623        0.005929
BFGS:  147 13:50:53     -102.588756        0.005895
BFGS:  148 13:50:53     -102.588787        0.006729
BFGS:  149 13:50:53     -102.588794        0.007090
BFGS:  150 13:50:53     -102.588801        0.007337
BFGS:  151 13:50:53     -102.588815        0.007710
BFGS:  152 13:50:53     -102.588844        0.008113
BFGS:  153 13:50:53     -102.588902        0.008569
BFGS:  154 13:50:53     -102.588987        0.008590
BFGS:  155 13:50:54     -102.589066        0.008123
BFGS:  156 13:50:54     -102.589106        0.007716
BFGS:  157 13:50:54     -102.589126        0.007408
BFGS:  158 13:50:54     -102.589152        0.006894
BFGS:  159 13:50:54     -102.589216        0.007826
BFGS:  160 13:50:54     -102.589364        0.009078
BFGS:  161 13:50:54     -102.589647        0.012134
BFGS:  162 13:50:54     -102.589997        0.016106
BFGS:  163 13:50:54     -102.590187        0.013811
BFGS:  164 13:50:54     -102.590284        0.009669
BFGS:  165 13:50:54     -102.590342        0.009560
BFGS:  166 13:50:54     -102.590480        0.008922
BFGS:  167 13:50:54     -102.590742        0.008553
BFGS:  168 13:50:54     -102.591128        0.009441
BFGS:  169 13:50:55     -102.591413        0.008151
BFGS:  170 13:50:55     -102.591505        0.008292
BFGS:  171 13:50:55     -102.591523        0.008660
BFGS:  172 13:50:55     -102.591531        0.008657
BFGS:  173 13:50:55     -102.591585        0.008584
BFGS:  174 13:50:55     -102.591686        0.008372
BFGS:  175 13:50:55     -102.591946        0.010338
BFGS:  176 13:50:55     -102.592426        0.018132
BFGS:  177 13:50:55     -102.593068        0.024881
BFGS:  178 13:50:55     -102.593508        0.024158
BFGS:  179 13:50:55     -102.593675        0.018655
BFGS:  180 13:50:55     -102.593737        0.014014
BFGS:  181 13:50:55     -102.593818        0.010116
BFGS:  182 13:50:55     -102.593941        0.009463
BFGS:  183 13:50:56     -102.594059        0.014178
BFGS:  184 13:50:56     -102.594139        0.019513
BFGS:  185 13:50:56     -102.594203        0.020423
BFGS:  186 13:50:56     -102.594301        0.018590
BFGS:  187 13:50:56     -102.594475        0.012611
BFGS:  188 13:50:56     -102.594669        0.007077
BFGS:  189 13:50:56     -102.594764        0.007058
BFGS:  190 13:50:56     -102.594782        0.006764
BFGS:  191 13:50:56     -102.594785        0.006716
BFGS:  192 13:50:56     -102.594790        0.006626
BFGS:  193 13:50:56     -102.594804        0.006475
BFGS:  194 13:50:56     -102.594836        0.006196
BFGS:  195 13:50:56     -102.594901        0.009836
BFGS:  196 13:50:56     -102.594998        0.013521
BFGS:  197 13:50:56     -102.595085        0.014475
BFGS:  198 13:50:57     -102.595130        0.012873
BFGS:  199 13:50:57     -102.595155        0.010935
BFGS:  200 13:50:57     -102.595186        0.008781
BFGS:  201 13:50:57     -102.595230        0.005590
BFGS:  202 13:50:57     -102.595271        0.005352
BFGS:  203 13:50:57     -102.595292        0.006326
BFGS:  204 13:50:57     -102.595303        0.006057
BFGS:  205 13:50:57     -102.595318        0.005392
BFGS:  206 13:50:57     -102.595353        0.006602
BFGS:  207 13:50:57     -102.595427        0.009096
BFGS:  208 13:50:57     -102.595548        0.010796
BFGS:  209 13:50:57     -102.595664        0.008624
BFGS:  210 13:50:57     -102.595715        0.007000
BFGS:  211 13:50:57     -102.595725        0.005288
BFGS:  212 13:50:58     -102.595729        0.004191
BFGS:  213 13:50:58     -102.595733        0.002884
BFGS:  214 13:50:58     -102.595738        0.001755
BFGS:  215 13:50:58     -102.595742        0.001548
BFGS:  216 13:50:58     -102.595744        0.001945
BFGS:  217 13:50:58     -102.595745        0.001891
BFGS:  218 13:50:58     -102.595746        0.001663
BFGS:  219 13:50:58     -102.595748        0.001390
BFGS:  220 13:50:58     -102.595751        0.001269
BFGS:  221 13:50:58     -102.595755        0.001402
BFGS:  222 13:50:58     -102.595758        0.001787
BFGS:  223 13:50:58     -102.595760        0.001737
BFGS:  224 13:50:58     -102.595760        0.001644
BFGS:  225 13:50:58     -102.595761        0.001375
BFGS:  226 13:50:59     -102.595762        0.000882
