      Step     Time          Energy          fmax
BFGS:    0 03:23:54       19.692343       47.381406
BFGS:    1 03:23:55      -21.109978       15.781059
BFGS:    2 03:23:55      -31.386190        9.359524
BFGS:    3 03:23:55      -38.784842        4.116402
BFGS:    4 03:23:55      -42.007706        1.828755
BFGS:    5 03:23:55      -43.371770        0.822517
BFGS:    6 03:23:55      -43.871077        1.005442
BFGS:    7 03:23:55      -44.095442        1.071909
BFGS:    8 03:23:55      -44.237378        1.033165
BFGS:    9 03:23:55      -44.380620        0.918478
BFGS:   10 03:23:55      -44.567113        0.741991
BFGS:   11 03:23:55      -44.873111        0.607541
BFGS:   12 03:23:55      -45.223089        0.671346
BFGS:   13 03:23:55      -45.396341        1.231242
BFGS:   14 03:23:55      -45.538096        0.912663
BFGS:   15 03:23:55      -45.800584        0.781915
BFGS:   16 03:23:55      -46.349151        0.605670
BFGS:   17 03:23:55      -46.891876        1.115279
BFGS:   18 03:23:55      -47.352282        1.179980
BFGS:   19 03:23:55      -47.523913        0.997074
BFGS:   20 03:23:55      -47.641177        0.753465
BFGS:   21 03:23:55      -47.787499        0.733018
BFGS:   22 03:23:55      -48.125283        0.838808
BFGS:   23 03:23:55      -48.395644        0.710885
BFGS:   24 03:23:55      -48.484863        0.674577
BFGS:   25 03:23:56      -48.545692        0.612845
BFGS:   26 03:23:56      -48.732675        0.582018
BFGS:   27 03:23:56      -48.913792        0.509634
BFGS:   28 03:23:56      -49.046819        0.516139
BFGS:   29 03:23:56      -49.122313        0.552620
BFGS:   30 03:23:56      -49.168515        0.524712
BFGS:   31 03:23:56      -49.232605        0.512495
BFGS:   32 03:23:56      -49.329393        0.498531
BFGS:   33 03:23:56      -49.408568        0.390043
BFGS:   34 03:23:56      -49.437999        0.371579
BFGS:   35 03:23:56      -49.468198        0.406817
BFGS:   36 03:23:56      -49.506188        0.427379
BFGS:   37 03:23:56      -49.560212        0.438509
BFGS:   38 03:23:56      -49.623761        0.444962
BFGS:   39 03:23:56      -49.676182        0.407480
BFGS:   40 03:23:56      -49.706592        0.420486
BFGS:   41 03:23:56      -49.740021        0.522728
BFGS:   42 03:23:56      -49.801422        0.652818
BFGS:   43 03:23:56      -49.896937        0.682015
BFGS:   44 03:23:56      -49.979116        0.515347
BFGS:   45 03:23:56      -50.009429        0.237405
BFGS:   46 03:23:56      -50.024728        0.232651
BFGS:   47 03:23:56      -50.042272        0.262884
BFGS:   48 03:23:56      -50.080619        0.306862
BFGS:   49 03:23:57      -50.123411        0.341318
BFGS:   50 03:23:57      -50.162788        0.213996
BFGS:   51 03:23:57      -50.177567        0.133426
BFGS:   52 03:23:57      -50.180473        0.134892
BFGS:   53 03:23:57      -50.190239        0.142826
BFGS:   54 03:23:57      -50.203352        0.237875
BFGS:   55 03:23:57      -50.227635        0.284556
BFGS:   56 03:23:57      -50.245748        0.195030
BFGS:   57 03:23:57      -50.254254        0.170956
BFGS:   58 03:23:57      -50.258802        0.164396
BFGS:   59 03:23:57      -50.265530        0.144887
BFGS:   60 03:23:57      -50.279009        0.227064
BFGS:   61 03:23:57      -50.300555        0.314683
BFGS:   62 03:23:57      -50.327027        0.297811
BFGS:   63 03:23:57      -50.346098        0.155045
BFGS:   64 03:23:57      -50.351463        0.113839
BFGS:   65 03:23:57      -50.353740        0.103908
BFGS:   66 03:23:57      -50.356549        0.094844
BFGS:   67 03:23:57      -50.363640        0.108209
BFGS:   68 03:23:57      -50.374787        0.155810
BFGS:   69 03:23:57      -50.387336        0.149682
BFGS:   70 03:23:57      -50.394502        0.092816
BFGS:   71 03:23:57      -50.396507        0.072276
BFGS:   72 03:23:57      -50.397659        0.071753
BFGS:   73 03:23:58      -50.399926        0.069593
BFGS:   74 03:23:58      -50.405658        0.059346
BFGS:   75 03:23:58      -50.413537        0.092335
BFGS:   76 03:23:58      -50.420136        0.093119
BFGS:   77 03:23:58      -50.423122        0.060170
BFGS:   78 03:23:58      -50.423935        0.044295
BFGS:   79 03:23:58      -50.424714        0.043428
BFGS:   80 03:23:58      -50.426758        0.043983
BFGS:   81 03:23:58      -50.430757        0.058548
BFGS:   82 03:23:58      -50.437423        0.088229
BFGS:   83 03:23:58      -50.443055        0.081174
BFGS:   84 03:23:58      -50.445137        0.049696
BFGS:   85 03:23:58      -50.445842        0.040488
BFGS:   86 03:23:58      -50.446297        0.038244
BFGS:   87 03:23:58      -50.447773        0.041610
BFGS:   88 03:23:58      -50.450161        0.039644
BFGS:   89 03:23:58      -50.453015        0.035412
BFGS:   90 03:23:58      -50.454948        0.039550
BFGS:   91 03:23:58      -50.455656        0.037385
BFGS:   92 03:23:58      -50.455918        0.036947
BFGS:   93 03:23:58      -50.456477        0.040270
BFGS:   94 03:23:58      -50.457739        0.044999
BFGS:   95 03:23:58      -50.460687        0.051299
BFGS:   96 03:23:58      -50.466216        0.056566
BFGS:   97 03:23:59      -50.472906        0.055659
BFGS:   98 03:23:59      -50.477494        0.053835
BFGS:   99 03:23:59      -50.479135        0.049216
BFGS:  100 03:23:59      -50.479654        0.049180
BFGS:  101 03:23:59      -50.480424        0.052445
BFGS:  102 03:23:59      -50.482408        0.054081
BFGS:  103 03:23:59      -50.486561        0.049871
BFGS:  104 03:23:59      -50.492409        0.040944
BFGS:  105 03:23:59      -50.497343        0.045151
BFGS:  106 03:23:59      -50.499337        0.045053
BFGS:  107 03:23:59      -50.499926        0.047493
BFGS:  108 03:23:59      -50.500506        0.046101
BFGS:  109 03:23:59      -50.501878        0.040784
BFGS:  110 03:23:59      -50.504755        0.052892
BFGS:  111 03:23:59      -50.509310        0.057920
BFGS:  112 03:23:59      -50.513884        0.042201
BFGS:  113 03:23:59      -50.515874        0.052854
BFGS:  114 03:23:59      -50.516519        0.043708
BFGS:  115 03:23:59      -50.516885        0.042423
BFGS:  116 03:23:59      -50.517723        0.042150
BFGS:  117 03:23:59      -50.519250        0.042835
BFGS:  118 03:23:59      -50.522745        0.045896
BFGS:  119 03:23:59      -50.527614        0.062436
BFGS:  120 03:23:59      -50.532012        0.053649
BFGS:  121 03:24:00      -50.534568        0.044905
BFGS:  122 03:24:00      -50.535409        0.046939
BFGS:  123 03:24:00      -50.536118        0.048003
BFGS:  124 03:24:00      -50.537970        0.049919
BFGS:  125 03:24:00      -50.542033        0.053388
BFGS:  126 03:24:00      -50.550838        0.083823
BFGS:  127 03:24:00      -50.563239        0.117875
BFGS:  128 03:24:00      -50.574799        0.103541
BFGS:  129 03:24:00      -50.588486        0.071808
BFGS:  130 03:24:00      -50.598976        0.054923
BFGS:  131 03:24:00      -50.600907        0.054561
BFGS:  132 03:24:00      -50.601488        0.052384
BFGS:  133 03:24:00      -50.602663        0.051065
BFGS:  134 03:24:00      -50.605060        0.050708
BFGS:  135 03:24:00      -50.609882        0.068843
BFGS:  136 03:24:00      -50.617748        0.082680
BFGS:  137 03:24:00      -50.625700        0.071552
BFGS:  138 03:24:00      -50.628769        0.052227
BFGS:  139 03:24:00      -50.629455        0.047337
BFGS:  140 03:24:00      -50.629847        0.044762
BFGS:  141 03:24:00      -50.630697        0.043072
BFGS:  142 03:24:00      -50.633436        0.087318
BFGS:  143 03:24:00      -50.637270        0.151635
BFGS:  144 03:24:00      -50.642355        0.201058
BFGS:  145 03:24:00      -50.646255        0.187304
BFGS:  146 03:24:01      -50.648711        0.125654
BFGS:  147 03:24:01      -50.650471        0.085981
BFGS:  148 03:24:01      -50.651718        0.047777
BFGS:  149 03:24:01      -50.652774        0.048009
BFGS:  150 03:24:01      -50.653471        0.060757
BFGS:  151 03:24:01      -50.654160        0.079095
BFGS:  152 03:24:01      -50.655710        0.098710
BFGS:  153 03:24:01      -50.658487        0.110982
BFGS:  154 03:24:01      -50.662792        0.108992
BFGS:  155 03:24:01      -50.667042        0.090920
BFGS:  156 03:24:01      -50.669554        0.069068
BFGS:  157 03:24:01      -50.670565        0.054228
BFGS:  158 03:24:01      -50.671315        0.053329
BFGS:  159 03:24:01      -50.672497        0.052824
BFGS:  160 03:24:01      -50.674253        0.099637
BFGS:  161 03:24:01      -50.677362        0.161715
BFGS:  162 03:24:01      -50.681708        0.214533
BFGS:  163 03:24:01      -50.687095        0.229089
BFGS:  164 03:24:01      -50.694051        0.210628
BFGS:  165 03:24:01      -50.701928        0.163254
BFGS:  166 03:24:01      -50.707295        0.123320
BFGS:  167 03:24:01      -50.712407        0.166555
BFGS:  168 03:24:01      -50.715732        0.198638
BFGS:  169 03:24:01      -50.719112        0.168884
BFGS:  170 03:24:02      -50.722838        0.091568
BFGS:  171 03:24:02      -50.725544        0.050500
BFGS:  172 03:24:02      -50.727221        0.058877
BFGS:  173 03:24:02      -50.728428        0.055667
BFGS:  174 03:24:02      -50.729379        0.050818
BFGS:  175 03:24:02      -50.730000        0.046439
BFGS:  176 03:24:02      -50.731087        0.047034
BFGS:  177 03:24:02      -50.733465        0.049969
BFGS:  178 03:24:02      -50.736992        0.073256
BFGS:  179 03:24:02      -50.740761        0.073147
BFGS:  180 03:24:02      -50.743376        0.051180
BFGS:  181 03:24:02      -50.744353        0.042725
BFGS:  182 03:24:02      -50.744759        0.042632
BFGS:  183 03:24:02      -50.745193        0.040266
BFGS:  184 03:24:02      -50.746357        0.026319
BFGS:  185 03:24:02      -50.746787        0.021945
BFGS:  186 03:24:02      -50.747242        0.024359
BFGS:  187 03:24:02      -50.747398        0.026096
BFGS:  188 03:24:02      -50.747591        0.025085
BFGS:  189 03:24:02      -50.747912        0.026763
BFGS:  190 03:24:02      -50.748480        0.026860
BFGS:  191 03:24:02      -50.749131        0.028255
BFGS:  192 03:24:02      -50.749669        0.041104
BFGS:  193 03:24:03      -50.750091        0.048153
BFGS:  194 03:24:03      -50.750592        0.051068
BFGS:  195 03:24:03      -50.751365        0.049288
BFGS:  196 03:24:03      -50.752463        0.041129
BFGS:  197 03:24:03      -50.753633        0.032632
BFGS:  198 03:24:03      -50.754487        0.031265
BFGS:  199 03:24:03      -50.754930        0.025393
BFGS:  200 03:24:03      -50.755173        0.027333
BFGS:  201 03:24:03      -50.755390        0.027756
BFGS:  202 03:24:03      -50.755640        0.027173
BFGS:  203 03:24:03      -50.755980        0.026019
BFGS:  204 03:24:03      -50.756390        0.025369
BFGS:  205 03:24:03      -50.756691        0.025502
BFGS:  206 03:24:03      -50.756863        0.025781
BFGS:  207 03:24:03      -50.757113        0.025565
BFGS:  208 03:24:03      -50.757230        0.026753
BFGS:  209 03:24:03      -50.757374        0.026470
BFGS:  210 03:24:03      -50.757560        0.025745
BFGS:  211 03:24:03      -50.757761        0.024952
BFGS:  212 03:24:03      -50.758114        0.023092
BFGS:  213 03:24:03      -50.758838        0.022980
BFGS:  214 03:24:03      -50.760053        0.034401
BFGS:  215 03:24:03      -50.761431        0.047662
BFGS:  216 03:24:03      -50.762276        0.052263
BFGS:  217 03:24:04      -50.762690        0.050073
BFGS:  218 03:24:04      -50.763201        0.052476
BFGS:  219 03:24:04      -50.765372        0.053994
BFGS:  220 03:24:04      -50.766627        0.049876
BFGS:  221 03:24:04      -50.766270        0.055006
BFGS:  222 03:24:04      -50.769709        0.043508
BFGS:  223 03:24:04      -50.770465        0.043883
BFGS:  224 03:24:04      -50.771344        0.041037
BFGS:  225 03:24:04      -50.772519        0.040372
BFGS:  226 03:24:04      -50.775613        0.055056
BFGS:  227 03:24:04      -50.780089        0.067732
BFGS:  228 03:24:04      -50.784032        0.057300
BFGS:  229 03:24:04      -50.787694        0.059541
BFGS:  230 03:24:04      -50.790989        0.068182
BFGS:  231 03:24:04      -50.795401        0.086584
BFGS:  232 03:24:04      -50.804383        0.086464
BFGS:  233 03:24:04      -50.809747        0.103796
BFGS:  234 03:24:04      -50.801930        0.165159
BFGS:  235 03:24:04      -50.818180        0.085030
BFGS:  236 03:24:04      -50.825478        0.075759
BFGS:  237 03:24:04      -50.836869        0.092814
BFGS:  238 03:24:04      -50.846559        0.108530
BFGS:  239 03:24:04      -50.877091        0.133247
BFGS:  240 03:24:04      -50.911365        0.217995
BFGS:  241 03:24:05      -50.985907        0.187101
BFGS:  242 03:24:05      -51.037173        0.192872
BFGS:  243 03:24:05      -51.098922        0.265338
BFGS:  244 03:24:05      -51.149008        0.207886
BFGS:  245 03:24:05      -51.173797        0.127059
BFGS:  246 03:24:05      -51.184498        0.121229
BFGS:  247 03:24:05      -51.191571        0.109223
BFGS:  248 03:24:05      -51.196608        0.108214
BFGS:  249 03:24:05      -51.201883        0.095763
BFGS:  250 03:24:05      -51.207944        0.081888
BFGS:  251 03:24:05      -51.215817        0.075979
BFGS:  252 03:24:05      -51.224453        0.076789
BFGS:  253 03:24:05      -51.232064        0.076263
BFGS:  254 03:24:05      -51.242946        0.087086
BFGS:  255 03:24:05      -51.258750        0.128676
BFGS:  256 03:24:05      -51.279138        0.166658
BFGS:  257 03:24:05      -51.298960        0.178865
BFGS:  258 03:24:05      -51.318224        0.148695
BFGS:  259 03:24:05      -51.335614        0.123910
BFGS:  260 03:24:05      -51.345965        0.115662
BFGS:  261 03:24:05      -51.353421        0.102109
BFGS:  262 03:24:05      -51.361439        0.085962
BFGS:  263 03:24:05      -51.369447        0.094396
BFGS:  264 03:24:05      -51.375900        0.089081
BFGS:  265 03:24:06      -51.381999        0.079392
BFGS:  266 03:24:06      -51.386084        0.081427
BFGS:  267 03:24:06      -51.390008        0.075531
BFGS:  268 03:24:06      -51.392823        0.074725
BFGS:  269 03:24:06      -51.395308        0.067511
BFGS:  270 03:24:06      -51.397735        0.067326
BFGS:  271 03:24:06      -51.400992        0.063036
BFGS:  272 03:24:06      -51.404612        0.049206
BFGS:  273 03:24:06      -51.407858        0.057192
BFGS:  274 03:24:06      -51.411363        0.067751
BFGS:  275 03:24:06      -51.413622        0.057976
BFGS:  276 03:24:06      -51.417662        0.044045
BFGS:  277 03:24:06      -51.421498        0.044477
BFGS:  278 03:24:06      -51.423307        0.044303
BFGS:  279 03:24:06      -51.424942        0.038908
BFGS:  280 03:24:06      -51.426181        0.038652
BFGS:  281 03:24:06      -51.427420        0.035887
BFGS:  282 03:24:06      -51.428431        0.032351
BFGS:  283 03:24:06      -51.429262        0.032178
BFGS:  284 03:24:06      -51.430147        0.029769
BFGS:  285 03:24:06      -51.431189        0.029909
BFGS:  286 03:24:06      -51.432289        0.031645
BFGS:  287 03:24:06      -51.433370        0.033863
BFGS:  288 03:24:07      -51.434407        0.034406
BFGS:  289 03:24:07      -51.435598        0.033811
BFGS:  290 03:24:07      -51.436661        0.033520
BFGS:  291 03:24:07      -51.437372        0.033348
BFGS:  292 03:24:07      -51.437798        0.033655
BFGS:  293 03:24:07      -51.438205        0.032625
BFGS:  294 03:24:07      -51.438698        0.038270
BFGS:  295 03:24:07      -51.439288        0.041022
BFGS:  296 03:24:07      -51.440060        0.039008
BFGS:  297 03:24:07      -51.441212        0.037366
BFGS:  298 03:24:07      -51.442973        0.038642
BFGS:  299 03:24:07      -51.445017        0.051646
BFGS:  300 03:24:07      -51.446538        0.059532
BFGS:  301 03:24:07      -51.447789        0.059188
BFGS:  302 03:24:07      -51.449118        0.057326
BFGS:  303 03:24:07      -51.450401        0.052900
BFGS:  304 03:24:07      -51.452756        0.053838
BFGS:  305 03:24:07      -51.456544        0.066892
BFGS:  306 03:24:07      -51.461725        0.081794
BFGS:  307 03:24:07      -51.465796        0.081788
BFGS:  308 03:24:07      -51.468393        0.063414
BFGS:  309 03:24:07      -51.470221        0.045453
BFGS:  310 03:24:07      -51.470878        0.045298
BFGS:  311 03:24:07      -51.471802        0.048477
BFGS:  312 03:24:08      -51.473213        0.060672
BFGS:  313 03:24:08      -51.475831        0.069286
BFGS:  314 03:24:08      -51.479330        0.061294
BFGS:  315 03:24:08      -51.482880        0.058339
BFGS:  316 03:24:08      -51.484867        0.069743
BFGS:  317 03:24:08      -51.486096        0.065061
BFGS:  318 03:24:08      -51.487330        0.061837
BFGS:  319 03:24:08      -51.489381        0.058829
BFGS:  320 03:24:08      -51.492364        0.066226
BFGS:  321 03:24:08      -51.495628        0.087053
BFGS:  322 03:24:08      -51.499038        0.076182
BFGS:  323 03:24:08      -51.508185        0.058665
BFGS:  324 03:24:08      -51.510725        0.096697
BFGS:  325 03:24:08      -51.513736        0.107396
BFGS:  326 03:24:08      -51.519047        0.071460
BFGS:  327 03:24:08      -51.521564        0.055671
BFGS:  328 03:24:08      -51.524326        0.061454
BFGS:  329 03:24:08      -51.526284        0.068713
BFGS:  330 03:24:08      -51.528158        0.067471
BFGS:  331 03:24:08      -51.530626        0.059689
BFGS:  332 03:24:08      -51.532758        0.058521
BFGS:  333 03:24:08      -51.534453        0.056008
BFGS:  334 03:24:08      -51.535552        0.050895
BFGS:  335 03:24:08      -51.536298        0.044219
BFGS:  336 03:24:09      -51.537067        0.034621
BFGS:  337 03:24:09      -51.537882        0.034413
BFGS:  338 03:24:09      -51.539144        0.037000
BFGS:  339 03:24:09      -51.540983        0.054426
BFGS:  340 03:24:09      -51.542999        0.051987
BFGS:  341 03:24:09      -51.543953        0.039478
BFGS:  342 03:24:09      -51.544283        0.039873
BFGS:  343 03:24:09      -51.544530        0.040623
BFGS:  344 03:24:09      -51.544959        0.035432
BFGS:  345 03:24:09      -51.545657        0.033578
BFGS:  346 03:24:09      -51.546435        0.031396
BFGS:  347 03:24:09      -51.546851        0.018418
BFGS:  348 03:24:09      -51.546970        0.014523
BFGS:  349 03:24:09      -51.547021        0.014191
BFGS:  350 03:24:09      -51.547100        0.013957
BFGS:  351 03:24:09      -51.547255        0.018207
BFGS:  352 03:24:09      -51.547582        0.028095
BFGS:  353 03:24:09      -51.548051        0.031170
BFGS:  354 03:24:09      -51.548444        0.023063
BFGS:  355 03:24:09      -51.548606        0.019998
BFGS:  356 03:24:09      -51.548664        0.019862
BFGS:  357 03:24:09      -51.548731        0.019150
BFGS:  358 03:24:09      -51.548890        0.017221
BFGS:  359 03:24:09      -51.549223        0.023020
BFGS:  360 03:24:10      -51.549798        0.028591
BFGS:  361 03:24:10      -51.550401        0.024412
BFGS:  362 03:24:10      -51.550725        0.012515
BFGS:  363 03:24:10      -51.550807        0.010359
BFGS:  364 03:24:10      -51.550829        0.009507
BFGS:  365 03:24:10      -51.550859        0.008884
BFGS:  366 03:24:10      -51.550916        0.008538
BFGS:  367 03:24:10      -51.551020        0.008054
BFGS:  368 03:24:10      -51.551163        0.006399
BFGS:  369 03:24:10      -51.551275        0.005823
BFGS:  370 03:24:10      -51.551318        0.003973
BFGS:  371 03:24:10      -51.551326        0.003963
BFGS:  372 03:24:10      -51.551329        0.003905
BFGS:  373 03:24:10      -51.551336        0.004234
BFGS:  374 03:24:10      -51.551352        0.004643
BFGS:  375 03:24:10      -51.551383        0.005128
BFGS:  376 03:24:10      -51.551429        0.004615
BFGS:  377 03:24:10      -51.551467        0.003388
BFGS:  378 03:24:10      -51.551481        0.003789
BFGS:  379 03:24:10      -51.551484        0.003777
BFGS:  380 03:24:10      -51.551486        0.003477
BFGS:  381 03:24:10      -51.551489        0.003028
BFGS:  382 03:24:10      -51.551495        0.002155
BFGS:  383 03:24:10      -51.551507        0.002245
BFGS:  384 03:24:11      -51.551517        0.001919
BFGS:  385 03:24:11      -51.551521        0.001821
BFGS:  386 03:24:11      -51.551522        0.001869
BFGS:  387 03:24:11      -51.551522        0.001869
BFGS:  388 03:24:11      -51.551523        0.001857
BFGS:  389 03:24:11      -51.551525        0.001742
BFGS:  390 03:24:11      -51.551528        0.001442
BFGS:  391 03:24:11      -51.551533        0.001639
BFGS:  392 03:24:11      -51.551537        0.001555
BFGS:  393 03:24:11      -51.551538        0.001271
BFGS:  394 03:24:11      -51.551539        0.001204
BFGS:  395 03:24:11      -51.551539        0.001229
BFGS:  396 03:24:11      -51.551539        0.001244
BFGS:  397 03:24:11      -51.551540        0.001252
BFGS:  398 03:24:11      -51.551541        0.001231
BFGS:  399 03:24:11      -51.551543        0.001155
BFGS:  400 03:24:11      -51.551544        0.001271
BFGS:  401 03:24:11      -51.551545        0.001264
BFGS:  402 03:24:11      -51.551545        0.001199
BFGS:  403 03:24:11      -51.551545        0.001127
BFGS:  404 03:24:11      -51.551546        0.001099
BFGS:  405 03:24:11      -51.551547        0.001050
BFGS:  406 03:24:11      -51.551550        0.001077
BFGS:  407 03:24:12      -51.551553        0.000991
