      Step     Time          Energy          fmax
BFGS:    0 14:28:23      392.737622      127.486024
BFGS:    1 14:28:23      143.392142       42.900282
BFGS:    2 14:28:23       56.159637       24.154470
BFGS:    3 14:28:23       14.574600       14.853489
BFGS:    4 14:28:23       -7.554676        9.528062
BFGS:    5 14:28:23      -20.524660        7.849321
BFGS:    6 14:28:23      -29.164337        6.994639
BFGS:    7 14:28:23      -35.646343        6.317223
BFGS:    8 14:28:23      -40.876749        5.752663
BFGS:    9 14:28:23      -45.244189        5.267540
BFGS:   10 14:28:23      -48.970832        4.856644
BFGS:   11 14:28:23      -52.212810        4.506669
BFGS:   12 14:28:24      -55.078759        4.210593
BFGS:   13 14:28:24      -57.653412        3.964654
BFGS:   14 14:28:24      -59.987867        3.793677
BFGS:   15 14:28:24      -62.105951        3.686123
BFGS:   16 14:28:24      -64.030199        3.580995
BFGS:   17 14:28:24      -65.789089        3.479185
BFGS:   18 14:28:24      -67.411601        3.380030
BFGS:   19 14:28:24      -68.924088        3.281094
BFGS:   20 14:28:24      -70.348231        3.179786
BFGS:   21 14:28:24      -71.700043        3.074796
BFGS:   22 14:28:24      -72.991026        2.966398
BFGS:   23 14:28:24      -74.229712        2.856231
BFGS:   24 14:28:25      -75.420636        2.741734
BFGS:   25 14:28:25      -76.562344        2.620023
BFGS:   26 14:28:25      -77.655354        2.497006
BFGS:   27 14:28:25      -78.699453        2.372898
BFGS:   28 14:28:25      -79.694032        2.249358
BFGS:   29 14:28:25      -80.639480        2.128782
BFGS:   30 14:28:25      -81.535365        2.011401
BFGS:   31 14:28:25      -82.381652        1.896887
BFGS:   32 14:28:25      -83.179264        1.784788
BFGS:   33 14:28:25      -83.930154        1.675506
BFGS:   34 14:28:25      -84.636703        1.570084
BFGS:   35 14:28:25      -85.301076        1.469297
BFGS:   36 14:28:25      -85.925088        1.373217
BFGS:   37 14:28:25      -86.510469        1.281304
BFGS:   38 14:28:26      -87.058907        1.192777
BFGS:   39 14:28:26      -87.572577        1.107785
BFGS:   40 14:28:26      -88.053499        1.026539
BFGS:   41 14:28:26      -88.503632        0.964374
BFGS:   42 14:28:26      -88.924964        0.930334
BFGS:   43 14:28:26      -89.319479        0.898472
BFGS:   44 14:28:26      -89.689031        0.868574
BFGS:   45 14:28:26      -90.035281        0.840273
BFGS:   46 14:28:26      -90.359749        0.813043
BFGS:   47 14:28:26      -90.663845        0.786205
BFGS:   48 14:28:26      -90.948934        0.759045
BFGS:   49 14:28:26      -91.216357        0.731594
BFGS:   50 14:28:26      -91.467486        0.703916
BFGS:   51 14:28:26      -91.703606        0.675830
BFGS:   52 14:28:27      -91.925932        0.647260
BFGS:   53 14:28:27      -92.135632        0.618230
BFGS:   54 14:28:27      -92.333799        0.588986
BFGS:   55 14:28:27      -92.521826        0.559825
BFGS:   56 14:28:27      -92.701539        0.559583
BFGS:   57 14:28:27      -92.875046        0.561986
BFGS:   58 14:28:27      -93.044785        0.566056
BFGS:   59 14:28:27      -93.213341        0.572160
BFGS:   60 14:28:27      -93.383108        0.580437
BFGS:   61 14:28:27      -93.555929        0.590687
BFGS:   62 14:28:27      -93.733945        0.602492
BFGS:   63 14:28:27      -93.920543        0.615227
BFGS:   64 14:28:27      -94.116971        0.626976
BFGS:   65 14:28:27      -94.323870        0.635913
BFGS:   66 14:28:28      -94.547556        0.643231
BFGS:   67 14:28:28      -94.780289        0.648767
BFGS:   68 14:28:28      -95.027950        0.643757
BFGS:   69 14:28:28      -95.287224        0.627006
BFGS:   70 14:28:28      -95.537856        0.608722
BFGS:   71 14:28:28      -95.786930        0.581791
BFGS:   72 14:28:28      -96.083500        0.564479
BFGS:   73 14:28:28      -96.321932        0.582382
BFGS:   74 14:28:28      -96.444534        0.563044
BFGS:   75 14:28:28      -96.693592        0.533175
BFGS:   76 14:28:28      -96.808448        0.498233
BFGS:   77 14:28:28      -96.903501        0.410543
BFGS:   78 14:28:28      -96.992473        0.319639
BFGS:   79 14:28:28      -97.073841        0.289337
BFGS:   80 14:28:28      -97.203198        0.222839
BFGS:   81 14:28:29      -97.243178        0.196916
BFGS:   82 14:28:29      -97.262191        0.184004
BFGS:   83 14:28:29      -97.290080        0.137529
BFGS:   84 14:28:29      -97.314138        0.127576
BFGS:   85 14:28:29      -97.348954        0.125227
BFGS:   86 14:28:29      -97.370968        0.131191
BFGS:   87 14:28:29      -97.384561        0.156684
BFGS:   88 14:28:29      -97.397923        0.154135
BFGS:   89 14:28:29      -97.421550        0.127116
BFGS:   90 14:28:29      -97.455087        0.110762
BFGS:   91 14:28:29      -97.479348        0.105026
BFGS:   92 14:28:29      -97.493153        0.122010
BFGS:   93 14:28:29      -97.502185        0.125223
BFGS:   94 14:28:29      -97.514213        0.129176
BFGS:   95 14:28:30      -97.537275        0.142240
BFGS:   96 14:28:30      -97.572397        0.130589
BFGS:   97 14:28:30      -97.612354        0.119065
BFGS:   98 14:28:30      -97.637313        0.117558
BFGS:   99 14:28:30      -97.649742        0.116371
BFGS:  100 14:28:30      -97.659687        0.112315
BFGS:  101 14:28:30      -97.673056        0.111693
BFGS:  102 14:28:30      -97.682675        0.117295
BFGS:  103 14:28:30      -97.687941        0.120162
BFGS:  104 14:28:30      -97.690615        0.120784
BFGS:  105 14:28:30      -97.695351        0.121006
BFGS:  106 14:28:30      -97.705494        0.120776
BFGS:  107 14:28:30      -97.727626        0.142940
BFGS:  108 14:28:30      -97.763597        0.170326
BFGS:  109 14:28:31      -97.804572        0.161010
BFGS:  110 14:28:31      -97.836953        0.146179
BFGS:  111 14:28:31      -97.847589        0.163835
BFGS:  112 14:28:31      -97.862565        0.173928
BFGS:  113 14:28:31      -97.890307        0.180041
BFGS:  114 14:28:31      -97.922148        0.179262
BFGS:  115 14:28:31      -97.959443        0.174191
BFGS:  116 14:28:31      -98.000329        0.167267
BFGS:  117 14:28:31      -98.041983        0.168067
BFGS:  118 14:28:31      -98.082861        0.169775
BFGS:  119 14:28:31      -98.123643        0.169430
BFGS:  120 14:28:31      -98.167784        0.166320
BFGS:  121 14:28:31      -98.210869        0.161546
BFGS:  122 14:28:31      -98.246328        0.154624
BFGS:  123 14:28:32      -98.273536        0.144951
BFGS:  124 14:28:32      -98.286872        0.136124
BFGS:  125 14:28:32      -98.292969        0.130767
BFGS:  126 14:28:32      -98.312775        0.128276
BFGS:  127 14:28:32      -98.337330        0.150140
BFGS:  128 14:28:32      -98.384109        0.162257
BFGS:  129 14:28:32      -98.435682        0.147078
BFGS:  130 14:28:32      -98.465773        0.145577
BFGS:  131 14:28:32      -98.481097        0.142844
BFGS:  132 14:28:32      -98.498563        0.132349
BFGS:  133 14:28:32      -98.523933        0.128004
BFGS:  134 14:28:32      -98.553628        0.120791
BFGS:  135 14:28:32      -98.586522        0.110129
BFGS:  136 14:28:32      -98.619617        0.107225
BFGS:  137 14:28:32      -98.646926        0.107610
BFGS:  138 14:28:33      -98.658918        0.107404
BFGS:  139 14:28:33      -98.662061        0.106895
BFGS:  140 14:28:33      -98.670973        0.104620
BFGS:  141 14:28:33      -98.681559        0.102712
BFGS:  142 14:28:33      -98.711101        0.097054
BFGS:  143 14:28:33      -98.745934        0.104401
BFGS:  144 14:28:33      -98.779633        0.126828
BFGS:  145 14:28:33      -98.810989        0.138145
BFGS:  146 14:28:33      -98.836682        0.135847
BFGS:  147 14:28:33      -98.857285        0.120922
BFGS:  148 14:28:33      -98.872308        0.091922
BFGS:  149 14:28:33      -98.879600        0.073003
BFGS:  150 14:28:33      -98.880648        0.074333
BFGS:  151 14:28:33      -98.882317        0.075572
BFGS:  152 14:28:34      -98.883975        0.075179
BFGS:  153 14:28:34      -98.887271        0.099077
BFGS:  154 14:28:34      -98.891381        0.139375
BFGS:  155 14:28:34      -98.896445        0.150776
BFGS:  156 14:28:34      -98.901565        0.117708
BFGS:  157 14:28:34      -98.906234        0.058003
BFGS:  158 14:28:34      -98.909176        0.051511
BFGS:  159 14:28:34      -98.910386        0.052801
BFGS:  160 14:28:34      -98.911079        0.053894
BFGS:  161 14:28:34      -98.912070        0.054788
BFGS:  162 14:28:34      -98.914111        0.055092
BFGS:  163 14:28:34      -98.917731        0.068975
BFGS:  164 14:28:34      -98.922712        0.095354
BFGS:  165 14:28:34      -98.927364        0.103584
BFGS:  166 14:28:35      -98.930946        0.098039
BFGS:  167 14:28:35      -98.934924        0.088631
BFGS:  168 14:28:35      -98.940811        0.117766
BFGS:  169 14:28:35      -98.948588        0.169653
BFGS:  170 14:28:35      -98.956130        0.169869
BFGS:  171 14:28:35      -98.960461        0.108376
BFGS:  172 14:28:35      -98.962086        0.041234
BFGS:  173 14:28:35      -98.962645        0.024639
BFGS:  174 14:28:35      -98.962919        0.024006
BFGS:  175 14:28:35      -98.963226        0.024411
BFGS:  176 14:28:35      -98.963794        0.033434
BFGS:  177 14:28:35      -98.965012        0.043467
BFGS:  178 14:28:35      -98.967327        0.051903
BFGS:  179 14:28:35      -98.970602        0.051919
BFGS:  180 14:28:36      -98.973457        0.042744
BFGS:  181 14:28:36      -98.974738        0.037555
BFGS:  182 14:28:36      -98.975232        0.035391
BFGS:  183 14:28:36      -98.975914        0.031073
BFGS:  184 14:28:36      -98.977040        0.022223
BFGS:  185 14:28:36      -98.978296        0.016853
BFGS:  186 14:28:36      -98.978982        0.013407
BFGS:  187 14:28:36      -98.979135        0.013376
BFGS:  188 14:28:36      -98.979162        0.013235
BFGS:  189 14:28:36      -98.979187        0.013101
BFGS:  190 14:28:36      -98.979236        0.012902
BFGS:  191 14:28:36      -98.979304        0.012766
BFGS:  192 14:28:36      -98.979368        0.012823
BFGS:  193 14:28:36      -98.979400        0.013035
BFGS:  194 14:28:36      -98.979414        0.013215
BFGS:  195 14:28:37      -98.979433        0.013391
BFGS:  196 14:28:37      -98.979477        0.013653
BFGS:  197 14:28:37      -98.979576        0.013989
BFGS:  198 14:28:37      -98.979783        0.014271
BFGS:  199 14:28:37      -98.980110        0.016000
BFGS:  200 14:28:37      -98.980439        0.016830
BFGS:  201 14:28:37      -98.980638        0.015868
BFGS:  202 14:28:37      -98.980765        0.015705
BFGS:  203 14:28:37      -98.980957        0.014821
BFGS:  204 14:28:37      -98.981389        0.014296
BFGS:  205 14:28:37      -98.982264        0.017100
BFGS:  206 14:28:37      -98.983591        0.021170
BFGS:  207 14:28:37      -98.984711        0.023662
BFGS:  208 14:28:37      -98.985191        0.020501
BFGS:  209 14:28:38      -98.985394        0.018860
BFGS:  210 14:28:38      -98.985656        0.019639
BFGS:  211 14:28:38      -98.986244        0.022779
BFGS:  212 14:28:38      -98.987232        0.023265
BFGS:  213 14:28:38      -98.988306        0.016740
BFGS:  214 14:28:38      -98.988850        0.013815
BFGS:  215 14:28:38      -98.988989        0.013074
BFGS:  216 14:28:38      -98.989048        0.012516
BFGS:  217 14:28:38      -98.989159        0.010943
BFGS:  218 14:28:38      -98.989353        0.007823
BFGS:  219 14:28:38      -98.989586        0.007262
BFGS:  220 14:28:38      -98.989718        0.006092
BFGS:  221 14:28:38      -98.989748        0.004805
BFGS:  222 14:28:38      -98.989754        0.004206
BFGS:  223 14:28:39      -98.989760        0.003530
BFGS:  224 14:28:39      -98.989772        0.003155
BFGS:  225 14:28:39      -98.989789        0.003140
BFGS:  226 14:28:39      -98.989802        0.003173
BFGS:  227 14:28:39      -98.989806        0.003183
BFGS:  228 14:28:39      -98.989808        0.003206
BFGS:  229 14:28:39      -98.989811        0.003211
BFGS:  230 14:28:39      -98.989817        0.003237
BFGS:  231 14:28:39      -98.989829        0.003250
BFGS:  232 14:28:39      -98.989846        0.003262
BFGS:  233 14:28:39      -98.989858        0.003242
BFGS:  234 14:28:39      -98.989863        0.003189
BFGS:  235 14:28:39      -98.989865        0.003172
BFGS:  236 14:28:39      -98.989868        0.003167
BFGS:  237 14:28:40      -98.989876        0.003152
BFGS:  238 14:28:40      -98.989892        0.003149
BFGS:  239 14:28:40      -98.989917        0.003141
BFGS:  240 14:28:40      -98.989941        0.003544
BFGS:  241 14:28:40      -98.989954        0.003317
BFGS:  242 14:28:40      -98.989960        0.003264
BFGS:  243 14:28:40      -98.989967        0.003336
BFGS:  244 14:28:40      -98.989981        0.003421
BFGS:  245 14:28:40      -98.990007        0.007502
BFGS:  246 14:28:40      -98.990050        0.012957
BFGS:  247 14:28:40      -98.990106        0.019782
BFGS:  248 14:28:40      -98.990181        0.024962
BFGS:  249 14:28:40      -98.990298        0.028337
BFGS:  250 14:28:40      -98.990522        0.034085
BFGS:  251 14:28:41      -98.990962        0.039898
BFGS:  252 14:28:41      -98.991596        0.058496
BFGS:  253 14:28:41      -98.992287        0.078861
BFGS:  254 14:28:41      -98.993010        0.090037
BFGS:  255 14:28:41      -98.993702        0.088144
BFGS:  256 14:28:41      -98.994241        0.060002
BFGS:  257 14:28:41      -98.994486        0.028182
BFGS:  258 14:28:41      -98.994623        0.022127
BFGS:  259 14:28:41      -98.994691        0.022090
BFGS:  260 14:28:41      -98.994748        0.022265
BFGS:  261 14:28:41      -98.994821        0.022569
BFGS:  262 14:28:41      -98.994989        0.023180
BFGS:  263 14:28:41      -98.995378        0.024334
BFGS:  264 14:28:41      -98.996229        0.026278
BFGS:  265 14:28:42      -98.997666        0.038803
BFGS:  266 14:28:42      -98.999349        0.052172
BFGS:  267 14:28:42      -99.000897        0.059520
BFGS:  268 14:28:42      -99.001964        0.059018
BFGS:  269 14:28:42      -99.002906        0.057463
BFGS:  270 14:28:42      -99.003872        0.056435
BFGS:  271 14:28:42      -99.004915        0.055739
BFGS:  272 14:28:42      -99.006062        0.055058
BFGS:  273 14:28:42      -99.007317        0.058428
BFGS:  274 14:28:42      -99.008749        0.065771
BFGS:  275 14:28:42      -99.010872        0.073903
BFGS:  276 14:28:42      -99.013158        0.079336
BFGS:  277 14:28:42      -99.017569        0.094581
BFGS:  278 14:28:42      -99.021314        0.120372
BFGS:  279 14:28:42      -99.025072        0.146346
BFGS:  280 14:28:43      -99.030372        0.178451
BFGS:  281 14:28:43      -99.037867        0.215002
BFGS:  282 14:28:43      -99.047041        0.252792
BFGS:  283 14:28:43      -99.057754        0.290440
BFGS:  284 14:28:43      -99.070461        0.327848
BFGS:  285 14:28:43      -99.086279        0.364750
BFGS:  286 14:28:43      -99.106394        0.401379
BFGS:  287 14:28:43      -99.131470        0.435984
BFGS:  288 14:28:43      -99.162688        0.469611
BFGS:  289 14:28:43      -99.200797        0.498830
BFGS:  290 14:28:43      -99.248001        0.527201
BFGS:  291 14:28:43      -99.304392        0.543570
BFGS:  292 14:28:43      -99.361294        0.550974
BFGS:  293 14:28:43      -99.401430        0.560625
BFGS:  294 14:28:44      -99.444911        0.577979
BFGS:  295 14:28:44      -99.480151        0.584562
BFGS:  296 14:28:44      -99.513756        0.592874
BFGS:  297 14:28:44      -99.543614        0.593986
BFGS:  298 14:28:44      -99.572557        0.590646
BFGS:  299 14:28:44      -99.600473        0.587832
BFGS:  300 14:28:44      -99.627111        0.576393
BFGS:  301 14:28:44      -99.655615        0.570407
BFGS:  302 14:28:44      -99.684072        0.558496
BFGS:  303 14:28:44      -99.717190        0.549782
BFGS:  304 14:28:44      -99.750363        0.537805
BFGS:  305 14:28:44      -99.789028        0.533707
BFGS:  306 14:28:44      -99.826611        0.523960
BFGS:  307 14:28:44      -99.859373        0.522159
BFGS:  308 14:28:45      -99.891808        0.521119
BFGS:  309 14:28:45      -99.920736        0.521534
BFGS:  310 14:28:45      -99.949789        0.524109
BFGS:  311 14:28:45      -99.978891        0.522629
BFGS:  312 14:28:45     -100.007546        0.525167
BFGS:  313 14:28:45     -100.037394        0.519456
BFGS:  314 14:28:45     -100.063619        0.520288
BFGS:  315 14:28:45     -100.090491        0.512829
BFGS:  316 14:28:45     -100.115879        0.508704
BFGS:  317 14:28:45     -100.142761        0.496425
BFGS:  318 14:28:45     -100.169559        0.486529
BFGS:  319 14:28:45     -100.197688        0.472747
BFGS:  320 14:28:45     -100.225930        0.463674
BFGS:  321 14:28:45     -100.253607        0.446927
BFGS:  322 14:28:46     -100.281043        0.429298
BFGS:  323 14:28:46     -100.310070        0.410352
BFGS:  324 14:28:46     -100.339727        0.394100
BFGS:  325 14:28:46     -100.370239        0.382203
BFGS:  326 14:28:46     -100.402404        0.362772
BFGS:  327 14:28:46     -100.435471        0.344816
BFGS:  328 14:28:46     -100.469813        0.321714
BFGS:  329 14:28:46     -100.505987        0.310329
BFGS:  330 14:28:46     -100.539122        0.279642
BFGS:  331 14:28:46     -100.567849        0.280656
BFGS:  332 14:28:46     -100.599304        0.265401
BFGS:  333 14:28:46     -100.630855        0.267736
BFGS:  334 14:28:46     -100.663044        0.259818
BFGS:  335 14:28:46     -100.690981        0.262015
BFGS:  336 14:28:47     -100.725048        0.255401
BFGS:  337 14:28:47     -100.752277        0.262825
BFGS:  338 14:28:47     -100.781278        0.256089
BFGS:  339 14:28:47     -100.812468        0.237873
BFGS:  340 14:28:47     -100.845788        0.307354
BFGS:  341 14:28:47     -100.866827        0.323241
BFGS:  342 14:28:47     -100.893727        0.274882
BFGS:  343 14:28:47     -100.917954        0.223732
BFGS:  344 14:28:47     -100.932352        0.203714
BFGS:  345 14:28:47     -100.947279        0.180218
BFGS:  346 14:28:47     -100.958835        0.174907
BFGS:  347 14:28:47     -100.970756        0.169116
BFGS:  348 14:28:47     -100.982944        0.169349
BFGS:  349 14:28:47     -100.997425        0.172600
BFGS:  350 14:28:48     -101.012764        0.183430
BFGS:  351 14:28:48     -101.027831        0.192220
BFGS:  352 14:28:48     -101.039960        0.205524
BFGS:  353 14:28:48     -101.052952        0.222583
BFGS:  354 14:28:48     -101.067198        0.242554
BFGS:  355 14:28:48     -101.085465        0.262830
BFGS:  356 14:28:48     -101.101346        0.255588
BFGS:  357 14:28:48     -101.134865        0.278774
BFGS:  358 14:28:48     -101.153220        0.328627
BFGS:  359 14:28:48     -101.168561        0.350593
BFGS:  360 14:28:48     -101.183576        0.370094
BFGS:  361 14:28:48     -101.194035        0.345296
BFGS:  362 14:28:48     -101.239186        0.247620
BFGS:  363 14:28:48     -101.262340        0.256586
BFGS:  364 14:28:48     -101.275169        0.260201
BFGS:  365 14:28:49     -101.297339        0.252992
BFGS:  366 14:28:49     -101.317146        0.253141
BFGS:  367 14:28:49     -101.331130        0.253447
BFGS:  368 14:28:49     -101.347468        0.285830
BFGS:  369 14:28:49     -101.361386        0.271506
BFGS:  370 14:28:49     -101.379351        0.258615
BFGS:  371 14:28:49     -101.402409        0.267541
BFGS:  372 14:28:49     -101.421726        0.233470
BFGS:  373 14:28:49     -101.431806        0.194451
BFGS:  374 14:28:49     -101.445515        0.163797
BFGS:  375 14:28:49     -101.454147        0.161063
BFGS:  376 14:28:49     -101.463560        0.163991
BFGS:  377 14:28:49     -101.469887        0.171236
BFGS:  378 14:28:49     -101.475962        0.145141
BFGS:  379 14:28:50     -101.480553        0.159915
BFGS:  380 14:28:50     -101.485039        0.158643
BFGS:  381 14:28:50     -101.491574        0.147728
BFGS:  382 14:28:50     -101.497357        0.149635
BFGS:  383 14:28:50     -101.505806        0.147525
BFGS:  384 14:28:50     -101.511917        0.158877
BFGS:  385 14:28:50     -101.518022        0.165751
BFGS:  386 14:28:50     -101.521933        0.161574
BFGS:  387 14:28:50     -101.525785        0.153884
BFGS:  388 14:28:50     -101.529038        0.138889
BFGS:  389 14:28:50     -101.533030        0.118721
BFGS:  390 14:28:50     -101.536336        0.115748
BFGS:  391 14:28:50     -101.540256        0.115142
BFGS:  392 14:28:50     -101.543831        0.117386
BFGS:  393 14:28:51     -101.547582        0.113700
BFGS:  394 14:28:51     -101.550346        0.107688
BFGS:  395 14:28:51     -101.552337        0.104844
BFGS:  396 14:28:51     -101.554014        0.105173
BFGS:  397 14:28:51     -101.555903        0.106159
BFGS:  398 14:28:51     -101.557954        0.109432
BFGS:  399 14:28:51     -101.559733        0.112719
BFGS:  400 14:28:51     -101.561043        0.114056
BFGS:  401 14:28:51     -101.562144        0.114017
BFGS:  402 14:28:51     -101.563281        0.112781
BFGS:  403 14:28:51     -101.564478        0.110299
BFGS:  404 14:28:51     -101.565689        0.107241
BFGS:  405 14:28:51     -101.566935        0.103148
BFGS:  406 14:28:51     -101.568206        0.105172
BFGS:  407 14:28:51     -101.569495        0.110512
BFGS:  408 14:28:52     -101.570820        0.109876
BFGS:  409 14:28:52     -101.572269        0.121370
BFGS:  410 14:28:52     -101.573801        0.115557
BFGS:  411 14:28:52     -101.575265        0.109400
BFGS:  412 14:28:52     -101.576485        0.106344
BFGS:  413 14:28:52     -101.577679        0.101580
BFGS:  414 14:28:52     -101.579181        0.098898
BFGS:  415 14:28:52     -101.581198        0.125899
BFGS:  416 14:28:52     -101.583222        0.136073
BFGS:  417 14:28:52     -101.584729        0.132649
BFGS:  418 14:28:52     -101.585814        0.120890
BFGS:  419 14:28:52     -101.586995        0.102979
BFGS:  420 14:28:52     -101.588493        0.104748
BFGS:  421 14:28:52     -101.590245        0.109352
BFGS:  422 14:28:53     -101.591870        0.090488
BFGS:  423 14:28:53     -101.593341        0.082872
BFGS:  424 14:28:53     -101.594684        0.087643
BFGS:  425 14:28:53     -101.595999        0.116809
BFGS:  426 14:28:53     -101.597242        0.126358
BFGS:  427 14:28:53     -101.598558        0.112633
BFGS:  428 14:28:53     -101.600201        0.100248
BFGS:  429 14:28:53     -101.602165        0.110194
BFGS:  430 14:28:53     -101.603896        0.120345
BFGS:  431 14:28:53     -101.605139        0.124288
BFGS:  432 14:28:53     -101.606180        0.125793
BFGS:  433 14:28:53     -101.607470        0.122170
BFGS:  434 14:28:53     -101.609194        0.117130
BFGS:  435 14:28:53     -101.611086        0.139911
BFGS:  436 14:28:54     -101.612749        0.132135
BFGS:  437 14:28:54     -101.614315        0.114258
BFGS:  438 14:28:54     -101.615988        0.090784
BFGS:  439 14:28:54     -101.617856        0.100546
BFGS:  440 14:28:54     -101.619990        0.116764
BFGS:  441 14:28:54     -101.622384        0.122075
BFGS:  442 14:28:54     -101.624860        0.105599
BFGS:  443 14:28:54     -101.627085        0.086147
BFGS:  444 14:28:54     -101.629043        0.089468
BFGS:  445 14:28:54     -101.631307        0.105519
BFGS:  446 14:28:54     -101.634682        0.110864
BFGS:  447 14:28:54     -101.638904        0.107947
BFGS:  448 14:28:54     -101.642633        0.101752
BFGS:  449 14:28:54     -101.645972        0.095258
BFGS:  450 14:28:55     -101.651283        0.102887
BFGS:  451 14:28:55     -101.653871        0.144481
BFGS:  452 14:28:55     -101.656733        0.142051
BFGS:  453 14:28:55     -101.662517        0.149640
BFGS:  454 14:28:55     -101.668014        0.168165
BFGS:  455 14:28:55     -101.674747        0.169439
BFGS:  456 14:28:55     -101.680171        0.144248
BFGS:  457 14:28:55     -101.686189        0.146209
BFGS:  458 14:28:55     -101.697198        0.152975
BFGS:  459 14:28:55     -101.706630        0.162287
BFGS:  460 14:28:55     -101.714380        0.206293
BFGS:  461 14:28:55     -101.734908        0.211003
BFGS:  462 14:28:55     -101.749277        0.269921
BFGS:  463 14:28:55     -101.771199        0.324043
BFGS:  464 14:28:55     -101.790787        0.324168
BFGS:  465 14:28:56     -101.811005        0.241291
BFGS:  466 14:28:56     -101.830165        0.261813
BFGS:  467 14:28:56     -101.848194        0.250640
BFGS:  468 14:28:56     -101.867340        0.228210
BFGS:  469 14:28:56     -101.889283        0.233806
BFGS:  470 14:28:56     -101.909952        0.289988
BFGS:  471 14:28:56     -101.930478        0.310031
BFGS:  472 14:28:56     -101.945541        0.238085
BFGS:  473 14:28:56     -101.966793        0.210590
BFGS:  474 14:28:56     -101.995162        0.189557
BFGS:  475 14:28:56     -102.012485        0.244058
BFGS:  476 14:28:56     -102.033563        0.219943
BFGS:  477 14:28:56     -102.050293        0.163297
BFGS:  478 14:28:56     -102.066693        0.171794
BFGS:  479 14:28:57     -102.081487        0.182348
BFGS:  480 14:28:57     -102.095330        0.159952
BFGS:  481 14:28:57     -102.104227        0.165027
BFGS:  482 14:28:57     -102.111840        0.163581
BFGS:  483 14:28:57     -102.121039        0.213712
BFGS:  484 14:28:57     -102.130374        0.188513
BFGS:  485 14:28:57     -102.137953        0.120221
BFGS:  486 14:28:57     -102.143192        0.122617
BFGS:  487 14:28:57     -102.147094        0.133855
BFGS:  488 14:28:57     -102.150589        0.128239
BFGS:  489 14:28:57     -102.154127        0.129575
BFGS:  490 14:28:57     -102.157244        0.118377
BFGS:  491 14:28:57     -102.160063        0.123358
BFGS:  492 14:28:57     -102.163085        0.125753
BFGS:  493 14:28:58     -102.165926        0.122705
BFGS:  494 14:28:58     -102.168050        0.115377
BFGS:  495 14:28:58     -102.169867        0.109394
BFGS:  496 14:28:58     -102.172106        0.101223
BFGS:  497 14:28:58     -102.175181        0.101964
BFGS:  498 14:28:58     -102.178618        0.107205
BFGS:  499 14:28:58     -102.181359        0.117219
BFGS:  500 14:28:58     -102.183162        0.114553
BFGS:  501 14:28:58     -102.184749        0.118061
BFGS:  502 14:28:58     -102.186623        0.110707
BFGS:  503 14:28:58     -102.188952        0.108695
BFGS:  504 14:28:58     -102.191175        0.109308
BFGS:  505 14:28:58     -102.193032        0.108505
BFGS:  506 14:28:58     -102.194436        0.110359
BFGS:  507 14:28:59     -102.195718        0.110996
BFGS:  508 14:28:59     -102.197015        0.110589
BFGS:  509 14:28:59     -102.198378        0.109942
BFGS:  510 14:28:59     -102.199575        0.109722
BFGS:  511 14:28:59     -102.200545        0.109897
BFGS:  512 14:28:59     -102.201329        0.110404
BFGS:  513 14:28:59     -102.202247        0.112245
BFGS:  514 14:28:59     -102.203368        0.112730
BFGS:  515 14:28:59     -102.204693        0.111677
BFGS:  516 14:28:59     -102.205769        0.107240
BFGS:  517 14:28:59     -102.206572        0.110042
BFGS:  518 14:28:59     -102.207232        0.109949
BFGS:  519 14:28:59     -102.207974        0.109982
BFGS:  520 14:28:59     -102.208829        0.107454
BFGS:  521 14:28:59     -102.209603        0.105633
BFGS:  522 14:29:00     -102.210368        0.105008
BFGS:  523 14:29:00     -102.211200        0.111410
BFGS:  524 14:29:00     -102.212011        0.114279
BFGS:  525 14:29:00     -102.212685        0.111532
BFGS:  526 14:29:00     -102.213267        0.113379
BFGS:  527 14:29:00     -102.213876        0.111034
BFGS:  528 14:29:00     -102.214553        0.109073
BFGS:  529 14:29:00     -102.215215        0.108407
BFGS:  530 14:29:00     -102.215825        0.107544
BFGS:  531 14:29:00     -102.216488        0.107043
BFGS:  532 14:29:00     -102.217351        0.107052
BFGS:  533 14:29:00     -102.218383        0.108013
BFGS:  534 14:29:00     -102.219326        0.111721
BFGS:  535 14:29:00     -102.220029        0.114439
BFGS:  536 14:29:01     -102.220658        0.114513
BFGS:  537 14:29:01     -102.221508        0.112375
BFGS:  538 14:29:01     -102.222746        0.107222
BFGS:  539 14:29:01     -102.224201        0.099450
BFGS:  540 14:29:01     -102.225401        0.093179
BFGS:  541 14:29:01     -102.226173        0.093798
BFGS:  542 14:29:01     -102.226778        0.094176
BFGS:  543 14:29:01     -102.227544        0.097479
BFGS:  544 14:29:01     -102.228659        0.107906
BFGS:  545 14:29:01     -102.230109        0.102866
BFGS:  546 14:29:01     -102.231490        0.092011
BFGS:  547 14:29:01     -102.232362        0.091168
BFGS:  548 14:29:01     -102.232872        0.089960
BFGS:  549 14:29:01     -102.233367        0.088615
BFGS:  550 14:29:02     -102.234127        0.086747
BFGS:  551 14:29:02     -102.235270        0.085862
BFGS:  552 14:29:02     -102.236501        0.081575
BFGS:  553 14:29:02     -102.237323        0.080846
BFGS:  554 14:29:02     -102.237765        0.080786
BFGS:  555 14:29:02     -102.238207        0.080351
BFGS:  556 14:29:02     -102.238982        0.078835
BFGS:  557 14:29:02     -102.240159        0.075924
BFGS:  558 14:29:02     -102.241386        0.073348
BFGS:  559 14:29:02     -102.242147        0.073452
BFGS:  560 14:29:02     -102.242573        0.071860
BFGS:  561 14:29:02     -102.243041        0.071094
BFGS:  562 14:29:02     -102.243853        0.074747
BFGS:  563 14:29:02     -102.244969        0.077949
BFGS:  564 14:29:03     -102.245967        0.070761
BFGS:  565 14:29:03     -102.246511        0.070825
BFGS:  566 14:29:03     -102.246852        0.070464
BFGS:  567 14:29:03     -102.247332        0.070015
BFGS:  568 14:29:03     -102.248198        0.069499
BFGS:  569 14:29:03     -102.249492        0.069580
BFGS:  570 14:29:03     -102.250820        0.069760
BFGS:  571 14:29:03     -102.251753        0.070488
BFGS:  572 14:29:03     -102.252419        0.069209
BFGS:  573 14:29:03     -102.253167        0.067379
BFGS:  574 14:29:03     -102.254237        0.063330
BFGS:  575 14:29:03     -102.255454        0.058827
BFGS:  576 14:29:03     -102.256339        0.056159
BFGS:  577 14:29:03     -102.256797        0.054446
BFGS:  578 14:29:03     -102.257134        0.053861
BFGS:  579 14:29:04     -102.257635        0.053096
BFGS:  580 14:29:04     -102.258472        0.051016
BFGS:  581 14:29:04     -102.259602        0.047327
BFGS:  582 14:29:04     -102.260607        0.051586
BFGS:  583 14:29:04     -102.261248        0.053426
BFGS:  584 14:29:04     -102.261759        0.051437
BFGS:  585 14:29:04     -102.262461        0.052466
BFGS:  586 14:29:04     -102.263540        0.054378
BFGS:  587 14:29:04     -102.264690        0.055125
BFGS:  588 14:29:04     -102.265422        0.055596
BFGS:  589 14:29:04     -102.265811        0.055105
BFGS:  590 14:29:04     -102.266211        0.054283
BFGS:  591 14:29:04     -102.266955        0.051603
BFGS:  592 14:29:04     -102.268065        0.047449
BFGS:  593 14:29:05     -102.269060        0.045216
BFGS:  594 14:29:05     -102.269597        0.045888
BFGS:  595 14:29:05     -102.269950        0.046142
BFGS:  596 14:29:05     -102.270475        0.044393
BFGS:  597 14:29:05     -102.271403        0.038875
BFGS:  598 14:29:05     -102.272601        0.041044
BFGS:  599 14:29:05     -102.273481        0.039491
BFGS:  600 14:29:05     -102.273853        0.034103
BFGS:  601 14:29:05     -102.274084        0.030616
BFGS:  602 14:29:05     -102.274496        0.029998
BFGS:  603 14:29:05     -102.275194        0.030050
BFGS:  604 14:29:05     -102.276024        0.035262
BFGS:  605 14:29:05     -102.276559        0.041104
BFGS:  606 14:29:05     -102.276782        0.041553
BFGS:  607 14:29:06     -102.276946        0.039483
BFGS:  608 14:29:06     -102.277264        0.034360
BFGS:  609 14:29:06     -102.277818        0.032100
BFGS:  610 14:29:06     -102.278503        0.030777
BFGS:  611 14:29:06     -102.278931        0.027981
BFGS:  612 14:29:06     -102.279084        0.028798
BFGS:  613 14:29:06     -102.279173        0.028763
BFGS:  614 14:29:06     -102.279336        0.026916
BFGS:  615 14:29:06     -102.279632        0.022276
BFGS:  616 14:29:06     -102.280036        0.018989
BFGS:  617 14:29:06     -102.280346        0.019900
BFGS:  618 14:29:06     -102.280483        0.021080
BFGS:  619 14:29:06     -102.280560        0.021542
BFGS:  620 14:29:06     -102.280686        0.021655
BFGS:  621 14:29:07     -102.280922        0.021376
BFGS:  622 14:29:07     -102.281256        0.022409
BFGS:  623 14:29:07     -102.281526        0.024462
BFGS:  624 14:29:07     -102.281651        0.019732
BFGS:  625 14:29:07     -102.281720        0.017060
BFGS:  626 14:29:07     -102.281823        0.016233
BFGS:  627 14:29:07     -102.282011        0.016801
BFGS:  628 14:29:07     -102.282272        0.017390
BFGS:  629 14:29:07     -102.282492        0.018116
BFGS:  630 14:29:07     -102.282606        0.017439
BFGS:  631 14:29:07     -102.282680        0.016529
BFGS:  632 14:29:07     -102.282793        0.015300
BFGS:  633 14:29:07     -102.282991        0.019806
BFGS:  634 14:29:07     -102.283260        0.021282
BFGS:  635 14:29:07     -102.283479        0.016061
BFGS:  636 14:29:08     -102.283585        0.016082
BFGS:  637 14:29:08     -102.283643        0.015499
BFGS:  638 14:29:08     -102.283723        0.016163
BFGS:  639 14:29:08     -102.283872        0.023179
BFGS:  640 14:29:08     -102.284113        0.027084
BFGS:  641 14:29:08     -102.284376        0.022083
BFGS:  642 14:29:08     -102.284531        0.011241
BFGS:  643 14:29:08     -102.284589        0.010479
BFGS:  644 14:29:08     -102.284624        0.009738
BFGS:  645 14:29:08     -102.284683        0.009505
BFGS:  646 14:29:08     -102.284780        0.009651
BFGS:  647 14:29:08     -102.284904        0.010343
BFGS:  648 14:29:08     -102.284995        0.009132
BFGS:  649 14:29:08     -102.285037        0.008894
BFGS:  650 14:29:09     -102.285063        0.008429
BFGS:  651 14:29:09     -102.285102        0.008596
BFGS:  652 14:29:09     -102.285172        0.008614
BFGS:  653 14:29:09     -102.285268        0.009251
BFGS:  654 14:29:09     -102.285343        0.008756
BFGS:  655 14:29:09     -102.285377        0.007112
BFGS:  656 14:29:09     -102.285395        0.007028
BFGS:  657 14:29:09     -102.285422        0.007312
BFGS:  658 14:29:09     -102.285471        0.007248
BFGS:  659 14:29:09     -102.285548        0.006562
BFGS:  660 14:29:09     -102.285621        0.008092
BFGS:  661 14:29:09     -102.285658        0.008585
BFGS:  662 14:29:09     -102.285675        0.007961
BFGS:  663 14:29:09     -102.285694        0.007285
BFGS:  664 14:29:10     -102.285729        0.006799
BFGS:  665 14:29:10     -102.285786        0.006818
BFGS:  666 14:29:10     -102.285844        0.008006
BFGS:  667 14:29:10     -102.285878        0.007981
BFGS:  668 14:29:10     -102.285893        0.006767
BFGS:  669 14:29:10     -102.285908        0.006706
BFGS:  670 14:29:10     -102.285935        0.006084
BFGS:  671 14:29:10     -102.285978        0.004450
BFGS:  672 14:29:10     -102.286022        0.004653
BFGS:  673 14:29:10     -102.286045        0.004760
BFGS:  674 14:29:10     -102.286054        0.005241
BFGS:  675 14:29:10     -102.286061        0.005302
BFGS:  676 14:29:10     -102.286074        0.004939
BFGS:  677 14:29:10     -102.286094        0.003808
BFGS:  678 14:29:10     -102.286120        0.003649
BFGS:  679 14:29:11     -102.286137        0.003532
BFGS:  680 14:29:11     -102.286145        0.003842
BFGS:  681 14:29:11     -102.286149        0.003920
BFGS:  682 14:29:11     -102.286155        0.003882
BFGS:  683 14:29:11     -102.286166        0.003767
BFGS:  684 14:29:11     -102.286187        0.003937
BFGS:  685 14:29:11     -102.286210        0.004360
BFGS:  686 14:29:11     -102.286225        0.004959
BFGS:  687 14:29:11     -102.286231        0.004999
BFGS:  688 14:29:11     -102.286235        0.004790
BFGS:  689 14:29:11     -102.286244        0.004330
BFGS:  690 14:29:11     -102.286259        0.003554
BFGS:  691 14:29:11     -102.286282        0.003367
BFGS:  692 14:29:11     -102.286300        0.003497
BFGS:  693 14:29:12     -102.286308        0.003315
BFGS:  694 14:29:12     -102.286311        0.003298
BFGS:  695 14:29:12     -102.286314        0.003515
BFGS:  696 14:29:12     -102.286320        0.003854
BFGS:  697 14:29:12     -102.286330        0.004224
BFGS:  698 14:29:12     -102.286342        0.004271
BFGS:  699 14:29:12     -102.286349        0.003882
BFGS:  700 14:29:12     -102.286352        0.003542
BFGS:  701 14:29:12     -102.286353        0.003348
BFGS:  702 14:29:12     -102.286357        0.003126
BFGS:  703 14:29:12     -102.286362        0.003013
BFGS:  704 14:29:12     -102.286372        0.002832
BFGS:  705 14:29:12     -102.286382        0.003021
BFGS:  706 14:29:12     -102.286387        0.003167
BFGS:  707 14:29:13     -102.286389        0.003129
BFGS:  708 14:29:13     -102.286391        0.003295
BFGS:  709 14:29:13     -102.286396        0.003436
BFGS:  710 14:29:13     -102.286403        0.003452
BFGS:  711 14:29:13     -102.286413        0.003491
BFGS:  712 14:29:13     -102.286420        0.003400
BFGS:  713 14:29:13     -102.286423        0.003098
BFGS:  714 14:29:13     -102.286424        0.003019
BFGS:  715 14:29:13     -102.286428        0.002980
BFGS:  716 14:29:13     -102.286433        0.003143
BFGS:  717 14:29:13     -102.286442        0.003601
BFGS:  718 14:29:13     -102.286449        0.004520
BFGS:  719 14:29:13     -102.286453        0.004603
BFGS:  720 14:29:13     -102.286456        0.004571
BFGS:  721 14:29:13     -102.286462        0.004431
BFGS:  722 14:29:14     -102.286471        0.004201
BFGS:  723 14:29:14     -102.286482        0.003792
BFGS:  724 14:29:14     -102.286491        0.003324
BFGS:  725 14:29:14     -102.286494        0.003335
BFGS:  726 14:29:14     -102.286495        0.003272
BFGS:  727 14:29:14     -102.286497        0.003150
BFGS:  728 14:29:14     -102.286501        0.002907
BFGS:  729 14:29:14     -102.286509        0.003129
BFGS:  730 14:29:14     -102.286520        0.003197
BFGS:  731 14:29:14     -102.286529        0.002984
BFGS:  732 14:29:14     -102.286533        0.003341
BFGS:  733 14:29:14     -102.286535        0.003433
BFGS:  734 14:29:14     -102.286538        0.003402
BFGS:  735 14:29:14     -102.286544        0.003183
BFGS:  736 14:29:15     -102.286556        0.003205
BFGS:  737 14:29:15     -102.286570        0.003230
BFGS:  738 14:29:15     -102.286578        0.003162
BFGS:  739 14:29:15     -102.286581        0.002929
BFGS:  740 14:29:15     -102.286583        0.002878
BFGS:  741 14:29:15     -102.286586        0.002822
BFGS:  742 14:29:15     -102.286593        0.002765
BFGS:  743 14:29:15     -102.286602        0.002663
BFGS:  744 14:29:15     -102.286611        0.002983
BFGS:  745 14:29:15     -102.286615        0.002727
BFGS:  746 14:29:15     -102.286616        0.002410
BFGS:  747 14:29:15     -102.286619        0.002557
BFGS:  748 14:29:15     -102.286623        0.002684
BFGS:  749 14:29:15     -102.286631        0.002633
BFGS:  750 14:29:16     -102.286641        0.002594
BFGS:  751 14:29:16     -102.286647        0.002684
BFGS:  752 14:29:16     -102.286650        0.002674
BFGS:  753 14:29:16     -102.286653        0.002674
BFGS:  754 14:29:16     -102.286659        0.002776
BFGS:  755 14:29:16     -102.286672        0.003112
BFGS:  756 14:29:16     -102.286693        0.003852
BFGS:  757 14:29:16     -102.286713        0.003701
BFGS:  758 14:29:16     -102.286724        0.004005
BFGS:  759 14:29:16     -102.286728        0.003936
BFGS:  760 14:29:16     -102.286731        0.003709
BFGS:  761 14:29:16     -102.286739        0.003229
BFGS:  762 14:29:16     -102.286751        0.003037
BFGS:  763 14:29:16     -102.286766        0.002379
BFGS:  764 14:29:16     -102.286775        0.002675
BFGS:  765 14:29:17     -102.286777        0.002455
BFGS:  766 14:29:17     -102.286779        0.002190
BFGS:  767 14:29:17     -102.286782        0.001760
BFGS:  768 14:29:17     -102.286787        0.001800
BFGS:  769 14:29:17     -102.286796        0.002048
BFGS:  770 14:29:17     -102.286804        0.001837
BFGS:  771 14:29:17     -102.286808        0.001875
BFGS:  772 14:29:17     -102.286809        0.001987
BFGS:  773 14:29:17     -102.286810        0.001936
BFGS:  774 14:29:17     -102.286811        0.001741
BFGS:  775 14:29:17     -102.286814        0.001329
BFGS:  776 14:29:17     -102.286818        0.001209
BFGS:  777 14:29:17     -102.286821        0.001031
BFGS:  778 14:29:17     -102.286822        0.000982
