      Step     Time          Energy          fmax
BFGS:    0 00:17:39      -69.384379        6.839197
BFGS:    1 00:17:39      -77.434076        4.755203
BFGS:    2 00:17:39      -87.369358        2.634954
BFGS:    3 00:17:39      -90.244874        1.921480
BFGS:    4 00:17:39      -91.354492        1.728207
BFGS:    5 00:17:39      -92.702241        1.945092
BFGS:    6 00:17:39      -94.034385        1.650944
BFGS:    7 00:17:39      -94.997952        0.965399
BFGS:    8 00:17:39      -95.401616        0.819112
BFGS:    9 00:17:39      -95.604552        0.836361
BFGS:   10 00:17:40      -95.963093        0.867176
BFGS:   11 00:17:40      -96.073019        0.861918
BFGS:   12 00:17:40      -96.555348        0.821225
BFGS:   13 00:17:42      -96.973204        0.776752
BFGS:   14 00:17:42      -97.281696        0.734372
BFGS:   15 00:17:42      -97.471608        0.688901
BFGS:   16 00:17:42      -97.537390        0.660827
BFGS:   17 00:17:42      -97.640566        0.609871
BFGS:   18 00:17:42      -97.815245        0.525636
BFGS:   19 00:17:43      -98.018821        0.439522
BFGS:   20 00:17:43      -98.239576        0.361157
BFGS:   21 00:17:43      -98.424513        0.312628
BFGS:   22 00:17:43      -98.496929        0.334826
BFGS:   23 00:17:43      -98.547471        0.374298
BFGS:   24 00:17:43      -98.696542        0.463614
BFGS:   25 00:17:43      -98.872911        0.508340
BFGS:   26 00:17:43      -99.105157        0.507067
BFGS:   27 00:17:43      -99.332610        0.476240
BFGS:   28 00:17:43      -99.550064        0.432299
BFGS:   29 00:17:43      -99.745459        0.384338
BFGS:   30 00:17:43      -99.913238        0.355417
BFGS:   31 00:17:43     -100.047078        0.360238
BFGS:   32 00:17:43     -100.151963        0.365131
BFGS:   33 00:17:44     -100.234845        0.368180
BFGS:   34 00:17:44     -100.302859        0.366442
BFGS:   35 00:17:44     -100.362577        0.357398
BFGS:   36 00:17:44     -100.420042        0.340262
BFGS:   37 00:17:44     -100.480568        0.315561
BFGS:   38 00:17:44     -100.547778        0.294013
BFGS:   39 00:17:44     -100.621859        0.308271
BFGS:   40 00:17:44     -100.700430        0.321697
BFGS:   41 00:17:44     -100.783817        0.335465
BFGS:   42 00:17:46     -100.873590        0.349248
BFGS:   43 00:17:46     -100.968632        0.361689
BFGS:   44 00:17:46     -101.029204        0.368319
BFGS:   45 00:17:46     -101.057127        0.367975
BFGS:   46 00:17:47     -101.088990        0.361587
BFGS:   47 00:17:47     -101.114346        0.350919
BFGS:   48 00:17:47     -101.141610        0.338646
BFGS:   49 00:17:47     -101.200491        0.315489
BFGS:   50 00:17:47     -101.323739        0.273989
BFGS:   51 00:17:47     -101.422535        0.254429
BFGS:   52 00:17:47     -101.515937        0.245707
BFGS:   53 00:17:47     -101.604826        0.239298
BFGS:   54 00:17:47     -101.683146        0.233162
BFGS:   55 00:17:47     -101.736674        0.230952
BFGS:   56 00:17:47     -101.777115        0.232917
BFGS:   57 00:17:47     -101.792570        0.233481
BFGS:   58 00:17:47     -101.798022        0.233482
BFGS:   59 00:17:48     -101.821744        0.231494
BFGS:   60 00:17:48     -101.866106        0.219762
BFGS:   61 00:17:48     -101.927339        0.190854
BFGS:   62 00:17:48     -101.977445        0.167814
BFGS:   63 00:17:48     -102.022093        0.141220
BFGS:   64 00:17:48     -102.042065        0.138641
BFGS:   65 00:17:48     -102.055659        0.131029
BFGS:   66 00:17:48     -102.070916        0.119483
BFGS:   67 00:17:48     -102.095012        0.126048
BFGS:   68 00:17:51     -102.125171        0.157411
BFGS:   69 00:17:51     -102.155103        0.173676
BFGS:   70 00:17:52     -102.183003        0.177432
BFGS:   71 00:17:52     -102.209942        0.166945
BFGS:   72 00:17:52     -102.244114        0.124394
BFGS:   73 00:17:52     -102.265527        0.090890
BFGS:   74 00:17:52     -102.271555        0.093584
BFGS:   75 00:17:52     -102.277242        0.097256
BFGS:   76 00:17:52     -102.281925        0.099305
BFGS:   77 00:17:52     -102.289523        0.100198
BFGS:   78 00:17:52     -102.301908        0.122902
BFGS:   79 00:17:52     -102.319950        0.201619
BFGS:   80 00:17:52     -102.333074        0.230773
BFGS:   81 00:17:52     -102.343070        0.207109
BFGS:   82 00:17:52     -102.355112        0.139889
BFGS:   83 00:17:53     -102.365586        0.081599
BFGS:   84 00:17:53     -102.374108        0.087129
BFGS:   85 00:17:53     -102.379231        0.095801
BFGS:   86 00:17:53     -102.381942        0.080478
BFGS:   87 00:17:53     -102.385273        0.073518
BFGS:   88 00:17:53     -102.390156        0.072498
BFGS:   89 00:17:53     -102.396446        0.089030
BFGS:   90 00:17:53     -102.403272        0.154384
BFGS:   91 00:17:53     -102.410172        0.193801
BFGS:   92 00:17:53     -102.418886        0.209670
BFGS:   93 00:17:53     -102.431649        0.206326
BFGS:   94 00:17:53     -102.446148        0.189429
BFGS:   95 00:17:53     -102.462700        0.162689
BFGS:   96 00:17:54     -102.480381        0.128438
BFGS:   97 00:17:54     -102.497654        0.089081
BFGS:   98 00:17:54     -102.512710        0.065569
BFGS:   99 00:17:54     -102.523812        0.062288
BFGS:  100 00:17:54     -102.529474        0.056160
BFGS:  101 00:17:54     -102.530766        0.051149
BFGS:  102 00:17:54     -102.534417        0.038253
BFGS:  103 00:17:54     -102.537371        0.035123
BFGS:  104 00:17:54     -102.541486        0.038362
BFGS:  105 00:17:54     -102.544588        0.042636
BFGS:  106 00:17:54     -102.546700        0.049557
BFGS:  107 00:17:54     -102.547704        0.044171
BFGS:  108 00:17:54     -102.548907        0.034796
BFGS:  109 00:17:54     -102.550777        0.028468
BFGS:  110 00:17:54     -102.554435        0.020818
BFGS:  111 00:17:55     -102.556888        0.016073
BFGS:  112 00:17:55     -102.557720        0.015247
BFGS:  113 00:17:55     -102.557837        0.013771
BFGS:  114 00:17:55     -102.557895        0.013008
BFGS:  115 00:17:55     -102.558004        0.011621
BFGS:  116 00:17:55     -102.558260        0.011164
BFGS:  117 00:17:55     -102.558746        0.013680
BFGS:  118 00:17:55     -102.559528        0.015323
BFGS:  119 00:17:55     -102.560312        0.018111
BFGS:  120 00:17:56     -102.560753        0.020432
BFGS:  121 00:17:56     -102.560950        0.019772
BFGS:  122 00:17:56     -102.561152        0.018089
BFGS:  123 00:17:56     -102.561547        0.015295
BFGS:  124 00:17:56     -102.562148        0.012975
BFGS:  125 00:17:56     -102.562718        0.013942
BFGS:  126 00:17:56     -102.562993        0.013703
BFGS:  127 00:17:56     -102.563091        0.011513
BFGS:  128 00:17:56     -102.563173        0.011062
BFGS:  129 00:17:56     -102.563318        0.011365
BFGS:  130 00:17:56     -102.563478        0.011709
BFGS:  131 00:17:56     -102.563570        0.011246
BFGS:  132 00:17:56     -102.563594        0.010699
BFGS:  133 00:17:57     -102.563602        0.010442
BFGS:  134 00:17:57     -102.563616        0.010116
BFGS:  135 00:17:58     -102.563649        0.009604
BFGS:  136 00:17:58     -102.563717        0.008904
BFGS:  137 00:17:58     -102.563821        0.008361
BFGS:  138 00:17:58     -102.563914        0.008314
BFGS:  139 00:17:58     -102.563955        0.008846
BFGS:  140 00:17:58     -102.563971        0.009241
BFGS:  141 00:17:58     -102.563991        0.009565
BFGS:  142 00:17:58     -102.564037        0.009912
BFGS:  143 00:17:58     -102.564129        0.010000
BFGS:  144 00:17:58     -102.564264        0.009327
BFGS:  145 00:17:58     -102.564376        0.008307
BFGS:  146 00:17:58     -102.564422        0.007393
BFGS:  147 00:17:58     -102.564438        0.007524
BFGS:  148 00:17:58     -102.564458        0.007544
BFGS:  149 00:17:59     -102.564507        0.007538
BFGS:  150 00:17:59     -102.564615        0.007524
BFGS:  151 00:17:59     -102.564813        0.011065
BFGS:  152 00:17:59     -102.565053        0.012531
BFGS:  153 00:17:59     -102.565205        0.009634
BFGS:  154 00:17:59     -102.565253        0.007815
BFGS:  155 00:17:59     -102.565277        0.007865
BFGS:  156 00:17:59     -102.565327        0.007868
BFGS:  157 00:17:59     -102.565435        0.007738
BFGS:  158 00:17:59     -102.565657        0.010915
BFGS:  159 00:17:59     -102.566011        0.013640
BFGS:  160 00:17:59     -102.566473        0.012087
BFGS:  161 00:17:59     -102.567015        0.019426
BFGS:  162 00:17:59     -102.567016        0.025198
BFGS:  163 00:17:59     -102.567323        0.021748
BFGS:  164 00:18:00     -102.567422        0.022464
BFGS:  165 00:18:00     -102.567555        0.024041
BFGS:  166 00:18:00     -102.567633        0.024742
BFGS:  167 00:18:00     -102.567899        0.026008
BFGS:  168 00:18:00     -102.568315        0.026851
BFGS:  169 00:18:00     -102.569196        0.027387
BFGS:  170 00:18:00     -102.570384        0.027049
BFGS:  171 00:18:00     -102.571437        0.034095
BFGS:  172 00:18:00     -102.572035        0.035252
BFGS:  173 00:18:00     -102.572541        0.033302
BFGS:  174 00:18:00     -102.573513        0.036487
BFGS:  175 00:18:00     -102.576026        0.055489
BFGS:  176 00:18:00     -102.581352        0.079402
BFGS:  177 00:18:01     -102.586837        0.101202
BFGS:  178 00:18:01     -102.592857        0.122546
BFGS:  179 00:18:01     -102.598458        0.141356
BFGS:  180 00:18:03     -102.604133        0.156699
BFGS:  181 00:18:03     -102.610641        0.168243
BFGS:  182 00:18:03     -102.617640        0.176565
BFGS:  183 00:18:03     -102.625097        0.185169
BFGS:  184 00:18:03     -102.641813        0.197090
BFGS:  185 00:18:03     -102.650942        0.208716
BFGS:  186 00:18:03     -102.665545        0.196717
BFGS:  187 00:18:03     -102.691561        0.165453
BFGS:  188 00:18:03     -102.717531        0.112434
BFGS:  189 00:18:03     -102.739903        0.086103
BFGS:  190 00:18:03     -102.756655        0.069136
BFGS:  191 00:18:04     -102.770573        0.053316
BFGS:  192 00:18:04     -102.776807        0.057272
BFGS:  193 00:18:04     -102.781288        0.056983
BFGS:  194 00:18:04     -102.787558        0.061566
BFGS:  195 00:18:04     -102.792612        0.061813
BFGS:  196 00:18:04     -102.798506        0.064661
BFGS:  197 00:18:04     -102.805258        0.060220
BFGS:  198 00:18:04     -102.812888        0.059220
BFGS:  199 00:18:04     -102.819591        0.054605
BFGS:  200 00:18:04     -102.826432        0.049453
BFGS:  201 00:18:04     -102.830485        0.046295
BFGS:  202 00:18:04     -102.831958        0.046619
BFGS:  203 00:18:05     -102.832468        0.045605
BFGS:  204 00:18:05     -102.833010        0.045211
BFGS:  205 00:18:05     -102.834000        0.043749
BFGS:  206 00:18:12     -102.835931        0.042245
BFGS:  207 00:18:12     -102.839503        0.045843
BFGS:  208 00:18:12     -102.844711        0.053388
BFGS:  209 00:18:12     -102.849778        0.057681
BFGS:  210 00:18:12     -102.853196        0.048260
BFGS:  211 00:18:13     -102.855536        0.035880
BFGS:  212 00:18:13     -102.856803        0.037654
BFGS:  213 00:18:13     -102.857920        0.037327
BFGS:  214 00:18:13     -102.859237        0.035062
BFGS:  215 00:18:13     -102.860570        0.034491
BFGS:  216 00:18:14     -102.862430        0.034155
BFGS:  217 00:18:14     -102.864527        0.039405
BFGS:  218 00:18:14     -102.866426        0.046628
BFGS:  219 00:18:14     -102.867721        0.042667
BFGS:  220 00:18:14     -102.868511        0.030882
BFGS:  221 00:18:14     -102.869074        0.029212
BFGS:  222 00:18:14     -102.869640        0.026551
BFGS:  223 00:18:14     -102.870430        0.036042
BFGS:  224 00:18:14     -102.871588        0.065987
BFGS:  225 00:18:14     -102.873025        0.094463
BFGS:  226 00:18:14     -102.874389        0.105697
BFGS:  227 00:18:14     -102.875476        0.095738
BFGS:  228 00:18:14     -102.876474        0.071362
BFGS:  229 00:18:15     -102.877523        0.036671
BFGS:  230 00:18:15     -102.878254        0.013978
BFGS:  231 00:18:15     -102.878501        0.012948
BFGS:  232 00:18:15     -102.878559        0.010552
BFGS:  233 00:18:15     -102.878598        0.009430
BFGS:  234 00:18:15     -102.878665        0.007410
BFGS:  235 00:18:15     -102.878762        0.007009
BFGS:  236 00:18:15     -102.878870        0.014467
BFGS:  237 00:18:15     -102.878950        0.019168
BFGS:  238 00:18:15     -102.879006        0.019555
BFGS:  239 00:18:15     -102.879067        0.017224
BFGS:  240 00:18:15     -102.879159        0.011769
BFGS:  241 00:18:15     -102.879277        0.009493
BFGS:  242 00:18:15     -102.879368        0.010140
BFGS:  243 00:18:15     -102.879409        0.011399
BFGS:  244 00:18:16     -102.879427        0.009796
BFGS:  245 00:18:16     -102.879447        0.007079
BFGS:  246 00:18:16     -102.879477        0.004668
BFGS:  247 00:18:16     -102.879511        0.005448
BFGS:  248 00:18:16     -102.879536        0.006855
BFGS:  249 00:18:16     -102.879548        0.006848
BFGS:  250 00:18:16     -102.879556        0.006241
BFGS:  251 00:18:16     -102.879568        0.005213
BFGS:  252 00:18:16     -102.879588        0.005021
BFGS:  253 00:18:16     -102.879610        0.004934
BFGS:  254 00:18:16     -102.879625        0.004757
BFGS:  255 00:18:16     -102.879632        0.004761
BFGS:  256 00:18:16     -102.879637        0.004799
BFGS:  257 00:18:16     -102.879647        0.004849
BFGS:  258 00:18:17     -102.879665        0.004874
BFGS:  259 00:18:17     -102.879690        0.006879
BFGS:  260 00:18:17     -102.879713        0.010606
BFGS:  261 00:18:17     -102.879730        0.011606
BFGS:  262 00:18:17     -102.879748        0.010379
BFGS:  263 00:18:17     -102.879775        0.006731
BFGS:  264 00:18:17     -102.879808        0.004152
BFGS:  265 00:18:17     -102.879834        0.006680
BFGS:  266 00:18:17     -102.879845        0.006783
BFGS:  267 00:18:17     -102.879851        0.005910
BFGS:  268 00:18:17     -102.879859        0.004400
BFGS:  269 00:18:17     -102.879871        0.003761
BFGS:  270 00:18:17     -102.879885        0.005252
BFGS:  271 00:18:18     -102.879895        0.006762
BFGS:  272 00:18:18     -102.879901        0.006471
BFGS:  273 00:18:18     -102.879909        0.005457
BFGS:  274 00:18:18     -102.879925        0.004111
BFGS:  275 00:18:18     -102.879954        0.004525
BFGS:  276 00:18:18     -102.879992        0.007943
BFGS:  277 00:18:18     -102.880021        0.011033
BFGS:  278 00:18:18     -102.880038        0.011254
BFGS:  279 00:18:18     -102.880052        0.009581
BFGS:  280 00:18:18     -102.880071        0.005783
BFGS:  281 00:18:18     -102.880093        0.004820
BFGS:  282 00:18:18     -102.880108        0.005989
BFGS:  283 00:18:18     -102.880114        0.005518
BFGS:  284 00:18:18     -102.880119        0.004389
BFGS:  285 00:18:19     -102.880126        0.002863
BFGS:  286 00:18:19     -102.880136        0.002857
BFGS:  287 00:18:19     -102.880145        0.003590
BFGS:  288 00:18:19     -102.880149        0.003015
BFGS:  289 00:18:19     -102.880150        0.002669
BFGS:  290 00:18:19     -102.880153        0.002524
BFGS:  291 00:18:19     -102.880158        0.002684
BFGS:  292 00:18:19     -102.880164        0.003586
BFGS:  293 00:18:19     -102.880169        0.004449
BFGS:  294 00:18:19     -102.880172        0.004661
BFGS:  295 00:18:19     -102.880175        0.004333
BFGS:  296 00:18:19     -102.880179        0.003216
BFGS:  297 00:18:19     -102.880186        0.002148
BFGS:  298 00:18:19     -102.880191        0.002376
BFGS:  299 00:18:20     -102.880194        0.002679
BFGS:  300 00:18:20     -102.880196        0.002775
BFGS:  301 00:18:20     -102.880198        0.002671
BFGS:  302 00:18:20     -102.880203        0.002289
BFGS:  303 00:18:20     -102.880211        0.002902
BFGS:  304 00:18:20     -102.880218        0.002943
BFGS:  305 00:18:20     -102.880222        0.002475
BFGS:  306 00:18:20     -102.880223        0.002045
BFGS:  307 00:18:20     -102.880224        0.001699
BFGS:  308 00:18:20     -102.880226        0.001493
BFGS:  309 00:18:20     -102.880228        0.001295
BFGS:  310 00:18:20     -102.880229        0.001284
BFGS:  311 00:18:20     -102.880230        0.001307
BFGS:  312 00:18:20     -102.880230        0.001319
BFGS:  313 00:18:21     -102.880230        0.001332
BFGS:  314 00:18:21     -102.880230        0.001345
BFGS:  315 00:18:21     -102.880231        0.001346
BFGS:  316 00:18:21     -102.880232        0.001325
BFGS:  317 00:18:21     -102.880232        0.001297
BFGS:  318 00:18:21     -102.880232        0.001280
BFGS:  319 00:18:21     -102.880232        0.001265
BFGS:  320 00:18:21     -102.880233        0.001246
BFGS:  321 00:18:21     -102.880233        0.001228
BFGS:  322 00:18:21     -102.880234        0.001226
BFGS:  323 00:18:21     -102.880234        0.001242
BFGS:  324 00:18:21     -102.880234        0.001257
BFGS:  325 00:18:24     -102.880234        0.001269
BFGS:  326 00:18:24     -102.880234        0.001281
BFGS:  327 00:18:24     -102.880235        0.001288
BFGS:  328 00:18:24     -102.880235        0.001276
BFGS:  329 00:18:24     -102.880235        0.001249
BFGS:  330 00:18:24     -102.880235        0.001227
BFGS:  331 00:18:24     -102.880236        0.001214
BFGS:  332 00:18:24     -102.880236        0.001201
BFGS:  333 00:18:24     -102.880236        0.001193
BFGS:  334 00:18:24     -102.880236        0.001197
BFGS:  335 00:18:24     -102.880236        0.001208
BFGS:  336 00:18:24     -102.880236        0.001219
BFGS:  337 00:18:24     -102.880236        0.001227
BFGS:  338 00:18:24     -102.880237        0.001232
BFGS:  339 00:18:25     -102.880237        0.001226
BFGS:  340 00:18:25     -102.880237        0.001210
BFGS:  341 00:18:25     -102.880237        0.001198
BFGS:  342 00:18:25     -102.880237        0.001189
BFGS:  343 00:18:25     -102.880237        0.001178
BFGS:  344 00:18:25     -102.880237        0.001164
BFGS:  345 00:18:25     -102.880238        0.001154
BFGS:  346 00:18:25     -102.880238        0.001158
BFGS:  347 00:18:25     -102.880238        0.001171
BFGS:  348 00:18:29     -102.880238        0.001184
BFGS:  349 00:18:29     -102.880238        0.001197
BFGS:  350 00:18:29     -102.880239        0.001210
BFGS:  351 00:18:29     -102.880240        0.001470
BFGS:  352 00:18:29     -102.880241        0.001459
BFGS:  353 00:18:29     -102.880242        0.001569
BFGS:  354 00:18:29     -102.880243        0.001583
BFGS:  355 00:18:29     -102.880243        0.001651
BFGS:  356 00:18:29     -102.880245        0.001717
BFGS:  357 00:18:29     -102.880247        0.002324
BFGS:  358 00:18:29     -102.880252        0.003395
BFGS:  359 00:18:29     -102.880259        0.003852
BFGS:  360 00:18:29     -102.880267        0.002870
BFGS:  361 00:18:30     -102.880270        0.001991
BFGS:  362 00:18:30     -102.880271        0.001940
BFGS:  363 00:18:30     -102.880272        0.001831
BFGS:  364 00:18:30     -102.880275        0.001608
BFGS:  365 00:18:30     -102.880280        0.002297
BFGS:  366 00:18:30     -102.880285        0.002253
BFGS:  367 00:18:30     -102.880288        0.001390
BFGS:  368 00:18:30     -102.880289        0.001173
BFGS:  369 00:18:30     -102.880289        0.000973
