      Step     Time          Energy          fmax
BFGS:    0 13:33:06     -174.834637        2.424595
BFGS:    1 13:33:06     -177.491666        2.111805
BFGS:    2 13:33:06     -186.639482        1.858030
BFGS:    3 13:33:06     -187.643089        1.867313
BFGS:    4 13:33:06     -187.928788        1.845462
BFGS:    5 13:33:06     -188.919816        1.743601
BFGS:    6 13:33:07     -189.664629        1.647623
BFGS:    7 13:33:07     -190.244673        1.558050
BFGS:    8 13:33:07     -190.748180        1.476713
BFGS:    9 13:33:07     -191.240935        1.402558
BFGS:   10 13:33:07     -191.748574        1.333732
BFGS:   11 13:33:07     -192.276146        1.285000
BFGS:   12 13:33:07     -192.819305        1.246632
BFGS:   13 13:33:07     -193.370257        1.209061
BFGS:   14 13:33:08     -193.922447        1.171706
BFGS:   15 13:33:08     -194.471053        1.134563
BFGS:   16 13:33:08     -195.012063        1.097730
BFGS:   17 13:33:08     -195.542279        1.061221
BFGS:   18 13:33:08     -196.058847        1.025003
BFGS:   19 13:33:08     -196.559370        0.989163
BFGS:   20 13:33:08     -197.042206        0.953763
BFGS:   21 13:33:08     -197.506364        0.918833
BFGS:   22 13:33:09     -197.951377        0.884324
BFGS:   23 13:33:09     -198.377267        0.850283
BFGS:   24 13:33:09     -198.784358        0.816753
BFGS:   25 13:33:09     -199.173181        0.783734
BFGS:   26 13:33:09     -199.544437        0.751221
BFGS:   27 13:33:09     -199.898928        0.719195
BFGS:   28 13:33:09     -200.237486        0.687619
BFGS:   29 13:33:09     -200.560928        0.656416
BFGS:   30 13:33:10     -200.870057        0.625533
BFGS:   31 13:33:10     -201.165608        0.594930
BFGS:   32 13:33:10     -201.448236        0.564597
BFGS:   33 13:33:10     -201.718513        0.534527
BFGS:   34 13:33:10     -201.976927        0.504714
BFGS:   35 13:33:10     -202.223888        0.475174
BFGS:   36 13:33:10     -202.459745        0.449910
BFGS:   37 13:33:10     -202.684772        0.432739
BFGS:   38 13:33:11     -202.899187        0.415762
BFGS:   39 13:33:11     -203.103151        0.412157
BFGS:   40 13:33:11     -203.296778        0.406642
BFGS:   41 13:33:11     -203.480137        0.399188
BFGS:   42 13:33:11     -203.653251        0.389781
BFGS:   43 13:33:11     -203.816091        0.378403
BFGS:   44 13:33:11     -203.968564        0.365023
BFGS:   45 13:33:11     -204.110515        0.349638
BFGS:   46 13:33:12     -204.241739        0.332240
BFGS:   47 13:33:12     -204.361969        0.312786
BFGS:   48 13:33:12     -204.470864        0.291151
BFGS:   49 13:33:12     -204.567975        0.267069
BFGS:   50 13:33:12     -204.652704        0.240038
BFGS:   51 13:33:12     -204.724265        0.209086
BFGS:   52 13:33:12     -204.781688        0.171871
BFGS:   53 13:33:12     -204.819751        0.129689
BFGS:   54 13:33:13     -204.842604        0.103285
BFGS:   55 13:33:13     -204.888694        0.054262
BFGS:   56 13:33:13     -204.909130        0.040365
BFGS:   57 13:33:13     -204.919906        0.032596
BFGS:   58 13:33:13     -204.921689        0.026002
BFGS:   59 13:33:13     -204.922553        0.023880
BFGS:   60 13:33:13     -204.925212        0.027946
BFGS:   61 13:33:13     -204.929888        0.034706
BFGS:   62 13:33:14     -204.938099        0.040395
BFGS:   63 13:33:14     -204.946479        0.036776
BFGS:   64 13:33:14     -204.951654        0.037053
BFGS:   65 13:33:14     -204.954204        0.032659
BFGS:   66 13:33:14     -204.955921        0.026845
BFGS:   67 13:33:14     -204.957265        0.024697
BFGS:   68 13:33:14     -204.958158        0.027859
BFGS:   69 13:33:14     -204.958902        0.030067
BFGS:   70 13:33:15     -204.960108        0.031844
BFGS:   71 13:33:15     -204.962291        0.032637
BFGS:   72 13:33:15     -204.965236        0.030914
BFGS:   73 13:33:15     -204.967577        0.032236
BFGS:   74 13:33:15     -204.968731        0.031261
BFGS:   75 13:33:15     -204.969444        0.027410
BFGS:   76 13:33:15     -204.970597        0.026273
BFGS:   77 13:33:15     -204.972832        0.029562
BFGS:   78 13:33:16     -204.976492        0.033080
BFGS:   79 13:33:16     -204.980558        0.030743
BFGS:   80 13:33:16     -204.983439        0.026321
BFGS:   81 13:33:16     -204.985299        0.026060
BFGS:   82 13:33:16     -204.986005        0.024880
BFGS:   83 13:33:16     -204.986369        0.023693
BFGS:   84 13:33:16     -204.986699        0.022679
BFGS:   85 13:33:16     -204.987257        0.021558
BFGS:   86 13:33:16     -204.988400        0.020303
BFGS:   87 13:33:17     -204.990469        0.020580
BFGS:   88 13:33:17     -204.992992        0.022199
BFGS:   89 13:33:17     -204.994606        0.024842
BFGS:   90 13:33:17     -204.995169        0.026592
BFGS:   91 13:33:17     -204.995454        0.027205
BFGS:   92 13:33:17     -204.995954        0.027814
BFGS:   93 13:33:17     -204.996993        0.028665
BFGS:   94 13:33:17     -204.998699        0.029590
BFGS:   95 13:33:18     -205.000379        0.029962
BFGS:   96 13:33:18     -205.001211        0.029677
BFGS:   97 13:33:18     -205.001453        0.029361
BFGS:   98 13:33:18     -205.001603        0.029174
BFGS:   99 13:33:18     -205.001995        0.028873
BFGS:  100 13:33:18     -205.002896        0.028493
BFGS:  101 13:33:18     -205.004988        0.028099
BFGS:  102 13:33:18     -205.008908        0.027960
BFGS:  103 13:33:19     -205.014026        0.028512
BFGS:  104 13:33:19     -205.017411        0.030340
BFGS:  105 13:33:19     -205.018457        0.031403
BFGS:  106 13:33:19     -205.018946        0.031595
BFGS:  107 13:33:19     -205.019676        0.031911
BFGS:  108 13:33:19     -205.021374        0.032333
BFGS:  109 13:33:19     -205.024561        0.033315
BFGS:  110 13:33:19     -205.028377        0.034268
BFGS:  111 13:33:20     -205.030701        0.034753
BFGS:  112 13:33:20     -205.031692        0.034798
BFGS:  113 13:33:20     -205.032321        0.034818
BFGS:  114 13:33:20     -205.033630        0.034687
BFGS:  115 13:33:20     -205.036529        0.034543
BFGS:  116 13:33:20     -205.042179        0.056204
BFGS:  117 13:33:20     -205.048231        0.086956
BFGS:  118 13:33:20     -205.054769        0.111474
BFGS:  119 13:33:21     -205.061200        0.128813
BFGS:  120 13:33:21     -205.067364        0.140689
BFGS:  121 13:33:21     -205.073225        0.148466
BFGS:  122 13:33:21     -205.078905        0.153715
BFGS:  123 13:33:21     -205.084502        0.157214
BFGS:  124 13:33:21     -205.090138        0.159361
BFGS:  125 13:33:21     -205.095820        0.160135
BFGS:  126 13:33:21     -205.102274        0.157713
BFGS:  127 13:33:21     -205.110538        0.147938
BFGS:  128 13:33:22     -205.119960        0.127936
BFGS:  129 13:33:22     -205.129096        0.096026
BFGS:  130 13:33:22     -205.136076        0.049329
BFGS:  131 13:33:22     -205.138778        0.023337
BFGS:  132 13:33:22     -205.140621        0.024791
BFGS:  133 13:33:22     -205.141547        0.027106
BFGS:  134 13:33:22     -205.141795        0.028505
BFGS:  135 13:33:22     -205.141936        0.028547
BFGS:  136 13:33:23     -205.142052        0.028525
BFGS:  137 13:33:23     -205.142330        0.028433
BFGS:  138 13:33:23     -205.142887        0.028100
BFGS:  139 13:33:23     -205.144060        0.027697
BFGS:  140 13:33:23     -205.146003        0.049598
BFGS:  141 13:33:23     -205.148382        0.071456
BFGS:  142 13:33:23     -205.150333        0.078848
BFGS:  143 13:33:23     -205.151963        0.070523
BFGS:  144 13:33:24     -205.154047        0.048980
BFGS:  145 13:33:24     -205.156193        0.023682
BFGS:  146 13:33:24     -205.157560        0.022483
BFGS:  147 13:33:24     -205.158061        0.019617
BFGS:  148 13:33:24     -205.158314        0.017842
BFGS:  149 13:33:24     -205.158689        0.013978
BFGS:  150 13:33:24     -205.159221        0.011806
BFGS:  151 13:33:24     -205.159650        0.011156
BFGS:  152 13:33:25     -205.159802        0.011067
BFGS:  153 13:33:25     -205.159837        0.011151
BFGS:  154 13:33:25     -205.159865        0.011214
BFGS:  155 13:33:25     -205.159939        0.011280
BFGS:  156 13:33:25     -205.160088        0.011235
BFGS:  157 13:33:25     -205.160342        0.010905
BFGS:  158 13:33:25     -205.160609        0.010385
BFGS:  159 13:33:25     -205.160768        0.009776
BFGS:  160 13:33:26     -205.160845        0.009327
BFGS:  161 13:33:26     -205.160928        0.009099
BFGS:  162 13:33:26     -205.161090        0.010415
BFGS:  163 13:33:26     -205.161346        0.013618
BFGS:  164 13:33:26     -205.161618        0.014820
BFGS:  165 13:33:26     -205.161794        0.014224
BFGS:  166 13:33:26     -205.161906        0.012921
BFGS:  167 13:33:26     -205.162040        0.011264
BFGS:  168 13:33:27     -205.162253        0.011106
BFGS:  169 13:33:27     -205.162501        0.014778
BFGS:  170 13:33:27     -205.162684        0.017478
BFGS:  171 13:33:27     -205.162804        0.017054
BFGS:  172 13:33:27     -205.162948        0.015147
BFGS:  173 13:33:27     -205.163220        0.012284
BFGS:  174 13:33:27     -205.163641        0.010368
BFGS:  175 13:33:27     -205.164039        0.008760
BFGS:  176 13:33:27     -205.164214        0.006173
BFGS:  177 13:33:28     -205.164260        0.006261
BFGS:  178 13:33:28     -205.164293        0.006251
BFGS:  179 13:33:28     -205.164376        0.006112
BFGS:  180 13:33:28     -205.164561        0.008688
BFGS:  181 13:33:28     -205.164952        0.013804
BFGS:  182 13:33:28     -205.165549        0.015770
BFGS:  183 13:33:28     -205.166103        0.011229
BFGS:  184 13:33:28     -205.166344        0.010051
BFGS:  185 13:33:29     -205.166411        0.009640
BFGS:  186 13:33:29     -205.166471        0.008825
BFGS:  187 13:33:29     -205.166597        0.007600
BFGS:  188 13:33:29     -205.166789        0.008409
BFGS:  189 13:33:29     -205.166977        0.007226
BFGS:  190 13:33:29     -205.167067        0.007544
BFGS:  191 13:33:29     -205.167097        0.007617
BFGS:  192 13:33:29     -205.167122        0.007624
BFGS:  193 13:33:30     -205.167174        0.007623
BFGS:  194 13:33:30     -205.167261        0.007659
BFGS:  195 13:33:30     -205.167371        0.007776
BFGS:  196 13:33:30     -205.167446        0.007941
BFGS:  197 13:33:30     -205.167473        0.008066
BFGS:  198 13:33:30     -205.167482        0.008132
BFGS:  199 13:33:30     -205.167492        0.008196
BFGS:  200 13:33:30     -205.167512        0.008295
BFGS:  201 13:33:31     -205.167554        0.008434
BFGS:  202 13:33:31     -205.167638        0.008592
BFGS:  203 13:33:31     -205.167769        0.008668
BFGS:  204 13:33:31     -205.167900        0.008558
BFGS:  205 13:33:31     -205.167964        0.008364
BFGS:  206 13:33:31     -205.167984        0.008382
BFGS:  207 13:33:31     -205.168002        0.008418
BFGS:  208 13:33:31     -205.168040        0.008423
BFGS:  209 13:33:32     -205.168118        0.009266
BFGS:  210 13:33:32     -205.168266        0.018050
BFGS:  211 13:33:32     -205.168487        0.027303
BFGS:  212 13:33:32     -205.168744        0.032006
BFGS:  213 13:33:32     -205.169016        0.029826
BFGS:  214 13:33:32     -205.169337        0.026006
BFGS:  215 13:33:32     -205.169717        0.014196
BFGS:  216 13:33:32     -205.170061        0.012026
BFGS:  217 13:33:33     -205.170280        0.013991
BFGS:  218 13:33:33     -205.170438        0.018569
BFGS:  219 13:33:33     -205.170674        0.020821
BFGS:  220 13:33:33     -205.171172        0.021789
BFGS:  221 13:33:33     -205.172118        0.020820
BFGS:  222 13:33:33     -205.173303        0.024813
BFGS:  223 13:33:33     -205.174307        0.021079
BFGS:  224 13:33:33     -205.174701        0.013633
BFGS:  225 13:33:33     -205.174818        0.010645
BFGS:  226 13:33:34     -205.174933        0.009788
BFGS:  227 13:33:34     -205.175134        0.008495
BFGS:  228 13:33:34     -205.175395        0.017404
BFGS:  229 13:33:34     -205.175642        0.025678
BFGS:  230 13:33:34     -205.175836        0.027516
BFGS:  231 13:33:34     -205.176028        0.024189
BFGS:  232 13:33:34     -205.176269        0.016090
BFGS:  233 13:33:34     -205.176563        0.008344
BFGS:  234 13:33:35     -205.176703        0.008512
BFGS:  235 13:33:35     -205.176748        0.007576
BFGS:  236 13:33:35     -205.176777        0.006763
BFGS:  237 13:33:35     -205.176814        0.006898
BFGS:  238 13:33:35     -205.176855        0.006955
BFGS:  239 13:33:35     -205.176890        0.006876
BFGS:  240 13:33:35     -205.176918        0.006697
BFGS:  241 13:33:35     -205.176943        0.006495
BFGS:  242 13:33:36     -205.176975        0.006522
BFGS:  243 13:33:36     -205.177038        0.006318
BFGS:  244 13:33:36     -205.177144        0.005874
BFGS:  245 13:33:36     -205.177259        0.006118
BFGS:  246 13:33:36     -205.177323        0.006130
BFGS:  247 13:33:36     -205.177344        0.006238
BFGS:  248 13:33:36     -205.177351        0.006318
BFGS:  249 13:33:36     -205.177360        0.006367
BFGS:  250 13:33:37     -205.177374        0.006387
BFGS:  251 13:33:37     -205.177393        0.006335
BFGS:  252 13:33:37     -205.177412        0.008539
BFGS:  253 13:33:37     -205.177432        0.009621
BFGS:  254 13:33:37     -205.177465        0.010649
BFGS:  255 13:33:37     -205.177537        0.011793
BFGS:  256 13:33:37     -205.177699        0.014362
BFGS:  257 13:33:37     -205.178001        0.021720
BFGS:  258 13:33:38     -205.178399        0.028387
BFGS:  259 13:33:38     -205.178813        0.029810
BFGS:  260 13:33:38     -205.179171        0.028370
BFGS:  261 13:33:38     -205.179528        0.028389
BFGS:  262 13:33:38     -205.179833        0.032674
BFGS:  263 13:33:38     -205.180113        0.036008
BFGS:  264 13:33:38     -205.180488        0.037413
BFGS:  265 13:33:38     -205.180755        0.034670
BFGS:  266 13:33:39     -205.180885        0.025187
BFGS:  267 13:33:39     -205.181303        0.022420
BFGS:  268 13:33:39     -205.181695        0.014745
BFGS:  269 13:33:39     -205.181948        0.011583
BFGS:  270 13:33:39     -205.182112        0.016278
BFGS:  271 13:33:39     -205.182259        0.018515
BFGS:  272 13:33:39     -205.182516        0.017343
BFGS:  273 13:33:39     -205.182765        0.017414
BFGS:  274 13:33:40     -205.182948        0.012690
BFGS:  275 13:33:40     -205.183054        0.014945
BFGS:  276 13:33:40     -205.183153        0.015188
BFGS:  277 13:33:40     -205.183290        0.014520
BFGS:  278 13:33:40     -205.183461        0.012419
BFGS:  279 13:33:40     -205.183619        0.008601
BFGS:  280 13:33:40     -205.183727        0.010498
BFGS:  281 13:33:40     -205.183813        0.012468
BFGS:  282 13:33:41     -205.183919        0.012169
BFGS:  283 13:33:41     -205.184071        0.009243
BFGS:  284 13:33:41     -205.184238        0.008341
BFGS:  285 13:33:41     -205.184349        0.005945
BFGS:  286 13:33:41     -205.184397        0.006342
BFGS:  287 13:33:41     -205.184422        0.006104
BFGS:  288 13:33:41     -205.184453        0.005524
BFGS:  289 13:33:41     -205.184500        0.005688
BFGS:  290 13:33:41     -205.184555        0.005659
BFGS:  291 13:33:42     -205.184596        0.007271
BFGS:  292 13:33:42     -205.184618        0.006728
BFGS:  293 13:33:42     -205.184632        0.005549
BFGS:  294 13:33:42     -205.184647        0.005044
BFGS:  295 13:33:42     -205.184664        0.005089
BFGS:  296 13:33:42     -205.184675        0.005195
BFGS:  297 13:33:42     -205.184681        0.005280
BFGS:  298 13:33:42     -205.184686        0.005332
BFGS:  299 13:33:43     -205.184695        0.005365
BFGS:  300 13:33:43     -205.184708        0.005359
BFGS:  301 13:33:43     -205.184722        0.005295
BFGS:  302 13:33:43     -205.184732        0.005220
BFGS:  303 13:33:43     -205.184741        0.005161
BFGS:  304 13:33:43     -205.184753        0.005117
BFGS:  305 13:33:43     -205.184778        0.005066
BFGS:  306 13:33:43     -205.184820        0.007660
BFGS:  307 13:33:44     -205.184878        0.011348
BFGS:  308 13:33:44     -205.184940        0.013383
BFGS:  309 13:33:44     -205.185010        0.013888
BFGS:  310 13:33:44     -205.185119        0.013389
BFGS:  311 13:33:44     -205.185323        0.015004
BFGS:  312 13:33:44     -205.185667        0.017286
BFGS:  313 13:33:44     -205.186082        0.019815
BFGS:  314 13:33:44     -205.186405        0.024215
BFGS:  315 13:33:45     -205.186636        0.023307
BFGS:  316 13:33:45     -205.186916        0.023062
BFGS:  317 13:33:45     -205.187404        0.020451
BFGS:  318 13:33:45     -205.188168        0.015848
BFGS:  319 13:33:45     -205.188813        0.023003
BFGS:  320 13:33:45     -205.189214        0.020348
BFGS:  321 13:33:45     -205.189375        0.019168
BFGS:  322 13:33:45     -205.189534        0.015817
BFGS:  323 13:33:46     -205.189783        0.010309
BFGS:  324 13:33:46     -205.190095        0.012557
BFGS:  325 13:33:46     -205.190218        0.016758
BFGS:  326 13:33:46     -205.190303        0.017575
BFGS:  327 13:33:46     -205.190427        0.015728
BFGS:  328 13:33:46     -205.190649        0.011103
BFGS:  329 13:33:46     -205.190905        0.009393
BFGS:  330 13:33:46     -205.191072        0.011485
BFGS:  331 13:33:47     -205.191154        0.011615
BFGS:  332 13:33:47     -205.191204        0.009842
BFGS:  333 13:33:47     -205.191284        0.005984
BFGS:  334 13:33:47     -205.191381        0.005710
BFGS:  335 13:33:47     -205.191450        0.006943
BFGS:  336 13:33:47     -205.191481        0.007038
BFGS:  337 13:33:47     -205.191498        0.006180
BFGS:  338 13:33:47     -205.191518        0.004770
BFGS:  339 13:33:48     -205.191542        0.002820
BFGS:  340 13:33:48     -205.191561        0.001934
BFGS:  341 13:33:48     -205.191569        0.001488
BFGS:  342 13:33:48     -205.191571        0.001366
BFGS:  343 13:33:48     -205.191572        0.001108
BFGS:  344 13:33:48     -205.191574        0.000822
