      Step     Time          Energy          fmax
BFGS:    0 03:17:59        1.180929       35.412033
BFGS:    1 03:17:59      -21.091484       14.530718
BFGS:    2 03:17:59      -33.658762        8.982223
BFGS:    3 03:17:59      -41.686381        2.563797
BFGS:    4 03:17:59      -44.373403        1.485778
BFGS:    5 03:17:59      -45.642938        1.386505
BFGS:    6 03:17:59      -46.300625        1.558667
BFGS:    7 03:17:59      -46.738269        1.334244
BFGS:    8 03:17:59      -47.040384        1.040864
BFGS:    9 03:17:59      -47.358887        1.045188
BFGS:   10 03:17:59      -47.835440        0.969785
BFGS:   11 03:17:59      -48.297832        0.676240
BFGS:   12 03:17:59      -48.387168        0.732760
BFGS:   13 03:17:59      -48.514206        0.582965
BFGS:   14 03:17:59      -48.771017        0.673051
BFGS:   15 03:17:59      -48.940697        0.941526
BFGS:   16 03:17:59      -49.038679        0.924047
BFGS:   17 03:17:59      -49.098771        0.792360
BFGS:   18 03:17:59      -49.204666        0.580675
BFGS:   19 03:17:59      -49.323078        0.503825
BFGS:   20 03:17:59      -49.399575        0.660687
BFGS:   21 03:18:00      -49.451712        0.707696
BFGS:   22 03:18:00      -49.522419        0.543031
BFGS:   23 03:18:00      -49.576485        0.376443
BFGS:   24 03:18:00      -49.635567        0.245507
BFGS:   25 03:18:00      -49.685336        0.305764
BFGS:   26 03:18:00      -49.705823        0.304476
BFGS:   27 03:18:00      -49.727576        0.297333
BFGS:   28 03:18:00      -49.779105        0.364105
BFGS:   29 03:18:00      -49.868194        0.394766
BFGS:   30 03:18:00      -49.968866        0.334493
BFGS:   31 03:18:00      -50.036773        0.246651
BFGS:   32 03:18:00      -50.076555        0.239569
BFGS:   33 03:18:00      -50.084750        0.169262
BFGS:   34 03:18:00      -50.095022        0.165868
BFGS:   35 03:18:00      -50.115336        0.206384
BFGS:   36 03:18:00      -50.149051        0.304874
BFGS:   37 03:18:00      -50.184171        0.295885
BFGS:   38 03:18:00      -50.206393        0.232857
BFGS:   39 03:18:00      -50.219843        0.250771
BFGS:   40 03:18:00      -50.231244        0.255111
BFGS:   41 03:18:00      -50.253522        0.341591
BFGS:   42 03:18:00      -50.300161        0.514164
BFGS:   43 03:18:00      -50.359772        0.548682
BFGS:   44 03:18:00      -50.414829        0.392833
BFGS:   45 03:18:01      -50.452202        0.233122
BFGS:   46 03:18:01      -50.468992        0.220470
BFGS:   47 03:18:01      -50.482146        0.270953
BFGS:   48 03:18:01      -50.518720        0.371604
BFGS:   49 03:18:01      -50.555849        0.385571
BFGS:   50 03:18:01      -50.585260        0.296314
BFGS:   51 03:18:01      -50.603833        0.129028
BFGS:   52 03:18:01      -50.608808        0.097061
BFGS:   53 03:18:01      -50.610691        0.106536
BFGS:   54 03:18:01      -50.617763        0.107703
BFGS:   55 03:18:01      -50.627085        0.097837
BFGS:   56 03:18:01      -50.640506        0.078909
BFGS:   57 03:18:01      -50.646957        0.078778
BFGS:   58 03:18:01      -50.649050        0.077992
BFGS:   59 03:18:01      -50.650618        0.076060
BFGS:   60 03:18:01      -50.653636        0.077687
BFGS:   61 03:18:01      -50.659922        0.102220
BFGS:   62 03:18:01      -50.673133        0.159903
BFGS:   63 03:18:01      -50.695085        0.191925
BFGS:   64 03:18:01      -50.716135        0.208589
BFGS:   65 03:18:01      -50.733526        0.218738
BFGS:   66 03:18:01      -50.741059        0.192760
BFGS:   67 03:18:01      -50.748662        0.163369
BFGS:   68 03:18:01      -50.762795        0.167402
BFGS:   69 03:18:02      -50.793753        0.182327
BFGS:   70 03:18:02      -50.821557        0.186400
BFGS:   71 03:18:02      -50.850981        0.181823
BFGS:   72 03:18:02      -50.886083        0.203132
BFGS:   73 03:18:02      -50.902771        0.202168
BFGS:   74 03:18:02      -50.910946        0.179387
BFGS:   75 03:18:02      -50.924317        0.186629
BFGS:   76 03:18:02      -50.943370        0.192004
BFGS:   77 03:18:02      -50.977338        0.161916
BFGS:   78 03:18:02      -51.007863        0.138044
BFGS:   79 03:18:02      -51.019622        0.150966
BFGS:   80 03:18:02      -51.023946        0.150648
BFGS:   81 03:18:02      -51.028366        0.131874
BFGS:   82 03:18:02      -51.039667        0.118665
BFGS:   83 03:18:02      -51.055691        0.108941
BFGS:   84 03:18:02      -51.075871        0.083664
BFGS:   85 03:18:02      -51.087385        0.080705
BFGS:   86 03:18:02      -51.091018        0.081756
BFGS:   87 03:18:02      -51.092688        0.086161
BFGS:   88 03:18:02      -51.096102        0.085050
BFGS:   89 03:18:02      -51.101692        0.070648
BFGS:   90 03:18:02      -51.109085        0.061071
BFGS:   91 03:18:02      -51.114148        0.060712
BFGS:   92 03:18:02      -51.115905        0.061142
BFGS:   93 03:18:03      -51.116614        0.061207
BFGS:   94 03:18:03      -51.117734        0.061065
BFGS:   95 03:18:03      -51.120049        0.060726
BFGS:   96 03:18:03      -51.124044        0.060783
BFGS:   97 03:18:03      -51.128540        0.061776
BFGS:   98 03:18:03      -51.131262        0.062155
BFGS:   99 03:18:03      -51.132457        0.062818
BFGS:  100 03:18:03      -51.133554        0.058562
BFGS:  101 03:18:03      -51.135942        0.055060
BFGS:  102 03:18:03      -51.140974        0.064496
BFGS:  103 03:18:03      -51.149542        0.082239
BFGS:  104 03:18:03      -51.157898        0.093147
BFGS:  105 03:18:03      -51.161863        0.087825
BFGS:  106 03:18:03      -51.163254        0.072907
BFGS:  107 03:18:03      -51.164101        0.063583
BFGS:  108 03:18:03      -51.166550        0.045951
BFGS:  109 03:18:03      -51.170288        0.046806
BFGS:  110 03:18:03      -51.174697        0.040653
BFGS:  111 03:18:03      -51.177043        0.043839
BFGS:  112 03:18:03      -51.177760        0.042886
BFGS:  113 03:18:03      -51.178190        0.040117
BFGS:  114 03:18:03      -51.179092        0.039163
BFGS:  115 03:18:03      -51.180836        0.038554
BFGS:  116 03:18:03      -51.183562        0.032001
BFGS:  117 03:18:03      -51.185989        0.035964
BFGS:  118 03:18:04      -51.187004        0.036770
BFGS:  119 03:18:04      -51.187244        0.036042
BFGS:  120 03:18:04      -51.187382        0.035327
BFGS:  121 03:18:04      -51.187718        0.033682
BFGS:  122 03:18:04      -51.188394        0.030696
BFGS:  123 03:18:04      -51.189619        0.025629
BFGS:  124 03:18:04      -51.191036        0.023383
BFGS:  125 03:18:04      -51.191891        0.023049
BFGS:  126 03:18:04      -51.192146        0.026111
BFGS:  127 03:18:04      -51.192275        0.026281
BFGS:  128 03:18:04      -51.192535        0.025290
BFGS:  129 03:18:04      -51.193075        0.022526
BFGS:  130 03:18:04      -51.194069        0.028065
BFGS:  131 03:18:04      -51.195259        0.024101
BFGS:  132 03:18:04      -51.195986        0.021721
BFGS:  133 03:18:04      -51.196202        0.023109
BFGS:  134 03:18:04      -51.196296        0.021923
BFGS:  135 03:18:04      -51.196458        0.019292
BFGS:  136 03:18:04      -51.196801        0.018708
BFGS:  137 03:18:04      -51.197420        0.024349
BFGS:  138 03:18:04      -51.198151        0.023186
BFGS:  139 03:18:04      -51.198580        0.014600
BFGS:  140 03:18:04      -51.198692        0.015367
BFGS:  141 03:18:04      -51.198740        0.015871
BFGS:  142 03:18:05      -51.198840        0.016446
BFGS:  143 03:18:05      -51.199054        0.016780
BFGS:  144 03:18:05      -51.199486        0.016118
BFGS:  145 03:18:05      -51.200094        0.015958
BFGS:  146 03:18:05      -51.200564        0.015803
BFGS:  147 03:18:05      -51.200715        0.014534
BFGS:  148 03:18:05      -51.200752        0.012987
BFGS:  149 03:18:05      -51.200789        0.011515
BFGS:  150 03:18:05      -51.200876        0.009997
BFGS:  151 03:18:05      -51.201054        0.011544
BFGS:  152 03:18:05      -51.201345        0.018080
BFGS:  153 03:18:05      -51.201636        0.020856
BFGS:  154 03:18:05      -51.201792        0.020334
BFGS:  155 03:18:05      -51.201842        0.017891
BFGS:  156 03:18:05      -51.201873        0.014018
BFGS:  157 03:18:05      -51.201919        0.009277
BFGS:  158 03:18:05      -51.201966        0.010616
BFGS:  159 03:18:05      -51.202004        0.015930
BFGS:  160 03:18:05      -51.202034        0.017530
BFGS:  161 03:18:05      -51.202080        0.017269
BFGS:  162 03:18:05      -51.202171        0.015587
BFGS:  163 03:18:05      -51.202337        0.013711
BFGS:  164 03:18:05      -51.202550        0.009473
BFGS:  165 03:18:05      -51.202702        0.007037
BFGS:  166 03:18:06      -51.202758        0.007145
BFGS:  167 03:18:06      -51.202772        0.006522
BFGS:  168 03:18:06      -51.202784        0.005802
BFGS:  169 03:18:06      -51.202806        0.004702
BFGS:  170 03:18:06      -51.202843        0.004646
BFGS:  171 03:18:06      -51.202896        0.005044
BFGS:  172 03:18:06      -51.202946        0.007649
BFGS:  173 03:18:06      -51.202974        0.008375
BFGS:  174 03:18:06      -51.202982        0.007619
BFGS:  175 03:18:06      -51.202988        0.006546
BFGS:  176 03:18:06      -51.202999        0.004245
BFGS:  177 03:18:06      -51.203013        0.003093
BFGS:  178 03:18:06      -51.203027        0.005749
BFGS:  179 03:18:06      -51.203035        0.007221
BFGS:  180 03:18:06      -51.203042        0.007537
BFGS:  181 03:18:06      -51.203052        0.007251
BFGS:  182 03:18:06      -51.203072        0.006084
BFGS:  183 03:18:06      -51.203107        0.004609
BFGS:  184 03:18:06      -51.203144        0.003654
BFGS:  185 03:18:06      -51.203164        0.002687
BFGS:  186 03:18:06      -51.203169        0.002559
BFGS:  187 03:18:06      -51.203171        0.002511
BFGS:  188 03:18:06      -51.203173        0.002461
BFGS:  189 03:18:06      -51.203177        0.002357
BFGS:  190 03:18:07      -51.203186        0.002259
BFGS:  191 03:18:07      -51.203200        0.004221
BFGS:  192 03:18:07      -51.203211        0.005317
BFGS:  193 03:18:07      -51.203216        0.005177
BFGS:  194 03:18:07      -51.203221        0.004441
BFGS:  195 03:18:07      -51.203227        0.003355
BFGS:  196 03:18:07      -51.203234        0.001938
BFGS:  197 03:18:07      -51.203241        0.002832
BFGS:  198 03:18:07      -51.203245        0.003330
BFGS:  199 03:18:07      -51.203246        0.003171
BFGS:  200 03:18:07      -51.203248        0.002768
BFGS:  201 03:18:07      -51.203252        0.001723
BFGS:  202 03:18:07      -51.203257        0.001786
BFGS:  203 03:18:07      -51.203262        0.003434
BFGS:  204 03:18:07      -51.203265        0.004002
BFGS:  205 03:18:07      -51.203267        0.003953
BFGS:  206 03:18:07      -51.203271        0.003715
BFGS:  207 03:18:07      -51.203280        0.003337
BFGS:  208 03:18:07      -51.203303        0.003975
BFGS:  209 03:18:07      -51.203584        0.014213
BFGS:  210 03:18:07      -51.205203        0.027437
BFGS:  211 03:18:07      -51.209065        0.040869
BFGS:  212 03:18:07      -51.215230        0.050395
BFGS:  213 03:18:07      -51.222995        0.059877
BFGS:  214 03:18:08      -51.231380        0.060578
BFGS:  215 03:18:08      -51.240518        0.066931
BFGS:  216 03:18:08      -51.251001        0.068275
BFGS:  217 03:18:08      -51.261266        0.069344
BFGS:  218 03:18:08      -51.271360        0.061726
BFGS:  219 03:18:08      -51.281944        0.063795
BFGS:  220 03:18:08      -51.293969        0.073362
BFGS:  221 03:18:08      -51.303542        0.088738
BFGS:  222 03:18:08      -51.313877        0.088624
BFGS:  223 03:18:08      -51.323805        0.117234
BFGS:  224 03:18:08      -51.330726        0.230724
BFGS:  225 03:18:08      -51.345473        0.195571
BFGS:  226 03:18:08      -51.359488        0.184434
BFGS:  227 03:18:08      -51.374407        0.175913
BFGS:  228 03:18:08      -51.389890        0.171963
BFGS:  229 03:18:08      -51.405381        0.166619
BFGS:  230 03:18:08      -51.421738        0.150640
BFGS:  231 03:18:08      -51.438697        0.149368
BFGS:  232 03:18:08      -51.455913        0.150208
BFGS:  233 03:18:08      -51.473085        0.141226
BFGS:  234 03:18:08      -51.490193        0.170739
BFGS:  235 03:18:08      -51.506821        0.179399
BFGS:  236 03:18:08      -51.518767        0.156979
BFGS:  237 03:18:08      -51.527362        0.094708
BFGS:  238 03:18:09      -51.529343        0.095570
BFGS:  239 03:18:09      -51.531655        0.094804
BFGS:  240 03:18:09      -51.533142        0.094823
BFGS:  241 03:18:09      -51.535642        0.088033
BFGS:  242 03:18:09      -51.538248        0.087823
BFGS:  243 03:18:09      -51.542127        0.081912
BFGS:  244 03:18:09      -51.547385        0.077752
BFGS:  245 03:18:09      -51.552728        0.068320
BFGS:  246 03:18:09      -51.558451        0.057886
BFGS:  247 03:18:09      -51.562270        0.047429
BFGS:  248 03:18:09      -51.563562        0.041012
BFGS:  249 03:18:09      -51.564006        0.046006
BFGS:  250 03:18:09      -51.564573        0.049291
BFGS:  251 03:18:09      -51.565478        0.051198
BFGS:  252 03:18:09      -51.567228        0.046194
BFGS:  253 03:18:09      -51.569416        0.047117
BFGS:  254 03:18:09      -51.571445        0.038093
BFGS:  255 03:18:09      -51.572318        0.037378
BFGS:  256 03:18:09      -51.572666        0.039933
BFGS:  257 03:18:09      -51.572995        0.038081
BFGS:  258 03:18:09      -51.573532        0.032316
BFGS:  259 03:18:09      -51.574415        0.033245
BFGS:  260 03:18:09      -51.575599        0.033720
BFGS:  261 03:18:09      -51.576719        0.040483
BFGS:  262 03:18:10      -51.577375        0.038485
BFGS:  263 03:18:10      -51.577762        0.029509
BFGS:  264 03:18:10      -51.578149        0.038281
BFGS:  265 03:18:10      -51.578836        0.048380
BFGS:  266 03:18:10      -51.579934        0.054713
BFGS:  267 03:18:10      -51.581171        0.049096
BFGS:  268 03:18:10      -51.581966        0.056862
BFGS:  269 03:18:10      -51.582400        0.055718
BFGS:  270 03:18:10      -51.582818        0.050343
BFGS:  271 03:18:10      -51.583593        0.036399
BFGS:  272 03:18:10      -51.584727        0.027125
BFGS:  273 03:18:10      -51.585940        0.023818
BFGS:  274 03:18:10      -51.586419        0.015724
BFGS:  275 03:18:10      -51.586540        0.016427
BFGS:  276 03:18:10      -51.586592        0.016079
BFGS:  277 03:18:10      -51.586694        0.016999
BFGS:  278 03:18:10      -51.586771        0.015556
BFGS:  279 03:18:10      -51.586958        0.011455
BFGS:  280 03:18:10      -51.587100        0.012068
BFGS:  281 03:18:10      -51.587293        0.013473
BFGS:  282 03:18:10      -51.587409        0.013667
BFGS:  283 03:18:10      -51.587459        0.012984
BFGS:  284 03:18:10      -51.587483        0.011866
BFGS:  285 03:18:10      -51.587512        0.009943
BFGS:  286 03:18:11      -51.587549        0.006778
BFGS:  287 03:18:11      -51.587593        0.005223
BFGS:  288 03:18:11      -51.587615        0.003215
BFGS:  289 03:18:11      -51.587621        0.002762
BFGS:  290 03:18:11      -51.587623        0.002361
BFGS:  291 03:18:11      -51.587625        0.002274
BFGS:  292 03:18:11      -51.587629        0.001914
BFGS:  293 03:18:11      -51.587632        0.001324
BFGS:  294 03:18:11      -51.587633        0.001218
BFGS:  295 03:18:11      -51.587633        0.001084
BFGS:  296 03:18:11      -51.587634        0.000970
