      Step     Time          Energy          fmax
BFGS:    0 02:38:34      213.723301      407.538616
BFGS:    1 02:38:34       77.920903      208.228516
BFGS:    2 02:38:34       34.632134      133.423251
BFGS:    3 02:38:34       11.699272       57.007756
BFGS:    4 02:38:34       -1.533304       27.414769
BFGS:    5 02:38:34       -9.272188       12.163676
BFGS:    6 02:38:34      -14.247873        6.496882
BFGS:    7 02:38:34      -17.264882        3.584793
BFGS:    8 02:38:34      -19.018665        1.957798
BFGS:    9 02:38:34      -20.048245        1.799263
BFGS:   10 02:38:34      -20.702687        1.594213
BFGS:   11 02:38:35      -21.144309        1.373490
BFGS:   12 02:38:35      -21.461705        1.246679
BFGS:   13 02:38:35      -21.710095        0.960618
BFGS:   14 02:38:35      -21.880880        0.738427
BFGS:   15 02:38:35      -22.049122        0.725014
BFGS:   16 02:38:35      -22.192994        0.668659
BFGS:   17 02:38:35      -22.343932        0.961601
BFGS:   18 02:38:35      -22.418986        1.052106
BFGS:   19 02:38:35      -22.662599        1.200230
BFGS:   20 02:38:35      -22.934016        1.267895
BFGS:   21 02:38:35      -23.128861        1.022114
BFGS:   22 02:38:35      -23.180859        0.960958
BFGS:   23 02:38:35      -23.346488        1.059352
BFGS:   24 02:38:35      -23.551155        0.928363
BFGS:   25 02:38:35      -23.729078        0.894588
BFGS:   26 02:38:35      -23.813685        0.810333
BFGS:   27 02:38:35      -23.861849        0.524204
BFGS:   28 02:38:35      -23.908989        0.492194
BFGS:   29 02:38:35      -23.992181        0.888307
BFGS:   30 02:38:35      -24.068869        1.086408
BFGS:   31 02:38:35      -24.168267        0.985281
BFGS:   32 02:38:35      -24.248117        1.102645
BFGS:   33 02:38:35      -24.347582        1.143121
BFGS:   34 02:38:35      -24.398644        0.800848
BFGS:   35 02:38:35      -24.429384        0.466659
BFGS:   36 02:38:35      -24.461295        0.317987
BFGS:   37 02:38:35      -24.474380        0.432891
BFGS:   38 02:38:35      -24.494791        0.563417
BFGS:   39 02:38:35      -24.525589        0.658880
BFGS:   40 02:38:35      -24.562632        0.601541
BFGS:   41 02:38:36      -24.593590        0.466797
BFGS:   42 02:38:36      -24.608369        0.486882
BFGS:   43 02:38:36      -24.623808        0.397057
BFGS:   44 02:38:36      -24.636408        0.264994
BFGS:   45 02:38:36      -24.648000        0.232585
BFGS:   46 02:38:36      -24.655830        0.242175
BFGS:   47 02:38:36      -24.662007        0.256794
BFGS:   48 02:38:36      -24.670585        0.270869
BFGS:   49 02:38:36      -24.684546        0.312825
BFGS:   50 02:38:36      -24.699659        0.313728
BFGS:   51 02:38:36      -24.710022        0.219642
BFGS:   52 02:38:36      -24.714611        0.153636
BFGS:   53 02:38:36      -24.718113        0.159741
BFGS:   54 02:38:36      -24.726123        0.221225
BFGS:   55 02:38:36      -24.737110        0.232494
BFGS:   56 02:38:36      -24.750394        0.190152
BFGS:   57 02:38:36      -24.763015        0.229245
BFGS:   58 02:38:36      -24.766781        0.224199
BFGS:   59 02:38:36      -24.775391        0.222596
BFGS:   60 02:38:36      -24.790374        0.276058
BFGS:   61 02:38:36      -24.817387        0.384450
BFGS:   62 02:38:36      -24.839616        0.341104
BFGS:   63 02:38:36      -24.850008        0.204840
BFGS:   64 02:38:36      -24.856589        0.186379
BFGS:   65 02:38:36      -24.860412        0.175121
BFGS:   66 02:38:36      -24.867014        0.168642
BFGS:   67 02:38:36      -24.881877        0.257942
BFGS:   68 02:38:36      -24.903317        0.280018
BFGS:   69 02:38:36      -24.915360        0.243248
BFGS:   70 02:38:36      -24.921073        0.150614
BFGS:   71 02:38:37      -24.923494        0.138226
BFGS:   72 02:38:37      -24.926019        0.125916
BFGS:   73 02:38:37      -24.931214        0.141651
BFGS:   74 02:38:37      -24.940033        0.153345
BFGS:   75 02:38:37      -24.951555        0.164509
BFGS:   76 02:38:37      -24.960222        0.136050
BFGS:   77 02:38:37      -24.964466        0.148992
BFGS:   78 02:38:37      -24.967309        0.152836
BFGS:   79 02:38:37      -24.972267        0.152490
BFGS:   80 02:38:37      -24.977409        0.154666
BFGS:   81 02:38:37      -24.985438        0.170978
BFGS:   82 02:38:37      -25.000624        0.134871
BFGS:   83 02:38:37      -25.011106        0.158005
BFGS:   84 02:38:37      -25.017299        0.168104
BFGS:   85 02:38:37      -25.020088        0.130919
BFGS:   86 02:38:37      -25.023030        0.137633
BFGS:   87 02:38:37      -25.025959        0.145113
BFGS:   88 02:38:37      -25.030838        0.132328
BFGS:   89 02:38:37      -25.035867        0.128033
BFGS:   90 02:38:37      -25.040638        0.123521
BFGS:   91 02:38:37      -25.042723        0.104357
BFGS:   92 02:38:37      -25.043597        0.081652
BFGS:   93 02:38:37      -25.044540        0.076006
BFGS:   94 02:38:37      -25.046462        0.088724
BFGS:   95 02:38:37      -25.050929        0.128499
BFGS:   96 02:38:37      -25.060386        0.177232
BFGS:   97 02:38:37      -25.073774        0.179538
BFGS:   98 02:38:37      -25.085410        0.170927
BFGS:   99 02:38:37      -25.092360        0.119684
BFGS:  100 02:38:37      -25.095372        0.103623
BFGS:  101 02:38:37      -25.096238        0.084166
BFGS:  102 02:38:37      -25.097629        0.085866
BFGS:  103 02:38:37      -25.104897        0.094467
BFGS:  104 02:38:37      -25.110886        0.112635
BFGS:  105 02:38:37      -25.116389        0.097237
BFGS:  106 02:38:38      -25.119078        0.081152
BFGS:  107 02:38:38      -25.120095        0.073668
BFGS:  108 02:38:38      -25.120644        0.066378
BFGS:  109 02:38:38      -25.122401        0.068534
BFGS:  110 02:38:38      -25.125326        0.080145
BFGS:  111 02:38:38      -25.130748        0.104548
BFGS:  112 02:38:38      -25.137304        0.113782
BFGS:  113 02:38:38      -25.141021        0.061743
BFGS:  114 02:38:38      -25.142313        0.048191
BFGS:  115 02:38:38      -25.142678        0.053305
BFGS:  116 02:38:38      -25.142956        0.046176
BFGS:  117 02:38:38      -25.143587        0.046324
BFGS:  118 02:38:38      -25.144888        0.042058
BFGS:  119 02:38:38      -25.146767        0.049048
BFGS:  120 02:38:38      -25.149282        0.053803
BFGS:  121 02:38:38      -25.152093        0.054231
BFGS:  122 02:38:38      -25.152624        0.044352
BFGS:  123 02:38:38      -25.152849        0.044480
BFGS:  124 02:38:38      -25.153301        0.047692
BFGS:  125 02:38:38      -25.154267        0.054739
BFGS:  126 02:38:38      -25.156201        0.059056
BFGS:  127 02:38:38      -25.158812        0.047795
BFGS:  128 02:38:38      -25.160586        0.032676
BFGS:  129 02:38:38      -25.161125        0.026901
BFGS:  130 02:38:38      -25.161215        0.022225
BFGS:  131 02:38:38      -25.161248        0.020839
BFGS:  132 02:38:38      -25.161333        0.018442
BFGS:  133 02:38:38      -25.161530        0.020073
BFGS:  134 02:38:38      -25.161877        0.023123
BFGS:  135 02:38:38      -25.162356        0.020942
BFGS:  136 02:38:38      -25.162745        0.024441
BFGS:  137 02:38:38      -25.162920        0.029943
BFGS:  138 02:38:38      -25.163031        0.031256
BFGS:  139 02:38:38      -25.163205        0.030463
BFGS:  140 02:38:38      -25.163549        0.034750
BFGS:  141 02:38:39      -25.164082        0.039213
BFGS:  142 02:38:39      -25.164568        0.031971
BFGS:  143 02:38:39      -25.164763        0.020524
BFGS:  144 02:38:39      -25.164813        0.018230
BFGS:  145 02:38:39      -25.164844        0.018567
BFGS:  146 02:38:39      -25.164927        0.018649
BFGS:  147 02:38:39      -25.165121        0.023318
BFGS:  148 02:38:39      -25.165586        0.039339
BFGS:  149 02:38:39      -25.166463        0.059618
BFGS:  150 02:38:39      -25.167380        0.066239
BFGS:  151 02:38:39      -25.167999        0.047669
BFGS:  152 02:38:39      -25.168256        0.032526
BFGS:  153 02:38:39      -25.168303        0.031125
BFGS:  154 02:38:39      -25.168411        0.025764
BFGS:  155 02:38:39      -25.168672        0.022025
BFGS:  156 02:38:39      -25.169129        0.023037
BFGS:  157 02:38:39      -25.169681        0.024439
BFGS:  158 02:38:39      -25.170065        0.024131
BFGS:  159 02:38:39      -25.170190        0.021417
BFGS:  160 02:38:39      -25.170216        0.018694
BFGS:  161 02:38:39      -25.170237        0.016979
BFGS:  162 02:38:39      -25.170284        0.014870
BFGS:  163 02:38:39      -25.170382        0.014552
BFGS:  164 02:38:39      -25.170596        0.016765
BFGS:  165 02:38:39      -25.170998        0.018766
BFGS:  166 02:38:39      -25.171555        0.016980
BFGS:  167 02:38:39      -25.171920        0.011660
BFGS:  168 02:38:39      -25.172057        0.010043
BFGS:  169 02:38:39      -25.172079        0.009479
BFGS:  170 02:38:39      -25.172085        0.009421
BFGS:  171 02:38:39      -25.172101        0.009360
BFGS:  172 02:38:40      -25.172130        0.009417
BFGS:  173 02:38:40      -25.172198        0.010202
BFGS:  174 02:38:40      -25.172303        0.013113
BFGS:  175 02:38:40      -25.172446        0.013920
BFGS:  176 02:38:40      -25.172648        0.014791
BFGS:  177 02:38:40      -25.172722        0.016384
BFGS:  178 02:38:40      -25.172747        0.017109
BFGS:  179 02:38:40      -25.172759        0.017148
BFGS:  180 02:38:40      -25.172764        0.016764
BFGS:  181 02:38:40      -25.172769        0.016651
BFGS:  182 02:38:40      -25.172778        0.016656
BFGS:  183 02:38:40      -25.172800        0.016898
BFGS:  184 02:38:40      -25.172852        0.017707
BFGS:  185 02:38:40      -25.172981        0.019468
BFGS:  186 02:38:40      -25.173358        0.023188
BFGS:  187 02:38:40      -25.173321        0.035398
BFGS:  188 02:38:40      -25.174159        0.021982
BFGS:  189 02:38:40      -25.174775        0.019873
BFGS:  190 02:38:40      -25.170574        0.061830
BFGS:  191 02:38:40      -25.175292        0.025270
BFGS:  192 02:38:40      -25.175348        0.019057
BFGS:  193 02:38:40      -25.175443        0.018656
BFGS:  194 02:38:40      -25.175459        0.020172
BFGS:  195 02:38:40      -25.175463        0.020696
BFGS:  196 02:38:40      -25.175466        0.020946
BFGS:  197 02:38:40      -25.175471        0.021640
BFGS:  198 02:38:40      -25.175484        0.022729
BFGS:  199 02:38:40      -25.175511        0.024679
BFGS:  200 02:38:41      -25.175570        0.026894
BFGS:  201 02:38:41      -25.175671        0.028944
BFGS:  202 02:38:41      -25.175793        0.027523
BFGS:  203 02:38:41      -25.175880        0.024123
BFGS:  204 02:38:41      -25.175925        0.019957
BFGS:  205 02:38:41      -25.175948        0.018802
BFGS:  206 02:38:41      -25.175957        0.018441
BFGS:  207 02:38:41      -25.175962        0.019322
BFGS:  208 02:38:41      -25.175965        0.019329
BFGS:  209 02:38:41      -25.175970        0.019877
BFGS:  210 02:38:41      -25.175980        0.020060
BFGS:  211 02:38:41      -25.176006        0.020461
BFGS:  212 02:38:41      -25.176062        0.020652
BFGS:  213 02:38:41      -25.176171        0.019931
BFGS:  214 02:38:41      -25.176323        0.017269
BFGS:  215 02:38:41      -25.176442        0.013037
BFGS:  216 02:38:41      -25.176485        0.010444
BFGS:  217 02:38:41      -25.176493        0.010054
BFGS:  218 02:38:41      -25.176497        0.010185
BFGS:  219 02:38:41      -25.176501        0.010478
BFGS:  220 02:38:41      -25.176510        0.010883
BFGS:  221 02:38:41      -25.176529        0.011355
BFGS:  222 02:38:41      -25.176573        0.012479
BFGS:  223 02:38:41      -25.176675        0.012555
BFGS:  224 02:38:41      -25.176932        0.012844
BFGS:  225 02:38:41      -25.175677        0.028881
BFGS:  226 02:38:41      -25.177355        0.012118
BFGS:  227 02:38:41      -25.177528        0.010466
BFGS:  228 02:38:41      -25.177738        0.010657
BFGS:  229 02:38:41      -25.177782        0.010551
BFGS:  230 02:38:41      -25.177809        0.010475
BFGS:  231 02:38:41      -25.177821        0.010673
BFGS:  232 02:38:41      -25.177848        0.010849
BFGS:  233 02:38:41      -25.177886        0.011338
BFGS:  234 02:38:41      -25.177985        0.011958
BFGS:  235 02:38:42      -25.178209        0.018223
BFGS:  236 02:38:42      -25.178725        0.027587
BFGS:  237 02:38:42      -25.179596        0.038326
BFGS:  238 02:38:42      -25.180494        0.031694
BFGS:  239 02:38:42      -25.180956        0.016785
BFGS:  240 02:38:42      -25.181101        0.013615
BFGS:  241 02:38:42      -25.181167        0.007409
BFGS:  242 02:38:42      -25.181197        0.007455
BFGS:  243 02:38:42      -25.181296        0.008873
BFGS:  244 02:38:42      -25.181129        0.032918
BFGS:  245 02:38:42      -25.181549        0.009897
BFGS:  246 02:38:42      -25.181762        0.007790
BFGS:  247 02:38:42      -25.182006        0.016323
BFGS:  248 02:38:42      -25.182176        0.020456
BFGS:  249 02:38:42      -25.182552        0.014208
BFGS:  250 02:38:42      -25.182854        0.020218
BFGS:  251 02:38:42      -25.183124        0.027913
BFGS:  252 02:38:42      -25.183866        0.032674
BFGS:  253 02:38:42      -25.184107        0.035218
BFGS:  254 02:38:42      -25.184518        0.024483
BFGS:  255 02:38:42      -25.184711        0.037696
BFGS:  256 02:38:42      -25.184815        0.021031
BFGS:  257 02:38:42      -25.184890        0.021620
BFGS:  258 02:38:42      -25.184962        0.022385
BFGS:  259 02:38:42      -25.185086        0.022092
BFGS:  260 02:38:42      -25.190500        0.060282
BFGS:  261 02:38:42      -25.194708        0.148449
BFGS:  262 02:38:42      -25.204540        0.149793
BFGS:  263 02:38:42      -25.211207        0.117420
BFGS:  264 02:38:42      -25.220818        0.119509
BFGS:  265 02:38:42      -25.228666        0.111676
BFGS:  266 02:38:43      -25.233416        0.135305
BFGS:  267 02:38:43      -25.235867        0.073807
BFGS:  268 02:38:45      -25.243917        0.085965
BFGS:  269 02:38:45      -25.246874        0.167335
BFGS:  270 02:38:45      -25.251525        0.076579
BFGS:  271 02:38:45      -25.256693        0.093139
BFGS:  272 02:38:45      -25.261543        0.072614
BFGS:  273 02:38:45      -25.268960        0.075680
BFGS:  274 02:38:45      -25.266376        0.155536
BFGS:  275 02:38:45      -25.276675        0.122780
BFGS:  276 02:38:45      -25.279352        0.045314
BFGS:  277 02:38:45      -25.282089        0.046838
BFGS:  278 02:38:45      -25.286758        0.056466
BFGS:  279 02:38:45      -25.289151        0.047834
BFGS:  280 02:38:45      -25.290612        0.040346
BFGS:  281 02:38:45      -25.291554        0.041728
BFGS:  282 02:38:45      -25.292712        0.029322
BFGS:  283 02:38:45      -25.293361        0.049404
BFGS:  284 02:38:45      -25.293887        0.038641
BFGS:  285 02:38:45      -25.294364        0.032803
BFGS:  286 02:38:45      -25.294684        0.033967
BFGS:  287 02:38:45      -25.295011        0.024987
BFGS:  288 02:38:45      -25.295252        0.016614
BFGS:  289 02:38:45      -25.295419        0.015509
BFGS:  290 02:38:45      -25.295635        0.015091
BFGS:  291 02:38:45      -25.296017        0.018205
BFGS:  292 02:38:45      -25.296476        0.019111
BFGS:  293 02:38:46      -25.297056        0.023513
BFGS:  294 02:38:46      -25.297588        0.020562
BFGS:  295 02:38:46      -25.297924        0.019980
BFGS:  296 02:38:46      -25.298098        0.013838
BFGS:  297 02:38:46      -25.298215        0.013504
BFGS:  298 02:38:46      -25.298310        0.013681
BFGS:  299 02:38:46      -25.298420        0.013820
BFGS:  300 02:38:46      -25.298537        0.013537
BFGS:  301 02:38:46      -25.298634        0.013053
BFGS:  302 02:38:46      -25.298711        0.012461
BFGS:  303 02:38:46      -25.298776        0.011890
BFGS:  304 02:38:46      -25.298847        0.011192
BFGS:  305 02:38:46      -25.298907        0.011666
BFGS:  306 02:38:46      -25.298969        0.015100
BFGS:  307 02:38:46      -25.299054        0.018050
BFGS:  308 02:38:46      -25.299240        0.021791
BFGS:  309 02:38:46      -25.299638        0.025378
BFGS:  310 02:38:46      -25.300369        0.026010
BFGS:  311 02:38:46      -25.301250        0.019104
BFGS:  312 02:38:46      -25.301890        0.010032
BFGS:  313 02:38:46      -25.302141        0.009880
BFGS:  314 02:38:46      -25.302259        0.010097
BFGS:  315 02:38:46      -25.302385        0.010748
BFGS:  316 02:38:46      -25.302498        0.008291
BFGS:  317 02:38:46      -25.302578        0.008313
BFGS:  318 02:38:47      -25.302624        0.008369
BFGS:  319 02:38:49      -25.302649        0.008021
BFGS:  320 02:38:49      -25.302664        0.007692
BFGS:  321 02:38:50      -25.302675        0.008346
BFGS:  322 02:38:50      -25.302683        0.009638
BFGS:  323 02:38:50      -25.302689        0.011012
BFGS:  324 02:38:50      -25.302693        0.011492
BFGS:  325 02:38:50      -25.302695        0.011987
BFGS:  326 02:38:50      -25.302696        0.011781
BFGS:  327 02:38:50      -25.302698        0.011100
BFGS:  328 02:38:50      -25.302701        0.010185
BFGS:  329 02:38:50      -25.302705        0.010016
BFGS:  330 02:38:50      -25.302712        0.010851
BFGS:  331 02:38:50      -25.302729        0.014278
BFGS:  332 02:38:50      -25.302767        0.019775
BFGS:  333 02:38:50      -25.302853        0.027208
BFGS:  334 02:38:50      -25.303020        0.033345
BFGS:  335 02:38:50      -25.303248        0.030057
BFGS:  336 02:38:50      -25.303387        0.014841
BFGS:  337 02:38:50      -25.303425        0.003312
BFGS:  338 02:38:50      -25.303428        0.000635
