      Step     Time          Energy          fmax
BFGS:    0 03:47:21      858.554571      935.305147
BFGS:    1 03:47:21      264.934813      205.444752
BFGS:    2 03:47:21      200.641854      167.680273
BFGS:    3 03:47:21      138.472378      128.441125
BFGS:    4 03:47:21       80.514623       85.641711
BFGS:    5 03:47:21       35.666372       53.645880
BFGS:    6 03:47:21        5.099380       32.354315
BFGS:    7 03:47:21      -14.673609       19.571524
BFGS:    8 03:47:21      -27.327384       11.527413
BFGS:    9 03:47:22      -35.287281        6.448773
BFGS:   10 03:47:22      -40.185628        3.932670
BFGS:   11 03:47:22      -43.049325        3.455271
BFGS:   12 03:47:22      -44.657617        3.113578
BFGS:   13 03:47:22      -45.652385        2.862626
BFGS:   14 03:47:22      -46.376050        2.647299
BFGS:   15 03:47:22      -47.013316        2.446922
BFGS:   16 03:47:22      -47.638419        2.247914
BFGS:   17 03:47:22      -48.268431        2.043982
BFGS:   18 03:47:22      -48.897524        1.858778
BFGS:   19 03:47:22      -49.512583        1.748435
BFGS:   20 03:47:22      -50.102004        1.593702
BFGS:   21 03:47:22      -50.655495        1.408935
BFGS:   22 03:47:22      -51.160355        1.208564
BFGS:   23 03:47:22      -51.608178        1.002268
BFGS:   24 03:47:22      -51.988315        0.834551
BFGS:   25 03:47:22      -52.286887        0.779658
BFGS:   26 03:47:22      -52.495673        0.705257
BFGS:   27 03:47:22      -52.621914        0.656976
BFGS:   28 03:47:22      -52.843119        0.708351
BFGS:   29 03:47:22      -52.994219        0.752292
BFGS:   30 03:47:22      -53.141058        0.722172
BFGS:   31 03:47:22      -53.342277        0.586398
BFGS:   32 03:47:23      -53.503829        0.558318
BFGS:   33 03:47:23      -53.624780        0.561086
BFGS:   34 03:47:23      -53.723823        0.524403
BFGS:   35 03:47:23      -53.804895        0.461909
BFGS:   36 03:47:23      -53.868781        0.380097
BFGS:   37 03:47:23      -53.916012        0.282911
BFGS:   38 03:47:23      -53.948066        0.224650
BFGS:   39 03:47:23      -53.968723        0.210577
BFGS:   40 03:47:23      -53.983837        0.193898
BFGS:   41 03:47:23      -54.012592        0.200537
BFGS:   42 03:47:23      -54.030822        0.213983
BFGS:   43 03:47:23      -54.041749        0.217002
BFGS:   44 03:47:23      -54.050528        0.210008
BFGS:   45 03:47:23      -54.063563        0.192090
BFGS:   46 03:47:23      -54.081635        0.167741
BFGS:   47 03:47:23      -54.101047        0.156333
BFGS:   48 03:47:23      -54.116415        0.195247
BFGS:   49 03:47:23      -54.129208        0.199709
BFGS:   50 03:47:23      -54.145667        0.194270
BFGS:   51 03:47:23      -54.178489        0.178797
BFGS:   52 03:47:23      -54.224166        0.182122
BFGS:   53 03:47:23      -54.277766        0.188302
BFGS:   54 03:47:23      -54.326814        0.203704
BFGS:   55 03:47:23      -54.354261        0.218630
BFGS:   56 03:47:24      -54.368938        0.194833
BFGS:   57 03:47:24      -54.400191        0.190474
BFGS:   58 03:47:24      -54.444325        0.176238
BFGS:   59 03:47:24      -54.475100        0.163900
BFGS:   60 03:47:24      -54.496403        0.156401
BFGS:   61 03:47:24      -54.511955        0.159601
BFGS:   62 03:47:24      -54.524161        0.162729
BFGS:   63 03:47:24      -54.536529        0.167086
BFGS:   64 03:47:24      -54.556096        0.169963
BFGS:   65 03:47:24      -54.586350        0.168540
BFGS:   66 03:47:24      -54.636165        0.155154
BFGS:   67 03:47:24      -54.676997        0.162753
BFGS:   68 03:47:24      -54.705893        0.170282
BFGS:   69 03:47:24      -54.723913        0.162203
BFGS:   70 03:47:24      -54.732292        0.150475
BFGS:   71 03:47:24      -54.736038        0.149304
BFGS:   72 03:47:24      -54.755968        0.139504
BFGS:   73 03:47:24      -54.777190        0.133731
BFGS:   74 03:47:24      -54.806088        0.130029
BFGS:   75 03:47:24      -54.832372        0.142057
BFGS:   76 03:47:24      -54.848183        0.142808
BFGS:   77 03:47:24      -54.854216        0.133700
BFGS:   78 03:47:24      -54.862512        0.135005
BFGS:   79 03:47:24      -54.865940        0.136463
BFGS:   80 03:47:25      -54.878551        0.144176
BFGS:   81 03:47:25      -54.883058        0.136191
BFGS:   82 03:47:25      -54.889886        0.132099
BFGS:   83 03:47:25      -54.895671        0.142344
BFGS:   84 03:47:25      -54.906680        0.156618
BFGS:   85 03:47:25      -54.919885        0.167233
BFGS:   86 03:47:25      -54.937219        0.173813
BFGS:   87 03:47:25      -54.955920        0.177801
BFGS:   88 03:47:25      -54.976242        0.180279
BFGS:   89 03:47:25      -55.001577        0.179800
BFGS:   90 03:47:25      -55.027078        0.176729
BFGS:   91 03:47:25      -55.051038        0.173033
BFGS:   92 03:47:25      -55.074882        0.168074
BFGS:   93 03:47:25      -55.098663        0.160953
BFGS:   94 03:47:25      -55.121440        0.151525
BFGS:   95 03:47:25      -55.139887        0.165180
BFGS:   96 03:47:25      -55.152248        0.176356
BFGS:   97 03:47:25      -55.159202        0.181094
BFGS:   98 03:47:25      -55.163525        0.173982
BFGS:   99 03:47:25      -55.177898        0.178461
BFGS:  100 03:47:25      -55.194886        0.188931
BFGS:  101 03:47:25      -55.225698        0.208951
BFGS:  102 03:47:25      -55.280553        0.180885
BFGS:  103 03:47:25      -55.321402        0.166206
BFGS:  104 03:47:26      -55.348127        0.166055
BFGS:  105 03:47:26      -55.365992        0.169435
BFGS:  106 03:47:26      -55.379805        0.171570
BFGS:  107 03:47:26      -55.391802        0.174351
BFGS:  108 03:47:26      -55.403002        0.169871
BFGS:  109 03:47:26      -55.408185        0.162783
BFGS:  110 03:47:26      -55.412892        0.156291
BFGS:  111 03:47:26      -55.424108        0.157042
BFGS:  112 03:47:26      -55.445123        0.167154
BFGS:  113 03:47:26      -55.478182        0.163961
BFGS:  114 03:47:26      -55.505550        0.153552
BFGS:  115 03:47:26      -55.540700        0.170775
BFGS:  116 03:47:26      -55.557079        0.118820
BFGS:  117 03:47:26      -55.568685        0.082274
BFGS:  118 03:47:26      -55.570948        0.079478
BFGS:  119 03:47:26      -55.572418        0.075349
BFGS:  120 03:47:26      -55.574334        0.080661
BFGS:  121 03:47:26      -55.577078        0.087107
BFGS:  122 03:47:26      -55.582989        0.095294
BFGS:  123 03:47:26      -55.592807        0.099770
BFGS:  124 03:47:26      -55.606365        0.092863
BFGS:  125 03:47:26      -55.618181        0.069108
BFGS:  126 03:47:26      -55.620916        0.061816
BFGS:  127 03:47:26      -55.621275        0.062459
BFGS:  128 03:47:27      -55.622027        0.063229
BFGS:  129 03:47:27      -55.623045        0.063162
BFGS:  130 03:47:27      -55.624908        0.062984
BFGS:  131 03:47:27      -55.627572        0.069929
BFGS:  132 03:47:27      -55.631680        0.082220
BFGS:  133 03:47:27      -55.637489        0.093432
BFGS:  134 03:47:27      -55.647051        0.102654
BFGS:  135 03:47:27      -55.658435        0.108701
BFGS:  136 03:47:27      -55.663371        0.106375
BFGS:  137 03:47:27      -55.664815        0.105805
BFGS:  138 03:47:27      -55.665718        0.105858
BFGS:  139 03:47:27      -55.666183        0.106303
BFGS:  140 03:47:27      -55.666907        0.104446
BFGS:  141 03:47:27      -55.667984        0.107029
BFGS:  142 03:47:27      -55.670575        0.111335
BFGS:  143 03:47:27      -55.680121        0.122076
BFGS:  144 03:47:27      -55.679111        0.159765
BFGS:  145 03:47:27      -55.685598        0.124276
BFGS:  146 03:47:27      -55.687972        0.127387
BFGS:  147 03:47:27      -55.691159        0.154008
BFGS:  148 03:47:27      -55.697917        0.138172
BFGS:  149 03:47:27      -55.707082        0.135050
BFGS:  150 03:47:27      -55.725284        0.143267
BFGS:  151 03:47:28      -55.738169        0.158589
BFGS:  152 03:47:28      -55.746822        0.167625
BFGS:  153 03:47:28      -55.755219        0.164373
BFGS:  154 03:47:28      -55.761355        0.168152
BFGS:  155 03:47:28      -55.765299        0.163108
BFGS:  156 03:47:28      -55.766771        0.170449
BFGS:  157 03:47:28      -55.768161        0.168906
BFGS:  158 03:47:28      -55.770543        0.166206
BFGS:  159 03:47:28      -55.773042        0.162213
BFGS:  160 03:47:28      -55.775955        0.158807
BFGS:  161 03:47:28      -55.778820        0.156447
BFGS:  162 03:47:28      -55.780943        0.153534
BFGS:  163 03:47:28      -55.782774        0.150749
BFGS:  164 03:47:28      -55.785316        0.144107
BFGS:  165 03:47:28      -55.786037        0.142857
BFGS:  166 03:47:28      -55.786515        0.142611
BFGS:  167 03:47:28      -55.786561        0.142765
BFGS:  168 03:47:28      -55.786600        0.142317
BFGS:  169 03:47:28      -55.786666        0.141835
BFGS:  170 03:47:28      -55.786812        0.140950
BFGS:  171 03:47:28      -55.787169        0.139380
BFGS:  172 03:47:28      -55.788055        0.136251
BFGS:  173 03:47:28      -55.790138        0.131717
BFGS:  174 03:47:28      -55.794502        0.124939
BFGS:  175 03:47:29      -55.800881        0.119246
BFGS:  176 03:47:29      -55.806449        0.117334
BFGS:  177 03:47:29      -55.809365        0.124827
BFGS:  178 03:47:29      -55.810111        0.127153
BFGS:  179 03:47:29      -55.810328        0.128112
BFGS:  180 03:47:29      -55.810613        0.127065
BFGS:  181 03:47:29      -55.810983        0.124474
BFGS:  182 03:47:29      -55.811631        0.119692
BFGS:  183 03:47:29      -55.812691        0.121325
BFGS:  184 03:47:29      -55.814072        0.127851
BFGS:  185 03:47:29      -55.815421        0.136877
BFGS:  186 03:47:29      -55.816610        0.144842
BFGS:  187 03:47:29      -55.818017        0.151433
BFGS:  188 03:47:29      -55.820689        0.158946
BFGS:  189 03:47:29      -55.825644        0.165864
BFGS:  190 03:47:29      -55.833180        0.167841
BFGS:  191 03:47:29      -55.840691        0.162043
BFGS:  192 03:47:29      -55.847527        0.151660
BFGS:  193 03:47:29      -55.854694        0.134947
BFGS:  194 03:47:29      -55.859111        0.123171
BFGS:  195 03:47:29      -55.864279        0.109219
BFGS:  196 03:47:29      -55.867278        0.114268
BFGS:  197 03:47:29      -55.870141        0.103364
BFGS:  198 03:47:29      -55.872390        0.089589
BFGS:  199 03:47:30      -55.873869        0.069870
BFGS:  200 03:47:30      -55.875363        0.046312
BFGS:  201 03:47:30      -55.876227        0.049446
BFGS:  202 03:47:30      -55.876741        0.050222
BFGS:  203 03:47:30      -55.876985        0.049095
BFGS:  204 03:47:30      -55.877196        0.047736
BFGS:  205 03:47:30      -55.877527        0.045841
BFGS:  206 03:47:30      -55.878027        0.043845
BFGS:  207 03:47:30      -55.878872        0.046837
BFGS:  208 03:47:30      -55.880219        0.059829
BFGS:  209 03:47:30      -55.882115        0.082443
BFGS:  210 03:47:30      -55.884389        0.103571
BFGS:  211 03:47:30      -55.886952        0.114756
BFGS:  212 03:47:30      -55.890015        0.124935
BFGS:  213 03:47:30      -55.894415        0.135938
BFGS:  214 03:47:30      -55.901761        0.152772
BFGS:  215 03:47:30      -55.906438        0.166059
BFGS:  216 03:47:30      -55.911207        0.139346
BFGS:  217 03:47:30      -55.918481        0.099882
BFGS:  218 03:47:30      -55.923021        0.080047
BFGS:  219 03:47:30      -55.927209        0.068424
BFGS:  220 03:47:30      -55.929670        0.059558
BFGS:  221 03:47:30      -55.931488        0.044394
BFGS:  222 03:47:30      -55.932433        0.035108
BFGS:  223 03:47:31      -55.933081        0.036237
BFGS:  224 03:47:31      -55.933512        0.036468
BFGS:  225 03:47:31      -55.933858        0.035293
BFGS:  226 03:47:31      -55.934286        0.033307
BFGS:  227 03:47:31      -55.934754        0.033002
BFGS:  228 03:47:31      -55.935250        0.026747
BFGS:  229 03:47:31      -55.935743        0.023684
BFGS:  230 03:47:31      -55.936157        0.024781
BFGS:  231 03:47:31      -55.936432        0.023638
BFGS:  232 03:47:31      -55.936600        0.019983
BFGS:  233 03:47:31      -55.936706        0.020043
BFGS:  234 03:47:31      -55.936811        0.019747
BFGS:  235 03:47:31      -55.936932        0.017194
BFGS:  236 03:47:31      -55.937042        0.012823
BFGS:  237 03:47:31      -55.937116        0.011742
BFGS:  238 03:47:31      -55.937164        0.010763
BFGS:  239 03:47:31      -55.937211        0.009504
BFGS:  240 03:47:31      -55.937260        0.008935
BFGS:  241 03:47:31      -55.937299        0.008395
BFGS:  242 03:47:31      -55.937321        0.007826
BFGS:  243 03:47:31      -55.937339        0.008511
BFGS:  244 03:47:31      -55.937366        0.008567
BFGS:  245 03:47:31      -55.937408        0.008444
BFGS:  246 03:47:31      -55.937460        0.008056
BFGS:  247 03:47:32      -55.937505        0.006299
BFGS:  248 03:47:32      -55.937528        0.005826
BFGS:  249 03:47:32      -55.937544        0.004937
BFGS:  250 03:47:32      -55.937567        0.003831
BFGS:  251 03:47:32      -55.937592        0.003913
BFGS:  252 03:47:32      -55.937608        0.005098
BFGS:  253 03:47:32      -55.937617        0.005076
BFGS:  254 03:47:32      -55.937621        0.004134
BFGS:  255 03:47:32      -55.937627        0.003936
BFGS:  256 03:47:32      -55.937635        0.003550
BFGS:  257 03:47:32      -55.937643        0.004172
BFGS:  258 03:47:32      -55.937650        0.005512
BFGS:  259 03:47:32      -55.937657        0.006459
BFGS:  260 03:47:32      -55.937668        0.006710
BFGS:  261 03:47:32      -55.937683        0.006049
BFGS:  262 03:47:32      -55.937696        0.005523
BFGS:  263 03:47:32      -55.937707        0.005295
BFGS:  264 03:47:32      -55.937717        0.005839
BFGS:  265 03:47:32      -55.937732        0.006065
BFGS:  266 03:47:32      -55.937754        0.005984
BFGS:  267 03:47:32      -55.937780        0.009373
BFGS:  268 03:47:32      -55.937807        0.011481
BFGS:  269 03:47:32      -55.937836        0.011896
BFGS:  270 03:47:33      -55.937885        0.011328
BFGS:  271 03:47:33      -55.937998        0.016624
BFGS:  272 03:47:33      -55.938375        0.032036
BFGS:  273 03:47:33      -55.938862        0.143813
BFGS:  274 03:47:33      -55.941128        0.114958
BFGS:  275 03:47:33      -55.947353        0.251984
BFGS:  276 03:47:33      -55.945490        0.401918
BFGS:  277 03:47:33      -55.953186        0.304152
BFGS:  278 03:47:33      -55.959738        0.285158
BFGS:  279 03:47:33      -55.971102        0.272687
BFGS:  280 03:47:33      -55.980740        0.267268
BFGS:  281 03:47:33      -55.991745        0.255241
BFGS:  282 03:47:33      -56.001458        0.229740
BFGS:  283 03:47:33      -56.012440        0.175649
BFGS:  284 03:47:33      -56.020550        0.192939
BFGS:  285 03:47:33      -56.034496        0.159903
BFGS:  286 03:47:33      -56.061859        0.198533
BFGS:  287 03:47:33      -56.083406        0.252120
BFGS:  288 03:47:33      -56.101511        0.226299
BFGS:  289 03:47:33      -56.128222        0.239796
BFGS:  290 03:47:33      -56.144424        0.238500
BFGS:  291 03:47:33      -56.160236        0.233608
BFGS:  292 03:47:33      -56.166821        0.156052
BFGS:  293 03:47:33      -56.175372        0.163542
BFGS:  294 03:47:34      -56.186070        0.165019
BFGS:  295 03:47:34      -56.193031        0.169946
BFGS:  296 03:47:34      -56.200086        0.142831
BFGS:  297 03:47:34      -56.207225        0.130034
BFGS:  298 03:47:34      -56.214151        0.129246
BFGS:  299 03:47:34      -56.219828        0.144531
BFGS:  300 03:47:34      -56.225165        0.150841
BFGS:  301 03:47:34      -56.231316        0.148599
BFGS:  302 03:47:34      -56.238342        0.116168
BFGS:  303 03:47:34      -56.242455        0.077704
BFGS:  304 03:47:34      -56.245187        0.067909
BFGS:  305 03:47:34      -56.247062        0.070127
BFGS:  306 03:47:34      -56.248444        0.070450
BFGS:  307 03:47:34      -56.249716        0.068183
BFGS:  308 03:47:34      -56.251182        0.060738
BFGS:  309 03:47:34      -56.252795        0.065996
BFGS:  310 03:47:34      -56.254435        0.071203
BFGS:  311 03:47:34      -56.256201        0.065433
BFGS:  312 03:47:34      -56.258163        0.046371
BFGS:  313 03:47:34      -56.259997        0.026603
BFGS:  314 03:47:34      -56.261012        0.029708
BFGS:  315 03:47:34      -56.261404        0.030659
BFGS:  316 03:47:34      -56.261619        0.026137
BFGS:  317 03:47:35      -56.261880        0.026053
BFGS:  318 03:47:35      -56.262288        0.025837
BFGS:  319 03:47:35      -56.262831        0.031974
BFGS:  320 03:47:35      -56.263406        0.046334
BFGS:  321 03:47:35      -56.263944        0.050467
BFGS:  322 03:47:35      -56.264487        0.043889
BFGS:  323 03:47:35      -56.264976        0.034419
BFGS:  324 03:47:35      -56.265317        0.031661
BFGS:  325 03:47:35      -56.265552        0.024427
BFGS:  326 03:47:35      -56.265740        0.018353
BFGS:  327 03:47:35      -56.265902        0.017222
BFGS:  328 03:47:35      -56.266030        0.017662
BFGS:  329 03:47:35      -56.266131        0.022041
BFGS:  330 03:47:35      -56.266257        0.024657
BFGS:  331 03:47:35      -56.266497        0.026789
BFGS:  332 03:47:35      -56.266907        0.026972
BFGS:  333 03:47:35      -56.267410        0.022622
BFGS:  334 03:47:35      -56.267751        0.018542
BFGS:  335 03:47:35      -56.267876        0.015872
BFGS:  336 03:47:35      -56.267921        0.014530
BFGS:  337 03:47:35      -56.267965        0.011500
BFGS:  338 03:47:35      -56.268032        0.009861
BFGS:  339 03:47:35      -56.268110        0.013873
BFGS:  340 03:47:35      -56.268182        0.017829
BFGS:  341 03:47:36      -56.268245        0.018989
BFGS:  342 03:47:36      -56.268325        0.020181
BFGS:  343 03:47:36      -56.268457        0.018410
BFGS:  344 03:47:36      -56.268657        0.012888
BFGS:  345 03:47:36      -56.268876        0.013409
BFGS:  346 03:47:36      -56.269019        0.015180
BFGS:  347 03:47:36      -56.269080        0.015812
BFGS:  348 03:47:36      -56.269121        0.015914
BFGS:  349 03:47:36      -56.269180        0.015973
BFGS:  350 03:47:36      -56.269290        0.016277
BFGS:  351 03:47:36      -56.269528        0.021972
BFGS:  352 03:47:36      -56.270053        0.035603
BFGS:  353 03:47:36      -56.270709        0.044370
BFGS:  354 03:47:36      -56.271725        0.036414
BFGS:  355 03:47:36      -56.272995        0.020070
BFGS:  356 03:47:36      -56.273160        0.018907
BFGS:  357 03:47:36      -56.273257        0.016380
BFGS:  358 03:47:36      -56.273335        0.017052
BFGS:  359 03:47:36      -56.273529        0.017122
BFGS:  360 03:47:36      -56.273782        0.015046
BFGS:  361 03:47:36      -56.274089        0.014497
BFGS:  362 03:47:36      -56.274297        0.014688
BFGS:  363 03:47:36      -56.274375        0.013611
BFGS:  364 03:47:36      -56.274408        0.013058
BFGS:  365 03:47:37      -56.274445        0.012208
BFGS:  366 03:47:37      -56.274526        0.010799
BFGS:  367 03:47:37      -56.274668        0.010300
BFGS:  368 03:47:37      -56.274846        0.008432
BFGS:  369 03:47:37      -56.274974        0.008727
BFGS:  370 03:47:37      -56.275019        0.006859
BFGS:  371 03:47:37      -56.275030        0.006327
BFGS:  372 03:47:37      -56.275036        0.006051
BFGS:  373 03:47:37      -56.275048        0.005697
BFGS:  374 03:47:37      -56.275075        0.006107
BFGS:  375 03:47:37      -56.275128        0.006210
BFGS:  376 03:47:37      -56.275203        0.005888
BFGS:  377 03:47:37      -56.275263        0.006729
BFGS:  378 03:47:37      -56.275287        0.005683
BFGS:  379 03:47:37      -56.275294        0.005079
BFGS:  380 03:47:37      -56.275301        0.005422
BFGS:  381 03:47:37      -56.275317        0.005616
BFGS:  382 03:47:37      -56.275345        0.005092
BFGS:  383 03:47:37      -56.275381        0.003682
BFGS:  384 03:47:37      -56.275403        0.002664
BFGS:  385 03:47:37      -56.275409        0.002558
BFGS:  386 03:47:37      -56.275410        0.002302
BFGS:  387 03:47:37      -56.275412        0.002095
BFGS:  388 03:47:38      -56.275415        0.001915
BFGS:  389 03:47:38      -56.275420        0.002259
BFGS:  390 03:47:38      -56.275431        0.002644
BFGS:  391 03:47:38      -56.275441        0.002224
BFGS:  392 03:47:38      -56.275446        0.001163
BFGS:  393 03:47:38      -56.275447        0.001072
BFGS:  394 03:47:38      -56.275448        0.001039
BFGS:  395 03:47:38      -56.275448        0.000977
