      Step     Time          Energy          fmax
BFGS:    0 14:42:54      145.300158       17.368425
BFGS:    1 14:42:55      124.368844       17.240124
BFGS:    2 14:42:55      105.011343       16.473557
BFGS:    3 14:42:55       86.027676       15.452006
BFGS:    4 14:42:55       67.890275       14.259587
BFGS:    5 14:42:55       51.034577       13.028668
BFGS:    6 14:42:55       35.727228       11.841678
BFGS:    7 14:42:55       21.985832       10.748695
BFGS:    8 14:42:55        9.660097        9.771380
BFGS:    9 14:42:55       -1.369634        8.905553
BFGS:   10 14:42:55      -11.152889        8.166564
BFGS:   11 14:42:55      -19.684650        7.746481
BFGS:   12 14:42:55      -26.916887        7.323396
BFGS:   13 14:42:56      -32.918558        6.908450
BFGS:   14 14:42:56      -37.831418        6.517610
BFGS:   15 14:42:56      -41.862500        6.155176
BFGS:   16 14:42:56      -45.253236        5.823721
BFGS:   17 14:42:56      -48.210120        5.517074
BFGS:   18 14:42:56      -50.876853        5.233328
BFGS:   19 14:42:56      -53.349617        4.974558
BFGS:   20 14:42:56      -55.685820        4.738838
BFGS:   21 14:42:56      -57.915716        4.521367
BFGS:   22 14:42:56      -60.055106        4.317560
BFGS:   23 14:42:56      -62.112981        4.125350
BFGS:   24 14:42:56      -64.093883        3.943765
BFGS:   25 14:42:56      -65.999653        3.772461
BFGS:   26 14:42:57      -67.831793        3.610498
BFGS:   27 14:42:57      -69.592289        3.456590
BFGS:   28 14:42:57      -71.283037        3.309080
BFGS:   29 14:42:57      -72.905754        3.166991
BFGS:   30 14:42:57      -74.462396        3.029952
BFGS:   31 14:42:57      -75.955078        2.898173
BFGS:   32 14:42:57      -77.386634        2.772458
BFGS:   33 14:42:57      -78.760656        2.653012
BFGS:   34 14:42:57      -80.080091        2.538364
BFGS:   35 14:42:57      -81.345700        2.426564
BFGS:   36 14:42:57      -82.556905        2.316828
BFGS:   37 14:42:57      -83.713827        2.209277
BFGS:   38 14:42:57      -84.818011        2.104492
BFGS:   39 14:42:57      -85.871874        2.002566
BFGS:   40 14:42:58      -86.874565        1.902938
BFGS:   41 14:42:58      -87.826794        1.806619
BFGS:   42 14:42:58      -88.729994        1.715887
BFGS:   43 14:42:58      -89.585955        1.630997
BFGS:   44 14:42:58      -90.396179        1.549204
BFGS:   45 14:42:58      -91.160999        1.467871
BFGS:   46 14:42:58      -91.880811        1.388183
BFGS:   47 14:42:58      -92.556718        1.312125
BFGS:   48 14:42:58      -93.190178        1.240688
BFGS:   49 14:42:58      -93.782716        1.173309
BFGS:   50 14:42:58      -94.335330        1.108895
BFGS:   51 14:42:58      -94.849138        1.047561
BFGS:   52 14:42:58      -95.325613        0.989354
BFGS:   53 14:42:59      -95.766365        0.934062
BFGS:   54 14:42:59      -96.172985        0.881358
BFGS:   55 14:42:59      -96.546965        0.830687
BFGS:   56 14:42:59      -96.889652        0.781625
BFGS:   57 14:42:59      -97.202382        0.734244
BFGS:   58 14:42:59      -97.486644        0.688921
BFGS:   59 14:42:59      -97.744148        0.645924
BFGS:   60 14:42:59      -97.976741        0.610449
BFGS:   61 14:42:59      -98.186312        0.587894
BFGS:   62 14:42:59      -98.374699        0.566349
BFGS:   63 14:42:59      -98.543620        0.545791
BFGS:   64 14:42:59      -98.694750        0.526013
BFGS:   65 14:42:59      -98.829737        0.506718
BFGS:   66 14:42:59      -98.950271        0.487622
BFGS:   67 14:42:59      -99.058130        0.468415
BFGS:   68 14:43:00      -99.155123        0.448793
BFGS:   69 14:43:00      -99.243047        0.428387
BFGS:   70 14:43:00      -99.323744        0.406573
BFGS:   71 14:43:00      -99.399678        0.382272
BFGS:   72 14:43:00      -99.474439        0.375274
BFGS:   73 14:43:00      -99.553074        0.370140
BFGS:   74 14:43:00      -99.641526        0.357885
BFGS:   75 14:43:00      -99.749086        0.333206
BFGS:   76 14:43:00      -99.901031        0.275927
BFGS:   77 14:43:00     -100.031976        0.315538
BFGS:   78 14:43:00     -100.139012        0.349352
BFGS:   79 14:43:00     -100.219350        0.354787
BFGS:   80 14:43:00     -100.282884        0.340358
BFGS:   81 14:43:00     -100.339223        0.302965
BFGS:   82 14:43:01     -100.388147        0.256002
BFGS:   83 14:43:01     -100.484338        0.184372
BFGS:   84 14:43:01     -100.560994        0.176567
BFGS:   85 14:43:01     -100.611332        0.163363
BFGS:   86 14:43:01     -100.647355        0.157840
BFGS:   87 14:43:01     -100.671847        0.163583
BFGS:   88 14:43:01     -100.688750        0.171728
BFGS:   89 14:43:01     -100.703372        0.174956
BFGS:   90 14:43:01     -100.745144        0.177363
BFGS:   91 14:43:01     -100.812793        0.183438
BFGS:   92 14:43:01     -100.915978        0.194944
BFGS:   93 14:43:01     -101.026475        0.165139
BFGS:   94 14:43:01     -101.055169        0.176396
BFGS:   95 14:43:01     -101.073688        0.173095
BFGS:   96 14:43:02     -101.088549        0.158521
BFGS:   97 14:43:02     -101.098839        0.143006
BFGS:   98 14:43:02     -101.124110        0.129759
BFGS:   99 14:43:02     -101.151902        0.117946
BFGS:  100 14:43:02     -101.168862        0.114950
BFGS:  101 14:43:02     -101.174125        0.118305
BFGS:  102 14:43:02     -101.175739        0.120523
BFGS:  103 14:43:02     -101.177849        0.121891
BFGS:  104 14:43:02     -101.182142        0.121827
BFGS:  105 14:43:02     -101.188647        0.118017
BFGS:  106 14:43:02     -101.195906        0.109580
BFGS:  107 14:43:02     -101.200415        0.101499
BFGS:  108 14:43:02     -101.202598        0.098981
BFGS:  109 14:43:02     -101.205826        0.098222
BFGS:  110 14:43:03     -101.212288        0.099021
BFGS:  111 14:43:03     -101.224219        0.103103
BFGS:  112 14:43:03     -101.239390        0.134063
BFGS:  113 14:43:03     -101.251611        0.126142
BFGS:  114 14:43:03     -101.260117        0.115873
BFGS:  115 14:43:03     -101.269909        0.125890
BFGS:  116 14:43:03     -101.285974        0.124886
BFGS:  117 14:43:03     -101.308177        0.108466
BFGS:  118 14:43:03     -101.328079        0.118619
BFGS:  119 14:43:03     -101.341280        0.143267
BFGS:  120 14:43:03     -101.351414        0.137014
BFGS:  121 14:43:03     -101.372385        0.149838
BFGS:  122 14:43:03     -101.407067        0.194824
BFGS:  123 14:43:03     -101.447007        0.204856
BFGS:  124 14:43:04     -101.484195        0.177123
BFGS:  125 14:43:04     -101.513340        0.115244
BFGS:  126 14:43:04     -101.529740        0.104637
BFGS:  127 14:43:04     -101.534195        0.102547
BFGS:  128 14:43:04     -101.541043        0.097149
BFGS:  129 14:43:04     -101.564455        0.097120
BFGS:  130 14:43:04     -101.593626        0.110199
BFGS:  131 14:43:04     -101.613952        0.089432
BFGS:  132 14:43:04     -101.626531        0.068488
BFGS:  133 14:43:04     -101.628238        0.052628
BFGS:  134 14:43:04     -101.629726        0.051189
BFGS:  135 14:43:04     -101.631942        0.061446
BFGS:  136 14:43:04     -101.637310        0.081169
BFGS:  137 14:43:04     -101.645819        0.094264
BFGS:  138 14:43:04     -101.655143        0.085804
BFGS:  139 14:43:05     -101.660064        0.067052
BFGS:  140 14:43:05     -101.662179        0.062588
BFGS:  141 14:43:05     -101.663915        0.059833
BFGS:  142 14:43:05     -101.666333        0.054662
BFGS:  143 14:43:05     -101.669570        0.086334
BFGS:  144 14:43:05     -101.672793        0.117947
BFGS:  145 14:43:05     -101.675415        0.109893
BFGS:  146 14:43:05     -101.677525        0.070165
BFGS:  147 14:43:05     -101.679044        0.045067
BFGS:  148 14:43:05     -101.679731        0.043629
BFGS:  149 14:43:05     -101.679987        0.043189
BFGS:  150 14:43:05     -101.680201        0.043266
BFGS:  151 14:43:05     -101.680687        0.043166
BFGS:  152 14:43:05     -101.681845        0.042814
BFGS:  153 14:43:06     -101.684674        0.044612
BFGS:  154 14:43:06     -101.691009        0.080636
BFGS:  155 14:43:06     -101.700127        0.113783
BFGS:  156 14:43:06     -101.711958        0.138407
BFGS:  157 14:43:06     -101.723770        0.150430
BFGS:  158 14:43:06     -101.734003        0.151400
BFGS:  159 14:43:06     -101.742039        0.135515
BFGS:  160 14:43:06     -101.747418        0.096431
BFGS:  161 14:43:06     -101.749837        0.067028
BFGS:  162 14:43:06     -101.753404        0.049070
BFGS:  163 14:43:06     -101.754702        0.053888
BFGS:  164 14:43:06     -101.755914        0.058053
BFGS:  165 14:43:06     -101.757048        0.055879
BFGS:  166 14:43:06     -101.758733        0.061814
BFGS:  167 14:43:07     -101.760866        0.060419
BFGS:  168 14:43:07     -101.762949        0.069819
BFGS:  169 14:43:07     -101.764390        0.082190
BFGS:  170 14:43:07     -101.765569        0.077766
BFGS:  171 14:43:07     -101.767181        0.060224
BFGS:  172 14:43:07     -101.769267        0.031603
BFGS:  173 14:43:07     -101.770753        0.024011
BFGS:  174 14:43:07     -101.771193        0.023497
BFGS:  175 14:43:07     -101.771275        0.023039
BFGS:  176 14:43:07     -101.771322        0.022969
BFGS:  177 14:43:07     -101.771434        0.022595
BFGS:  178 14:43:07     -101.771652        0.022177
BFGS:  179 14:43:07     -101.772009        0.021418
BFGS:  180 14:43:07     -101.772378        0.022515
BFGS:  181 14:43:08     -101.772639        0.022299
BFGS:  182 14:43:08     -101.772858        0.021857
BFGS:  183 14:43:08     -101.773225        0.023387
BFGS:  184 14:43:08     -101.774034        0.026452
BFGS:  185 14:43:08     -101.775703        0.035927
BFGS:  186 14:43:08     -101.778365        0.042490
BFGS:  187 14:43:08     -101.781078        0.047422
BFGS:  188 14:43:08     -101.782688        0.046094
BFGS:  189 14:43:08     -101.783523        0.041219
BFGS:  190 14:43:08     -101.784480        0.032952
BFGS:  191 14:43:08     -101.786075        0.033133
BFGS:  192 14:43:08     -101.787948        0.032999
BFGS:  193 14:43:08     -101.789169        0.032248
BFGS:  194 14:43:08     -101.789675        0.030035
BFGS:  195 14:43:08     -101.790022        0.025738
BFGS:  196 14:43:09     -101.790633        0.021772
BFGS:  197 14:43:09     -101.791569        0.024518
BFGS:  198 14:43:09     -101.792427        0.016246
BFGS:  199 14:43:09     -101.792768        0.006531
BFGS:  200 14:43:09     -101.792821        0.005755
BFGS:  201 14:43:09     -101.792833        0.005513
BFGS:  202 14:43:09     -101.792852        0.005388
BFGS:  203 14:43:09     -101.792895        0.004929
BFGS:  204 14:43:09     -101.792939        0.004355
BFGS:  205 14:43:09     -101.792963        0.004412
BFGS:  206 14:43:09     -101.792968        0.004434
BFGS:  207 14:43:09     -101.792970        0.004435
BFGS:  208 14:43:09     -101.792973        0.004427
BFGS:  209 14:43:09     -101.792980        0.004403
BFGS:  210 14:43:10     -101.792993        0.004353
BFGS:  211 14:43:10     -101.793009        0.004287
BFGS:  212 14:43:10     -101.793023        0.004241
BFGS:  213 14:43:10     -101.793032        0.004231
BFGS:  214 14:43:10     -101.793042        0.004325
BFGS:  215 14:43:10     -101.793062        0.005388
BFGS:  216 14:43:10     -101.793105        0.006526
BFGS:  217 14:43:10     -101.793182        0.006960
BFGS:  218 14:43:10     -101.793274        0.005901
BFGS:  219 14:43:10     -101.793330        0.005196
BFGS:  220 14:43:10     -101.793348        0.005439
BFGS:  221 14:43:10     -101.793359        0.005398
BFGS:  222 14:43:10     -101.793381        0.005264
BFGS:  223 14:43:10     -101.793432        0.005047
BFGS:  224 14:43:11     -101.793534        0.005915
BFGS:  225 14:43:11     -101.793682        0.007705
BFGS:  226 14:43:11     -101.793802        0.006234
BFGS:  227 14:43:11     -101.793846        0.007002
BFGS:  228 14:43:11     -101.793857        0.007053
BFGS:  229 14:43:11     -101.793868        0.006844
BFGS:  230 14:43:11     -101.793895        0.006055
BFGS:  231 14:43:11     -101.793943        0.004739
BFGS:  232 14:43:11     -101.794005        0.005681
BFGS:  233 14:43:11     -101.794045        0.004312
BFGS:  234 14:43:11     -101.794057        0.002709
BFGS:  235 14:43:11     -101.794059        0.002149
BFGS:  236 14:43:11     -101.794062        0.001972
BFGS:  237 14:43:11     -101.794068        0.002220
BFGS:  238 14:43:12     -101.794075        0.004220
BFGS:  239 14:43:12     -101.794082        0.005249
BFGS:  240 14:43:12     -101.794087        0.004375
BFGS:  241 14:43:12     -101.794089        0.002649
BFGS:  242 14:43:12     -101.794091        0.001447
BFGS:  243 14:43:12     -101.794092        0.001901
BFGS:  244 14:43:12     -101.794093        0.002100
BFGS:  245 14:43:12     -101.794095        0.002035
BFGS:  246 14:43:12     -101.794097        0.002181
BFGS:  247 14:43:12     -101.794099        0.002531
BFGS:  248 14:43:12     -101.794102        0.002580
BFGS:  249 14:43:12     -101.794103        0.002023
BFGS:  250 14:43:12     -101.794104        0.001464
BFGS:  251 14:43:12     -101.794105        0.000961
