      Step     Time          Energy          fmax
BFGS:    0 13:36:59     -190.346062        0.975593
BFGS:    1 13:36:59     -190.977286        0.965932
BFGS:    2 13:36:59     -198.682334        0.678123
BFGS:    3 13:36:59     -200.256469        1.082520
BFGS:    4 13:36:59     -200.821552        0.446630
BFGS:    5 13:36:59     -200.927766        0.477018
BFGS:    6 13:36:59     -201.854291        0.570403
BFGS:    7 13:36:59     -202.246188        0.405186
BFGS:    8 13:37:00     -202.639952        0.311526
BFGS:    9 13:37:00     -202.687234        0.330705
BFGS:   10 13:37:00     -202.698190        0.335461
BFGS:   11 13:37:00     -202.716795        0.339464
BFGS:   12 13:37:00     -202.766366        0.342684
BFGS:   13 13:37:00     -202.873861        0.338547
BFGS:   14 13:37:00     -203.004286        0.345305
BFGS:   15 13:37:00     -203.148799        0.348552
BFGS:   16 13:37:01     -203.302047        0.347316
BFGS:   17 13:37:01     -203.453204        0.341100
BFGS:   18 13:37:01     -203.585271        0.328477
BFGS:   19 13:37:01     -203.672145        0.305813
BFGS:   20 13:37:01     -203.697981        0.294009
BFGS:   21 13:37:01     -203.744889        0.276334
BFGS:   22 13:37:01     -203.841825        0.246258
BFGS:   23 13:37:01     -203.996370        0.261316
BFGS:   24 13:37:02     -204.147227        0.256668
BFGS:   25 13:37:02     -204.286148        0.225502
BFGS:   26 13:37:02     -204.404164        0.180113
BFGS:   27 13:37:02     -204.496551        0.152729
BFGS:   28 13:37:02     -204.557999        0.141467
BFGS:   29 13:37:02     -204.579038        0.134530
BFGS:   30 13:37:02     -204.585379        0.134657
BFGS:   31 13:37:02     -204.620492        0.132566
BFGS:   32 13:37:03     -204.663028        0.122415
BFGS:   33 13:37:03     -204.737126        0.137703
BFGS:   34 13:37:03     -204.794019        0.111003
BFGS:   35 13:37:03     -204.819696        0.103452
BFGS:   36 13:37:03     -204.826640        0.098953
BFGS:   37 13:37:03     -204.831965        0.095301
BFGS:   38 13:37:03     -204.843852        0.088294
BFGS:   39 13:37:03     -204.865607        0.077757
BFGS:   40 13:37:03     -204.894665        0.070056
BFGS:   41 13:37:04     -204.914888        0.059956
BFGS:   42 13:37:04     -204.921056        0.054689
BFGS:   43 13:37:04     -204.921966        0.055084
BFGS:   44 13:37:04     -204.922633        0.056062
BFGS:   45 13:37:04     -204.924721        0.057759
BFGS:   46 13:37:04     -204.929156        0.059099
BFGS:   47 13:37:04     -204.938574        0.058394
BFGS:   48 13:37:04     -204.952302        0.052160
BFGS:   49 13:37:05     -204.963749        0.047937
BFGS:   50 13:37:05     -204.967642        0.049445
BFGS:   51 13:37:05     -204.968278        0.050169
BFGS:   52 13:37:05     -204.968638        0.050535
BFGS:   53 13:37:05     -204.969646        0.051265
BFGS:   54 13:37:05     -204.971724        0.052237
BFGS:   55 13:37:05     -204.975738        0.053341
BFGS:   56 13:37:05     -204.980737        0.053715
BFGS:   57 13:37:06     -204.984190        0.052689
BFGS:   58 13:37:06     -204.985490        0.051287
BFGS:   59 13:37:06     -204.986249        0.050328
BFGS:   60 13:37:06     -204.987831        0.048877
BFGS:   61 13:37:06     -204.991491        0.046486
BFGS:   62 13:37:06     -204.999225        0.042987
BFGS:   63 13:37:06     -205.011106        0.040927
BFGS:   64 13:37:06     -205.021946        0.047083
BFGS:   65 13:37:07     -205.026971        0.046702
BFGS:   66 13:37:07     -205.028235        0.045761
BFGS:   67 13:37:07     -205.029347        0.045841
BFGS:   68 13:37:07     -205.031359        0.045182
BFGS:   69 13:37:07     -205.033658        0.043450
BFGS:   70 13:37:07     -205.035419        0.041283
BFGS:   71 13:37:07     -205.036385        0.039849
BFGS:   72 13:37:07     -205.037349        0.038649
BFGS:   73 13:37:08     -205.039309        0.037426
BFGS:   74 13:37:08     -205.042840        0.038046
BFGS:   75 13:37:08     -205.047310        0.037123
BFGS:   76 13:37:08     -205.050288        0.034834
BFGS:   77 13:37:08     -205.051267        0.033278
BFGS:   78 13:37:08     -205.051571        0.032831
BFGS:   79 13:37:08     -205.052013        0.032459
BFGS:   80 13:37:08     -205.052966        0.031966
BFGS:   81 13:37:09     -205.054562        0.031493
BFGS:   82 13:37:09     -205.056446        0.040157
BFGS:   83 13:37:09     -205.057861        0.048532
BFGS:   84 13:37:09     -205.058854        0.047654
BFGS:   85 13:37:09     -205.060132        0.041498
BFGS:   86 13:37:09     -205.062366        0.033346
BFGS:   87 13:37:09     -205.065272        0.033054
BFGS:   88 13:37:09     -205.067414        0.031832
BFGS:   89 13:37:09     -205.068318        0.030732
BFGS:   90 13:37:10     -205.068833        0.030100
BFGS:   91 13:37:10     -205.069725        0.029299
BFGS:   92 13:37:10     -205.071840        0.027828
BFGS:   93 13:37:10     -205.076314        0.033663
BFGS:   94 13:37:10     -205.083490        0.044677
BFGS:   95 13:37:10     -205.089591        0.040828
BFGS:   96 13:37:10     -205.093178        0.029537
BFGS:   97 13:37:10     -205.093739        0.024901
BFGS:   98 13:37:11     -205.094077        0.020962
BFGS:   99 13:37:11     -205.094631        0.020564
BFGS:  100 13:37:11     -205.095501        0.020596
BFGS:  101 13:37:11     -205.096386        0.023405
BFGS:  102 13:37:11     -205.097006        0.030047
BFGS:  103 13:37:11     -205.097494        0.031760
BFGS:  104 13:37:11     -205.098369        0.032731
BFGS:  105 13:37:11     -205.100435        0.035696
BFGS:  106 13:37:12     -205.105010        0.043606
BFGS:  107 13:37:12     -205.111788        0.050555
BFGS:  108 13:37:12     -205.119821        0.050249
BFGS:  109 13:37:12     -205.128160        0.039611
BFGS:  110 13:37:12     -205.130397        0.034907
BFGS:  111 13:37:12     -205.131657        0.033758
BFGS:  112 13:37:12     -205.133673        0.029575
BFGS:  113 13:37:12     -205.137002        0.029147
BFGS:  114 13:37:13     -205.141137        0.024670
BFGS:  115 13:37:13     -205.143836        0.017288
BFGS:  116 13:37:13     -205.144600        0.017335
BFGS:  117 13:37:13     -205.144705        0.017375
BFGS:  118 13:37:13     -205.144735        0.017339
BFGS:  119 13:37:13     -205.144790        0.017239
BFGS:  120 13:37:13     -205.144889        0.017055
BFGS:  121 13:37:13     -205.145109        0.016722
BFGS:  122 13:37:14     -205.145540        0.016219
BFGS:  123 13:37:14     -205.146226        0.015631
BFGS:  124 13:37:14     -205.146939        0.015295
BFGS:  125 13:37:14     -205.147381        0.017063
BFGS:  126 13:37:14     -205.147597        0.016841
BFGS:  127 13:37:14     -205.147842        0.016147
BFGS:  128 13:37:14     -205.148399        0.016549
BFGS:  129 13:37:14     -205.149478        0.016687
BFGS:  130 13:37:15     -205.151048        0.015975
BFGS:  131 13:37:15     -205.152257        0.015835
BFGS:  132 13:37:15     -205.152685        0.015062
BFGS:  133 13:37:15     -205.152811        0.014031
BFGS:  134 13:37:15     -205.152957        0.012732
BFGS:  135 13:37:15     -205.153298        0.011955
BFGS:  136 13:37:15     -205.153917        0.013762
BFGS:  137 13:37:15     -205.154784        0.028732
BFGS:  138 13:37:15     -205.155543        0.038641
BFGS:  139 13:37:16     -205.156043        0.038666
BFGS:  140 13:37:16     -205.156506        0.032273
BFGS:  141 13:37:16     -205.157164        0.019530
BFGS:  142 13:37:16     -205.157912        0.016624
BFGS:  143 13:37:16     -205.158404        0.017586
BFGS:  144 13:37:16     -205.158626        0.018335
BFGS:  145 13:37:16     -205.158813        0.015976
BFGS:  146 13:37:16     -205.159190        0.014652
BFGS:  147 13:37:17     -205.159931        0.012846
BFGS:  148 13:37:17     -205.161041        0.015133
BFGS:  149 13:37:17     -205.161979        0.017173
BFGS:  150 13:37:17     -205.162353        0.013313
BFGS:  151 13:37:17     -205.162448        0.012681
BFGS:  152 13:37:17     -205.162520        0.012827
BFGS:  153 13:37:17     -205.162665        0.013056
BFGS:  154 13:37:17     -205.162864        0.013248
BFGS:  155 13:37:18     -205.163061        0.015469
BFGS:  156 13:37:18     -205.163185        0.016904
BFGS:  157 13:37:18     -205.163273        0.015431
BFGS:  158 13:37:18     -205.163372        0.012577
BFGS:  159 13:37:18     -205.163488        0.012318
BFGS:  160 13:37:18     -205.163588        0.012241
BFGS:  161 13:37:18     -205.163648        0.012394
BFGS:  162 13:37:18     -205.163687        0.012620
BFGS:  163 13:37:19     -205.163736        0.012920
BFGS:  164 13:37:19     -205.163819        0.013283
BFGS:  165 13:37:19     -205.163966        0.013680
BFGS:  166 13:37:19     -205.164198        0.014034
BFGS:  167 13:37:19     -205.164488        0.013981
BFGS:  168 13:37:19     -205.164772        0.014116
BFGS:  169 13:37:19     -205.164994        0.015474
BFGS:  170 13:37:19     -205.165104        0.013671
BFGS:  171 13:37:20     -205.165185        0.011325
BFGS:  172 13:37:20     -205.165390        0.009815
BFGS:  173 13:37:20     -205.165701        0.010112
BFGS:  174 13:37:20     -205.166023        0.020350
BFGS:  175 13:37:20     -205.166297        0.026117
BFGS:  176 13:37:20     -205.166579        0.028213
BFGS:  177 13:37:20     -205.166910        0.027758
BFGS:  178 13:37:20     -205.167631        0.025944
BFGS:  179 13:37:21     -205.168301        0.025819
BFGS:  180 13:37:21     -205.169014        0.023232
BFGS:  181 13:37:21     -205.170423        0.020030
BFGS:  182 13:37:21     -205.172943        0.023916
BFGS:  183 13:37:21     -205.175202        0.027673
BFGS:  184 13:37:21     -205.176105        0.026028
BFGS:  185 13:37:21     -205.176424        0.021395
BFGS:  186 13:37:21     -205.176618        0.015319
BFGS:  187 13:37:22     -205.176794        0.011093
BFGS:  188 13:37:22     -205.177041        0.011155
BFGS:  189 13:37:22     -205.177326        0.015974
BFGS:  190 13:37:22     -205.177563        0.022519
BFGS:  191 13:37:22     -205.177789        0.025644
BFGS:  192 13:37:22     -205.178205        0.026982
BFGS:  193 13:37:22     -205.178483        0.028952
BFGS:  194 13:37:22     -205.178722        0.025090
BFGS:  195 13:37:22     -205.179055        0.017145
BFGS:  196 13:37:23     -205.179411        0.005826
BFGS:  197 13:37:23     -205.179505        0.005685
BFGS:  198 13:37:23     -205.179575        0.006336
BFGS:  199 13:37:23     -205.179605        0.005458
BFGS:  200 13:37:23     -205.179651        0.004920
BFGS:  201 13:37:23     -205.179671        0.004769
BFGS:  202 13:37:23     -205.179684        0.004812
BFGS:  203 13:37:23     -205.179692        0.004896
BFGS:  204 13:37:24     -205.179708        0.005050
BFGS:  205 13:37:24     -205.179736        0.005223
BFGS:  206 13:37:24     -205.179777        0.005339
BFGS:  207 13:37:24     -205.179813        0.005828
BFGS:  208 13:37:24     -205.179834        0.006674
BFGS:  209 13:37:24     -205.179849        0.006415
BFGS:  210 13:37:24     -205.179870        0.005045
BFGS:  211 13:37:24     -205.179898        0.004646
BFGS:  212 13:37:25     -205.179922        0.004667
BFGS:  213 13:37:25     -205.179932        0.004781
BFGS:  214 13:37:25     -205.179936        0.004862
BFGS:  215 13:37:25     -205.179941        0.004935
BFGS:  216 13:37:25     -205.179952        0.005023
BFGS:  217 13:37:25     -205.179972        0.005076
BFGS:  218 13:37:25     -205.179998        0.005012
BFGS:  219 13:37:25     -205.180019        0.005704
BFGS:  220 13:37:26     -205.180033        0.006349
BFGS:  221 13:37:26     -205.180048        0.006249
BFGS:  222 13:37:26     -205.180078        0.005449
BFGS:  223 13:37:26     -205.180143        0.005831
BFGS:  224 13:37:26     -205.180256        0.008377
BFGS:  225 13:37:26     -205.180389        0.011792
BFGS:  226 13:37:26     -205.180485        0.011628
BFGS:  227 13:37:26     -205.180541        0.010233
BFGS:  228 13:37:27     -205.180602        0.009644
BFGS:  229 13:37:27     -205.180719        0.008181
BFGS:  230 13:37:27     -205.180912        0.008902
BFGS:  231 13:37:27     -205.181129        0.011348
BFGS:  232 13:37:27     -205.181270        0.012822
BFGS:  233 13:37:27     -205.181347        0.012433
BFGS:  234 13:37:27     -205.181440        0.011608
BFGS:  235 13:37:27     -205.181629        0.010842
BFGS:  236 13:37:28     -205.182010        0.016821
BFGS:  237 13:37:28     -205.182511        0.026608
BFGS:  238 13:37:28     -205.183049        0.031942
BFGS:  239 13:37:28     -205.183494        0.031811
BFGS:  240 13:37:28     -205.183935        0.032081
BFGS:  241 13:37:28     -205.184348        0.028346
BFGS:  242 13:37:28     -205.185118        0.025536
BFGS:  243 13:37:28     -205.185923        0.024652
BFGS:  244 13:37:28     -205.186698        0.028293
BFGS:  245 13:37:29     -205.187435        0.027636
BFGS:  246 13:37:29     -205.187738        0.025878
BFGS:  247 13:37:29     -205.188184        0.021169
BFGS:  248 13:37:29     -205.188595        0.020059
BFGS:  249 13:37:29     -205.189237        0.014105
BFGS:  250 13:37:29     -205.189678        0.013746
BFGS:  251 13:37:29     -205.189929        0.015061
BFGS:  252 13:37:29     -205.190126        0.014191
BFGS:  253 13:37:30     -205.190286        0.012520
BFGS:  254 13:37:30     -205.190451        0.011327
BFGS:  255 13:37:30     -205.190559        0.008563
BFGS:  256 13:37:30     -205.190628        0.007447
BFGS:  257 13:37:30     -205.190703        0.006635
BFGS:  258 13:37:30     -205.190800        0.006522
BFGS:  259 13:37:30     -205.190896        0.009167
BFGS:  260 13:37:30     -205.190963        0.011141
BFGS:  261 13:37:31     -205.191005        0.011075
BFGS:  262 13:37:31     -205.191053        0.009745
BFGS:  263 13:37:31     -205.191132        0.006880
BFGS:  264 13:37:31     -205.191220        0.004371
BFGS:  265 13:37:31     -205.191271        0.003372
BFGS:  266 13:37:31     -205.191285        0.003320
BFGS:  267 13:37:31     -205.191289        0.003023
BFGS:  268 13:37:31     -205.191295        0.002538
BFGS:  269 13:37:32     -205.191305        0.002030
BFGS:  270 13:37:32     -205.191320        0.001971
BFGS:  271 13:37:32     -205.191334        0.003207
BFGS:  272 13:37:32     -205.191341        0.003495
BFGS:  273 13:37:32     -205.191345        0.003114
BFGS:  274 13:37:32     -205.191350        0.002362
BFGS:  275 13:37:32     -205.191356        0.001835
BFGS:  276 13:37:32     -205.191363        0.001570
BFGS:  277 13:37:33     -205.191369        0.002137
BFGS:  278 13:37:33     -205.191373        0.002420
BFGS:  279 13:37:33     -205.191375        0.002296
BFGS:  280 13:37:33     -205.191377        0.001968
BFGS:  281 13:37:33     -205.191381        0.001675
BFGS:  282 13:37:33     -205.191385        0.001638
BFGS:  283 13:37:33     -205.191389        0.001599
BFGS:  284 13:37:33     -205.191391        0.001584
BFGS:  285 13:37:34     -205.191392        0.001587
BFGS:  286 13:37:34     -205.191392        0.001592
BFGS:  287 13:37:34     -205.191394        0.001599
BFGS:  288 13:37:34     -205.191396        0.001602
BFGS:  289 13:37:34     -205.191398        0.001590
BFGS:  290 13:37:34     -205.191401        0.001902
BFGS:  291 13:37:34     -205.191402        0.002058
BFGS:  292 13:37:34     -205.191404        0.002176
BFGS:  293 13:37:35     -205.191408        0.002480
BFGS:  294 13:37:35     -205.191416        0.002657
BFGS:  295 13:37:35     -205.191429        0.002579
BFGS:  296 13:37:35     -205.191442        0.003648
BFGS:  297 13:37:35     -205.191450        0.003455
BFGS:  298 13:37:35     -205.191454        0.003105
BFGS:  299 13:37:35     -205.191459        0.002575
BFGS:  300 13:37:35     -205.191468        0.002506
BFGS:  301 13:37:36     -205.191481        0.002821
BFGS:  302 13:37:36     -205.191493        0.003063
BFGS:  303 13:37:36     -205.191499        0.002720
BFGS:  304 13:37:36     -205.191502        0.002330
BFGS:  305 13:37:36     -205.191506        0.002232
BFGS:  306 13:37:36     -205.191515        0.001817
BFGS:  307 13:37:36     -205.191524        0.001826
BFGS:  308 13:37:36     -205.191531        0.001961
BFGS:  309 13:37:36     -205.191533        0.001703
BFGS:  310 13:37:37     -205.191534        0.001437
BFGS:  311 13:37:37     -205.191536        0.001242
BFGS:  312 13:37:37     -205.191540        0.001574
BFGS:  313 13:37:37     -205.191547        0.002142
BFGS:  314 13:37:37     -205.191554        0.001954
BFGS:  315 13:37:37     -205.191557        0.001710
BFGS:  316 13:37:37     -205.191559        0.001703
BFGS:  317 13:37:37     -205.191560        0.001582
BFGS:  318 13:37:38     -205.191563        0.001325
BFGS:  319 13:37:38     -205.191568        0.001644
BFGS:  320 13:37:38     -205.191572        0.001604
BFGS:  321 13:37:38     -205.191573        0.001368
BFGS:  322 13:37:38     -205.191574        0.001091
BFGS:  323 13:37:38     -205.191574        0.000889
