      Step     Time          Energy          fmax
BFGS:    0 22:12:43     -146.356188        7.901467
BFGS:    1 22:12:43     -166.609540        4.550798
BFGS:    2 22:12:43     -180.582687        2.261288
BFGS:    3 22:12:43     -187.691179        1.241340
BFGS:    4 22:12:44     -192.673849        0.912674
BFGS:    5 22:12:44     -195.912357        0.612285
BFGS:    6 22:12:44     -197.533219        0.574351
BFGS:    7 22:12:44     -198.006080        0.723658
BFGS:    8 22:12:44     -198.373476        0.779166
BFGS:    9 22:12:44     -199.661798        0.766107
BFGS:   10 22:12:44     -200.699205        0.529350
BFGS:   11 22:12:44     -201.542009        0.306158
BFGS:   12 22:12:45     -201.858596        0.383214
BFGS:   13 22:12:45     -201.931685        0.403607
BFGS:   14 22:12:45     -202.040200        0.417223
BFGS:   15 22:12:45     -202.263013        0.416169
BFGS:   16 22:12:45     -202.547183        0.385178
BFGS:   17 22:12:45     -202.729540        0.336449
BFGS:   18 22:12:45     -202.768987        0.317652
BFGS:   19 22:12:45     -202.786324        0.311854
BFGS:   20 22:12:46     -202.811164        0.307908
BFGS:   21 22:12:46     -202.875486        0.303118
BFGS:   22 22:12:46     -203.016958        0.301233
BFGS:   23 22:12:46     -203.190590        0.304675
BFGS:   24 22:12:46     -203.365375        0.308743
BFGS:   25 22:12:46     -203.529871        0.308275
BFGS:   26 22:12:46     -203.661064        0.307830
BFGS:   27 22:12:46     -203.727486        0.312889
BFGS:   28 22:12:47     -203.737058        0.316910
BFGS:   29 22:12:47     -203.789575        0.330010
BFGS:   30 22:12:47     -203.863384        0.331568
BFGS:   31 22:12:47     -203.976664        0.318683
BFGS:   32 22:12:47     -204.074564        0.299498
BFGS:   33 22:12:47     -204.163130        0.278633
BFGS:   34 22:12:47     -204.240916        0.257043
BFGS:   35 22:12:47     -204.305985        0.234328
BFGS:   36 22:12:48     -204.356680        0.210315
BFGS:   37 22:12:48     -204.393338        0.185470
BFGS:   38 22:12:48     -204.420271        0.206468
BFGS:   39 22:12:48     -204.454004        0.222016
BFGS:   40 22:12:48     -204.518825        0.224154
BFGS:   41 22:12:48     -204.596042        0.211025
BFGS:   42 22:12:48     -204.681931        0.186473
BFGS:   43 22:12:49     -204.771961        0.151370
BFGS:   44 22:12:49     -204.859453        0.104275
BFGS:   45 22:12:49     -204.931664        0.075674
BFGS:   46 22:12:49     -204.955611        0.047289
BFGS:   47 22:12:49     -204.958539        0.044523
BFGS:   48 22:12:49     -204.961350        0.053517
BFGS:   49 22:12:49     -204.963156        0.057094
BFGS:   50 22:12:49     -204.969868        0.064626
BFGS:   51 22:12:50     -204.980129        0.068961
BFGS:   52 22:12:50     -204.993873        0.065852
BFGS:   53 22:12:50     -205.002115        0.055563
BFGS:   54 22:12:50     -205.004807        0.047882
BFGS:   55 22:12:50     -205.005920        0.044861
BFGS:   56 22:12:50     -205.008044        0.041278
BFGS:   57 22:12:50     -205.012697        0.039113
BFGS:   58 22:12:50     -205.021115        0.043608
BFGS:   59 22:12:51     -205.030648        0.049409
BFGS:   60 22:12:51     -205.035519        0.050507
BFGS:   61 22:12:51     -205.036538        0.049214
BFGS:   62 22:12:51     -205.036740        0.048538
BFGS:   63 22:12:51     -205.037037        0.047927
BFGS:   64 22:12:51     -205.037865        0.046935
BFGS:   65 22:12:51     -205.039804        0.045649
BFGS:   66 22:12:51     -205.044165        0.044098
BFGS:   67 22:12:52     -205.051806        0.042639
BFGS:   68 22:12:52     -205.060499        0.041626
BFGS:   69 22:12:52     -205.065758        0.041923
BFGS:   70 22:12:52     -205.067526        0.042920
BFGS:   71 22:12:52     -205.068459        0.043301
BFGS:   72 22:12:52     -205.070232        0.043001
BFGS:   73 22:12:52     -205.072970        0.040896
BFGS:   74 22:12:52     -205.075939        0.040548
BFGS:   75 22:12:53     -205.077890        0.052833
BFGS:   76 22:12:53     -205.079228        0.051964
BFGS:   77 22:12:53     -205.080955        0.043796
BFGS:   78 22:12:53     -205.083985        0.026508
BFGS:   79 22:12:53     -205.087997        0.023153
BFGS:   80 22:12:53     -205.091013        0.024615
BFGS:   81 22:12:53     -205.092158        0.024350
BFGS:   82 22:12:53     -205.092594        0.023625
BFGS:   83 22:12:54     -205.093249        0.022473
BFGS:   84 22:12:54     -205.094854        0.020254
BFGS:   85 22:12:54     -205.098319        0.024218
BFGS:   86 22:12:54     -205.104341        0.035611
BFGS:   87 22:12:54     -205.110903        0.046449
BFGS:   88 22:12:54     -205.114637        0.045682
BFGS:   89 22:12:54     -205.115768        0.039264
BFGS:   90 22:12:54     -205.116303        0.032501
BFGS:   91 22:12:55     -205.117154        0.019727
BFGS:   92 22:12:55     -205.118050        0.019760
BFGS:   93 22:12:55     -205.118601        0.021918
BFGS:   94 22:12:55     -205.118807        0.023433
BFGS:   95 22:12:55     -205.118986        0.024425
BFGS:   96 22:12:55     -205.119430        0.025880
BFGS:   97 22:12:55     -205.120492        0.027805
BFGS:   98 22:12:55     -205.123038        0.030031
BFGS:   99 22:12:56     -205.128268        0.040764
BFGS:  100 22:12:56     -205.134521        0.053380
BFGS:  101 22:12:56     -205.139352        0.045352
BFGS:  102 22:12:56     -205.141612        0.032526
BFGS:  103 22:12:56     -205.141955        0.028549
BFGS:  104 22:12:56     -205.142693        0.022964
BFGS:  105 22:12:56     -205.143195        0.023259
BFGS:  106 22:12:56     -205.143828        0.023726
BFGS:  107 22:12:57     -205.144151        0.023945
BFGS:  108 22:12:57     -205.144377        0.024121
BFGS:  109 22:12:57     -205.144645        0.024391
BFGS:  110 22:12:57     -205.145180        0.025010
BFGS:  111 22:12:57     -205.146352        0.026489
BFGS:  112 22:12:57     -205.147982        0.029224
BFGS:  113 22:12:57     -205.149252        0.029000
BFGS:  114 22:12:57     -205.152557        0.028114
BFGS:  115 22:12:58     -205.153346        0.027384
BFGS:  116 22:12:58     -205.153583        0.027075
BFGS:  117 22:12:58     -205.153807        0.026825
BFGS:  118 22:12:58     -205.154376        0.026367
BFGS:  119 22:12:58     -205.155302        0.026522
BFGS:  120 22:12:58     -205.156460        0.026631
BFGS:  121 22:12:58     -205.157194        0.025864
BFGS:  122 22:12:58     -205.157494        0.025930
BFGS:  123 22:12:59     -205.157687        0.026184
BFGS:  124 22:12:59     -205.158093        0.026497
BFGS:  125 22:12:59     -205.159051        0.026660
BFGS:  126 22:12:59     -205.161205        0.026088
BFGS:  127 22:12:59     -205.165125        0.025554
BFGS:  128 22:12:59     -205.170001        0.027495
BFGS:  129 22:12:59     -205.172790        0.022371
BFGS:  130 22:12:59     -205.173373        0.017935
BFGS:  131 22:13:00     -205.173683        0.016436
BFGS:  132 22:13:00     -205.174119        0.016682
BFGS:  133 22:13:00     -205.174745        0.017059
BFGS:  134 22:13:00     -205.175835        0.016688
BFGS:  135 22:13:00     -205.176618        0.015893
BFGS:  136 22:13:00     -205.177030        0.015534
BFGS:  137 22:13:00     -205.177161        0.015125
BFGS:  138 22:13:00     -205.177206        0.014822
BFGS:  139 22:13:01     -205.177254        0.014512
BFGS:  140 22:13:01     -205.177354        0.013979
BFGS:  141 22:13:01     -205.177600        0.012862
BFGS:  142 22:13:01     -205.178136        0.010723
BFGS:  143 22:13:01     -205.179078        0.007265
BFGS:  144 22:13:01     -205.180082        0.009897
BFGS:  145 22:13:01     -205.180532        0.010538
BFGS:  146 22:13:02     -205.180629        0.009636
BFGS:  147 22:13:02     -205.180662        0.008909
BFGS:  148 22:13:02     -205.180724        0.007675
BFGS:  149 22:13:02     -205.180856        0.005307
BFGS:  150 22:13:02     -205.181060        0.004326
BFGS:  151 22:13:02     -205.181244        0.006133
BFGS:  152 22:13:02     -205.181318        0.006416
BFGS:  153 22:13:02     -205.181334        0.005554
BFGS:  154 22:13:03     -205.181343        0.004529
BFGS:  155 22:13:03     -205.181360        0.002796
BFGS:  156 22:13:03     -205.181380        0.002837
BFGS:  157 22:13:03     -205.181393        0.003976
BFGS:  158 22:13:03     -205.181399        0.003986
BFGS:  159 22:13:03     -205.181404        0.003397
BFGS:  160 22:13:03     -205.181410        0.003009
BFGS:  161 22:13:03     -205.181416        0.003001
BFGS:  162 22:13:04     -205.181420        0.002955
BFGS:  163 22:13:04     -205.181421        0.002920
BFGS:  164 22:13:04     -205.181422        0.002900
BFGS:  165 22:13:04     -205.181423        0.002868
BFGS:  166 22:13:04     -205.181427        0.002816
BFGS:  167 22:13:04     -205.181437        0.002729
BFGS:  168 22:13:04     -205.181457        0.003187
BFGS:  169 22:13:04     -205.181489        0.004913
BFGS:  170 22:13:05     -205.181520        0.005543
BFGS:  171 22:13:05     -205.181535        0.004722
BFGS:  172 22:13:05     -205.181542        0.003592
BFGS:  173 22:13:05     -205.181550        0.002588
BFGS:  174 22:13:05     -205.181564        0.002611
BFGS:  175 22:13:05     -205.181586        0.005200
BFGS:  176 22:13:05     -205.181608        0.007952
BFGS:  177 22:13:05     -205.181626        0.008656
BFGS:  178 22:13:06     -205.181644        0.007930
BFGS:  179 22:13:06     -205.181674        0.006592
BFGS:  180 22:13:06     -205.181728        0.006707
BFGS:  181 22:13:06     -205.181801        0.006768
BFGS:  182 22:13:06     -205.181855        0.006124
BFGS:  183 22:13:06     -205.181877        0.004996
BFGS:  184 22:13:06     -205.181887        0.004184
BFGS:  185 22:13:06     -205.181900        0.003196
BFGS:  186 22:13:07     -205.181921        0.002942
BFGS:  187 22:13:07     -205.181944        0.005064
BFGS:  188 22:13:07     -205.181959        0.005985
BFGS:  189 22:13:07     -205.181970        0.005487
BFGS:  190 22:13:07     -205.181984        0.005454
BFGS:  191 22:13:07     -205.182010        0.004931
BFGS:  192 22:13:07     -205.182046        0.004290
BFGS:  193 22:13:07     -205.182076        0.004045
BFGS:  194 22:13:08     -205.182087        0.003967
BFGS:  195 22:13:08     -205.182090        0.003897
BFGS:  196 22:13:08     -205.182092        0.003850
BFGS:  197 22:13:08     -205.182097        0.003800
BFGS:  198 22:13:08     -205.182105        0.003795
BFGS:  199 22:13:08     -205.182112        0.003870
BFGS:  200 22:13:08     -205.182118        0.003982
BFGS:  201 22:13:08     -205.182122        0.004086
BFGS:  202 22:13:09     -205.182130        0.004218
BFGS:  203 22:13:09     -205.182148        0.004430
BFGS:  204 22:13:09     -205.182189        0.005803
BFGS:  205 22:13:09     -205.182266        0.008719
BFGS:  206 22:13:09     -205.182370        0.010333
BFGS:  207 22:13:09     -205.182448        0.010688
BFGS:  208 22:13:09     -205.182486        0.009532
BFGS:  209 22:13:09     -205.182513        0.007992
BFGS:  210 22:13:10     -205.182553        0.005705
BFGS:  211 22:13:10     -205.182612        0.006806
BFGS:  212 22:13:10     -205.182679        0.009578
BFGS:  213 22:13:10     -205.182736        0.012981
BFGS:  214 22:13:10     -205.182800        0.014561
BFGS:  215 22:13:10     -205.182927        0.017450
BFGS:  216 22:13:10     -205.183103        0.021526
BFGS:  217 22:13:10     -205.183369        0.020599
BFGS:  218 22:13:11     -205.184220        0.022172
BFGS:  219 22:13:11     -205.185930        0.042629
BFGS:  220 22:13:11     -205.186617        0.048066
BFGS:  221 22:13:11     -205.187076        0.045089
BFGS:  222 22:13:11     -205.187467        0.037803
BFGS:  223 22:13:11     -205.187806        0.028101
BFGS:  224 22:13:11     -205.188305        0.013325
BFGS:  225 22:13:12     -205.188828        0.010292
BFGS:  226 22:13:12     -205.189108        0.015820
BFGS:  227 22:13:12     -205.189222        0.015351
BFGS:  228 22:13:12     -205.189321        0.013207
BFGS:  229 22:13:12     -205.189513        0.010124
BFGS:  230 22:13:12     -205.189840        0.009154
BFGS:  231 22:13:12     -205.190240        0.011788
BFGS:  232 22:13:12     -205.190504        0.013723
BFGS:  233 22:13:13     -205.190602        0.012140
BFGS:  234 22:13:13     -205.190657        0.010717
BFGS:  235 22:13:13     -205.190742        0.008479
BFGS:  236 22:13:13     -205.190850        0.007844
BFGS:  237 22:13:13     -205.190936        0.007884
BFGS:  238 22:13:13     -205.190975        0.009077
BFGS:  239 22:13:13     -205.190996        0.008398
BFGS:  240 22:13:13     -205.191025        0.006606
BFGS:  241 22:13:14     -205.191069        0.003489
BFGS:  242 22:13:14     -205.191112        0.003568
BFGS:  243 22:13:14     -205.191133        0.004796
BFGS:  244 22:13:14     -205.191144        0.005110
BFGS:  245 22:13:14     -205.191162        0.005439
BFGS:  246 22:13:14     -205.191197        0.005099
BFGS:  247 22:13:14     -205.191259        0.005140
BFGS:  248 22:13:14     -205.191332        0.006604
BFGS:  249 22:13:15     -205.191383        0.006552
BFGS:  250 22:13:15     -205.191414        0.005519
BFGS:  251 22:13:15     -205.191439        0.004184
BFGS:  252 22:13:15     -205.191463        0.003083
BFGS:  253 22:13:15     -205.191477        0.002204
BFGS:  254 22:13:15     -205.191481        0.001558
BFGS:  255 22:13:15     -205.191483        0.001481
BFGS:  256 22:13:15     -205.191485        0.001412
BFGS:  257 22:13:16     -205.191489        0.001489
BFGS:  258 22:13:16     -205.191493        0.001067
BFGS:  259 22:13:16     -205.191495        0.001156
BFGS:  260 22:13:16     -205.191496        0.001234
BFGS:  261 22:13:16     -205.191496        0.001189
BFGS:  262 22:13:16     -205.191498        0.000919
