      Step     Time          Energy          fmax
BFGS:    0 03:24:12       78.769371       47.381406
BFGS:    1 03:24:12      -83.048574       15.970738
BFGS:    2 03:24:12     -124.482582        9.515933
BFGS:    3 03:24:12     -154.636827        4.189283
BFGS:    4 03:24:12     -167.825761        1.863171
BFGS:    5 03:24:12     -173.477305        0.862189
BFGS:    6 03:24:12     -175.622146        1.057404
BFGS:    7 03:24:13     -176.551164        1.112940
BFGS:    8 03:24:13     -177.152540        1.064890
BFGS:    9 03:24:13     -177.710869        0.938530
BFGS:   10 03:24:13     -178.409120        0.748851
BFGS:   11 03:24:13     -179.594985        0.543563
BFGS:   12 03:24:13     -180.832720        0.627760
BFGS:   13 03:24:13     -181.271648        0.851329
BFGS:   14 03:24:13     -181.721135        0.789443
BFGS:   15 03:24:14     -182.643614        0.779342
BFGS:   16 03:24:14     -184.509418        0.665807
BFGS:   17 03:24:14     -186.328262        0.883920
BFGS:   18 03:24:14     -188.160288        0.967677
BFGS:   19 03:24:14     -188.631866        0.794780
BFGS:   20 03:24:14     -189.061815        0.645938
BFGS:   21 03:24:14     -189.643901        0.624211
BFGS:   22 03:24:14     -190.728044        0.699452
BFGS:   23 03:24:14     -191.486291        0.708406
BFGS:   24 03:24:15     -191.788047        0.624333
BFGS:   25 03:24:15     -192.065600        0.546241
BFGS:   26 03:24:15     -192.492590        0.518792
BFGS:   27 03:24:15     -192.983314        0.468047
BFGS:   28 03:24:15     -193.277155        0.428081
BFGS:   29 03:24:15     -193.453194        0.364576
BFGS:   30 03:24:15     -193.558219        0.367426
BFGS:   31 03:24:15     -193.722349        0.357827
BFGS:   32 03:24:16     -194.018422        0.431602
BFGS:   33 03:24:16     -194.384744        0.511047
BFGS:   34 03:24:16     -194.586016        0.621060
BFGS:   35 03:24:16     -194.780169        0.665381
BFGS:   36 03:24:16     -195.089948        0.577911
BFGS:   37 03:24:16     -195.370076        0.470406
BFGS:   38 03:24:16     -195.783037        0.510162
BFGS:   39 03:24:16     -196.016845        0.441309
BFGS:   40 03:24:17     -196.181265        0.394657
BFGS:   41 03:24:17     -196.343962        0.380365
BFGS:   42 03:24:17     -196.586305        0.416099
BFGS:   43 03:24:17     -197.180365        0.426771
BFGS:   44 03:24:17     -197.750045        0.375664
BFGS:   45 03:24:17     -198.096671        0.295469
BFGS:   46 03:24:17     -198.207984        0.258631
BFGS:   47 03:24:17     -198.313122        0.242129
BFGS:   48 03:24:18     -198.420355        0.233080
BFGS:   49 03:24:18     -198.670713        0.286354
BFGS:   50 03:24:18     -198.969668        0.412518
BFGS:   51 03:24:18     -199.319935        0.380762
BFGS:   52 03:24:18     -199.693794        0.209471
BFGS:   53 03:24:18     -199.775601        0.193510
BFGS:   54 03:24:18     -199.804358        0.184027
BFGS:   55 03:24:18     -199.840363        0.170603
BFGS:   56 03:24:19     -199.908101        0.176219
BFGS:   57 03:24:19     -200.012728        0.223483
BFGS:   58 03:24:19     -200.105705        0.174831
BFGS:   59 03:24:19     -200.145653        0.136281
BFGS:   60 03:24:19     -200.161503        0.141891
BFGS:   61 03:24:19     -200.181092        0.143905
BFGS:   62 03:24:19     -200.218961        0.191745
BFGS:   63 03:24:19     -200.286157        0.264721
BFGS:   64 03:24:20     -200.367454        0.262277
BFGS:   65 03:24:20     -200.441158        0.155324
BFGS:   66 03:24:20     -200.468956        0.116464
BFGS:   67 03:24:20     -200.478686        0.115505
BFGS:   68 03:24:20     -200.500480        0.114499
BFGS:   69 03:24:20     -200.538736        0.142793
BFGS:   70 03:24:20     -200.604045        0.173284
BFGS:   71 03:24:20     -200.668962        0.139402
BFGS:   72 03:24:20     -200.693651        0.100161
BFGS:   73 03:24:21     -200.701182        0.102759
BFGS:   74 03:24:21     -200.707976        0.103773
BFGS:   75 03:24:21     -200.723962        0.105072
BFGS:   76 03:24:21     -200.756062        0.115090
BFGS:   77 03:24:21     -200.809196        0.141588
BFGS:   78 03:24:21     -200.856171        0.124497
BFGS:   79 03:24:21     -200.882625        0.097885
BFGS:   80 03:24:21     -200.891105        0.097995
BFGS:   81 03:24:22     -200.898813        0.098235
BFGS:   82 03:24:22     -200.908056        0.098937
BFGS:   83 03:24:22     -200.939697        0.099764
BFGS:   84 03:24:22     -200.995180        0.120641
BFGS:   85 03:24:22     -201.045450        0.130725
BFGS:   86 03:24:22     -201.090436        0.134500
BFGS:   87 03:24:22     -201.129813        0.135680
BFGS:   88 03:24:22     -201.168292        0.116771
BFGS:   89 03:24:23     -201.199940        0.099717
BFGS:   90 03:24:23     -201.214086        0.104444
BFGS:   91 03:24:23     -201.222276        0.111013
BFGS:   92 03:24:23     -201.238996        0.113879
BFGS:   93 03:24:23     -201.305357        0.111486
BFGS:   94 03:24:23     -201.354450        0.108078
BFGS:   95 03:24:23     -201.393496        0.107417
BFGS:   96 03:24:23     -201.425283        0.107908
BFGS:   97 03:24:24     -201.463087        0.106126
BFGS:   98 03:24:24     -201.491678        0.099901
BFGS:   99 03:24:24     -201.500564        0.095182
BFGS:  100 03:24:24     -201.505934        0.091159
BFGS:  101 03:24:24     -201.510336        0.087068
BFGS:  102 03:24:24     -201.522857        0.077188
BFGS:  103 03:24:24     -201.538534        0.068482
BFGS:  104 03:24:24     -201.559902        0.063071
BFGS:  105 03:24:25     -201.574171        0.064402
BFGS:  106 03:24:25     -201.582075        0.069142
BFGS:  107 03:24:25     -201.589442        0.075438
BFGS:  108 03:24:25     -201.594933        0.080063
BFGS:  109 03:24:25     -201.598983        0.081328
BFGS:  110 03:24:25     -201.602917        0.079857
BFGS:  111 03:24:25     -201.609452        0.075093
BFGS:  112 03:24:25     -201.621326        0.065565
BFGS:  113 03:24:26     -201.637680        0.052035
BFGS:  114 03:24:26     -201.649378        0.047594
BFGS:  115 03:24:26     -201.653186        0.043772
BFGS:  116 03:24:26     -201.654532        0.043749
BFGS:  117 03:24:26     -201.656255        0.046108
BFGS:  118 03:24:26     -201.660321        0.049853
BFGS:  119 03:24:26     -201.668594        0.053454
BFGS:  120 03:24:26     -201.681729        0.059696
BFGS:  121 03:24:26     -201.693666        0.058222
BFGS:  122 03:24:27     -201.703310        0.051787
BFGS:  123 03:24:27     -201.708232        0.051150
BFGS:  124 03:24:27     -201.709775        0.049816
BFGS:  125 03:24:27     -201.714992        0.044777
BFGS:  126 03:24:27     -201.723344        0.046063
BFGS:  127 03:24:27     -201.734223        0.054849
BFGS:  128 03:24:27     -201.747605        0.064667
BFGS:  129 03:24:27     -201.762035        0.067512
BFGS:  130 03:24:28     -201.774712        0.060419
BFGS:  131 03:24:28     -201.780655        0.057258
BFGS:  132 03:24:28     -201.782156        0.053826
BFGS:  133 03:24:28     -201.784424        0.047328
BFGS:  134 03:24:28     -201.786680        0.042929
BFGS:  135 03:24:28     -201.793028        0.040776
BFGS:  136 03:24:28     -201.804213        0.055719
BFGS:  137 03:24:28     -201.811753        0.056079
BFGS:  138 03:24:29     -201.818288        0.045577
BFGS:  139 03:24:29     -201.823367        0.040756
BFGS:  140 03:24:29     -201.824462        0.044406
BFGS:  141 03:24:29     -201.825454        0.047364
BFGS:  142 03:24:29     -201.826702        0.049358
BFGS:  143 03:24:29     -201.830488        0.052040
BFGS:  144 03:24:29     -201.837290        0.052529
BFGS:  145 03:24:29     -201.845405        0.048284
BFGS:  146 03:24:30     -201.850620        0.041249
BFGS:  147 03:24:30     -201.852163        0.037957
BFGS:  148 03:24:30     -201.852544        0.037582
BFGS:  149 03:24:30     -201.853160        0.037830
BFGS:  150 03:24:30     -201.854641        0.038607
BFGS:  151 03:24:30     -201.857903        0.040310
BFGS:  152 03:24:30     -201.863573        0.042464
BFGS:  153 03:24:30     -201.869678        0.043706
BFGS:  154 03:24:31     -201.873080        0.043146
BFGS:  155 03:24:31     -201.874006        0.042058
BFGS:  156 03:24:31     -201.874310        0.041398
BFGS:  157 03:24:31     -201.874948        0.040318
BFGS:  158 03:24:31     -201.876206        0.038959
BFGS:  159 03:24:31     -201.878601        0.071179
BFGS:  160 03:24:31     -201.881953        0.117970
BFGS:  161 03:24:31     -201.885253        0.143078
BFGS:  162 03:24:32     -201.887830        0.130415
BFGS:  163 03:24:32     -201.890021        0.090849
BFGS:  164 03:24:32     -201.892219        0.040945
BFGS:  165 03:24:32     -201.894224        0.039957
BFGS:  166 03:24:32     -201.895595        0.049502
BFGS:  167 03:24:32     -201.896713        0.060741
BFGS:  168 03:24:32     -201.898483        0.065329
BFGS:  169 03:24:32     -201.902262        0.066779
BFGS:  170 03:24:33     -201.909698        0.072107
BFGS:  171 03:24:33     -201.918137        0.073013
BFGS:  172 03:24:33     -201.927548        0.075827
BFGS:  173 03:24:33     -201.937512        0.085741
BFGS:  174 03:24:33     -201.947521        0.097348
BFGS:  175 03:24:33     -201.957200        0.105724
BFGS:  176 03:24:33     -201.966204        0.109499
BFGS:  177 03:24:33     -201.974363        0.106713
BFGS:  178 03:24:34     -201.981644        0.108050
BFGS:  179 03:24:34     -201.988343        0.107766
BFGS:  180 03:24:34     -201.994880        0.106797
BFGS:  181 03:24:34     -202.001603        0.105546
BFGS:  182 03:24:34     -202.008690        0.104045
BFGS:  183 03:24:34     -202.016232        0.103066
BFGS:  184 03:24:34     -202.024227        0.103432
BFGS:  185 03:24:34     -202.032681        0.113359
BFGS:  186 03:24:34     -202.041545        0.124994
BFGS:  187 03:24:35     -202.050796        0.136752
BFGS:  188 03:24:35     -202.060383        0.148528
BFGS:  189 03:24:35     -202.070304        0.160318
BFGS:  190 03:24:35     -202.080507        0.172036
BFGS:  191 03:24:35     -202.091019        0.183737
BFGS:  192 03:24:35     -202.101740        0.195377
BFGS:  193 03:24:35     -202.112612        0.206931
BFGS:  194 03:24:35     -202.124078        0.217720
BFGS:  195 03:24:36     -202.137155        0.227821
BFGS:  196 03:24:36     -202.152270        0.236947
BFGS:  197 03:24:36     -202.169432        0.244333
BFGS:  198 03:24:36     -202.188302        0.250999
BFGS:  199 03:24:36     -202.208477        0.257194
BFGS:  200 03:24:36     -202.228501        0.275238
BFGS:  201 03:24:36     -202.248017        0.275612
BFGS:  202 03:24:36     -202.266922        0.287081
BFGS:  203 03:24:37     -202.285745        0.302061
BFGS:  204 03:24:37     -202.304458        0.317362
BFGS:  205 03:24:37     -202.322954        0.330777
BFGS:  206 03:24:37     -202.341335        0.344080
BFGS:  207 03:24:37     -202.359507        0.354805
BFGS:  208 03:24:37     -202.377578        0.365641
BFGS:  209 03:24:37     -202.395479        0.373702
BFGS:  210 03:24:37     -202.413285        0.382066
BFGS:  211 03:24:38     -202.430966        0.387805
BFGS:  212 03:24:38     -202.448559        0.393908
BFGS:  213 03:24:38     -202.466063        0.397686
BFGS:  214 03:24:38     -202.483578        0.401900
BFGS:  215 03:24:38     -202.501124        0.404708
BFGS:  216 03:24:38     -202.518768        0.408628
BFGS:  217 03:24:38     -202.536559        0.412594
BFGS:  218 03:24:47     -202.554437        0.417362
BFGS:  219 03:24:47     -202.572391        0.422626
BFGS:  220 03:24:48     -202.590413        0.428831
BFGS:  221 03:24:48     -202.608547        0.434972
BFGS:  222 03:24:48     -202.626855        0.440949
BFGS:  223 03:24:48     -202.645425        0.445510
BFGS:  224 03:24:48     -202.664323        0.448967
BFGS:  225 03:24:48     -202.683588        0.450232
BFGS:  226 03:24:48     -202.703253        0.450385
BFGS:  227 03:24:48     -202.723380        0.448528
BFGS:  228 03:24:49     -202.744165        0.446527
BFGS:  229 03:24:49     -202.766026        0.443325
BFGS:  230 03:24:49     -202.789443        0.442046
BFGS:  231 03:24:49     -202.814734        0.438744
BFGS:  232 03:24:49     -202.841730        0.438770
BFGS:  233 03:24:49     -202.870418        0.433041
BFGS:  234 03:24:49     -202.900323        0.431249
BFGS:  235 03:24:49     -202.931406        0.424193
BFGS:  236 03:24:50     -202.963412        0.417134
BFGS:  237 03:24:50     -202.995697        0.409178
BFGS:  238 03:24:50     -203.031930        0.408225
BFGS:  239 03:24:50     -203.140635        0.385405
BFGS:  240 03:24:50     -203.234217        0.356084
BFGS:  241 03:24:50     -203.298654        0.321513
BFGS:  242 03:24:50     -203.376150        0.280417
BFGS:  243 03:24:50     -203.463674        0.243007
BFGS:  244 03:24:51     -203.542220        0.217547
BFGS:  245 03:24:51     -203.600762        0.269699
BFGS:  246 03:24:51     -203.654742        0.310066
BFGS:  247 03:24:51     -203.688692        0.316098
BFGS:  248 03:24:51     -203.741785        0.336104
BFGS:  249 03:24:51     -203.795170        0.315392
BFGS:  250 03:24:51     -203.877520        0.352736
BFGS:  251 03:24:51     -204.012409        0.434302
BFGS:  252 03:24:52     -204.173883        0.597875
BFGS:  253 03:24:52     -204.287958        0.724312
BFGS:  254 03:24:52     -204.375499        0.701548
BFGS:  255 03:24:52     -204.435725        0.434659
BFGS:  256 03:24:52     -204.479083        0.298000
BFGS:  257 03:24:52     -204.520678        0.201768
BFGS:  258 03:24:52     -204.560708        0.185102
BFGS:  259 03:24:52     -204.593956        0.166895
BFGS:  260 03:24:53     -204.617053        0.220682
BFGS:  261 03:24:53     -204.642958        0.250869
BFGS:  262 03:24:53     -204.664919        0.218079
BFGS:  263 03:24:53     -204.697564        0.215758
BFGS:  264 03:24:53     -204.734481        0.236026
BFGS:  265 03:24:53     -204.771722        0.210510
BFGS:  266 03:24:53     -204.804642        0.155441
BFGS:  267 03:24:53     -204.829537        0.153622
BFGS:  268 03:24:54     -204.847213        0.163193
BFGS:  269 03:24:54     -204.868543        0.164744
BFGS:  270 03:24:54     -204.889047        0.145021
BFGS:  271 03:24:54     -204.911932        0.112665
BFGS:  272 03:24:54     -204.929378        0.099764
BFGS:  273 03:24:54     -204.940930        0.093139
BFGS:  274 03:24:54     -204.950076        0.089150
BFGS:  275 03:24:54     -204.956708        0.090976
BFGS:  276 03:24:55     -204.961726        0.092639
BFGS:  277 03:24:55     -204.966536        0.092976
BFGS:  278 03:24:55     -204.970672        0.091938
BFGS:  279 03:24:55     -204.974743        0.089595
BFGS:  280 03:24:55     -204.978371        0.087159
BFGS:  281 03:24:55     -204.981311        0.085620
BFGS:  282 03:24:55     -204.983898        0.085596
BFGS:  283 03:24:55     -204.986397        0.086821
BFGS:  284 03:24:56     -204.989175        0.089060
BFGS:  285 03:24:56     -204.993080        0.091894
BFGS:  286 03:24:56     -204.998965        0.095196
BFGS:  287 03:24:56     -205.006858        0.132131
BFGS:  288 03:24:56     -205.015646        0.152254
BFGS:  289 03:24:56     -205.024087        0.148626
BFGS:  290 03:24:56     -205.032142        0.143570
BFGS:  291 03:24:56     -205.040718        0.109813
BFGS:  292 03:24:57     -205.050745        0.092492
BFGS:  293 03:24:57     -205.062152        0.096654
BFGS:  294 03:24:57     -205.073633        0.129156
BFGS:  295 03:24:57     -205.084009        0.175228
BFGS:  296 03:24:57     -205.093083        0.182901
BFGS:  297 03:24:57     -205.102946        0.157639
BFGS:  298 03:24:57     -205.116132        0.107073
BFGS:  299 03:24:57     -205.129904        0.100288
BFGS:  300 03:24:58     -205.144174        0.109555
BFGS:  301 03:24:58     -205.157455        0.120697
BFGS:  302 03:24:58     -205.168606        0.146805
BFGS:  303 03:24:58     -205.176262        0.144907
BFGS:  304 03:24:58     -205.186457        0.120292
BFGS:  305 03:24:58     -205.197255        0.111122
BFGS:  306 03:24:58     -205.209569        0.113173
BFGS:  307 03:24:58     -205.222401        0.110644
BFGS:  308 03:24:59     -205.233045        0.135570
BFGS:  309 03:24:59     -205.240090        0.129606
BFGS:  310 03:24:59     -205.249904        0.108027
BFGS:  311 03:24:59     -205.259748        0.095107
BFGS:  312 03:24:59     -205.270005        0.091949
BFGS:  313 03:24:59     -205.280304        0.120826
BFGS:  314 03:24:59     -205.291772        0.140755
BFGS:  315 03:24:59     -205.303796        0.145030
BFGS:  316 03:25:00     -205.315264        0.142349
BFGS:  317 03:25:00     -205.325650        0.178064
BFGS:  318 03:25:00     -205.337118        0.203612
BFGS:  319 03:25:00     -205.348797        0.198826
BFGS:  320 03:25:00     -205.366407        0.163073
BFGS:  321 03:25:00     -205.379631        0.129358
BFGS:  322 03:25:00     -205.390235        0.159529
BFGS:  323 03:25:00     -205.398387        0.160606
BFGS:  324 03:25:01     -205.407642        0.133212
BFGS:  325 03:25:01     -205.417100        0.117445
BFGS:  326 03:25:01     -205.426710        0.120801
BFGS:  327 03:25:01     -205.435290        0.113255
BFGS:  328 03:25:01     -205.442563        0.148712
BFGS:  329 03:25:01     -205.449808        0.172954
BFGS:  330 03:25:01     -205.457584        0.170657
BFGS:  331 03:25:01     -205.465558        0.119683
BFGS:  332 03:25:02     -205.473502        0.061867
BFGS:  333 03:25:02     -205.480992        0.070536
BFGS:  334 03:25:02     -205.487127        0.078552
BFGS:  335 03:25:02     -205.492041        0.090648
BFGS:  336 03:25:10     -205.496721        0.090875
BFGS:  337 03:25:10     -205.501607        0.088803
BFGS:  338 03:25:10     -205.507579        0.075256
BFGS:  339 03:25:10     -205.514334        0.085401
BFGS:  340 03:25:10     -205.519471        0.080687
BFGS:  341 03:25:11     -205.522536        0.062896
BFGS:  342 03:25:11     -205.524373        0.057249
BFGS:  343 03:25:11     -205.525850        0.056349
BFGS:  344 03:25:11     -205.527496        0.054946
BFGS:  345 03:25:11     -205.529385        0.053582
BFGS:  346 03:25:11     -205.531185        0.053300
BFGS:  347 03:25:11     -205.532583        0.054173
BFGS:  348 03:25:11     -205.533549        0.055714
BFGS:  349 03:25:12     -205.534427        0.057098
BFGS:  350 03:25:12     -205.535566        0.058433
BFGS:  351 03:25:12     -205.537108        0.058550
BFGS:  352 03:25:12     -205.538967        0.059232
BFGS:  353 03:25:12     -205.540735        0.078956
BFGS:  354 03:25:12     -205.542186        0.078365
BFGS:  355 03:25:12     -205.543646        0.064938
BFGS:  356 03:25:12     -205.545885        0.047129
BFGS:  357 03:25:13     -205.549446        0.050320
BFGS:  358 03:25:13     -205.553860        0.077633
BFGS:  359 03:25:13     -205.557677        0.111051
BFGS:  360 03:25:13     -205.560414        0.113266
BFGS:  361 03:25:13     -205.563165        0.095083
BFGS:  362 03:25:13     -205.567417        0.060802
BFGS:  363 03:25:13     -205.573500        0.055133
BFGS:  364 03:25:13     -205.579552        0.073728
BFGS:  365 03:25:14     -205.583374        0.092032
BFGS:  366 03:25:14     -205.585465        0.085050
BFGS:  367 03:25:14     -205.587561        0.067965
BFGS:  368 03:25:14     -205.590851        0.038567
BFGS:  369 03:25:14     -205.594651        0.032143
BFGS:  370 03:25:14     -205.597307        0.041509
BFGS:  371 03:25:14     -205.598504        0.041635
BFGS:  372 03:25:14     -205.599207        0.038999
BFGS:  373 03:25:15     -205.600125        0.032939
BFGS:  374 03:25:15     -205.601540        0.024574
BFGS:  375 03:25:15     -205.603186        0.027366
BFGS:  376 03:25:15     -205.604401        0.030402
BFGS:  377 03:25:15     -205.605016        0.028487
BFGS:  378 03:25:15     -205.605413        0.028486
BFGS:  379 03:25:15     -205.605952        0.028572
BFGS:  380 03:25:15     -205.606783        0.028589
BFGS:  381 03:25:16     -205.607752        0.034686
BFGS:  382 03:25:16     -205.608473        0.042211
BFGS:  383 03:25:16     -205.608898        0.036875
BFGS:  384 03:25:16     -205.609274        0.029103
BFGS:  385 03:25:16     -205.609843        0.029542
BFGS:  386 03:25:16     -205.610686        0.030175
BFGS:  387 03:25:16     -205.611587        0.036134
BFGS:  388 03:25:16     -205.612213        0.040609
BFGS:  389 03:25:17     -205.612626        0.034524
BFGS:  390 03:25:17     -205.613121        0.031187
BFGS:  391 03:25:17     -205.614011        0.031588
BFGS:  392 03:25:17     -205.615363        0.032350
BFGS:  393 03:25:17     -205.616827        0.048733
BFGS:  394 03:25:17     -205.618014        0.055011
BFGS:  395 03:25:17     -205.618883        0.047356
BFGS:  396 03:25:17     -205.619952        0.047239
BFGS:  397 03:25:18     -205.621890        0.046520
BFGS:  398 03:25:18     -205.624744        0.044100
BFGS:  399 03:25:18     -205.627733        0.074004
BFGS:  400 03:25:18     -205.629812        0.080416
BFGS:  401 03:25:18     -205.631710        0.080488
BFGS:  402 03:25:22     -205.634696        0.070180
BFGS:  403 03:25:22     -205.638912        0.055267
BFGS:  404 03:25:22     -205.643352        0.056502
BFGS:  405 03:25:22     -205.646288        0.066331
BFGS:  406 03:25:22     -205.648193        0.066068
BFGS:  407 03:25:22     -205.650355        0.063664
BFGS:  408 03:25:23     -205.654357        0.053741
BFGS:  409 03:25:23     -205.660945        0.062466
BFGS:  410 03:25:23     -205.667294        0.084388
BFGS:  411 03:25:23     -205.672240        0.092582
BFGS:  412 03:25:23     -205.675782        0.092139
BFGS:  413 03:25:23     -205.678621        0.079590
BFGS:  414 03:25:23     -205.682741        0.062242
BFGS:  415 03:25:23     -205.687387        0.051285
BFGS:  416 03:25:24     -205.691728        0.051165
BFGS:  417 03:25:24     -205.695525        0.052967
BFGS:  418 03:25:24     -205.699018        0.059050
BFGS:  419 03:25:24     -205.702708        0.061029
BFGS:  420 03:25:24     -205.705080        0.059540
BFGS:  421 03:25:24     -205.709087        0.053206
BFGS:  422 03:25:24     -205.713143        0.053729
BFGS:  423 03:25:25     -205.715844        0.051577
BFGS:  424 03:25:25     -205.717828        0.046628
BFGS:  425 03:25:25     -205.720018        0.038130
BFGS:  426 03:25:25     -205.722833        0.035269
BFGS:  427 03:25:25     -205.725855        0.034382
BFGS:  428 03:25:25     -205.728169        0.029724
BFGS:  429 03:25:25     -205.729121        0.029552
BFGS:  430 03:25:25     -205.729521        0.028801
BFGS:  431 03:25:26     -205.730128        0.026440
BFGS:  432 03:25:26     -205.731113        0.022021
BFGS:  433 03:25:26     -205.732297        0.029712
BFGS:  434 03:25:26     -205.733073        0.032879
BFGS:  435 03:25:26     -205.733426        0.030180
BFGS:  436 03:25:26     -205.733712        0.027111
BFGS:  437 03:25:26     -205.734193        0.019240
BFGS:  438 03:25:26     -205.734858        0.022831
BFGS:  439 03:25:27     -205.735443        0.028746
BFGS:  440 03:25:27     -205.735765        0.029220
BFGS:  441 03:25:27     -205.735967        0.027244
BFGS:  442 03:25:27     -205.736213        0.020405
BFGS:  443 03:25:27     -205.736550        0.016955
BFGS:  444 03:25:27     -205.736865        0.012398
BFGS:  445 03:25:27     -205.737057        0.016179
BFGS:  446 03:25:27     -205.737178        0.015818
BFGS:  447 03:25:28     -205.737317        0.013790
BFGS:  448 03:25:28     -205.737503        0.010585
BFGS:  449 03:25:28     -205.737725        0.009859
BFGS:  450 03:25:28     -205.737941        0.014990
BFGS:  451 03:25:28     -205.738124        0.019460
BFGS:  452 03:25:28     -205.738271        0.019693
BFGS:  453 03:25:28     -205.738399        0.017107
BFGS:  454 03:25:28     -205.738524        0.012382
BFGS:  455 03:25:29     -205.738673        0.010871
BFGS:  456 03:25:29     -205.738856        0.011899
BFGS:  457 03:25:29     -205.739032        0.018205
BFGS:  458 03:25:33     -205.739154        0.020497
BFGS:  459 03:25:33     -205.739240        0.018580
BFGS:  460 03:25:33     -205.739339        0.014332
BFGS:  461 03:25:33     -205.739482        0.011209
BFGS:  462 03:25:33     -205.739642        0.011414
BFGS:  463 03:25:33     -205.739753        0.011073
BFGS:  464 03:25:34     -205.739813        0.010607
BFGS:  465 03:25:34     -205.739864        0.010136
BFGS:  466 03:25:34     -205.739952        0.009606
BFGS:  467 03:25:34     -205.740104        0.009096
BFGS:  468 03:25:34     -205.740309        0.011290
BFGS:  469 03:25:34     -205.740477        0.014522
BFGS:  470 03:25:34     -205.740562        0.012811
BFGS:  471 03:25:34     -205.740611        0.010823
BFGS:  472 03:25:35     -205.740674        0.011240
BFGS:  473 03:25:35     -205.740774        0.011498
BFGS:  474 03:25:35     -205.740905        0.012814
BFGS:  475 03:25:35     -205.741020        0.019848
BFGS:  476 03:25:35     -205.741101        0.021638
BFGS:  477 03:25:35     -205.741174        0.019329
BFGS:  478 03:25:35     -205.741281        0.013186
BFGS:  479 03:25:35     -205.741444        0.009496
BFGS:  480 03:25:36     -205.741623        0.014977
BFGS:  481 03:25:36     -205.741750        0.018477
BFGS:  482 03:25:36     -205.741836        0.018976
BFGS:  483 03:25:36     -205.741941        0.016252
BFGS:  484 03:25:36     -205.742126        0.012070
BFGS:  485 03:25:36     -205.742418        0.012344
BFGS:  486 03:25:36     -205.742746        0.019119
BFGS:  487 03:25:37     -205.742993        0.023051
BFGS:  488 03:25:37     -205.743165        0.024221
BFGS:  489 03:25:37     -205.743369        0.021443
BFGS:  490 03:25:37     -205.743725        0.013430
BFGS:  491 03:25:37     -205.744217        0.014633
BFGS:  492 03:25:37     -205.744655        0.017816
BFGS:  493 03:25:37     -205.744910        0.021886
BFGS:  494 03:25:37     -205.745085        0.022799
BFGS:  495 03:25:38     -205.745310        0.020453
BFGS:  496 03:25:38     -205.745712        0.014922
BFGS:  497 03:25:38     -205.746318        0.014906
BFGS:  498 03:25:38     -205.746923        0.015933
BFGS:  499 03:25:38     -205.747283        0.022056
BFGS:  500 03:25:38     -205.747479        0.021817
BFGS:  501 03:25:38     -205.747661        0.018384
BFGS:  502 03:25:38     -205.747970        0.011541
BFGS:  503 03:25:39     -205.748460        0.013231
BFGS:  504 03:25:39     -205.749027        0.018798
BFGS:  505 03:25:39     -205.749423        0.024741
BFGS:  506 03:25:39     -205.749634        0.024263
BFGS:  507 03:25:39     -205.749823        0.021046
BFGS:  508 03:25:39     -205.750167        0.015740
BFGS:  509 03:25:39     -205.750776        0.018571
BFGS:  510 03:25:39     -205.751576        0.019605
BFGS:  511 03:25:40     -205.752174        0.020135
BFGS:  512 03:25:40     -205.752452        0.019236
BFGS:  513 03:25:40     -205.752638        0.018037
BFGS:  514 03:25:40     -205.752946        0.018242
BFGS:  515 03:25:40     -205.753494        0.024776
BFGS:  516 03:25:40     -205.754218        0.024656
BFGS:  517 03:25:40     -205.754778        0.017160
BFGS:  518 03:25:40     -205.755029        0.015524
BFGS:  519 03:25:41     -205.755129        0.014300
BFGS:  520 03:25:41     -205.755291        0.011964
BFGS:  521 03:25:41     -205.755617        0.009361
BFGS:  522 03:25:41     -205.756037        0.010135
BFGS:  523 03:25:41     -205.756353        0.012125
BFGS:  524 03:25:41     -205.756484        0.010944
BFGS:  525 03:25:41     -205.756552        0.010167
BFGS:  526 03:25:41     -205.756660        0.009839
BFGS:  527 03:25:42     -205.756879        0.009769
BFGS:  528 03:25:42     -205.757239        0.010006
BFGS:  529 03:25:42     -205.757614        0.011746
BFGS:  530 03:25:42     -205.757826        0.013914
BFGS:  531 03:25:42     -205.757920        0.013037
BFGS:  532 03:25:42     -205.758014        0.012129
BFGS:  533 03:25:42     -205.758199        0.013088
BFGS:  534 03:25:42     -205.758492        0.011631
BFGS:  535 03:25:43     -205.758797        0.011326
BFGS:  536 03:25:43     -205.758960        0.011809
BFGS:  537 03:25:43     -205.759022        0.011048
BFGS:  538 03:25:43     -205.759077        0.009309
BFGS:  539 03:25:43     -205.759186        0.006971
BFGS:  540 03:25:43     -205.759361        0.006862
BFGS:  541 03:25:43     -205.759544        0.008701
BFGS:  542 03:25:43     -205.759642        0.009013
BFGS:  543 03:25:44     -205.759680        0.007196
BFGS:  544 03:25:44     -205.759711        0.006598
BFGS:  545 03:25:44     -205.759770        0.005825
BFGS:  546 03:25:44     -205.759860        0.005169
BFGS:  547 03:25:44     -205.759945        0.005790
BFGS:  548 03:25:44     -205.759987        0.007321
BFGS:  549 03:25:44     -205.760003        0.006718
BFGS:  550 03:25:44     -205.760018        0.005589
BFGS:  551 03:25:45     -205.760048        0.003928
BFGS:  552 03:25:45     -205.760092        0.004316
BFGS:  553 03:25:45     -205.760137        0.005109
BFGS:  554 03:25:45     -205.760162        0.005010
BFGS:  555 03:25:45     -205.760174        0.004852
BFGS:  556 03:25:45     -205.760187        0.004314
BFGS:  557 03:25:45     -205.760208        0.003205
BFGS:  558 03:25:45     -205.760238        0.002895
BFGS:  559 03:25:46     -205.760264        0.003180
BFGS:  560 03:25:46     -205.760278        0.003738
BFGS:  561 03:25:46     -205.760285        0.003702
BFGS:  562 03:25:46     -205.760292        0.003364
BFGS:  563 03:25:46     -205.760306        0.002661
BFGS:  564 03:25:46     -205.760327        0.002239
BFGS:  565 03:25:46     -205.760348        0.002690
BFGS:  566 03:25:46     -205.760361        0.002793
BFGS:  567 03:25:47     -205.760366        0.002824
BFGS:  568 03:25:47     -205.760370        0.002686
BFGS:  569 03:25:47     -205.760377        0.002343
BFGS:  570 03:25:47     -205.760388        0.002008
BFGS:  571 03:25:47     -205.760401        0.002692
BFGS:  572 03:25:47     -205.760409        0.003383
BFGS:  573 03:25:47     -205.760413        0.003052
BFGS:  574 03:25:47     -205.760415        0.002414
BFGS:  575 03:25:48     -205.760421        0.002076
BFGS:  576 03:25:48     -205.760429        0.001861
BFGS:  577 03:25:48     -205.760439        0.002068
BFGS:  578 03:25:48     -205.760445        0.002388
BFGS:  579 03:25:48     -205.760448        0.002428
BFGS:  580 03:25:48     -205.760451        0.002363
BFGS:  581 03:25:48     -205.760455        0.001996
BFGS:  582 03:25:48     -205.760463        0.002010
BFGS:  583 03:25:49     -205.760473        0.002398
BFGS:  584 03:25:49     -205.760479        0.002113
BFGS:  585 03:25:49     -205.760482        0.001711
BFGS:  586 03:25:49     -205.760483        0.001659
BFGS:  587 03:25:49     -205.760486        0.001445
BFGS:  588 03:25:49     -205.760492        0.001417
BFGS:  589 03:25:49     -205.760498        0.001780
BFGS:  590 03:25:50     -205.760504        0.001683
BFGS:  591 03:25:50     -205.760506        0.001692
BFGS:  592 03:25:50     -205.760507        0.001666
BFGS:  593 03:25:50     -205.760509        0.001496
BFGS:  594 03:25:50     -205.760513        0.001502
BFGS:  595 03:25:50     -205.760518        0.001786
BFGS:  596 03:25:50     -205.760522        0.001478
BFGS:  597 03:25:50     -205.760524        0.001441
BFGS:  598 03:25:51     -205.760525        0.001284
BFGS:  599 03:25:51     -205.760526        0.001357
BFGS:  600 03:25:51     -205.760529        0.001300
BFGS:  601 03:25:51     -205.760533        0.001799
BFGS:  602 03:25:51     -205.760537        0.001815
BFGS:  603 03:25:51     -205.760539        0.001325
BFGS:  604 03:25:51     -205.760540        0.001184
BFGS:  605 03:25:51     -205.760540        0.001140
BFGS:  606 03:25:52     -205.760542        0.001126
BFGS:  607 03:25:52     -205.760546        0.001303
BFGS:  608 03:25:52     -205.760549        0.001524
BFGS:  609 03:25:52     -205.760550        0.001252
BFGS:  610 03:25:52     -205.760551        0.001056
BFGS:  611 03:25:52     -205.760552        0.001056
BFGS:  612 03:25:52     -205.760553        0.001050
BFGS:  613 03:25:52     -205.760555        0.001036
BFGS:  614 03:25:53     -205.760558        0.001291
BFGS:  615 03:25:53     -205.760559        0.001029
BFGS:  616 03:25:53     -205.760560        0.000977
