      Step     Time          Energy          fmax
BFGS:    0 02:49:48      307.219294       58.924960
BFGS:    1 02:49:48      146.382922       29.882912
BFGS:    2 02:49:48       72.935112       19.202370
BFGS:    3 02:49:48       22.421065       12.080058
BFGS:    4 02:49:48       -9.476235        7.291638
BFGS:    5 02:49:48      -26.813774        5.873642
BFGS:    6 02:49:48      -36.652710        5.324702
BFGS:    7 02:49:48      -42.505011        4.995161
BFGS:    8 02:49:48      -46.369478        4.750373
BFGS:    9 02:49:49      -49.365041        4.527222
BFGS:   10 02:49:49      -51.998967        4.301400
BFGS:   11 02:49:49      -54.447750        4.072930
BFGS:   12 02:49:49      -56.758891        3.842658
BFGS:   13 02:49:49      -58.938256        3.615166
BFGS:   14 02:49:49      -60.989762        3.394760
BFGS:   15 02:49:49      -62.913974        3.183959
BFGS:   16 02:49:49      -64.722811        3.025009
BFGS:   17 02:49:49      -66.423084        2.883459
BFGS:   18 02:49:49      -68.027692        2.750018
BFGS:   19 02:49:49      -69.545764        2.622679
BFGS:   20 02:49:49      -70.980988        2.499009
BFGS:   21 02:49:49      -72.335354        2.378800
BFGS:   22 02:49:49      -73.612213        2.262975
BFGS:   23 02:49:50      -74.814242        2.151112
BFGS:   24 02:49:50      -75.942780        2.042587
BFGS:   25 02:49:50      -77.000438        1.937702
BFGS:   26 02:49:50      -77.991024        1.837593
BFGS:   27 02:49:50      -78.918656        1.742089
BFGS:   28 02:49:50      -79.788301        1.650079
BFGS:   29 02:49:50      -80.605478        1.561496
BFGS:   30 02:49:50      -81.374880        1.476507
BFGS:   31 02:49:50      -82.100299        1.395057
BFGS:   32 02:49:50      -82.785209        1.317583
BFGS:   33 02:49:50      -83.432509        1.244940
BFGS:   34 02:49:50      -84.043717        1.176277
BFGS:   35 02:49:50      -84.619555        1.133437
BFGS:   36 02:49:51      -85.161117        1.100194
BFGS:   37 02:49:51      -85.669618        1.065707
BFGS:   38 02:49:51      -86.145941        1.030653
BFGS:   39 02:49:51      -86.591149        0.995664
BFGS:   40 02:49:51      -87.006575        0.961257
BFGS:   41 02:49:51      -87.393755        0.927907
BFGS:   42 02:49:51      -87.754211        0.896044
BFGS:   43 02:49:51      -88.089481        0.865740
BFGS:   44 02:49:51      -88.401433        0.836466
BFGS:   45 02:49:51      -88.692164        0.809197
BFGS:   46 02:49:51      -88.963286        0.791458
BFGS:   47 02:49:51      -89.215913        0.767003
BFGS:   48 02:49:51      -89.451155        0.736355
BFGS:   49 02:49:51      -89.670610        0.699370
BFGS:   50 02:49:52      -89.875590        0.655960
BFGS:   51 02:49:52      -90.066933        0.608490
BFGS:   52 02:49:52      -90.245457        0.564648
BFGS:   53 02:49:52      -90.412860        0.521102
BFGS:   54 02:49:52      -90.571908        0.503511
BFGS:   55 02:49:52      -90.725422        0.498347
BFGS:   56 02:49:52      -90.875510        0.490267
BFGS:   57 02:49:52      -91.024465        0.480319
BFGS:   58 02:49:52      -91.175226        0.469753
BFGS:   59 02:49:52      -91.331165        0.471716
BFGS:   60 02:49:52      -91.496566        0.497856
BFGS:   61 02:49:52      -91.676961        0.516958
BFGS:   62 02:49:52      -91.877943        0.516732
BFGS:   63 02:49:52      -92.095927        0.476647
BFGS:   64 02:49:53      -92.302401        0.506976
BFGS:   65 02:49:53      -92.436996        0.530998
BFGS:   66 02:49:53      -92.657967        0.548266
BFGS:   67 02:49:53      -92.906039        0.535809
BFGS:   68 02:49:53      -93.133382        0.476166
BFGS:   69 02:49:53      -93.306535        0.382979
BFGS:   70 02:49:53      -93.475606        0.370921
BFGS:   71 02:49:53      -93.591459        0.404790
BFGS:   72 02:49:53      -93.698261        0.416917
BFGS:   73 02:49:53      -93.798129        0.422261
BFGS:   74 02:49:53      -93.888545        0.438964
BFGS:   75 02:49:53      -93.974095        0.449099
BFGS:   76 02:49:53      -94.055994        0.450697
BFGS:   77 02:49:54      -94.133607        0.448850
BFGS:   78 02:49:54      -94.209100        0.441398
BFGS:   79 02:49:54      -94.283196        0.426207
BFGS:   80 02:49:54      -94.357459        0.397974
BFGS:   81 02:49:54      -94.438581        0.348028
BFGS:   82 02:49:54      -94.519661        0.289239
BFGS:   83 02:49:54      -94.593565        0.297140
BFGS:   84 02:49:54      -94.693990        0.306519
BFGS:   85 02:49:54      -94.790020        0.404282
BFGS:   86 02:49:54      -94.880156        0.406788
BFGS:   87 02:49:54      -94.965224        0.332573
BFGS:   88 02:49:54      -95.037046        0.281173
BFGS:   89 02:49:54      -95.106677        0.204543
BFGS:   90 02:49:54      -95.141686        0.188103
BFGS:   91 02:49:54      -95.178290        0.180659
BFGS:   92 02:49:56      -95.213636        0.169590
BFGS:   93 02:49:56      -95.254045        0.183471
BFGS:   94 02:49:56      -95.294476        0.258319
BFGS:   95 02:49:56      -95.363275        0.327809
BFGS:   96 02:49:56      -95.400448        0.303274
BFGS:   97 02:49:56      -95.435961        0.204672
BFGS:   98 02:49:56      -95.465009        0.177894
BFGS:   99 02:49:56      -95.491667        0.179035
BFGS:  100 02:49:56      -95.515839        0.183492
BFGS:  101 02:49:56      -95.532850        0.217472
BFGS:  102 02:49:56      -95.550131        0.229209
BFGS:  103 02:49:56      -95.570529        0.224022
BFGS:  104 02:49:56      -95.597259        0.193690
BFGS:  105 02:49:56      -95.634609        0.237835
BFGS:  106 02:49:57      -95.662052        0.316420
BFGS:  107 02:49:57      -95.684165        0.298361
BFGS:  108 02:49:57      -95.702409        0.218159
BFGS:  109 02:49:57      -95.722342        0.103775
BFGS:  110 02:49:57      -95.736214        0.129916
BFGS:  111 02:49:57      -95.745410        0.142145
BFGS:  112 02:49:57      -95.758530        0.134223
BFGS:  113 02:49:57      -95.786027        0.187541
BFGS:  114 02:49:57      -95.801057        0.156032
BFGS:  115 02:49:57      -95.842659        0.122887
BFGS:  116 02:49:57      -95.850242        0.094505
BFGS:  117 02:49:57      -95.854558        0.098200
BFGS:  118 02:50:00      -95.858801        0.099781
BFGS:  119 02:50:00      -95.867256        0.096814
BFGS:  120 02:50:00      -95.878786        0.090329
BFGS:  121 02:50:00      -95.889625        0.075075
BFGS:  122 02:50:00      -95.896235        0.070718
BFGS:  123 02:50:00      -95.900569        0.060813
BFGS:  124 02:50:01      -95.904722        0.081170
BFGS:  125 02:50:01      -95.909323        0.084539
BFGS:  126 02:50:01      -95.914135        0.073799
BFGS:  127 02:50:01      -95.919979        0.060305
BFGS:  128 02:50:01      -95.927456        0.076121
BFGS:  129 02:50:01      -95.934438        0.070888
BFGS:  130 02:50:01      -95.939082        0.053109
BFGS:  131 02:50:01      -95.941541        0.055371
BFGS:  132 02:50:01      -95.943582        0.058639
BFGS:  133 02:50:01      -95.946794        0.060765
BFGS:  134 02:50:01      -95.952124        0.060703
BFGS:  135 02:50:01      -95.959023        0.059860
BFGS:  136 02:50:01      -95.964941        0.057216
BFGS:  137 02:50:01      -95.968241        0.057143
BFGS:  138 02:50:02      -95.970097        0.051173
BFGS:  139 02:50:02      -95.972654        0.043444
BFGS:  140 02:50:02      -95.977075        0.047732
BFGS:  141 02:50:02      -95.983425        0.047291
BFGS:  142 02:50:02      -95.988906        0.056145
BFGS:  143 02:50:02      -95.991483        0.061384
BFGS:  144 02:50:02      -95.992549        0.060204
BFGS:  145 02:50:02      -95.993888        0.057265
BFGS:  146 02:50:02      -95.996481        0.049855
BFGS:  147 02:50:02      -96.000303        0.056157
BFGS:  148 02:50:02      -96.005981        0.052842
BFGS:  149 02:50:02      -96.008804        0.042308
BFGS:  150 02:50:02      -96.009846        0.041793
BFGS:  151 02:50:02      -96.010390        0.041454
BFGS:  152 02:50:02      -96.011446        0.040343
BFGS:  153 02:50:03      -96.013583        0.050942
BFGS:  154 02:50:03      -96.016889        0.059628
BFGS:  155 02:50:03      -96.020194        0.055271
BFGS:  156 02:50:03      -96.022381        0.048487
BFGS:  157 02:50:03      -96.023864        0.052264
BFGS:  158 02:50:03      -96.025541        0.053445
BFGS:  159 02:50:03      -96.029012        0.055292
BFGS:  160 02:50:03      -96.034845        0.066055
BFGS:  161 02:50:03      -96.041567        0.057002
BFGS:  162 02:50:03      -96.047309        0.053585
BFGS:  163 02:50:03      -96.053982        0.086655
BFGS:  164 02:50:03      -96.054526        0.112753
BFGS:  165 02:50:03      -96.055032        0.086457
BFGS:  166 02:50:03      -96.068988        0.090293
BFGS:  167 02:50:04      -96.070927        0.087031
BFGS:  168 02:50:04      -96.078561        0.074643
BFGS:  169 02:50:04      -96.092307        0.061086
BFGS:  170 02:50:04      -96.109539        0.055216
BFGS:  171 02:50:04      -96.121998        0.065215
BFGS:  172 02:50:04      -96.125238        0.063560
BFGS:  173 02:50:04      -96.126815        0.061121
BFGS:  174 02:50:04      -96.129623        0.058304
BFGS:  175 02:50:04      -96.133763        0.063119
BFGS:  176 02:50:04      -96.141525        0.055926
BFGS:  177 02:50:04      -96.146932        0.046423
BFGS:  178 02:50:04      -96.149041        0.047973
BFGS:  179 02:50:04      -96.149808        0.048199
BFGS:  180 02:50:04      -96.150840        0.048223
BFGS:  181 02:50:05      -96.152942        0.047302
BFGS:  182 02:50:05      -96.157346        0.045483
BFGS:  183 02:50:05      -96.164736        0.055571
BFGS:  184 02:50:05      -96.171840        0.051705
BFGS:  185 02:50:05      -96.174437        0.040916
BFGS:  186 02:50:05      -96.175469        0.038361
BFGS:  187 02:50:05      -96.176088        0.037256
BFGS:  188 02:50:05      -96.177706        0.037445
BFGS:  189 02:50:05      -96.180502        0.037149
BFGS:  190 02:50:05      -96.184511        0.036172
BFGS:  191 02:50:05      -96.187717        0.034406
BFGS:  192 02:50:05      -96.189091        0.033297
BFGS:  193 02:50:05      -96.189597        0.032768
BFGS:  194 02:50:05      -96.190336        0.032235
BFGS:  195 02:50:06      -96.192009        0.031164
BFGS:  196 02:50:06      -96.195302        0.036516
BFGS:  197 02:50:06      -96.199967        0.043994
BFGS:  198 02:50:06      -96.203550        0.039463
BFGS:  199 02:50:06      -96.205043        0.039164
BFGS:  200 02:50:06      -96.205760        0.038472
BFGS:  201 02:50:06      -96.206817        0.037357
BFGS:  202 02:50:06      -96.209235        0.036943
BFGS:  203 02:50:06      -96.214092        0.039957
BFGS:  204 02:50:06      -96.220270        0.042965
BFGS:  205 02:50:06      -96.226035        0.044618
BFGS:  206 02:50:06      -96.229831        0.039596
BFGS:  207 02:50:06      -96.230732        0.038000
BFGS:  208 02:50:06      -96.231464        0.034403
BFGS:  209 02:50:07      -96.232761        0.031348
BFGS:  210 02:50:07      -96.235938        0.038722
BFGS:  211 02:50:07      -96.243080        0.047217
BFGS:  212 02:50:07      -96.253536        0.058790
BFGS:  213 02:50:07      -96.262546        0.069038
BFGS:  214 02:50:07      -96.271168        0.077513
BFGS:  215 02:50:11      -96.279537        0.085693
BFGS:  216 02:50:11      -96.287532        0.092620
BFGS:  217 02:50:11      -96.295208        0.097273
BFGS:  218 02:50:11      -96.302893        0.104224
BFGS:  219 02:50:11      -96.310893        0.111365
BFGS:  220 02:50:11      -96.318742        0.115899
BFGS:  221 02:50:11      -96.326637        0.119220
BFGS:  222 02:50:11      -96.334059        0.125802
BFGS:  223 02:50:11      -96.341584        0.134470
BFGS:  224 02:50:11      -96.356455        0.141559
BFGS:  225 02:50:11      -96.377308        0.154309
BFGS:  226 02:50:12      -96.380738        0.237613
BFGS:  227 02:50:12      -96.400602        0.200085
BFGS:  228 02:50:12      -96.437916        0.198540
BFGS:  229 02:50:12      -96.470298        0.189841
BFGS:  230 02:50:12      -96.497659        0.189492
BFGS:  231 02:50:12      -96.521678        0.188738
BFGS:  232 02:50:12      -96.543126        0.181952
BFGS:  233 02:50:12      -96.563581        0.175916
BFGS:  234 02:50:12      -96.583916        0.168276
BFGS:  235 02:50:12      -96.604648        0.172198
BFGS:  236 02:50:12      -96.625052        0.180895
BFGS:  237 02:50:12      -96.645664        0.186421
BFGS:  238 02:50:14      -96.667680        0.192915
BFGS:  239 02:50:14      -96.690946        0.196726
BFGS:  240 02:50:14      -96.713973        0.205823
BFGS:  241 02:50:14      -96.736840        0.214709
BFGS:  242 02:50:14      -96.760321        0.225704
BFGS:  243 02:50:14      -96.785824        0.229749
BFGS:  244 02:50:14      -96.815728        0.218087
BFGS:  245 02:50:14      -96.857635        0.185763
BFGS:  246 02:50:14      -96.879569        0.163745
BFGS:  247 02:50:15      -96.903946        0.135575
BFGS:  248 02:50:15      -96.926784        0.111273
BFGS:  249 02:50:15      -96.957551        0.119485
BFGS:  250 02:50:15      -96.978415        0.086562
BFGS:  251 02:50:15      -97.003965        0.070221
BFGS:  252 02:50:15      -97.013216        0.066984
BFGS:  253 02:50:15      -97.018754        0.065331
BFGS:  254 02:50:15      -97.022020        0.067680
BFGS:  255 02:50:15      -97.025861        0.069456
BFGS:  256 02:50:15      -97.030582        0.070139
BFGS:  257 02:50:15      -97.036084        0.069671
BFGS:  258 02:50:15      -97.041892        0.066747
BFGS:  259 02:50:15      -97.047667        0.064591
BFGS:  260 02:50:16      -97.053266        0.065966
BFGS:  261 02:50:16      -97.057204        0.070679
BFGS:  262 02:50:16      -97.060215        0.067322
BFGS:  263 02:50:16      -97.063487        0.060562
BFGS:  264 02:50:19      -97.067941        0.055025
BFGS:  265 02:50:19      -97.073372        0.057871
BFGS:  266 02:50:19      -97.079998        0.060941
BFGS:  267 02:50:19      -97.089663        0.063487
BFGS:  268 02:50:19      -97.106279        0.075632
BFGS:  269 02:50:19      -97.123564        0.080840
BFGS:  270 02:50:19      -97.140945        0.064273
BFGS:  271 02:50:19      -97.149222        0.063855
BFGS:  272 02:50:19      -97.155654        0.071562
BFGS:  273 02:50:19      -97.165109        0.084300
BFGS:  274 02:50:20      -97.170236        0.095607
BFGS:  275 02:50:20      -97.176469        0.091751
BFGS:  276 02:50:20      -97.183553        0.089105
BFGS:  277 02:50:20      -97.193296        0.081115
BFGS:  278 02:50:20      -97.207483        0.068037
BFGS:  279 02:50:20      -97.220747        0.066544
BFGS:  280 02:50:20      -97.229004        0.056480
BFGS:  281 02:50:20      -97.234402        0.053317
BFGS:  282 02:50:20      -97.237315        0.049470
BFGS:  283 02:50:20      -97.239496        0.053766
BFGS:  284 02:50:20      -97.242698        0.057086
BFGS:  285 02:50:20      -97.245350        0.059643
BFGS:  286 02:50:20      -97.248974        0.061456
BFGS:  287 02:50:21      -97.254345        0.068358
BFGS:  288 02:50:21      -97.259988        0.076521
BFGS:  289 02:50:21      -97.265897        0.081433
BFGS:  290 02:50:21      -97.272761        0.083418
BFGS:  291 02:50:21      -97.281706        0.082091
BFGS:  292 02:50:21      -97.292749        0.076901
BFGS:  293 02:50:21      -97.307018        0.076578
BFGS:  294 02:50:21      -97.321751        0.088715
BFGS:  295 02:50:21      -97.335447        0.094657
BFGS:  296 02:50:21      -97.347257        0.097393
BFGS:  297 02:50:21      -97.357506        0.107980
BFGS:  298 02:50:21      -97.366758        0.112780
BFGS:  299 02:50:21      -97.378512        0.115089
BFGS:  300 02:50:21      -97.390492        0.115200
BFGS:  301 02:50:22      -97.401358        0.124787
BFGS:  302 02:50:22      -97.420818        0.146631
BFGS:  303 02:50:22      -97.437651        0.130334
BFGS:  304 02:50:22      -97.468709        0.109036
BFGS:  305 02:50:22      -97.487605        0.089252
BFGS:  306 02:50:22      -97.509721        0.093700
BFGS:  307 02:50:22      -97.520254        0.071668
BFGS:  308 02:50:22      -97.535418        0.067501
BFGS:  309 02:50:22      -97.552536        0.075255
BFGS:  310 02:50:22      -97.567282        0.062658
BFGS:  311 02:50:22      -97.583464        0.056518
BFGS:  312 02:50:22      -97.598595        0.049337
BFGS:  313 02:50:22      -97.606978        0.055674
BFGS:  314 02:50:22      -97.612956        0.045876
BFGS:  315 02:50:22      -97.614757        0.049835
BFGS:  316 02:50:23      -97.616945        0.044453
BFGS:  317 02:50:23      -97.617981        0.043236
BFGS:  318 02:50:23      -97.619079        0.040734
BFGS:  319 02:50:23      -97.619951        0.039311
BFGS:  320 02:50:23      -97.620870        0.038073
BFGS:  321 02:50:23      -97.622579        0.037234
BFGS:  322 02:50:23      -97.625149        0.036072
BFGS:  323 02:50:23      -97.627916        0.035155
BFGS:  324 02:50:23      -97.631635        0.033649
BFGS:  325 02:50:23      -97.633554        0.033251
BFGS:  326 02:50:23      -97.636097        0.030406
BFGS:  327 02:50:23      -97.638798        0.026956
BFGS:  328 02:50:23      -97.641265        0.026736
BFGS:  329 02:50:23      -97.642728        0.028054
BFGS:  330 02:50:24      -97.643697        0.028734
BFGS:  331 02:50:24      -97.644104        0.029278
BFGS:  332 02:50:24      -97.644337        0.029426
BFGS:  333 02:50:24      -97.644495        0.029474
BFGS:  334 02:50:24      -97.644637        0.029319
BFGS:  335 02:50:24      -97.644834        0.029081
BFGS:  336 02:50:24      -97.645215        0.028722
BFGS:  337 02:50:24      -97.645995        0.028178
BFGS:  338 02:50:24      -97.647521        0.027253
BFGS:  339 02:50:24      -97.649893        0.025901
BFGS:  340 02:50:24      -97.652417        0.024501
BFGS:  341 02:50:24      -97.654044        0.023373
BFGS:  342 02:50:24      -97.654602        0.022437
BFGS:  343 02:50:24      -97.654741        0.021826
BFGS:  344 02:50:25      -97.654815        0.021451
BFGS:  345 02:50:25      -97.654879        0.021188
BFGS:  346 02:50:25      -97.654951        0.020994
BFGS:  347 02:50:25      -97.655090        0.020775
BFGS:  348 02:50:25      -97.655397        0.020451
BFGS:  349 02:50:25      -97.656148        0.022491
BFGS:  350 02:50:25      -97.658001        0.031176
BFGS:  351 02:50:25      -97.661476        0.041283
BFGS:  352 02:50:25      -97.665140        0.049257
BFGS:  353 02:50:25      -97.669685        0.056930
BFGS:  354 02:50:25      -97.674291        0.061058
BFGS:  355 02:50:25      -97.680775        0.061622
BFGS:  356 02:50:25      -97.685978        0.057327
BFGS:  357 02:50:25      -97.688484        0.051732
BFGS:  358 02:50:26      -97.689430        0.053085
BFGS:  359 02:50:26      -97.690842        0.049640
BFGS:  360 02:50:26      -97.692120        0.045307
BFGS:  361 02:50:26      -97.693302        0.039226
BFGS:  362 02:50:26      -97.694389        0.033877
BFGS:  363 02:50:26      -97.695181        0.029179
BFGS:  364 02:50:26      -97.695914        0.023979
BFGS:  365 02:50:26      -97.696427        0.023298
BFGS:  366 02:50:26      -97.696663        0.027304
BFGS:  367 02:50:26      -97.696821        0.025045
BFGS:  368 02:50:26      -97.697013        0.020307
BFGS:  369 02:50:26      -97.697257        0.016916
BFGS:  370 02:50:26      -97.697460        0.020090
BFGS:  371 02:50:26      -97.697680        0.020795
BFGS:  372 02:50:26      -97.697882        0.025488
BFGS:  373 02:50:27      -97.698040        0.027714
BFGS:  374 02:50:27      -97.698225        0.028532
BFGS:  375 02:50:27      -97.698544        0.026316
BFGS:  376 02:50:27      -97.698969        0.019251
BFGS:  377 02:50:27      -97.699471        0.017400
BFGS:  378 02:50:27      -97.699873        0.017115
BFGS:  379 02:50:27      -97.700113        0.015401
BFGS:  380 02:50:27      -97.700259        0.016504
BFGS:  381 02:50:27      -97.700413        0.015081
BFGS:  382 02:50:27      -97.700614        0.012794
BFGS:  383 02:50:27      -97.700815        0.010859
BFGS:  384 02:50:27      -97.700940        0.009097
BFGS:  385 02:50:27      -97.700997        0.007895
BFGS:  386 02:50:27      -97.701024        0.007637
BFGS:  387 02:50:28      -97.701041        0.007457
BFGS:  388 02:50:28      -97.701055        0.007390
BFGS:  389 02:50:28      -97.701069        0.007429
BFGS:  390 02:50:28      -97.701083        0.007552
BFGS:  391 02:50:30      -97.701094        0.007678
BFGS:  392 02:50:30      -97.701102        0.007736
BFGS:  393 02:50:30      -97.701109        0.007736
BFGS:  394 02:50:30      -97.701119        0.007688
BFGS:  395 02:50:30      -97.701134        0.007593
BFGS:  396 02:50:30      -97.701150        0.007488
BFGS:  397 02:50:31      -97.701162        0.007442
BFGS:  398 02:50:31      -97.701169        0.007455
BFGS:  399 02:50:31      -97.701177        0.007487
BFGS:  400 02:50:31      -97.701191        0.007525
BFGS:  401 02:50:31      -97.701215        0.007537
BFGS:  402 02:50:31      -97.701247        0.007463
BFGS:  403 02:50:31      -97.701279        0.009953
BFGS:  404 02:50:31      -97.701305        0.010620
BFGS:  405 02:50:31      -97.701334        0.010034
BFGS:  406 02:50:31      -97.701381        0.009284
BFGS:  407 02:50:31      -97.701465        0.007544
BFGS:  408 02:50:31      -97.701585        0.010700
BFGS:  409 02:50:31      -97.701703        0.014620
BFGS:  410 02:50:31      -97.701790        0.014395
BFGS:  411 02:50:32      -97.701870        0.013113
BFGS:  412 02:50:32      -97.701992        0.011761
BFGS:  413 02:50:32      -97.702191        0.012229
BFGS:  414 02:50:32      -97.702430        0.014651
BFGS:  415 02:50:32      -97.702601        0.016383
BFGS:  416 02:50:35      -97.702682        0.015648
BFGS:  417 02:50:35      -97.702742        0.014491
BFGS:  418 02:50:35      -97.702836        0.013236
BFGS:  419 02:50:35      -97.702983        0.016502
BFGS:  420 02:50:35      -97.703154        0.018428
BFGS:  421 02:50:35      -97.703281        0.014604
BFGS:  422 02:50:35      -97.703356        0.014686
BFGS:  423 02:50:35      -97.703416        0.013571
BFGS:  424 02:50:35      -97.703493        0.010694
BFGS:  425 02:50:35      -97.703576        0.014579
BFGS:  426 02:50:36      -97.703639        0.014657
BFGS:  427 02:50:36      -97.703674        0.010352
BFGS:  428 02:50:36      -97.703694        0.007516
BFGS:  429 02:50:36      -97.703711        0.007881
BFGS:  430 02:50:36      -97.703729        0.010484
BFGS:  431 02:50:36      -97.703749        0.010212
BFGS:  432 02:50:36      -97.703768        0.006904
BFGS:  433 02:50:36      -97.703782        0.005341
BFGS:  434 02:50:36      -97.703790        0.006478
BFGS:  435 02:50:36      -97.703797        0.006270
BFGS:  436 02:50:36      -97.703805        0.005437
BFGS:  437 02:50:36      -97.703815        0.005267
BFGS:  438 02:50:36      -97.703825        0.005289
BFGS:  439 02:50:36      -97.703832        0.005304
BFGS:  440 02:50:37      -97.703836        0.005303
BFGS:  441 02:50:37      -97.703840        0.005288
BFGS:  442 02:50:37      -97.703846        0.005260
BFGS:  443 02:50:37      -97.703852        0.005236
BFGS:  444 02:50:37      -97.703856        0.005235
BFGS:  445 02:50:37      -97.703858        0.005250
BFGS:  446 02:50:37      -97.703860        0.005268
BFGS:  447 02:50:37      -97.703862        0.005288
BFGS:  448 02:50:37      -97.703865        0.005296
BFGS:  449 02:50:37      -97.703868        0.005282
BFGS:  450 02:50:37      -97.703870        0.005251
BFGS:  451 02:50:37      -97.703872        0.005219
BFGS:  452 02:50:37      -97.703873        0.005205
BFGS:  453 02:50:38      -97.703874        0.005210
BFGS:  454 02:50:38      -97.703875        0.005230
BFGS:  455 02:50:38      -97.703877        0.005257
BFGS:  456 02:50:38      -97.703879        0.005283
BFGS:  457 02:50:38      -97.703882        0.005285
BFGS:  458 02:50:38      -97.703884        0.005254
BFGS:  459 02:50:38      -97.703885        0.005216
BFGS:  460 02:50:38      -97.703886        0.005184
BFGS:  461 02:50:38      -97.703887        0.005147
BFGS:  462 02:50:38      -97.703889        0.005117
BFGS:  463 02:50:38      -97.703891        0.005120
BFGS:  464 02:50:38      -97.703892        0.005156
BFGS:  465 02:50:38      -97.703893        0.005190
BFGS:  466 02:50:38      -97.703894        0.005217
BFGS:  467 02:50:39      -97.703894        0.005245
BFGS:  468 02:50:39      -97.703896        0.005255
BFGS:  469 02:50:39      -97.703897        0.005229
BFGS:  470 02:50:39      -97.703898        0.005182
BFGS:  471 02:50:39      -97.703899        0.005140
BFGS:  472 02:50:39      -97.703900        0.005101
BFGS:  473 02:50:39      -97.703901        0.005068
BFGS:  474 02:50:39      -97.703903        0.005064
BFGS:  475 02:50:39      -97.703905        0.005099
BFGS:  476 02:50:39      -97.703906        0.005142
BFGS:  477 02:50:39      -97.703907        0.005170
BFGS:  478 02:50:39      -97.703908        0.005183
BFGS:  479 02:50:39      -97.703909        0.005172
BFGS:  480 02:50:39      -97.703912        0.005953
BFGS:  481 02:50:40      -97.703915        0.006238
BFGS:  482 02:50:40      -97.703919        0.004998
BFGS:  483 02:50:40      -97.703922        0.004980
BFGS:  484 02:50:40      -97.703925        0.005010
BFGS:  485 02:50:40      -97.703927        0.005061
BFGS:  486 02:50:40      -97.703931        0.005124
BFGS:  487 02:50:40      -97.703937        0.005177
BFGS:  488 02:50:40      -97.703945        0.005166
BFGS:  489 02:50:40      -97.703952        0.005060
BFGS:  490 02:50:40      -97.703956        0.004928
BFGS:  491 02:50:40      -97.703960        0.004816
BFGS:  492 02:50:40      -97.703967        0.004701
BFGS:  493 02:50:40      -97.703976        0.005705
BFGS:  494 02:50:40      -97.703987        0.006074
BFGS:  495 02:50:40      -97.703996        0.005583
BFGS:  496 02:50:41      -97.704003        0.005073
BFGS:  497 02:50:41      -97.704010        0.005710
BFGS:  498 02:50:41      -97.704022        0.006172
BFGS:  499 02:50:41      -97.704037        0.007337
BFGS:  500 02:50:41      -97.704049        0.005964
BFGS:  501 02:50:41      -97.704057        0.004450
BFGS:  502 02:50:41      -97.704063        0.004335
BFGS:  503 02:50:41      -97.704073        0.005976
BFGS:  504 02:50:41      -97.704089        0.010403
BFGS:  505 02:50:41      -97.704113        0.014172
BFGS:  506 02:50:41      -97.704140        0.013939
BFGS:  507 02:50:41      -97.704162        0.008893
BFGS:  508 02:50:41      -97.704176        0.006387
BFGS:  509 02:50:42      -97.704187        0.008311
BFGS:  510 02:50:42      -97.704203        0.012286
BFGS:  511 02:50:42      -97.704227        0.014321
BFGS:  512 02:50:42      -97.704261        0.012659
BFGS:  513 02:50:42      -97.704294        0.007047
BFGS:  514 02:50:42      -97.704318        0.006954
BFGS:  515 02:50:42      -97.704334        0.006955
BFGS:  516 02:50:42      -97.704356        0.009860
BFGS:  517 02:50:42      -97.704396        0.012034
BFGS:  518 02:50:42      -97.704457        0.011547
BFGS:  519 02:50:42      -97.704516        0.008838
BFGS:  520 02:50:42      -97.704548        0.009363
BFGS:  521 02:50:42      -97.704563        0.008099
BFGS:  522 02:50:42      -97.704580        0.006178
BFGS:  523 02:50:43      -97.704611        0.006185
BFGS:  524 02:50:43      -97.704651        0.008079
BFGS:  525 02:50:43      -97.704684        0.006893
BFGS:  526 02:50:43      -97.704702        0.007854
BFGS:  527 02:50:43      -97.704716        0.007726
BFGS:  528 02:50:43      -97.704739        0.006495
BFGS:  529 02:50:43      -97.704776        0.004951
BFGS:  530 02:50:43      -97.704816        0.005332
BFGS:  531 02:50:43      -97.704839        0.004683
BFGS:  532 02:50:43      -97.704848        0.004873
BFGS:  533 02:50:43      -97.704856        0.004515
BFGS:  534 02:50:43      -97.704869        0.003942
BFGS:  535 02:50:43      -97.704888        0.004435
BFGS:  536 02:50:43      -97.704908        0.003610
BFGS:  537 02:50:43      -97.704923        0.004417
BFGS:  538 02:50:44      -97.704931        0.005418
BFGS:  539 02:50:44      -97.704938        0.005344
BFGS:  540 02:50:44      -97.704945        0.004652
BFGS:  541 02:50:44      -97.704958        0.003655
BFGS:  542 02:50:44      -97.704972        0.003811
BFGS:  543 02:50:44      -97.704994        0.004322
BFGS:  544 02:50:44      -97.705012        0.005202
BFGS:  545 02:50:45      -97.705023        0.005137
BFGS:  546 02:50:45      -97.705028        0.004296
BFGS:  547 02:50:45      -97.705034        0.003290
BFGS:  548 02:50:45      -97.705044        0.003198
BFGS:  549 02:50:45      -97.705052        0.002294
BFGS:  550 02:50:45      -97.705056        0.002364
BFGS:  551 02:50:46      -97.705058        0.001947
BFGS:  552 02:50:46      -97.705059        0.001769
BFGS:  553 02:50:46      -97.705062        0.002212
BFGS:  554 02:50:46      -97.705068        0.002370
BFGS:  555 02:50:46      -97.705076        0.002248
BFGS:  556 02:50:46      -97.705080        0.002917
BFGS:  557 02:50:46      -97.705082        0.003015
BFGS:  558 02:50:46      -97.705083        0.002822
BFGS:  559 02:50:46      -97.705085        0.002317
BFGS:  560 02:50:46      -97.705088        0.001469
BFGS:  561 02:50:46      -97.705092        0.001497
BFGS:  562 02:50:46      -97.705093        0.001375
BFGS:  563 02:50:46      -97.705094        0.001385
BFGS:  564 02:50:47      -97.705094        0.001296
BFGS:  565 02:50:47      -97.705095        0.001058
BFGS:  566 02:50:47      -97.705097        0.001047
BFGS:  567 02:50:47      -97.705098        0.001041
BFGS:  568 02:50:47      -97.705099        0.000982
