      Step     Time          Energy          fmax
BFGS:    0 01:52:58       15.834742       17.183232
BFGS:    1 01:52:58       -7.496171        8.000639
BFGS:    2 01:52:58      -23.091095        4.665927
BFGS:    3 01:52:58      -31.572264        3.564533
BFGS:    4 01:52:59      -35.849496        2.902653
BFGS:    5 01:52:59      -38.181983        2.412117
BFGS:    6 01:52:59      -39.536127        2.015613
BFGS:    7 01:52:59      -40.270631        1.696894
BFGS:    8 01:52:59      -40.684422        1.486109
BFGS:    9 01:52:59      -41.297317        1.227465
BFGS:   10 01:53:00      -41.969936        1.100736
BFGS:   11 01:53:00      -42.553551        0.896323
BFGS:   12 01:53:00      -42.913690        0.939132
BFGS:   13 01:53:00      -43.116493        0.954754
BFGS:   14 01:53:00      -43.499167        0.840885
BFGS:   15 01:53:00      -43.857189        0.695442
BFGS:   16 01:53:12      -44.177540        0.686768
BFGS:   17 01:53:12      -44.458146        0.738774
BFGS:   18 01:53:12      -44.696546        0.721261
BFGS:   19 01:53:13      -44.882335        0.667720
BFGS:   20 01:53:13      -45.016458        0.597981
BFGS:   21 01:53:14      -45.112312        0.514757
BFGS:   22 01:53:14      -45.178506        0.444293
BFGS:   23 01:53:14      -45.229936        0.426240
BFGS:   24 01:53:14      -45.301459        0.394289
BFGS:   25 01:53:14      -45.377313        0.368287
BFGS:   26 01:53:14      -45.477654        0.378934
BFGS:   27 01:53:14      -45.625338        0.483282
BFGS:   28 01:53:14      -45.674005        0.513682
BFGS:   29 01:53:14      -45.710231        0.497581
BFGS:   30 01:53:14      -45.798211        0.412684
BFGS:   31 01:53:14      -45.893956        0.360389
BFGS:   32 01:53:14      -45.993117        0.402051
BFGS:   33 01:53:14      -46.097803        0.485220
BFGS:   34 01:53:14      -46.214575        0.583608
BFGS:   35 01:53:15      -46.346158        0.695731
BFGS:   36 01:53:16      -46.525407        1.078740
BFGS:   37 01:53:16      -46.703645        0.985768
BFGS:   38 01:53:16      -46.858026        0.903457
BFGS:   39 01:53:22      -47.019434        0.692887
BFGS:   40 01:53:22      -47.157270        0.608976
BFGS:   41 01:53:22      -47.366985        0.763225
BFGS:   42 01:53:22      -47.588368        1.162571
BFGS:   43 01:53:22      -47.809669        1.630655
BFGS:   44 01:53:23      -48.043453        1.641458
BFGS:   45 01:53:23      -48.251297        1.532428
BFGS:   46 01:53:23      -48.633375        0.818784
BFGS:   47 01:53:24      -48.731410        0.501185
BFGS:   48 01:53:24      -48.801302        0.373998
BFGS:   49 01:53:24      -48.851987        0.426757
BFGS:   50 01:53:24      -48.885018        0.331356
BFGS:   51 01:53:24      -48.918662        0.290250
BFGS:   52 01:53:24      -48.975535        0.285758
BFGS:   53 01:53:29      -49.038824        0.289733
BFGS:   54 01:53:29      -49.082165        0.260101
BFGS:   55 01:53:29      -49.102725        0.272220
BFGS:   56 01:53:29      -49.128006        0.311167
BFGS:   57 01:53:29      -49.176165        0.330806
BFGS:   58 01:53:30      -49.234086        0.264902
BFGS:   59 01:53:30      -49.293469        0.260337
BFGS:   60 01:53:35      -49.325745        0.252256
BFGS:   61 01:53:35      -49.351106        0.265000
BFGS:   62 01:53:37      -49.372860        0.281461
BFGS:   63 01:53:37      -49.395822        0.348379
BFGS:   64 01:53:37      -49.432216        0.400014
BFGS:   65 01:53:37      -49.475878        0.429749
BFGS:   66 01:53:37      -49.548920        0.428208
BFGS:   67 01:53:37      -49.626768        0.369306
BFGS:   68 01:53:37      -49.685823        0.260448
BFGS:   69 01:53:37      -49.722794        0.248076
BFGS:   70 01:53:37      -49.738758        0.269271
BFGS:   71 01:53:37      -49.752441        0.259857
BFGS:   72 01:53:37      -49.762659        0.247315
BFGS:   73 01:53:37      -49.782201        0.194260
BFGS:   74 01:53:37      -49.799078        0.141541
BFGS:   75 01:53:37      -49.810951        0.138407
BFGS:   76 01:53:37      -49.816299        0.127937
BFGS:   77 01:53:37      -49.825134        0.158780
BFGS:   78 01:53:37      -49.832750        0.176982
BFGS:   79 01:53:37      -49.849845        0.174104
BFGS:   80 01:53:38      -49.884906        0.153985
BFGS:   81 01:53:38      -49.915424        0.228262
BFGS:   82 01:53:38      -49.933183        0.255287
BFGS:   83 01:53:38      -49.943761        0.243346
BFGS:   84 01:53:38      -49.955681        0.210107
BFGS:   85 01:53:38      -49.969309        0.166298
BFGS:   86 01:53:38      -49.990590        0.134520
BFGS:   87 01:53:38      -50.016538        0.135353
BFGS:   88 01:53:38      -50.037223        0.144818
BFGS:   89 01:53:38      -50.045480        0.122301
BFGS:   90 01:53:38      -50.049912        0.098185
BFGS:   91 01:53:38      -50.053153        0.120310
BFGS:   92 01:53:38      -50.060914        0.118769
BFGS:   93 01:53:38      -50.071156        0.128069
BFGS:   94 01:53:38      -50.080256        0.084634
BFGS:   95 01:53:38      -50.084208        0.079039
BFGS:   96 01:53:38      -50.085644        0.078946
BFGS:   97 01:53:38      -50.087886        0.078251
BFGS:   98 01:53:38      -50.092919        0.122687
BFGS:   99 01:53:38      -50.101093        0.157543
BFGS:  100 01:53:38      -50.109819        0.153606
BFGS:  101 01:53:39      -50.114526        0.103937
BFGS:  102 01:53:39      -50.116610        0.099631
BFGS:  103 01:53:39      -50.118569        0.094756
BFGS:  104 01:53:39      -50.121912        0.097771
BFGS:  105 01:53:39      -50.126573        0.098215
BFGS:  106 01:53:39      -50.130547        0.096705
BFGS:  107 01:53:41      -50.133251        0.085779
BFGS:  108 01:53:41      -50.135941        0.082376
BFGS:  109 01:53:41      -50.137269        0.087415
BFGS:  110 01:53:41      -50.139961        0.074574
BFGS:  111 01:53:42      -50.147070        0.051353
BFGS:  112 01:53:42      -50.150004        0.057701
BFGS:  113 01:53:42      -50.155237        0.067407
BFGS:  114 01:53:42      -50.157119        0.063240
BFGS:  115 01:53:42      -50.158277        0.063330
BFGS:  116 01:53:42      -50.159108        0.063777
BFGS:  117 01:53:42      -50.160582        0.059774
BFGS:  118 01:53:42      -50.162546        0.053313
BFGS:  119 01:53:42      -50.166646        0.049955
BFGS:  120 01:53:42      -50.177282        0.071893
BFGS:  121 01:53:42      -50.187837        0.104576
BFGS:  122 01:53:42      -50.182807        0.168596
BFGS:  123 01:53:42      -50.197314        0.130146
BFGS:  124 01:53:42      -50.199884        0.110155
BFGS:  125 01:53:42      -50.202610        0.111986
BFGS:  126 01:53:42      -50.210780        0.119789
BFGS:  127 01:53:42      -50.221078        0.125328
BFGS:  128 01:53:42      -50.246949        0.165030
BFGS:  129 01:53:42      -50.273201        0.202145
BFGS:  130 01:53:43      -50.281104        0.220227
BFGS:  131 01:53:43      -50.320242        0.299256
BFGS:  132 01:53:43      -50.339018        0.153999
BFGS:  133 01:53:43      -50.356914        0.179106
BFGS:  134 01:53:43      -50.377448        0.265365
BFGS:  135 01:53:43      -50.388785        0.276137
BFGS:  136 01:53:43      -50.398749        0.190409
BFGS:  137 01:53:43      -50.409830        0.216910
BFGS:  138 01:53:43      -50.427529        0.292827
BFGS:  139 01:53:43      -50.458810        0.313439
BFGS:  140 01:53:43      -50.491836        0.232264
BFGS:  141 01:53:43      -50.507763        0.160090
BFGS:  142 01:53:43      -50.516402        0.156550
BFGS:  143 01:53:43      -50.520482        0.159562
BFGS:  144 01:53:43      -50.527381        0.142343
BFGS:  145 01:53:43      -50.547703        0.133804
BFGS:  146 01:53:43      -50.578604        0.165987
BFGS:  147 01:53:43      -50.602272        0.152743
BFGS:  148 01:53:44      -50.622209        0.141073
BFGS:  149 01:53:44      -50.626738        0.151838
BFGS:  150 01:53:44      -50.630525        0.136294
BFGS:  151 01:53:44      -50.633498        0.141320
BFGS:  152 01:53:44      -50.639423        0.145801
BFGS:  153 01:53:44      -50.646669        0.136616
BFGS:  154 01:53:44      -50.661169        0.123612
BFGS:  155 01:53:44      -50.677961        0.120369
BFGS:  156 01:53:44      -50.692535        0.105161
BFGS:  157 01:53:44      -50.697860        0.097454
BFGS:  158 01:53:44      -50.700220        0.088466
BFGS:  159 01:53:44      -50.702795        0.073646
BFGS:  160 01:53:44      -50.706305        0.062403
BFGS:  161 01:53:44      -50.709544        0.055292
BFGS:  162 01:53:45      -50.711306        0.040285
BFGS:  163 01:53:45      -50.712810        0.044793
BFGS:  164 01:53:45      -50.713909        0.049988
BFGS:  165 01:53:45      -50.715374        0.052492
BFGS:  166 01:53:45      -50.717486        0.049790
BFGS:  167 01:53:45      -50.720708        0.052307
BFGS:  168 01:53:45      -50.723783        0.055589
BFGS:  169 01:53:45      -50.725539        0.062024
BFGS:  170 01:53:45      -50.726678        0.056339
BFGS:  171 01:53:45      -50.727782        0.055007
BFGS:  172 01:53:45      -50.729848        0.051535
BFGS:  173 01:53:45      -50.733227        0.071484
BFGS:  174 01:53:45      -50.737255        0.074762
BFGS:  175 01:53:45      -50.740031        0.056313
BFGS:  176 01:53:45      -50.741032        0.039954
BFGS:  177 01:53:46      -50.741387        0.036574
BFGS:  178 01:53:46      -50.741818        0.035436
BFGS:  179 01:53:46      -50.742584        0.041096
BFGS:  180 01:53:46      -50.743948        0.054393
BFGS:  181 01:53:46      -50.745728        0.050086
BFGS:  182 01:53:46      -50.746947        0.026275
BFGS:  183 01:53:46      -50.747462        0.025645
BFGS:  184 01:53:46      -50.747623        0.026381
BFGS:  185 01:53:46      -50.747712        0.025958
BFGS:  186 01:53:46      -50.747864        0.025849
BFGS:  187 01:53:46      -50.748242        0.025179
BFGS:  188 01:53:46      -50.748998        0.024161
BFGS:  189 01:53:46      -50.751024        0.030211
BFGS:  190 01:53:46      -50.752453        0.069808
BFGS:  191 01:53:47      -50.756950        0.041842
BFGS:  192 01:53:47      -50.759807        0.036598
BFGS:  193 01:53:47      -50.763723        0.025876
BFGS:  194 01:53:47      -50.763884        0.024861
BFGS:  195 01:53:47      -50.764121        0.025745
BFGS:  196 01:53:47      -50.764429        0.027224
BFGS:  197 01:53:47      -50.765288        0.037473
BFGS:  198 01:53:47      -50.766915        0.047891
BFGS:  199 01:53:47      -50.769631        0.056221
BFGS:  200 01:53:47      -50.772218        0.049308
BFGS:  201 01:53:47      -50.773598        0.024192
BFGS:  202 01:53:47      -50.773868        0.019005
BFGS:  203 01:53:47      -50.773917        0.018974
BFGS:  204 01:53:47      -50.773975        0.019030
BFGS:  205 01:53:48      -50.774066        0.019179
BFGS:  206 01:53:48      -50.774274        0.019997
BFGS:  207 01:53:48      -50.774690        0.025643
BFGS:  208 01:53:48      -50.775456        0.030616
BFGS:  209 01:53:48      -50.776469        0.031814
BFGS:  210 01:53:48      -50.777262        0.030961
BFGS:  211 01:53:48      -50.777572        0.025227
BFGS:  212 01:53:48      -50.777658        0.018108
BFGS:  213 01:53:48      -50.777719        0.014758
BFGS:  214 01:53:48      -50.777818        0.014578
BFGS:  215 01:53:48      -50.778001        0.023150
BFGS:  216 01:53:48      -50.778330        0.041685
BFGS:  217 01:53:48      -50.778876        0.067752
BFGS:  218 01:53:48      -50.779679        0.095753
BFGS:  219 01:53:48      -50.780710        0.113117
BFGS:  220 01:53:48      -50.781832        0.105635
BFGS:  221 01:53:49      -50.782738        0.072611
BFGS:  222 01:53:49      -50.783225        0.037445
BFGS:  223 01:53:49      -50.783415        0.034752
BFGS:  224 01:53:49      -50.783482        0.029273
BFGS:  225 01:53:49      -50.783530        0.023395
BFGS:  226 01:53:49      -50.783598        0.020762
BFGS:  227 01:53:49      -50.783688        0.024019
BFGS:  228 01:53:49      -50.783797        0.034870
BFGS:  229 01:53:49      -50.783925        0.044207
BFGS:  230 01:53:49      -50.784115        0.050596
BFGS:  231 01:53:49      -50.784456        0.052514
BFGS:  232 01:53:49      -50.785045        0.046746
BFGS:  233 01:53:49      -50.785838        0.052933
BFGS:  234 01:53:49      -50.786562        0.053597
BFGS:  235 01:53:49      -50.787050        0.050004
BFGS:  236 01:53:50      -50.787446        0.046639
BFGS:  237 01:53:50      -50.787895        0.036848
BFGS:  238 01:53:50      -50.788297        0.025499
BFGS:  239 01:53:54      -50.788571        0.020100
BFGS:  240 01:53:54      -50.788628        0.017357
BFGS:  241 01:53:54      -50.788651        0.013877
BFGS:  242 01:53:55      -50.788678        0.012876
BFGS:  243 01:53:55      -50.788712        0.016385
BFGS:  244 01:53:55      -50.788753        0.023406
BFGS:  245 01:53:55      -50.788803        0.026495
BFGS:  246 01:53:55      -50.788867        0.024360
BFGS:  247 01:53:55      -50.788944        0.017045
BFGS:  248 01:53:55      -50.789023        0.020487
BFGS:  249 01:53:55      -50.789099        0.026862
BFGS:  250 01:53:55      -50.789194        0.030565
BFGS:  251 01:53:55      -50.789349        0.032147
BFGS:  252 01:53:55      -50.789581        0.030100
BFGS:  253 01:53:55      -50.789815        0.024126
BFGS:  254 01:53:55      -50.789953        0.022929
BFGS:  255 01:53:55      -50.790028        0.020200
BFGS:  256 01:53:55      -50.790113        0.022837
BFGS:  257 01:53:55      -50.790248        0.022410
BFGS:  258 01:53:55      -50.790403        0.015919
BFGS:  259 01:53:55      -50.790502        0.013279
BFGS:  260 01:54:01      -50.790536        0.013297
BFGS:  261 01:54:01      -50.790551        0.012347
BFGS:  262 01:54:01      -50.790574        0.010627
BFGS:  263 01:54:01      -50.790601        0.007982
BFGS:  264 01:54:01      -50.790621        0.006442
BFGS:  265 01:54:01      -50.790628        0.005795
BFGS:  266 01:54:01      -50.790631        0.005449
BFGS:  267 01:54:01      -50.790635        0.005102
BFGS:  268 01:54:01      -50.790643        0.004962
BFGS:  269 01:54:01      -50.790654        0.006116
BFGS:  270 01:54:01      -50.790664        0.006069
BFGS:  271 01:54:01      -50.790668        0.005232
BFGS:  272 01:54:01      -50.790670        0.004831
BFGS:  273 01:54:02      -50.790672        0.005468
BFGS:  274 01:54:02      -50.790677        0.006243
BFGS:  275 01:54:02      -50.790685        0.006820
BFGS:  276 01:54:02      -50.790697        0.006496
BFGS:  277 01:54:02      -50.790707        0.006770
BFGS:  278 01:54:02      -50.790715        0.006862
BFGS:  279 01:54:02      -50.790722        0.007437
BFGS:  280 01:54:02      -50.790735        0.008654
BFGS:  281 01:54:02      -50.790760        0.009224
BFGS:  282 01:54:02      -50.790796        0.008040
BFGS:  283 01:54:02      -50.790827        0.007365
BFGS:  284 01:54:02      -50.790844        0.007574
BFGS:  285 01:54:02      -50.790853        0.007800
BFGS:  286 01:54:02      -50.790865        0.008246
BFGS:  287 01:54:02      -50.790886        0.008366
BFGS:  288 01:54:02      -50.790914        0.007433
BFGS:  289 01:54:02      -50.790934        0.006440
BFGS:  290 01:54:02      -50.790943        0.006278
BFGS:  291 01:54:02      -50.790949        0.006129
BFGS:  292 01:54:02      -50.790958        0.005856
BFGS:  293 01:54:03      -50.790975        0.005581
BFGS:  294 01:54:03      -50.790998        0.004909
BFGS:  295 01:54:03      -50.791014        0.005257
BFGS:  296 01:54:03      -50.791021        0.004887
BFGS:  297 01:54:03      -50.791024        0.004289
BFGS:  298 01:54:03      -50.791028        0.004643
BFGS:  299 01:54:03      -50.791033        0.004391
BFGS:  300 01:54:03      -50.791039        0.003382
BFGS:  301 01:54:03      -50.791043        0.002993
BFGS:  302 01:54:03      -50.791044        0.002857
BFGS:  303 01:54:03      -50.791045        0.002835
BFGS:  304 01:54:03      -50.791046        0.002787
BFGS:  305 01:54:03      -50.791048        0.002692
BFGS:  306 01:54:03      -50.791051        0.002717
BFGS:  307 01:54:03      -50.791055        0.002971
BFGS:  308 01:54:03      -50.791059        0.003276
BFGS:  309 01:54:03      -50.791062        0.003262
BFGS:  310 01:54:03      -50.791063        0.003299
BFGS:  311 01:54:03      -50.791065        0.003152
BFGS:  312 01:54:03      -50.791067        0.002745
BFGS:  313 01:54:03      -50.791072        0.002507
BFGS:  314 01:54:03      -50.791078        0.002978
BFGS:  315 01:54:03      -50.791082        0.003067
BFGS:  316 01:54:03      -50.791084        0.003080
BFGS:  317 01:54:04      -50.791085        0.003079
BFGS:  318 01:54:04      -50.791088        0.003121
BFGS:  319 01:54:04      -50.791092        0.003064
BFGS:  320 01:54:04      -50.791100        0.003625
BFGS:  321 01:54:04      -50.791106        0.003719
BFGS:  322 01:54:04      -50.791109        0.003261
BFGS:  323 01:54:04      -50.791110        0.002975
BFGS:  324 01:54:04      -50.791111        0.002789
BFGS:  325 01:54:07      -50.791114        0.002729
BFGS:  326 01:54:07      -50.791120        0.003012
BFGS:  327 01:54:07      -50.791128        0.003241
BFGS:  328 01:54:07      -50.791134        0.003414
BFGS:  329 01:54:07      -50.791137        0.003625
BFGS:  330 01:54:07      -50.791138        0.003481
BFGS:  331 01:54:07      -50.791141        0.003179
BFGS:  332 01:54:07      -50.791145        0.002773
BFGS:  333 01:54:07      -50.791154        0.002922
BFGS:  334 01:54:07      -50.791163        0.003780
BFGS:  335 01:54:08      -50.791169        0.003381
BFGS:  336 01:54:08      -50.791171        0.002736
BFGS:  337 01:54:08      -50.791172        0.002320
BFGS:  338 01:54:08      -50.791174        0.001927
BFGS:  339 01:54:08      -50.791177        0.001605
BFGS:  340 01:54:08      -50.791180        0.000984
