      Step     Time          Energy          fmax
BFGS:    0 21:35:43      -49.539680        0.958913
BFGS:    1 21:35:43      -49.653085        0.871456
BFGS:    2 21:35:43      -50.310025        0.631320
BFGS:    3 21:35:43      -50.339679        0.621459
BFGS:    4 21:35:43      -50.604434        0.462913
BFGS:    5 21:35:43      -50.692162        0.391356
BFGS:    6 21:35:43      -50.738734        0.541179
BFGS:    7 21:35:43      -50.780402        0.601232
BFGS:    8 21:35:43      -50.870980        0.609789
BFGS:    9 21:35:43      -50.985114        0.495100
BFGS:   10 21:35:43      -51.088660        0.261382
BFGS:   11 21:35:43      -51.129002        0.136586
BFGS:   12 21:35:43      -51.134765        0.116360
BFGS:   13 21:35:43      -51.137752        0.112187
BFGS:   14 21:35:43      -51.141740        0.114934
BFGS:   15 21:35:43      -51.148152        0.120358
BFGS:   16 21:35:43      -51.160229        0.118993
BFGS:   17 21:35:43      -51.174189        0.102659
BFGS:   18 21:35:43      -51.181858        0.061195
BFGS:   19 21:35:43      -51.184548        0.058800
BFGS:   20 21:35:43      -51.185594        0.058196
BFGS:   21 21:35:43      -51.186605        0.055936
BFGS:   22 21:35:43      -51.189576        0.054638
BFGS:   23 21:35:44      -51.195906        0.059811
BFGS:   24 21:35:44      -51.208513        0.065900
BFGS:   25 21:35:44      -51.221960        0.076045
BFGS:   26 21:35:44      -51.229812        0.069849
BFGS:   27 21:35:44      -51.232599        0.057571
BFGS:   28 21:35:44      -51.232877        0.055446
BFGS:   29 21:35:44      -51.233954        0.049196
BFGS:   30 21:35:44      -51.235606        0.043870
BFGS:   31 21:35:44      -51.237938        0.035310
BFGS:   32 21:35:44      -51.239534        0.038368
BFGS:   33 21:35:44      -51.240168        0.043143
BFGS:   34 21:35:44      -51.240480        0.042930
BFGS:   35 21:35:44      -51.241060        0.046133
BFGS:   36 21:35:44      -51.242330        0.048311
BFGS:   37 21:35:44      -51.244691        0.045488
BFGS:   38 21:35:44      -51.247542        0.034471
BFGS:   39 21:35:44      -51.249213        0.028321
BFGS:   40 21:35:44      -51.249617        0.023909
BFGS:   41 21:35:44      -51.249711        0.022081
BFGS:   42 21:35:44      -51.249855        0.021409
BFGS:   43 21:35:44      -51.250203        0.022933
BFGS:   44 21:35:44      -51.250938        0.025217
BFGS:   45 21:35:44      -51.252159        0.027730
BFGS:   46 21:35:45      -51.253426        0.028804
BFGS:   47 21:35:45      -51.254154        0.031923
BFGS:   48 21:35:45      -51.254456        0.032066
BFGS:   49 21:35:45      -51.254753        0.033100
BFGS:   50 21:35:45      -51.255474        0.037910
BFGS:   51 21:35:45      -51.256971        0.043376
BFGS:   52 21:35:45      -51.259531        0.045869
BFGS:   53 21:35:45      -51.262065        0.040150
BFGS:   54 21:35:45      -51.263216        0.032342
BFGS:   55 21:35:45      -51.263507        0.031988
BFGS:   56 21:35:45      -51.263679        0.031878
BFGS:   57 21:35:45      -51.264110        0.031484
BFGS:   58 21:35:45      -51.264993        0.030451
BFGS:   59 21:35:45      -51.266647        0.057421
BFGS:   60 21:35:45      -51.268666        0.100707
BFGS:   61 21:35:45      -51.270245        0.121819
BFGS:   62 21:35:45      -51.271723        0.117265
BFGS:   63 21:35:45      -51.273409        0.090294
BFGS:   64 21:35:45      -51.275496        0.047465
BFGS:   65 21:35:45      -51.277459        0.028952
BFGS:   66 21:35:45      -51.278338        0.030787
BFGS:   67 21:35:45      -51.278598        0.029506
BFGS:   68 21:35:45      -51.278799        0.027876
BFGS:   69 21:35:46      -51.279260        0.024565
BFGS:   70 21:35:46      -51.280113        0.021518
BFGS:   71 21:35:46      -51.281391        0.047650
BFGS:   72 21:35:46      -51.282541        0.064782
BFGS:   73 21:35:46      -51.283141        0.061700
BFGS:   74 21:35:46      -51.283511        0.048870
BFGS:   75 21:35:46      -51.283980        0.029292
BFGS:   76 21:35:46      -51.284529        0.025850
BFGS:   77 21:35:46      -51.284943        0.029901
BFGS:   78 21:35:46      -51.285157        0.030513
BFGS:   79 21:35:46      -51.285317        0.029858
BFGS:   80 21:35:46      -51.285607        0.027752
BFGS:   81 21:35:46      -51.286194        0.023246
BFGS:   82 21:35:46      -51.286954        0.019075
BFGS:   83 21:35:46      -51.287481        0.014074
BFGS:   84 21:35:46      -51.287637        0.013108
BFGS:   85 21:35:46      -51.287675        0.013044
BFGS:   86 21:35:46      -51.287720        0.012610
BFGS:   87 21:35:46      -51.287834        0.011389
BFGS:   88 21:35:46      -51.288067        0.016277
BFGS:   89 21:35:46      -51.288449        0.018172
BFGS:   90 21:35:46      -51.288817        0.014901
BFGS:   91 21:35:46      -51.288993        0.014344
BFGS:   92 21:35:47      -51.289044        0.013421
BFGS:   93 21:35:47      -51.289079        0.013275
BFGS:   94 21:35:47      -51.289150        0.012014
BFGS:   95 21:35:47      -51.289246        0.009409
BFGS:   96 21:35:47      -51.289326        0.007721
BFGS:   97 21:35:47      -51.289357        0.007448
BFGS:   98 21:35:47      -51.289367        0.007606
BFGS:   99 21:35:47      -51.289377        0.007731
BFGS:  100 21:35:47      -51.289401        0.007867
BFGS:  101 21:35:47      -51.289440        0.008440
BFGS:  102 21:35:47      -51.289492        0.014665
BFGS:  103 21:35:47      -51.289538        0.017960
BFGS:  104 21:35:47      -51.289581        0.017679
BFGS:  105 21:35:47      -51.289641        0.014911
BFGS:  106 21:35:47      -51.289744        0.013071
BFGS:  107 21:35:47      -51.289883        0.008076
BFGS:  108 21:35:47      -51.289987        0.005415
BFGS:  109 21:35:47      -51.290019        0.004994
BFGS:  110 21:35:47      -51.290024        0.005383
BFGS:  111 21:35:47      -51.290026        0.005516
BFGS:  112 21:35:47      -51.290033        0.005744
BFGS:  113 21:35:47      -51.290049        0.006028
BFGS:  114 21:35:47      -51.290086        0.009379
BFGS:  115 21:35:47      -51.290162        0.015104
BFGS:  116 21:35:48      -51.290280        0.019242
BFGS:  117 21:35:48      -51.290392        0.017810
BFGS:  118 21:35:48      -51.290453        0.012549
BFGS:  119 21:35:48      -51.290490        0.011562
BFGS:  120 21:35:48      -51.290551        0.011269
BFGS:  121 21:35:48      -51.290678        0.011496
BFGS:  122 21:35:48      -51.290911        0.018148
BFGS:  123 21:35:48      -51.291188        0.021215
BFGS:  124 21:35:48      -51.291359        0.013971
BFGS:  125 21:35:48      -51.291405        0.008217
BFGS:  126 21:35:48      -51.291420        0.007931
BFGS:  127 21:35:48      -51.291447        0.008074
BFGS:  128 21:35:48      -51.291505        0.008362
BFGS:  129 21:35:48      -51.291628        0.014465
BFGS:  130 21:35:48      -51.291796        0.016324
BFGS:  131 21:35:48      -51.291895        0.011858
BFGS:  132 21:35:48      -51.291927        0.009262
BFGS:  133 21:35:48      -51.291945        0.009308
BFGS:  134 21:35:48      -51.291975        0.009157
BFGS:  135 21:35:48      -51.292066        0.011464
BFGS:  136 21:35:48      -51.292203        0.020746
BFGS:  137 21:35:48      -51.292356        0.029587
BFGS:  138 21:35:48      -51.292477        0.032414
BFGS:  139 21:35:49      -51.292586        0.030069
BFGS:  140 21:35:49      -51.292731        0.024082
BFGS:  141 21:35:49      -51.292922        0.019732
BFGS:  142 21:35:49      -51.293100        0.025370
BFGS:  143 21:35:49      -51.293215        0.030547
BFGS:  144 21:35:49      -51.293314        0.029611
BFGS:  145 21:35:49      -51.293461        0.024146
BFGS:  146 21:35:49      -51.293771        0.014637
BFGS:  147 21:35:49      -51.294114        0.012160
BFGS:  148 21:35:49      -51.294373        0.011016
BFGS:  149 21:35:49      -51.294499        0.010426
BFGS:  150 21:35:49      -51.294719        0.014084
BFGS:  151 21:35:49      -51.293736        0.022809
BFGS:  152 21:35:49      -51.294945        0.016660
BFGS:  153 21:35:49      -51.295061        0.009850
BFGS:  154 21:35:49      -51.295152        0.009706
BFGS:  155 21:35:49      -51.295204        0.009466
BFGS:  156 21:35:49      -51.295225        0.009197
BFGS:  157 21:35:49      -51.295308        0.009027
BFGS:  158 21:35:49      -51.295408        0.008794
BFGS:  159 21:35:49      -51.295577        0.008345
BFGS:  160 21:35:49      -51.295704        0.007919
BFGS:  161 21:35:49      -51.295757        0.007848
BFGS:  162 21:35:49      -51.295770        0.007941
BFGS:  163 21:35:50      -51.295778        0.008053
BFGS:  164 21:35:50      -51.295794        0.008175
BFGS:  165 21:35:50      -51.295838        0.008317
BFGS:  166 21:35:50      -51.295911        0.010443
BFGS:  167 21:35:50      -51.296010        0.015930
BFGS:  168 21:35:50      -51.296088        0.018057
BFGS:  169 21:35:50      -51.296134        0.016705
BFGS:  170 21:35:50      -51.296171        0.013827
BFGS:  171 21:35:50      -51.296225        0.011261
BFGS:  172 21:35:50      -51.296295        0.008701
BFGS:  173 21:35:50      -51.296352        0.009303
BFGS:  174 21:35:50      -51.296383        0.011412
BFGS:  175 21:35:50      -51.296406        0.011792
BFGS:  176 21:35:50      -51.296447        0.011740
BFGS:  177 21:35:50      -51.296529        0.011917
BFGS:  178 21:35:50      -51.296663        0.012303
BFGS:  179 21:35:50      -51.296795        0.010696
BFGS:  180 21:35:50      -51.296859        0.007943
BFGS:  181 21:35:50      -51.296876        0.006372
BFGS:  182 21:35:50      -51.296884        0.005631
BFGS:  183 21:35:50      -51.296899        0.004742
BFGS:  184 21:35:50      -51.296918        0.005255
BFGS:  185 21:35:50      -51.296934        0.007229
BFGS:  186 21:35:51      -51.296945        0.007240
BFGS:  187 21:35:51      -51.296954        0.006845
BFGS:  188 21:35:51      -51.296969        0.006824
BFGS:  189 21:35:51      -51.296994        0.005894
BFGS:  190 21:35:51      -51.297028        0.004032
BFGS:  191 21:35:51      -51.297055        0.005638
BFGS:  192 21:35:51      -51.297068        0.005741
BFGS:  193 21:35:51      -51.297073        0.004889
BFGS:  194 21:35:51      -51.297078        0.003883
BFGS:  195 21:35:51      -51.297084        0.002583
BFGS:  196 21:35:51      -51.297092        0.002849
BFGS:  197 21:35:51      -51.297100        0.004267
BFGS:  198 21:35:51      -51.297107        0.004946
BFGS:  199 21:35:51      -51.297114        0.005028
BFGS:  200 21:35:51      -51.297122        0.005533
BFGS:  201 21:35:51      -51.297137        0.005688
BFGS:  202 21:35:51      -51.297166        0.006794
BFGS:  203 21:35:51      -51.297212        0.007987
BFGS:  204 21:35:51      -51.297264        0.009757
BFGS:  205 21:35:51      -51.297299        0.010462
BFGS:  206 21:35:51      -51.297322        0.011574
BFGS:  207 21:35:51      -51.297345        0.011968
BFGS:  208 21:35:52      -51.297398        0.011640
BFGS:  209 21:35:52      -51.297501        0.009750
BFGS:  210 21:35:52      -51.297630        0.008872
BFGS:  211 21:35:52      -51.297704        0.008252
BFGS:  212 21:35:52      -51.297746        0.006805
BFGS:  213 21:35:52      -51.297753        0.006041
BFGS:  214 21:35:52      -51.297762        0.005366
BFGS:  215 21:35:52      -51.297786        0.004258
BFGS:  216 21:35:52      -51.297824        0.003174
BFGS:  217 21:35:52      -51.297857        0.002764
BFGS:  218 21:35:52      -51.297872        0.002818
BFGS:  219 21:35:52      -51.297876        0.002811
BFGS:  220 21:35:52      -51.297877        0.002578
BFGS:  221 21:35:52      -51.297879        0.002100
BFGS:  222 21:35:52      -51.297882        0.001545
BFGS:  223 21:35:52      -51.297886        0.001333
BFGS:  224 21:35:52      -51.297890        0.001192
BFGS:  225 21:35:52      -51.297891        0.001185
BFGS:  226 21:35:52      -51.297891        0.001149
BFGS:  227 21:35:52      -51.297891        0.001048
BFGS:  228 21:35:52      -51.297892        0.000855
