      Step     Time          Energy          fmax
BFGS:    0 13:53:18      -43.173582        1.474209
BFGS:    1 13:53:18      -43.385854        1.280300
BFGS:    2 13:53:18      -44.209828        0.495188
BFGS:    3 13:53:18      -44.393014        0.384573
BFGS:    4 13:53:18      -44.507716        0.453086
BFGS:    5 13:53:18      -44.586498        0.486985
BFGS:    6 13:53:18      -44.683628        0.490815
BFGS:    7 13:53:18      -44.789665        0.456644
BFGS:    8 13:53:18      -44.933660        0.371196
BFGS:    9 13:53:18      -45.081896        0.196596
BFGS:   10 13:53:18      -45.161594        0.194376
BFGS:   11 13:53:19      -45.216109        0.153103
BFGS:   12 13:53:19      -45.222440        0.157172
BFGS:   13 13:53:19      -45.227232        0.153297
BFGS:   14 13:53:19      -45.311740        0.141284
BFGS:   15 13:53:19      -45.442017        0.232166
BFGS:   16 13:53:19      -45.612960        0.308314
BFGS:   17 13:53:19      -45.735331        0.400698
BFGS:   18 13:53:19      -45.789881        0.362029
BFGS:   19 13:53:19      -45.946042        0.296959
BFGS:   20 13:53:19      -45.968399        0.294284
BFGS:   21 13:53:19      -46.215701        0.234751
BFGS:   22 13:53:19      -46.449506        0.221360
BFGS:   23 13:53:19      -46.714608        0.325952
BFGS:   24 13:53:19      -46.983274        0.436919
BFGS:   25 13:53:19      -47.193187        0.769552
BFGS:   26 13:53:19      -47.329195        1.159537
BFGS:   27 13:53:19      -47.468687        1.299326
BFGS:   28 13:53:19      -47.833713        1.133524
BFGS:   29 13:53:19      -48.355089        0.752422
BFGS:   30 13:53:19      -48.938118        0.638695
BFGS:   31 13:53:19      -49.680152        0.363328
BFGS:   32 13:53:19      -50.016913        0.408065
BFGS:   33 13:53:19      -50.280784        0.267851
BFGS:   34 13:53:20      -50.344757        0.275717
BFGS:   35 13:53:20      -50.363145        0.274275
BFGS:   36 13:53:20      -50.389829        0.301763
BFGS:   37 13:53:20      -50.408149        0.308835
BFGS:   38 13:53:20      -50.444566        0.317872
BFGS:   39 13:53:20      -50.469636        0.312388
BFGS:   40 13:53:20      -50.516364        0.312162
BFGS:   41 13:53:20      -50.598378        0.316702
BFGS:   42 13:53:20      -50.677467        0.327056
BFGS:   43 13:53:20      -50.791584        0.336113
BFGS:   44 13:53:20      -50.838840        0.318958
BFGS:   45 13:53:20      -50.857784        0.284931
BFGS:   46 13:53:20      -50.887218        0.223781
BFGS:   47 13:53:20      -50.914467        0.215390
BFGS:   48 13:53:20      -50.969651        0.188400
BFGS:   49 13:53:20      -51.039059        0.171030
BFGS:   50 13:53:20      -51.093257        0.135723
BFGS:   51 13:53:20      -51.121619        0.141940
BFGS:   52 13:53:20      -51.127122        0.139914
BFGS:   53 13:53:20      -51.130304        0.138023
BFGS:   54 13:53:20      -51.135613        0.133657
BFGS:   55 13:53:20      -51.146631        0.123829
BFGS:   56 13:53:21      -51.166739        0.105669
BFGS:   57 13:53:21      -51.197899        0.086081
BFGS:   58 13:53:21      -51.218304        0.064551
BFGS:   59 13:53:21      -51.223761        0.051664
BFGS:   60 13:53:21      -51.225469        0.053212
BFGS:   61 13:53:21      -51.226295        0.054106
BFGS:   62 13:53:21      -51.227239        0.053696
BFGS:   63 13:53:21      -51.228821        0.051756
BFGS:   64 13:53:21      -51.232007        0.048642
BFGS:   65 13:53:21      -51.237836        0.048302
BFGS:   66 13:53:21      -51.245369        0.041792
BFGS:   67 13:53:21      -51.250857        0.038834
BFGS:   68 13:53:21      -51.252835        0.037369
BFGS:   69 13:53:21      -51.253231        0.037492
BFGS:   70 13:53:21      -51.253572        0.037288
BFGS:   71 13:53:21      -51.254476        0.036115
BFGS:   72 13:53:21      -51.256156        0.033462
BFGS:   73 13:53:21      -51.258552        0.045739
BFGS:   74 13:53:21      -51.260384        0.064383
BFGS:   75 13:53:21      -51.261212        0.063467
BFGS:   76 13:53:21      -51.261645        0.053588
BFGS:   77 13:53:21      -51.262168        0.036497
BFGS:   78 13:53:21      -51.262970        0.027109
BFGS:   79 13:53:22      -51.263749        0.026849
BFGS:   80 13:53:22      -51.264194        0.033971
BFGS:   81 13:53:22      -51.264437        0.032923
BFGS:   82 13:53:22      -51.264732        0.028547
BFGS:   83 13:53:22      -51.265380        0.028372
BFGS:   84 13:53:22      -51.266686        0.026706
BFGS:   85 13:53:22      -51.268653        0.023833
BFGS:   86 13:53:22      -51.270292        0.027924
BFGS:   87 13:53:22      -51.270938        0.032961
BFGS:   88 13:53:22      -51.271069        0.033165
BFGS:   89 13:53:22      -51.271132        0.032672
BFGS:   90 13:53:22      -51.271309        0.031455
BFGS:   91 13:53:22      -51.271705        0.029516
BFGS:   92 13:53:22      -51.272631        0.033605
BFGS:   93 13:53:22      -51.274356        0.064299
BFGS:   94 13:53:22      -51.276527        0.100233
BFGS:   95 13:53:22      -51.277652        0.103721
BFGS:   96 13:53:22      -51.278671        0.086422
BFGS:   97 13:53:22      -51.279413        0.069984
BFGS:   98 13:53:22      -51.280858        0.037315
BFGS:   99 13:53:22      -51.282174        0.029766
BFGS:  100 13:53:22      -51.282890        0.028936
BFGS:  101 13:53:23      -51.283069        0.028357
BFGS:  102 13:53:23      -51.283196        0.027945
BFGS:  103 13:53:23      -51.283505        0.027472
BFGS:  104 13:53:23      -51.284178        0.026917
BFGS:  105 13:53:23      -51.285555        0.030287
BFGS:  106 13:53:23      -51.287369        0.031714
BFGS:  107 13:53:23      -51.288966        0.023872
BFGS:  108 13:53:23      -51.289642        0.017905
BFGS:  109 13:53:23      -51.289781        0.018915
BFGS:  110 13:53:23      -51.289885        0.018359
BFGS:  111 13:53:23      -51.290096        0.015821
BFGS:  112 13:53:23      -51.290376        0.015423
BFGS:  113 13:53:23      -51.290604        0.020041
BFGS:  114 13:53:23      -51.290706        0.021272
BFGS:  115 13:53:23      -51.290766        0.019399
BFGS:  116 13:53:23      -51.290855        0.015087
BFGS:  117 13:53:23      -51.291020        0.014680
BFGS:  118 13:53:23      -51.291247        0.014149
BFGS:  119 13:53:23      -51.291443        0.020574
BFGS:  120 13:53:23      -51.291554        0.022808
BFGS:  121 13:53:23      -51.291634        0.021322
BFGS:  122 13:53:23      -51.291781        0.017931
BFGS:  123 13:53:23      -51.292129        0.015259
BFGS:  124 13:53:24      -51.292873        0.015041
BFGS:  125 13:53:24      -51.293997        0.015134
BFGS:  126 13:53:24      -51.294934        0.013484
BFGS:  127 13:53:24      -51.295527        0.006644
BFGS:  128 13:53:24      -51.295574        0.008438
BFGS:  129 13:53:24      -51.295580        0.008706
BFGS:  130 13:53:24      -51.295589        0.008749
BFGS:  131 13:53:24      -51.295611        0.008622
BFGS:  132 13:53:24      -51.295660        0.008227
BFGS:  133 13:53:24      -51.295738        0.007472
BFGS:  134 13:53:24      -51.295819        0.008015
BFGS:  135 13:53:24      -51.295863        0.010085
BFGS:  136 13:53:24      -51.295881        0.010105
BFGS:  137 13:53:24      -51.295897        0.009565
BFGS:  138 13:53:24      -51.295934        0.008347
BFGS:  139 13:53:24      -51.296009        0.007893
BFGS:  140 13:53:24      -51.296133        0.009373
BFGS:  141 13:53:24      -51.296253        0.008690
BFGS:  142 13:53:24      -51.296309        0.006843
BFGS:  143 13:53:24      -51.296326        0.005856
BFGS:  144 13:53:24      -51.296338        0.006172
BFGS:  145 13:53:24      -51.296365        0.006868
BFGS:  146 13:53:25      -51.296421        0.007576
BFGS:  147 13:53:25      -51.296511        0.007908
BFGS:  148 13:53:25      -51.296595        0.007245
BFGS:  149 13:53:25      -51.296632        0.006208
BFGS:  150 13:53:25      -51.296640        0.005680
BFGS:  151 13:53:25      -51.296644        0.005477
BFGS:  152 13:53:25      -51.296653        0.005154
BFGS:  153 13:53:25      -51.296673        0.004673
BFGS:  154 13:53:25      -51.296720        0.004740
BFGS:  155 13:53:25      -51.296801        0.006895
BFGS:  156 13:53:25      -51.296888        0.007855
BFGS:  157 13:53:25      -51.296936        0.008964
BFGS:  158 13:53:25      -51.296956        0.008744
BFGS:  159 13:53:25      -51.296976        0.008144
BFGS:  160 13:53:25      -51.297021        0.007857
BFGS:  161 13:53:25      -51.297118        0.007970
BFGS:  162 13:53:25      -51.297285        0.007421
BFGS:  163 13:53:25      -51.297467        0.007079
BFGS:  164 13:53:25      -51.297566        0.005341
BFGS:  165 13:53:25      -51.297585        0.006327
BFGS:  166 13:53:25      -51.297595        0.006023
BFGS:  167 13:53:25      -51.297600        0.005907
BFGS:  168 13:53:26      -51.297630        0.005168
BFGS:  169 13:53:26      -51.297671        0.004195
BFGS:  170 13:53:26      -51.297744        0.005694
BFGS:  171 13:53:26      -51.297802        0.007299
BFGS:  172 13:53:26      -51.297825        0.006936
BFGS:  173 13:53:26      -51.297833        0.005780
BFGS:  174 13:53:26      -51.297837        0.004345
BFGS:  175 13:53:26      -51.297843        0.002456
BFGS:  176 13:53:26      -51.297849        0.002280
BFGS:  177 13:53:26      -51.297855        0.003147
BFGS:  178 13:53:26      -51.297858        0.004120
BFGS:  179 13:53:26      -51.297861        0.004390
BFGS:  180 13:53:26      -51.297865        0.004192
BFGS:  181 13:53:26      -51.297873        0.003400
BFGS:  182 13:53:26      -51.297882        0.002004
BFGS:  183 13:53:26      -51.297888        0.000916
