      Step     Time          Energy          fmax
BFGS:    0 05:13:21      381.827570      200.971700
BFGS:    1 05:13:22      -16.040504       62.969548
BFGS:    2 05:13:22     -135.504832       33.834910
BFGS:    3 05:13:22     -194.596877       17.764411
BFGS:    4 05:13:22     -225.396247        9.842902
BFGS:    5 05:13:23     -244.655336        6.597349
BFGS:    6 05:13:23     -258.823194        6.290384
BFGS:    7 05:13:23     -270.490991        6.000384
BFGS:    8 05:13:23     -280.589359        5.717579
BFGS:    9 05:13:24     -289.473281        5.440627
BFGS:   10 05:13:24     -297.312601        5.172518
BFGS:   11 05:13:24     -304.229318        4.916066
BFGS:   12 05:13:25     -310.327173        4.672214
BFGS:   13 05:13:25     -315.698007        4.441954
BFGS:   14 05:13:25     -320.424463        4.226152
BFGS:   15 05:13:25     -324.584267        4.025347
BFGS:   16 05:13:26     -328.256416        3.839438
BFGS:   17 05:13:26     -331.515977        3.668114
BFGS:   18 05:13:26     -334.438910        3.511296
BFGS:   19 05:13:26     -337.101189        3.368281
BFGS:   20 05:13:27     -339.572774        3.237683
BFGS:   21 05:13:27     -341.914427        3.118106
BFGS:   22 05:13:27     -344.173926        3.007857
BFGS:   23 05:13:27     -346.382609        2.905592
BFGS:   24 05:13:28     -348.562686        2.810742
BFGS:   25 05:13:28     -350.724592        2.722013
BFGS:   26 05:13:28     -352.869307        2.638357
BFGS:   27 05:13:28     -354.993312        2.559357
BFGS:   28 05:13:29     -357.090335        2.484999
BFGS:   29 05:13:29     -359.155315        2.414760
BFGS:   30 05:13:29     -361.185083        2.347716
BFGS:   31 05:13:29     -363.177815        2.282893
BFGS:   32 05:13:30     -365.132260        2.219800
BFGS:   33 05:13:30     -367.047113        2.158749
BFGS:   34 05:13:30     -368.920461        2.100449
BFGS:   35 05:13:30     -370.750501        2.045075
BFGS:   36 05:13:31     -372.536478        1.992137
BFGS:   37 05:13:31     -374.278491        1.941319
BFGS:   38 05:13:31     -375.975461        1.892752
BFGS:   39 05:13:31     -377.624022        1.846715
BFGS:   40 05:13:32     -379.218417        1.803193
BFGS:   41 05:13:32     -380.753943        1.761924
BFGS:   42 05:13:32     -382.229157        1.723061
BFGS:   43 05:13:32     -383.644039        1.686744
BFGS:   44 05:13:33     -384.999092        1.652642
BFGS:   45 05:13:33     -386.297836        1.620030
BFGS:   46 05:13:33     -387.548421        1.588235
BFGS:   47 05:13:33     -388.758775        1.556953
BFGS:   48 05:13:34     -389.935523        1.526299
BFGS:   49 05:13:34     -391.084572        1.496509
BFGS:   50 05:13:34     -392.210617        1.467705
BFGS:   51 05:13:35     -393.317234        1.439986
BFGS:   52 05:13:35     -394.408032        1.413471
BFGS:   53 05:13:35     -395.487050        1.388244
BFGS:   54 05:13:35     -396.558696        1.364338
BFGS:   55 05:13:36     -397.627822        1.341599
BFGS:   56 05:13:36     -398.700160        1.319569
BFGS:   57 05:13:36     -399.782974        1.297837
BFGS:   58 05:13:36     -400.882425        1.276398
BFGS:   59 05:13:37     -401.998733        1.255328
BFGS:   60 05:13:37     -403.120685        1.234458
BFGS:   61 05:13:37     -404.225676        1.213333
BFGS:   62 05:13:37     -405.291272        1.191807
BFGS:   63 05:13:38     -406.302858        1.169861
BFGS:   64 05:13:38     -407.253419        1.146904
BFGS:   65 05:13:38     -408.146039        1.123558
BFGS:   66 05:13:38     -408.987417        1.100704
BFGS:   67 05:13:39     -409.784737        1.078420
BFGS:   68 05:13:39     -410.545524        1.056035
BFGS:   69 05:13:39     -411.276322        1.032619
BFGS:   70 05:13:39     -411.982825        1.007855
BFGS:   71 05:13:40     -412.670328        0.982406
BFGS:   72 05:13:40     -413.342784        0.957327
BFGS:   73 05:13:40     -414.002504        0.933375
BFGS:   74 05:13:40     -414.650771        0.910616
BFGS:   75 05:13:41     -415.289162        0.888623
BFGS:   76 05:13:41     -415.920544        0.867077
BFGS:   77 05:13:41     -416.547335        0.845972
BFGS:   78 05:13:41     -417.170967        0.825443
BFGS:   79 05:13:42     -417.791370        0.805601
BFGS:   80 05:13:42     -418.406896        0.786524
BFGS:   81 05:13:42     -419.014794        0.819750
BFGS:   82 05:13:42     -419.611929        0.850864
BFGS:   83 05:13:43     -420.195541        0.873836
BFGS:   84 05:13:43     -420.763916        0.889094
BFGS:   85 05:13:43     -421.316338        0.897186
BFGS:   86 05:13:43     -421.852597        0.898657
BFGS:   87 05:13:44     -422.372477        0.894010
BFGS:   88 05:13:44     -422.875616        0.883733
BFGS:   89 05:13:44     -423.361658        0.868339
BFGS:   90 05:13:44     -423.830412        0.848369
BFGS:   91 05:13:45     -424.281931        0.824348
BFGS:   92 05:13:45     -424.716783        0.796710
BFGS:   93 05:13:45     -425.135488        0.765860
BFGS:   94 05:13:45     -425.538354        0.732068
BFGS:   95 05:13:46     -425.925703        0.695490
BFGS:   96 05:13:46     -426.298118        0.656344
BFGS:   97 05:13:46     -426.656480        0.614767
BFGS:   98 05:13:46     -427.001790        0.570940
BFGS:   99 05:13:47     -427.334596        0.525259
BFGS:  100 05:13:47     -427.654929        0.501937
BFGS:  101 05:13:47     -427.963151        0.497286
BFGS:  102 05:13:47     -428.260612        0.492620
BFGS:  103 05:13:48     -428.549386        0.487752
BFGS:  104 05:13:48     -428.831776        0.482935
BFGS:  105 05:13:48     -429.109008        0.478207
BFGS:  106 05:13:48     -429.381913        0.473489
BFGS:  107 05:13:49     -429.651247        0.468699
BFGS:  108 05:13:49     -429.917674        0.463763
BFGS:  109 05:13:49     -430.181602        0.458628
BFGS:  110 05:13:49     -430.443145        0.458199
BFGS:  111 05:13:50     -430.702108        0.459387
BFGS:  112 05:13:50     -430.957991        0.456784
BFGS:  113 05:13:50     -431.210124        0.450460
BFGS:  114 05:13:50     -431.457855        0.440501
BFGS:  115 05:13:51     -431.700702        0.426964
BFGS:  116 05:13:51     -431.938414        0.416904
BFGS:  117 05:13:51     -432.170933        0.410212
BFGS:  118 05:13:51     -432.398189        0.403443
BFGS:  119 05:13:52     -432.620149        0.396606
BFGS:  120 05:13:52     -432.837025        0.390934
BFGS:  121 05:13:52     -433.049404        0.386922
BFGS:  122 05:13:52     -433.258302        0.384654
BFGS:  123 05:13:53     -433.465412        0.384751
BFGS:  124 05:13:53     -433.672794        0.392468
BFGS:  125 05:13:53     -433.882064        0.394594
BFGS:  126 05:13:53     -434.094003        0.396646
BFGS:  127 05:13:54     -434.308645        0.401087
BFGS:  128 05:13:54     -434.525403        0.403565
BFGS:  129 05:13:54     -434.742937        0.402983
BFGS:  130 05:13:54     -434.959284        0.398810
BFGS:  131 05:13:55     -435.172781        0.391352
BFGS:  132 05:13:55     -435.382712        0.381899
BFGS:  133 05:13:55     -435.589569        0.372528
BFGS:  134 05:13:55     -435.793527        0.375236
BFGS:  135 05:13:56     -435.993077        0.394564
BFGS:  136 05:13:56     -436.185266        0.396978
BFGS:  137 05:13:56     -436.366928        0.384120
BFGS:  138 05:13:56     -436.535885        0.387129
BFGS:  139 05:13:57     -436.691479        0.400547
BFGS:  140 05:13:57     -436.834398        0.414592
BFGS:  141 05:13:57     -436.966122        0.427867
BFGS:  142 05:13:57     -437.088466        0.439725
BFGS:  143 05:13:58     -437.203284        0.449882
BFGS:  144 05:13:58     -437.312300        0.458215
BFGS:  145 05:13:58     -437.417082        0.464719
BFGS:  146 05:13:58     -437.519041        0.469455
BFGS:  147 05:13:59     -437.619445        0.472509
BFGS:  148 05:13:59     -437.719445        0.473956
BFGS:  149 05:13:59     -437.820101        0.473836
BFGS:  150 05:13:59     -437.922453        0.472106
BFGS:  151 05:14:00     -438.027618        0.468645
BFGS:  152 05:14:00     -438.136123        0.463341
BFGS:  153 05:14:00     -438.248168        0.456086
BFGS:  154 05:14:00     -438.363768        0.446756
BFGS:  155 05:14:01     -438.482659        0.435206
BFGS:  156 05:14:01     -438.604262        0.421243
BFGS:  157 05:14:01     -438.727697        0.404587
BFGS:  158 05:14:01     -438.851891        0.384797
BFGS:  159 05:14:01     -438.975910        0.361093
BFGS:  160 05:14:02     -439.100059        0.331962
BFGS:  161 05:14:02     -439.228018        0.295527
BFGS:  162 05:14:02     -439.368643        0.248803
BFGS:  163 05:14:02     -439.503430        0.233133
BFGS:  164 05:14:03     -439.657022        0.251399
BFGS:  165 05:14:03     -439.797222        0.250439
BFGS:  166 05:14:03     -439.914050        0.256866
BFGS:  167 05:14:03     -440.007448        0.217462
BFGS:  168 05:14:04     -440.066349        0.198787
BFGS:  169 05:14:04     -440.109993        0.176162
BFGS:  170 05:14:04     -440.146173        0.151968
BFGS:  171 05:14:04     -440.178967        0.127426
BFGS:  172 05:14:05     -440.213127        0.122659
BFGS:  173 05:14:05     -440.255410        0.133841
BFGS:  174 05:14:05     -440.313201        0.156908
BFGS:  175 05:14:05     -440.367237        0.167657
BFGS:  176 05:14:06     -440.417911        0.159328
BFGS:  177 05:14:06     -440.450412        0.135496
BFGS:  178 05:14:06     -440.484922        0.121220
BFGS:  179 05:14:06     -440.523578        0.113757
BFGS:  180 05:14:07     -440.565018        0.121414
BFGS:  181 05:14:07     -440.597962        0.149980
BFGS:  182 05:14:07     -440.622769        0.148671
BFGS:  183 05:14:07     -440.650091        0.122914
BFGS:  184 05:14:08     -440.680812        0.101471
BFGS:  185 05:14:08     -440.709248        0.103060
BFGS:  186 05:14:08     -440.733863        0.103717
BFGS:  187 05:14:08     -440.759453        0.103567
BFGS:  188 05:14:09     -440.788512        0.102704
BFGS:  189 05:14:09     -440.818402        0.108031
BFGS:  190 05:14:09     -440.844543        0.099951
BFGS:  191 05:14:09     -440.866460        0.116271
BFGS:  192 05:14:10     -440.887673        0.122817
BFGS:  193 05:14:10     -440.910411        0.125819
BFGS:  194 05:14:10     -440.930321        0.125605
BFGS:  195 05:14:10     -440.947829        0.117880
BFGS:  196 05:14:11     -440.964419        0.104103
BFGS:  197 05:14:11     -440.983615        0.092917
BFGS:  198 05:14:11     -441.007601        0.098639
BFGS:  199 05:14:11     -441.037478        0.120022
BFGS:  200 05:14:12     -441.071225        0.142877
BFGS:  201 05:14:12     -441.102497        0.143781
BFGS:  202 05:14:12     -441.128272        0.137228
BFGS:  203 05:14:12     -441.153210        0.130787
BFGS:  204 05:14:13     -441.179104        0.143255
BFGS:  205 05:14:13     -441.206514        0.144494
BFGS:  206 05:14:13     -441.238383        0.149372
BFGS:  207 05:14:13     -441.275559        0.185769
BFGS:  208 05:14:14     -441.317657        0.181724
BFGS:  209 05:14:14     -441.366745        0.138209
BFGS:  210 05:14:14     -441.404866        0.128702
BFGS:  211 05:14:14     -441.437542        0.145107
BFGS:  212 05:14:15     -441.471257        0.153177
BFGS:  213 05:14:15     -441.505781        0.150110
BFGS:  214 05:14:15     -441.536372        0.148256
BFGS:  215 05:14:15     -441.568756        0.192640
BFGS:  216 05:14:15     -441.608364        0.220818
BFGS:  217 05:14:16     -441.657571        0.223769
BFGS:  218 05:14:16     -441.715360        0.191929
BFGS:  219 05:14:16     -441.775561        0.181645
BFGS:  220 05:14:16     -441.808534        0.167163
BFGS:  221 05:14:17     -441.852190        0.117306
BFGS:  222 05:14:17     -441.890134        0.145157
BFGS:  223 05:14:17     -441.942239        0.159868
BFGS:  224 05:14:17     -441.985891        0.216332
BFGS:  225 05:14:18     -442.022693        0.224343
BFGS:  226 05:14:18     -442.057914        0.182944
BFGS:  227 05:14:18     -442.094493        0.109317
BFGS:  228 05:14:18     -442.128021        0.112422
BFGS:  229 05:14:19     -442.157261        0.141887
BFGS:  230 05:14:19     -442.180621        0.133965
BFGS:  231 05:14:19     -442.206466        0.106991
BFGS:  232 05:14:19     -442.242660        0.101571
BFGS:  233 05:14:20     -442.283239        0.097501
BFGS:  234 05:14:20     -442.318041        0.113328
BFGS:  235 05:14:20     -442.343755        0.116286
BFGS:  236 05:14:20     -442.363394        0.102466
BFGS:  237 05:14:21     -442.386308        0.097563
BFGS:  238 05:14:21     -442.417378        0.100068
BFGS:  239 05:14:21     -442.450490        0.100181
BFGS:  240 05:14:21     -442.477154        0.120736
BFGS:  241 05:14:22     -442.497070        0.134752
BFGS:  242 05:14:22     -442.520048        0.127403
BFGS:  243 05:14:22     -442.553927        0.102718
BFGS:  244 05:14:22     -442.588836        0.101952
BFGS:  245 05:14:23     -442.618413        0.102119
BFGS:  246 05:14:23     -442.631845        0.097026
BFGS:  247 05:14:23     -442.643862        0.091199
BFGS:  248 05:14:23     -442.660695        0.087591
BFGS:  249 05:14:24     -442.682737        0.091983
BFGS:  250 05:14:24     -442.702260        0.094870
BFGS:  251 05:14:24     -442.716842        0.095748
BFGS:  252 05:14:24     -442.730397        0.100430
BFGS:  253 05:14:24     -442.748077        0.099569
BFGS:  254 05:14:25     -442.769872        0.091593
BFGS:  255 05:14:25     -442.788887        0.102322
BFGS:  256 05:14:25     -442.801005        0.102547
BFGS:  257 05:14:25     -442.811713        0.104567
BFGS:  258 05:14:26     -442.829943        0.105158
BFGS:  259 05:14:26     -442.861079        0.119209
BFGS:  260 05:14:26     -442.896522        0.122394
BFGS:  261 05:14:26     -442.926229        0.115237
BFGS:  262 05:14:27     -442.949410        0.114095
BFGS:  263 05:14:27     -442.970317        0.116737
BFGS:  264 05:14:27     -442.991976        0.113776
BFGS:  265 05:14:27     -443.015204        0.105052
BFGS:  266 05:14:28     -443.038099        0.097848
BFGS:  267 05:14:28     -443.060915        0.097593
BFGS:  268 05:14:28     -443.083204        0.097417
BFGS:  269 05:14:28     -443.105142        0.097431
BFGS:  270 05:14:29     -443.125092        0.097741
BFGS:  271 05:14:29     -443.142458        0.111438
BFGS:  272 05:14:29     -443.155919        0.129948
BFGS:  273 05:14:29     -443.189855        0.141674
BFGS:  274 05:14:30     -443.221549        0.130037
BFGS:  275 05:14:30     -443.252469        0.115942
BFGS:  276 05:14:30     -443.272074        0.120543
BFGS:  277 05:14:30     -443.287779        0.122794
BFGS:  278 05:14:31     -443.300522        0.122320
BFGS:  279 05:14:31     -443.316842        0.121928
BFGS:  280 05:14:31     -443.333989        0.121184
BFGS:  281 05:14:31     -443.353997        0.120773
BFGS:  282 05:14:32     -443.373396        0.120315
BFGS:  283 05:14:32     -443.393600        0.120461
BFGS:  284 05:14:32     -443.410614        0.120793
BFGS:  285 05:14:32     -443.426479        0.121898
BFGS:  286 05:14:33     -443.439072        0.122793
BFGS:  287 05:14:33     -443.451398        0.124102
BFGS:  288 05:14:33     -443.462454        0.124748
BFGS:  289 05:14:33     -443.477560        0.126469
BFGS:  290 05:14:34     -443.492441        0.126718
BFGS:  291 05:14:34     -443.522675        0.129741
BFGS:  292 05:14:34     -443.547167        0.131769
BFGS:  293 05:14:34     -443.571306        0.135814
BFGS:  294 05:14:34     -443.597960        0.138399
BFGS:  295 05:14:35     -443.629775        0.140485
BFGS:  296 05:14:35     -443.658998        0.141840
BFGS:  297 05:14:35     -443.686536        0.143191
BFGS:  298 05:14:35     -443.712323        0.144598
BFGS:  299 05:14:36     -443.737624        0.145807
BFGS:  300 05:14:36     -443.763742        0.146647
BFGS:  301 05:14:36     -443.791700        0.146952
BFGS:  302 05:14:36     -443.821965        0.146446
BFGS:  303 05:14:37     -443.854614        0.144832
BFGS:  304 05:14:37     -443.890132        0.142244
BFGS:  305 05:14:37     -443.925499        0.139366
BFGS:  306 05:14:37     -443.959040        0.136665
BFGS:  307 05:14:38     -443.987904        0.134316
BFGS:  308 05:14:38     -444.015069        0.138685
BFGS:  309 05:14:38     -444.037950        0.146913
BFGS:  310 05:14:38     -444.068317        0.151940
BFGS:  311 05:14:39     -444.087978        0.152444
BFGS:  312 05:14:39     -444.128318        0.142917
BFGS:  313 05:14:39     -444.170917        0.126226
BFGS:  314 05:14:39     -444.239622        0.117896
BFGS:  315 05:14:40     -444.314071        0.112184
BFGS:  316 05:14:40     -444.348110        0.111613
BFGS:  317 05:14:40     -444.368508        0.108545
BFGS:  318 05:14:40     -444.387996        0.108105
BFGS:  319 05:14:41     -444.414388        0.101441
BFGS:  320 05:14:41     -444.449720        0.103613
BFGS:  321 05:14:41     -444.478273        0.119131
BFGS:  322 05:14:41     -444.511800        0.122478
BFGS:  323 05:14:42     -444.543797        0.121721
BFGS:  324 05:14:42     -444.564614        0.108746
BFGS:  325 05:14:42     -444.584643        0.093633
BFGS:  326 05:14:42     -444.597942        0.081848
BFGS:  327 05:14:43     -444.610874        0.086651
BFGS:  328 05:14:43     -444.627358        0.088220
BFGS:  329 05:14:43     -444.648135        0.091271
BFGS:  330 05:14:43     -444.664320        0.087400
BFGS:  331 05:14:44     -444.676848        0.084976
BFGS:  332 05:14:44     -444.685890        0.080206
BFGS:  333 05:14:44     -444.697319        0.077161
BFGS:  334 05:14:44     -444.713254        0.076382
BFGS:  335 05:14:45     -444.739500        0.072277
BFGS:  336 05:14:45     -444.769140        0.077926
BFGS:  337 05:14:45     -444.800646        0.076498
BFGS:  338 05:14:45     -444.817354        0.077783
BFGS:  339 05:14:46     -444.825945        0.080148
BFGS:  340 05:14:46     -444.833333        0.079942
BFGS:  341 05:14:46     -444.845411        0.081083
BFGS:  342 05:14:46     -444.865563        0.088691
BFGS:  343 05:14:46     -444.893166        0.097388
BFGS:  344 05:14:47     -444.922102        0.075842
BFGS:  345 05:14:47     -444.944735        0.079563
BFGS:  346 05:14:47     -444.955289        0.078786
BFGS:  347 05:14:47     -444.960439        0.080911
BFGS:  348 05:14:48     -444.965368        0.079741
BFGS:  349 05:14:48     -444.972517        0.079385
BFGS:  350 05:14:48     -444.983663        0.077094
BFGS:  351 05:14:48     -444.999999        0.075204
BFGS:  352 05:14:49     -445.020181        0.073454
BFGS:  353 05:14:49     -445.039751        0.074130
BFGS:  354 05:14:49     -445.053906        0.075394
BFGS:  355 05:14:49     -445.062809        0.076579
BFGS:  356 05:14:50     -445.069821        0.077363
BFGS:  357 05:14:50     -445.079668        0.077384
BFGS:  358 05:14:50     -445.098321        0.077108
BFGS:  359 05:14:50     -445.120420        0.075700
BFGS:  360 05:14:51     -445.147703        0.074441
BFGS:  361 05:14:51     -445.173164        0.075927
BFGS:  362 05:14:51     -445.197662        0.077593
BFGS:  363 05:14:51     -445.219560        0.079156
BFGS:  364 05:14:52     -445.240439        0.080582
BFGS:  365 05:14:52     -445.258087        0.081855
BFGS:  366 05:14:52     -445.269790        0.082606
BFGS:  367 05:14:52     -445.275432        0.082577
BFGS:  368 05:14:53     -445.290986        0.082021
BFGS:  369 05:14:53     -445.307949        0.081461
BFGS:  370 05:14:53     -445.327297        0.080604
BFGS:  371 05:14:53     -445.350497        0.081919
BFGS:  372 05:14:54     -445.379200        0.083896
BFGS:  373 05:14:54     -445.412256        0.083352
BFGS:  374 05:14:54     -445.448109        0.079726
BFGS:  375 05:14:54     -445.483525        0.074929
BFGS:  376 05:14:55     -445.515019        0.068878
BFGS:  377 05:14:55     -445.523018        0.068706
BFGS:  378 05:14:55     -445.530973        0.068678
BFGS:  379 05:14:55     -445.536210        0.069599
BFGS:  380 05:14:56     -445.546728        0.069840
BFGS:  381 05:14:56     -445.564144        0.071057
BFGS:  382 05:14:56     -445.591390        0.070031
BFGS:  383 05:14:56     -445.614787        0.069039
BFGS:  384 05:14:57     -445.633324        0.067431
BFGS:  385 05:14:57     -445.645382        0.066047
BFGS:  386 05:14:57     -445.649435        0.065131
BFGS:  387 05:14:57     -445.652034        0.064815
BFGS:  388 05:14:58     -445.658339        0.063978
BFGS:  389 05:14:58     -445.669224        0.063214
BFGS:  390 05:14:58     -445.688475        0.061249
BFGS:  391 05:14:58     -445.712322        0.063958
BFGS:  392 05:14:59     -445.730147        0.066655
BFGS:  393 05:14:59     -445.757242        0.071522
BFGS:  394 05:14:59     -445.771256        0.075991
BFGS:  395 05:14:59     -445.780254        0.074018
BFGS:  396 05:15:00     -445.787172        0.073333
BFGS:  397 05:15:00     -445.798225        0.070512
BFGS:  398 05:15:00     -445.815099        0.075117
BFGS:  399 05:15:00     -445.839864        0.068935
BFGS:  400 05:15:01     -445.863692        0.073818
BFGS:  401 05:15:01     -445.901302        0.065809
BFGS:  402 05:15:01     -445.930924        0.065001
BFGS:  403 05:15:01     -445.959539        0.069144
BFGS:  404 05:15:02     -445.974274        0.071938
BFGS:  405 05:15:02     -445.989728        0.074500
BFGS:  406 05:15:02     -445.997312        0.073989
BFGS:  407 05:15:02     -446.007661        0.074383
BFGS:  408 05:15:03     -446.023717        0.074327
BFGS:  409 05:15:03     -446.048868        0.071534
BFGS:  410 05:15:03     -446.085972        0.070188
BFGS:  411 05:15:03     -446.130010        0.077710
BFGS:  412 05:15:04     -446.166274        0.072203
BFGS:  413 05:15:04     -446.194612        0.062839
BFGS:  414 05:15:04     -446.207452        0.067263
BFGS:  415 05:15:04     -446.215138        0.064774
BFGS:  416 05:15:04     -446.224566        0.057903
BFGS:  417 05:15:05     -446.241030        0.055216
BFGS:  418 05:15:05     -446.256583        0.054576
BFGS:  419 05:15:05     -446.284284        0.064494
BFGS:  420 05:15:05     -446.310819        0.064235
BFGS:  421 05:15:06     -446.337423        0.061841
BFGS:  422 05:15:06     -446.363261        0.062719
BFGS:  423 05:15:06     -446.387447        0.062418
BFGS:  424 05:15:06     -446.410170        0.060730
BFGS:  425 05:15:07     -446.431738        0.056921
BFGS:  426 05:15:07     -446.452232        0.053371
BFGS:  427 05:15:07     -446.472089        0.055916
BFGS:  428 05:15:07     -446.490568        0.060127
BFGS:  429 05:15:08     -446.507160        0.061728
BFGS:  430 05:15:08     -446.516871        0.057420
BFGS:  431 05:15:08     -446.528951        0.062480
BFGS:  432 05:15:08     -446.533648        0.053156
BFGS:  433 05:15:09     -446.544599        0.046005
BFGS:  434 05:15:09     -446.564599        0.046909
BFGS:  435 05:15:09     -446.586019        0.056064
BFGS:  436 05:15:09     -446.608535        0.059586
BFGS:  437 05:15:10     -446.630657        0.056995
BFGS:  438 05:15:10     -446.651500        0.060219
BFGS:  439 05:15:10     -446.668181        0.056608
BFGS:  440 05:15:10     -446.680769        0.051217
BFGS:  441 05:15:11     -446.687325        0.045248
BFGS:  442 05:15:11     -446.691003        0.048498
BFGS:  443 05:15:11     -446.699378        0.049607
BFGS:  444 05:15:11     -446.709198        0.048367
BFGS:  445 05:15:12     -446.724821        0.042502
BFGS:  446 05:15:12     -446.747615        0.051342
BFGS:  447 05:15:12     -446.763821        0.047801
BFGS:  448 05:15:12     -446.775265        0.044148
BFGS:  449 05:15:13     -446.784113        0.047978
BFGS:  450 05:15:13     -446.790602        0.051771
BFGS:  451 05:15:13     -446.795429        0.055726
BFGS:  452 05:15:13     -446.799208        0.059558
BFGS:  453 05:15:14     -446.802731        0.063363
BFGS:  454 05:15:14     -446.806758        0.066878
BFGS:  455 05:15:14     -446.811436        0.069358
BFGS:  456 05:15:14     -446.816030        0.068742
BFGS:  457 05:15:15     -446.822078        0.066709
BFGS:  458 05:15:15     -446.831824        0.062947
BFGS:  459 05:15:15     -446.841182        0.057770
BFGS:  460 05:15:15     -446.850772        0.056194
BFGS:  461 05:15:16     -446.867968        0.056125
BFGS:  462 05:15:16     -446.880449        0.059000
BFGS:  463 05:15:16     -446.889775        0.061206
BFGS:  464 05:15:16     -446.895649        0.065185
BFGS:  465 05:15:17     -446.897652        0.066428
BFGS:  466 05:15:17     -446.899834        0.067455
BFGS:  467 05:15:17     -446.902158        0.067203
BFGS:  468 05:15:17     -446.905570        0.065765
BFGS:  469 05:15:18     -446.910806        0.063676
BFGS:  470 05:15:18     -446.921270        0.060039
BFGS:  471 05:15:18     -446.940261        0.056467
BFGS:  472 05:15:18     -446.961529        0.054418
BFGS:  473 05:15:19     -446.982550        0.056480
BFGS:  474 05:15:19     -446.999154        0.059956
BFGS:  475 05:15:19     -447.004809        0.062033
BFGS:  476 05:15:19     -447.009053        0.061904
BFGS:  477 05:15:20     -447.014768        0.063524
BFGS:  478 05:15:20     -447.025142        0.062527
BFGS:  479 05:15:20     -447.040417        0.064248
BFGS:  480 05:15:20     -447.066824        0.062884
BFGS:  481 05:15:21     -447.106382        0.067679
BFGS:  482 05:15:21     -447.144474        0.069782
BFGS:  483 05:15:21     -447.190102        0.065378
BFGS:  484 05:15:21     -447.226378        0.066300
BFGS:  485 05:15:22     -447.261113        0.051303
BFGS:  486 05:15:22     -447.282824        0.062749
BFGS:  487 05:15:22     -447.289682        0.052492
BFGS:  488 05:15:22     -447.301656        0.049271
BFGS:  489 05:15:23     -447.308649        0.050845
BFGS:  490 05:15:23     -447.314807        0.051150
BFGS:  491 05:15:23     -447.321358        0.049745
BFGS:  492 05:15:23     -447.331002        0.046587
BFGS:  493 05:15:24     -447.356314        0.046201
BFGS:  494 05:15:24     -447.379120        0.065541
BFGS:  495 05:15:24     -447.409690        0.077247
BFGS:  496 05:15:24     -447.431799        0.064068
BFGS:  497 05:15:24     -447.446686        0.048993
BFGS:  498 05:15:25     -447.456999        0.047605
BFGS:  499 05:15:25     -447.463621        0.046267
BFGS:  500 05:15:25     -447.467606        0.045390
BFGS:  501 05:15:25     -447.470153        0.045544
BFGS:  502 05:15:26     -447.473686        0.046566
BFGS:  503 05:15:26     -447.479021        0.048583
BFGS:  504 05:15:26     -447.488191        0.051876
BFGS:  505 05:15:26     -447.501961        0.056127
BFGS:  506 05:15:27     -447.517761        0.059277
BFGS:  507 05:15:27     -447.528602        0.058919
BFGS:  508 05:15:27     -447.535289        0.055406
BFGS:  509 05:15:27     -447.537741        0.053084
BFGS:  510 05:15:28     -447.540490        0.050472
BFGS:  511 05:15:28     -447.544153        0.047853
BFGS:  512 05:15:28     -447.548739        0.044799
BFGS:  513 05:15:28     -447.554006        0.044718
BFGS:  514 05:15:29     -447.562534        0.046257
BFGS:  515 05:15:29     -447.569103        0.051152
BFGS:  516 05:15:29     -447.576193        0.065690
BFGS:  517 05:15:29     -447.582366        0.075795
BFGS:  518 05:15:30     -447.588451        0.076486
BFGS:  519 05:15:30     -447.594809        0.067635
BFGS:  520 05:15:30     -447.601840        0.047503
BFGS:  521 05:15:30     -447.608157        0.042531
BFGS:  522 05:15:31     -447.612138        0.041575
BFGS:  523 05:15:31     -447.614255        0.041165
BFGS:  524 05:15:31     -447.615436        0.040509
BFGS:  525 05:15:31     -447.616384        0.039842
BFGS:  526 05:15:32     -447.617562        0.038963
BFGS:  527 05:15:32     -447.619300        0.038374
BFGS:  528 05:15:32     -447.621483        0.043941
BFGS:  529 05:15:32     -447.623594        0.054823
BFGS:  530 05:15:33     -447.625347        0.055571
BFGS:  531 05:15:33     -447.627165        0.047945
BFGS:  532 05:15:33     -447.629792        0.044429
BFGS:  533 05:15:33     -447.633746        0.044786
BFGS:  534 05:15:34     -447.638420        0.053889
BFGS:  535 05:15:34     -447.642254        0.056357
BFGS:  536 05:15:34     -447.644764        0.054211
BFGS:  537 05:15:34     -447.646855        0.049055
BFGS:  538 05:15:35     -447.649316        0.043548
BFGS:  539 05:15:35     -447.652041        0.035275
BFGS:  540 05:15:35     -447.654513        0.040426
BFGS:  541 05:15:35     -447.656466        0.047458
BFGS:  542 05:15:36     -447.658222        0.045268
BFGS:  543 05:15:36     -447.660266        0.038579
BFGS:  544 05:15:36     -447.663053        0.031696
BFGS:  545 05:15:36     -447.666856        0.045411
BFGS:  546 05:15:37     -447.671467        0.057342
BFGS:  547 05:15:37     -447.676040        0.063314
BFGS:  548 05:15:37     -447.680249        0.070382
BFGS:  549 05:15:37     -447.685049        0.078979
BFGS:  550 05:15:38     -447.691893        0.078418
BFGS:  551 05:15:38     -447.699330        0.068284
BFGS:  552 05:15:38     -447.706858        0.062194
BFGS:  553 05:15:38     -447.713972        0.064511
BFGS:  554 05:15:39     -447.719978        0.070712
BFGS:  555 05:15:39     -447.724925        0.074334
BFGS:  556 05:15:39     -447.729885        0.071861
BFGS:  557 05:15:39     -447.735821        0.064115
BFGS:  558 05:15:40     -447.742775        0.058870
BFGS:  559 05:15:40     -447.751680        0.076973
BFGS:  560 05:15:40     -447.757256        0.090256
BFGS:  561 05:15:40     -447.762243        0.093118
BFGS:  562 05:15:41     -447.767673        0.073185
BFGS:  563 05:15:41     -447.773896        0.049995
BFGS:  564 05:15:41     -447.779839        0.073182
BFGS:  565 05:15:41     -447.783879        0.083809
BFGS:  566 05:15:42     -447.786444        0.078180
BFGS:  567 05:15:42     -447.788549        0.058160
BFGS:  568 05:15:42     -447.791031        0.033853
BFGS:  569 05:15:42     -447.793464        0.031725
BFGS:  570 05:15:43     -447.795128        0.030735
BFGS:  571 05:15:43     -447.796078        0.029234
BFGS:  572 05:15:43     -447.796874        0.027604
BFGS:  573 05:15:43     -447.797849        0.027152
BFGS:  574 05:15:44     -447.799063        0.028249
BFGS:  575 05:15:44     -447.800334        0.028115
BFGS:  576 05:15:44     -447.801423        0.029119
BFGS:  577 05:15:44     -447.802305        0.028233
BFGS:  578 05:15:45     -447.803235        0.026808
BFGS:  579 05:15:45     -447.804599        0.028675
BFGS:  580 05:15:45     -447.806772        0.036882
BFGS:  581 05:15:45     -447.809937        0.045695
BFGS:  582 05:15:46     -447.811911        0.061781
BFGS:  583 05:15:46     -447.814081        0.063704
BFGS:  584 05:15:46     -447.816100        0.062396
BFGS:  585 05:15:46     -447.818218        0.058318
BFGS:  586 05:15:46     -447.821542        0.041670
BFGS:  587 05:15:47     -447.825542        0.048536
BFGS:  588 05:15:47     -447.828965        0.048357
BFGS:  589 05:15:47     -447.831341        0.049907
BFGS:  590 05:15:47     -447.833716        0.049887
BFGS:  591 05:15:48     -447.837042        0.050422
BFGS:  592 05:15:48     -447.841327        0.061156
BFGS:  593 05:15:48     -447.845821        0.060956
BFGS:  594 05:15:48     -447.848628        0.060566
BFGS:  595 05:15:49     -447.851316        0.059929
BFGS:  596 05:15:49     -447.853588        0.046239
BFGS:  597 05:15:49     -447.858007        0.034618
BFGS:  598 05:15:49     -447.861618        0.049149
BFGS:  599 05:15:50     -447.868769        0.065423
BFGS:  600 05:15:50     -447.884992        0.117166
BFGS:  601 05:15:50     -447.888593        0.114823
BFGS:  602 05:15:50     -447.890869        0.080309
BFGS:  603 05:15:51     -447.895191        0.080223
BFGS:  604 05:15:51     -447.901922        0.078152
BFGS:  605 05:15:51     -447.911078        0.074144
BFGS:  606 05:15:51     -447.920333        0.074829
BFGS:  607 05:15:52     -447.926557        0.072129
BFGS:  608 05:15:52     -447.931543        0.074178
BFGS:  609 05:15:52     -447.936211        0.065019
BFGS:  610 05:15:52     -447.941068        0.048282
BFGS:  611 05:15:53     -447.946319        0.037976
BFGS:  612 05:15:53     -447.950554        0.043956
BFGS:  613 05:15:53     -447.953132        0.048273
BFGS:  614 05:15:53     -447.954699        0.045257
BFGS:  615 05:15:54     -447.956247        0.036479
BFGS:  616 05:15:54     -447.958191        0.028427
BFGS:  617 05:15:54     -447.960227        0.027176
BFGS:  618 05:15:54     -447.961738        0.036171
BFGS:  619 05:15:55     -447.962618        0.037184
BFGS:  620 05:15:55     -447.963265        0.030920
BFGS:  621 05:15:55     -447.963991        0.022048
BFGS:  622 05:15:55     -447.964838        0.018090
BFGS:  623 05:15:56     -447.965549        0.017147
BFGS:  624 05:15:56     -447.965966        0.020081
BFGS:  625 05:15:56     -447.966205        0.019843
BFGS:  626 05:15:56     -447.966419        0.017040
BFGS:  627 05:15:57     -447.966657        0.011139
BFGS:  628 05:15:57     -447.966858        0.009632
BFGS:  629 05:15:57     -447.966972        0.008373
BFGS:  630 05:15:57     -447.967035        0.008110
BFGS:  631 05:15:58     -447.967097        0.008088
BFGS:  632 05:15:58     -447.967179        0.008064
BFGS:  633 05:15:58     -447.967267        0.007995
BFGS:  634 05:15:58     -447.967338        0.007911
BFGS:  635 05:15:59     -447.967393        0.007798
BFGS:  636 05:15:59     -447.967451        0.007685
BFGS:  637 05:15:59     -447.967527        0.008242
BFGS:  638 05:15:59     -447.967623        0.007843
BFGS:  639 05:16:00     -447.967736        0.008505
BFGS:  640 05:16:00     -447.967868        0.009410
BFGS:  641 05:16:00     -447.968015        0.009981
BFGS:  642 05:16:00     -447.968156        0.011268
BFGS:  643 05:16:01     -447.968272        0.011189
BFGS:  644 05:16:01     -447.968375        0.010691
BFGS:  645 05:16:01     -447.968492        0.008921
BFGS:  646 05:16:01     -447.968623        0.006773
BFGS:  647 05:16:02     -447.968730        0.007848
BFGS:  648 05:16:02     -447.968791        0.008369
BFGS:  649 05:16:02     -447.968833        0.007182
BFGS:  650 05:16:02     -447.968886        0.006729
BFGS:  651 05:16:03     -447.968958        0.006722
BFGS:  652 05:16:03     -447.969028        0.006735
BFGS:  653 05:16:03     -447.969076        0.006786
BFGS:  654 05:16:03     -447.969114        0.006790
BFGS:  655 05:16:04     -447.969167        0.006811
BFGS:  656 05:16:04     -447.969259        0.006812
BFGS:  657 05:16:04     -447.969386        0.009375
BFGS:  658 05:16:04     -447.969511        0.011376
BFGS:  659 05:16:05     -447.969607        0.011180
BFGS:  660 05:16:05     -447.969701        0.009776
BFGS:  661 05:16:05     -447.969843        0.009337
BFGS:  662 05:16:05     -447.970061        0.008309
BFGS:  663 05:16:06     -447.970314        0.009983
BFGS:  664 05:16:06     -447.970515        0.011432
BFGS:  665 05:16:06     -447.970654        0.010827
BFGS:  666 05:16:06     -447.970793        0.009852
BFGS:  667 05:16:07     -447.970992        0.008990
BFGS:  668 05:16:07     -447.971255        0.009633
BFGS:  669 05:16:07     -447.971519        0.010706
BFGS:  670 05:16:07     -447.971713        0.012006
BFGS:  671 05:16:08     -447.971856        0.011505
BFGS:  672 05:16:08     -447.972011        0.010485
BFGS:  673 05:16:08     -447.972224        0.009474
BFGS:  674 05:16:08     -447.972485        0.011439
BFGS:  675 05:16:09     -447.972719        0.012686
BFGS:  676 05:16:09     -447.972874        0.012141
BFGS:  677 05:16:09     -447.972984        0.010354
BFGS:  678 05:16:09     -447.973112        0.008183
BFGS:  679 05:16:10     -447.973284        0.008091
BFGS:  680 05:16:10     -447.973463        0.008294
BFGS:  681 05:16:10     -447.973582        0.008909
BFGS:  682 05:16:10     -447.973642        0.008036
BFGS:  683 05:16:11     -447.973690        0.007429
BFGS:  684 05:16:11     -447.973756        0.006504
BFGS:  685 05:16:11     -447.973838        0.005478
BFGS:  686 05:16:11     -447.973911        0.006798
BFGS:  687 05:16:12     -447.973959        0.006945
BFGS:  688 05:16:12     -447.973996        0.006645
BFGS:  689 05:16:12     -447.974046        0.005845
BFGS:  690 05:16:12     -447.974115        0.007543
BFGS:  691 05:16:13     -447.974187        0.008648
BFGS:  692 05:16:13     -447.974241        0.008729
BFGS:  693 05:16:13     -447.974279        0.007733
BFGS:  694 05:16:13     -447.974324        0.006017
BFGS:  695 05:16:14     -447.974386        0.004801
BFGS:  696 05:16:14     -447.974455        0.004694
BFGS:  697 05:16:14     -447.974502        0.006015
BFGS:  698 05:16:14     -447.974527        0.006033
BFGS:  699 05:16:15     -447.974547        0.005016
BFGS:  700 05:16:15     -447.974578        0.004543
BFGS:  701 05:16:15     -447.974617        0.004491
BFGS:  702 05:16:15     -447.974650        0.004422
BFGS:  703 05:16:16     -447.974670        0.004369
BFGS:  704 05:16:16     -447.974685        0.004330
BFGS:  705 05:16:16     -447.974708        0.004280
BFGS:  706 05:16:16     -447.974744        0.004470
BFGS:  707 05:16:16     -447.974789        0.005471
BFGS:  708 05:16:17     -447.974826        0.005126
BFGS:  709 05:16:17     -447.974852        0.005377
BFGS:  710 05:16:17     -447.974882        0.004880
BFGS:  711 05:16:17     -447.974933        0.004197
BFGS:  712 05:16:18     -447.975012        0.004708
BFGS:  713 05:16:18     -447.975097        0.007590
BFGS:  714 05:16:18     -447.975160        0.008773
BFGS:  715 05:16:18     -447.975209        0.009446
BFGS:  716 05:16:19     -447.975273        0.009137
BFGS:  717 05:16:19     -447.975376        0.007330
BFGS:  718 05:16:19     -447.975503        0.008869
BFGS:  719 05:16:19     -447.975607        0.009669
BFGS:  720 05:16:20     -447.975674        0.010469
BFGS:  721 05:16:20     -447.975737        0.010111
BFGS:  722 05:16:20     -447.975829        0.007939
BFGS:  723 05:16:20     -447.975942        0.006435
BFGS:  724 05:16:21     -447.976036        0.008731
BFGS:  725 05:16:21     -447.976094        0.009629
BFGS:  726 05:16:21     -447.976146        0.008911
BFGS:  727 05:16:21     -447.976225        0.006584
BFGS:  728 05:16:22     -447.976331        0.007807
BFGS:  729 05:16:22     -447.976427        0.007726
BFGS:  730 05:16:22     -447.976478        0.005988
BFGS:  731 05:16:22     -447.976503        0.005333
BFGS:  732 05:16:23     -447.976528        0.004185
BFGS:  733 05:16:23     -447.976561        0.003505
BFGS:  734 05:16:23     -447.976591        0.003440
BFGS:  735 05:16:23     -447.976610        0.003717
BFGS:  736 05:16:24     -447.976619        0.003337
BFGS:  737 05:16:24     -447.976626        0.002495
BFGS:  738 05:16:24     -447.976636        0.002050
BFGS:  739 05:16:24     -447.976646        0.002081
BFGS:  740 05:16:25     -447.976653        0.003052
BFGS:  741 05:16:25     -447.976657        0.002949
BFGS:  742 05:16:25     -447.976660        0.002237
BFGS:  743 05:16:25     -447.976664        0.001422
BFGS:  744 05:16:26     -447.976668        0.001121
BFGS:  745 05:16:26     -447.976671        0.001431
BFGS:  746 05:16:26     -447.976673        0.001433
BFGS:  747 05:16:26     -447.976674        0.001174
BFGS:  748 05:16:27     -447.976675        0.001021
BFGS:  749 05:16:27     -447.976677        0.000762
