      Step     Time          Energy          fmax
BFGS:    0 13:59:37      -18.294524        7.901467
BFGS:    1 13:59:37      -20.908140        4.428015
BFGS:    2 13:59:37      -22.563033        2.228927
BFGS:    3 13:59:37      -23.406546        1.243517
BFGS:    4 13:59:37      -23.999484        0.928091
BFGS:    5 13:59:37      -24.432931        0.610127
BFGS:    6 13:59:37      -24.665084        0.525899
BFGS:    7 13:59:37      -24.742613        0.727114
BFGS:    8 13:59:37      -24.782915        0.780756
BFGS:    9 13:59:37      -24.952148        0.756821
BFGS:   10 13:59:37      -25.093327        0.506253
BFGS:   11 13:59:37      -25.217066        0.265665
BFGS:   12 13:59:37      -25.262055        0.333167
BFGS:   13 13:59:37      -25.277124        0.354476
BFGS:   14 13:59:37      -25.303489        0.383522
BFGS:   15 13:59:37      -25.353997        0.407416
BFGS:   16 13:59:37      -25.412925        0.348251
BFGS:   17 13:59:37      -25.463279        0.247777
BFGS:   18 13:59:37      -25.483011        0.241807
BFGS:   19 13:59:37      -25.486743        0.237638
BFGS:   20 13:59:37      -25.540718        0.155614
BFGS:   21 13:59:37      -25.574941        0.190605
BFGS:   22 13:59:37      -25.598467        0.125306
BFGS:   23 13:59:37      -25.600893        0.087891
BFGS:   24 13:59:37      -25.601907        0.088316
BFGS:   25 13:59:37      -25.604219        0.085100
BFGS:   26 13:59:37      -25.609027        0.077360
BFGS:   27 13:59:37      -25.614985        0.063264
BFGS:   28 13:59:37      -25.619155        0.055892
BFGS:   29 13:59:38      -25.620550        0.055124
BFGS:   30 13:59:38      -25.620897        0.055562
BFGS:   31 13:59:38      -25.621376        0.055375
BFGS:   32 13:59:38      -25.622531        0.055586
BFGS:   33 13:59:38      -25.624765        0.056034
BFGS:   34 13:59:38      -25.627982        0.050041
BFGS:   35 13:59:38      -25.630333        0.031403
BFGS:   36 13:59:38      -25.630973        0.023113
BFGS:   37 13:59:38      -25.631085        0.022085
BFGS:   38 13:59:38      -25.631146        0.021267
BFGS:   39 13:59:38      -25.631291        0.020055
BFGS:   40 13:59:38      -25.631616        0.018852
BFGS:   41 13:59:38      -25.632256        0.021584
BFGS:   42 13:59:38      -25.633089        0.025338
BFGS:   43 13:59:38      -25.633686        0.025234
BFGS:   44 13:59:38      -25.633906        0.023670
BFGS:   45 13:59:38      -25.633977        0.022027
BFGS:   46 13:59:38      -25.634089        0.020444
BFGS:   47 13:59:38      -25.634349        0.017689
BFGS:   48 13:59:38      -25.634807        0.017147
BFGS:   49 13:59:38      -25.635349        0.019731
BFGS:   50 13:59:38      -25.635669        0.021598
BFGS:   51 13:59:38      -25.635769        0.018681
BFGS:   52 13:59:38      -25.635818        0.019429
BFGS:   53 13:59:38      -25.635922        0.020452
BFGS:   54 13:59:38      -25.636171        0.021344
BFGS:   55 13:59:38      -25.636738        0.021871
BFGS:   56 13:59:38      -25.637780        0.028580
BFGS:   57 13:59:38      -25.639008        0.043269
BFGS:   58 13:59:38      -25.639744        0.043633
BFGS:   59 13:59:38      -25.640033        0.037071
BFGS:   60 13:59:38      -25.640172        0.032870
BFGS:   61 13:59:38      -25.640473        0.026043
BFGS:   62 13:59:39      -25.641017        0.023107
BFGS:   63 13:59:39      -25.641712        0.035889
BFGS:   64 13:59:39      -25.642161        0.047124
BFGS:   65 13:59:39      -25.642324        0.043068
BFGS:   66 13:59:39      -25.642407        0.034369
BFGS:   67 13:59:39      -25.642519        0.019313
BFGS:   68 13:59:39      -25.642657        0.010765
BFGS:   69 13:59:39      -25.642753        0.014803
BFGS:   70 13:59:39      -25.642796        0.016927
BFGS:   71 13:59:39      -25.642828        0.015028
BFGS:   72 13:59:39      -25.642896        0.013664
BFGS:   73 13:59:39      -25.643049        0.015141
BFGS:   74 13:59:39      -25.643361        0.022975
BFGS:   75 13:59:39      -25.643812        0.029039
BFGS:   76 13:59:39      -25.644164        0.024674
BFGS:   77 13:59:39      -25.644296        0.019930
BFGS:   78 13:59:39      -25.644333        0.016628
BFGS:   79 13:59:39      -25.644361        0.013313
BFGS:   80 13:59:39      -25.644424        0.009807
BFGS:   81 13:59:39      -25.644524        0.011792
BFGS:   82 13:59:39      -25.644596        0.020812
BFGS:   83 13:59:39      -25.644639        0.023638
BFGS:   84 13:59:39      -25.644679        0.023280
BFGS:   85 13:59:39      -25.644761        0.021065
BFGS:   86 13:59:39      -25.644921        0.017076
BFGS:   87 13:59:39      -25.645151        0.013005
BFGS:   88 13:59:39      -25.645331        0.010798
BFGS:   89 13:59:39      -25.645396        0.010391
BFGS:   90 13:59:39      -25.645413        0.009857
BFGS:   91 13:59:39      -25.645429        0.009333
BFGS:   92 13:59:39      -25.645468        0.008302
BFGS:   93 13:59:39      -25.645540        0.010834
BFGS:   94 13:59:39      -25.645648        0.021245
BFGS:   95 13:59:39      -25.645744        0.029114
BFGS:   96 13:59:39      -25.645808        0.030646
BFGS:   97 13:59:40      -25.645857        0.028023
BFGS:   98 13:59:40      -25.645920        0.022301
BFGS:   99 13:59:40      -25.646009        0.013069
BFGS:  100 13:59:40      -25.646081        0.006422
BFGS:  101 13:59:40      -25.646110        0.006193
BFGS:  102 13:59:40      -25.646120        0.006068
BFGS:  103 13:59:40      -25.646125        0.005821
BFGS:  104 13:59:40      -25.646132        0.005479
BFGS:  105 13:59:40      -25.646151        0.004996
BFGS:  106 13:59:40      -25.646185        0.004644
BFGS:  107 13:59:40      -25.646225        0.006689
BFGS:  108 13:59:40      -25.646251        0.009054
BFGS:  109 13:59:40      -25.646266        0.009415
BFGS:  110 13:59:40      -25.646279        0.008908
BFGS:  111 13:59:40      -25.646304        0.007719
BFGS:  112 13:59:40      -25.646356        0.007136
BFGS:  113 13:59:40      -25.646450        0.006668
BFGS:  114 13:59:40      -25.646566        0.005886
BFGS:  115 13:59:40      -25.646660        0.005181
BFGS:  116 13:59:40      -25.646694        0.005820
BFGS:  117 13:59:40      -25.646697        0.005903
BFGS:  118 13:59:40      -25.646702        0.005795
BFGS:  119 13:59:40      -25.646712        0.005514
BFGS:  120 13:59:40      -25.646735        0.004750
BFGS:  121 13:59:40      -25.646777        0.006236
BFGS:  122 13:59:40      -25.646826        0.006728
BFGS:  123 13:59:40      -25.646855        0.005835
BFGS:  124 13:59:40      -25.646864        0.006284
BFGS:  125 13:59:40      -25.646869        0.006109
BFGS:  126 13:59:40      -25.646877        0.005433
BFGS:  127 13:59:40      -25.646894        0.004506
BFGS:  128 13:59:40      -25.646918        0.004356
BFGS:  129 13:59:40      -25.646937        0.004526
BFGS:  130 13:59:40      -25.646944        0.004714
BFGS:  131 13:59:41      -25.646946        0.004649
BFGS:  132 13:59:41      -25.646949        0.004503
BFGS:  133 13:59:41      -25.646957        0.004454
BFGS:  134 13:59:41      -25.646978        0.004699
BFGS:  135 13:59:41      -25.647024        0.005924
BFGS:  136 13:59:41      -25.647101        0.008930
BFGS:  137 13:59:41      -25.647191        0.010097
BFGS:  138 13:59:41      -25.647254        0.009242
BFGS:  139 13:59:41      -25.647280        0.009064
BFGS:  140 13:59:41      -25.647298        0.009186
BFGS:  141 13:59:41      -25.647353        0.009658
BFGS:  142 13:59:41      -25.645250        0.032163
BFGS:  143 13:59:41      -25.645950        0.042856
BFGS:  144 13:59:41      -25.647544        0.018758
BFGS:  145 13:59:41      -25.647935        0.010101
BFGS:  146 13:59:41      -25.648068        0.009654
BFGS:  147 13:59:41      -25.648142        0.011164
BFGS:  148 13:59:41      -25.648244        0.010128
BFGS:  149 13:59:41      -25.648418        0.011393
BFGS:  150 13:59:41      -25.648470        0.007713
BFGS:  151 13:59:41      -25.648479        0.007456
BFGS:  152 13:59:41      -25.648498        0.007514
BFGS:  153 13:59:41      -25.648523        0.008159
BFGS:  154 13:59:41      -25.648586        0.008554
BFGS:  155 13:59:41      -25.648655        0.006326
BFGS:  156 13:59:41      -25.648703        0.004176
BFGS:  157 13:59:41      -25.648715        0.004012
BFGS:  158 13:59:41      -25.648719        0.003787
BFGS:  159 13:59:41      -25.648722        0.003482
BFGS:  160 13:59:41      -25.648727        0.003184
BFGS:  161 13:59:41      -25.648738        0.003780
BFGS:  162 13:59:41      -25.648753        0.003465
BFGS:  163 13:59:41      -25.648767        0.002346
BFGS:  164 13:59:41      -25.648771        0.002114
BFGS:  165 13:59:41      -25.648773        0.001972
BFGS:  166 13:59:42      -25.648773        0.001903
BFGS:  167 13:59:42      -25.648774        0.001873
BFGS:  168 13:59:42      -25.648775        0.001852
BFGS:  169 13:59:42      -25.648777        0.001813
BFGS:  170 13:59:42      -25.648782        0.002168
BFGS:  171 13:59:42      -25.648794        0.002815
BFGS:  172 13:59:42      -25.648819        0.003529
BFGS:  173 13:59:42      -25.648858        0.003843
BFGS:  174 13:59:42      -25.648892        0.003375
BFGS:  175 13:59:42      -25.648906        0.002942
BFGS:  176 13:59:42      -25.648909        0.002793
BFGS:  177 13:59:42      -25.648910        0.002668
BFGS:  178 13:59:42      -25.648912        0.002393
BFGS:  179 13:59:42      -25.648916        0.002179
BFGS:  180 13:59:42      -25.648924        0.001705
BFGS:  181 13:59:42      -25.648932        0.001252
BFGS:  182 13:59:42      -25.648936        0.001306
BFGS:  183 13:59:42      -25.648937        0.001157
BFGS:  184 13:59:42      -25.648937        0.001084
BFGS:  185 13:59:42      -25.648937        0.001032
BFGS:  186 13:59:42      -25.648938        0.000914
