      Step     Time          Energy          fmax
BFGS:    0 15:01:57      -19.900462       14.267124
BFGS:    1 15:01:57      -32.310073        6.511354
BFGS:    2 15:01:57      -39.683519        3.527492
BFGS:    3 15:01:57      -43.278593        2.316602
BFGS:    4 15:01:57      -44.864350        1.685470
BFGS:    5 15:01:57      -45.703649        1.414260
BFGS:    6 15:01:57      -46.328229        1.200204
BFGS:    7 15:01:57      -46.949844        1.332085
BFGS:    8 15:01:57      -47.601510        1.243046
BFGS:    9 15:01:57      -48.190151        0.975767
BFGS:   10 15:01:57      -48.632807        0.642634
BFGS:   11 15:01:57      -48.743406        0.737631
BFGS:   12 15:01:57      -48.826917        0.765210
BFGS:   13 15:01:57      -49.033461        0.758577
BFGS:   14 15:01:58      -49.195758        0.682722
BFGS:   15 15:01:58      -49.374324        0.540410
BFGS:   16 15:01:58      -49.461546        0.455206
BFGS:   17 15:01:58      -49.518807        0.473106
BFGS:   18 15:01:58      -49.626206        0.467843
BFGS:   19 15:01:58      -49.760526        0.442947
BFGS:   20 15:01:58      -49.920826        0.404309
BFGS:   21 15:01:58      -50.091199        0.349473
BFGS:   22 15:01:58      -50.271512        0.279870
BFGS:   23 15:01:58      -50.411765        0.229208
BFGS:   24 15:01:58      -50.476868        0.245192
BFGS:   25 15:01:58      -50.492082        0.235287
BFGS:   26 15:01:58      -50.551150        0.187371
BFGS:   27 15:01:58      -50.585430        0.183808
BFGS:   28 15:01:58      -50.663146        0.197096
BFGS:   29 15:01:58      -50.705542        0.195052
BFGS:   30 15:01:58      -50.723954        0.184959
BFGS:   31 15:01:58      -50.733457        0.174788
BFGS:   32 15:01:58      -50.743151        0.181743
BFGS:   33 15:01:58      -50.765825        0.214733
BFGS:   34 15:01:58      -50.810807        0.241662
BFGS:   35 15:01:58      -50.837752        0.278985
BFGS:   36 15:01:58      -50.867148        0.247360
BFGS:   37 15:01:59      -50.884277        0.196302
BFGS:   38 15:01:59      -50.889559        0.190938
BFGS:   39 15:01:59      -50.896288        0.184183
BFGS:   40 15:01:59      -50.910892        0.173673
BFGS:   41 15:01:59      -50.933168        0.159234
BFGS:   42 15:01:59      -50.988849        0.161803
BFGS:   43 15:01:59      -51.010475        0.188756
BFGS:   44 15:01:59      -51.032130        0.175092
BFGS:   45 15:01:59      -51.050561        0.156404
BFGS:   46 15:01:59      -51.058234        0.161730
BFGS:   47 15:01:59      -51.096464        0.169865
BFGS:   48 15:01:59      -51.135048        0.153792
BFGS:   49 15:01:59      -51.179221        0.145177
BFGS:   50 15:01:59      -51.220561        0.094798
BFGS:   51 15:01:59      -51.232289        0.080370
BFGS:   52 15:01:59      -51.234063        0.071219
BFGS:   53 15:01:59      -51.234583        0.068699
BFGS:   54 15:01:59      -51.235234        0.067100
BFGS:   55 15:01:59      -51.236651        0.064797
BFGS:   56 15:01:59      -51.238847        0.061136
BFGS:   57 15:01:59      -51.241383        0.055237
BFGS:   58 15:01:59      -51.243054        0.053453
BFGS:   59 15:01:59      -51.243835        0.053603
BFGS:   60 15:02:00      -51.244591        0.049662
BFGS:   61 15:02:00      -51.246185        0.042143
BFGS:   62 15:02:00      -51.248856        0.042054
BFGS:   63 15:02:00      -51.252033        0.072298
BFGS:   64 15:02:00      -51.254138        0.087452
BFGS:   65 15:02:00      -51.255053        0.077874
BFGS:   66 15:02:00      -51.255635        0.058214
BFGS:   67 15:02:00      -51.256364        0.025503
BFGS:   68 15:02:00      -51.257018        0.022392
BFGS:   69 15:02:00      -51.257386        0.027905
BFGS:   70 15:02:00      -51.257572        0.027837
BFGS:   71 15:02:00      -51.257808        0.025305
BFGS:   72 15:02:00      -51.258313        0.029289
BFGS:   73 15:02:00      -51.259265        0.033282
BFGS:   74 15:02:00      -51.260648        0.050849
BFGS:   75 15:02:00      -51.261938        0.072602
BFGS:   76 15:02:00      -51.262773        0.074600
BFGS:   77 15:02:00      -51.263396        0.063609
BFGS:   78 15:02:00      -51.264215        0.041722
BFGS:   79 15:02:00      -51.265300        0.029678
BFGS:   80 15:02:00      -51.266186        0.028148
BFGS:   81 15:02:00      -51.266609        0.033980
BFGS:   82 15:02:00      -51.266876        0.032670
BFGS:   83 15:02:01      -51.267287        0.029907
BFGS:   84 15:02:01      -51.268040        0.034093
BFGS:   85 15:02:01      -51.269191        0.031759
BFGS:   86 15:02:01      -51.270290        0.028449
BFGS:   87 15:02:01      -51.270829        0.030756
BFGS:   88 15:02:01      -51.271025        0.031426
BFGS:   89 15:02:01      -51.271217        0.031995
BFGS:   90 15:02:01      -51.271624        0.032906
BFGS:   91 15:02:01      -51.272417        0.034165
BFGS:   92 15:02:01      -51.273730        0.035499
BFGS:   93 15:02:01      -51.275157        0.043448
BFGS:   94 15:02:01      -51.276063        0.045514
BFGS:   95 15:02:01      -51.276417        0.038257
BFGS:   96 15:02:01      -51.276674        0.033100
BFGS:   97 15:02:01      -51.277128        0.032850
BFGS:   98 15:02:01      -51.277702        0.032386
BFGS:   99 15:02:01      -51.278244        0.046823
BFGS:  100 15:02:01      -51.278668        0.057509
BFGS:  101 15:02:01      -51.279168        0.060038
BFGS:  102 15:02:01      -51.280114        0.057648
BFGS:  103 15:02:01      -51.282059        0.049304
BFGS:  104 15:02:01      -51.285508        0.034029
BFGS:  105 15:02:01      -51.290573        0.048372
BFGS:  106 15:02:02      -51.291448        0.054134
BFGS:  107 15:02:02      -51.293510        0.041561
BFGS:  108 15:02:02      -51.294029        0.036581
BFGS:  109 15:02:02      -51.294361        0.029872
BFGS:  110 15:02:02      -51.294613        0.025178
BFGS:  111 15:02:02      -51.295290        0.022261
BFGS:  112 15:02:02      -51.295719        0.021971
BFGS:  113 15:02:02      -51.295908        0.022217
BFGS:  114 15:02:02      -51.295969        0.022502
BFGS:  115 15:02:02      -51.296052        0.022779
BFGS:  116 15:02:02      -51.296241        0.023060
BFGS:  117 15:02:02      -51.296629        0.023026
BFGS:  118 15:02:02      -51.297235        0.024859
BFGS:  119 15:02:02      -51.297793        0.019960
BFGS:  120 15:02:02      -51.298042        0.018204
BFGS:  121 15:02:02      -51.298123        0.017569
BFGS:  122 15:02:02      -51.298205        0.017191
BFGS:  123 15:02:02      -51.298408        0.017427
BFGS:  124 15:02:02      -51.298851        0.026011
BFGS:  125 15:02:02      -51.299719        0.035579
BFGS:  126 15:02:02      -51.300922        0.039844
BFGS:  127 15:02:02      -51.301876        0.035553
BFGS:  128 15:02:02      -51.302290        0.030326
BFGS:  129 15:02:03      -51.302525        0.027454
BFGS:  130 15:02:03      -51.302834        0.024872
BFGS:  131 15:02:03      -51.303302        0.021262
BFGS:  132 15:02:03      -51.303837        0.015397
BFGS:  133 15:02:03      -51.304210        0.009925
BFGS:  134 15:02:03      -51.304363        0.010136
BFGS:  135 15:02:03      -51.304415        0.010788
BFGS:  136 15:02:03      -51.304439        0.011055
BFGS:  137 15:02:03      -51.304456        0.011150
BFGS:  138 15:02:03      -51.304481        0.011181
BFGS:  139 15:02:03      -51.304527        0.011147
BFGS:  140 15:02:03      -51.304599        0.010999
BFGS:  141 15:02:03      -51.304669        0.010780
BFGS:  142 15:02:03      -51.304706        0.010669
BFGS:  143 15:02:03      -51.304722        0.010657
BFGS:  144 15:02:03      -51.304741        0.010653
BFGS:  145 15:02:03      -51.304787        0.010604
BFGS:  146 15:02:03      -51.304895        0.010867
BFGS:  147 15:02:03      -51.305125        0.013970
BFGS:  148 15:02:03      -51.305497        0.018051
BFGS:  149 15:02:03      -51.305862        0.017452
BFGS:  150 15:02:03      -51.306044        0.014825
BFGS:  151 15:02:03      -51.306124        0.013557
BFGS:  152 15:02:04      -51.306197        0.013749
BFGS:  153 15:02:04      -51.306369        0.014042
BFGS:  154 15:02:04      -51.306617        0.012181
BFGS:  155 15:02:04      -51.306833        0.007618
BFGS:  156 15:02:04      -51.306906        0.004675
BFGS:  157 15:02:04      -51.306918        0.004351
BFGS:  158 15:02:04      -51.306922        0.004286
BFGS:  159 15:02:04      -51.306931        0.003881
BFGS:  160 15:02:04      -51.306946        0.003162
BFGS:  161 15:02:04      -51.306962        0.002513
BFGS:  162 15:02:04      -51.306970        0.001819
BFGS:  163 15:02:04      -51.306972        0.001805
BFGS:  164 15:02:04      -51.306972        0.001821
BFGS:  165 15:02:04      -51.306973        0.001824
BFGS:  166 15:02:04      -51.306975        0.001824
BFGS:  167 15:02:04      -51.306978        0.002241
BFGS:  168 15:02:04      -51.306983        0.003174
BFGS:  169 15:02:04      -51.306987        0.003121
BFGS:  170 15:02:04      -51.306989        0.003325
BFGS:  171 15:02:04      -51.306990        0.002848
BFGS:  172 15:02:04      -51.306991        0.001764
BFGS:  173 15:02:04      -51.306993        0.001952
BFGS:  174 15:02:04      -51.306994        0.003212
BFGS:  175 15:02:05      -51.306995        0.003558
BFGS:  176 15:02:05      -51.306997        0.003297
BFGS:  177 15:02:05      -51.306999        0.003048
BFGS:  178 15:02:05      -51.307003        0.002403
BFGS:  179 15:02:05      -51.307007        0.001833
BFGS:  180 15:02:05      -51.307009        0.002278
BFGS:  181 15:02:05      -51.307010        0.002272
BFGS:  182 15:02:05      -51.307011        0.002157
BFGS:  183 15:02:05      -51.307012        0.001922
BFGS:  184 15:02:05      -51.307016        0.001675
BFGS:  185 15:02:05      -51.307023        0.002218
BFGS:  186 15:02:05      -51.307032        0.002546
BFGS:  187 15:02:05      -51.307038        0.002188
BFGS:  188 15:02:05      -51.307040        0.001751
BFGS:  189 15:02:05      -51.307040        0.001478
BFGS:  190 15:02:05      -51.307041        0.001270
BFGS:  191 15:02:05      -51.307042        0.000933
