      Step     Time          Energy          fmax
BFGS:    0 14:09:14      -40.648215       41.657777
BFGS:    1 14:09:14      -75.538560        9.151801
BFGS:    2 14:09:14      -80.713267        6.018153
BFGS:    3 14:09:14      -87.770623        2.199213
BFGS:    4 14:09:14      -90.272907        0.900488
BFGS:    5 14:09:14      -91.504175        0.631215
BFGS:    6 14:09:14      -91.967164        0.492472
BFGS:    7 14:09:14      -92.161206        0.440471
BFGS:    8 14:09:14      -92.296596        0.477243
BFGS:    9 14:09:14      -92.484455        0.491064
BFGS:   10 14:09:14      -92.752738        0.489357
BFGS:   11 14:09:14      -93.101006        0.443105
BFGS:   12 14:09:15      -93.355314        0.489442
BFGS:   13 14:09:15      -93.409963        0.462412
BFGS:   14 14:09:15      -93.510121        0.376650
BFGS:   15 14:09:15      -93.611239        0.384266
BFGS:   16 14:09:15      -93.830934        0.426135
BFGS:   17 14:09:15      -93.966906        0.461944
BFGS:   18 14:09:15      -94.008472        0.467731
BFGS:   19 14:09:15      -94.036600        0.464323
BFGS:   20 14:09:15      -94.092428        0.452736
BFGS:   21 14:09:15      -94.201751        0.430766
BFGS:   22 14:09:15      -94.360027        0.405042
BFGS:   23 14:09:15      -94.524931        0.383015
BFGS:   24 14:09:15      -94.685066        0.360285
BFGS:   25 14:09:15      -94.826330        0.333727
BFGS:   26 14:09:16      -94.938186        0.327413
BFGS:   27 14:09:16      -95.015318        0.390201
BFGS:   28 14:09:16      -95.060506        0.437226
BFGS:   29 14:09:16      -95.103184        0.454519
BFGS:   30 14:09:16      -95.216079        0.469899
BFGS:   31 14:09:16      -95.362547        0.461594
BFGS:   32 14:09:16      -95.545525        0.413685
BFGS:   33 14:09:16      -95.737283        0.295985
BFGS:   34 14:09:16      -95.818199        0.200124
BFGS:   35 14:09:16      -95.850642        0.177710
BFGS:   36 14:09:16      -95.885928        0.161360
BFGS:   37 14:09:16      -95.897960        0.146476
BFGS:   38 14:09:16      -95.923526        0.144571
BFGS:   39 14:09:16      -95.956910        0.135105
BFGS:   40 14:09:16      -96.034385        0.129762
BFGS:   41 14:09:17      -96.152000        0.142055
BFGS:   42 14:09:17      -96.272859        0.185263
BFGS:   43 14:09:17      -96.328379        0.215054
BFGS:   44 14:09:17      -96.359167        0.234396
BFGS:   45 14:09:17      -96.392826        0.271990
BFGS:   46 14:09:17      -96.485325        0.375959
BFGS:   47 14:09:17      -96.556169        0.436965
BFGS:   48 14:09:17      -96.675036        0.424385
BFGS:   49 14:09:17      -96.945878        0.478661
BFGS:   50 14:09:17      -97.262402        0.454227
BFGS:   51 14:09:17      -97.489696        0.437804
BFGS:   52 14:09:17      -97.749955        0.384145
BFGS:   53 14:09:17      -97.992440        0.426288
BFGS:   54 14:09:17      -98.296276        0.477054
BFGS:   55 14:09:17      -98.625840        0.486114
BFGS:   56 14:09:18      -98.904751        0.461359
BFGS:   57 14:09:18      -99.031297        0.422251
BFGS:   58 14:09:18      -99.142621        0.440465
BFGS:   59 14:09:18      -99.295876        0.453201
BFGS:   60 14:09:18      -99.415979        0.477921
BFGS:   61 14:09:18      -99.579928        0.481904
BFGS:   62 14:09:18      -99.684597        0.467786
BFGS:   63 14:09:18      -99.756330        0.442157
BFGS:   64 14:09:18      -99.799971        0.411504
BFGS:   65 14:09:18      -99.825401        0.397247
BFGS:   66 14:09:18      -99.879380        0.390361
BFGS:   67 14:09:18      -99.984778        0.378468
BFGS:   68 14:09:18     -100.143039        0.388144
BFGS:   69 14:09:18     -100.313877        0.337379
BFGS:   70 14:09:19     -100.521956        0.305492
BFGS:   71 14:09:19     -100.652405        0.280290
BFGS:   72 14:09:19     -100.737695        0.266916
BFGS:   73 14:09:19     -100.765627        0.251739
BFGS:   74 14:09:19     -100.784022        0.247403
BFGS:   75 14:09:19     -100.803885        0.243942
BFGS:   76 14:09:19     -100.814849        0.239710
BFGS:   77 14:09:19     -100.828472        0.234548
BFGS:   78 14:09:19     -100.851943        0.221714
BFGS:   79 14:09:19     -100.902063        0.198187
BFGS:   80 14:09:19     -100.963454        0.169710
BFGS:   81 14:09:19     -101.028482        0.170025
BFGS:   82 14:09:19     -101.088642        0.155534
BFGS:   83 14:09:19     -101.124578        0.124896
BFGS:   84 14:09:19     -101.129032        0.120420
BFGS:   85 14:09:20     -101.133475        0.127830
BFGS:   86 14:09:20     -101.139586        0.131931
BFGS:   87 14:09:20     -101.153959        0.136742
BFGS:   88 14:09:20     -101.175937        0.163162
BFGS:   89 14:09:20     -101.205888        0.290328
BFGS:   90 14:09:20     -101.234557        0.364881
BFGS:   91 14:09:20     -101.266649        0.395937
BFGS:   92 14:09:20     -101.306047        0.387408
BFGS:   93 14:09:20     -101.353909        0.351914
BFGS:   94 14:09:20     -101.407177        0.299929
BFGS:   95 14:09:20     -101.461370        0.234157
BFGS:   96 14:09:20     -101.511930        0.146345
BFGS:   97 14:09:20     -101.543324        0.100578
BFGS:   98 14:09:20     -101.546612        0.091975
BFGS:   99 14:09:21     -101.549500        0.082521
BFGS:  100 14:09:21     -101.553329        0.076638
BFGS:  101 14:09:21     -101.560935        0.071979
BFGS:  102 14:09:21     -101.570795        0.072311
BFGS:  103 14:09:21     -101.579133        0.103740
BFGS:  104 14:09:21     -101.583856        0.118905
BFGS:  105 14:09:21     -101.587254        0.113837
BFGS:  106 14:09:21     -101.592204        0.105190
BFGS:  107 14:09:21     -101.601527        0.112579
BFGS:  108 14:09:21     -101.614626        0.112529
BFGS:  109 14:09:21     -101.625274        0.100562
BFGS:  110 14:09:21     -101.629997        0.090211
BFGS:  111 14:09:21     -101.631818        0.085756
BFGS:  112 14:09:21     -101.634232        0.082657
BFGS:  113 14:09:22     -101.639683        0.078489
BFGS:  114 14:09:22     -101.649526        0.075001
BFGS:  115 14:09:22     -101.662444        0.102988
BFGS:  116 14:09:22     -101.671365        0.117623
BFGS:  117 14:09:22     -101.676411        0.112353
BFGS:  118 14:09:22     -101.681483        0.101256
BFGS:  119 14:09:22     -101.689885        0.078559
BFGS:  120 14:09:22     -101.703758        0.062391
BFGS:  121 14:09:22     -101.716358        0.076333
BFGS:  122 14:09:22     -101.721812        0.077465
BFGS:  123 14:09:22     -101.723456        0.065577
BFGS:  124 14:09:22     -101.724869        0.051001
BFGS:  125 14:09:22     -101.728010        0.038716
BFGS:  126 14:09:22     -101.732029        0.038934
BFGS:  127 14:09:23     -101.735017        0.043031
BFGS:  128 14:09:23     -101.736048        0.037655
BFGS:  129 14:09:23     -101.736501        0.037363
BFGS:  130 14:09:23     -101.737282        0.036899
BFGS:  131 14:09:23     -101.738977        0.035531
BFGS:  132 14:09:23     -101.742075        0.039878
BFGS:  133 14:09:23     -101.745745        0.052727
BFGS:  134 14:09:23     -101.748002        0.045708
BFGS:  135 14:09:23     -101.748798        0.030634
BFGS:  136 14:09:23     -101.749201        0.030973
BFGS:  137 14:09:23     -101.749943        0.029909
BFGS:  138 14:09:23     -101.751409        0.025106
BFGS:  139 14:09:23     -101.753471        0.029792
BFGS:  140 14:09:23     -101.754982        0.023184
BFGS:  141 14:09:23     -101.755477        0.017134
BFGS:  142 14:09:24     -101.755604        0.016302
BFGS:  143 14:09:24     -101.755722        0.016103
BFGS:  144 14:09:24     -101.756018        0.015394
BFGS:  145 14:09:24     -101.756563        0.018993
BFGS:  146 14:09:24     -101.757293        0.019464
BFGS:  147 14:09:24     -101.757793        0.015164
BFGS:  148 14:09:24     -101.757962        0.015511
BFGS:  149 14:09:24     -101.758036        0.015887
BFGS:  150 14:09:24     -101.758175        0.016113
BFGS:  151 14:09:24     -101.758506        0.017524
BFGS:  152 14:09:24     -101.759215        0.025157
BFGS:  153 14:09:24     -101.760358        0.028210
BFGS:  154 14:09:24     -101.761452        0.020110
BFGS:  155 14:09:24     -101.761933        0.017129
BFGS:  156 14:09:25     -101.762038        0.016601
BFGS:  157 14:09:25     -101.762095        0.016307
BFGS:  158 14:09:25     -101.762243        0.015781
BFGS:  159 14:09:25     -101.762587        0.015005
BFGS:  160 14:09:25     -101.763412        0.022270
BFGS:  161 14:09:25     -101.765030        0.031079
BFGS:  162 14:09:25     -101.767205        0.034795
BFGS:  163 14:09:25     -101.768757        0.030855
BFGS:  164 14:09:25     -101.769497        0.027967
BFGS:  165 14:09:25     -101.769921        0.027354
BFGS:  166 14:09:25     -101.770715        0.028216
BFGS:  167 14:09:25     -101.772712        0.033379
BFGS:  168 14:09:25     -101.777465        0.045022
BFGS:  169 14:09:25     -101.783063        0.051817
BFGS:  170 14:09:26     -101.788982        0.058564
BFGS:  171 14:09:26     -101.795312        0.064753
BFGS:  172 14:09:26     -101.801599        0.065103
BFGS:  173 14:09:26     -101.810173        0.068980
BFGS:  174 14:09:26     -101.813515        0.069873
BFGS:  175 14:09:26     -101.816843        0.071245
BFGS:  176 14:09:26     -101.818873        0.070668
BFGS:  177 14:09:26     -101.820003        0.070415
BFGS:  178 14:09:26     -101.821112        0.070948
BFGS:  179 14:09:26     -101.823613        0.073166
BFGS:  180 14:09:26     -101.831164        0.081126
BFGS:  181 14:09:26     -101.841403        0.091445
BFGS:  182 14:09:26     -101.859055        0.100386
BFGS:  183 14:09:26     -101.878557        0.107594
BFGS:  184 14:09:26     -101.896811        0.112925
BFGS:  185 14:09:27     -101.913654        0.115135
BFGS:  186 14:09:27     -101.926978        0.116248
BFGS:  187 14:09:27     -101.937928        0.120395
BFGS:  188 14:09:27     -101.944752        0.112236
BFGS:  189 14:09:27     -101.952743        0.103135
BFGS:  190 14:09:27     -101.964739        0.091166
BFGS:  191 14:09:27     -101.979258        0.078308
BFGS:  192 14:09:27     -101.991495        0.066261
BFGS:  193 14:09:27     -102.003342        0.059837
BFGS:  194 14:09:27     -102.014154        0.062051
BFGS:  195 14:09:27     -102.019080        0.058116
BFGS:  196 14:09:27     -102.020313        0.056878
BFGS:  197 14:09:27     -102.022431        0.052536
BFGS:  198 14:09:27     -102.025168        0.046181
BFGS:  199 14:09:28     -102.030888        0.040433
BFGS:  200 14:09:28     -102.037653        0.054141
BFGS:  201 14:09:28     -102.043197        0.057798
BFGS:  202 14:09:28     -102.045760        0.049234
BFGS:  203 14:09:28     -102.046397        0.041865
BFGS:  204 14:09:28     -102.046827        0.031146
BFGS:  205 14:09:28     -102.047510        0.031562
BFGS:  206 14:09:28     -102.048376        0.034878
BFGS:  207 14:09:28     -102.049342        0.061900
BFGS:  208 14:09:28     -102.050251        0.081234
BFGS:  209 14:09:28     -102.051169        0.087295
BFGS:  210 14:09:28     -102.052391        0.081004
BFGS:  211 14:09:28     -102.054080        0.059610
BFGS:  212 14:09:28     -102.055703        0.028389
BFGS:  213 14:09:28     -102.056563        0.029332
BFGS:  214 14:09:29     -102.056900        0.029014
BFGS:  215 14:09:29     -102.057120        0.028659
BFGS:  216 14:09:29     -102.057521        0.028538
BFGS:  217 14:09:29     -102.058402        0.029194
BFGS:  218 14:09:29     -102.060534        0.031645
BFGS:  219 14:09:29     -102.064949        0.062320
BFGS:  220 14:09:29     -102.069399        0.091025
BFGS:  221 14:09:29     -102.075707        0.119527
BFGS:  222 14:09:29     -102.082902        0.145973
BFGS:  223 14:09:29     -102.090126        0.170761
BFGS:  224 14:09:29     -102.097740        0.194918
BFGS:  225 14:09:29     -102.106908        0.217342
BFGS:  226 14:09:29     -102.117244        0.237696
BFGS:  227 14:09:29     -102.127828        0.258053
BFGS:  228 14:09:30     -102.137719        0.278612
BFGS:  229 14:09:30     -102.148992        0.289814
BFGS:  230 14:09:30     -102.163952        0.281601
BFGS:  231 14:09:30     -102.180337        0.249296
BFGS:  232 14:09:30     -102.196954        0.179292
BFGS:  233 14:09:30     -102.211376        0.145379
BFGS:  234 14:09:30     -102.235947        0.150323
BFGS:  235 14:09:30     -102.257522        0.362780
BFGS:  236 14:09:30     -102.285058        0.381623
BFGS:  237 14:09:30     -102.310589        0.368807
BFGS:  238 14:09:30     -102.333601        0.360313
BFGS:  239 14:09:30     -102.360813        0.335289
BFGS:  240 14:09:30     -102.391559        0.302563
BFGS:  241 14:09:30     -102.437230        0.230773
BFGS:  242 14:09:31     -102.471201        0.196830
BFGS:  243 14:09:31     -102.502737        0.171758
BFGS:  244 14:09:31     -102.528576        0.145975
BFGS:  245 14:09:31     -102.534890        0.122696
BFGS:  246 14:09:31     -102.540302        0.097970
BFGS:  247 14:09:31     -102.545528        0.074460
BFGS:  248 14:09:31     -102.550047        0.064027
BFGS:  249 14:09:31     -102.552754        0.059398
BFGS:  250 14:09:31     -102.554651        0.056688
BFGS:  251 14:09:31     -102.556335        0.057134
BFGS:  252 14:09:31     -102.557989        0.059729
BFGS:  253 14:09:31     -102.559578        0.056414
BFGS:  254 14:09:31     -102.561250        0.044358
BFGS:  255 14:09:31     -102.562974        0.048716
BFGS:  256 14:09:31     -102.564576        0.055117
BFGS:  257 14:09:32     -102.566030        0.056288
BFGS:  258 14:09:32     -102.567531        0.062256
BFGS:  259 14:09:32     -102.569569        0.069734
BFGS:  260 14:09:32     -102.572905        0.076221
BFGS:  261 14:09:32     -102.577919        0.081087
BFGS:  262 14:09:32     -102.581428        0.071373
BFGS:  263 14:09:32     -102.584930        0.053919
BFGS:  264 14:09:32     -102.586831        0.043419
BFGS:  265 14:09:32     -102.588000        0.037522
BFGS:  266 14:09:32     -102.589011        0.031670
BFGS:  267 14:09:32     -102.589685        0.023629
BFGS:  268 14:09:32     -102.590045        0.017822
BFGS:  269 14:09:32     -102.590263        0.014061
BFGS:  270 14:09:32     -102.590394        0.010783
BFGS:  271 14:09:33     -102.590508        0.009876
BFGS:  272 14:09:33     -102.590628        0.008867
BFGS:  273 14:09:33     -102.590709        0.007718
BFGS:  274 14:09:33     -102.590826        0.007935
BFGS:  275 14:09:33     -102.590936        0.008640
BFGS:  276 14:09:33     -102.591073        0.008897
BFGS:  277 14:09:33     -102.591200        0.011234
BFGS:  278 14:09:33     -102.591287        0.010630
BFGS:  279 14:09:33     -102.591336        0.010183
BFGS:  280 14:09:33     -102.591373        0.009192
BFGS:  281 14:09:33     -102.591411        0.007950
BFGS:  282 14:09:33     -102.591449        0.007022
BFGS:  283 14:09:33     -102.591486        0.007062
BFGS:  284 14:09:33     -102.591528        0.007245
BFGS:  285 14:09:33     -102.591584        0.007224
BFGS:  286 14:09:34     -102.591647        0.007232
BFGS:  287 14:09:34     -102.591692        0.006585
BFGS:  288 14:09:34     -102.591716        0.007057
BFGS:  289 14:09:34     -102.591736        0.006943
BFGS:  290 14:09:34     -102.591764        0.006035
BFGS:  291 14:09:34     -102.591803        0.005532
BFGS:  292 14:09:34     -102.591840        0.006334
BFGS:  293 14:09:34     -102.591867        0.008101
BFGS:  294 14:09:34     -102.591895        0.008828
BFGS:  295 14:09:34     -102.591936        0.008452
BFGS:  296 14:09:34     -102.591989        0.007955
BFGS:  297 14:09:34     -102.592036        0.007108
BFGS:  298 14:09:34     -102.592067        0.007336
BFGS:  299 14:09:34     -102.592090        0.007299
BFGS:  300 14:09:35     -102.592124        0.007179
BFGS:  301 14:09:35     -102.592183        0.009011
BFGS:  302 14:09:35     -102.592260        0.013406
BFGS:  303 14:09:35     -102.592334        0.016614
BFGS:  304 14:09:35     -102.592392        0.017102
BFGS:  305 14:09:35     -102.592455        0.015606
BFGS:  306 14:09:35     -102.592552        0.012908
BFGS:  307 14:09:35     -102.592695        0.011209
BFGS:  308 14:09:35     -102.592842        0.018069
BFGS:  309 14:09:35     -102.592947        0.021250
BFGS:  310 14:09:35     -102.593020        0.019778
BFGS:  311 14:09:35     -102.593103        0.015656
BFGS:  312 14:09:35     -102.593236        0.011262
BFGS:  313 14:09:35     -102.593413        0.012175
BFGS:  314 14:09:36     -102.593579        0.015692
BFGS:  315 14:09:36     -102.593694        0.018244
BFGS:  316 14:09:36     -102.593799        0.017615
BFGS:  317 14:09:36     -102.593957        0.016086
BFGS:  318 14:09:36     -102.594198        0.018424
BFGS:  319 14:09:36     -102.594488        0.027916
BFGS:  320 14:09:36     -102.594717        0.031544
BFGS:  321 14:09:36     -102.594856        0.029088
BFGS:  322 14:09:36     -102.594988        0.022858
BFGS:  323 14:09:36     -102.595143        0.014663
BFGS:  324 14:09:36     -102.595346        0.009615
BFGS:  325 14:09:36     -102.595441        0.012266
BFGS:  326 14:09:36     -102.595512        0.015349
BFGS:  327 14:09:36     -102.595558        0.015867
BFGS:  328 14:09:37     -102.595612        0.014152
BFGS:  329 14:09:37     -102.595661        0.010298
BFGS:  330 14:09:37     -102.595701        0.005419
BFGS:  331 14:09:37     -102.595728        0.004573
BFGS:  332 14:09:37     -102.595743        0.003945
BFGS:  333 14:09:37     -102.595749        0.003749
BFGS:  334 14:09:37     -102.595753        0.003321
BFGS:  335 14:09:37     -102.595756        0.002700
BFGS:  336 14:09:37     -102.595760        0.001822
BFGS:  337 14:09:37     -102.595765        0.001750
BFGS:  338 14:09:37     -102.595768        0.001837
BFGS:  339 14:09:37     -102.595770        0.001697
BFGS:  340 14:09:37     -102.595770        0.001608
BFGS:  341 14:09:37     -102.595771        0.001418
BFGS:  342 14:09:38     -102.595772        0.001007
BFGS:  343 14:09:38     -102.595773        0.000549
