      Step     Time          Energy          fmax
BFGS:    0 03:21:02      -90.350942        2.875076
BFGS:    1 03:21:02      -91.400118        2.007309
BFGS:    2 03:21:03      -93.393571        0.839507
BFGS:    3 03:21:03      -94.151827        0.839366
BFGS:    4 03:21:03      -94.619124        0.914062
BFGS:    5 03:21:03      -94.918089        1.175838
BFGS:    6 03:21:03      -95.413965        1.367466
BFGS:    7 03:21:03      -96.073883        1.163104
BFGS:    8 03:21:03      -96.561140        0.757003
BFGS:    9 03:21:03      -97.065436        0.723236
BFGS:   10 03:21:03      -97.322332        0.506736
BFGS:   11 03:21:03      -97.393715        0.497454
BFGS:   12 03:21:03      -97.664850        0.529062
BFGS:   13 03:21:03      -97.789310        0.443196
BFGS:   14 03:21:03      -98.009718        0.487410
BFGS:   15 03:21:03      -98.044793        0.491232
BFGS:   16 03:21:04      -98.129395        0.492511
BFGS:   17 03:21:04      -98.238372        0.473444
BFGS:   18 03:21:04      -98.361318        0.435306
BFGS:   19 03:21:04      -98.423792        0.562308
BFGS:   20 03:21:04      -98.501020        0.628377
BFGS:   21 03:21:04      -98.662218        0.550749
BFGS:   22 03:21:04      -98.791974        0.390259
BFGS:   23 03:21:04      -98.886437        0.442171
BFGS:   24 03:21:04      -98.980665        0.468376
BFGS:   25 03:21:04      -99.072446        0.434241
BFGS:   26 03:21:04      -99.188001        0.525717
BFGS:   27 03:21:04      -99.300151        0.522893
BFGS:   28 03:21:04      -99.431869        0.494184
BFGS:   29 03:21:04      -99.593734        0.372278
BFGS:   30 03:21:04      -99.721078        0.232528
BFGS:   31 03:21:05      -99.734810        0.216653
BFGS:   32 03:21:05      -99.761364        0.190499
BFGS:   33 03:21:05      -99.794911        0.170237
BFGS:   34 03:21:05      -99.880124        0.187728
BFGS:   35 03:21:05      -99.967452        0.202485
BFGS:   36 03:21:05     -100.043170        0.178638
BFGS:   37 03:21:05     -100.103313        0.196673
BFGS:   38 03:21:05     -100.145324        0.198570
BFGS:   39 03:21:05     -100.170023        0.209864
BFGS:   40 03:21:05     -100.187933        0.208468
BFGS:   41 03:21:05     -100.249483        0.189099
BFGS:   42 03:21:05     -100.325635        0.192313
BFGS:   43 03:21:05     -100.435778        0.236064
BFGS:   44 03:21:05     -100.546102        0.269809
BFGS:   45 03:21:05     -100.598688        0.260570
BFGS:   46 03:21:06     -100.624960        0.261784
BFGS:   47 03:21:06     -100.683734        0.235893
BFGS:   48 03:21:06     -100.745242        0.171545
BFGS:   49 03:21:06     -100.837454        0.193787
BFGS:   50 03:21:06     -100.885360        0.230921
BFGS:   51 03:21:06     -100.905024        0.203808
BFGS:   52 03:21:06     -100.918110        0.168394
BFGS:   53 03:21:06     -100.941157        0.164566
BFGS:   54 03:21:06     -100.977171        0.136530
BFGS:   55 03:21:06     -101.013611        0.112939
BFGS:   56 03:21:06     -101.029455        0.112365
BFGS:   57 03:21:06     -101.034929        0.108599
BFGS:   58 03:21:06     -101.040692        0.101512
BFGS:   59 03:21:06     -101.051613        0.098241
BFGS:   60 03:21:07     -101.075421        0.103420
BFGS:   61 03:21:07     -101.111458        0.138691
BFGS:   62 03:21:07     -101.139957        0.108818
BFGS:   63 03:21:07     -101.149503        0.068449
BFGS:   64 03:21:07     -101.152400        0.064595
BFGS:   65 03:21:07     -101.154675        0.066241
BFGS:   66 03:21:07     -101.160378        0.063617
BFGS:   67 03:21:07     -101.173607        0.068407
BFGS:   68 03:21:07     -101.190465        0.088851
BFGS:   69 03:21:07     -101.202603        0.073743
BFGS:   70 03:21:07     -101.206711        0.051724
BFGS:   71 03:21:07     -101.208029        0.054768
BFGS:   72 03:21:07     -101.209869        0.056765
BFGS:   73 03:21:07     -101.213768        0.057904
BFGS:   74 03:21:07     -101.220514        0.056386
BFGS:   75 03:21:08     -101.228390        0.051576
BFGS:   76 03:21:08     -101.232972        0.051936
BFGS:   77 03:21:08     -101.234358        0.050504
BFGS:   78 03:21:08     -101.235196        0.049374
BFGS:   79 03:21:08     -101.236831        0.048059
BFGS:   80 03:21:08     -101.240161        0.046899
BFGS:   81 03:21:08     -101.246015        0.046796
BFGS:   82 03:21:08     -101.252418        0.049417
BFGS:   83 03:21:08     -101.256007        0.053615
BFGS:   84 03:21:08     -101.257164        0.054088
BFGS:   85 03:21:08     -101.257873        0.053938
BFGS:   86 03:21:08     -101.259438        0.053799
BFGS:   87 03:21:08     -101.262927        0.052655
BFGS:   88 03:21:08     -101.270408        0.056115
BFGS:   89 03:21:09     -101.282286        0.059957
BFGS:   90 03:21:09     -101.294236        0.060913
BFGS:   91 03:21:09     -101.302971        0.066213
BFGS:   92 03:21:09     -101.305965        0.075215
BFGS:   93 03:21:09     -101.307821        0.074600
BFGS:   94 03:21:13     -101.322302        0.067334
BFGS:   95 03:21:13     -101.335549        0.066578
BFGS:   96 03:21:13     -101.350981        0.056346
BFGS:   97 03:21:13     -101.359562        0.045803
BFGS:   98 03:21:13     -101.361860        0.049241
BFGS:   99 03:21:13     -101.362998        0.053594
BFGS:  100 03:21:13     -101.364879        0.057755
BFGS:  101 03:21:13     -101.368859        0.061705
BFGS:  102 03:21:13     -101.375573        0.062415
BFGS:  103 03:21:13     -101.383568        0.056936
BFGS:  104 03:21:14     -101.389205        0.056156
BFGS:  105 03:21:14     -101.391035        0.049629
BFGS:  106 03:21:14     -101.391755        0.043872
BFGS:  107 03:21:14     -101.393247        0.041067
BFGS:  108 03:21:14     -101.396225        0.041191
BFGS:  109 03:21:14     -101.402026        0.042328
BFGS:  110 03:21:14     -101.409343        0.045500
BFGS:  111 03:21:14     -101.414945        0.051242
BFGS:  112 03:21:14     -101.418135        0.056159
BFGS:  113 03:21:14     -101.421692        0.071681
BFGS:  114 03:21:14     -101.423003        0.091476
BFGS:  115 03:21:14     -101.426405        0.079922
BFGS:  116 03:21:14     -101.431681        0.079317
BFGS:  117 03:21:14     -101.444587        0.075074
BFGS:  118 03:21:15     -101.455387        0.080523
BFGS:  119 03:21:15     -101.480366        0.084289
BFGS:  120 03:21:15     -101.501796        0.091905
BFGS:  121 03:21:15     -101.518118        0.128006
BFGS:  122 03:21:15     -101.539395        0.139136
BFGS:  123 03:21:15     -101.562194        0.127531
BFGS:  124 03:21:15     -101.581807        0.118642
BFGS:  125 03:21:15     -101.597145        0.113924
BFGS:  126 03:21:15     -101.614711        0.111089
BFGS:  127 03:21:15     -101.621019        0.113892
BFGS:  128 03:21:15     -101.630213        0.120308
BFGS:  129 03:21:15     -101.652651        0.137716
BFGS:  130 03:21:15     -101.688096        0.154756
BFGS:  131 03:21:15     -101.730619        0.157374
BFGS:  132 03:21:15     -101.788992        0.153076
BFGS:  133 03:21:16     -101.851983        0.139628
BFGS:  134 03:21:16     -101.933795        0.150820
BFGS:  135 03:21:16     -101.983862        0.160767
BFGS:  136 03:21:16     -102.047168        0.171706
BFGS:  137 03:21:16     -102.079524        0.187498
BFGS:  138 03:21:16     -102.118628        0.215259
BFGS:  139 03:21:16     -102.139991        0.209891
BFGS:  140 03:21:16     -102.174773        0.242871
BFGS:  141 03:21:16     -102.232863        0.302875
BFGS:  142 03:21:16     -102.333636        0.348243
BFGS:  143 03:21:16     -102.470760        0.330605
BFGS:  144 03:21:16     -102.641819        0.257793
BFGS:  145 03:21:16     -102.739401        0.240909
BFGS:  146 03:21:16     -102.820589        0.203213
BFGS:  147 03:21:17     -102.867078        0.210419
BFGS:  148 03:21:17     -102.885313        0.184288
BFGS:  149 03:21:17     -102.890218        0.180445
BFGS:  150 03:21:17     -102.893451        0.178176
BFGS:  151 03:21:17     -102.900151        0.174762
BFGS:  152 03:21:17     -102.908656        0.170198
BFGS:  153 03:21:17     -102.931175        0.156665
BFGS:  154 03:21:17     -102.964360        0.136515
BFGS:  155 03:21:17     -102.997472        0.111413
BFGS:  156 03:21:17     -103.010079        0.098139
BFGS:  157 03:21:17     -103.013851        0.094728
BFGS:  158 03:21:17     -103.016627        0.094943
BFGS:  159 03:21:17     -103.021657        0.093483
BFGS:  160 03:21:17     -103.033885        0.088627
BFGS:  161 03:21:17     -103.054280        0.074173
BFGS:  162 03:21:18     -103.079859        0.068865
BFGS:  163 03:21:18     -103.097356        0.075326
BFGS:  164 03:21:18     -103.102916        0.067065
BFGS:  165 03:21:18     -103.104473        0.058239
BFGS:  166 03:21:18     -103.105932        0.053541
BFGS:  167 03:21:18     -103.108686        0.051990
BFGS:  168 03:21:18     -103.113636        0.055387
BFGS:  169 03:21:18     -103.121411        0.115329
BFGS:  170 03:21:18     -103.129811        0.160884
BFGS:  171 03:21:18     -103.135039        0.159579
BFGS:  172 03:21:18     -103.137708        0.144548
BFGS:  173 03:21:18     -103.139954        0.127340
BFGS:  174 03:21:18     -103.142684        0.086654
BFGS:  175 03:21:18     -103.145440        0.056453
BFGS:  176 03:21:19     -103.147057        0.054024
BFGS:  177 03:21:19     -103.147764        0.051362
BFGS:  178 03:21:19     -103.148397        0.049137
BFGS:  179 03:21:19     -103.149588        0.045360
BFGS:  180 03:21:19     -103.151765        0.054603
BFGS:  181 03:21:19     -103.154997        0.062088
BFGS:  182 03:21:19     -103.157994        0.075494
BFGS:  183 03:21:19     -103.159610        0.076765
BFGS:  184 03:21:19     -103.160416        0.071768
BFGS:  185 03:21:19     -103.161233        0.056849
BFGS:  186 03:21:19     -103.162326        0.032110
BFGS:  187 03:21:19     -103.163357        0.028581
BFGS:  188 03:21:19     -103.163933        0.039254
BFGS:  189 03:21:19     -103.164212        0.038941
BFGS:  190 03:21:20     -103.164504        0.033312
BFGS:  191 03:21:20     -103.165069        0.019719
BFGS:  192 03:21:20     -103.165977        0.021763
BFGS:  193 03:21:20     -103.166982        0.032406
BFGS:  194 03:21:20     -103.167643        0.041980
BFGS:  195 03:21:20     -103.168002        0.041049
BFGS:  196 03:21:20     -103.168352        0.036769
BFGS:  197 03:21:20     -103.168922        0.030783
BFGS:  198 03:21:20     -103.169637        0.017854
BFGS:  199 03:21:20     -103.170163        0.025954
BFGS:  200 03:21:20     -103.170365        0.026162
BFGS:  201 03:21:20     -103.170448        0.022076
BFGS:  202 03:21:20     -103.170552        0.014979
BFGS:  203 03:21:20     -103.170733        0.013801
BFGS:  204 03:21:20     -103.170968        0.024336
BFGS:  205 03:21:21     -103.171176        0.034846
BFGS:  206 03:21:21     -103.171316        0.037006
BFGS:  207 03:21:21     -103.171441        0.033515
BFGS:  208 03:21:21     -103.171621        0.025064
BFGS:  209 03:21:21     -103.171853        0.013025
BFGS:  210 03:21:21     -103.172034        0.011140
BFGS:  211 03:21:21     -103.172105        0.011645
BFGS:  212 03:21:21     -103.172128        0.011859
BFGS:  213 03:21:21     -103.172155        0.011956
BFGS:  214 03:21:21     -103.172217        0.011971
BFGS:  215 03:21:21     -103.172355        0.011749
BFGS:  216 03:21:21     -103.172632        0.015496
BFGS:  217 03:21:21     -103.173039        0.021640
BFGS:  218 03:21:21     -103.173402        0.022175
BFGS:  219 03:21:22     -103.173590        0.025338
BFGS:  220 03:21:22     -103.173694        0.024404
BFGS:  221 03:21:22     -103.173833        0.019680
BFGS:  222 03:21:22     -103.174059        0.012393
BFGS:  223 03:21:22     -103.174306        0.017251
BFGS:  224 03:21:22     -103.174448        0.017377
BFGS:  225 03:21:22     -103.174497        0.017988
BFGS:  226 03:21:22     -103.174526        0.015407
BFGS:  227 03:21:22     -103.174573        0.009402
BFGS:  228 03:21:22     -103.174629        0.006085
BFGS:  229 03:21:22     -103.174668        0.006734
BFGS:  230 03:21:22     -103.174682        0.006500
BFGS:  231 03:21:22     -103.174689        0.005582
BFGS:  232 03:21:22     -103.174701        0.004404
BFGS:  233 03:21:22     -103.174722        0.004380
BFGS:  234 03:21:23     -103.174748        0.004790
BFGS:  235 03:21:23     -103.174767        0.006539
BFGS:  236 03:21:23     -103.174777        0.006465
BFGS:  237 03:21:23     -103.174785        0.005661
BFGS:  238 03:21:23     -103.174800        0.004555
BFGS:  239 03:21:23     -103.174827        0.005319
BFGS:  240 03:21:23     -103.174860        0.005850
BFGS:  241 03:21:23     -103.174884        0.006641
BFGS:  242 03:21:23     -103.174895        0.005980
BFGS:  243 03:21:23     -103.174904        0.005846
BFGS:  244 03:21:23     -103.174918        0.005664
BFGS:  245 03:21:23     -103.174938        0.004991
BFGS:  246 03:21:23     -103.174956        0.005007
BFGS:  247 03:21:23     -103.174967        0.006034
BFGS:  248 03:21:24     -103.174976        0.006221
BFGS:  249 03:21:24     -103.174991        0.006108
BFGS:  250 03:21:24     -103.175018        0.007010
BFGS:  251 03:21:24     -103.175059        0.007392
BFGS:  252 03:21:24     -103.175093        0.006155
BFGS:  253 03:21:24     -103.175107        0.005700
BFGS:  254 03:21:24     -103.175114        0.005180
BFGS:  255 03:21:24     -103.175122        0.005274
BFGS:  256 03:21:24     -103.175138        0.004792
BFGS:  257 03:21:24     -103.175162        0.005821
BFGS:  258 03:21:24     -103.175182        0.004872
BFGS:  259 03:21:24     -103.175189        0.003033
BFGS:  260 03:21:24     -103.175191        0.002919
BFGS:  261 03:21:24     -103.175192        0.002500
BFGS:  262 03:21:24     -103.175195        0.001402
BFGS:  263 03:21:25     -103.175198        0.001911
BFGS:  264 03:21:25     -103.175200        0.002913
BFGS:  265 03:21:25     -103.175202        0.003482
BFGS:  266 03:21:25     -103.175203        0.003416
BFGS:  267 03:21:25     -103.175204        0.002895
BFGS:  268 03:21:25     -103.175207        0.001822
BFGS:  269 03:21:25     -103.175211        0.001737
BFGS:  270 03:21:25     -103.175213        0.001434
BFGS:  271 03:21:25     -103.175213        0.001421
BFGS:  272 03:21:25     -103.175214        0.001247
BFGS:  273 03:21:25     -103.175215        0.001212
BFGS:  274 03:21:25     -103.175217        0.001319
BFGS:  275 03:21:25     -103.175218        0.001505
BFGS:  276 03:21:25     -103.175220        0.001252
BFGS:  277 03:21:26     -103.175220        0.001279
BFGS:  278 03:21:26     -103.175220        0.001292
BFGS:  279 03:21:26     -103.175221        0.001304
BFGS:  280 03:21:26     -103.175223        0.001368
BFGS:  281 03:21:26     -103.175225        0.001815
BFGS:  282 03:21:26     -103.175228        0.001884
BFGS:  283 03:21:26     -103.175230        0.001557
BFGS:  284 03:21:26     -103.175231        0.001490
BFGS:  285 03:21:26     -103.175232        0.001495
BFGS:  286 03:21:26     -103.175234        0.002128
BFGS:  287 03:21:26     -103.175239        0.002836
BFGS:  288 03:21:30     -103.175245        0.002832
BFGS:  289 03:21:30     -103.175250        0.001978
BFGS:  290 03:21:30     -103.175252        0.001623
BFGS:  291 03:21:30     -103.175252        0.001672
BFGS:  292 03:21:30     -103.175254        0.001571
BFGS:  293 03:21:30     -103.175256        0.001693
BFGS:  294 03:21:31     -103.175258        0.001609
BFGS:  295 03:21:31     -103.175260        0.000851
