      Step     Time          Energy          fmax
BFGS:    0 13:58:01      -33.765051        9.880705
BFGS:    1 13:58:01      -41.492356        4.679328
BFGS:    2 13:58:02      -44.986573        2.531039
BFGS:    3 13:58:02      -47.302139        1.341925
BFGS:    4 13:58:02      -48.712136        0.893781
BFGS:    5 13:58:02      -49.541998        0.745838
BFGS:    6 13:58:02      -49.916148        0.681655
BFGS:    7 13:58:02      -50.056135        0.637080
BFGS:    8 13:58:02      -50.149077        0.575609
BFGS:    9 13:58:02      -50.324861        0.452680
BFGS:   10 13:58:02      -50.570246        0.412529
BFGS:   11 13:58:02      -50.844044        0.295908
BFGS:   12 13:58:02      -50.928195        0.226461
BFGS:   13 13:58:02      -50.943763        0.238380
BFGS:   14 13:58:02      -50.965784        0.233810
BFGS:   15 13:58:02      -51.001304        0.205277
BFGS:   16 13:58:02      -51.032521        0.185957
BFGS:   17 13:58:02      -51.050778        0.188693
BFGS:   18 13:58:02      -51.060580        0.183853
BFGS:   19 13:58:02      -51.073235        0.170725
BFGS:   20 13:58:02      -51.098056        0.148082
BFGS:   21 13:58:02      -51.134430        0.123536
BFGS:   22 13:58:02      -51.170608        0.142276
BFGS:   23 13:58:02      -51.187313        0.134863
BFGS:   24 13:58:02      -51.190505        0.123846
BFGS:   25 13:58:03      -51.192093        0.117277
BFGS:   26 13:58:03      -51.196570        0.102283
BFGS:   27 13:58:03      -51.204039        0.083818
BFGS:   28 13:58:03      -51.216926        0.078532
BFGS:   29 13:58:03      -51.228689        0.079311
BFGS:   30 13:58:03      -51.232838        0.064203
BFGS:   31 13:58:03      -51.234032        0.058473
BFGS:   32 13:58:03      -51.235233        0.058822
BFGS:   33 13:58:03      -51.238088        0.062490
BFGS:   34 13:58:03      -51.243256        0.059712
BFGS:   35 13:58:03      -51.249907        0.042826
BFGS:   36 13:58:03      -51.254421        0.036071
BFGS:   37 13:58:03      -51.255674        0.028201
BFGS:   38 13:58:03      -51.255855        0.028458
BFGS:   39 13:58:03      -51.256010        0.028590
BFGS:   40 13:58:03      -51.256427        0.028795
BFGS:   41 13:58:03      -51.257164        0.029125
BFGS:   42 13:58:03      -51.258145        0.029939
BFGS:   43 13:58:03      -51.258812        0.030857
BFGS:   44 13:58:03      -51.259059        0.031027
BFGS:   45 13:58:03      -51.259176        0.030878
BFGS:   46 13:58:03      -51.259395        0.030649
BFGS:   47 13:58:04      -51.259926        0.030448
BFGS:   48 13:58:04      -51.261131        0.030842
BFGS:   49 13:58:04      -51.263374        0.038392
BFGS:   50 13:58:04      -51.266111        0.038785
BFGS:   51 13:58:04      -51.267791        0.042347
BFGS:   52 13:58:04      -51.268285        0.042323
BFGS:   53 13:58:04      -51.268446        0.041489
BFGS:   54 13:58:04      -51.268709        0.039907
BFGS:   55 13:58:04      -51.269268        0.036565
BFGS:   56 13:58:04      -51.270188        0.031323
BFGS:   57 13:58:04      -51.271124        0.027350
BFGS:   58 13:58:04      -51.271589        0.027386
BFGS:   59 13:58:04      -51.271733        0.028332
BFGS:   60 13:58:04      -51.271840        0.028924
BFGS:   61 13:58:04      -51.272101        0.029531
BFGS:   62 13:58:04      -51.272650        0.031258
BFGS:   63 13:58:04      -51.273680        0.038008
BFGS:   64 13:58:04      -51.275005        0.066880
BFGS:   65 13:58:04      -51.276085        0.082481
BFGS:   66 13:58:04      -51.276795        0.078739
BFGS:   67 13:58:04      -51.277435        0.062300
BFGS:   68 13:58:04      -51.278238        0.033523
BFGS:   69 13:58:04      -51.279025        0.021945
BFGS:   70 13:58:05      -51.279424        0.018489
BFGS:   71 13:58:05      -51.279538        0.017576
BFGS:   72 13:58:05      -51.279618        0.018416
BFGS:   73 13:58:05      -51.279825        0.019525
BFGS:   74 13:58:05      -51.280286        0.020326
BFGS:   75 13:58:05      -51.281285        0.030563
BFGS:   76 13:58:05      -51.282852        0.048230
BFGS:   77 13:58:05      -51.284338        0.059520
BFGS:   78 13:58:05      -51.285130        0.054186
BFGS:   79 13:58:05      -51.285405        0.044088
BFGS:   80 13:58:05      -51.285593        0.032912
BFGS:   81 13:58:05      -51.285889        0.020825
BFGS:   82 13:58:05      -51.286122        0.020786
BFGS:   83 13:58:05      -51.286225        0.020915
BFGS:   84 13:58:05      -51.286279        0.020878
BFGS:   85 13:58:05      -51.286384        0.020734
BFGS:   86 13:58:05      -51.286642        0.019997
BFGS:   87 13:58:05      -51.287225        0.023082
BFGS:   88 13:58:05      -51.288344        0.033037
BFGS:   89 13:58:05      -51.289807        0.036477
BFGS:   90 13:58:05      -51.290739        0.029590
BFGS:   91 13:58:05      -51.291023        0.023297
BFGS:   92 13:58:06      -51.291066        0.020587
BFGS:   93 13:58:06      -51.291105        0.016869
BFGS:   94 13:58:06      -51.291170        0.009874
BFGS:   95 13:58:06      -51.291241        0.008815
BFGS:   96 13:58:06      -51.291289        0.009186
BFGS:   97 13:58:06      -51.291312        0.010533
BFGS:   98 13:58:06      -51.291334        0.010240
BFGS:   99 13:58:06      -51.291374        0.009991
BFGS:  100 13:58:06      -51.291448        0.009984
BFGS:  101 13:58:06      -51.291543        0.009458
BFGS:  102 13:58:06      -51.291615        0.011132
BFGS:  103 13:58:06      -51.291651        0.010509
BFGS:  104 13:58:06      -51.291676        0.010996
BFGS:  105 13:58:06      -51.291721        0.010641
BFGS:  106 13:58:06      -51.291814        0.008854
BFGS:  107 13:58:06      -51.291957        0.008764
BFGS:  108 13:58:06      -51.292083        0.006496
BFGS:  109 13:58:06      -51.292137        0.006117
BFGS:  110 13:58:06      -51.292151        0.006165
BFGS:  111 13:58:06      -51.292158        0.006288
BFGS:  112 13:58:06      -51.292176        0.006484
BFGS:  113 13:58:06      -51.292216        0.006675
BFGS:  114 13:58:07      -51.292298        0.006941
BFGS:  115 13:58:07      -51.292415        0.007945
BFGS:  116 13:58:07      -51.292512        0.007401
BFGS:  117 13:58:07      -51.292555        0.007770
BFGS:  118 13:58:07      -51.292570        0.007366
BFGS:  119 13:58:07      -51.292587        0.006722
BFGS:  120 13:58:07      -51.292627        0.005816
BFGS:  121 13:58:07      -51.292692        0.005786
BFGS:  122 13:58:07      -51.292761        0.005868
BFGS:  123 13:58:07      -51.292794        0.006143
BFGS:  124 13:58:07      -51.292804        0.006321
BFGS:  125 13:58:07      -51.292810        0.006395
BFGS:  126 13:58:07      -51.292825        0.006473
BFGS:  127 13:58:07      -51.292860        0.006515
BFGS:  128 13:58:07      -51.292938        0.007532
BFGS:  129 13:58:07      -51.293077        0.009629
BFGS:  130 13:58:07      -51.293243        0.009630
BFGS:  131 13:58:07      -51.293356        0.010299
BFGS:  132 13:58:07      -51.293393        0.009744
BFGS:  133 13:58:07      -51.293413        0.009113
BFGS:  134 13:58:07      -51.293460        0.008816
BFGS:  135 13:58:07      -51.293554        0.009061
BFGS:  136 13:58:07      -51.293729        0.009291
BFGS:  137 13:58:08      -51.293924        0.007996
BFGS:  138 13:58:08      -51.294033        0.008253
BFGS:  139 13:58:08      -51.294062        0.008390
BFGS:  140 13:58:08      -51.294073        0.008016
BFGS:  141 13:58:08      -51.294091        0.007326
BFGS:  142 13:58:08      -51.294130        0.006157
BFGS:  143 13:58:08      -51.294197        0.005591
BFGS:  144 13:58:08      -51.294268        0.006090
BFGS:  145 13:58:08      -51.294307        0.008053
BFGS:  146 13:58:08      -51.294320        0.008406
BFGS:  147 13:58:08      -51.294331        0.007983
BFGS:  148 13:58:08      -51.294350        0.006902
BFGS:  149 13:58:08      -51.294400        0.004941
BFGS:  150 13:58:08      -51.294453        0.005537
BFGS:  151 13:58:08      -51.294484        0.006427
BFGS:  152 13:58:08      -51.294493        0.005332
BFGS:  153 13:58:08      -51.294498        0.004111
BFGS:  154 13:58:08      -51.294503        0.004127
BFGS:  155 13:58:08      -51.294512        0.004215
BFGS:  156 13:58:08      -51.294525        0.006161
BFGS:  157 13:58:08      -51.294541        0.010737
BFGS:  158 13:58:08      -51.294560        0.014893
BFGS:  159 13:58:09      -51.294590        0.018393
BFGS:  160 13:58:09      -51.294639        0.020219
BFGS:  161 13:58:09      -51.294713        0.019030
BFGS:  162 13:58:09      -51.294835        0.013999
BFGS:  163 13:58:09      -51.295143        0.013331
BFGS:  164 13:58:09      -51.294479        0.027844
BFGS:  165 13:58:09      -51.295337        0.018108
BFGS:  166 13:58:09      -51.295456        0.019600
BFGS:  167 13:58:09      -51.293923        0.047637
BFGS:  168 13:58:09      -51.295593        0.021547
BFGS:  169 13:58:09      -51.295667        0.024894
BFGS:  170 13:58:09      -51.295699        0.033606
BFGS:  171 13:58:09      -51.295767        0.028403
BFGS:  172 13:58:09      -51.295805        0.027217
BFGS:  173 13:58:09      -51.296303        0.018306
BFGS:  174 13:58:09      -51.296636        0.014074
BFGS:  175 13:58:09      -51.296965        0.013398
BFGS:  176 13:58:09      -51.297065        0.017092
BFGS:  177 13:58:09      -51.297080        0.017364
BFGS:  178 13:58:09      -51.297096        0.017528
BFGS:  179 13:58:09      -51.297112        0.017181
BFGS:  180 13:58:09      -51.297138        0.016859
BFGS:  181 13:58:10      -51.297154        0.016643
BFGS:  182 13:58:10      -51.297164        0.015900
BFGS:  183 13:58:10      -51.297174        0.014746
BFGS:  184 13:58:10      -51.297191        0.012899
BFGS:  185 13:58:10      -51.297219        0.010485
BFGS:  186 13:58:10      -51.297254        0.008885
BFGS:  187 13:58:10      -51.297278        0.009926
BFGS:  188 13:58:10      -51.297286        0.011596
BFGS:  189 13:58:10      -51.297289        0.012335
BFGS:  190 13:58:10      -51.297292        0.013010
BFGS:  191 13:58:10      -51.297301        0.013764
BFGS:  192 13:58:10      -51.297320        0.014292
BFGS:  193 13:58:10      -51.297355        0.013556
BFGS:  194 13:58:10      -51.297398        0.010624
BFGS:  195 13:58:10      -51.297428        0.010511
BFGS:  196 13:58:10      -51.297443        0.010142
BFGS:  197 13:58:10      -51.297453        0.009367
BFGS:  198 13:58:10      -51.297472        0.007995
BFGS:  199 13:58:10      -51.297509        0.007151
BFGS:  200 13:58:10      -51.297563        0.007699
BFGS:  201 13:58:10      -51.297607        0.007729
BFGS:  202 13:58:10      -51.297626        0.007618
BFGS:  203 13:58:10      -51.297636        0.006953
BFGS:  204 13:58:11      -51.297646        0.005921
BFGS:  205 13:58:11      -51.297658        0.004753
BFGS:  206 13:58:11      -51.297673        0.004310
BFGS:  207 13:58:11      -51.297682        0.004432
BFGS:  208 13:58:11      -51.297686        0.004183
BFGS:  209 13:58:11      -51.297690        0.004068
BFGS:  210 13:58:11      -51.297694        0.004001
BFGS:  211 13:58:11      -51.297702        0.003739
BFGS:  212 13:58:11      -51.297718        0.003039
BFGS:  213 13:58:11      -51.297433        0.007641
BFGS:  214 13:58:11      -51.297727        0.003106
BFGS:  215 13:58:11      -51.297733        0.003250
BFGS:  216 13:58:11      -51.297741        0.003798
BFGS:  217 13:58:11      -51.297743        0.003557
BFGS:  218 13:58:11      -51.297745        0.003421
BFGS:  219 13:58:11      -51.297751        0.002472
BFGS:  220 13:58:11      -51.297752        0.002529
BFGS:  221 13:58:11      -51.297753        0.002599
BFGS:  222 13:58:11      -51.297753        0.002600
BFGS:  223 13:58:11      -51.297754        0.002497
BFGS:  224 13:58:11      -51.297756        0.002563
BFGS:  225 13:58:11      -51.297758        0.002649
BFGS:  226 13:58:12      -51.297759        0.002799
BFGS:  227 13:58:12      -51.297759        0.002891
BFGS:  228 13:58:12      -51.297759        0.002919
BFGS:  229 13:58:12      -51.297760        0.002924
BFGS:  230 13:58:12      -51.297761        0.002872
BFGS:  231 13:58:12      -51.297761        0.002701
BFGS:  232 13:58:12      -51.297762        0.002465
BFGS:  233 13:58:12      -51.297762        0.002305
BFGS:  234 13:58:12      -51.297762        0.002194
BFGS:  235 13:58:12      -51.297763        0.002124
BFGS:  236 13:58:12      -51.297763        0.002135
BFGS:  237 13:58:12      -51.297763        0.002165
BFGS:  238 13:58:12      -51.297763        0.002177
BFGS:  239 13:58:12      -51.297763        0.002186
BFGS:  240 13:58:12      -51.297763        0.002209
BFGS:  241 13:58:12      -51.297763        0.002243
BFGS:  242 13:58:12      -51.297764        0.002279
BFGS:  243 13:58:12      -51.297764        0.002260
BFGS:  244 13:58:12      -51.297764        0.002180
BFGS:  245 13:58:12      -51.297764        0.002124
BFGS:  246 13:58:12      -51.297764        0.002104
BFGS:  247 13:58:12      -51.297764        0.002086
BFGS:  248 13:58:13      -51.297764        0.002066
BFGS:  249 13:58:13      -51.297764        0.002042
BFGS:  250 13:58:13      -51.297765        0.002029
BFGS:  251 13:58:13      -51.297765        0.002060
BFGS:  252 13:58:13      -51.297765        0.002121
BFGS:  253 13:58:13      -51.297765        0.002152
BFGS:  254 13:58:13      -51.297765        0.002167
BFGS:  255 13:58:13      -51.297765        0.002189
BFGS:  256 13:58:13      -51.297765        0.002215
BFGS:  257 13:58:13      -51.297765        0.002238
BFGS:  258 13:58:13      -51.297765        0.002239
BFGS:  259 13:58:13      -51.297765        0.002220
BFGS:  260 13:58:13      -51.297765        0.002204
BFGS:  261 13:58:13      -51.297765        0.002190
BFGS:  262 13:58:13      -51.297765        0.002168
BFGS:  263 13:58:13      -51.297765        0.002136
BFGS:  264 13:58:13      -51.297765        0.002090
BFGS:  265 13:58:13      -51.297766        0.002079
BFGS:  266 13:58:13      -51.297766        0.002256
BFGS:  267 13:58:13      -51.297766        0.002278
BFGS:  268 13:58:13      -51.297767        0.002149
BFGS:  269 13:58:13      -51.297767        0.002202
BFGS:  270 13:58:13      -51.297767        0.002249
BFGS:  271 13:58:14      -51.297767        0.002310
BFGS:  272 13:58:14      -51.297768        0.002365
BFGS:  273 13:58:14      -51.297769        0.002351
BFGS:  274 13:58:14      -51.297770        0.002214
BFGS:  275 13:58:14      -51.297771        0.002050
BFGS:  276 13:58:14      -51.297771        0.001966
BFGS:  277 13:58:14      -51.297771        0.001915
BFGS:  278 13:58:14      -51.297772        0.001847
BFGS:  279 13:58:14      -51.297773        0.002066
BFGS:  280 13:58:14      -51.297774        0.002316
BFGS:  281 13:58:14      -51.297775        0.002170
BFGS:  282 13:58:14      -51.297776        0.001893
BFGS:  283 13:58:14      -51.297776        0.001953
BFGS:  284 13:58:14      -51.297776        0.002009
BFGS:  285 13:58:14      -51.297777        0.002087
BFGS:  286 13:58:14      -51.297779        0.002181
BFGS:  287 13:58:14      -51.297783        0.002250
BFGS:  288 13:58:14      -51.297789        0.002399
BFGS:  289 13:58:14      -51.297794        0.002472
BFGS:  290 13:58:14      -51.297797        0.002952
BFGS:  291 13:58:14      -51.297798        0.003028
BFGS:  292 13:58:14      -51.297799        0.003002
BFGS:  293 13:58:15      -51.297800        0.002906
BFGS:  294 13:58:15      -51.297805        0.002889
BFGS:  295 13:58:15      -51.297818        0.004468
BFGS:  296 13:58:15      -51.297855        0.007761
BFGS:  297 13:58:15      -51.297955        0.016202
BFGS:  298 13:58:15      -51.298052        0.026821
BFGS:  299 13:58:15      -51.298122        0.036725
BFGS:  300 13:58:15      -51.298371        0.031488
BFGS:  301 13:58:15      -51.298886        0.028872
BFGS:  302 13:58:15      -51.299225        0.039599
BFGS:  303 13:58:15      -51.299533        0.038930
BFGS:  304 13:58:15      -51.299808        0.033707
BFGS:  305 13:58:15      -51.300812        0.035863
BFGS:  306 13:58:15      -51.301919        0.047096
BFGS:  307 13:58:15      -51.303719        0.058791
BFGS:  308 13:58:15      -51.306193        0.064950
BFGS:  309 13:58:15      -51.307776        0.063327
BFGS:  310 13:58:15      -51.309345        0.045097
BFGS:  311 13:58:15      -51.310795        0.040735
BFGS:  312 13:58:15      -51.311346        0.032899
BFGS:  313 13:58:15      -51.311487        0.032008
BFGS:  314 13:58:15      -51.312104        0.031541
BFGS:  315 13:58:15      -51.312869        0.032793
BFGS:  316 13:58:16      -51.314235        0.029138
BFGS:  317 13:58:16      -51.315571        0.027462
BFGS:  318 13:58:16      -51.316591        0.023428
BFGS:  319 13:58:16      -51.317252        0.026976
BFGS:  320 13:58:16      -51.317880        0.034008
BFGS:  321 13:58:16      -51.318351        0.036308
BFGS:  322 13:58:16      -51.318580        0.027464
BFGS:  323 13:58:16      -51.318803        0.026188
BFGS:  324 13:58:16      -51.318952        0.025574
BFGS:  325 13:58:16      -51.319540        0.023967
BFGS:  326 13:58:16      -51.320103        0.024598
BFGS:  327 13:58:16      -51.320693        0.023849
BFGS:  328 13:58:16      -51.321013        0.023135
BFGS:  329 13:58:16      -51.321165        0.023106
BFGS:  330 13:58:16      -51.321253        0.024768
BFGS:  331 13:58:16      -51.321333        0.026608
BFGS:  332 13:58:16      -51.321447        0.028639
BFGS:  333 13:58:16      -51.321703        0.031401
BFGS:  334 13:58:16      -51.322084        0.033218
BFGS:  335 13:58:16      -51.322570        0.031876
BFGS:  336 13:58:16      -51.322865        0.026460
BFGS:  337 13:58:17      -51.322954        0.022393
BFGS:  338 13:58:17      -51.322981        0.020740
BFGS:  339 13:58:17      -51.323014        0.019806
BFGS:  340 13:58:17      -51.323095        0.018597
BFGS:  341 13:58:17      -51.323271        0.018177
BFGS:  342 13:58:17      -51.323587        0.018212
BFGS:  343 13:58:17      -51.323943        0.018902
BFGS:  344 13:58:17      -51.324119        0.023369
BFGS:  345 13:58:17      -51.324173        0.023231
BFGS:  346 13:58:17      -51.324197        0.022455
BFGS:  347 13:58:17      -51.324242        0.024656
BFGS:  348 13:58:17      -51.324355        0.027908
BFGS:  349 13:58:17      -51.324603        0.032385
BFGS:  350 13:58:17      -51.325022        0.034535
BFGS:  351 13:58:17      -51.325407        0.030405
BFGS:  352 13:58:17      -51.325575        0.022969
BFGS:  353 13:58:17      -51.325616        0.020010
BFGS:  354 13:58:17      -51.325631        0.018243
BFGS:  355 13:58:17      -51.325657        0.017355
BFGS:  356 13:58:17      -51.325770        0.015295
BFGS:  357 13:58:17      -51.325909        0.014357
BFGS:  358 13:58:17      -51.326038        0.016269
BFGS:  359 13:58:17      -51.326093        0.017634
BFGS:  360 13:58:18      -51.326112        0.018923
BFGS:  361 13:58:18      -51.326129        0.019256
BFGS:  362 13:58:18      -51.326164        0.019093
BFGS:  363 13:58:18      -51.326233        0.018059
BFGS:  364 13:58:18      -51.326371        0.016093
BFGS:  365 13:58:18      -51.326577        0.015803
BFGS:  366 13:58:18      -51.326755        0.015648
BFGS:  367 13:58:18      -51.326836        0.015386
BFGS:  368 13:58:18      -51.326868        0.016542
BFGS:  369 13:58:18      -51.326893        0.017971
BFGS:  370 13:58:18      -51.326949        0.020178
BFGS:  371 13:58:18      -51.327082        0.023332
BFGS:  372 13:58:18      -51.327378        0.026774
BFGS:  373 13:58:18      -51.327686        0.026878
BFGS:  374 13:58:18      -51.327894        0.022882
BFGS:  375 13:58:18      -51.328248        0.012905
BFGS:  376 13:58:18      -51.328469        0.014247
BFGS:  377 13:58:18      -51.328660        0.015349
BFGS:  378 13:58:18      -51.328761        0.014078
BFGS:  379 13:58:18      -51.328819        0.018311
BFGS:  380 13:58:18      -51.328849        0.019662
BFGS:  381 13:58:18      -51.328971        0.022685
BFGS:  382 13:58:19      -51.329175        0.023976
BFGS:  383 13:58:19      -51.329585        0.022408
BFGS:  384 13:58:19      -51.330182        0.016094
BFGS:  385 13:58:19      -51.330551        0.008415
BFGS:  386 13:58:19      -51.330631        0.007372
BFGS:  387 13:58:19      -51.330641        0.007583
BFGS:  388 13:58:19      -51.330648        0.007538
BFGS:  389 13:58:19      -51.330671        0.007226
BFGS:  390 13:58:19      -51.330715        0.006367
BFGS:  391 13:58:19      -51.330783        0.004588
BFGS:  392 13:58:19      -51.330841        0.004022
BFGS:  393 13:58:19      -51.330864        0.003819
BFGS:  394 13:58:19      -51.330868        0.003596
BFGS:  395 13:58:19      -51.330870        0.003492
BFGS:  396 13:58:19      -51.330873        0.003310
BFGS:  397 13:58:19      -51.330880        0.003028
BFGS:  398 13:58:19      -51.330895        0.002486
BFGS:  399 13:58:19      -51.330918        0.002889
BFGS:  400 13:58:19      -51.330939        0.002739
BFGS:  401 13:58:19      -51.330948        0.002485
BFGS:  402 13:58:19      -51.330950        0.002209
BFGS:  403 13:58:19      -51.330951        0.002170
BFGS:  404 13:58:20      -51.330952        0.002096
BFGS:  405 13:58:20      -51.330956        0.001920
BFGS:  406 13:58:20      -51.330963        0.001576
BFGS:  407 13:58:20      -51.330973        0.001419
BFGS:  408 13:58:20      -51.330981        0.001502
BFGS:  409 13:58:20      -51.330984        0.001306
BFGS:  410 13:58:20      -51.330985        0.001187
BFGS:  411 13:58:20      -51.330985        0.001108
BFGS:  412 13:58:20      -51.330986        0.001078
BFGS:  413 13:58:20      -51.330987        0.001017
BFGS:  414 13:58:20      -51.330990        0.001006
BFGS:  415 13:58:20      -51.330993        0.000916
