      Step     Time          Energy          fmax
BFGS:    0 00:45:23     -100.090377        0.706054
BFGS:    1 00:45:23     -100.183266        0.692786
BFGS:    2 00:45:23     -101.289233        0.370933
BFGS:    3 00:45:23     -101.339945        0.421174
BFGS:    4 00:45:23     -101.379112        0.411339
BFGS:    5 00:45:23     -101.615882        0.216528
BFGS:    6 00:45:23     -101.694417        0.245058
BFGS:    7 00:45:23     -101.726981        0.294507
BFGS:    8 00:45:23     -101.732883        0.303140
BFGS:    9 00:45:23     -101.761435        0.330054
BFGS:   10 00:45:24     -101.811124        0.357256
BFGS:   11 00:45:24     -101.894659        0.377228
BFGS:   12 00:45:24     -101.979749        0.377336
BFGS:   13 00:45:24     -102.062485        0.361665
BFGS:   14 00:45:24     -102.130081        0.331564
BFGS:   15 00:45:24     -102.168442        0.279205
BFGS:   16 00:45:24     -102.185345        0.263840
BFGS:   17 00:45:24     -102.283217        0.184031
BFGS:   18 00:45:24     -102.372281        0.217541
BFGS:   19 00:45:24     -102.458898        0.223842
BFGS:   20 00:45:24     -102.536348        0.203072
BFGS:   21 00:45:24     -102.599521        0.168547
BFGS:   22 00:45:24     -102.638172        0.141078
BFGS:   23 00:45:24     -102.651328        0.133477
BFGS:   24 00:45:24     -102.657855        0.130978
BFGS:   25 00:45:25     -102.688966        0.150885
BFGS:   26 00:45:25     -102.738187        0.180340
BFGS:   27 00:45:25     -102.804561        0.185533
BFGS:   28 00:45:25     -102.887067        0.145910
BFGS:   29 00:45:25     -102.918253        0.137425
BFGS:   30 00:45:25     -102.927150        0.150599
BFGS:   31 00:45:25     -102.931599        0.156757
BFGS:   32 00:45:25     -102.946806        0.172768
BFGS:   33 00:45:25     -102.966735        0.184371
BFGS:   34 00:45:25     -102.991624        0.184684
BFGS:   35 00:45:25     -103.003879        0.169283
BFGS:   36 00:45:25     -103.006928        0.157071
BFGS:   37 00:45:25     -103.008202        0.151779
BFGS:   38 00:45:25     -103.011416        0.142931
BFGS:   39 00:45:26     -103.018115        0.131752
BFGS:   40 00:45:26     -103.031631        0.119734
BFGS:   41 00:45:26     -103.049671        0.124660
BFGS:   42 00:45:26     -103.062754        0.132151
BFGS:   43 00:45:26     -103.069553        0.129677
BFGS:   44 00:45:26     -103.074095        0.133025
BFGS:   45 00:45:26     -103.078892        0.134538
BFGS:   46 00:45:26     -103.087368        0.127736
BFGS:   47 00:45:26     -103.095315        0.111049
BFGS:   48 00:45:26     -103.100294        0.094725
BFGS:   49 00:45:26     -103.102947        0.092339
BFGS:   50 00:45:26     -103.107440        0.088366
BFGS:   51 00:45:26     -103.116312        0.094544
BFGS:   52 00:45:26     -103.130045        0.084930
BFGS:   53 00:45:28     -103.143262        0.066481
BFGS:   54 00:45:28     -103.149085        0.049378
BFGS:   55 00:45:28     -103.150477        0.047858
BFGS:   56 00:45:28     -103.151409        0.048372
BFGS:   57 00:45:28     -103.153279        0.044650
BFGS:   58 00:45:28     -103.155902        0.034255
BFGS:   59 00:45:28     -103.158453        0.041079
BFGS:   60 00:45:28     -103.159656        0.043689
BFGS:   61 00:45:28     -103.160105        0.038834
BFGS:   62 00:45:28     -103.160468        0.035994
BFGS:   63 00:45:28     -103.161049        0.036895
BFGS:   64 00:45:28     -103.161756        0.036814
BFGS:   65 00:45:29     -103.162275        0.035554
BFGS:   66 00:45:29     -103.162494        0.034214
BFGS:   67 00:45:29     -103.162618        0.033335
BFGS:   68 00:45:29     -103.162838        0.032193
BFGS:   69 00:45:29     -103.163329        0.030277
BFGS:   70 00:45:29     -103.164335        0.027103
BFGS:   71 00:45:29     -103.165856        0.022949
BFGS:   72 00:45:29     -103.167153        0.020973
BFGS:   73 00:45:29     -103.167678        0.019811
BFGS:   74 00:45:29     -103.167864        0.020403
BFGS:   75 00:45:29     -103.168036        0.020781
BFGS:   76 00:45:29     -103.168413        0.020739
BFGS:   77 00:45:33     -103.169002        0.019365
BFGS:   78 00:45:33     -103.169660        0.027438
BFGS:   79 00:45:33     -103.170092        0.034356
BFGS:   80 00:45:33     -103.170358        0.034080
BFGS:   81 00:45:33     -103.170698        0.030484
BFGS:   82 00:45:33     -103.171369        0.023199
BFGS:   83 00:45:33     -103.172412        0.016259
BFGS:   84 00:45:33     -103.173359        0.015590
BFGS:   85 00:45:33     -103.173712        0.011883
BFGS:   86 00:45:33     -103.173776        0.008587
BFGS:   87 00:45:34     -103.173802        0.008290
BFGS:   88 00:45:34     -103.173856        0.007180
BFGS:   89 00:45:34     -103.173939        0.006635
BFGS:   90 00:45:34     -103.174022        0.006661
BFGS:   91 00:45:34     -103.174060        0.006689
BFGS:   92 00:45:34     -103.174069        0.006709
BFGS:   93 00:45:34     -103.174075        0.006717
BFGS:   94 00:45:34     -103.174090        0.006720
BFGS:   95 00:45:34     -103.174121        0.006696
BFGS:   96 00:45:34     -103.174181        0.006596
BFGS:   97 00:45:34     -103.174256        0.006366
BFGS:   98 00:45:34     -103.174306        0.006079
BFGS:   99 00:45:34     -103.174323        0.005929
BFGS:  100 00:45:34     -103.174329        0.005876
BFGS:  101 00:45:35     -103.174341        0.005790
BFGS:  102 00:45:35     -103.174370        0.005582
BFGS:  103 00:45:35     -103.174434        0.006667
BFGS:  104 00:45:35     -103.174542        0.008375
BFGS:  105 00:45:35     -103.174660        0.006962
BFGS:  106 00:45:35     -103.174725        0.008655
BFGS:  107 00:45:35     -103.174749        0.009197
BFGS:  108 00:45:35     -103.174768        0.009106
BFGS:  109 00:45:35     -103.174812        0.008525
BFGS:  110 00:45:35     -103.174900        0.007056
BFGS:  111 00:45:35     -103.175042        0.008094
BFGS:  112 00:45:35     -103.175170        0.005814
BFGS:  113 00:45:35     -103.175221        0.003382
BFGS:  114 00:45:35     -103.175229        0.002927
BFGS:  115 00:45:35     -103.175231        0.002724
BFGS:  116 00:45:36     -103.175235        0.002350
BFGS:  117 00:45:36     -103.175241        0.001712
BFGS:  118 00:45:36     -103.175251        0.001294
BFGS:  119 00:45:36     -103.175258        0.000811
