      Step     Time          Energy          fmax
BFGS:    0 21:50:51      -70.843890        3.440175
BFGS:    1 21:50:51      -73.633418        3.156064
BFGS:    2 21:50:51      -82.952656        2.315037
BFGS:    3 21:50:51      -89.554244        1.827025
BFGS:    4 21:50:51      -93.504759        1.607450
BFGS:    5 21:50:51      -94.895209        1.690038
BFGS:    6 21:50:51      -95.188961        1.648697
BFGS:    7 21:50:51      -96.560045        1.395720
BFGS:    8 21:50:52      -97.294890        1.209151
BFGS:    9 21:50:52      -97.707532        1.074322
BFGS:   10 21:50:52      -98.059538        1.205554
BFGS:   11 21:50:52      -98.447008        1.264521
BFGS:   12 21:50:52      -98.872609        1.229647
BFGS:   13 21:50:52      -99.316754        1.134270
BFGS:   14 21:50:52      -99.755758        1.002238
BFGS:   15 21:50:52     -100.167476        0.850936
BFGS:   16 21:50:52     -100.535372        0.694858
BFGS:   17 21:50:52     -100.848915        0.545352
BFGS:   18 21:50:52     -101.104422        0.411578
BFGS:   19 21:50:52     -101.302734        0.363126
BFGS:   20 21:50:52     -101.448422        0.323093
BFGS:   21 21:50:52     -101.549484        0.285633
BFGS:   22 21:50:53     -101.617475        0.269628
BFGS:   23 21:50:53     -101.667613        0.304798
BFGS:   24 21:50:53     -101.717775        0.319327
BFGS:   25 21:50:53     -101.789209        0.293578
BFGS:   26 21:50:53     -101.888542        0.203086
BFGS:   27 21:50:53     -101.981861        0.120472
BFGS:   28 21:50:53     -102.027277        0.150519
BFGS:   29 21:50:53     -102.043074        0.155403
BFGS:   30 21:50:53     -102.053612        0.152622
BFGS:   31 21:50:53     -102.075164        0.155590
BFGS:   32 21:50:53     -102.095282        0.164458
BFGS:   33 21:50:53     -102.129248        0.162159
BFGS:   34 21:50:53     -102.177149        0.221617
BFGS:   35 21:50:53     -102.260834        0.248994
BFGS:   36 21:50:53     -102.342808        0.193587
BFGS:   37 21:50:54     -102.407999        0.094388
BFGS:   38 21:50:54     -102.427943        0.058239
BFGS:   39 21:50:54     -102.431414        0.056223
BFGS:   40 21:50:54     -102.433187        0.054166
BFGS:   41 21:50:54     -102.438730        0.060396
BFGS:   42 21:50:54     -102.446517        0.068139
BFGS:   43 21:50:54     -102.455615        0.069022
BFGS:   44 21:50:54     -102.460079        0.057047
BFGS:   45 21:50:54     -102.461240        0.050699
BFGS:   46 21:50:54     -102.461720        0.046801
BFGS:   47 21:50:54     -102.462669        0.043049
BFGS:   48 21:50:54     -102.465567        0.043399
BFGS:   49 21:50:54     -102.470058        0.043297
BFGS:   50 21:50:54     -102.475065        0.038513
BFGS:   51 21:50:55     -102.477686        0.032236
BFGS:   52 21:50:55     -102.478382        0.029598
BFGS:   53 21:50:55     -102.478726        0.028980
BFGS:   54 21:50:55     -102.479287        0.029869
BFGS:   55 21:50:55     -102.480435        0.030172
BFGS:   56 21:50:55     -102.481867        0.027957
BFGS:   57 21:50:55     -102.482840        0.026365
BFGS:   58 21:50:55     -102.483155        0.027388
BFGS:   59 21:50:55     -102.483288        0.027836
BFGS:   60 21:50:55     -102.483526        0.028259
BFGS:   61 21:50:55     -102.484080        0.028732
BFGS:   62 21:50:55     -102.485244        0.029109
BFGS:   63 21:50:55     -102.487097        0.029101
BFGS:   64 21:50:55     -102.488866        0.028507
BFGS:   65 21:50:56     -102.489701        0.030266
BFGS:   66 21:50:56     -102.489981        0.031025
BFGS:   67 21:50:56     -102.490254        0.031301
BFGS:   68 21:50:56     -102.490938        0.031566
BFGS:   69 21:50:56     -102.492452        0.032044
BFGS:   70 21:50:56     -102.495534        0.058535
BFGS:   71 21:50:56     -102.500174        0.091257
BFGS:   72 21:50:56     -102.504871        0.123938
BFGS:   73 21:50:56     -102.508777        0.131860
BFGS:   74 21:50:56     -102.512798        0.114730
BFGS:   75 21:50:56     -102.517793        0.070147
BFGS:   76 21:50:56     -102.523244        0.045276
BFGS:   77 21:50:56     -102.527603        0.046492
BFGS:   78 21:50:56     -102.529655        0.049097
BFGS:   79 21:50:57     -102.530771        0.053204
BFGS:   80 21:50:57     -102.533097        0.053904
BFGS:   81 21:50:57     -102.537188        0.045736
BFGS:   82 21:50:57     -102.542473        0.043249
BFGS:   83 21:50:57     -102.545872        0.035961
BFGS:   84 21:50:57     -102.546836        0.038139
BFGS:   85 21:50:57     -102.547057        0.038254
BFGS:   86 21:50:57     -102.547295        0.037971
BFGS:   87 21:50:57     -102.547906        0.037204
BFGS:   88 21:50:57     -102.549290        0.035634
BFGS:   89 21:50:57     -102.552224        0.049981
BFGS:   90 21:50:57     -102.556835        0.076670
BFGS:   91 21:50:57     -102.560867        0.090442
BFGS:   92 21:50:57     -102.562721        0.081298
BFGS:   93 21:50:58     -102.563567        0.064645
BFGS:   94 21:50:58     -102.564290        0.043759
BFGS:   95 21:50:58     -102.565119        0.021355
BFGS:   96 21:50:58     -102.565647        0.020065
BFGS:   97 21:50:58     -102.565867        0.019637
BFGS:   98 21:50:58     -102.566011        0.019577
BFGS:   99 21:50:58     -102.566286        0.019662
BFGS:  100 21:50:58     -102.566736        0.019573
BFGS:  101 21:50:58     -102.567214        0.019412
BFGS:  102 21:50:58     -102.567509        0.019184
BFGS:  103 21:50:58     -102.567676        0.019071
BFGS:  104 21:50:58     -102.567893        0.018853
BFGS:  105 21:50:58     -102.568401        0.021577
BFGS:  106 21:50:58     -102.569533        0.033271
BFGS:  107 21:50:59     -102.571620        0.042413
BFGS:  108 21:50:59     -102.573995        0.036313
BFGS:  109 21:50:59     -102.575508        0.028508
BFGS:  110 21:50:59     -102.576084        0.023474
BFGS:  111 21:50:59     -102.576292        0.018825
BFGS:  112 21:50:59     -102.576590        0.015899
BFGS:  113 21:50:59     -102.577015        0.018863
BFGS:  114 21:50:59     -102.577401        0.024381
BFGS:  115 21:50:59     -102.577636        0.025977
BFGS:  116 21:50:59     -102.577815        0.023614
BFGS:  117 21:50:59     -102.578078        0.018027
BFGS:  118 21:50:59     -102.578505        0.015836
BFGS:  119 21:50:59     -102.579001        0.021692
BFGS:  120 21:50:59     -102.579357        0.029172
BFGS:  121 21:51:00     -102.579564        0.029003
BFGS:  122 21:51:00     -102.579768        0.025389
BFGS:  123 21:51:00     -102.580172        0.018199
BFGS:  124 21:51:00     -102.580897        0.014195
BFGS:  125 21:51:00     -102.581664        0.012124
BFGS:  126 21:51:00     -102.582029        0.009459
BFGS:  127 21:51:00     -102.582112        0.010254
BFGS:  128 21:51:00     -102.582128        0.010503
BFGS:  129 21:51:00     -102.582148        0.010713
BFGS:  130 21:51:00     -102.582199        0.010998
BFGS:  131 21:51:00     -102.582291        0.011153
BFGS:  132 21:51:00     -102.582414        0.010858
BFGS:  133 21:51:00     -102.582503        0.010139
BFGS:  134 21:51:00     -102.582539        0.009554
BFGS:  135 21:51:01     -102.582560        0.009232
BFGS:  136 21:51:01     -102.582598        0.008829
BFGS:  137 21:51:01     -102.582683        0.008402
BFGS:  138 21:51:01     -102.582851        0.007967
BFGS:  139 21:51:01     -102.583085        0.010948
BFGS:  140 21:51:01     -102.583273        0.012283
BFGS:  141 21:51:01     -102.583362        0.011322
BFGS:  142 21:51:01     -102.583421        0.010016
BFGS:  143 21:51:01     -102.583521        0.009276
BFGS:  144 21:51:01     -102.583718        0.008015
BFGS:  145 21:51:01     -102.584019        0.008569
BFGS:  146 21:51:01     -102.584287        0.008880
BFGS:  147 21:51:01     -102.584396        0.007405
BFGS:  148 21:51:01     -102.584420        0.006530
BFGS:  149 21:51:01     -102.584435        0.006052
BFGS:  150 21:51:02     -102.584474        0.005293
BFGS:  151 21:51:02     -102.584544        0.005727
BFGS:  152 21:51:02     -102.584643        0.005371
BFGS:  153 21:51:02     -102.584717        0.004981
BFGS:  154 21:51:02     -102.584745        0.005300
BFGS:  155 21:51:02     -102.584754        0.005179
BFGS:  156 21:51:02     -102.584769        0.005072
BFGS:  157 21:51:02     -102.584805        0.005227
BFGS:  158 21:51:02     -102.584891        0.005440
BFGS:  159 21:51:02     -102.585070        0.007354
BFGS:  160 21:51:02     -102.585340        0.009869
BFGS:  161 21:51:02     -102.585581        0.010786
BFGS:  162 21:51:02     -102.585682        0.008972
BFGS:  163 21:51:02     -102.585703        0.007595
BFGS:  164 21:51:03     -102.585718        0.006665
BFGS:  165 21:51:03     -102.585755        0.006047
BFGS:  166 21:51:03     -102.585826        0.006163
BFGS:  167 21:51:03     -102.585936        0.006797
BFGS:  168 21:51:03     -102.586028        0.007284
BFGS:  169 21:51:03     -102.586064        0.007014
BFGS:  170 21:51:03     -102.586074        0.007009
BFGS:  171 21:51:03     -102.586080        0.006982
BFGS:  172 21:51:03     -102.586090        0.006933
BFGS:  173 21:51:03     -102.586102        0.006913
BFGS:  174 21:51:03     -102.586114        0.007493
BFGS:  175 21:51:03     -102.586127        0.009060
BFGS:  176 21:51:03     -102.586149        0.009782
BFGS:  177 21:51:03     -102.586198        0.010169
BFGS:  178 21:51:04     -102.586305        0.012839
BFGS:  179 21:51:04     -102.586496        0.015384
BFGS:  180 21:51:04     -102.586729        0.019554
BFGS:  181 21:51:04     -102.586904        0.021476
BFGS:  182 21:51:04     -102.587014        0.019605
BFGS:  183 21:51:04     -102.587126        0.015756
BFGS:  184 21:51:04     -102.587289        0.011777
BFGS:  185 21:51:04     -102.587466        0.009246
BFGS:  186 21:51:04     -102.587583        0.013706
BFGS:  187 21:51:04     -102.587644        0.013086
BFGS:  188 21:51:04     -102.587707        0.011039
BFGS:  189 21:51:04     -102.587851        0.011399
BFGS:  190 21:51:04     -102.588139        0.011418
BFGS:  191 21:51:04     -102.588627        0.018831
BFGS:  192 21:51:05     -102.589170        0.027993
BFGS:  193 21:51:05     -102.589648        0.028811
BFGS:  194 21:51:05     -102.590420        0.023883
BFGS:  195 21:51:05     -102.591223        0.021347
BFGS:  196 21:51:05     -102.590312        0.022295
BFGS:  197 21:51:05     -102.591577        0.018679
BFGS:  198 21:51:05     -102.591907        0.013042
BFGS:  199 21:51:05     -102.592043        0.014501
BFGS:  200 21:51:05     -102.592177        0.016134
BFGS:  201 21:51:05     -102.592324        0.015981
BFGS:  202 21:51:05     -102.592771        0.030226
BFGS:  203 21:51:05     -102.593108        0.038313
BFGS:  204 21:51:05     -102.593465        0.041290
BFGS:  205 21:51:05     -102.593714        0.040167
BFGS:  206 21:51:06     -102.594105        0.038188
BFGS:  207 21:51:06     -102.594522        0.029121
BFGS:  208 21:51:06     -102.594852        0.015395
BFGS:  209 21:51:06     -102.594986        0.011218
BFGS:  210 21:51:06     -102.595031        0.010556
BFGS:  211 21:51:06     -102.595053        0.008609
BFGS:  212 21:51:06     -102.595073        0.007205
BFGS:  213 21:51:06     -102.595094        0.006741
BFGS:  214 21:51:06     -102.595117        0.005891
BFGS:  215 21:51:06     -102.595137        0.006921
BFGS:  216 21:51:06     -102.595152        0.008121
BFGS:  217 21:51:06     -102.595168        0.008289
BFGS:  218 21:51:06     -102.595191        0.008441
BFGS:  219 21:51:06     -102.595223        0.008507
BFGS:  220 21:51:07     -102.595251        0.008108
BFGS:  221 21:51:07     -102.595264        0.007115
BFGS:  222 21:51:07     -102.595269        0.006001
BFGS:  223 21:51:07     -102.595275        0.004728
BFGS:  224 21:51:07     -102.595282        0.003715
BFGS:  225 21:51:07     -102.595291        0.003407
BFGS:  226 21:51:07     -102.595297        0.004366
BFGS:  227 21:51:07     -102.595300        0.004672
BFGS:  228 21:51:07     -102.595303        0.004498
BFGS:  229 21:51:07     -102.595308        0.003919
BFGS:  230 21:51:07     -102.595315        0.003752
BFGS:  231 21:51:07     -102.595321        0.004741
BFGS:  232 21:51:07     -102.595325        0.004781
BFGS:  233 21:51:07     -102.595328        0.004218
BFGS:  234 21:51:08     -102.595332        0.003307
BFGS:  235 21:51:08     -102.595338        0.002965
BFGS:  236 21:51:08     -102.595348        0.002754
BFGS:  237 21:51:08     -102.595360        0.004652
BFGS:  238 21:51:08     -102.595370        0.005832
BFGS:  239 21:51:08     -102.595377        0.005805
BFGS:  240 21:51:08     -102.595385        0.004881
BFGS:  241 21:51:08     -102.595394        0.003418
BFGS:  242 21:51:08     -102.595403        0.002987
BFGS:  243 21:51:08     -102.595408        0.003270
BFGS:  244 21:51:08     -102.595412        0.003858
BFGS:  245 21:51:08     -102.595427        0.005170
BFGS:  246 21:51:08     -102.595452        0.006351
BFGS:  247 21:51:08     -102.595482        0.007151
BFGS:  248 21:51:09     -102.595509        0.007603
BFGS:  249 21:51:09     -102.595544        0.008378
BFGS:  250 21:51:09     -102.595584        0.007850
BFGS:  251 21:51:09     -102.595607        0.007182
BFGS:  252 21:51:09     -102.595621        0.007149
BFGS:  253 21:51:09     -102.595635        0.005299
BFGS:  254 21:51:09     -102.595650        0.004200
BFGS:  255 21:51:09     -102.595671        0.003241
BFGS:  256 21:51:09     -102.595693        0.004907
BFGS:  257 21:51:09     -102.595704        0.006414
BFGS:  258 21:51:09     -102.595709        0.005820
BFGS:  259 21:51:09     -102.595712        0.004336
BFGS:  260 21:51:09     -102.595717        0.002070
BFGS:  261 21:51:09     -102.595720        0.001445
BFGS:  262 21:51:10     -102.595721        0.001430
BFGS:  263 21:51:10     -102.595721        0.001335
BFGS:  264 21:51:10     -102.595722        0.001065
BFGS:  265 21:51:10     -102.595723        0.000959
