      Step     Time          Energy          fmax
BFGS:    0 04:52:13      -42.329286        3.243104
BFGS:    1 04:52:13      -43.252597        2.585322
BFGS:    2 04:52:13      -45.980171        1.998651
BFGS:    3 04:52:13      -46.890722        1.668276
BFGS:    4 04:52:13      -47.376861        1.745090
BFGS:    5 04:52:13      -47.985113        1.671671
BFGS:    6 04:52:13      -48.574248        1.600983
BFGS:    7 04:52:13      -49.124337        1.389782
BFGS:    8 04:52:13      -49.614627        1.088541
BFGS:    9 04:52:13      -50.035088        0.810937
BFGS:   10 04:52:13      -50.350743        1.009261
BFGS:   11 04:52:13      -50.555453        1.169787
BFGS:   12 04:52:14      -50.806251        1.095183
BFGS:   13 04:52:14      -51.145351        1.060046
BFGS:   14 04:52:14      -51.578570        0.993621
BFGS:   15 04:52:14      -51.918006        0.765547
BFGS:   16 04:52:14      -52.050990        0.848624
BFGS:   17 04:52:14      -52.188636        0.850018
BFGS:   18 04:52:14      -52.343378        0.657087
BFGS:   19 04:52:14      -52.515273        0.515084
BFGS:   20 04:52:14      -52.675945        0.498354
BFGS:   21 04:52:14      -52.783891        0.451219
BFGS:   22 04:52:14      -52.826895        0.447547
BFGS:   23 04:52:14      -52.868164        0.441666
BFGS:   24 04:52:14      -52.974286        0.388731
BFGS:   25 04:52:14      -53.142072        0.495584
BFGS:   26 04:52:14      -53.286738        0.553535
BFGS:   27 04:52:14      -53.394999        0.659098
BFGS:   28 04:52:14      -53.462267        0.636467
BFGS:   29 04:52:14      -53.495524        0.533027
BFGS:   30 04:52:14      -53.541179        0.363064
BFGS:   31 04:52:14      -53.618961        0.415305
BFGS:   32 04:52:14      -53.716937        0.437784
BFGS:   33 04:52:14      -53.787414        0.623139
BFGS:   34 04:52:14      -53.831327        0.624249
BFGS:   35 04:52:14      -53.871512        0.492249
BFGS:   36 04:52:15      -53.929027        0.372317
BFGS:   37 04:52:15      -54.027144        0.331248
BFGS:   38 04:52:15      -54.104167        0.305561
BFGS:   39 04:52:15      -54.172146        0.293100
BFGS:   40 04:52:15      -54.234176        0.305392
BFGS:   41 04:52:15      -54.288576        0.329746
BFGS:   42 04:52:15      -54.334071        0.351894
BFGS:   43 04:52:15      -54.371085        0.373997
BFGS:   44 04:52:15      -54.402289        0.393637
BFGS:   45 04:52:15      -54.434603        0.400760
BFGS:   46 04:52:15      -54.479027        0.388728
BFGS:   47 04:52:15      -54.545563        0.358257
BFGS:   48 04:52:15      -54.644235        0.370178
BFGS:   49 04:52:15      -54.774088        0.404718
BFGS:   50 04:52:15      -54.913135        0.471152
BFGS:   51 04:52:15      -55.002999        0.620231
BFGS:   52 04:52:15      -55.087041        0.638190
BFGS:   53 04:52:15      -55.144863        0.467484
BFGS:   54 04:52:15      -55.249557        0.453628
BFGS:   55 04:52:15      -55.360252        0.433809
BFGS:   56 04:52:15      -55.439222        0.508580
BFGS:   57 04:52:15      -55.483203        0.435326
BFGS:   58 04:52:15      -55.530890        0.402046
BFGS:   59 04:52:15      -55.584759        0.466424
BFGS:   60 04:52:16      -55.667785        0.453166
BFGS:   61 04:52:16      -55.787856        0.551135
BFGS:   62 04:52:16      -55.873022        0.513236
BFGS:   63 04:52:16      -55.923094        0.467196
BFGS:   64 04:52:16      -55.980298        0.350987
BFGS:   65 04:52:16      -56.034555        0.293914
BFGS:   66 04:52:16      -56.110533        0.326748
BFGS:   67 04:52:16      -56.171864        0.287293
BFGS:   68 04:52:16      -56.206160        0.315318
BFGS:   69 04:52:16      -56.218878        0.298379
BFGS:   70 04:52:16      -56.235300        0.253386
BFGS:   71 04:52:16      -56.261872        0.214084
BFGS:   72 04:52:16      -56.300256        0.195593
BFGS:   73 04:52:16      -56.334474        0.296247
BFGS:   74 04:52:16      -56.354264        0.277751
BFGS:   75 04:52:16      -56.363021        0.229879
BFGS:   76 04:52:16      -56.371416        0.175988
BFGS:   77 04:52:16      -56.385484        0.172078
BFGS:   78 04:52:16      -56.405712        0.145002
BFGS:   79 04:52:16      -56.425485        0.181958
BFGS:   80 04:52:16      -56.434009        0.174725
BFGS:   81 04:52:16      -56.436895        0.152086
BFGS:   82 04:52:16      -56.439770        0.131282
BFGS:   83 04:52:16      -56.444814        0.107931
BFGS:   84 04:52:17      -56.452205        0.117504
BFGS:   85 04:52:17      -56.460337        0.174340
BFGS:   86 04:52:17      -56.465627        0.205618
BFGS:   87 04:52:17      -56.468560        0.198119
BFGS:   88 04:52:17      -56.471372        0.171722
BFGS:   89 04:52:17      -56.475192        0.131902
BFGS:   90 04:52:17      -56.479374        0.102696
BFGS:   91 04:52:17      -56.482615        0.104890
BFGS:   92 04:52:17      -56.484466        0.101570
BFGS:   93 04:52:17      -56.485655        0.113254
BFGS:   94 04:52:17      -56.487084        0.111112
BFGS:   95 04:52:17      -56.489216        0.091833
BFGS:   96 04:52:17      -56.491922        0.060270
BFGS:   97 04:52:17      -56.494442        0.064251
BFGS:   98 04:52:17      -56.496227        0.053675
BFGS:   99 04:52:17      -56.497082        0.049254
BFGS:  100 04:52:17      -56.497502        0.050073
BFGS:  101 04:52:17      -56.498199        0.050231
BFGS:  102 04:52:17      -56.499378        0.060037
BFGS:  103 04:52:17      -56.501071        0.070996
BFGS:  104 04:52:17      -56.502564        0.066908
BFGS:  105 04:52:17      -56.503336        0.076792
BFGS:  106 04:52:17      -56.503685        0.070683
BFGS:  107 04:52:18      -56.504042        0.055591
BFGS:  108 04:52:18      -56.504544        0.038634
BFGS:  109 04:52:18      -56.504998        0.030646
BFGS:  110 04:52:18      -56.505243        0.036615
BFGS:  111 04:52:18      -56.505362        0.035531
BFGS:  112 04:52:18      -56.505503        0.029934
BFGS:  113 04:52:18      -56.505778        0.026970
BFGS:  114 04:52:18      -56.506183        0.029579
BFGS:  115 04:52:18      -56.506548        0.023836
BFGS:  116 04:52:18      -56.506715        0.026618
BFGS:  117 04:52:18      -56.506781        0.023427
BFGS:  118 04:52:18      -56.506851        0.018238
BFGS:  119 04:52:18      -56.506978        0.017108
BFGS:  120 04:52:18      -56.507135        0.017408
BFGS:  121 04:52:18      -56.507250        0.018172
BFGS:  122 04:52:18      -56.507299        0.020146
BFGS:  123 04:52:18      -56.507331        0.018935
BFGS:  124 04:52:18      -56.507385        0.015374
BFGS:  125 04:52:18      -56.507480        0.012603
BFGS:  126 04:52:18      -56.507593        0.012264
BFGS:  127 04:52:18      -56.507663        0.015511
BFGS:  128 04:52:18      -56.507688        0.014861
BFGS:  129 04:52:18      -56.507701        0.012680
BFGS:  130 04:52:18      -56.507721        0.008304
BFGS:  131 04:52:19      -56.507752        0.006714
BFGS:  132 04:52:19      -56.507778        0.005541
BFGS:  133 04:52:19      -56.507790        0.006102
BFGS:  134 04:52:19      -56.507795        0.005342
BFGS:  135 04:52:19      -56.507801        0.004113
BFGS:  136 04:52:19      -56.507813        0.004922
BFGS:  137 04:52:19      -56.507833        0.005536
BFGS:  138 04:52:19      -56.507853        0.004668
BFGS:  139 04:52:19      -56.507862        0.003322
BFGS:  140 04:52:19      -56.507865        0.003418
BFGS:  141 04:52:19      -56.507867        0.003422
BFGS:  142 04:52:19      -56.507871        0.003425
BFGS:  143 04:52:19      -56.507881        0.003324
BFGS:  144 04:52:19      -56.507896        0.004762
BFGS:  145 04:52:19      -56.507913        0.004587
BFGS:  146 04:52:19      -56.507921        0.003982
BFGS:  147 04:52:19      -56.507924        0.004024
BFGS:  148 04:52:19      -56.507926        0.003797
BFGS:  149 04:52:19      -56.507931        0.003249
BFGS:  150 04:52:19      -56.507939        0.003341
BFGS:  151 04:52:19      -56.507948        0.003161
BFGS:  152 04:52:19      -56.507953        0.003653
BFGS:  153 04:52:19      -56.507955        0.003233
BFGS:  154 04:52:20      -56.507956        0.002697
BFGS:  155 04:52:20      -56.507959        0.002147
BFGS:  156 04:52:20      -56.507964        0.002825
BFGS:  157 04:52:20      -56.507971        0.003232
BFGS:  158 04:52:20      -56.507977        0.002362
BFGS:  159 04:52:20      -56.507979        0.001900
BFGS:  160 04:52:20      -56.507980        0.002036
BFGS:  161 04:52:20      -56.507981        0.002068
BFGS:  162 04:52:20      -56.507983        0.001963
BFGS:  163 04:52:20      -56.507989        0.002475
BFGS:  164 04:52:20      -56.507996        0.002787
BFGS:  165 04:52:20      -56.508002        0.001888
BFGS:  166 04:52:20      -56.508004        0.001526
BFGS:  167 04:52:20      -56.508004        0.001534
BFGS:  168 04:52:20      -56.508004        0.001520
BFGS:  169 04:52:20      -56.508005        0.001462
BFGS:  170 04:52:20      -56.508007        0.001388
BFGS:  171 04:52:20      -56.508011        0.001742
BFGS:  172 04:52:20      -56.508015        0.001627
BFGS:  173 04:52:20      -56.508017        0.001271
BFGS:  174 04:52:20      -56.508017        0.001139
BFGS:  175 04:52:20      -56.508018        0.001085
BFGS:  176 04:52:20      -56.508018        0.001123
BFGS:  177 04:52:20      -56.508019        0.001186
BFGS:  178 04:52:21      -56.508021        0.001143
BFGS:  179 04:52:21      -56.508024        0.001023
BFGS:  180 04:52:21      -56.508025        0.000927
