      Step     Time          Energy          fmax
BFGS:    0 22:05:01      -20.579494        2.854312
BFGS:    1 22:05:01      -20.987873        2.162276
BFGS:    2 22:05:01      -21.765029        0.791638
BFGS:    3 22:05:01      -21.980575        0.573710
BFGS:    4 22:05:01      -22.102838        0.653150
BFGS:    5 22:05:01      -22.179502        0.733774
BFGS:    6 22:05:01      -22.263596        0.757834
BFGS:    7 22:05:01      -22.356905        0.698275
BFGS:    8 22:05:01      -22.451181        0.535432
BFGS:    9 22:05:01      -22.508380        0.340674
BFGS:   10 22:05:01      -22.540656        0.244775
BFGS:   11 22:05:01      -22.571482        0.275718
BFGS:   12 22:05:01      -22.580028        0.254980
BFGS:   13 22:05:01      -22.585827        0.223046
BFGS:   14 22:05:01      -22.607189        0.183024
BFGS:   15 22:05:01      -22.639822        0.220092
BFGS:   16 22:05:01      -22.687873        0.311175
BFGS:   17 22:05:01      -22.728432        0.376456
BFGS:   18 22:05:01      -22.758115        0.381747
BFGS:   19 22:05:01      -22.779224        0.364192
BFGS:   20 22:05:01      -22.823830        0.419074
BFGS:   21 22:05:01      -22.880855        0.447625
BFGS:   22 22:05:01      -22.937570        0.408987
BFGS:   23 22:05:01      -22.994581        0.314502
BFGS:   24 22:05:01      -23.054045        0.323634
BFGS:   25 22:05:01      -23.082627        0.305057
BFGS:   26 22:05:01      -23.161844        0.288538
BFGS:   27 22:05:01      -23.204172        0.360116
BFGS:   28 22:05:01      -23.246474        0.503903
BFGS:   29 22:05:02      -23.325843        0.669024
BFGS:   30 22:05:02      -23.492867        0.758380
BFGS:   31 22:05:02      -23.684345        0.792358
BFGS:   32 22:05:02      -23.838899        0.753383
BFGS:   33 22:05:02      -23.970991        0.679638
BFGS:   34 22:05:02      -24.063688        0.636996
BFGS:   35 22:05:02      -24.119758        0.621434
BFGS:   36 22:05:02      -24.172646        0.624895
BFGS:   37 22:05:02      -24.366012        0.605481
BFGS:   38 22:05:02      -24.566590        0.609473
BFGS:   39 22:05:02      -24.762307        0.619017
BFGS:   40 22:05:02      -24.953658        0.617150
BFGS:   41 22:05:02      -25.054621        0.539520
BFGS:   42 22:05:02      -25.093019        0.459066
BFGS:   43 22:05:02      -25.136328        0.429092
BFGS:   44 22:05:02      -25.198408        0.501441
BFGS:   45 22:05:02      -25.258686        0.474228
BFGS:   46 22:05:02      -25.304970        0.449568
BFGS:   47 22:05:02      -25.375770        0.370662
BFGS:   48 22:05:02      -25.452978        0.218753
BFGS:   49 22:05:02      -25.477951        0.181754
BFGS:   50 22:05:02      -25.493540        0.150580
BFGS:   51 22:05:02      -25.498905        0.138965
BFGS:   52 22:05:02      -25.501086        0.143740
BFGS:   53 22:05:02      -25.505915        0.153673
BFGS:   54 22:05:02      -25.513946        0.161334
BFGS:   55 22:05:02      -25.527752        0.148564
BFGS:   56 22:05:02      -25.541965        0.111524
BFGS:   57 22:05:02      -25.549625        0.080738
BFGS:   58 22:05:02      -25.553472        0.089291
BFGS:   59 22:05:02      -25.556704        0.092180
BFGS:   60 22:05:02      -25.559162        0.093489
BFGS:   61 22:05:02      -25.566053        0.107612
BFGS:   62 22:05:02      -25.572925        0.135502
BFGS:   63 22:05:03      -25.580015        0.110983
BFGS:   64 22:05:03      -25.596382        0.101182
BFGS:   65 22:05:03      -25.616075        0.077381
BFGS:   66 22:05:03      -25.620361        0.066787
BFGS:   67 22:05:03      -25.621267        0.082147
BFGS:   68 22:05:03      -25.621914        0.074103
BFGS:   69 22:05:03      -25.622403        0.069597
BFGS:   70 22:05:03      -25.625264        0.052942
BFGS:   71 22:05:03      -25.628366        0.046796
BFGS:   72 22:05:03      -25.632299        0.054832
BFGS:   73 22:05:03      -25.633970        0.040757
BFGS:   74 22:05:03      -25.634368        0.041644
BFGS:   75 22:05:03      -25.634535        0.042212
BFGS:   76 22:05:03      -25.634806        0.041235
BFGS:   77 22:05:03      -25.635516        0.040030
BFGS:   78 22:05:03      -25.637035        0.035903
BFGS:   79 22:05:03      -25.639635        0.051925
BFGS:   80 22:05:03      -25.642294        0.069738
BFGS:   81 22:05:03      -25.643756        0.077767
BFGS:   82 22:05:03      -25.644232        0.069316
BFGS:   83 22:05:03      -25.644462        0.056874
BFGS:   84 22:05:03      -25.644825        0.032646
BFGS:   85 22:05:03      -25.645227        0.021473
BFGS:   86 22:05:03      -25.645489        0.022005
BFGS:   87 22:05:03      -25.645585        0.023228
BFGS:   88 22:05:03      -25.645652        0.020809
BFGS:   89 22:05:03      -25.645803        0.019039
BFGS:   90 22:05:03      -25.646111        0.018539
BFGS:   91 22:05:03      -25.646634        0.019644
BFGS:   92 22:05:03      -25.647153        0.019317
BFGS:   93 22:05:03      -25.647401        0.012375
BFGS:   94 22:05:03      -25.647447        0.008263
BFGS:   95 22:05:03      -25.647454        0.007595
BFGS:   96 22:05:03      -25.647464        0.006499
BFGS:   97 22:05:04      -25.647484        0.006023
BFGS:   98 22:05:04      -25.647512        0.008979
BFGS:   99 22:05:04      -25.647536        0.014311
BFGS:  100 22:05:04      -25.647552        0.015991
BFGS:  101 22:05:04      -25.647565        0.015316
BFGS:  102 22:05:04      -25.647586        0.012936
BFGS:  103 22:05:04      -25.647619        0.009082
BFGS:  104 22:05:04      -25.647651        0.006123
BFGS:  105 22:05:04      -25.647666        0.004610
BFGS:  106 22:05:04      -25.647669        0.003427
BFGS:  107 22:05:04      -25.647670        0.003127
BFGS:  108 22:05:04      -25.647674        0.002909
BFGS:  109 22:05:04      -25.647680        0.003039
BFGS:  110 22:05:04      -25.647689        0.006519
BFGS:  111 22:05:04      -25.647697        0.009405
BFGS:  112 22:05:04      -25.647703        0.010123
BFGS:  113 22:05:04      -25.647707        0.009443
BFGS:  114 22:05:04      -25.647712        0.007776
BFGS:  115 22:05:04      -25.647721        0.005226
BFGS:  116 22:05:04      -25.647730        0.003961
BFGS:  117 22:05:04      -25.647734        0.003408
BFGS:  118 22:05:04      -25.647736        0.003693
BFGS:  119 22:05:04      -25.647738        0.003646
BFGS:  120 22:05:04      -25.647742        0.003198
BFGS:  121 22:05:04      -25.647748        0.003741
BFGS:  122 22:05:04      -25.647754        0.002670
BFGS:  123 22:05:04      -25.647756        0.002485
BFGS:  124 22:05:04      -25.647757        0.002432
BFGS:  125 22:05:04      -25.647758        0.002373
BFGS:  126 22:05:04      -25.647760        0.002916
BFGS:  127 22:05:04      -25.647766        0.004936
BFGS:  128 22:05:04      -25.647778        0.007588
BFGS:  129 22:05:04      -25.647803        0.009948
BFGS:  130 22:05:04      -25.647840        0.010119
BFGS:  131 22:05:05      -25.647869        0.009171
BFGS:  132 22:05:05      -25.647882        0.008078
BFGS:  133 22:05:05      -25.647890        0.008758
BFGS:  134 22:05:05      -25.647903        0.009916
BFGS:  135 22:05:05      -25.647930        0.011488
BFGS:  136 22:05:05      -25.647977        0.012277
BFGS:  137 22:05:05      -25.648029        0.009607
BFGS:  138 22:05:05      -25.648054        0.006490
BFGS:  139 22:05:05      -25.648063        0.006524
BFGS:  140 22:05:05      -25.648066        0.006690
BFGS:  141 22:05:05      -25.648074        0.006864
BFGS:  142 22:05:05      -25.648093        0.007202
BFGS:  143 22:05:05      -25.648141        0.008550
BFGS:  144 22:05:05      -25.648228        0.011722
BFGS:  145 22:05:05      -25.648342        0.012227
BFGS:  146 22:05:05      -25.648412        0.011627
BFGS:  147 22:05:05      -25.648451        0.011586
BFGS:  148 22:05:05      -25.648467        0.010620
BFGS:  149 22:05:05      -25.648475        0.010264
BFGS:  150 22:05:05      -25.648501        0.009296
BFGS:  151 22:05:05      -25.648550        0.007572
BFGS:  152 22:05:05      -25.648630        0.004917
BFGS:  153 22:05:05      -25.648707        0.006163
BFGS:  154 22:05:05      -25.648740        0.006775
BFGS:  155 22:05:05      -25.648749        0.006398
BFGS:  156 22:05:05      -25.648758        0.006090
BFGS:  157 22:05:05      -25.648777        0.005455
BFGS:  158 22:05:05      -25.648810        0.004505
BFGS:  159 22:05:05      -25.648849        0.003575
BFGS:  160 22:05:05      -25.648872        0.004781
BFGS:  161 22:05:05      -25.648878        0.005171
BFGS:  162 22:05:05      -25.648880        0.004976
BFGS:  163 22:05:05      -25.648884        0.004535
BFGS:  164 22:05:05      -25.648892        0.003694
BFGS:  165 22:05:06      -25.648907        0.002723
BFGS:  166 22:05:06      -25.648922        0.002182
BFGS:  167 22:05:06      -25.648930        0.001117
BFGS:  168 22:05:06      -25.648932        0.000927
