      Step     Time          Energy          fmax
BFGS:    0 02:40:27     1709.786405      407.538616
BFGS:    1 02:40:27      632.365883      210.573821
BFGS:    2 02:40:27      299.585197      136.548493
BFGS:    3 02:40:27      122.708811       61.753162
BFGS:    4 02:40:27       18.682351       31.499995
BFGS:    5 02:40:27      -41.817775       15.206306
BFGS:    6 02:40:28      -79.314023        8.138180
BFGS:    7 02:40:28     -100.696248        5.263197
BFGS:    8 02:40:28     -113.224414        4.336206
BFGS:    9 02:40:30     -121.729091        3.844324
BFGS:   10 02:40:30     -128.352045        3.426100
BFGS:   11 02:40:31     -134.017847        3.039272
BFGS:   12 02:40:31     -139.118654        2.660170
BFGS:   13 02:40:31     -143.822160        2.378281
BFGS:   14 02:40:31     -148.170582        2.163866
BFGS:   15 02:40:31     -152.157456        1.964757
BFGS:   16 02:40:31     -155.746712        1.781976
BFGS:   17 02:40:31     -158.921772        1.816023
BFGS:   18 02:40:32     -161.679670        1.920520
BFGS:   19 02:40:32     -164.066644        1.938316
BFGS:   20 02:40:32     -166.232804        1.840754
BFGS:   21 02:40:32     -168.334031        1.607533
BFGS:   22 02:40:32     -170.508689        1.447599
BFGS:   23 02:40:32     -172.821867        1.374937
BFGS:   24 02:40:33     -175.522170        1.048382
BFGS:   25 02:40:33     -177.941341        0.612107
BFGS:   26 02:40:33     -179.572960        0.644849
BFGS:   27 02:40:33     -179.923187        0.701260
BFGS:   28 02:40:33     -180.517995        0.732664
BFGS:   29 02:40:33     -181.769370        0.688923
BFGS:   30 02:40:33     -182.945389        0.570787
BFGS:   31 02:40:34     -184.540488        0.467772
BFGS:   32 02:40:34     -185.691890        0.541554
BFGS:   33 02:40:34     -186.175820        0.579569
BFGS:   34 02:40:34     -186.313621        0.496347
BFGS:   35 02:40:34     -187.330877        0.546184
BFGS:   36 02:40:34     -187.727373        0.666635
BFGS:   37 02:40:34     -187.979938        0.666856
BFGS:   38 02:40:35     -188.205622        0.545711
BFGS:   39 02:40:35     -188.518723        0.356680
BFGS:   40 02:40:35     -188.828429        0.369359
BFGS:   41 02:40:35     -189.168320        0.390470
BFGS:   42 02:40:35     -189.556933        0.447474
BFGS:   43 02:40:39     -189.925279        0.662154
BFGS:   44 02:40:39     -190.122927        0.753730
BFGS:   45 02:40:39     -190.313899        0.669569
BFGS:   46 02:40:39     -190.586431        0.614620
BFGS:   47 02:40:46     -191.061741        0.532778
BFGS:   48 02:40:46     -191.462397        0.559376
BFGS:   49 02:40:49     -191.589262        0.523653
BFGS:   50 02:40:49     -191.686241        0.391481
BFGS:   51 02:40:49     -191.846468        0.339092
BFGS:   52 02:40:49     -192.207979        0.340864
BFGS:   53 02:40:50     -192.603301        0.409287
BFGS:   54 02:40:50     -192.783771        0.428856
BFGS:   55 02:40:50     -192.878894        0.331652
BFGS:   56 02:40:50     -192.994045        0.342803
BFGS:   57 02:40:50     -193.174418        0.340430
BFGS:   58 02:40:50     -193.577260        0.395005
BFGS:   59 02:40:50     -193.982490        0.525700
BFGS:   60 02:40:50     -194.416236        0.648279
BFGS:   61 02:40:51     -194.845489        0.744626
BFGS:   62 02:40:51     -195.296605        0.781852
BFGS:   63 02:40:54     -195.775369        0.729145
BFGS:   64 02:40:54     -196.248619        0.502872
BFGS:   65 02:40:54     -196.504173        0.361837
BFGS:   66 02:40:54     -196.679684        0.373911
BFGS:   67 02:40:54     -196.883156        0.406007
BFGS:   68 02:40:55     -197.091408        0.476377
BFGS:   69 02:40:55     -197.478300        0.501697
BFGS:   70 02:40:55     -197.896898        0.623082
BFGS:   71 02:40:55     -198.160046        0.541126
BFGS:   72 02:40:55     -198.489433        0.617008
BFGS:   73 02:40:55     -198.730766        0.435080
BFGS:   74 02:40:55     -198.915851        0.361295
BFGS:   75 02:40:55     -199.044637        0.323765
BFGS:   76 02:40:56     -199.232619        0.344281
BFGS:   77 02:40:56     -199.423382        0.387049
BFGS:   78 02:40:57     -199.641524        0.391904
BFGS:   79 02:40:58     -199.794415        0.309417
BFGS:   80 02:40:58     -199.929372        0.287004
BFGS:   81 02:40:58     -200.026562        0.244474
BFGS:   82 02:40:58     -200.105215        0.235288
BFGS:   83 02:40:58     -200.274339        0.217480
BFGS:   84 02:40:58     -200.475567        0.217275
BFGS:   85 02:40:59     -200.711379        0.199897
BFGS:   86 02:40:59     -200.866342        0.177465
BFGS:   87 02:40:59     -200.910741        0.179883
BFGS:   88 02:40:59     -200.950697        0.187981
BFGS:   89 02:41:00     -200.988134        0.187547
BFGS:   90 02:41:00     -201.119964        0.199234
BFGS:   91 02:41:00     -201.308254        0.232983
BFGS:   92 02:41:01     -201.459045        0.206351
BFGS:   93 02:41:01     -201.586711        0.132656
BFGS:   94 02:41:01     -201.616638        0.125203
BFGS:   95 02:41:01     -201.626534        0.128668
BFGS:   96 02:41:01     -201.641872        0.130236
BFGS:   97 02:41:01     -201.670206        0.130557
BFGS:   98 02:41:02     -201.726708        0.122861
BFGS:   99 02:41:02     -201.808360        0.112994
BFGS:  100 02:41:02     -201.869868        0.143367
BFGS:  101 02:41:02     -201.890157        0.142420
BFGS:  102 02:41:02     -201.899886        0.128208
BFGS:  103 02:41:02     -201.910511        0.117906
BFGS:  104 02:41:02     -201.941596        0.089288
BFGS:  105 02:41:03     -201.998375        0.100304
BFGS:  106 02:41:03     -202.081618        0.102239
BFGS:  107 02:41:03     -202.136822        0.089099
BFGS:  108 02:41:05     -202.155306        0.079001
BFGS:  109 02:41:05     -202.161245        0.079795
BFGS:  110 02:41:05     -202.166793        0.079775
BFGS:  111 02:41:05     -202.180960        0.078182
BFGS:  112 02:41:05     -202.202632        0.077182
BFGS:  113 02:41:06     -202.232556        0.074832
BFGS:  114 02:41:07     -202.253792        0.075079
BFGS:  115 02:41:07     -202.262335        0.073841
BFGS:  116 02:41:11     -202.265719        0.074086
BFGS:  117 02:41:11     -202.268065        0.072657
BFGS:  118 02:41:12     -202.271297        0.072359
BFGS:  119 02:41:12     -202.276574        0.070339
BFGS:  120 02:41:13     -202.286977        0.069037
BFGS:  121 02:41:13     -202.303619        0.066653
BFGS:  122 02:41:13     -202.318684        0.066053
BFGS:  123 02:41:13     -202.324447        0.067219
BFGS:  124 02:41:13     -202.326141        0.067305
BFGS:  125 02:41:13     -202.327058        0.068379
BFGS:  126 02:41:13     -202.328977        0.068877
BFGS:  127 02:41:14     -202.335395        0.069693
BFGS:  128 02:41:14     -202.348096        0.068368
BFGS:  129 02:41:14     -202.368522        0.064252
BFGS:  130 02:41:15     -202.389168        0.069826
BFGS:  131 02:41:16     -202.409387        0.071696
BFGS:  132 02:41:16     -202.427189        0.078480
BFGS:  133 02:41:16     -202.440882        0.086511
BFGS:  134 02:41:16     -202.449869        0.092390
BFGS:  135 02:41:16     -202.455560        0.094194
BFGS:  136 02:41:16     -202.466527        0.096554
BFGS:  137 02:41:17     -202.478695        0.100196
BFGS:  138 02:41:17     -202.498510        0.102677
BFGS:  139 02:41:17     -202.509864        0.106441
BFGS:  140 02:41:18     -202.528833        0.113665
BFGS:  141 02:41:18     -202.551266        0.118043
BFGS:  142 02:41:18     -202.574765        0.120130
BFGS:  143 02:41:18     -202.598235        0.120466
BFGS:  144 02:41:22     -202.620983        0.118819
BFGS:  145 02:41:22     -202.642675        0.114821
BFGS:  146 02:41:23     -202.663543        0.109137
BFGS:  147 02:41:23     -202.683944        0.102734
BFGS:  148 02:41:23     -202.703811        0.095938
BFGS:  149 02:41:24     -202.722762        0.088701
BFGS:  150 02:41:24     -202.740363        0.080862
BFGS:  151 02:41:24     -202.756242        0.081322
BFGS:  152 02:41:24     -202.770002        0.083505
BFGS:  153 02:41:24     -202.781257        0.085672
BFGS:  154 02:41:27     -202.789839        0.087508
BFGS:  155 02:41:28     -202.796274        0.088211
BFGS:  156 02:41:28     -202.803345        0.087064
BFGS:  157 02:41:29     -202.827032        0.080267
BFGS:  158 02:41:29     -202.869607        0.090268
BFGS:  159 02:41:29     -202.940056        0.093023
BFGS:  160 02:41:29     -203.003896        0.095911
BFGS:  161 02:41:30     -203.048323        0.110389
BFGS:  162 02:41:30     -203.075098        0.114576
BFGS:  163 02:41:30     -203.091572        0.113383
BFGS:  164 02:41:30     -203.099338        0.110722
BFGS:  165 02:41:30     -203.107594        0.111091
BFGS:  166 02:41:31     -203.119758        0.112703
BFGS:  167 02:41:31     -203.135757        0.117996
BFGS:  168 02:41:31     -203.155815        0.122468
BFGS:  169 02:41:37     -203.181826        0.127161
BFGS:  170 02:41:37     -203.213605        0.129948
BFGS:  171 02:41:37     -203.236927        0.130117
BFGS:  172 02:41:38     -203.279550        0.120523
BFGS:  173 02:41:38     -203.313954        0.114831
BFGS:  174 02:41:38     -203.328225        0.109730
BFGS:  175 02:41:38     -203.335934        0.111316
BFGS:  176 02:41:39     -203.339660        0.109602
BFGS:  177 02:41:39     -203.342573        0.111833
BFGS:  178 02:41:39     -203.348510        0.112047
BFGS:  179 02:41:39     -203.358703        0.112727
BFGS:  180 02:41:40     -203.374999        0.109785
BFGS:  181 02:41:40     -203.396573        0.105011
BFGS:  182 02:41:40     -203.425363        0.098662
BFGS:  183 02:41:40     -203.459840        0.094561
BFGS:  184 02:41:40     -203.499359        0.105155
BFGS:  185 02:41:40     -203.541440        0.115631
BFGS:  186 02:41:40     -203.583472        0.126673
BFGS:  187 02:41:41     -203.625274        0.136804
BFGS:  188 02:41:41     -203.662510        0.144049
BFGS:  189 02:41:41     -203.696227        0.149779
BFGS:  190 02:41:41     -203.727499        0.154570
BFGS:  191 02:41:41     -203.756856        0.158750
BFGS:  192 02:41:41     -203.784987        0.162414
BFGS:  193 02:41:41     -203.811760        0.165636
BFGS:  194 02:41:42     -203.837447        0.168442
BFGS:  195 02:41:42     -203.861458        0.170816
BFGS:  196 02:41:42     -203.884194        0.172755
BFGS:  197 02:41:42     -203.904876        0.174184
BFGS:  198 02:41:42     -203.924071        0.175339
BFGS:  199 02:41:43     -203.941065        0.176105
BFGS:  200 02:41:43     -203.956887        0.176841
BFGS:  201 02:41:43     -203.970333        0.177107
BFGS:  202 02:41:44     -203.983278        0.177607
BFGS:  203 02:41:44     -203.992793        0.176663
BFGS:  204 02:41:44     -204.002874        0.177268
BFGS:  205 02:41:44     -204.008002        0.172780
BFGS:  206 02:41:44     -204.012467        0.170978
BFGS:  207 02:41:44     -204.019255        0.170007
BFGS:  208 02:41:44     -204.024177        0.167783
BFGS:  209 02:41:44     -204.029500        0.167421
BFGS:  210 02:41:45     -204.037563        0.167062
BFGS:  211 02:41:45     -204.049005        0.168757
BFGS:  212 02:41:45     -204.063165        0.171933
BFGS:  213 02:41:45     -204.081567        0.175183
BFGS:  214 02:41:45     -204.106041        0.178168
BFGS:  215 02:41:45     -204.135239        0.179639
BFGS:  216 02:41:45     -204.162333        0.177121
BFGS:  217 02:41:45     -204.180786        0.185411
BFGS:  218 02:41:46     -204.188307        0.181411
BFGS:  219 02:41:48     -204.195945        0.179349
BFGS:  220 02:41:48     -204.199053        0.176473
BFGS:  221 02:41:48     -204.207894        0.174636
BFGS:  222 02:41:48     -204.224057        0.171676
BFGS:  223 02:41:48     -204.259343        0.172115
BFGS:  224 02:41:48     -204.289437        0.174834
BFGS:  225 02:41:48     -204.319857        0.179043
BFGS:  226 02:41:49     -204.350161        0.182681
BFGS:  227 02:41:49     -204.379291        0.185443
BFGS:  228 02:41:49     -204.405610        0.186857
BFGS:  229 02:41:49     -204.428664        0.187296
BFGS:  230 02:41:49     -204.448403        0.187066
BFGS:  231 02:41:49     -204.463660        0.184471
BFGS:  232 02:41:49     -204.472646        0.181498
BFGS:  233 02:41:50     -204.485135        0.185517
BFGS:  234 02:41:52     -204.500631        0.190021
BFGS:  235 02:41:53     -204.521911        0.199226
BFGS:  236 02:41:53     -204.546266        0.218785
BFGS:  237 02:41:53     -204.575553        0.242345
BFGS:  238 02:41:53     -204.610646        0.267490
BFGS:  239 02:41:53     -204.650105        0.294238
BFGS:  240 02:41:53     -204.693811        0.320257
BFGS:  241 02:41:53     -204.736172        0.342974
BFGS:  242 02:41:54     -204.778656        0.361031
BFGS:  243 02:41:54     -204.816203        0.373138
BFGS:  244 02:41:54     -204.850393        0.377737
BFGS:  245 02:41:54     -204.878760        0.375396
BFGS:  246 02:41:54     -204.904703        0.361876
BFGS:  247 02:41:54     -204.926321        0.335262
BFGS:  248 02:41:54     -204.944765        0.285548
BFGS:  249 02:41:54     -204.959632        0.240797
BFGS:  250 02:41:55     -204.980976        0.258697
BFGS:  251 02:41:55     -204.996859        0.315795
BFGS:  252 02:41:55     -205.018204        0.355350
BFGS:  253 02:41:55     -205.045281        0.367966
BFGS:  254 02:41:55     -205.083619        0.367279
BFGS:  255 02:41:55     -205.115956        0.364601
BFGS:  256 02:41:55     -205.148762        0.360097
BFGS:  257 02:41:55     -205.182254        0.354878
BFGS:  258 02:41:56     -205.216312        0.347431
BFGS:  259 02:41:56     -205.250097        0.338805
BFGS:  260 02:41:56     -205.283470        0.327779
BFGS:  261 02:41:56     -205.315655        0.315749
BFGS:  262 02:41:56     -205.346967        0.301160
BFGS:  263 02:41:56     -205.376844        0.285554
BFGS:  264 02:41:56     -205.405346        0.267265
BFGS:  265 02:41:56     -205.431838        0.248132
BFGS:  266 02:41:57     -205.456229        0.226200
BFGS:  267 02:41:57     -205.477951        0.203783
BFGS:  268 02:41:57     -205.496860        0.178489
BFGS:  269 02:41:57     -205.512602        0.153175
BFGS:  270 02:41:57     -205.525008        0.124766
BFGS:  271 02:41:57     -205.534044        0.096967
BFGS:  272 02:41:57     -205.539577        0.090925
BFGS:  273 02:41:57     -205.542211        0.095275
BFGS:  274 02:41:58     -205.545529        0.098415
BFGS:  275 02:41:58     -205.552259        0.108053
BFGS:  276 02:41:58     -205.557181        0.103157
BFGS:  277 02:41:58     -205.562488        0.101296
BFGS:  278 02:41:58     -205.569549        0.093408
BFGS:  279 02:41:58     -205.580573        0.094176
BFGS:  280 02:41:58     -205.595096        0.115593
BFGS:  281 02:41:58     -205.605342        0.141326
BFGS:  282 02:41:59     -205.611818        0.150591
BFGS:  283 02:41:59     -205.616678        0.144369
BFGS:  284 02:41:59     -205.620021        0.128717
BFGS:  285 02:41:59     -205.623772        0.097517
BFGS:  286 02:41:59     -205.626243        0.104221
BFGS:  287 02:41:59     -205.628933        0.106873
BFGS:  288 02:41:59     -205.631876        0.100819
BFGS:  289 02:41:59     -205.634596        0.086628
BFGS:  290 02:42:00     -205.635847        0.079702
BFGS:  291 02:42:00     -205.636476        0.075464
BFGS:  292 02:42:00     -205.637291        0.068020
BFGS:  293 02:42:00     -205.638657        0.065825
BFGS:  294 02:42:00     -205.640891        0.068934
BFGS:  295 02:42:00     -205.644099        0.081776
BFGS:  296 02:42:00     -205.648007        0.099066
BFGS:  297 02:42:01     -205.651960        0.114149
BFGS:  298 02:42:01     -205.655575        0.118258
BFGS:  299 02:42:01     -205.659186        0.109990
BFGS:  300 02:42:01     -205.663461        0.108260
BFGS:  301 02:42:01     -205.668956        0.110235
BFGS:  302 02:42:01     -205.675840        0.125882
BFGS:  303 02:42:01     -205.683591        0.144800
BFGS:  304 02:42:02     -205.690734        0.147920
BFGS:  305 02:42:03     -205.698256        0.140307
BFGS:  306 02:42:03     -205.706861        0.139610
BFGS:  307 02:42:03     -205.717848        0.148545
BFGS:  308 02:42:03     -205.732135        0.140451
BFGS:  309 02:42:03     -205.747964        0.150464
BFGS:  310 02:42:03     -205.760091        0.145683
BFGS:  311 02:42:03     -205.771229        0.137705
BFGS:  312 02:42:04     -205.779950        0.130284
BFGS:  313 02:42:04     -205.787043        0.120283
BFGS:  314 02:42:04     -205.793273        0.119840
BFGS:  315 02:42:04     -205.798300        0.115021
BFGS:  316 02:42:04     -205.803544        0.079532
BFGS:  317 02:42:04     -205.810254        0.074729
BFGS:  318 02:42:04     -205.815226        0.081800
BFGS:  319 02:42:08     -205.819213        0.091363
BFGS:  320 02:42:08     -205.821904        0.088437
BFGS:  321 02:42:08     -205.825360        0.096047
BFGS:  322 02:42:08     -205.829644        0.106671
BFGS:  323 02:42:09     -205.835103        0.111795
BFGS:  324 02:42:09     -205.842302        0.109829
BFGS:  325 02:42:09     -205.849218        0.105619
BFGS:  326 02:42:09     -205.855515        0.097665
BFGS:  327 02:42:09     -205.861238        0.084718
BFGS:  328 02:42:09     -205.867700        0.083682
BFGS:  329 02:42:10     -205.873718        0.077921
BFGS:  330 02:42:10     -205.881060        0.096196
BFGS:  331 02:42:10     -205.888179        0.117453
BFGS:  332 02:42:10     -205.895957        0.134766
BFGS:  333 02:42:10     -205.905844        0.120706
BFGS:  334 02:42:10     -205.915961        0.106100
BFGS:  335 02:42:10     -205.923128        0.081886
BFGS:  336 02:42:10     -205.927351        0.075497
BFGS:  337 02:42:11     -205.929914        0.053504
BFGS:  338 02:42:11     -205.932600        0.058172
BFGS:  339 02:42:11     -205.934989        0.053275
BFGS:  340 02:42:11     -205.937701        0.062876
BFGS:  341 02:42:11     -205.940076        0.074756
BFGS:  342 02:42:11     -205.942898        0.078146
BFGS:  343 02:42:11     -205.945709        0.065703
BFGS:  344 02:42:12     -205.947865        0.044198
BFGS:  345 02:42:12     -205.949173        0.045813
BFGS:  346 02:42:12     -205.950003        0.044425
BFGS:  347 02:42:12     -205.950727        0.045070
BFGS:  348 02:42:12     -205.951617        0.045216
BFGS:  349 02:42:12     -205.952899        0.053778
BFGS:  350 02:42:12     -205.954642        0.062448
BFGS:  351 02:42:12     -205.956657        0.055366
BFGS:  352 02:42:13     -205.958547        0.041527
BFGS:  353 02:42:13     -205.960088        0.041976
BFGS:  354 02:42:13     -205.961325        0.045343
BFGS:  355 02:42:13     -205.962414        0.044778
BFGS:  356 02:42:13     -205.963495        0.045607
BFGS:  357 02:42:13     -205.964778        0.045518
BFGS:  358 02:42:13     -205.966625        0.060059
BFGS:  359 02:42:13     -205.969436        0.097874
BFGS:  360 02:42:14     -205.973322        0.127412
BFGS:  361 02:42:14     -205.977529        0.108873
BFGS:  362 02:42:14     -205.981126        0.091297
BFGS:  363 02:42:14     -205.983854        0.086797
BFGS:  364 02:42:14     -205.986321        0.073259
BFGS:  365 02:42:14     -205.988964        0.073154
BFGS:  366 02:42:14     -205.991549        0.055199
BFGS:  367 02:42:14     -205.994049        0.067838
BFGS:  368 02:42:15     -205.996661        0.075277
BFGS:  369 02:42:15     -205.999459        0.072999
BFGS:  370 02:42:15     -206.002666        0.086049
BFGS:  371 02:42:15     -206.006431        0.093365
BFGS:  372 02:42:15     -206.010528        0.108536
BFGS:  373 02:42:15     -206.014426        0.108185
BFGS:  374 02:42:15     -206.017520        0.084482
BFGS:  375 02:42:16     -206.019629        0.049225
BFGS:  376 02:42:16     -206.021232        0.044892
BFGS:  377 02:42:19     -206.022677        0.040211
BFGS:  378 02:42:20     -206.024029        0.041177
BFGS:  379 02:42:20     -206.025491        0.048511
BFGS:  380 02:42:20     -206.027348        0.049590
BFGS:  381 02:42:20     -206.029920        0.051890
BFGS:  382 02:42:20     -206.033115        0.061860
BFGS:  383 02:42:20     -206.036021        0.057331
BFGS:  384 02:42:20     -206.037907        0.060696
BFGS:  385 02:42:23     -206.039395        0.062608
BFGS:  386 02:42:23     -206.041270        0.062007
BFGS:  387 02:42:23     -206.043840        0.061131
BFGS:  388 02:42:23     -206.047136        0.093180
BFGS:  389 02:42:23     -206.050718        0.105724
BFGS:  390 02:42:23     -206.054338        0.084506
BFGS:  391 02:42:24     -206.057657        0.054320
BFGS:  392 02:42:24     -206.059552        0.038102
BFGS:  393 02:42:24     -206.060459        0.038620
BFGS:  394 02:42:24     -206.061108        0.042576
BFGS:  395 02:42:24     -206.061874        0.038491
BFGS:  396 02:42:24     -206.062794        0.032673
BFGS:  397 02:42:24     -206.063725        0.049010
BFGS:  398 02:42:24     -206.064531        0.053029
BFGS:  399 02:42:25     -206.065250        0.043985
BFGS:  400 02:42:28     -206.065869        0.026054
BFGS:  401 02:42:28     -206.066270        0.016809
BFGS:  402 02:42:28     -206.066459        0.019106
BFGS:  403 02:42:28     -206.066570        0.017737
BFGS:  404 02:42:28     -206.066705        0.014656
BFGS:  405 02:42:28     -206.066902        0.016081
BFGS:  406 02:42:28     -206.067120        0.020405
BFGS:  407 02:42:28     -206.067313        0.024245
BFGS:  408 02:42:29     -206.067487        0.024475
BFGS:  409 02:42:29     -206.067679        0.022338
BFGS:  410 02:42:29     -206.067879        0.018559
BFGS:  411 02:42:29     -206.068029        0.014573
BFGS:  412 02:42:29     -206.068116        0.014610
BFGS:  413 02:42:29     -206.068180        0.014477
BFGS:  414 02:42:29     -206.068254        0.016764
BFGS:  415 02:42:29     -206.068347        0.021099
BFGS:  416 02:42:30     -206.068454        0.020054
BFGS:  417 02:42:30     -206.068568        0.016764
BFGS:  418 02:42:30     -206.068687        0.019452
BFGS:  419 02:42:30     -206.068814        0.019298
BFGS:  420 02:42:30     -206.068958        0.023791
BFGS:  421 02:42:30     -206.069124        0.023462
BFGS:  422 02:42:30     -206.069293        0.020121
BFGS:  423 02:42:31     -206.069427        0.014477
BFGS:  424 02:42:31     -206.069518        0.013981
BFGS:  425 02:42:31     -206.069604        0.014500
BFGS:  426 02:42:31     -206.069735        0.016288
BFGS:  427 02:42:31     -206.069942        0.018537
BFGS:  428 02:42:31     -206.070193        0.016950
BFGS:  429 02:42:31     -206.070388        0.016844
BFGS:  430 02:42:31     -206.070501        0.016186
BFGS:  431 02:42:32     -206.070588        0.013611
BFGS:  432 02:42:32     -206.070692        0.013475
BFGS:  433 02:42:32     -206.070805        0.012693
BFGS:  434 02:42:32     -206.070913        0.017081
BFGS:  435 02:42:32     -206.071029        0.018310
BFGS:  436 02:42:32     -206.071190        0.017936
BFGS:  437 02:42:32     -206.071396        0.015235
BFGS:  438 02:42:32     -206.071563        0.010957
BFGS:  439 02:42:33     -206.071637        0.007146
BFGS:  440 02:42:33     -206.071666        0.006872
BFGS:  441 02:42:33     -206.071699        0.006415
BFGS:  442 02:42:33     -206.071759        0.007859
BFGS:  443 02:42:33     -206.071840        0.011186
BFGS:  444 02:42:33     -206.071916        0.014131
BFGS:  445 02:42:33     -206.071967        0.012479
BFGS:  446 02:42:34     -206.072005        0.008655
BFGS:  447 02:42:34     -206.072048        0.008192
BFGS:  448 02:42:34     -206.072096        0.008264
BFGS:  449 02:42:34     -206.072137        0.012290
BFGS:  450 02:42:34     -206.072170        0.012489
BFGS:  451 02:42:34     -206.072206        0.010207
BFGS:  452 02:42:34     -206.072254        0.009912
BFGS:  453 02:42:34     -206.072313        0.013414
BFGS:  454 02:42:35     -206.072368        0.012842
BFGS:  455 02:42:35     -206.072410        0.009335
BFGS:  456 02:42:35     -206.072442        0.008093
BFGS:  457 02:42:35     -206.072471        0.008361
BFGS:  458 02:42:35     -206.072502        0.010523
BFGS:  459 02:42:35     -206.072541        0.011517
BFGS:  460 02:42:35     -206.072585        0.008748
BFGS:  461 02:42:35     -206.072631        0.010876
BFGS:  462 02:42:36     -206.072678        0.012444
BFGS:  463 02:42:36     -206.072733        0.012776
BFGS:  464 02:42:36     -206.072807        0.015091
BFGS:  465 02:42:36     -206.072894        0.014365
BFGS:  466 02:42:36     -206.072963        0.010344
BFGS:  467 02:42:36     -206.073003        0.007818
BFGS:  468 02:42:36     -206.073029        0.006566
BFGS:  469 02:42:38     -206.073061        0.007532
BFGS:  470 02:42:38     -206.073104        0.009657
BFGS:  471 02:42:38     -206.073153        0.013561
BFGS:  472 02:42:38     -206.073202        0.015176
BFGS:  473 02:42:38     -206.073260        0.013925
BFGS:  474 02:42:38     -206.073340        0.012518
BFGS:  475 02:42:38     -206.073433        0.012184
BFGS:  476 02:42:38     -206.073498        0.007919
BFGS:  477 02:42:39     -206.073523        0.006117
BFGS:  478 02:42:39     -206.073535        0.005776
BFGS:  479 02:42:39     -206.073551        0.005088
BFGS:  480 02:42:39     -206.073583        0.005388
BFGS:  481 02:42:39     -206.073641        0.007924
BFGS:  482 02:42:39     -206.073717        0.008887
BFGS:  483 02:42:39     -206.073775        0.008546
BFGS:  484 02:42:42     -206.073800        0.005762
BFGS:  485 02:42:42     -206.073811        0.004917
BFGS:  486 02:42:42     -206.073825        0.004130
BFGS:  487 02:42:42     -206.073847        0.007534
BFGS:  488 02:42:42     -206.073875        0.010647
BFGS:  489 02:42:43     -206.073903        0.010212
BFGS:  490 02:42:43     -206.073924        0.008478
BFGS:  491 02:42:43     -206.073941        0.006802
BFGS:  492 02:42:43     -206.073959        0.006870
BFGS:  493 02:42:43     -206.073976        0.009985
BFGS:  494 02:42:43     -206.073992        0.009429
BFGS:  495 02:42:43     -206.074003        0.006284
BFGS:  496 02:42:44     -206.074011        0.004142
BFGS:  497 02:42:44     -206.074019        0.005033
BFGS:  498 02:42:44     -206.074027        0.005872
BFGS:  499 02:42:44     -206.074035        0.005132
BFGS:  500 02:42:44     -206.074041        0.003459
BFGS:  501 02:42:44     -206.074047        0.004146
BFGS:  502 02:42:44     -206.074051        0.004405
BFGS:  503 02:42:44     -206.074054        0.003618
BFGS:  504 02:42:45     -206.074057        0.001673
BFGS:  505 02:42:45     -206.074060        0.001432
BFGS:  506 02:42:45     -206.074061        0.002672
BFGS:  507 02:42:45     -206.074063        0.003429
BFGS:  508 02:42:45     -206.074067        0.003621
BFGS:  509 02:42:45     -206.074072        0.002789
BFGS:  510 02:42:45     -206.074076        0.002329
BFGS:  511 02:42:45     -206.074079        0.002042
BFGS:  512 02:42:46     -206.074080        0.001605
BFGS:  513 02:42:46     -206.074082        0.001424
BFGS:  514 02:42:46     -206.074083        0.001140
BFGS:  515 02:42:46     -206.074085        0.002191
BFGS:  516 02:42:46     -206.074087        0.002861
BFGS:  517 02:42:46     -206.074089        0.002875
BFGS:  518 02:42:46     -206.074092        0.002732
BFGS:  519 02:42:46     -206.074095        0.002498
BFGS:  520 02:42:47     -206.074098        0.002569
BFGS:  521 02:42:47     -206.074100        0.002065
BFGS:  522 02:42:47     -206.074101        0.001871
BFGS:  523 02:42:47     -206.074102        0.001820
BFGS:  524 02:42:47     -206.074104        0.002134
BFGS:  525 02:42:47     -206.074106        0.003802
BFGS:  526 02:42:47     -206.074109        0.004392
BFGS:  527 02:42:48     -206.074112        0.003067
BFGS:  528 02:42:48     -206.074113        0.001197
BFGS:  529 02:42:48     -206.074114        0.001077
BFGS:  530 02:42:48     -206.074115        0.001975
BFGS:  531 02:42:48     -206.074116        0.002665
BFGS:  532 02:42:48     -206.074118        0.002654
BFGS:  533 02:42:48     -206.074120        0.002179
BFGS:  534 02:42:48     -206.074123        0.002860
BFGS:  535 02:42:49     -206.074126        0.003521
BFGS:  536 02:42:49     -206.074129        0.003749
BFGS:  537 02:42:49     -206.074134        0.003710
BFGS:  538 02:42:49     -206.074139        0.002777
BFGS:  539 02:42:49     -206.074144        0.002954
BFGS:  540 02:42:49     -206.074148        0.003215
BFGS:  541 02:42:49     -206.074150        0.002648
BFGS:  542 02:42:49     -206.074153        0.002327
BFGS:  543 02:42:50     -206.074158        0.002395
BFGS:  544 02:42:50     -206.074164        0.004479
BFGS:  545 02:42:50     -206.074171        0.006630
BFGS:  546 02:42:50     -206.074181        0.007787
BFGS:  547 02:42:50     -206.074199        0.007832
BFGS:  548 02:42:50     -206.074226        0.007193
BFGS:  549 02:42:50     -206.074257        0.006027
BFGS:  550 02:42:51     -206.074278        0.003837
BFGS:  551 02:42:51     -206.074286        0.003139
BFGS:  552 02:42:55     -206.074294        0.003787
BFGS:  553 02:42:56     -206.074311        0.005305
BFGS:  554 02:42:56     -206.074350        0.007826
BFGS:  555 02:42:56     -206.074428        0.011950
BFGS:  556 02:42:56     -206.074526        0.012987
BFGS:  557 02:42:56     -206.074603        0.010789
BFGS:  558 02:42:56     -206.074646        0.010308
BFGS:  559 02:42:56     -206.074668        0.009784
BFGS:  560 02:42:56     -206.074710        0.008376
BFGS:  561 02:42:57     -206.074785        0.013035
BFGS:  562 02:42:57     -206.074895        0.017950
BFGS:  563 02:42:57     -206.075006        0.020639
BFGS:  564 02:42:57     -206.075100        0.019014
BFGS:  565 02:42:57     -206.075181        0.015035
BFGS:  566 02:42:57     -206.075264        0.017712
BFGS:  567 02:43:04     -206.075354        0.019158
BFGS:  568 02:43:04     -206.075440        0.013590
BFGS:  569 02:43:04     -206.075484        0.011566
BFGS:  570 02:43:04     -206.075545        0.011381
BFGS:  571 02:43:04     -206.075639        0.021941
BFGS:  572 02:43:04     -206.075757        0.030574
BFGS:  573 02:43:05     -206.075869        0.028688
BFGS:  574 02:43:05     -206.075949        0.017323
BFGS:  575 02:43:05     -206.075997        0.009485
BFGS:  576 02:43:05     -206.076030        0.009406
BFGS:  577 02:43:05     -206.076067        0.012263
BFGS:  578 02:43:05     -206.076127        0.015506
BFGS:  579 02:43:05     -206.076229        0.016614
BFGS:  580 02:43:06     -206.076362        0.014988
BFGS:  581 02:43:06     -206.076471        0.008654
BFGS:  582 02:43:06     -206.076528        0.008055
BFGS:  583 02:43:06     -206.076559        0.007292
BFGS:  584 02:43:06     -206.076603        0.007136
BFGS:  585 02:43:06     -206.076771        0.014978
BFGS:  586 02:43:06     -206.077575        0.023073
BFGS:  587 02:43:06     -206.076073        0.042839
BFGS:  588 02:43:07     -206.078047        0.025681
BFGS:  589 02:43:07     -206.078331        0.027220
BFGS:  590 02:43:07     -206.079782        0.036063
BFGS:  591 02:43:07     -206.078982        0.044994
BFGS:  592 02:43:07     -206.082231        0.034543
BFGS:  593 02:43:07     -206.084601        0.035888
BFGS:  594 02:43:07     -206.090618        0.053388
BFGS:  595 02:43:07     -206.095482        0.072133
BFGS:  596 02:43:08     -206.099274        0.069879
BFGS:  597 02:43:08     -206.102870        0.061185
BFGS:  598 02:43:08     -206.105639        0.062457
BFGS:  599 02:43:08     -206.112010        0.077221
BFGS:  600 02:43:08     -206.118249        0.113386
BFGS:  601 02:43:08     -206.128625        0.144551
BFGS:  602 02:43:08     -206.139452        0.157795
BFGS:  603 02:43:09     -206.159068        0.173583
BFGS:  604 02:43:09     -206.172955        0.174429
BFGS:  605 02:43:09     -206.201982        0.179623
BFGS:  606 02:43:09     -206.220606        0.147658
BFGS:  607 02:43:09     -206.234679        0.153544
BFGS:  608 02:43:09     -206.243934        0.162803
BFGS:  609 02:43:09     -206.251527        0.160764
BFGS:  610 02:43:09     -206.263878        0.156865
BFGS:  611 02:43:10     -206.303445        0.161859
BFGS:  612 02:43:10     -206.336696        0.215781
BFGS:  613 02:43:10     -206.361764        0.342897
BFGS:  614 02:43:10     -206.380812        0.255795
BFGS:  615 02:43:10     -206.394153        0.171814
BFGS:  616 02:43:10     -206.406540        0.112185
BFGS:  617 02:43:10     -206.413758        0.081963
BFGS:  618 02:43:11     -206.420286        0.116437
BFGS:  619 02:43:11     -206.426071        0.129647
BFGS:  620 02:43:11     -206.431552        0.121530
BFGS:  621 02:43:11     -206.438370        0.120080
BFGS:  622 02:43:11     -206.447690        0.142349
BFGS:  623 02:43:11     -206.456977        0.195500
BFGS:  624 02:43:11     -206.467430        0.194457
BFGS:  625 02:43:11     -206.478289        0.163466
BFGS:  626 02:43:12     -206.485577        0.091225
BFGS:  627 02:43:12     -206.488751        0.063440
BFGS:  628 02:43:12     -206.490357        0.044419
BFGS:  629 02:43:12     -206.491409        0.042883
BFGS:  630 02:43:21     -206.492728        0.041096
BFGS:  631 02:43:21     -206.494895        0.044855
BFGS:  632 02:43:22     -206.498122        0.059139
BFGS:  633 02:43:22     -206.502071        0.072103
BFGS:  634 02:43:22     -206.505205        0.071374
BFGS:  635 02:43:22     -206.506883        0.052635
BFGS:  636 02:43:22     -206.507730        0.043796
BFGS:  637 02:43:22     -206.508439        0.038012
BFGS:  638 02:43:22     -206.509347        0.036086
BFGS:  639 02:43:23     -206.510274        0.035207
BFGS:  640 02:43:23     -206.511090        0.037312
BFGS:  641 02:43:23     -206.511800        0.039807
BFGS:  642 02:43:23     -206.512494        0.034554
BFGS:  643 02:43:23     -206.513186        0.032476
BFGS:  644 02:43:28     -206.513739        0.023296
BFGS:  645 02:43:28     -206.514050        0.023622
BFGS:  646 02:43:29     -206.514205        0.017021
BFGS:  647 02:43:29     -206.514326        0.015328
BFGS:  648 02:43:29     -206.514476        0.014611
BFGS:  649 02:43:29     -206.514671        0.023286
BFGS:  650 02:43:29     -206.514903        0.030932
BFGS:  651 02:43:29     -206.515126        0.026791
BFGS:  652 02:43:30     -206.515296        0.015400
BFGS:  653 02:43:30     -206.515405        0.012171
BFGS:  654 02:43:30     -206.515470        0.007409
BFGS:  655 02:43:30     -206.515509        0.006765
BFGS:  656 02:43:30     -206.515540        0.007164
BFGS:  657 02:43:30     -206.515577        0.009905
BFGS:  658 02:43:31     -206.515632        0.012992
BFGS:  659 02:43:31     -206.515709        0.014559
BFGS:  660 02:43:31     -206.515792        0.014218
BFGS:  661 02:43:31     -206.515857        0.013110
BFGS:  662 02:43:31     -206.515898        0.010988
BFGS:  663 02:43:31     -206.515928        0.007406
BFGS:  664 02:43:31     -206.515954        0.004821
BFGS:  665 02:43:32     -206.515971        0.005156
BFGS:  666 02:43:32     -206.515983        0.006741
BFGS:  667 02:43:32     -206.515996        0.006960
BFGS:  668 02:43:32     -206.516017        0.006404
BFGS:  669 02:43:32     -206.516053        0.008861
BFGS:  670 02:43:32     -206.516102        0.009967
BFGS:  671 02:43:32     -206.516142        0.006856
BFGS:  672 02:43:33     -206.516161        0.003031
BFGS:  673 02:43:33     -206.516167        0.003000
BFGS:  674 02:43:33     -206.516172        0.002888
BFGS:  675 02:43:39     -206.516181        0.003961
BFGS:  676 02:43:39     -206.516197        0.005946
BFGS:  677 02:43:39     -206.516224        0.007404
BFGS:  678 02:43:39     -206.516255        0.006218
BFGS:  679 02:43:39     -206.516276        0.003049
BFGS:  680 02:43:39     -206.516284        0.002666
BFGS:  681 02:43:39     -206.516287        0.002639
BFGS:  682 02:43:40     -206.516290        0.002456
BFGS:  683 02:43:40     -206.516297        0.003142
BFGS:  684 02:43:46     -206.516309        0.003524
BFGS:  685 02:43:46     -206.516322        0.002967
BFGS:  686 02:43:46     -206.516331        0.001830
BFGS:  687 02:43:46     -206.516334        0.001326
BFGS:  688 02:43:46     -206.516335        0.001259
BFGS:  689 02:43:46     -206.516336        0.001206
BFGS:  690 02:43:47     -206.516338        0.001266
BFGS:  691 02:43:47     -206.516342        0.001668
BFGS:  692 02:43:47     -206.516348        0.001675
BFGS:  693 02:43:47     -206.516353        0.001262
BFGS:  694 02:43:47     -206.516355        0.001422
BFGS:  695 02:43:47     -206.516355        0.001412
BFGS:  696 02:43:47     -206.516356        0.001308
BFGS:  697 02:43:48     -206.516358        0.001065
BFGS:  698 02:43:48     -206.516362        0.001508
BFGS:  699 02:43:49     -206.516367        0.001655
BFGS:  700 02:43:49     -206.516371        0.001387
BFGS:  701 02:43:49     -206.516373        0.001385
BFGS:  702 02:43:49     -206.516374        0.001300
BFGS:  703 02:43:49     -206.516375        0.001212
BFGS:  704 02:43:49     -206.516376        0.001297
BFGS:  705 02:43:50     -206.516380        0.001894
BFGS:  706 02:43:50     -206.516385        0.002177
BFGS:  707 02:43:50     -206.516390        0.001628
BFGS:  708 02:43:50     -206.516392        0.001116
BFGS:  709 02:43:50     -206.516393        0.001091
BFGS:  710 02:43:50     -206.516394        0.001040
BFGS:  711 02:43:50     -206.516395        0.001156
BFGS:  712 02:43:51     -206.516398        0.001483
BFGS:  713 02:43:51     -206.516402        0.001578
BFGS:  714 02:43:53     -206.516405        0.001151
BFGS:  715 02:43:53     -206.516407        0.000766
