      Step     Time          Energy          fmax
BFGS:    0 22:07:31      -43.173582        1.474209
BFGS:    1 22:07:31      -43.385854        1.280300
BFGS:    2 22:07:31      -44.209828        0.495188
BFGS:    3 22:07:31      -44.393014        0.384573
BFGS:    4 22:07:31      -44.507716        0.453086
BFGS:    5 22:07:31      -44.586498        0.486985
BFGS:    6 22:07:31      -44.683628        0.490815
BFGS:    7 22:07:31      -44.789665        0.456644
BFGS:    8 22:07:32      -44.933660        0.371196
BFGS:    9 22:07:32      -45.081896        0.196596
BFGS:   10 22:07:32      -45.161594        0.194376
BFGS:   11 22:07:32      -45.216109        0.153103
BFGS:   12 22:07:32      -45.222440        0.157172
BFGS:   13 22:07:32      -45.227232        0.153297
BFGS:   14 22:07:32      -45.311740        0.141284
BFGS:   15 22:07:32      -45.442017        0.232166
BFGS:   16 22:07:32      -45.612960        0.308314
BFGS:   17 22:07:32      -45.735331        0.400698
BFGS:   18 22:07:32      -45.789881        0.362029
BFGS:   19 22:07:32      -45.946042        0.296959
BFGS:   20 22:07:32      -45.968399        0.294284
BFGS:   21 22:07:32      -46.215701        0.234751
BFGS:   22 22:07:32      -46.449506        0.221360
BFGS:   23 22:07:32      -46.714608        0.325952
BFGS:   24 22:07:32      -46.983274        0.436919
BFGS:   25 22:07:32      -47.193187        0.769552
BFGS:   26 22:07:32      -47.329195        1.159537
BFGS:   27 22:07:32      -47.468687        1.299326
BFGS:   28 22:07:32      -47.833713        1.133524
BFGS:   29 22:07:32      -48.355089        0.752422
BFGS:   30 22:07:32      -48.938118        0.638695
BFGS:   31 22:07:32      -49.680152        0.363328
BFGS:   32 22:07:33      -50.016913        0.408065
BFGS:   33 22:07:33      -50.280784        0.267851
BFGS:   34 22:07:33      -50.344757        0.275717
BFGS:   35 22:07:33      -50.363145        0.274275
BFGS:   36 22:07:33      -50.389829        0.301763
BFGS:   37 22:07:33      -50.408149        0.308835
BFGS:   38 22:07:33      -50.444566        0.317872
BFGS:   39 22:07:33      -50.469636        0.312388
BFGS:   40 22:07:33      -50.516364        0.312162
BFGS:   41 22:07:33      -50.598378        0.316702
BFGS:   42 22:07:33      -50.677467        0.327056
BFGS:   43 22:07:33      -50.791584        0.336113
BFGS:   44 22:07:33      -50.838840        0.318958
BFGS:   45 22:07:33      -50.857784        0.284931
BFGS:   46 22:07:33      -50.887218        0.223781
BFGS:   47 22:07:33      -50.914467        0.215390
BFGS:   48 22:07:33      -50.969651        0.188400
BFGS:   49 22:07:33      -51.039059        0.171030
BFGS:   50 22:07:33      -51.093257        0.135723
BFGS:   51 22:07:33      -51.121619        0.141940
BFGS:   52 22:07:33      -51.127122        0.139914
BFGS:   53 22:07:33      -51.130304        0.138023
BFGS:   54 22:07:33      -51.135613        0.133657
BFGS:   55 22:07:34      -51.146631        0.123829
BFGS:   56 22:07:34      -51.166739        0.105669
BFGS:   57 22:07:34      -51.197899        0.086081
BFGS:   58 22:07:34      -51.218304        0.064551
BFGS:   59 22:07:34      -51.223761        0.051664
BFGS:   60 22:07:34      -51.225469        0.053212
BFGS:   61 22:07:34      -51.226295        0.054106
BFGS:   62 22:07:34      -51.227239        0.053696
BFGS:   63 22:07:34      -51.228821        0.051756
BFGS:   64 22:07:34      -51.232007        0.048642
BFGS:   65 22:07:34      -51.237836        0.048302
BFGS:   66 22:07:34      -51.245369        0.041792
BFGS:   67 22:07:34      -51.250857        0.038834
BFGS:   68 22:07:34      -51.252835        0.037369
BFGS:   69 22:07:34      -51.253231        0.037492
BFGS:   70 22:07:34      -51.253572        0.037288
BFGS:   71 22:07:34      -51.254476        0.036115
BFGS:   72 22:07:34      -51.256156        0.033462
BFGS:   73 22:07:34      -51.258552        0.045739
BFGS:   74 22:07:34      -51.260384        0.064383
BFGS:   75 22:07:34      -51.261212        0.063467
BFGS:   76 22:07:34      -51.261645        0.053588
BFGS:   77 22:07:34      -51.262168        0.036497
BFGS:   78 22:07:34      -51.262970        0.027109
BFGS:   79 22:07:35      -51.263749        0.026849
BFGS:   80 22:07:35      -51.264194        0.033971
BFGS:   81 22:07:35      -51.264437        0.032923
BFGS:   82 22:07:35      -51.264732        0.028547
BFGS:   83 22:07:35      -51.265380        0.028372
BFGS:   84 22:07:35      -51.266686        0.026706
BFGS:   85 22:07:35      -51.268653        0.023833
BFGS:   86 22:07:35      -51.270292        0.027924
BFGS:   87 22:07:35      -51.270938        0.032961
BFGS:   88 22:07:35      -51.271069        0.033165
BFGS:   89 22:07:35      -51.271132        0.032672
BFGS:   90 22:07:35      -51.271309        0.031455
BFGS:   91 22:07:35      -51.271705        0.029516
BFGS:   92 22:07:35      -51.272631        0.033605
BFGS:   93 22:07:35      -51.274356        0.064299
BFGS:   94 22:07:35      -51.276527        0.100233
BFGS:   95 22:07:35      -51.277652        0.103721
BFGS:   96 22:07:35      -51.278671        0.086422
BFGS:   97 22:07:35      -51.279413        0.069984
BFGS:   98 22:07:35      -51.280858        0.037315
BFGS:   99 22:07:35      -51.282174        0.029766
BFGS:  100 22:07:35      -51.282890        0.028936
BFGS:  101 22:07:35      -51.283069        0.028357
BFGS:  102 22:07:36      -51.283196        0.027945
BFGS:  103 22:07:36      -51.283505        0.027472
BFGS:  104 22:07:36      -51.284178        0.026917
BFGS:  105 22:07:36      -51.285555        0.030287
BFGS:  106 22:07:36      -51.287369        0.031714
BFGS:  107 22:07:36      -51.288966        0.023872
BFGS:  108 22:07:36      -51.289642        0.017905
BFGS:  109 22:07:36      -51.289781        0.018915
BFGS:  110 22:07:36      -51.289885        0.018359
BFGS:  111 22:07:36      -51.290096        0.015821
BFGS:  112 22:07:36      -51.290376        0.015424
BFGS:  113 22:07:36      -51.290604        0.020041
BFGS:  114 22:07:36      -51.290706        0.021272
BFGS:  115 22:07:36      -51.290766        0.019399
BFGS:  116 22:07:39      -51.290855        0.015087
BFGS:  117 22:07:39      -51.291020        0.014680
BFGS:  118 22:07:39      -51.291247        0.014149
BFGS:  119 22:07:39      -51.291443        0.020574
BFGS:  120 22:07:39      -51.291554        0.022808
BFGS:  121 22:07:39      -51.291634        0.021322
BFGS:  122 22:07:39      -51.291781        0.017931
BFGS:  123 22:07:39      -51.292129        0.015259
BFGS:  124 22:07:39      -51.292873        0.015041
BFGS:  125 22:07:39      -51.293997        0.015134
BFGS:  126 22:07:39      -51.294934        0.013485
BFGS:  127 22:07:39      -51.295527        0.006644
BFGS:  128 22:07:39      -51.295574        0.008438
BFGS:  129 22:07:39      -51.295580        0.008706
BFGS:  130 22:07:40      -51.295589        0.008749
BFGS:  131 22:07:40      -51.295611        0.008622
BFGS:  132 22:07:40      -51.295660        0.008227
BFGS:  133 22:07:40      -51.295738        0.007472
BFGS:  134 22:07:40      -51.295819        0.008015
BFGS:  135 22:07:40      -51.295863        0.010085
BFGS:  136 22:07:40      -51.295881        0.010105
BFGS:  137 22:07:40      -51.295897        0.009565
BFGS:  138 22:07:40      -51.295934        0.008347
BFGS:  139 22:07:40      -51.296009        0.007895
BFGS:  140 22:07:40      -51.296133        0.009381
BFGS:  141 22:07:40      -51.296253        0.008701
BFGS:  142 22:07:40      -51.296309        0.006851
BFGS:  143 22:07:40      -51.296326        0.005860
BFGS:  144 22:07:40      -51.296338        0.006172
BFGS:  145 22:07:40      -51.296365        0.006868
BFGS:  146 22:07:40      -51.296421        0.007576
BFGS:  147 22:07:40      -51.296511        0.007908
BFGS:  148 22:07:40      -51.296595        0.007245
BFGS:  149 22:07:40      -51.296632        0.006208
BFGS:  150 22:07:40      -51.296640        0.005680
BFGS:  151 22:07:40      -51.296644        0.005476
BFGS:  152 22:07:40      -51.296653        0.005154
BFGS:  153 22:07:41      -51.296673        0.004673
BFGS:  154 22:07:41      -51.296720        0.004907
BFGS:  155 22:07:41      -51.296800        0.007253
BFGS:  156 22:07:41      -51.296887        0.008494
BFGS:  157 22:07:41      -51.296935        0.009690
BFGS:  158 22:07:41      -51.296956        0.009389
BFGS:  159 22:07:41      -51.296976        0.008587
BFGS:  160 22:07:41      -51.297021        0.007875
BFGS:  161 22:07:41      -51.297116        0.008789
BFGS:  162 22:07:41      -51.297278        0.009929
BFGS:  163 22:07:41      -51.297446        0.012900
BFGS:  164 22:07:41      -51.297538        0.013022
BFGS:  165 22:07:41      -51.297560        0.011098
BFGS:  166 22:07:41      -51.297575        0.009398
BFGS:  167 22:07:41      -51.297590        0.006668
BFGS:  168 22:07:41      -51.297618        0.005465
BFGS:  169 22:07:41      -51.297637        0.006061
BFGS:  170 22:07:41      -51.297649        0.008304
BFGS:  171 22:07:41      -51.297659        0.008612
BFGS:  172 22:07:41      -51.297679        0.008146
BFGS:  173 22:07:42      -51.297716        0.006919
BFGS:  174 22:07:42      -51.297774        0.004501
BFGS:  175 22:07:42      -51.297826        0.002381
BFGS:  176 22:07:42      -51.297848        0.002586
BFGS:  177 22:07:42      -51.297852        0.002551
BFGS:  178 22:07:42      -51.297854        0.002464
BFGS:  179 22:07:42      -51.297856        0.002339
BFGS:  180 22:07:42      -51.297860        0.002140
BFGS:  181 22:07:42      -51.297868        0.001780
BFGS:  182 22:07:42      -51.297878        0.001825
BFGS:  183 22:07:42      -51.297886        0.002460
BFGS:  184 22:07:42      -51.297889        0.002438
BFGS:  185 22:07:42      -51.297890        0.002128
BFGS:  186 22:07:42      -51.297890        0.001825
BFGS:  187 22:07:42      -51.297891        0.001155
BFGS:  188 22:07:42      -51.297892        0.000601
