      Step     Time          Energy          fmax
BFGS:    0 04:52:21      394.235963       90.128533
BFGS:    1 04:52:21      263.648846       33.976417
BFGS:    2 04:52:21      180.830671       26.482363
BFGS:    3 04:52:21      120.338027       18.101061
BFGS:    4 04:52:21       78.189079       13.432708
BFGS:    5 04:52:21       50.529476       11.042099
BFGS:    6 04:52:21       31.200130        9.737883
BFGS:    7 04:52:21       16.613855        8.893721
BFGS:    8 04:52:21        4.677047        8.186771
BFGS:    9 04:52:22       -5.585520        7.551178
BFGS:   10 04:52:22      -14.662472        6.975731
BFGS:   11 04:52:22      -22.758918        6.445724
BFGS:   12 04:52:22      -29.984336        5.956079
BFGS:   13 04:52:22      -36.410344        5.495350
BFGS:   14 04:52:22      -42.063416        5.056872
BFGS:   15 04:52:22      -46.979825        4.735333
BFGS:   16 04:52:22      -51.221402        4.525896
BFGS:   17 04:52:22      -54.891461        4.314390
BFGS:   18 04:52:22      -58.117113        4.099994
BFGS:   19 04:52:22      -61.010657        3.883423
BFGS:   20 04:52:22      -63.652602        3.669488
BFGS:   21 04:52:22      -66.091572        3.459887
BFGS:   22 04:52:23      -68.355474        3.257716
BFGS:   23 04:52:23      -70.455706        3.067242
BFGS:   24 04:52:23      -72.396494        2.888128
BFGS:   25 04:52:23      -74.191262        2.722779
BFGS:   26 04:52:23      -75.852452        2.569939
BFGS:   27 04:52:23      -77.390556        2.427476
BFGS:   28 04:52:23      -78.819138        2.399604
BFGS:   29 04:52:23      -80.149441        2.453046
BFGS:   30 04:52:23      -81.392641        2.476099
BFGS:   31 04:52:23      -82.559334        2.472184
BFGS:   32 04:52:23      -83.657148        2.447929
BFGS:   33 04:52:23      -84.692766        2.405466
BFGS:   34 04:52:23      -85.672735        2.346986
BFGS:   35 04:52:23      -86.602105        2.279000
BFGS:   36 04:52:24      -87.484669        2.206637
BFGS:   37 04:52:24      -88.322204        2.134064
BFGS:   38 04:52:24      -89.116730        2.064102
BFGS:   39 04:52:24      -89.870769        1.997900
BFGS:   40 04:52:24      -90.585885        1.936541
BFGS:   41 04:52:24      -91.265202        1.877064
BFGS:   42 04:52:24      -91.911742        1.817214
BFGS:   43 04:52:24      -92.529436        1.753909
BFGS:   44 04:52:24      -93.121369        1.685224
BFGS:   45 04:52:24      -93.687790        1.611078
BFGS:   46 04:52:24      -94.228777        1.531545
BFGS:   47 04:52:24      -94.744851        1.447099
BFGS:   48 04:52:24      -95.236733        1.358887
BFGS:   49 04:52:25      -95.705134        1.268188
BFGS:   50 04:52:25      -96.151054        1.176368
BFGS:   51 04:52:25      -96.575837        1.085079
BFGS:   52 04:52:25      -96.980719        0.996159
BFGS:   53 04:52:25      -97.367646        1.003031
BFGS:   54 04:52:25      -97.739183        1.020303
BFGS:   55 04:52:25      -98.097354        1.037925
BFGS:   56 04:52:25      -98.443889        1.056998
BFGS:   57 04:52:25      -98.780540        1.077679
BFGS:   58 04:52:25      -99.108768        1.097471
BFGS:   59 04:52:25      -99.429730        1.115080
BFGS:   60 04:52:25      -99.744686        1.131204
BFGS:   61 04:52:25     -100.054702        1.146300
BFGS:   62 04:52:25     -100.360300        1.158933
BFGS:   63 04:52:25     -100.661287        1.166059
BFGS:   64 04:52:26     -100.957567        1.165493
BFGS:   65 04:52:26     -101.248928        1.156047
BFGS:   66 04:52:26     -101.534433        1.137056
BFGS:   67 04:52:26     -101.813014        1.107054
BFGS:   68 04:52:26     -102.083385        1.063094
BFGS:   69 04:52:26     -102.343216        1.001651
BFGS:   70 04:52:26     -102.591247        0.920759
BFGS:   71 04:52:26     -102.825731        0.821477
BFGS:   72 04:52:26     -103.044676        0.723894
BFGS:   73 04:52:26     -103.248213        0.685081
BFGS:   74 04:52:26     -103.436385        0.639571
BFGS:   75 04:52:26     -103.611169        0.636935
BFGS:   76 04:52:26     -103.776069        0.626436
BFGS:   77 04:52:26     -103.936274        0.607179
BFGS:   78 04:52:27     -104.098703        0.666407
BFGS:   79 04:52:27     -104.272920        0.696574
BFGS:   80 04:52:27     -104.467727        0.674220
BFGS:   81 04:52:27     -104.687537        0.599054
BFGS:   82 04:52:27     -104.954420        0.547210
BFGS:   83 04:52:27     -105.287206        0.658725
BFGS:   84 04:52:27     -105.560182        0.753552
BFGS:   85 04:52:27     -105.786272        0.857373
BFGS:   86 04:52:27     -105.987865        0.879745
BFGS:   87 04:52:27     -106.188292        0.848207
BFGS:   88 04:52:27     -106.400242        0.762088
BFGS:   89 04:52:27     -106.637887        0.606649
BFGS:   90 04:52:27     -106.904157        0.535299
BFGS:   91 04:52:27     -107.029745        0.526903
BFGS:   92 04:52:28     -107.151108        0.545990
BFGS:   93 04:52:28     -107.241470        0.553475
BFGS:   94 04:52:28     -107.328825        0.455803
BFGS:   95 04:52:28     -107.422262        0.437716
BFGS:   96 04:52:28     -107.497023        0.467706
BFGS:   97 04:52:28     -107.583737        0.431684
BFGS:   98 04:52:28     -107.648349        0.428620
BFGS:   99 04:52:28     -107.737250        0.419086
BFGS:  100 04:52:28     -107.846665        0.383988
BFGS:  101 04:52:28     -107.940653        0.397791
BFGS:  102 04:52:28     -107.984508        0.342348
BFGS:  103 04:52:28     -108.014890        0.327746
BFGS:  104 04:52:28     -108.080106        0.261960
BFGS:  105 04:52:28     -108.137121        0.313800
BFGS:  106 04:52:28     -108.181043        0.368192
BFGS:  107 04:52:29     -108.213862        0.339271
BFGS:  108 04:52:29     -108.255225        0.229145
BFGS:  109 04:52:29     -108.293171        0.220907
BFGS:  110 04:52:29     -108.331680        0.216343
BFGS:  111 04:52:29     -108.356871        0.306433
BFGS:  112 04:52:29     -108.381658        0.317146
BFGS:  113 04:52:29     -108.420967        0.272862
BFGS:  114 04:52:29     -108.469410        0.275769
BFGS:  115 04:52:29     -108.515175        0.292486
BFGS:  116 04:52:29     -108.559747        0.346414
BFGS:  117 04:52:29     -108.581063        0.283292
BFGS:  118 04:52:29     -108.620256        0.213579
BFGS:  119 04:52:29     -108.646974        0.196027
BFGS:  120 04:52:29     -108.665457        0.259343
BFGS:  121 04:52:30     -108.677767        0.282376
BFGS:  122 04:52:30     -108.696712        0.253045
BFGS:  123 04:52:30     -108.718670        0.188159
BFGS:  124 04:52:30     -108.737503        0.204762
BFGS:  125 04:52:30     -108.750779        0.267043
BFGS:  126 04:52:30     -108.766961        0.272934
BFGS:  127 04:52:30     -108.792671        0.218475
BFGS:  128 04:52:30     -108.826892        0.185686
BFGS:  129 04:52:30     -108.850504        0.193581
BFGS:  130 04:52:30     -108.861826        0.171524
BFGS:  131 04:52:30     -108.869767        0.136864
BFGS:  132 04:52:30     -108.882634        0.131419
BFGS:  133 04:52:30     -108.900386        0.148174
BFGS:  134 04:52:30     -108.912338        0.191095
BFGS:  135 04:52:31     -108.918940        0.186246
BFGS:  136 04:52:31     -108.924934        0.145134
BFGS:  137 04:52:31     -108.933201        0.116745
BFGS:  138 04:52:31     -108.942241        0.099051
BFGS:  139 04:52:31     -108.949103        0.136499
BFGS:  140 04:52:31     -108.953959        0.141824
BFGS:  141 04:52:31     -108.958691        0.105006
BFGS:  142 04:52:31     -108.963854        0.094474
BFGS:  143 04:52:31     -108.968338        0.087491
BFGS:  144 04:52:31     -108.971515        0.082827
BFGS:  145 04:52:31     -108.974281        0.085957
BFGS:  146 04:52:31     -108.978212        0.079341
BFGS:  147 04:52:31     -108.984003        0.095190
BFGS:  148 04:52:31     -108.989913        0.102363
BFGS:  149 04:52:31     -108.994127        0.115807
BFGS:  150 04:52:32     -108.997520        0.121563
BFGS:  151 04:52:32     -109.001705        0.097049
BFGS:  152 04:52:32     -109.006488        0.086448
BFGS:  153 04:52:32     -109.010254        0.114049
BFGS:  154 04:52:32     -109.013085        0.113493
BFGS:  155 04:52:32     -109.016029        0.091843
BFGS:  156 04:52:32     -109.019788        0.057121
BFGS:  157 04:52:32     -109.023562        0.054235
BFGS:  158 04:52:32     -109.026032        0.058445
BFGS:  159 04:52:32     -109.027553        0.066037
BFGS:  160 04:52:32     -109.029188        0.067959
BFGS:  161 04:52:32     -109.031802        0.067046
BFGS:  162 04:52:32     -109.034987        0.067619
BFGS:  163 04:52:32     -109.037677        0.075899
BFGS:  164 04:52:33     -109.039632        0.076241
BFGS:  165 04:52:33     -109.041552        0.077745
BFGS:  166 04:52:33     -109.043730        0.066230
BFGS:  167 04:52:33     -109.045879        0.060375
BFGS:  168 04:52:33     -109.047691        0.075769
BFGS:  169 04:52:33     -109.049490        0.081044
BFGS:  170 04:52:33     -109.051855        0.072947
BFGS:  171 04:52:33     -109.054739        0.057572
BFGS:  172 04:52:33     -109.057244        0.058736
BFGS:  173 04:52:33     -109.058912        0.061635
BFGS:  174 04:52:33     -109.060539        0.062957
BFGS:  175 04:52:33     -109.063470        0.068637
BFGS:  176 04:52:33     -109.068096        0.070207
BFGS:  177 04:52:33     -109.073921        0.086843
BFGS:  178 04:52:33     -109.078688        0.101446
BFGS:  179 04:52:34     -109.081873        0.098453
BFGS:  180 04:52:34     -109.085330        0.087778
BFGS:  181 04:52:34     -109.090655        0.070365
BFGS:  182 04:52:34     -109.097004        0.098901
BFGS:  183 04:52:34     -109.102779        0.117975
BFGS:  184 04:52:34     -109.107576        0.121452
BFGS:  185 04:52:34     -109.112572        0.102811
BFGS:  186 04:52:34     -109.119572        0.094474
BFGS:  187 04:52:34     -109.126098        0.105159
BFGS:  188 04:52:34     -109.130219        0.090434
BFGS:  189 04:52:34     -109.133309        0.106268
BFGS:  190 04:52:34     -109.137606        0.108359
BFGS:  191 04:52:34     -109.143051        0.085379
BFGS:  192 04:52:34     -109.147676        0.101001
BFGS:  193 04:52:35     -109.150777        0.109874
BFGS:  194 04:52:35     -109.153925        0.103510
BFGS:  195 04:52:35     -109.158534        0.084807
BFGS:  196 04:52:35     -109.165855        0.098062
BFGS:  197 04:52:35     -109.174872        0.110351
BFGS:  198 04:52:35     -109.181185        0.120715
BFGS:  199 04:52:35     -109.186264        0.099087
BFGS:  200 04:52:35     -109.191401        0.098004
BFGS:  201 04:52:35     -109.198536        0.110865
BFGS:  202 04:52:35     -109.207374        0.123587
BFGS:  203 04:52:35     -109.212863        0.145015
BFGS:  204 04:52:35     -109.217904        0.149768
BFGS:  205 04:52:35     -109.223883        0.111791
BFGS:  206 04:52:35     -109.231182        0.077588
BFGS:  207 04:52:36     -109.237976        0.080489
BFGS:  208 04:52:36     -109.243077        0.102774
BFGS:  209 04:52:36     -109.246987        0.129637
BFGS:  210 04:52:36     -109.252311        0.138348
BFGS:  211 04:52:36     -109.262625        0.126842
BFGS:  212 04:52:36     -109.277073        0.121311
BFGS:  213 04:52:36     -109.290162        0.113672
BFGS:  214 04:52:36     -109.296657        0.150223
BFGS:  215 04:52:36     -109.300345        0.141153
BFGS:  216 04:52:36     -109.304311        0.115643
BFGS:  217 04:52:36     -109.310481        0.094212
BFGS:  218 04:52:36     -109.322922        0.145195
BFGS:  219 04:52:36     -109.339792        0.153182
BFGS:  220 04:52:36     -109.353163        0.133233
BFGS:  221 04:52:36     -109.362630        0.103081
BFGS:  222 04:52:37     -109.365667        0.089270
BFGS:  223 04:52:37     -109.369383        0.084747
BFGS:  224 04:52:37     -109.374909        0.088935
BFGS:  225 04:52:37     -109.384284        0.130532
BFGS:  226 04:52:37     -109.392016        0.168377
BFGS:  227 04:52:37     -109.398622        0.180249
BFGS:  228 04:52:37     -109.409478        0.185852
BFGS:  229 04:52:37     -109.423352        0.153754
BFGS:  230 04:52:37     -109.445946        0.160698
BFGS:  231 04:52:37     -109.467042        0.188674
BFGS:  232 04:52:37     -109.485199        0.229693
BFGS:  233 04:52:37     -109.498573        0.190920
BFGS:  234 04:52:37     -109.522475        0.181122
BFGS:  235 04:52:37     -109.550896        0.207985
BFGS:  236 04:52:38     -109.589040        0.203912
BFGS:  237 04:52:38     -109.596168        0.174180
BFGS:  238 04:52:38     -109.618323        0.110571
BFGS:  239 04:52:38     -109.623381        0.093248
BFGS:  240 04:52:38     -109.626770        0.091280
BFGS:  241 04:52:38     -109.633693        0.085534
BFGS:  242 04:52:38     -109.642460        0.088327
BFGS:  243 04:52:38     -109.657273        0.098838
BFGS:  244 04:52:38     -109.671478        0.079626
BFGS:  245 04:52:38     -109.682157        0.075678
BFGS:  246 04:52:38     -109.686445        0.087801
BFGS:  247 04:52:38     -109.687943        0.082552
BFGS:  248 04:52:38     -109.691497        0.069099
BFGS:  249 04:52:38     -109.695824        0.066737
BFGS:  250 04:52:38     -109.705372        0.116240
BFGS:  251 04:52:39     -109.719547        0.172785
BFGS:  252 04:52:39     -109.739158        0.177938
BFGS:  253 04:52:39     -109.758530        0.171033
BFGS:  254 04:52:39     -109.769153        0.189455
BFGS:  255 04:52:39     -109.774457        0.186604
BFGS:  256 04:52:39     -109.784786        0.155389
BFGS:  257 04:52:39     -109.798572        0.145180
BFGS:  258 04:52:39     -109.819426        0.153144
BFGS:  259 04:52:39     -109.838244        0.123921
BFGS:  260 04:52:39     -109.847813        0.116454
BFGS:  261 04:52:39     -109.852818        0.089137
BFGS:  262 04:52:39     -109.855533        0.072306
BFGS:  263 04:52:39     -109.858929        0.069264
BFGS:  264 04:52:39     -109.866206        0.079090
BFGS:  265 04:52:40     -109.875085        0.083121
BFGS:  266 04:52:40     -109.884429        0.087034
BFGS:  267 04:52:40     -109.889844        0.071286
BFGS:  268 04:52:40     -109.892529        0.060447
BFGS:  269 04:52:40     -109.894240        0.060219
BFGS:  270 04:52:40     -109.896287        0.061649
BFGS:  271 04:52:40     -109.899986        0.062605
BFGS:  272 04:52:40     -109.906187        0.062732
BFGS:  273 04:52:40     -109.912987        0.059462
BFGS:  274 04:52:40     -109.917131        0.055188
BFGS:  275 04:52:40     -109.918741        0.053081
BFGS:  276 04:52:40     -109.919624        0.054435
BFGS:  277 04:52:40     -109.920622        0.055583
BFGS:  278 04:52:40     -109.922445        0.057462
BFGS:  279 04:52:41     -109.926006        0.061478
BFGS:  280 04:52:41     -109.932655        0.077872
BFGS:  281 04:52:41     -109.942559        0.089264
BFGS:  282 04:52:41     -109.951595        0.090057
BFGS:  283 04:52:41     -109.956581        0.088498
BFGS:  284 04:52:41     -109.958900        0.087317
BFGS:  285 04:52:41     -109.961559        0.085504
BFGS:  286 04:52:41     -109.967308        0.085574
BFGS:  287 04:52:41     -109.976921        0.091526
BFGS:  288 04:52:41     -109.991501        0.096214
BFGS:  289 04:52:41     -110.005108        0.097997
BFGS:  290 04:52:41     -110.015948        0.097858
BFGS:  291 04:52:41     -110.021494        0.089943
BFGS:  292 04:52:41     -110.024618        0.084386
BFGS:  293 04:52:41     -110.029314        0.082608
BFGS:  294 04:52:42     -110.036994        0.112339
BFGS:  295 04:52:42     -110.050597        0.144270
BFGS:  296 04:52:42     -110.065355        0.152515
BFGS:  297 04:52:42     -110.081001        0.143513
BFGS:  298 04:52:42     -110.097304        0.111735
BFGS:  299 04:52:42     -110.110738        0.081755
BFGS:  300 04:52:42     -110.114453        0.075081
BFGS:  301 04:52:42     -110.117966        0.077151
BFGS:  302 04:52:42     -110.121623        0.070996
BFGS:  303 04:52:42     -110.130110        0.068627
BFGS:  304 04:52:42     -110.142461        0.068907
BFGS:  305 04:52:42     -110.154145        0.073056
BFGS:  306 04:52:42     -110.162141        0.081251
BFGS:  307 04:52:42     -110.166150        0.083450
BFGS:  308 04:52:43     -110.169544        0.085777
BFGS:  309 04:52:43     -110.172875        0.083448
BFGS:  310 04:52:43     -110.177290        0.098734
BFGS:  311 04:52:43     -110.184090        0.119651
BFGS:  312 04:52:43     -110.195304        0.134419
BFGS:  313 04:52:43     -110.206127        0.127608
BFGS:  314 04:52:43     -110.216703        0.110165
BFGS:  315 04:52:43     -110.226837        0.083214
BFGS:  316 04:52:43     -110.234453        0.070226
BFGS:  317 04:52:43     -110.238495        0.075513
BFGS:  318 04:52:43     -110.240628        0.076900
BFGS:  319 04:52:43     -110.244985        0.076332
BFGS:  320 04:52:43     -110.250045        0.079754
BFGS:  321 04:52:43     -110.258177        0.094362
BFGS:  322 04:52:43     -110.268649        0.088349
BFGS:  323 04:52:44     -110.281729        0.086526
BFGS:  324 04:52:44     -110.292776        0.086340
BFGS:  325 04:52:44     -110.297508        0.067295
BFGS:  326 04:52:44     -110.299298        0.057932
BFGS:  327 04:52:44     -110.300906        0.053251
BFGS:  328 04:52:44     -110.301887        0.047199
BFGS:  329 04:52:44     -110.303770        0.050648
BFGS:  330 04:52:44     -110.306416        0.063832
BFGS:  331 04:52:44     -110.310215        0.065907
BFGS:  332 04:52:44     -110.313737        0.052954
BFGS:  333 04:52:44     -110.315766        0.034086
BFGS:  334 04:52:44     -110.316459        0.035655
BFGS:  335 04:52:44     -110.316916        0.034401
BFGS:  336 04:52:44     -110.317680        0.035602
BFGS:  337 04:52:45     -110.319288        0.047453
BFGS:  338 04:52:45     -110.322241        0.060972
BFGS:  339 04:52:45     -110.326209        0.059993
BFGS:  340 04:52:45     -110.329674        0.038486
BFGS:  341 04:52:45     -110.331339        0.033678
BFGS:  342 04:52:45     -110.331841        0.030706
BFGS:  343 04:52:45     -110.332269        0.028813
BFGS:  344 04:52:45     -110.333101        0.031509
BFGS:  345 04:52:45     -110.334766        0.044623
BFGS:  346 04:52:45     -110.337561        0.054406
BFGS:  347 04:52:45     -110.341172        0.065101
BFGS:  348 04:52:45     -110.344221        0.073927
BFGS:  349 04:52:45     -110.346156        0.067634
BFGS:  350 04:52:45     -110.347513        0.056348
BFGS:  351 04:52:46     -110.348737        0.044607
BFGS:  352 04:52:46     -110.349967        0.031063
BFGS:  353 04:52:46     -110.350852        0.027024
BFGS:  354 04:52:46     -110.351369        0.025886
BFGS:  355 04:52:46     -110.351725        0.027208
BFGS:  356 04:52:46     -110.352109        0.027398
BFGS:  357 04:52:46     -110.352684        0.026876
BFGS:  358 04:52:46     -110.353456        0.037089
BFGS:  359 04:52:46     -110.354330        0.042484
BFGS:  360 04:52:46     -110.355050        0.041343
BFGS:  361 04:52:46     -110.355565        0.037444
BFGS:  362 04:52:46     -110.355983        0.026669
BFGS:  363 04:52:46     -110.356408        0.022066
BFGS:  364 04:52:46     -110.356752        0.017252
BFGS:  365 04:52:46     -110.356943        0.018588
BFGS:  366 04:52:47     -110.357044        0.015838
BFGS:  367 04:52:47     -110.357135        0.013472
BFGS:  368 04:52:47     -110.357274        0.014158
BFGS:  369 04:52:47     -110.357440        0.016146
BFGS:  370 04:52:47     -110.357633        0.022486
BFGS:  371 04:52:47     -110.357822        0.025982
BFGS:  372 04:52:47     -110.358011        0.025397
BFGS:  373 04:52:47     -110.358205        0.026627
BFGS:  374 04:52:47     -110.358410        0.024593
BFGS:  375 04:52:47     -110.358612        0.019087
BFGS:  376 04:52:47     -110.358793        0.023663
BFGS:  377 04:52:47     -110.358959        0.022774
BFGS:  378 04:52:47     -110.359109        0.016490
BFGS:  379 04:52:47     -110.359235        0.014777
BFGS:  380 04:52:48     -110.359339        0.014095
BFGS:  381 04:52:48     -110.359435        0.015375
BFGS:  382 04:52:48     -110.359550        0.016250
BFGS:  383 04:52:48     -110.359714        0.016753
BFGS:  384 04:52:48     -110.359938        0.017669
BFGS:  385 04:52:48     -110.360194        0.017835
BFGS:  386 04:52:48     -110.360425        0.019069
BFGS:  387 04:52:48     -110.360592        0.017293
BFGS:  388 04:52:48     -110.360704        0.016036
BFGS:  389 04:52:48     -110.360795        0.015974
BFGS:  390 04:52:48     -110.360878        0.014069
BFGS:  391 04:52:48     -110.360957        0.013000
BFGS:  392 04:52:48     -110.361037        0.013384
BFGS:  393 04:52:48     -110.361123        0.014806
BFGS:  394 04:52:49     -110.361219        0.016032
BFGS:  395 04:52:49     -110.361339        0.021024
BFGS:  396 04:52:49     -110.361506        0.023793
BFGS:  397 04:52:49     -110.361745        0.022562
BFGS:  398 04:52:49     -110.362059        0.028158
BFGS:  399 04:52:49     -110.362427        0.032537
BFGS:  400 04:52:49     -110.362812        0.040573
BFGS:  401 04:52:49     -110.363145        0.037497
BFGS:  402 04:52:49     -110.363567        0.027826
BFGS:  403 04:52:49     -110.363839        0.032611
BFGS:  404 04:52:49     -110.364097        0.028335
BFGS:  405 04:52:49     -110.364300        0.019408
BFGS:  406 04:52:49     -110.364533        0.020658
BFGS:  407 04:52:49     -110.364732        0.020915
BFGS:  408 04:52:49     -110.364925        0.024670
BFGS:  409 04:52:50     -110.365095        0.023050
BFGS:  410 04:52:50     -110.365280        0.019869
BFGS:  411 04:52:50     -110.365472        0.021358
BFGS:  412 04:52:50     -110.365657        0.022805
BFGS:  413 04:52:50     -110.365839        0.028225
BFGS:  414 04:52:50     -110.366064        0.028151
BFGS:  415 04:52:50     -110.366346        0.021440
BFGS:  416 04:52:50     -110.366608        0.015672
BFGS:  417 04:52:50     -110.366763        0.015780
BFGS:  418 04:52:50     -110.366841        0.014555
BFGS:  419 04:52:50     -110.366908        0.013602
BFGS:  420 04:52:50     -110.367001        0.010276
BFGS:  421 04:52:50     -110.367104        0.012437
BFGS:  422 04:52:50     -110.367187        0.015040
BFGS:  423 04:52:51     -110.367239        0.013907
BFGS:  424 04:52:51     -110.367278        0.009042
BFGS:  425 04:52:51     -110.367319        0.007344
BFGS:  426 04:52:51     -110.367362        0.006519
BFGS:  427 04:52:51     -110.367402        0.009680
BFGS:  428 04:52:51     -110.367438        0.011723
BFGS:  429 04:52:51     -110.367475        0.011182
BFGS:  430 04:52:51     -110.367522        0.011198
BFGS:  431 04:52:51     -110.367578        0.009016
BFGS:  432 04:52:51     -110.367629        0.008424
BFGS:  433 04:52:51     -110.367662        0.007603
BFGS:  434 04:52:51     -110.367682        0.007049
BFGS:  435 04:52:51     -110.367702        0.005926
BFGS:  436 04:52:51     -110.367727        0.006239
BFGS:  437 04:52:51     -110.367754        0.008450
BFGS:  438 04:52:52     -110.367777        0.008220
BFGS:  439 04:52:52     -110.367794        0.007466
BFGS:  440 04:52:52     -110.367812        0.006781
BFGS:  441 04:52:52     -110.367832        0.005941
BFGS:  442 04:52:52     -110.367851        0.007226
BFGS:  443 04:52:52     -110.367871        0.008346
BFGS:  444 04:52:52     -110.367898        0.009980
BFGS:  445 04:52:52     -110.367945        0.013018
BFGS:  446 04:52:52     -110.368016        0.013433
BFGS:  447 04:52:52     -110.368092        0.009052
BFGS:  448 04:52:52     -110.368138        0.007675
BFGS:  449 04:52:52     -110.368163        0.007412
BFGS:  450 04:52:52     -110.368190        0.007241
BFGS:  451 04:52:52     -110.368241        0.009759
BFGS:  452 04:52:53     -110.368326        0.012780
BFGS:  453 04:52:53     -110.368431        0.013744
BFGS:  454 04:52:53     -110.368511        0.011202
BFGS:  455 04:52:53     -110.368559        0.010947
BFGS:  456 04:52:53     -110.368604        0.010583
BFGS:  457 04:52:53     -110.368671        0.009202
BFGS:  458 04:52:53     -110.368766        0.014893
BFGS:  459 04:52:53     -110.368871        0.020141
BFGS:  460 04:52:53     -110.368966        0.022110
BFGS:  461 04:52:53     -110.369059        0.019313
BFGS:  462 04:52:53     -110.369163        0.016660
BFGS:  463 04:52:53     -110.369268        0.013219
BFGS:  464 04:52:53     -110.369352        0.015185
BFGS:  465 04:52:53     -110.369415        0.016871
BFGS:  466 04:52:54     -110.369482        0.015488
BFGS:  467 04:52:54     -110.369575        0.011381
BFGS:  468 04:52:54     -110.369679        0.009695
BFGS:  469 04:52:54     -110.369757        0.010904
BFGS:  470 04:52:54     -110.369801        0.011484
BFGS:  471 04:52:54     -110.369835        0.010343
BFGS:  472 04:52:54     -110.369884        0.010252
BFGS:  473 04:52:54     -110.369960        0.010921
BFGS:  474 04:52:54     -110.370050        0.010676
BFGS:  475 04:52:54     -110.370121        0.010925
BFGS:  476 04:52:54     -110.370164        0.010739
BFGS:  477 04:52:54     -110.370205        0.010109
BFGS:  478 04:52:54     -110.370277        0.011130
BFGS:  479 04:52:54     -110.370412        0.013072
BFGS:  480 04:52:54     -110.370621        0.020290
BFGS:  481 04:52:55     -110.370838        0.024446
BFGS:  482 04:52:55     -110.370989        0.022982
BFGS:  483 04:52:55     -110.371091        0.019610
BFGS:  484 04:52:55     -110.371186        0.012756
BFGS:  485 04:52:55     -110.371283        0.011653
BFGS:  486 04:52:55     -110.371356        0.011420
BFGS:  487 04:52:55     -110.371409        0.011854
BFGS:  488 04:52:55     -110.371466        0.011974
BFGS:  489 04:52:55     -110.371543        0.009274
BFGS:  490 04:52:55     -110.371615        0.008175
BFGS:  491 04:52:55     -110.371651        0.006912
BFGS:  492 04:52:55     -110.371664        0.007233
BFGS:  493 04:52:55     -110.371677        0.007358
BFGS:  494 04:52:55     -110.371702        0.007456
BFGS:  495 04:52:56     -110.371741        0.007349
BFGS:  496 04:52:56     -110.371783        0.006881
BFGS:  497 04:52:56     -110.371808        0.006503
BFGS:  498 04:52:56     -110.371821        0.006759
BFGS:  499 04:52:56     -110.371835        0.006406
BFGS:  500 04:52:56     -110.371861        0.005271
BFGS:  501 04:52:56     -110.371897        0.006074
BFGS:  502 04:52:56     -110.371929        0.006183
BFGS:  503 04:52:56     -110.371947        0.005023
BFGS:  504 04:52:56     -110.371956        0.004477
BFGS:  505 04:52:56     -110.371965        0.004063
BFGS:  506 04:52:56     -110.371976        0.004146
BFGS:  507 04:52:56     -110.371986        0.004908
BFGS:  508 04:52:56     -110.371994        0.005696
BFGS:  509 04:52:57     -110.372001        0.004928
BFGS:  510 04:52:57     -110.372009        0.003326
BFGS:  511 04:52:57     -110.372016        0.001935
BFGS:  512 04:52:57     -110.372018        0.001767
BFGS:  513 04:52:57     -110.372019        0.001729
BFGS:  514 04:52:57     -110.372021        0.001698
BFGS:  515 04:52:57     -110.372023        0.001734
BFGS:  516 04:52:57     -110.372028        0.001984
BFGS:  517 04:52:57     -110.372035        0.002007
BFGS:  518 04:52:57     -110.372040        0.001817
BFGS:  519 04:52:57     -110.372043        0.001816
BFGS:  520 04:52:57     -110.372044        0.001807
BFGS:  521 04:52:57     -110.372045        0.001799
BFGS:  522 04:52:57     -110.372047        0.001791
BFGS:  523 04:52:57     -110.372052        0.001925
BFGS:  524 04:52:58     -110.372057        0.001799
BFGS:  525 04:52:58     -110.372061        0.001972
BFGS:  526 04:52:58     -110.372063        0.001847
BFGS:  527 04:52:58     -110.372064        0.001807
BFGS:  528 04:52:58     -110.372066        0.001795
BFGS:  529 04:52:58     -110.372071        0.002130
BFGS:  530 04:52:58     -110.372081        0.002826
BFGS:  531 04:52:58     -110.372097        0.003160
BFGS:  532 04:52:58     -110.372111        0.002832
BFGS:  533 04:52:58     -110.372118        0.002836
BFGS:  534 04:52:58     -110.372121        0.003069
BFGS:  535 04:52:58     -110.372124        0.003084
BFGS:  536 04:52:58     -110.372132        0.002888
BFGS:  537 04:52:58     -110.372147        0.002826
BFGS:  538 04:52:59     -110.372164        0.002995
BFGS:  539 04:52:59     -110.372176        0.003160
BFGS:  540 04:52:59     -110.372180        0.002913
BFGS:  541 04:52:59     -110.372181        0.002687
BFGS:  542 04:52:59     -110.372185        0.002412
BFGS:  543 04:52:59     -110.372191        0.002466
BFGS:  544 04:52:59     -110.372201        0.002493
BFGS:  545 04:52:59     -110.372211        0.002416
BFGS:  546 04:52:59     -110.372216        0.002278
BFGS:  547 04:52:59     -110.372219        0.002380
BFGS:  548 04:52:59     -110.372221        0.002453
BFGS:  549 04:52:59     -110.372226        0.002346
BFGS:  550 04:52:59     -110.372235        0.002248
BFGS:  551 04:52:59     -110.372245        0.002821
BFGS:  552 04:52:59     -110.372251        0.002751
BFGS:  553 04:53:00     -110.372252        0.002311
BFGS:  554 04:53:00     -110.372253        0.001939
BFGS:  555 04:53:00     -110.372254        0.001651
BFGS:  556 04:53:00     -110.372256        0.001215
BFGS:  557 04:53:00     -110.372258        0.001291
BFGS:  558 04:53:00     -110.372259        0.001222
BFGS:  559 04:53:00     -110.372260        0.001033
BFGS:  560 04:53:00     -110.372260        0.000887
