      Step     Time          Energy          fmax
BFGS:    0 02:55:30      -18.337209        6.522921
BFGS:    1 02:55:30      -19.446112        4.412175
BFGS:    2 02:55:30      -21.173973        2.451131
BFGS:    3 02:55:30      -22.128246        1.191318
BFGS:    4 02:55:30      -22.526902        0.755591
BFGS:    5 02:55:30      -22.697515        0.807487
BFGS:    6 02:55:30      -22.800569        0.923468
BFGS:    7 02:55:30      -22.936546        1.025583
BFGS:    8 02:55:30      -23.138376        0.984469
BFGS:    9 02:55:30      -23.342678        0.794015
BFGS:   10 02:55:30      -23.530567        0.698153
BFGS:   11 02:55:30      -23.717931        0.799564
BFGS:   12 02:55:30      -23.791321        0.877159
BFGS:   13 02:55:30      -23.898275        0.943355
BFGS:   14 02:55:30      -24.094744        1.015205
BFGS:   15 02:55:30      -24.301736        1.157335
BFGS:   16 02:55:30      -24.441083        0.838443
BFGS:   17 02:55:30      -24.478974        0.735422
BFGS:   18 02:55:30      -24.537042        0.526349
BFGS:   19 02:55:30      -24.588137        0.480736
BFGS:   20 02:55:30      -24.623081        0.497935
BFGS:   21 02:55:30      -24.640818        0.456599
BFGS:   22 02:55:33      -24.660026        0.397133
BFGS:   23 02:55:33      -24.697182        0.319174
BFGS:   24 02:55:33      -24.733926        0.337936
BFGS:   25 02:55:33      -24.752604        0.431038
BFGS:   26 02:55:33      -24.768515        0.451284
BFGS:   27 02:55:33      -24.796334        0.390153
BFGS:   28 02:55:33      -24.836482        0.336288
BFGS:   29 02:55:33      -24.899244        0.358853
BFGS:   30 02:55:33      -24.948164        0.473492
BFGS:   31 02:55:33      -24.985868        0.513794
BFGS:   32 02:55:33      -25.015738        0.450475
BFGS:   33 02:55:33      -25.053499        0.506492
BFGS:   34 02:55:33      -25.120175        0.514926
BFGS:   35 02:55:33      -25.189504        0.624924
BFGS:   36 02:55:33      -25.244801        0.741979
BFGS:   37 02:55:33      -25.284324        0.636088
BFGS:   38 02:55:33      -25.322721        0.486058
BFGS:   39 02:55:33      -25.373167        0.316610
BFGS:   40 02:55:33      -25.419091        0.324981
BFGS:   41 02:55:33      -25.456083        0.506082
BFGS:   42 02:55:33      -25.477247        0.439126
BFGS:   43 02:55:33      -25.490868        0.336003
BFGS:   44 02:55:34      -25.518633        0.251952
BFGS:   45 02:55:34      -25.545659        0.223575
BFGS:   46 02:55:34      -25.572783        0.243027
BFGS:   47 02:55:34      -25.588873        0.194171
BFGS:   48 02:55:34      -25.594237        0.173798
BFGS:   49 02:55:34      -25.597966        0.168561
BFGS:   50 02:55:34      -25.608877        0.249504
BFGS:   51 02:55:34      -25.626797        0.305543
BFGS:   52 02:55:34      -25.651925        0.251569
BFGS:   53 02:55:34      -25.670652        0.225275
BFGS:   54 02:55:34      -25.680808        0.226445
BFGS:   55 02:55:34      -25.685550        0.223781
BFGS:   56 02:55:34      -25.691232        0.210349
BFGS:   57 02:55:34      -25.704364        0.235539
BFGS:   58 02:55:34      -25.723879        0.255583
BFGS:   59 02:55:34      -25.742968        0.189557
BFGS:   60 02:55:34      -25.752017        0.102637
BFGS:   61 02:55:34      -25.754244        0.094219
BFGS:   62 02:55:34      -25.755254        0.094368
BFGS:   63 02:55:34      -25.756999        0.088814
BFGS:   64 02:55:34      -25.760948        0.077216
BFGS:   65 02:55:34      -25.765852        0.090166
BFGS:   66 02:55:34      -25.769279        0.084546
BFGS:   67 02:55:34      -25.770482        0.087543
BFGS:   68 02:55:34      -25.770992        0.081330
BFGS:   69 02:55:34      -25.771750        0.069793
BFGS:   70 02:55:34      -25.773237        0.069017
BFGS:   71 02:55:34      -25.775870        0.105996
BFGS:   72 02:55:34      -25.779199        0.117516
BFGS:   73 02:55:34      -25.781527        0.086285
BFGS:   74 02:55:34      -25.782670        0.067470
BFGS:   75 02:55:34      -25.783120        0.064748
BFGS:   76 02:55:34      -25.783702        0.059075
BFGS:   77 02:55:35      -25.784907        0.055796
BFGS:   78 02:55:35      -25.786759        0.073958
BFGS:   79 02:55:35      -25.788619        0.071350
BFGS:   80 02:55:35      -25.789511        0.042472
BFGS:   81 02:55:35      -25.789754        0.025660
BFGS:   82 02:55:35      -25.789857        0.026856
BFGS:   83 02:55:35      -25.790052        0.027787
BFGS:   84 02:55:38      -25.790400        0.026654
BFGS:   85 02:55:38      -25.790890        0.035284
BFGS:   86 02:55:38      -25.791267        0.027825
BFGS:   87 02:55:38      -25.791403        0.015567
BFGS:   88 02:55:38      -25.791437        0.012366
BFGS:   89 02:55:38      -25.791468        0.011619
BFGS:   90 02:55:38      -25.791543        0.014203
BFGS:   91 02:55:38      -25.791694        0.025115
BFGS:   92 02:55:38      -25.791957        0.033865
BFGS:   93 02:55:38      -25.792244        0.029605
BFGS:   94 02:55:38      -25.792404        0.015165
BFGS:   95 02:55:39      -25.792452        0.011254
BFGS:   96 02:55:39      -25.792478        0.011238
BFGS:   97 02:55:39      -25.792535        0.013965
BFGS:   98 02:55:39      -25.792655        0.022331
BFGS:   99 02:55:39      -25.792870        0.027828
BFGS:  100 02:55:39      -25.793118        0.022067
BFGS:  101 02:55:39      -25.793261        0.013527
BFGS:  102 02:55:39      -25.793299        0.011338
BFGS:  103 02:55:39      -25.793314        0.010099
BFGS:  104 02:55:39      -25.793340        0.011679
BFGS:  105 02:55:39      -25.793393        0.015256
BFGS:  106 02:55:39      -25.793479        0.016276
BFGS:  107 02:55:39      -25.793562        0.011575
BFGS:  108 02:55:39      -25.793599        0.009060
BFGS:  109 02:55:39      -25.793609        0.009168
BFGS:  110 02:55:39      -25.793615        0.008867
BFGS:  111 02:55:39      -25.793630        0.007906
BFGS:  112 02:55:39      -25.793658        0.006564
BFGS:  113 02:55:39      -25.793697        0.006694
BFGS:  114 02:55:39      -25.793725        0.004107
BFGS:  115 02:55:39      -25.793733        0.002324
BFGS:  116 02:55:39      -25.793734        0.002229
BFGS:  117 02:55:39      -25.793735        0.002195
BFGS:  118 02:55:39      -25.793737        0.002114
BFGS:  119 02:55:39      -25.793741        0.001958
BFGS:  120 02:55:39      -25.793748        0.002836
BFGS:  121 02:55:39      -25.793756        0.002797
BFGS:  122 02:55:39      -25.793760        0.003026
BFGS:  123 02:55:39      -25.793761        0.003042
BFGS:  124 02:55:39      -25.793762        0.002877
BFGS:  125 02:55:40      -25.793763        0.002497
BFGS:  126 02:55:40      -25.793765        0.001887
BFGS:  127 02:55:40      -25.793769        0.001739
BFGS:  128 02:55:40      -25.793772        0.002033
BFGS:  129 02:55:40      -25.793774        0.001734
BFGS:  130 02:55:40      -25.793774        0.001712
BFGS:  131 02:55:40      -25.793775        0.001600
BFGS:  132 02:55:40      -25.793776        0.001450
BFGS:  133 02:55:40      -25.793778        0.001396
BFGS:  134 02:55:40      -25.793781        0.001795
BFGS:  135 02:55:40      -25.793785        0.002246
BFGS:  136 02:55:40      -25.793786        0.002426
BFGS:  137 02:55:40      -25.793787        0.002231
BFGS:  138 02:55:40      -25.793787        0.001952
BFGS:  139 02:55:40      -25.793789        0.001635
BFGS:  140 02:55:40      -25.793791        0.001720
BFGS:  141 02:55:40      -25.793795        0.001765
BFGS:  142 02:55:40      -25.793799        0.002153
BFGS:  143 02:55:40      -25.793800        0.001794
BFGS:  144 02:55:40      -25.793800        0.001433
BFGS:  145 02:55:40      -25.793801        0.001144
BFGS:  146 02:55:40      -25.793801        0.001278
BFGS:  147 02:55:40      -25.793802        0.001406
BFGS:  148 02:55:40      -25.793805        0.001216
BFGS:  149 02:55:40      -25.793807        0.001673
BFGS:  150 02:55:40      -25.793807        0.001559
BFGS:  151 02:55:40      -25.793808        0.001376
BFGS:  152 02:55:40      -25.793808        0.001256
BFGS:  153 02:55:40      -25.793808        0.001080
BFGS:  154 02:55:40      -25.793809        0.000963
