      Step     Time          Energy          fmax
BFGS:    0 21:52:18     -169.216839        2.161126
BFGS:    1 21:52:18     -171.466066        2.072046
BFGS:    2 21:52:18     -183.540503        1.588098
BFGS:    3 21:52:18     -192.046675        1.260416
BFGS:    4 21:52:19     -196.788361        1.045917
BFGS:    5 21:52:19     -197.935803        1.380904
BFGS:    6 21:52:19     -198.626721        1.217845
BFGS:    7 21:52:19     -201.143050        0.691167
BFGS:    8 21:52:19     -201.398137        0.630514
BFGS:    9 21:52:19     -201.479549        0.606559
BFGS:   10 21:52:19     -201.637371        0.568912
BFGS:   11 21:52:19     -201.947776        0.524232
BFGS:   12 21:52:20     -202.390948        0.518690
BFGS:   13 21:52:20     -202.820826        0.440865
BFGS:   14 21:52:20     -203.173801        0.421190
BFGS:   15 21:52:20     -203.378623        0.413684
BFGS:   16 21:52:20     -203.429561        0.411569
BFGS:   17 21:52:20     -203.471215        0.405576
BFGS:   18 21:52:20     -203.582793        0.380909
BFGS:   19 21:52:20     -203.706440        0.346136
BFGS:   20 21:52:21     -203.836451        0.303181
BFGS:   21 21:52:21     -203.950129        0.253811
BFGS:   22 21:52:21     -203.991332        0.233314
BFGS:   23 21:52:21     -204.014847        0.228157
BFGS:   24 21:52:21     -204.039382        0.229754
BFGS:   25 21:52:21     -204.068610        0.234427
BFGS:   26 21:52:21     -204.133783        0.241178
BFGS:   27 21:52:21     -204.249040        0.240531
BFGS:   28 21:52:22     -204.370213        0.225533
BFGS:   29 21:52:22     -204.461581        0.205649
BFGS:   30 21:52:22     -204.540815        0.183367
BFGS:   31 21:52:22     -204.610374        0.160146
BFGS:   32 21:52:22     -204.669947        0.139255
BFGS:   33 21:52:22     -204.718996        0.119781
BFGS:   34 21:52:22     -204.757299        0.114771
BFGS:   35 21:52:22     -204.785245        0.113778
BFGS:   36 21:52:23     -204.804548        0.109464
BFGS:   37 21:52:23     -204.817895        0.101302
BFGS:   38 21:52:23     -204.839653        0.082777
BFGS:   39 21:52:23     -204.873891        0.075505
BFGS:   40 21:52:23     -204.902677        0.064500
BFGS:   41 21:52:23     -204.914577        0.055333
BFGS:   42 21:52:23     -204.918149        0.060669
BFGS:   43 21:52:24     -204.920303        0.061440
BFGS:   44 21:52:24     -204.922539        0.059571
BFGS:   45 21:52:24     -204.925408        0.055863
BFGS:   46 21:52:24     -204.929563        0.051489
BFGS:   47 21:52:24     -204.936096        0.048186
BFGS:   48 21:52:24     -204.944545        0.049080
BFGS:   49 21:52:24     -204.950921        0.054691
BFGS:   50 21:52:24     -204.953390        0.059671
BFGS:   51 21:52:25     -204.954531        0.061996
BFGS:   52 21:52:25     -204.956148        0.063623
BFGS:   53 21:52:25     -204.959883        0.064517
BFGS:   54 21:52:25     -204.966994        0.061870
BFGS:   55 21:52:25     -204.976402        0.052484
BFGS:   56 21:52:25     -204.982701        0.041437
BFGS:   57 21:52:25     -204.984622        0.036870
BFGS:   58 21:52:25     -204.984896        0.036712
BFGS:   59 21:52:26     -204.985125        0.036777
BFGS:   60 21:52:26     -204.985847        0.036751
BFGS:   61 21:52:26     -204.987365        0.036187
BFGS:   62 21:52:26     -204.990435        0.034228
BFGS:   63 21:52:26     -204.994586        0.034775
BFGS:   64 21:52:26     -204.997851        0.032145
BFGS:   65 21:52:26     -204.998965        0.028436
BFGS:   66 21:52:26     -204.999213        0.026864
BFGS:   67 21:52:27     -204.999484        0.025769
BFGS:   68 21:52:27     -205.000010        0.025328
BFGS:   69 21:52:27     -205.000775        0.025009
BFGS:   70 21:52:27     -205.001587        0.030544
BFGS:   71 21:52:27     -205.002229        0.037080
BFGS:   72 21:52:27     -205.002872        0.037007
BFGS:   73 21:52:27     -205.003945        0.035214
BFGS:   74 21:52:27     -205.005842        0.038720
BFGS:   75 21:52:28     -205.008243        0.040561
BFGS:   76 21:52:28     -205.009947        0.038938
BFGS:   77 21:52:28     -205.010718        0.036117
BFGS:   78 21:52:28     -205.011257        0.033922
BFGS:   79 21:52:28     -205.012332        0.030983
BFGS:   80 21:52:28     -205.014834        0.026860
BFGS:   81 21:52:28     -205.020220        0.025902
BFGS:   82 21:52:28     -205.028025        0.031277
BFGS:   83 21:52:29     -205.034292        0.036426
BFGS:   84 21:52:29     -205.039264        0.037249
BFGS:   85 21:52:29     -205.042377        0.033845
BFGS:   86 21:52:29     -205.043301        0.032337
BFGS:   87 21:52:29     -205.044081        0.034238
BFGS:   88 21:52:29     -205.045527        0.036049
BFGS:   89 21:52:29     -205.047324        0.036018
BFGS:   90 21:52:29     -205.049179        0.044915
BFGS:   91 21:52:30     -205.050800        0.058172
BFGS:   92 21:52:30     -205.052746        0.063706
BFGS:   93 21:52:30     -205.056067        0.063422
BFGS:   94 21:52:30     -205.062581        0.055171
BFGS:   95 21:52:30     -205.070595        0.040889
BFGS:   96 21:52:30     -205.077193        0.028209
BFGS:   97 21:52:30     -205.082392        0.027764
BFGS:   98 21:52:30     -205.085913        0.029422
BFGS:   99 21:52:31     -205.087687        0.030951
BFGS:  100 21:52:31     -205.088167        0.031358
BFGS:  101 21:52:31     -205.088808        0.031556
BFGS:  102 21:52:31     -205.089719        0.031986
BFGS:  103 21:52:31     -205.091484        0.032811
BFGS:  104 21:52:31     -205.094523        0.033035
BFGS:  105 21:52:31     -205.098705        0.041714
BFGS:  106 21:52:31     -205.101557        0.046553
BFGS:  107 21:52:32     -205.102994        0.039585
BFGS:  108 21:52:32     -205.104814        0.027542
BFGS:  109 21:52:32     -205.106715        0.027412
BFGS:  110 21:52:32     -205.109144        0.027540
BFGS:  111 21:52:32     -205.110556        0.034625
BFGS:  112 21:52:32     -205.111194        0.035044
BFGS:  113 21:52:32     -205.111679        0.030540
BFGS:  114 21:52:32     -205.112447        0.028391
BFGS:  115 21:52:33     -205.113362        0.028783
BFGS:  116 21:52:33     -205.114008        0.028115
BFGS:  117 21:52:33     -205.114261        0.027132
BFGS:  118 21:52:33     -205.114395        0.026474
BFGS:  119 21:52:33     -205.114638        0.025967
BFGS:  120 21:52:33     -205.115220        0.025316
BFGS:  121 21:52:33     -205.116556        0.023676
BFGS:  122 21:52:33     -205.119182        0.024496
BFGS:  123 21:52:34     -205.122837        0.027673
BFGS:  124 21:52:34     -205.125393        0.020487
BFGS:  125 21:52:34     -205.126055        0.016678
BFGS:  126 21:52:34     -205.126205        0.017901
BFGS:  127 21:52:34     -205.126354        0.018772
BFGS:  128 21:52:34     -205.126645        0.019630
BFGS:  129 21:52:34     -205.127116        0.019876
BFGS:  130 21:52:34     -205.127597        0.018762
BFGS:  131 21:52:35     -205.127845        0.016981
BFGS:  132 21:52:35     -205.127939        0.015913
BFGS:  133 21:52:35     -205.128029        0.015585
BFGS:  134 21:52:35     -205.128256        0.015493
BFGS:  135 21:52:35     -205.128808        0.015246
BFGS:  136 21:52:35     -205.130153        0.014637
BFGS:  137 21:52:35     -205.133043        0.024051
BFGS:  138 21:52:35     -205.137490        0.030971
BFGS:  139 21:52:36     -205.142284        0.032061
BFGS:  140 21:52:36     -205.146110        0.027385
BFGS:  141 21:52:36     -205.147365        0.018210
BFGS:  142 21:52:36     -205.147787        0.014905
BFGS:  143 21:52:36     -205.148120        0.014829
BFGS:  144 21:52:36     -205.148829        0.013315
BFGS:  145 21:52:36     -205.150019        0.012798
BFGS:  146 21:52:36     -205.151377        0.013901
BFGS:  147 21:52:37     -205.152083        0.013204
BFGS:  148 21:52:37     -205.152275        0.012686
BFGS:  149 21:52:37     -205.152357        0.012841
BFGS:  150 21:52:37     -205.152532        0.012966
BFGS:  151 21:52:37     -205.152846        0.013134
BFGS:  152 21:52:37     -205.153182        0.013208
BFGS:  153 21:52:37     -205.153358        0.013149
BFGS:  154 21:52:37     -205.153401        0.013067
BFGS:  155 21:52:38     -205.153417        0.013024
BFGS:  156 21:52:38     -205.153452        0.012954
BFGS:  157 21:52:38     -205.153527        0.012842
BFGS:  158 21:52:38     -205.153671        0.012673
BFGS:  159 21:52:38     -205.153884        0.019566
BFGS:  160 21:52:38     -205.154109        0.025225
BFGS:  161 21:52:38     -205.154302        0.025366
BFGS:  162 21:52:38     -205.154502        0.022035
BFGS:  163 21:52:39     -205.154759        0.014610
BFGS:  164 21:52:39     -205.155030        0.011780
BFGS:  165 21:52:39     -205.155219        0.012694
BFGS:  166 21:52:39     -205.155335        0.013706
BFGS:  167 21:52:39     -205.155477        0.013646
BFGS:  168 21:52:39     -205.155786        0.014148
BFGS:  169 21:52:39     -205.156440        0.014006
BFGS:  170 21:52:40     -205.157570        0.017577
BFGS:  171 21:52:40     -205.158790        0.020450
BFGS:  172 21:52:40     -205.159453        0.017024
BFGS:  173 21:52:40     -205.159657        0.013350
BFGS:  174 21:52:40     -205.159772        0.010965
BFGS:  175 21:52:40     -205.159987        0.009956
BFGS:  176 21:52:44     -205.160313        0.013726
BFGS:  177 21:52:44     -205.160685        0.027077
BFGS:  178 21:52:44     -205.160985        0.033749
BFGS:  179 21:52:44     -205.161249        0.033796
BFGS:  180 21:52:44     -205.161583        0.029016
BFGS:  181 21:52:45     -205.162007        0.018337
BFGS:  182 21:52:45     -205.162333        0.010692
BFGS:  183 21:52:45     -205.162464        0.012019
BFGS:  184 21:52:45     -205.162511        0.010438
BFGS:  185 21:52:45     -205.162561        0.007195
BFGS:  186 21:52:45     -205.162647        0.006924
BFGS:  187 21:52:45     -205.162753        0.010393
BFGS:  188 21:52:45     -205.162843        0.016170
BFGS:  189 21:52:46     -205.162906        0.017171
BFGS:  190 21:52:46     -205.162974        0.014947
BFGS:  191 21:52:46     -205.163071        0.010663
BFGS:  192 21:52:46     -205.163187        0.007680
BFGS:  193 21:52:46     -205.163271        0.007702
BFGS:  194 21:52:46     -205.163304        0.007558
BFGS:  195 21:52:46     -205.163317        0.007440
BFGS:  196 21:52:47     -205.163328        0.007325
BFGS:  197 21:52:47     -205.163344        0.007227
BFGS:  198 21:52:47     -205.163366        0.007161
BFGS:  199 21:52:47     -205.163396        0.007170
BFGS:  200 21:52:47     -205.163435        0.007254
BFGS:  201 21:52:47     -205.163476        0.009594
BFGS:  202 21:52:47     -205.163515        0.010621
BFGS:  203 21:52:47     -205.163571        0.010700
BFGS:  204 21:52:48     -205.163676        0.010792
BFGS:  205 21:52:48     -205.163839        0.009486
BFGS:  206 21:52:48     -205.164006        0.010611
BFGS:  207 21:52:48     -205.164101        0.010456
BFGS:  208 21:52:48     -205.164141        0.008916
BFGS:  209 21:52:48     -205.164172        0.007249
BFGS:  210 21:52:48     -205.164224        0.007061
BFGS:  211 21:52:48     -205.164299        0.008171
BFGS:  212 21:52:49     -205.164380        0.012820
BFGS:  213 21:52:49     -205.164452        0.014775
BFGS:  214 21:52:49     -205.164541        0.015982
BFGS:  215 21:52:49     -205.164711        0.018200
BFGS:  216 21:52:49     -205.165065        0.020464
BFGS:  217 21:52:49     -205.165716        0.022271
BFGS:  218 21:52:49     -205.166535        0.032396
BFGS:  219 21:52:49     -205.167046        0.036350
BFGS:  220 21:52:50     -205.167427        0.033869
BFGS:  221 21:52:50     -205.167785        0.027933
BFGS:  222 21:52:50     -205.168202        0.019121
BFGS:  223 21:52:50     -205.168784        0.015940
BFGS:  224 21:52:50     -205.169309        0.025998
BFGS:  225 21:52:50     -205.169700        0.031264
BFGS:  226 21:52:50     -205.170098        0.032777
BFGS:  227 21:52:50     -205.170702        0.031155
BFGS:  228 21:52:51     -205.171711        0.026090
BFGS:  229 21:52:51     -205.172945        0.018670
BFGS:  230 21:52:51     -205.174216        0.027777
BFGS:  231 21:52:51     -205.175134        0.033112
BFGS:  232 21:52:51     -205.175918        0.036176
BFGS:  233 21:52:51     -205.176410        0.033657
BFGS:  234 21:52:51     -205.177078        0.024848
BFGS:  235 21:52:51     -205.177687        0.017259
BFGS:  236 21:52:52     -205.178105        0.014401
BFGS:  237 21:52:52     -205.178563        0.013956
BFGS:  238 21:52:52     -205.179244        0.014447
BFGS:  239 21:52:52     -205.179929        0.016459
BFGS:  240 21:52:52     -205.180422        0.012271
BFGS:  241 21:52:52     -205.181602        0.013812
BFGS:  242 21:52:52     -205.181532        0.015591
BFGS:  243 21:52:52     -205.182722        0.012806
BFGS:  244 21:52:53     -205.183065        0.012852
BFGS:  245 21:52:53     -205.184352        0.020105
BFGS:  246 21:52:53     -205.185375        0.024569
BFGS:  247 21:52:53     -205.186669        0.026408
BFGS:  248 21:52:53     -205.187587        0.034421
BFGS:  249 21:52:53     -205.187930        0.034352
BFGS:  250 21:52:53     -205.188365        0.032761
BFGS:  251 21:52:53     -205.188758        0.024475
BFGS:  252 21:52:54     -205.189163        0.011945
BFGS:  253 21:52:54     -205.189410        0.010039
BFGS:  254 21:52:54     -205.189550        0.013068
BFGS:  255 21:52:54     -205.189651        0.013372
BFGS:  256 21:52:54     -205.189779        0.011642
BFGS:  257 21:52:54     -205.190012        0.009328
BFGS:  258 21:52:54     -205.190088        0.007598
BFGS:  259 21:52:54     -205.190195        0.006094
BFGS:  260 21:52:55     -205.190257        0.005277
BFGS:  261 21:52:58     -205.190292        0.004394
BFGS:  262 21:52:59     -205.190322        0.003375
BFGS:  263 21:52:59     -205.190374        0.003487
BFGS:  264 21:52:59     -205.190425        0.004604
BFGS:  265 21:52:59     -205.190461        0.005443
BFGS:  266 21:52:59     -205.190479        0.005953
BFGS:  267 21:52:59     -205.190494        0.005857
BFGS:  268 21:52:59     -205.190516        0.005133
BFGS:  269 21:52:59     -205.190547        0.003571
BFGS:  270 21:53:00     -205.190576        0.003030
BFGS:  271 21:53:00     -205.190592        0.002781
BFGS:  272 21:53:00     -205.190597        0.002707
BFGS:  273 21:53:00     -205.190599        0.002724
BFGS:  274 21:53:00     -205.190603        0.002738
BFGS:  275 21:53:00     -205.190607        0.002736
BFGS:  276 21:53:00     -205.190611        0.002719
BFGS:  277 21:53:01     -205.190613        0.002697
BFGS:  278 21:53:04     -205.190615        0.002684
BFGS:  279 21:53:05     -205.190616        0.002677
BFGS:  280 21:53:05     -205.190619        0.002674
BFGS:  281 21:53:05     -205.190622        0.002674
BFGS:  282 21:53:05     -205.190627        0.002676
BFGS:  283 21:53:05     -205.190630        0.003079
BFGS:  284 21:53:05     -205.190633        0.003102
BFGS:  285 21:53:05     -205.190637        0.002814
BFGS:  286 21:53:05     -205.190644        0.002744
BFGS:  287 21:53:06     -205.190659        0.002629
BFGS:  288 21:53:06     -205.190682        0.004179
BFGS:  289 21:53:06     -205.190707        0.005056
BFGS:  290 21:53:06     -205.190725        0.005822
BFGS:  291 21:53:06     -205.190740        0.005834
BFGS:  292 21:53:06     -205.190763        0.004939
BFGS:  293 21:53:06     -205.190798        0.003901
BFGS:  294 21:53:06     -205.190838        0.004988
BFGS:  295 21:53:07     -205.190867        0.006160
BFGS:  296 21:53:07     -205.190886        0.006020
BFGS:  297 21:53:07     -205.190909        0.005493
BFGS:  298 21:53:07     -205.190950        0.004990
BFGS:  299 21:53:07     -205.191014        0.006494
BFGS:  300 21:53:07     -205.191081        0.008205
BFGS:  301 21:53:07     -205.191128        0.009551
BFGS:  302 21:53:08     -205.191162        0.008502
BFGS:  303 21:53:08     -205.191205        0.006486
BFGS:  304 21:53:08     -205.191263        0.004737
BFGS:  305 21:53:08     -205.191317        0.005369
BFGS:  306 21:53:08     -205.191346        0.006617
BFGS:  307 21:53:08     -205.191363        0.006009
BFGS:  308 21:53:08     -205.191386        0.005716
BFGS:  309 21:53:08     -205.191428        0.004860
BFGS:  310 21:53:09     -205.191483        0.004846
BFGS:  311 21:53:09     -205.191524        0.005135
BFGS:  312 21:53:09     -205.191538        0.004623
BFGS:  313 21:53:09     -205.191543        0.003636
BFGS:  314 21:53:09     -205.191548        0.002288
BFGS:  315 21:53:09     -205.191555        0.001766
BFGS:  316 21:53:09     -205.191561        0.001933
BFGS:  317 21:53:09     -205.191564        0.002652
BFGS:  318 21:53:10     -205.191566        0.002638
BFGS:  319 21:53:10     -205.191568        0.002245
BFGS:  320 21:53:10     -205.191571        0.001436
BFGS:  321 21:53:10     -205.191574        0.000751
