      Step     Time          Energy          fmax
BFGS:    0 15:13:57      -19.365474        4.452608
BFGS:    1 15:13:57      -20.419662        3.349220
BFGS:    2 15:13:57      -22.510710        1.470071
BFGS:    3 15:13:57      -23.195941        0.957753
BFGS:    4 15:13:57      -23.450912        0.846632
BFGS:    5 15:13:57      -23.565940        0.828267
BFGS:    6 15:13:57      -23.670791        0.866408
BFGS:    7 15:13:57      -23.835925        0.895470
BFGS:    8 15:13:57      -24.081631        0.833189
BFGS:    9 15:13:57      -24.341523        0.844799
BFGS:   10 15:13:57      -24.445147        0.830672
BFGS:   11 15:13:57      -24.496608        0.659348
BFGS:   12 15:13:58      -24.565970        0.419051
BFGS:   13 15:13:58      -24.649335        0.359615
BFGS:   14 15:13:58      -24.729129        0.555655
BFGS:   15 15:13:58      -24.771078        0.622777
BFGS:   16 15:13:58      -24.805134        0.594862
BFGS:   17 15:13:58      -24.860309        0.594154
BFGS:   18 15:13:58      -24.938114        0.452469
BFGS:   19 15:13:58      -25.000116        0.407217
BFGS:   20 15:13:58      -25.032420        0.400647
BFGS:   21 15:13:58      -25.053290        0.343242
BFGS:   22 15:13:58      -25.063137        0.288989
BFGS:   23 15:13:58      -25.082601        0.250687
BFGS:   24 15:13:58      -25.113562        0.263968
BFGS:   25 15:13:58      -25.147877        0.330286
BFGS:   26 15:13:58      -25.168619        0.298530
BFGS:   27 15:13:58      -25.177425        0.258163
BFGS:   28 15:13:58      -25.189427        0.263572
BFGS:   29 15:13:58      -25.214149        0.319763
BFGS:   30 15:13:58      -25.250376        0.458290
BFGS:   31 15:13:58      -25.283923        0.574224
BFGS:   32 15:13:58      -25.305704        0.552718
BFGS:   33 15:13:58      -25.325903        0.472462
BFGS:   34 15:13:58      -25.343958        0.347984
BFGS:   35 15:13:58      -25.366066        0.257924
BFGS:   36 15:13:58      -25.386959        0.256425
BFGS:   37 15:13:58      -25.397837        0.324886
BFGS:   38 15:13:58      -25.405842        0.327646
BFGS:   39 15:13:58      -25.428915        0.302847
BFGS:   40 15:13:58      -25.452178        0.268916
BFGS:   41 15:13:58      -25.486541        0.277374
BFGS:   42 15:13:58      -25.520061        0.335535
BFGS:   43 15:13:58      -25.534059        0.365228
BFGS:   44 15:13:58      -25.542518        0.352675
BFGS:   45 15:13:58      -25.550776        0.317245
BFGS:   46 15:13:58      -25.569499        0.210119
BFGS:   47 15:13:59      -25.590945        0.198505
BFGS:   48 15:13:59      -25.607123        0.152950
BFGS:   49 15:13:59      -25.611900        0.149796
BFGS:   50 15:13:59      -25.615261        0.153074
BFGS:   51 15:13:59      -25.623022        0.153315
BFGS:   52 15:13:59      -25.635556        0.185132
BFGS:   53 15:13:59      -25.653333        0.187043
BFGS:   54 15:13:59      -25.669893        0.186691
BFGS:   55 15:13:59      -25.677995        0.153351
BFGS:   56 15:13:59      -25.680508        0.134524
BFGS:   57 15:13:59      -25.685129        0.125891
BFGS:   58 15:13:59      -25.693665        0.123195
BFGS:   59 15:13:59      -25.708424        0.152307
BFGS:   60 15:13:59      -25.722161        0.161057
BFGS:   61 15:13:59      -25.728928        0.168162
BFGS:   62 15:13:59      -25.731817        0.151164
BFGS:   63 15:13:59      -25.734144        0.136431
BFGS:   64 15:13:59      -25.739903        0.108462
BFGS:   65 15:13:59      -25.746755        0.105067
BFGS:   66 15:13:59      -25.751473        0.112206
BFGS:   67 15:13:59      -25.753178        0.116882
BFGS:   68 15:13:59      -25.754403        0.118697
BFGS:   69 15:13:59      -25.756603        0.118056
BFGS:   70 15:13:59      -25.760785        0.111327
BFGS:   71 15:13:59      -25.767134        0.087418
BFGS:   72 15:13:59      -25.772318        0.080808
BFGS:   73 15:13:59      -25.774432        0.071997
BFGS:   74 15:13:59      -25.775083        0.057654
BFGS:   75 15:13:59      -25.775617        0.055726
BFGS:   76 15:13:59      -25.776876        0.064386
BFGS:   77 15:13:59      -25.778763        0.067432
BFGS:   78 15:13:59      -25.780741        0.054033
BFGS:   79 15:13:59      -25.781774        0.045136
BFGS:   80 15:13:59      -25.782095        0.040080
BFGS:   81 15:13:59      -25.782309        0.033686
BFGS:   82 15:14:00      -25.782778        0.032397
BFGS:   83 15:14:00      -25.783563        0.034113
BFGS:   84 15:14:00      -25.784521        0.040465
BFGS:   85 15:14:00      -25.785093        0.050164
BFGS:   86 15:14:00      -25.785342        0.046967
BFGS:   87 15:14:00      -25.785554        0.040321
BFGS:   88 15:14:00      -25.785960        0.039695
BFGS:   89 15:14:00      -25.786778        0.045239
BFGS:   90 15:14:00      -25.788040        0.041671
BFGS:   91 15:14:00      -25.789177        0.037213
BFGS:   92 15:14:00      -25.789686        0.028687
BFGS:   93 15:14:00      -25.789827        0.028453
BFGS:   94 15:14:00      -25.789946        0.027003
BFGS:   95 15:14:00      -25.790247        0.024817
BFGS:   96 15:14:00      -25.790800        0.025699
BFGS:   97 15:14:00      -25.791585        0.033362
BFGS:   98 15:14:00      -25.792173        0.029281
BFGS:   99 15:14:00      -25.792391        0.023930
BFGS:  100 15:14:00      -25.792463        0.022874
BFGS:  101 15:14:00      -25.792556        0.020496
BFGS:  102 15:14:00      -25.792744        0.018527
BFGS:  103 15:14:00      -25.793020        0.017572
BFGS:  104 15:14:00      -25.793259        0.016944
BFGS:  105 15:14:00      -25.793350        0.013798
BFGS:  106 15:14:00      -25.793373        0.012331
BFGS:  107 15:14:00      -25.793394        0.010939
BFGS:  108 15:14:00      -25.793441        0.009532
BFGS:  109 15:14:00      -25.793513        0.010860
BFGS:  110 15:14:00      -25.793584        0.007987
BFGS:  111 15:14:00      -25.793616        0.006791
BFGS:  112 15:14:00      -25.793624        0.005963
BFGS:  113 15:14:00      -25.793629        0.005432
BFGS:  114 15:14:00      -25.793640        0.005086
BFGS:  115 15:14:00      -25.793658        0.005849
BFGS:  116 15:14:00      -25.793678        0.005188
BFGS:  117 15:14:01      -25.793688        0.004654
BFGS:  118 15:14:01      -25.793691        0.004116
BFGS:  119 15:14:01      -25.793693        0.003650
BFGS:  120 15:14:01      -25.793698        0.003664
BFGS:  121 15:14:01      -25.793707        0.003517
BFGS:  122 15:14:01      -25.793720        0.004141
BFGS:  123 15:14:01      -25.793732        0.003721
BFGS:  124 15:14:01      -25.793737        0.002993
BFGS:  125 15:14:01      -25.793739        0.003120
BFGS:  126 15:14:01      -25.793741        0.003320
BFGS:  127 15:14:01      -25.793745        0.003431
BFGS:  128 15:14:01      -25.793754        0.003257
BFGS:  129 15:14:01      -25.793766        0.003583
BFGS:  130 15:14:01      -25.793776        0.003729
BFGS:  131 15:14:01      -25.793780        0.003435
BFGS:  132 15:14:01      -25.793781        0.003042
BFGS:  133 15:14:01      -25.793782        0.002874
BFGS:  134 15:14:01      -25.793785        0.003094
BFGS:  135 15:14:01      -25.793790        0.003088
BFGS:  136 15:14:01      -25.793796        0.002321
BFGS:  137 15:14:01      -25.793800        0.002222
BFGS:  138 15:14:01      -25.793801        0.002508
BFGS:  139 15:14:01      -25.793801        0.002477
BFGS:  140 15:14:01      -25.793802        0.002242
BFGS:  141 15:14:01      -25.793803        0.001658
BFGS:  142 15:14:01      -25.793805        0.001085
BFGS:  143 15:14:01      -25.793806        0.000750
