      Step     Time          Energy          fmax
BFGS:    0 21:54:04     -180.113902        1.362088
BFGS:    1 21:54:04     -181.092045        1.326605
BFGS:    2 21:54:04     -189.561080        1.076663
BFGS:    3 21:54:04     -195.716264        0.940721
BFGS:    4 21:54:04     -198.717873        1.151965
BFGS:    5 21:54:04     -199.294718        1.312798
BFGS:    6 21:54:05     -201.212155        1.291839
BFGS:    7 21:54:05     -202.828239        0.827496
BFGS:    8 21:54:05     -204.052047        0.213219
BFGS:    9 21:54:05     -204.237812        0.153362
BFGS:   10 21:54:05     -204.261332        0.138605
BFGS:   11 21:54:05     -204.276116        0.129895
BFGS:   12 21:54:05     -204.333585        0.181722
BFGS:   13 21:54:05     -204.431899        0.218850
BFGS:   14 21:54:06     -204.578901        0.202001
BFGS:   15 21:54:06     -204.690548        0.105539
BFGS:   16 21:54:06     -204.726927        0.100417
BFGS:   17 21:54:06     -204.736641        0.095459
BFGS:   18 21:54:06     -204.745773        0.086630
BFGS:   19 21:54:06     -204.760359        0.080443
BFGS:   20 21:54:06     -204.789664        0.078908
BFGS:   21 21:54:07     -204.828646        0.075367
BFGS:   22 21:54:07     -204.855093        0.072032
BFGS:   23 21:54:07     -204.862316        0.071142
BFGS:   24 21:54:07     -204.863861        0.071031
BFGS:   25 21:54:07     -204.865109        0.070773
BFGS:   26 21:54:07     -204.868314        0.069464
BFGS:   27 21:54:07     -204.875163        0.065575
BFGS:   28 21:54:07     -204.888438        0.056408
BFGS:   29 21:54:08     -204.906611        0.052318
BFGS:   30 21:54:08     -204.922099        0.056425
BFGS:   31 21:54:08     -204.928312        0.058442
BFGS:   32 21:54:08     -204.930411        0.058023
BFGS:   33 21:54:08     -204.933489        0.056323
BFGS:   34 21:54:08     -204.939871        0.052032
BFGS:   35 21:54:08     -204.950830        0.043678
BFGS:   36 21:54:08     -204.962666        0.038833
BFGS:   37 21:54:09     -204.968960        0.040066
BFGS:   38 21:54:09     -204.970242        0.039077
BFGS:   39 21:54:09     -204.970619        0.038633
BFGS:   40 21:54:09     -204.971421        0.038154
BFGS:   41 21:54:09     -204.973119        0.038023
BFGS:   42 21:54:09     -204.976267        0.039140
BFGS:   43 21:54:09     -204.979982        0.041852
BFGS:   44 21:54:09     -204.982313        0.044160
BFGS:   45 21:54:10     -204.983173        0.044788
BFGS:   46 21:54:10     -204.983711        0.044782
BFGS:   47 21:54:10     -204.984860        0.044581
BFGS:   48 21:54:10     -204.987387        0.044124
BFGS:   49 21:54:10     -204.992186        0.043198
BFGS:   50 21:54:10     -204.998245        0.042683
BFGS:   51 21:54:10     -205.002242        0.050777
BFGS:   52 21:54:10     -205.003828        0.045624
BFGS:   53 21:54:11     -205.004713        0.037424
BFGS:   54 21:54:11     -205.005913        0.037189
BFGS:   55 21:54:11     -205.007397        0.036740
BFGS:   56 21:54:11     -205.008511        0.036224
BFGS:   57 21:54:11     -205.009060        0.035928
BFGS:   58 21:54:11     -205.009513        0.035742
BFGS:   59 21:54:11     -205.010509        0.035349
BFGS:   60 21:54:11     -205.012640        0.034471
BFGS:   61 21:54:12     -205.016529        0.032506
BFGS:   62 21:54:12     -205.020995        0.029422
BFGS:   63 21:54:12     -205.023536        0.027036
BFGS:   64 21:54:12     -205.024266        0.026625
BFGS:   65 21:54:12     -205.024560        0.026710
BFGS:   66 21:54:12     -205.025111        0.026752
BFGS:   67 21:54:12     -205.026348        0.026384
BFGS:   68 21:54:12     -205.028789        0.025150
BFGS:   69 21:54:13     -205.032281        0.041718
BFGS:   70 21:54:13     -205.035257        0.053063
BFGS:   71 21:54:13     -205.036944        0.052549
BFGS:   72 21:54:13     -205.038229        0.044589
BFGS:   73 21:54:13     -205.039942        0.033236
BFGS:   74 21:54:13     -205.042257        0.034755
BFGS:   75 21:54:13     -205.044367        0.034876
BFGS:   76 21:54:13     -205.045575        0.033835
BFGS:   77 21:54:14     -205.046325        0.032833
BFGS:   78 21:54:14     -205.047551        0.031645
BFGS:   79 21:54:14     -205.050143        0.030247
BFGS:   80 21:54:14     -205.054493        0.029461
BFGS:   81 21:54:14     -205.059059        0.031035
BFGS:   82 21:54:14     -205.061506        0.031849
BFGS:   83 21:54:14     -205.062173        0.032516
BFGS:   84 21:54:14     -205.062462        0.033244
BFGS:   85 21:54:15     -205.063028        0.034224
BFGS:   86 21:54:15     -205.064181        0.035282
BFGS:   87 21:54:15     -205.066183        0.035945
BFGS:   88 21:54:15     -205.068673        0.060606
BFGS:   89 21:54:15     -205.071010        0.076350
BFGS:   90 21:54:15     -205.073374        0.080741
BFGS:   91 21:54:15     -205.076964        0.076699
BFGS:   92 21:54:15     -205.083314        0.062258
BFGS:   93 21:54:16     -205.089505        0.045460
BFGS:   94 21:54:16     -205.095183        0.029288
BFGS:   95 21:54:16     -205.099596        0.030330
BFGS:   96 21:54:16     -205.100686        0.030596
BFGS:   97 21:54:16     -205.101001        0.030596
BFGS:   98 21:54:16     -205.101309        0.030500
BFGS:   99 21:54:16     -205.101956        0.030351
BFGS:  100 21:54:16     -205.102956        0.030047
BFGS:  101 21:54:17     -205.103916        0.029736
BFGS:  102 21:54:17     -205.104361        0.029503
BFGS:  103 21:54:17     -205.104533        0.029397
BFGS:  104 21:54:17     -205.104727        0.029195
BFGS:  105 21:54:17     -205.105195        0.028716
BFGS:  106 21:54:17     -205.106254        0.027416
BFGS:  107 21:54:17     -205.108370        0.024756
BFGS:  108 21:54:17     -205.111368        0.023166
BFGS:  109 21:54:18     -205.113774        0.020660
BFGS:  110 21:54:18     -205.114572        0.020093
BFGS:  111 21:54:18     -205.114729        0.019902
BFGS:  112 21:54:18     -205.114876        0.019758
BFGS:  113 21:54:18     -205.115247        0.019596
BFGS:  114 21:54:18     -205.116031        0.019371
BFGS:  115 21:54:18     -205.117368        0.019254
BFGS:  116 21:54:18     -205.118793        0.019328
BFGS:  117 21:54:19     -205.119656        0.020041
BFGS:  118 21:54:19     -205.120105        0.020098
BFGS:  119 21:54:19     -205.120664        0.020956
BFGS:  120 21:54:19     -205.121970        0.024253
BFGS:  121 21:54:19     -205.124826        0.028005
BFGS:  122 21:54:19     -205.129830        0.028209
BFGS:  123 21:54:19     -205.135405        0.029108
BFGS:  124 21:54:19     -205.140681        0.024603
BFGS:  125 21:54:20     -205.143507        0.024288
BFGS:  126 21:54:20     -205.144138        0.023493
BFGS:  127 21:54:20     -205.144390        0.022725
BFGS:  128 21:54:20     -205.144695        0.022003
BFGS:  129 21:54:20     -205.145364        0.021542
BFGS:  130 21:54:20     -205.146385        0.021675
BFGS:  131 21:54:20     -205.147257        0.022892
BFGS:  132 21:54:20     -205.147606        0.024032
BFGS:  133 21:54:21     -205.147710        0.024435
BFGS:  134 21:54:21     -205.147801        0.024563
BFGS:  135 21:54:21     -205.148022        0.024534
BFGS:  136 21:54:21     -205.148414        0.024163
BFGS:  137 21:54:21     -205.148937        0.023393
BFGS:  138 21:54:21     -205.149311        0.022561
BFGS:  139 21:54:21     -205.149463        0.022214
BFGS:  140 21:54:21     -205.149532        0.022169
BFGS:  141 21:54:22     -205.149635        0.022178
BFGS:  142 21:54:22     -205.149864        0.022028
BFGS:  143 21:54:22     -205.150313        0.021447
BFGS:  144 21:54:22     -205.151014        0.034766
BFGS:  145 21:54:22     -205.151784        0.049696
BFGS:  146 21:54:22     -205.152487        0.054319
BFGS:  147 21:54:22     -205.153265        0.049495
BFGS:  148 21:54:22     -205.154246        0.034708
BFGS:  149 21:54:23     -205.155190        0.014688
BFGS:  150 21:54:23     -205.155748        0.013890
BFGS:  151 21:54:23     -205.155957        0.014046
BFGS:  152 21:54:23     -205.156016        0.013973
BFGS:  153 21:54:23     -205.156083        0.013879
BFGS:  154 21:54:23     -205.156244        0.013872
BFGS:  155 21:54:23     -205.156526        0.014011
BFGS:  156 21:54:24     -205.156884        0.019578
BFGS:  157 21:54:24     -205.157125        0.019239
BFGS:  158 21:54:24     -205.157242        0.015122
BFGS:  159 21:54:24     -205.157320        0.015136
BFGS:  160 21:54:24     -205.157410        0.015187
BFGS:  161 21:54:24     -205.157511        0.015120
BFGS:  162 21:54:24     -205.157587        0.015133
BFGS:  163 21:54:24     -205.157634        0.015045
BFGS:  164 21:54:25     -205.157682        0.015049
BFGS:  165 21:54:25     -205.157786        0.014934
BFGS:  166 21:54:25     -205.157990        0.014832
BFGS:  167 21:54:25     -205.158291        0.014987
BFGS:  168 21:54:25     -205.158539        0.015419
BFGS:  169 21:54:25     -205.158665        0.016279
BFGS:  170 21:54:25     -205.158741        0.014653
BFGS:  171 21:54:25     -205.158838        0.013570
BFGS:  172 21:54:26     -205.158992        0.013363
BFGS:  173 21:54:26     -205.159169        0.012966
BFGS:  174 21:54:26     -205.159315        0.018100
BFGS:  175 21:54:26     -205.159424        0.021894
BFGS:  176 21:54:26     -205.159554        0.022622
BFGS:  177 21:54:26     -205.159847        0.020915
BFGS:  178 21:54:26     -205.160428        0.014788
BFGS:  179 21:54:26     -205.161180        0.017602
BFGS:  180 21:54:27     -205.161647        0.017119
BFGS:  181 21:54:27     -205.161832        0.012270
BFGS:  182 21:54:27     -205.161916        0.011684
BFGS:  183 21:54:27     -205.162008        0.009680
BFGS:  184 21:54:27     -205.162157        0.007154
BFGS:  185 21:54:27     -205.162325        0.010311
BFGS:  186 21:54:27     -205.162473        0.016001
BFGS:  187 21:54:27     -205.162582        0.017763
BFGS:  188 21:54:28     -205.162671        0.016472
BFGS:  189 21:54:28     -205.162842        0.012465
BFGS:  190 21:54:28     -205.163160        0.011107
BFGS:  191 21:54:28     -205.163466        0.011408
BFGS:  192 21:54:28     -205.163601        0.012722
BFGS:  193 21:54:28     -205.163662        0.010665
BFGS:  194 21:54:28     -205.163711        0.008517
BFGS:  195 21:54:28     -205.163772        0.008123
BFGS:  196 21:54:29     -205.163839        0.008352
BFGS:  197 21:54:29     -205.163888        0.008753
BFGS:  198 21:54:29     -205.163912        0.009082
BFGS:  199 21:54:29     -205.163925        0.009200
BFGS:  200 21:54:29     -205.163954        0.009334
BFGS:  201 21:54:29     -205.163995        0.009377
BFGS:  202 21:54:29     -205.164038        0.009293
BFGS:  203 21:54:29     -205.164067        0.009138
BFGS:  204 21:54:30     -205.164096        0.008997
BFGS:  205 21:54:30     -205.164147        0.009576
BFGS:  206 21:54:30     -205.164253        0.010234
BFGS:  207 21:54:30     -205.164450        0.009582
BFGS:  208 21:54:30     -205.164729        0.011569
BFGS:  209 21:54:30     -205.165012        0.015054
BFGS:  210 21:54:30     -205.165163        0.015337
BFGS:  211 21:54:30     -205.165218        0.013413
BFGS:  212 21:54:31     -205.165330        0.009402
BFGS:  213 21:54:31     -205.165463        0.009317
BFGS:  214 21:54:31     -205.165647        0.009190
BFGS:  215 21:54:31     -205.165758        0.011485
BFGS:  216 21:54:31     -205.165832        0.011362
BFGS:  217 21:54:31     -205.165921        0.010039
BFGS:  218 21:54:31     -205.166108        0.010226
BFGS:  219 21:54:31     -205.166494        0.012027
BFGS:  220 21:54:32     -205.167136        0.015675
BFGS:  221 21:54:32     -205.168058        0.021513
BFGS:  222 21:54:32     -205.168915        0.025337
BFGS:  223 21:54:32     -205.169254        0.023411
BFGS:  224 21:54:32     -205.169558        0.022979
BFGS:  225 21:54:32     -205.169989        0.020763
BFGS:  226 21:54:32     -205.170695        0.014930
BFGS:  227 21:54:32     -205.171452        0.024080
BFGS:  228 21:54:33     -205.171936        0.030768
BFGS:  229 21:54:33     -205.172288        0.030089
BFGS:  230 21:54:33     -205.172682        0.026722
BFGS:  231 21:54:33     -205.173310        0.019174
BFGS:  232 21:54:33     -205.174325        0.014063
BFGS:  233 21:54:33     -205.175345        0.015100
BFGS:  234 21:54:33     -205.176072        0.021199
BFGS:  235 21:54:33     -205.176545        0.021844
BFGS:  236 21:54:34     -205.176844        0.018849
BFGS:  237 21:54:34     -205.177090        0.016511
BFGS:  238 21:54:34     -205.177786        0.012163
BFGS:  239 21:54:34     -205.178725        0.019768
BFGS:  240 21:54:34     -205.179625        0.025123
BFGS:  241 21:54:34     -205.180326        0.024679
BFGS:  242 21:54:34     -205.181097        0.026387
BFGS:  243 21:54:34     -205.182379        0.027815
BFGS:  244 21:54:35     -205.183991        0.027134
BFGS:  245 21:54:35     -205.184776        0.025748
BFGS:  246 21:54:35     -205.185304        0.021544
BFGS:  247 21:54:35     -205.185556        0.015660
BFGS:  248 21:54:35     -205.185658        0.009784
BFGS:  249 21:54:35     -205.185783        0.009255
BFGS:  250 21:54:35     -205.185879        0.008881
BFGS:  251 21:54:35     -205.186182        0.008483
BFGS:  252 21:54:36     -205.186398        0.010998
BFGS:  253 21:54:36     -205.186657        0.022175
BFGS:  254 21:54:36     -205.186804        0.026631
BFGS:  255 21:54:36     -205.186941        0.026628
BFGS:  256 21:54:36     -205.187133        0.021841
BFGS:  257 21:54:36     -205.187404        0.011644
BFGS:  258 21:54:36     -205.187619        0.010683
BFGS:  259 21:54:37     -205.187706        0.008879
BFGS:  260 21:54:37     -205.187732        0.007538
BFGS:  261 21:54:37     -205.187754        0.006118
BFGS:  262 21:54:37     -205.187789        0.004247
BFGS:  263 21:54:37     -205.187827        0.003508
BFGS:  264 21:54:37     -205.187849        0.003751
BFGS:  265 21:54:37     -205.187858        0.003947
BFGS:  266 21:54:37     -205.187862        0.004045
BFGS:  267 21:54:38     -205.187868        0.004112
BFGS:  268 21:54:38     -205.187875        0.004122
BFGS:  269 21:54:38     -205.187882        0.004054
BFGS:  270 21:54:38     -205.187887        0.003960
BFGS:  271 21:54:38     -205.187891        0.003894
BFGS:  272 21:54:38     -205.187895        0.003850
BFGS:  273 21:54:38     -205.187903        0.003831
BFGS:  274 21:54:38     -205.187916        0.003851
BFGS:  275 21:54:39     -205.187931        0.003964
BFGS:  276 21:54:39     -205.187943        0.005128
BFGS:  277 21:54:39     -205.187952        0.005361
BFGS:  278 21:54:39     -205.187961        0.004907
BFGS:  279 21:54:39     -205.187976        0.003953
BFGS:  280 21:54:39     -205.187996        0.003890
BFGS:  281 21:54:39     -205.188018        0.004037
BFGS:  282 21:54:40     -205.188032        0.004763
BFGS:  283 21:54:40     -205.188041        0.004500
BFGS:  284 21:54:40     -205.188051        0.003906
BFGS:  285 21:54:43     -205.188070        0.003961
BFGS:  286 21:54:44     -205.188098        0.004308
BFGS:  287 21:54:44     -205.188127        0.005655
BFGS:  288 21:54:44     -205.188145        0.006317
BFGS:  289 21:54:44     -205.188160        0.005822
BFGS:  290 21:54:44     -205.188182        0.005561
BFGS:  291 21:54:44     -205.188227        0.006496
BFGS:  292 21:54:44     -205.188309        0.009020
BFGS:  293 21:54:44     -205.188419        0.011877
BFGS:  294 21:54:45     -205.188522        0.013662
BFGS:  295 21:54:45     -205.188603        0.013441
BFGS:  296 21:54:45     -205.188699        0.014513
BFGS:  297 21:54:45     -205.188875        0.016329
BFGS:  298 21:54:45     -205.189186        0.015954
BFGS:  299 21:54:45     -205.189559        0.011745
BFGS:  300 21:54:45     -205.189818        0.013917
BFGS:  301 21:54:46     -205.189940        0.013932
BFGS:  302 21:54:46     -205.190021        0.013161
BFGS:  303 21:54:46     -205.190173        0.011152
BFGS:  304 21:54:46     -205.190446        0.010928
BFGS:  305 21:54:46     -205.190799        0.010138
BFGS:  306 21:54:46     -205.191043        0.009511
BFGS:  307 21:54:46     -205.191133        0.007602
BFGS:  308 21:54:46     -205.191167        0.006826
BFGS:  309 21:54:47     -205.191211        0.006482
BFGS:  310 21:54:47     -205.191337        0.006558
BFGS:  311 21:54:47     -205.191405        0.006690
BFGS:  312 21:54:47     -205.191488        0.006059
BFGS:  313 21:54:47     -205.191501        0.005096
BFGS:  314 21:54:47     -205.191507        0.004187
BFGS:  315 21:54:47     -205.191521        0.002842
BFGS:  316 21:54:47     -205.191533        0.001922
BFGS:  317 21:54:48     -205.191548        0.002560
BFGS:  318 21:54:48     -205.191556        0.002720
BFGS:  319 21:54:48     -205.191559        0.002170
BFGS:  320 21:54:48     -205.191561        0.001940
BFGS:  321 21:54:48     -205.191564        0.001537
BFGS:  322 21:54:48     -205.191567        0.000877
