      Step     Time          Energy          fmax
BFGS:    0 14:45:59      458.924108       96.043941
BFGS:    1 14:45:59       91.508383       30.302059
BFGS:    2 14:45:59      -22.987079       18.553229
BFGS:    3 14:45:59      -91.497051        9.525134
BFGS:    4 14:45:59     -122.455433        4.362739
BFGS:    5 14:45:59     -134.333990        2.943645
BFGS:    6 14:46:00     -139.951417        2.669870
BFGS:    7 14:46:00     -142.271819        2.554803
BFGS:    8 14:46:00     -144.027059        2.476723
BFGS:    9 14:46:00     -145.971692        2.389865
BFGS:   10 14:46:00     -148.031153        2.284714
BFGS:   11 14:46:00     -150.117040        2.164725
BFGS:   12 14:46:00     -152.105546        2.041687
BFGS:   13 14:46:00     -153.949132        1.920524
BFGS:   14 14:46:01     -155.656088        1.802553
BFGS:   15 14:46:01     -157.266452        1.686221
BFGS:   16 14:46:01     -158.808113        1.572248
BFGS:   17 14:46:01     -160.287809        1.461845
BFGS:   18 14:46:01     -161.708914        1.355622
BFGS:   19 14:46:01     -163.072208        1.286911
BFGS:   20 14:46:01     -164.371132        1.240695
BFGS:   21 14:46:02     -165.600238        1.193327
BFGS:   22 14:46:02     -166.753610        1.147879
BFGS:   23 14:46:02     -167.818165        1.103784
BFGS:   24 14:46:02     -168.783803        1.058074
BFGS:   25 14:46:02     -169.656908        1.006851
BFGS:   26 14:46:02     -170.457794        0.950258
BFGS:   27 14:46:02     -171.228759        0.889550
BFGS:   28 14:46:02     -172.069406        0.846760
BFGS:   29 14:46:03     -173.053247        0.778594
BFGS:   30 14:46:03     -174.154338        0.753134
BFGS:   31 14:46:03     -175.282184        0.853703
BFGS:   32 14:46:03     -176.358585        0.910616
BFGS:   33 14:46:03     -177.389123        0.933849
BFGS:   34 14:46:03     -178.417016        0.934464
BFGS:   35 14:46:03     -179.614379        0.904986
BFGS:   36 14:46:03     -181.189836        0.799146
BFGS:   37 14:46:03     -182.489426        0.893945
BFGS:   38 14:46:04     -183.015830        0.928404
BFGS:   39 14:46:04     -183.570769        0.940852
BFGS:   40 14:46:04     -184.092330        0.939191
BFGS:   41 14:46:04     -184.597250        0.927559
BFGS:   42 14:46:04     -185.096203        0.911543
BFGS:   43 14:46:04     -185.554711        0.885279
BFGS:   44 14:46:04     -186.011516        0.850929
BFGS:   45 14:46:04     -186.438978        0.816346
BFGS:   46 14:46:05     -186.797666        0.784651
BFGS:   47 14:46:05     -187.113697        0.745898
BFGS:   48 14:46:05     -187.384107        0.704810
BFGS:   49 14:46:05     -187.617851        0.660124
BFGS:   50 14:46:05     -187.832324        0.609555
BFGS:   51 14:46:05     -188.037270        0.560860
BFGS:   52 14:46:05     -188.284486        0.499702
BFGS:   53 14:46:05     -188.641848        0.423306
BFGS:   54 14:46:06     -189.197567        0.498738
BFGS:   55 14:46:06     -189.956018        0.659203
BFGS:   56 14:46:06     -190.562370        0.698169
BFGS:   57 14:46:06     -190.991277        0.703552
BFGS:   58 14:46:06     -191.618366        0.723638
BFGS:   59 14:46:06     -192.559570        0.688008
BFGS:   60 14:46:06     -193.438804        0.620427
BFGS:   61 14:46:06     -194.129222        0.555472
BFGS:   62 14:46:07     -194.710152        0.489942
BFGS:   63 14:46:07     -195.241358        0.417895
BFGS:   64 14:46:07     -195.718659        0.353586
BFGS:   65 14:46:07     -196.093173        0.360992
BFGS:   66 14:46:07     -196.264993        0.404973
BFGS:   67 14:46:07     -196.359684        0.418661
BFGS:   68 14:46:07     -196.806770        0.432958
BFGS:   69 14:46:07     -197.459385        0.388404
BFGS:   70 14:46:08     -198.274466        0.338492
BFGS:   71 14:46:08     -198.962963        0.349323
BFGS:   72 14:46:08     -199.248427        0.354913
BFGS:   73 14:46:08     -199.433102        0.362958
BFGS:   74 14:46:08     -199.582583        0.331412
BFGS:   75 14:46:08     -199.757742        0.291568
BFGS:   76 14:46:08     -199.972735        0.286295
BFGS:   77 14:46:08     -200.183495        0.322361
BFGS:   78 14:46:09     -200.306334        0.323436
BFGS:   79 14:46:09     -200.400730        0.296747
BFGS:   80 14:46:09     -200.515194        0.296824
BFGS:   81 14:46:09     -200.633073        0.300404
BFGS:   82 14:46:09     -200.791637        0.287924
BFGS:   83 14:46:09     -200.939621        0.258321
BFGS:   84 14:46:09     -201.006286        0.238058
BFGS:   85 14:46:09     -201.038236        0.223750
BFGS:   86 14:46:10     -201.052217        0.219053
BFGS:   87 14:46:10     -201.086721        0.212270
BFGS:   88 14:46:10     -201.119136        0.208386
BFGS:   89 14:46:10     -201.202901        0.202352
BFGS:   90 14:46:10     -201.322259        0.195854
BFGS:   91 14:46:10     -201.441727        0.202929
BFGS:   92 14:46:10     -201.558691        0.216094
BFGS:   93 14:46:10     -201.670081        0.212950
BFGS:   94 14:46:10     -201.772436        0.203607
BFGS:   95 14:46:11     -201.867526        0.194739
BFGS:   96 14:46:11     -201.958588        0.188159
BFGS:   97 14:46:11     -202.048551        0.196352
BFGS:   98 14:46:11     -202.137411        0.206947
BFGS:   99 14:46:11     -202.224645        0.217472
BFGS:  100 14:46:11     -202.309069        0.228896
BFGS:  101 14:46:11     -202.388782        0.241432
BFGS:  102 14:46:11     -202.460782        0.254296
BFGS:  103 14:46:12     -202.525006        0.265337
BFGS:  104 14:46:12     -202.596751        0.280076
BFGS:  105 14:46:12     -202.696249        0.301251
BFGS:  106 14:46:12     -202.813168        0.314174
BFGS:  107 14:46:12     -202.909869        0.318556
BFGS:  108 14:46:12     -203.022920        0.320420
BFGS:  109 14:46:12     -203.191973        0.287900
BFGS:  110 14:46:12     -203.429179        0.228588
BFGS:  111 14:46:13     -203.687255        0.239886
BFGS:  112 14:46:13     -203.816481        0.231680
BFGS:  113 14:46:13     -203.923169        0.219131
BFGS:  114 14:46:13     -204.012244        0.205238
BFGS:  115 14:46:13     -204.080483        0.190866
BFGS:  116 14:46:13     -204.122362        0.175753
BFGS:  117 14:46:13     -204.134881        0.163410
BFGS:  118 14:46:13     -204.138259        0.161507
BFGS:  119 14:46:14     -204.150793        0.156078
BFGS:  120 14:46:14     -204.162189        0.152010
BFGS:  121 14:46:14     -204.193657        0.145202
BFGS:  122 14:46:14     -204.229321        0.138385
BFGS:  123 14:46:14     -204.264995        0.136634
BFGS:  124 14:46:14     -204.285865        0.137484
BFGS:  125 14:46:14     -204.298203        0.143792
BFGS:  126 14:46:14     -204.307770        0.145158
BFGS:  127 14:46:15     -204.318738        0.146173
BFGS:  128 14:46:15     -204.337580        0.139780
BFGS:  129 14:46:15     -204.379349        0.125143
BFGS:  130 14:46:15     -204.424357        0.123483
BFGS:  131 14:46:15     -204.472552        0.128004
BFGS:  132 14:46:15     -204.522657        0.143817
BFGS:  133 14:46:15     -204.573791        0.166793
BFGS:  134 14:46:15     -204.625003        0.186878
BFGS:  135 14:46:15     -204.675215        0.203637
BFGS:  136 14:46:16     -204.723227        0.216504
BFGS:  137 14:46:16     -204.768111        0.224971
BFGS:  138 14:46:16     -204.809310        0.228710
BFGS:  139 14:46:16     -204.846530        0.227566
BFGS:  140 14:46:16     -204.879617        0.221246
BFGS:  141 14:46:16     -204.908420        0.208938
BFGS:  142 14:46:16     -204.932604        0.189351
BFGS:  143 14:46:16     -204.951481        0.160792
BFGS:  144 14:46:17     -204.964409        0.117706
BFGS:  145 14:46:17     -204.969957        0.080533
BFGS:  146 14:46:17     -204.974815        0.079689
BFGS:  147 14:46:17     -204.980518        0.076442
BFGS:  148 14:46:17     -204.983288        0.074021
BFGS:  149 14:46:17     -204.985444        0.072672
BFGS:  150 14:46:17     -204.988508        0.071844
BFGS:  151 14:46:17     -204.993624        0.071424
BFGS:  152 14:46:18     -205.000190        0.078980
BFGS:  153 14:46:18     -205.006829        0.104337
BFGS:  154 14:46:18     -205.013338        0.109521
BFGS:  155 14:46:18     -205.021979        0.096152
BFGS:  156 14:46:18     -205.035275        0.066438
BFGS:  157 14:46:18     -205.050278        0.056152
BFGS:  158 14:46:18     -205.059345        0.043683
BFGS:  159 14:46:18     -205.062594        0.043712
BFGS:  160 14:46:19     -205.064499        0.045341
BFGS:  161 14:46:19     -205.066821        0.047592
BFGS:  162 14:46:19     -205.069725        0.049394
BFGS:  163 14:46:19     -205.072902        0.049240
BFGS:  164 14:46:19     -205.076029        0.046422
BFGS:  165 14:46:19     -205.079404        0.042962
BFGS:  166 14:46:19     -205.083538        0.048395
BFGS:  167 14:46:19     -205.088542        0.054238
BFGS:  168 14:46:20     -205.094669        0.060571
BFGS:  169 14:46:20     -205.103299        0.068854
BFGS:  170 14:46:20     -205.116015        0.078786
BFGS:  171 14:46:20     -205.128768        0.080640
BFGS:  172 14:46:20     -205.139766        0.070780
BFGS:  173 14:46:20     -205.146486        0.063151
BFGS:  174 14:46:20     -205.151099        0.059685
BFGS:  175 14:46:20     -205.158523        0.056072
BFGS:  176 14:46:20     -205.165438        0.056846
BFGS:  177 14:46:21     -205.170548        0.049937
BFGS:  178 14:46:21     -205.173004        0.038212
BFGS:  179 14:46:21     -205.174427        0.029288
BFGS:  180 14:46:21     -205.175966        0.025786
BFGS:  181 14:46:21     -205.177821        0.027423
BFGS:  182 14:46:21     -205.179366        0.024128
BFGS:  183 14:46:21     -205.180396        0.020956
BFGS:  184 14:46:21     -205.181118        0.016163
BFGS:  185 14:46:22     -205.181635        0.010170
BFGS:  186 14:46:22     -205.181860        0.005533
BFGS:  187 14:46:22     -205.181943        0.005231
BFGS:  188 14:46:22     -205.182010        0.004809
BFGS:  189 14:46:22     -205.182105        0.005060
BFGS:  190 14:46:22     -205.182186        0.005574
BFGS:  191 14:46:22     -205.182222        0.005737
BFGS:  192 14:46:22     -205.182232        0.005705
BFGS:  193 14:46:23     -205.182240        0.005647
BFGS:  194 14:46:23     -205.182259        0.005537
BFGS:  195 14:46:23     -205.182286        0.005399
BFGS:  196 14:46:23     -205.182314        0.005300
BFGS:  197 14:46:23     -205.182327        0.005300
BFGS:  198 14:46:23     -205.182331        0.005342
BFGS:  199 14:46:23     -205.182335        0.005380
BFGS:  200 14:46:23     -205.182345        0.005437
BFGS:  201 14:46:24     -205.182367        0.005493
BFGS:  202 14:46:24     -205.182404        0.005503
BFGS:  203 14:46:24     -205.182446        0.005395
BFGS:  204 14:46:24     -205.182471        0.005232
BFGS:  205 14:46:24     -205.182482        0.005132
BFGS:  206 14:46:24     -205.182492        0.005061
BFGS:  207 14:46:24     -205.182515        0.004949
BFGS:  208 14:46:24     -205.182570        0.004759
BFGS:  209 14:46:25     -205.182688        0.004432
BFGS:  210 14:46:25     -205.182880        0.005796
BFGS:  211 14:46:25     -205.183083        0.008094
BFGS:  212 14:46:25     -205.183198        0.009209
BFGS:  213 14:46:25     -205.183246        0.009126
BFGS:  214 14:46:25     -205.183295        0.008600
BFGS:  215 14:46:25     -205.183405        0.007266
BFGS:  216 14:46:25     -205.183604        0.005292
BFGS:  217 14:46:26     -205.183849        0.005625
BFGS:  218 14:46:26     -205.184010        0.006208
BFGS:  219 14:46:26     -205.184066        0.005878
BFGS:  220 14:46:26     -205.184088        0.005316
BFGS:  221 14:46:26     -205.184128        0.004533
BFGS:  222 14:46:26     -205.184217        0.004497
BFGS:  223 14:46:26     -205.184358        0.004764
BFGS:  224 14:46:26     -205.184482        0.005244
BFGS:  225 14:46:27     -205.184528        0.005636
BFGS:  226 14:46:27     -205.184537        0.005731
BFGS:  227 14:46:27     -205.184543        0.005780
BFGS:  228 14:46:27     -205.184557        0.005831
BFGS:  229 14:46:27     -205.184588        0.005946
BFGS:  230 14:46:27     -205.184644        0.006039
BFGS:  231 14:46:27     -205.184706        0.006134
BFGS:  232 14:46:27     -205.184740        0.006040
BFGS:  233 14:46:27     -205.184749        0.006019
BFGS:  234 14:46:28     -205.184752        0.005951
BFGS:  235 14:46:28     -205.184759        0.005907
BFGS:  236 14:46:28     -205.184779        0.005803
BFGS:  237 14:46:28     -205.184824        0.005671
BFGS:  238 14:46:28     -205.184913        0.005533
BFGS:  239 14:46:28     -205.185032        0.005521
BFGS:  240 14:46:28     -205.185117        0.005683
BFGS:  241 14:46:28     -205.185148        0.005835
BFGS:  242 14:46:29     -205.185163        0.005915
BFGS:  243 14:46:29     -205.185189        0.005996
BFGS:  244 14:46:29     -205.185253        0.006102
BFGS:  245 14:46:29     -205.185412        0.007183
BFGS:  246 14:46:29     -205.185767        0.014465
BFGS:  247 14:46:29     -205.186418        0.024311
BFGS:  248 14:46:29     -205.187256        0.031149
BFGS:  249 14:46:29     -205.187888        0.028246
BFGS:  250 14:46:30     -205.188123        0.021717
BFGS:  251 14:46:30     -205.188230        0.015457
BFGS:  252 14:46:30     -205.188360        0.011901
BFGS:  253 14:46:30     -205.188512        0.016124
BFGS:  254 14:46:30     -205.188678        0.024192
BFGS:  255 14:46:30     -205.188847        0.026671
BFGS:  256 14:46:30     -205.189056        0.027716
BFGS:  257 14:46:30     -205.189551        0.026932
BFGS:  258 14:46:31     -205.190242        0.021563
BFGS:  259 14:46:31     -205.190860        0.024248
BFGS:  260 14:46:31     -205.191098        0.020762
BFGS:  261 14:46:31     -205.191147        0.016213
BFGS:  262 14:46:31     -205.191173        0.011546
BFGS:  263 14:46:31     -205.191212        0.004152
BFGS:  264 14:46:31     -205.191243        0.005795
BFGS:  265 14:46:31     -205.191262        0.009031
BFGS:  266 14:46:32     -205.191274        0.009227
BFGS:  267 14:46:32     -205.191294        0.008137
BFGS:  268 14:46:32     -205.191327        0.006673
BFGS:  269 14:46:32     -205.191368        0.007364
BFGS:  270 14:46:32     -205.191394        0.008070
BFGS:  271 14:46:32     -205.191403        0.006653
BFGS:  272 14:46:32     -205.191407        0.004729
BFGS:  273 14:46:32     -205.191410        0.002355
BFGS:  274 14:46:33     -205.191412        0.001332
BFGS:  275 14:46:33     -205.191413        0.001358
BFGS:  276 14:46:33     -205.191413        0.001370
BFGS:  277 14:46:33     -205.191413        0.001377
BFGS:  278 14:46:33     -205.191414        0.001384
BFGS:  279 14:46:33     -205.191414        0.001387
BFGS:  280 14:46:33     -205.191416        0.001378
BFGS:  281 14:46:33     -205.191418        0.001915
BFGS:  282 14:46:33     -205.191421        0.002429
BFGS:  283 14:46:34     -205.191423        0.002446
BFGS:  284 14:46:34     -205.191425        0.002104
BFGS:  285 14:46:34     -205.191427        0.001577
BFGS:  286 14:46:34     -205.191430        0.001193
BFGS:  287 14:46:34     -205.191432        0.001426
BFGS:  288 14:46:34     -205.191434        0.001936
BFGS:  289 14:46:34     -205.191436        0.002010
BFGS:  290 14:46:34     -205.191437        0.001822
BFGS:  291 14:46:35     -205.191439        0.001379
BFGS:  292 14:46:35     -205.191441        0.001630
BFGS:  293 14:46:35     -205.191444        0.002451
BFGS:  294 14:46:35     -205.191446        0.002400
BFGS:  295 14:46:35     -205.191448        0.002261
BFGS:  296 14:46:35     -205.191450        0.002072
BFGS:  297 14:46:35     -205.191454        0.002277
BFGS:  298 14:46:35     -205.191459        0.004628
BFGS:  299 14:46:36     -205.191464        0.006025
BFGS:  300 14:46:36     -205.191469        0.006018
BFGS:  301 14:46:36     -205.191476        0.004698
BFGS:  302 14:46:36     -205.191487        0.004736
BFGS:  303 14:46:36     -205.191500        0.003780
BFGS:  304 14:46:36     -205.191508        0.003850
BFGS:  305 14:46:36     -205.191512        0.003592
BFGS:  306 14:46:36     -205.191514        0.002587
BFGS:  307 14:46:37     -205.191517        0.001739
BFGS:  308 14:46:37     -205.191519        0.001379
BFGS:  309 14:46:37     -205.191521        0.001316
BFGS:  310 14:46:37     -205.191521        0.001123
BFGS:  311 14:46:37     -205.191522        0.000989
