      Step     Time          Energy          fmax
BFGS:    0 13:29:01      -50.121020        0.952624
BFGS:    1 13:29:01      -50.238047        0.893157
BFGS:    2 13:29:01      -50.925317        0.481103
BFGS:    3 13:29:01      -50.952497        0.306222
BFGS:    4 13:29:01      -50.961246        0.282154
BFGS:    5 13:29:01      -51.043718        0.074986
BFGS:    6 13:29:01      -51.046161        0.074879
BFGS:    7 13:29:01      -51.047421        0.075197
BFGS:    8 13:29:01      -51.051445        0.088867
BFGS:    9 13:29:01      -51.059856        0.114400
BFGS:   10 13:29:01      -51.076964        0.138332
BFGS:   11 13:29:01      -51.098067        0.129877
BFGS:   12 13:29:01      -51.112174        0.131676
BFGS:   13 13:29:01      -51.120153        0.124910
BFGS:   14 13:29:02      -51.123053        0.116606
BFGS:   15 13:29:02      -51.128688        0.105625
BFGS:   16 13:29:02      -51.143127        0.111951
BFGS:   17 13:29:02      -51.168852        0.124152
BFGS:   18 13:29:02      -51.193615        0.089416
BFGS:   19 13:29:02      -51.207525        0.063635
BFGS:   20 13:29:02      -51.211698        0.061764
BFGS:   21 13:29:02      -51.212155        0.062085
BFGS:   22 13:29:02      -51.213297        0.062192
BFGS:   23 13:29:02      -51.215841        0.062205
BFGS:   24 13:29:02      -51.220870        0.061125
BFGS:   25 13:29:02      -51.227513        0.071894
BFGS:   26 13:29:02      -51.232444        0.071010
BFGS:   27 13:29:02      -51.234304        0.058467
BFGS:   28 13:29:02      -51.235006        0.059000
BFGS:   29 13:29:02      -51.236397        0.055767
BFGS:   30 13:29:02      -51.239076        0.044389
BFGS:   31 13:29:02      -51.242809        0.034668
BFGS:   32 13:29:02      -51.245420        0.023894
BFGS:   33 13:29:02      -51.246194        0.024459
BFGS:   34 13:29:02      -51.246331        0.026140
BFGS:   35 13:29:02      -51.246414        0.026801
BFGS:   36 13:29:03      -51.246674        0.027765
BFGS:   37 13:29:03      -51.247217        0.028257
BFGS:   38 13:29:03      -51.248317        0.027818
BFGS:   39 13:29:03      -51.249792        0.032226
BFGS:   40 13:29:03      -51.250884        0.027746
BFGS:   41 13:29:03      -51.251293        0.030796
BFGS:   42 13:29:03      -51.251483        0.030486
BFGS:   43 13:29:03      -51.251809        0.029079
BFGS:   44 13:29:03      -51.252570        0.026166
BFGS:   45 13:29:03      -51.254127        0.032090
BFGS:   46 13:29:03      -51.256490        0.041952
BFGS:   47 13:29:03      -51.258415        0.036994
BFGS:   48 13:29:03      -51.259107        0.039252
BFGS:   49 13:29:03      -51.259326        0.038879
BFGS:   50 13:29:03      -51.259554        0.037962
BFGS:   51 13:29:03      -51.260077        0.036570
BFGS:   52 13:29:03      -51.261117        0.035215
BFGS:   53 13:29:03      -51.262847        0.071723
BFGS:   54 13:29:03      -51.265017        0.113106
BFGS:   55 13:29:03      -51.266890        0.132869
BFGS:   56 13:29:03      -51.268196        0.121386
BFGS:   57 13:29:03      -51.271071        0.080545
BFGS:   58 13:29:04      -51.274589        0.052863
BFGS:   59 13:29:04      -51.277977        0.037443
BFGS:   60 13:29:04      -51.279245        0.034458
BFGS:   61 13:29:04      -51.279752        0.029971
BFGS:   62 13:29:04      -51.279996        0.028081
BFGS:   63 13:29:04      -51.280412        0.027563
BFGS:   64 13:29:04      -51.281396        0.031477
BFGS:   65 13:29:04      -51.282838        0.043307
BFGS:   66 13:29:04      -51.284025        0.054278
BFGS:   67 13:29:04      -51.284495        0.049345
BFGS:   68 13:29:04      -51.284748        0.039503
BFGS:   69 13:29:04      -51.285089        0.024952
BFGS:   70 13:29:04      -51.285539        0.019167
BFGS:   71 13:29:04      -51.285944        0.027845
BFGS:   72 13:29:04      -51.286173        0.031936
BFGS:   73 13:29:04      -51.286340        0.030888
BFGS:   74 13:29:04      -51.286643        0.029202
BFGS:   75 13:29:04      -51.287220        0.029819
BFGS:   76 13:29:04      -51.288026        0.029207
BFGS:   77 13:29:04      -51.288614        0.018617
BFGS:   78 13:29:04      -51.288791        0.009465
BFGS:   79 13:29:04      -51.288820        0.009149
BFGS:   80 13:29:04      -51.288838        0.008924
BFGS:   81 13:29:05      -51.288889        0.008428
BFGS:   82 13:29:05      -51.288995        0.013151
BFGS:   83 13:29:05      -51.289202        0.016975
BFGS:   84 13:29:05      -51.289459        0.015331
BFGS:   85 13:29:05      -51.289637        0.014108
BFGS:   86 13:29:05      -51.289703        0.014252
BFGS:   87 13:29:05      -51.289737        0.013088
BFGS:   88 13:29:05      -51.289798        0.013769
BFGS:   89 13:29:05      -51.289901        0.013506
BFGS:   90 13:29:05      -51.290017        0.009923
BFGS:   91 13:29:05      -51.290079        0.005136
BFGS:   92 13:29:05      -51.290093        0.005171
BFGS:   93 13:29:05      -51.290096        0.005142
BFGS:   94 13:29:05      -51.290100        0.005094
BFGS:   95 13:29:05      -51.290112        0.004998
BFGS:   96 13:29:05      -51.290134        0.006539
BFGS:   97 13:29:05      -51.290167        0.011543
BFGS:   98 13:29:05      -51.290201        0.015195
BFGS:   99 13:29:05      -51.290230        0.015887
BFGS:  100 13:29:05      -51.290264        0.014440
BFGS:  101 13:29:05      -51.290323        0.012368
BFGS:  102 13:29:05      -51.290416        0.010284
BFGS:  103 13:29:06      -51.290513        0.007478
BFGS:  104 13:29:06      -51.290561        0.006762
BFGS:  105 13:29:06      -51.290573        0.006387
BFGS:  106 13:29:06      -51.290577        0.006296
BFGS:  107 13:29:06      -51.290587        0.006145
BFGS:  108 13:29:06      -51.290608        0.005974
BFGS:  109 13:29:06      -51.290641        0.007432
BFGS:  110 13:29:06      -51.290675        0.008521
BFGS:  111 13:29:06      -51.290693        0.006372
BFGS:  112 13:29:06      -51.290701        0.006409
BFGS:  113 13:29:06      -51.290712        0.006539
BFGS:  114 13:29:06      -51.290738        0.006683
BFGS:  115 13:29:06      -51.290800        0.009095
BFGS:  116 13:29:06      -51.290937        0.017293
BFGS:  117 13:29:06      -51.291164        0.024003
BFGS:  118 13:29:06      -51.291415        0.022864
BFGS:  119 13:29:06      -51.291565        0.016250
BFGS:  120 13:29:06      -51.291619        0.015715
BFGS:  121 13:29:06      -51.291671        0.014814
BFGS:  122 13:29:06      -51.291787        0.015162
BFGS:  123 13:29:06      -51.292198        0.023543
BFGS:  124 13:29:06      -51.292804        0.032912
BFGS:  125 13:29:07      -51.293365        0.027653
BFGS:  126 13:29:07      -51.293671        0.015315
BFGS:  127 13:29:07      -51.293683        0.017710
BFGS:  128 13:29:07      -51.293798        0.014112
BFGS:  129 13:29:07      -51.293832        0.012821
BFGS:  130 13:29:07      -51.293995        0.010327
BFGS:  131 13:29:07      -51.294164        0.010797
BFGS:  132 13:29:07      -51.294336        0.011092
BFGS:  133 13:29:07      -51.294395        0.011297
BFGS:  134 13:29:07      -51.294413        0.011599
BFGS:  135 13:29:07      -51.294450        0.012385
BFGS:  136 13:29:07      -51.293447        0.021920
BFGS:  137 13:29:07      -51.294419        0.017932
BFGS:  138 13:29:07      -51.294549        0.013633
BFGS:  139 13:29:07      -51.294604        0.013224
BFGS:  140 13:29:07      -51.294659        0.013079
BFGS:  141 13:29:07      -51.294730        0.012657
BFGS:  142 13:29:07      -51.294876        0.015100
BFGS:  143 13:29:07      -51.295158        0.022970
BFGS:  144 13:29:07      -51.295330        0.024476
BFGS:  145 13:29:07      -51.295399        0.021932
BFGS:  146 13:29:07      -51.295457        0.016950
BFGS:  147 13:29:08      -51.295530        0.010417
BFGS:  148 13:29:08      -51.295587        0.010699
BFGS:  149 13:29:08      -51.295618        0.011124
BFGS:  150 13:29:08      -51.295641        0.012183
BFGS:  151 13:29:08      -51.295685        0.012709
BFGS:  152 13:29:08      -51.295776        0.012848
BFGS:  153 13:29:08      -51.295948        0.014559
BFGS:  154 13:29:08      -51.296157        0.014120
BFGS:  155 13:29:08      -51.296283        0.013247
BFGS:  156 13:29:08      -51.296338        0.012358
BFGS:  157 13:29:08      -51.296365        0.011597
BFGS:  158 13:29:08      -51.296383        0.011226
BFGS:  159 13:29:08      -51.296438        0.010439
BFGS:  160 13:29:08      -51.296530        0.010621
BFGS:  161 13:29:08      -51.296653        0.019782
BFGS:  162 13:29:08      -51.296736        0.023580
BFGS:  163 13:29:08      -51.296799        0.022681
BFGS:  164 13:29:08      -51.296863        0.018629
BFGS:  165 13:29:08      -51.296929        0.012053
BFGS:  166 13:29:08      -51.296980        0.006435
BFGS:  167 13:29:08      -51.297011        0.005784
BFGS:  168 13:29:08      -51.297046        0.005079
BFGS:  169 13:29:09      -51.297059        0.004381
BFGS:  170 13:29:09      -51.297067        0.004678
BFGS:  171 13:29:09      -51.297071        0.004729
BFGS:  172 13:29:09      -51.297088        0.004704
BFGS:  173 13:29:09      -51.297107        0.004431
BFGS:  174 13:29:09      -51.297148        0.005797
BFGS:  175 13:29:09      -51.297183        0.005035
BFGS:  176 13:29:09      -51.297199        0.003842
BFGS:  177 13:29:09      -51.297203        0.003473
BFGS:  178 13:29:09      -51.297205        0.002920
BFGS:  179 13:29:09      -51.297209        0.002703
BFGS:  180 13:29:09      -51.297215        0.002610
BFGS:  181 13:29:09      -51.297220        0.003709
BFGS:  182 13:29:09      -51.297224        0.004015
BFGS:  183 13:29:09      -51.297226        0.003862
BFGS:  184 13:29:09      -51.297231        0.003748
BFGS:  185 13:29:09      -51.297242        0.003966
BFGS:  186 13:29:09      -51.297262        0.004224
BFGS:  187 13:29:09      -51.297291        0.005763
BFGS:  188 13:29:09      -51.297313        0.006710
BFGS:  189 13:29:09      -51.297322        0.005908
BFGS:  190 13:29:09      -51.297326        0.005158
BFGS:  191 13:29:09      -51.297332        0.003891
BFGS:  192 13:29:10      -51.297344        0.003021
BFGS:  193 13:29:10      -51.297358        0.003218
BFGS:  194 13:29:10      -51.297368        0.003861
BFGS:  195 13:29:10      -51.297373        0.003675
BFGS:  196 13:29:10      -51.297377        0.003241
BFGS:  197 13:29:10      -51.297383        0.002511
BFGS:  198 13:29:10      -51.297393        0.002478
BFGS:  199 13:29:10      -51.297406        0.003418
BFGS:  200 13:29:10      -51.297415        0.004917
BFGS:  201 13:29:10      -51.297419        0.005016
BFGS:  202 13:29:10      -51.297423        0.004624
BFGS:  203 13:29:10      -51.297432        0.003979
BFGS:  204 13:29:10      -51.297450        0.005738
BFGS:  205 13:29:10      -51.297482        0.006826
BFGS:  206 13:29:10      -51.297513        0.005453
BFGS:  207 13:29:10      -51.297526        0.003196
BFGS:  208 13:29:10      -51.297530        0.002988
BFGS:  209 13:29:10      -51.297532        0.002837
BFGS:  210 13:29:10      -51.297534        0.002713
BFGS:  211 13:29:10      -51.297538        0.002662
BFGS:  212 13:29:10      -51.297545        0.002710
BFGS:  213 13:29:10      -51.297561        0.002919
BFGS:  214 13:29:11      -51.297583        0.003604
BFGS:  215 13:29:11      -51.297602        0.004269
BFGS:  216 13:29:11      -51.297621        0.004733
BFGS:  217 13:29:11      -51.297645        0.005181
BFGS:  218 13:29:11      -51.297609        0.007627
BFGS:  219 13:29:11      -51.297665        0.004991
BFGS:  220 13:29:11      -51.297675        0.005105
BFGS:  221 13:29:11      -51.297688        0.004866
BFGS:  222 13:29:11      -51.297708        0.004552
BFGS:  223 13:29:11      -51.297737        0.003701
BFGS:  224 13:29:11      -51.297806        0.002456
BFGS:  225 13:29:11      -51.297830        0.002080
BFGS:  226 13:29:11      -51.297844        0.002440
BFGS:  227 13:29:11      -51.297847        0.002591
BFGS:  228 13:29:11      -51.297849        0.002670
BFGS:  229 13:29:11      -51.297853        0.002737
BFGS:  230 13:29:11      -51.297860        0.002608
BFGS:  231 13:29:11      -51.297872        0.002270
BFGS:  232 13:29:11      -51.297883        0.001845
BFGS:  233 13:29:11      -51.297889        0.001233
BFGS:  234 13:29:11      -51.297890        0.001016
BFGS:  235 13:29:11      -51.297890        0.000942
