      Step     Time          Energy          fmax
BFGS:    0 03:08:45      -68.169702        8.664954
BFGS:    1 03:08:45      -78.087180        4.956023
BFGS:    2 03:08:45      -86.504450        1.776966
BFGS:    3 03:08:45      -89.405854        1.217964
BFGS:    4 03:08:45      -90.623087        1.186772
BFGS:    5 03:08:45      -91.268124        1.237297
BFGS:    6 03:08:45      -92.031238        1.160362
BFGS:    7 03:08:45      -93.014016        0.877545
BFGS:    8 03:08:45      -93.790618        0.680296
BFGS:    9 03:08:46      -94.283909        0.685516
BFGS:   10 03:08:46      -94.594061        0.721347
BFGS:   11 03:08:46      -94.847733        0.855489
BFGS:   12 03:08:46      -95.226567        0.817988
BFGS:   13 03:08:46      -95.800209        0.717649
BFGS:   14 03:08:46      -96.304911        0.803127
BFGS:   15 03:08:46      -96.513407        0.758569
BFGS:   16 03:08:46      -96.631772        0.675996
BFGS:   17 03:08:46      -96.888103        0.575224
BFGS:   18 03:08:46      -97.072539        0.633662
BFGS:   19 03:08:46      -97.198247        0.679227
BFGS:   20 03:08:46      -97.299885        0.652206
BFGS:   21 03:08:46      -97.438734        0.533114
BFGS:   22 03:08:46      -97.586152        0.469014
BFGS:   23 03:08:47      -97.686286        0.415325
BFGS:   24 03:08:47      -97.754003        0.361602
BFGS:   25 03:08:47      -97.804891        0.348525
BFGS:   26 03:08:47      -97.895848        0.334108
BFGS:   27 03:08:47      -98.013940        0.374122
BFGS:   28 03:08:47      -98.123780        0.425160
BFGS:   29 03:08:47      -98.192196        0.381472
BFGS:   30 03:08:47      -98.255087        0.364986
BFGS:   31 03:08:47      -98.356228        0.379585
BFGS:   32 03:08:47      -98.488471        0.426686
BFGS:   33 03:08:47      -98.631340        0.458273
BFGS:   34 03:08:47      -98.774668        0.448162
BFGS:   35 03:08:47      -98.909988        0.430379
BFGS:   36 03:08:47      -99.019374        0.448237
BFGS:   37 03:08:48      -99.077638        0.469958
BFGS:   38 03:08:48      -99.157146        0.452714
BFGS:   39 03:08:48      -99.315955        0.397457
BFGS:   40 03:08:48      -99.430165        0.350336
BFGS:   41 03:08:48      -99.524307        0.280658
BFGS:   42 03:08:48      -99.584640        0.263704
BFGS:   43 03:08:48      -99.629699        0.258049
BFGS:   44 03:08:48      -99.681122        0.296402
BFGS:   45 03:08:48      -99.790420        0.334736
BFGS:   46 03:08:48      -99.916094        0.336007
BFGS:   47 03:08:48     -100.096876        0.347999
BFGS:   48 03:08:48     -100.221851        0.272093
BFGS:   49 03:08:48     -100.271367        0.260436
BFGS:   50 03:08:48     -100.295775        0.276306
BFGS:   51 03:08:48     -100.351376        0.280722
BFGS:   52 03:08:49     -100.431565        0.249305
BFGS:   53 03:08:49     -100.562617        0.254093
BFGS:   54 03:08:49     -100.659818        0.255807
BFGS:   55 03:08:49     -100.716153        0.247273
BFGS:   56 03:08:49     -100.742085        0.252351
BFGS:   57 03:08:49     -100.758452        0.245251
BFGS:   58 03:08:49     -100.784164        0.240391
BFGS:   59 03:08:49     -100.842484        0.228285
BFGS:   60 03:08:53     -100.931298        0.235829
BFGS:   61 03:08:53     -101.008708        0.269461
BFGS:   62 03:08:53     -101.078165        0.296350
BFGS:   63 03:08:53     -101.145415        0.352420
BFGS:   64 03:08:53     -101.208538        0.409670
BFGS:   65 03:08:53     -101.268720        0.444733
BFGS:   66 03:08:53     -101.336383        0.412460
BFGS:   67 03:08:53     -101.432959        0.351535
BFGS:   68 03:08:53     -101.508556        0.315897
BFGS:   69 03:08:53     -101.677413        0.232057
BFGS:   70 03:08:54     -101.735085        0.217185
BFGS:   71 03:08:54     -101.781865        0.162058
BFGS:   72 03:08:54     -101.795883        0.141244
BFGS:   73 03:08:54     -101.809956        0.154808
BFGS:   74 03:08:54     -101.820934        0.154956
BFGS:   75 03:08:54     -101.846344        0.156584
BFGS:   76 03:08:54     -101.886750        0.209143
BFGS:   77 03:08:54     -101.929739        0.223744
BFGS:   78 03:08:54     -102.010344        0.201064
BFGS:   79 03:08:54     -102.053933        0.143844
BFGS:   80 03:08:54     -102.067408        0.147724
BFGS:   81 03:08:54     -102.079083        0.149793
BFGS:   82 03:08:54     -102.087996        0.150109
BFGS:   83 03:08:54     -102.108562        0.146997
BFGS:   84 03:08:55     -102.136827        0.175483
BFGS:   85 03:08:55     -102.179261        0.188902
BFGS:   86 03:08:55     -102.220399        0.145403
BFGS:   87 03:08:55     -102.246267        0.139185
BFGS:   88 03:08:55     -102.255728        0.132063
BFGS:   89 03:08:55     -102.260827        0.120829
BFGS:   90 03:08:55     -102.268817        0.104708
BFGS:   91 03:08:55     -102.283652        0.101774
BFGS:   92 03:08:55     -102.305140        0.105907
BFGS:   93 03:08:55     -102.324409        0.103432
BFGS:   94 03:08:55     -102.333514        0.083119
BFGS:   95 03:08:55     -102.336866        0.080020
BFGS:   96 03:08:55     -102.339018        0.081090
BFGS:   97 03:08:55     -102.343380        0.082805
BFGS:   98 03:08:56     -102.352015        0.084762
BFGS:   99 03:08:56     -102.366052        0.085158
BFGS:  100 03:08:56     -102.379577        0.081819
BFGS:  101 03:08:56     -102.386525        0.076911
BFGS:  102 03:08:56     -102.388450        0.073939
BFGS:  103 03:08:56     -102.389442        0.072359
BFGS:  104 03:08:56     -102.392244        0.068822
BFGS:  105 03:08:56     -102.398281        0.062529
BFGS:  106 03:08:56     -102.411338        0.057973
BFGS:  107 03:08:56     -102.428463        0.066189
BFGS:  108 03:08:56     -102.444039        0.072680
BFGS:  109 03:08:56     -102.455831        0.069426
BFGS:  110 03:08:56     -102.459008        0.062013
BFGS:  111 03:08:56     -102.460167        0.057351
BFGS:  112 03:08:56     -102.463331        0.057252
BFGS:  113 03:08:57     -102.468258        0.056520
BFGS:  114 03:08:57     -102.477012        0.058291
BFGS:  115 03:08:57     -102.485896        0.059958
BFGS:  116 03:08:57     -102.490263        0.060164
BFGS:  117 03:08:57     -102.491337        0.059184
BFGS:  118 03:08:57     -102.491999        0.058364
BFGS:  119 03:08:57     -102.493388        0.056847
BFGS:  120 03:08:57     -102.496316        0.053987
BFGS:  121 03:08:57     -102.501716        0.049175
BFGS:  122 03:08:57     -102.508206        0.044476
BFGS:  123 03:08:57     -102.512340        0.045154
BFGS:  124 03:08:57     -102.513686        0.049676
BFGS:  125 03:08:57     -102.514438        0.050965
BFGS:  126 03:08:57     -102.516047        0.052661
BFGS:  127 03:08:58     -102.519663        0.056021
BFGS:  128 03:08:58     -102.527404        0.061062
BFGS:  129 03:08:58     -102.536991        0.057160
BFGS:  130 03:08:58     -102.547365        0.059141
BFGS:  131 03:08:58     -102.553237        0.058139
BFGS:  132 03:08:58     -102.554553        0.052869
BFGS:  133 03:08:58     -102.555370        0.048993
BFGS:  134 03:08:58     -102.557245        0.042022
BFGS:  135 03:08:58     -102.559986        0.037939
BFGS:  136 03:08:58     -102.564301        0.037221
BFGS:  137 03:08:58     -102.569075        0.034517
BFGS:  138 03:08:58     -102.574415        0.032171
BFGS:  139 03:08:58     -102.577497        0.038864
BFGS:  140 03:08:58     -102.578926        0.035452
BFGS:  141 03:08:58     -102.579450        0.033288
BFGS:  142 03:08:59     -102.579737        0.033692
BFGS:  143 03:08:59     -102.580387        0.032672
BFGS:  144 03:08:59     -102.581781        0.029606
BFGS:  145 03:08:59     -102.583232        0.026738
BFGS:  146 03:08:59     -102.584685        0.025058
BFGS:  147 03:08:59     -102.585363        0.025820
BFGS:  148 03:08:59     -102.585601        0.027064
BFGS:  149 03:08:59     -102.585723        0.027823
BFGS:  150 03:08:59     -102.585884        0.028359
BFGS:  151 03:08:59     -102.586168        0.028648
BFGS:  152 03:08:59     -102.586719        0.028497
BFGS:  153 03:08:59     -102.587678        0.027637
BFGS:  154 03:08:59     -102.588890        0.026178
BFGS:  155 03:08:59     -102.589748        0.025206
BFGS:  156 03:09:00     -102.590060        0.025232
BFGS:  157 03:09:00     -102.590194        0.025518
BFGS:  158 03:09:00     -102.590409        0.025913
BFGS:  159 03:09:00     -102.590918        0.026411
BFGS:  160 03:09:00     -102.592067        0.026638
BFGS:  161 03:09:00     -102.594262        0.029350
BFGS:  162 03:09:00     -102.597152        0.032602
BFGS:  163 03:09:00     -102.599219        0.028517
BFGS:  164 03:09:00     -102.599957        0.027125
BFGS:  165 03:09:00     -102.600231        0.024878
BFGS:  166 03:09:00     -102.600639        0.021888
BFGS:  167 03:09:00     -102.601525        0.023681
BFGS:  168 03:09:00     -102.603128        0.056976
BFGS:  169 03:09:00     -102.605198        0.091600
BFGS:  170 03:09:00     -102.606789        0.101601
BFGS:  171 03:09:01     -102.607637        0.085538
BFGS:  172 03:09:01     -102.608244        0.061847
BFGS:  173 03:09:01     -102.608921        0.030489
BFGS:  174 03:09:01     -102.609472        0.014418
BFGS:  175 03:09:01     -102.609727        0.022118
BFGS:  176 03:09:01     -102.609835        0.020341
BFGS:  177 03:09:01     -102.609967        0.017423
BFGS:  178 03:09:01     -102.610253        0.013602
BFGS:  179 03:09:01     -102.610767        0.024921
BFGS:  180 03:09:01     -102.611421        0.038468
BFGS:  181 03:09:01     -102.611873        0.039823
BFGS:  182 03:09:01     -102.612043        0.033014
BFGS:  183 03:09:01     -102.612126        0.025716
BFGS:  184 03:09:01     -102.612235        0.015285
BFGS:  185 03:09:02     -102.612368        0.009904
BFGS:  186 03:09:02     -102.612472        0.014822
BFGS:  187 03:09:02     -102.612529        0.017163
BFGS:  188 03:09:02     -102.612575        0.016671
BFGS:  189 03:09:02     -102.612658        0.015377
BFGS:  190 03:09:02     -102.612812        0.014372
BFGS:  191 03:09:02     -102.613027        0.019187
BFGS:  192 03:09:02     -102.613204        0.022189
BFGS:  193 03:09:02     -102.613282        0.019042
BFGS:  194 03:09:02     -102.613315        0.014998
BFGS:  195 03:09:02     -102.613346        0.010238
BFGS:  196 03:09:02     -102.613380        0.006556
BFGS:  197 03:09:02     -102.613400        0.006536
BFGS:  198 03:09:02     -102.613408        0.006488
BFGS:  199 03:09:02     -102.613413        0.006443
BFGS:  200 03:09:03     -102.613421        0.006365
BFGS:  201 03:09:03     -102.613437        0.006246
BFGS:  202 03:09:03     -102.613462        0.008490
BFGS:  203 03:09:03     -102.613488        0.012800
BFGS:  204 03:09:03     -102.613509        0.014008
BFGS:  205 03:09:03     -102.613529        0.012585
BFGS:  206 03:09:03     -102.613558        0.008924
BFGS:  207 03:09:03     -102.613599        0.006805
BFGS:  208 03:09:03     -102.613636        0.005739
BFGS:  209 03:09:03     -102.613654        0.005976
BFGS:  210 03:09:03     -102.613661        0.005329
BFGS:  211 03:09:03     -102.613669        0.005196
BFGS:  212 03:09:03     -102.613685        0.004956
BFGS:  213 03:09:03     -102.613712        0.005856
BFGS:  214 03:09:04     -102.613748        0.010547
BFGS:  215 03:09:04     -102.613779        0.013687
BFGS:  216 03:09:04     -102.613801        0.014189
BFGS:  217 03:09:04     -102.613827        0.013098
BFGS:  218 03:09:04     -102.613872        0.010503
BFGS:  219 03:09:04     -102.613938        0.007437
BFGS:  220 03:09:04     -102.613994        0.006409
BFGS:  221 03:09:04     -102.614018        0.006075
BFGS:  222 03:09:04     -102.614025        0.004982
BFGS:  223 03:09:04     -102.614031        0.003800
BFGS:  224 03:09:04     -102.614042        0.003426
BFGS:  225 03:09:04     -102.614053        0.002678
BFGS:  226 03:09:04     -102.614060        0.002759
BFGS:  227 03:09:04     -102.614062        0.002500
BFGS:  228 03:09:04     -102.614063        0.002543
BFGS:  229 03:09:05     -102.614064        0.002212
BFGS:  230 03:09:05     -102.614065        0.001322
BFGS:  231 03:09:05     -102.614066        0.001346
BFGS:  232 03:09:05     -102.614067        0.001299
BFGS:  233 03:09:05     -102.614067        0.001045
BFGS:  234 03:09:05     -102.614068        0.001022
BFGS:  235 03:09:05     -102.614068        0.000981
