      Step     Time          Energy          fmax
BFGS:    0 14:44:24      -88.982316        0.545611
BFGS:    1 14:44:24      -89.036774        0.546916
BFGS:    2 14:44:24      -89.985360        0.550253
BFGS:    3 14:44:24      -90.260394        0.538402
BFGS:    4 14:44:24      -90.314048        0.523859
BFGS:    5 14:44:24      -90.392071        0.503815
BFGS:    6 14:44:24      -90.523065        0.486029
BFGS:    7 14:44:24      -90.784508        0.514764
BFGS:    8 14:44:24      -91.176290        0.562076
BFGS:    9 14:44:24      -91.653775        0.609595
BFGS:   10 14:44:24      -92.194365        0.660255
BFGS:   11 14:44:24      -92.788809        0.701953
BFGS:   12 14:44:24      -93.417067        0.704593
BFGS:   13 14:44:24      -94.027201        0.614452
BFGS:   14 14:44:24      -94.395105        0.718480
BFGS:   15 14:44:25      -94.573379        0.661350
BFGS:   16 14:44:25      -94.681773        0.631412
BFGS:   17 14:44:25      -94.767632        0.612125
BFGS:   18 14:44:25      -94.999590        0.582609
BFGS:   19 14:44:25      -95.363531        0.548240
BFGS:   20 14:44:25      -95.640732        0.535463
BFGS:   21 14:44:25      -95.891713        0.528891
BFGS:   22 14:44:25      -96.108702        0.525865
BFGS:   23 14:44:25      -96.278032        0.525149
BFGS:   24 14:44:25      -96.388912        0.527872
BFGS:   25 14:44:25      -96.446049        0.531549
BFGS:   26 14:44:25      -96.503419        0.531438
BFGS:   27 14:44:25      -96.672180        0.523771
BFGS:   28 14:44:25      -96.870100        0.507633
BFGS:   29 14:44:26      -97.082241        0.482517
BFGS:   30 14:44:26      -97.290180        0.451894
BFGS:   31 14:44:26      -97.473925        0.417421
BFGS:   32 14:44:26      -97.618372        0.380339
BFGS:   33 14:44:26      -97.714716        0.352156
BFGS:   34 14:44:26      -97.775810        0.363610
BFGS:   35 14:44:26      -97.824765        0.347626
BFGS:   36 14:44:26      -97.971908        0.393392
BFGS:   37 14:44:26      -98.152453        0.426984
BFGS:   38 14:44:26      -98.336073        0.435531
BFGS:   39 14:44:26      -98.522464        0.434560
BFGS:   40 14:44:26      -98.710960        0.428599
BFGS:   41 14:44:26      -98.898967        0.419723
BFGS:   42 14:44:26      -99.084894        0.408699
BFGS:   43 14:44:26      -99.267738        0.395493
BFGS:   44 14:44:27      -99.445607        0.380184
BFGS:   45 14:44:27      -99.617111        0.363191
BFGS:   46 14:44:27      -99.781376        0.345109
BFGS:   47 14:44:27      -99.937572        0.326445
BFGS:   48 14:44:27     -100.084736        0.307630
BFGS:   49 14:44:27     -100.221759        0.288878
BFGS:   50 14:44:27     -100.347767        0.270596
BFGS:   51 14:44:27     -100.462239        0.264742
BFGS:   52 14:44:27     -100.564835        0.276903
BFGS:   53 14:44:27     -100.655332        0.291013
BFGS:   54 14:44:27     -100.733472        0.306738
BFGS:   55 14:44:27     -100.800072        0.324393
BFGS:   56 14:44:27     -100.854944        0.344055
BFGS:   57 14:44:27     -100.897830        0.365292
BFGS:   58 14:44:28     -100.930671        0.387664
BFGS:   59 14:44:28     -100.959694        0.409871
BFGS:   60 14:44:28     -100.997360        0.428004
BFGS:   61 14:44:28     -101.056397        0.438001
BFGS:   62 14:44:28     -101.146381        0.436281
BFGS:   63 14:44:28     -101.274836        0.416983
BFGS:   64 14:44:28     -101.425783        0.369759
BFGS:   65 14:44:28     -101.533084        0.306267
BFGS:   66 14:44:28     -101.575311        0.273270
BFGS:   67 14:44:28     -101.597457        0.250907
BFGS:   68 14:44:28     -101.613603        0.238939
BFGS:   69 14:44:28     -101.642720        0.219847
BFGS:   70 14:44:28     -101.669899        0.207862
BFGS:   71 14:44:28     -101.697572        0.214705
BFGS:   72 14:44:29     -101.725277        0.218040
BFGS:   73 14:44:29     -101.752465        0.219532
BFGS:   74 14:44:29     -101.778878        0.219764
BFGS:   75 14:44:29     -101.804251        0.219001
BFGS:   76 14:44:29     -101.828376        0.216980
BFGS:   77 14:44:29     -101.851283        0.213337
BFGS:   78 14:44:29     -101.873075        0.207755
BFGS:   79 14:44:29     -101.893901        0.200118
BFGS:   80 14:44:29     -101.914105        0.189821
BFGS:   81 14:44:29     -101.934871        0.181234
BFGS:   82 14:44:29     -101.960246        0.189229
BFGS:   83 14:44:29     -101.985481        0.175587
BFGS:   84 14:44:29     -102.015387        0.149913
BFGS:   85 14:44:29     -102.035245        0.132587
BFGS:   86 14:44:29     -102.052575        0.109577
BFGS:   87 14:44:30     -102.069191        0.093904
BFGS:   88 14:44:30     -102.088014        0.085991
BFGS:   89 14:44:30     -102.105968        0.097602
BFGS:   90 14:44:30     -102.121039        0.108155
BFGS:   91 14:44:30     -102.135518        0.116839
BFGS:   92 14:44:30     -102.149874        0.123880
BFGS:   93 14:44:30     -102.164172        0.130268
BFGS:   94 14:44:30     -102.178368        0.136626
BFGS:   95 14:44:30     -102.192533        0.143412
BFGS:   96 14:44:30     -102.206685        0.151043
BFGS:   97 14:44:30     -102.220719        0.159355
BFGS:   98 14:44:30     -102.234422        0.167502
BFGS:   99 14:44:30     -102.247485        0.174327
BFGS:  100 14:44:30     -102.259578        0.179157
BFGS:  101 14:44:31     -102.270443        0.181858
BFGS:  102 14:44:31     -102.279855        0.182371
BFGS:  103 14:44:31     -102.287563        0.180117
BFGS:  104 14:44:31     -102.293779        0.173565
BFGS:  105 14:44:31     -102.299702        0.162791
BFGS:  106 14:44:31     -102.309220        0.160313
BFGS:  107 14:44:31     -102.324772        0.151827
BFGS:  108 14:44:31     -102.344790        0.137851
BFGS:  109 14:44:31     -102.370977        0.119454
BFGS:  110 14:44:31     -102.392365        0.119570
BFGS:  111 14:44:31     -102.405915        0.134230
BFGS:  112 14:44:31     -102.416178        0.139599
BFGS:  113 14:44:31     -102.426884        0.131865
BFGS:  114 14:44:31     -102.436124        0.111966
BFGS:  115 14:44:32     -102.440769        0.092271
BFGS:  116 14:44:32     -102.442680        0.084237
BFGS:  117 14:44:32     -102.444630        0.079450
BFGS:  118 14:44:32     -102.448841        0.075377
BFGS:  119 14:44:32     -102.458091        0.069059
BFGS:  120 14:44:32     -102.476663        0.063384
BFGS:  121 14:44:32     -102.503295        0.064515
BFGS:  122 14:44:32     -102.525499        0.061924
BFGS:  123 14:44:32     -102.536991        0.047939
BFGS:  124 14:44:32     -102.538824        0.044685
BFGS:  125 14:44:32     -102.539698        0.045080
BFGS:  126 14:44:32     -102.541094        0.045418
BFGS:  127 14:44:32     -102.543766        0.046595
BFGS:  128 14:44:32     -102.548079        0.042821
BFGS:  129 14:44:32     -102.553385        0.039887
BFGS:  130 14:44:33     -102.557307        0.037908
BFGS:  131 14:44:33     -102.558886        0.031606
BFGS:  132 14:44:33     -102.559182        0.028151
BFGS:  133 14:44:33     -102.559259        0.028093
BFGS:  134 14:44:33     -102.559376        0.027637
BFGS:  135 14:44:33     -102.559605        0.026785
BFGS:  136 14:44:33     -102.560158        0.024736
BFGS:  137 14:44:33     -102.561376        0.020811
BFGS:  138 14:44:33     -102.563695        0.024182
BFGS:  139 14:44:33     -102.566794        0.031446
BFGS:  140 14:44:33     -102.569198        0.032867
BFGS:  141 14:44:33     -102.570135        0.028185
BFGS:  142 14:44:33     -102.570488        0.024719
BFGS:  143 14:44:33     -102.570913        0.019590
BFGS:  144 14:44:34     -102.571423        0.019297
BFGS:  145 14:44:34     -102.571760        0.017514
BFGS:  146 14:44:34     -102.571881        0.015812
BFGS:  147 14:44:34     -102.571939        0.015003
BFGS:  148 14:44:34     -102.572036        0.014106
BFGS:  149 14:44:34     -102.572230        0.013158
BFGS:  150 14:44:34     -102.572553        0.029757
BFGS:  151 14:44:34     -102.572969        0.047409
BFGS:  152 14:44:34     -102.573439        0.056871
BFGS:  153 14:44:34     -102.574033        0.055282
BFGS:  154 14:44:34     -102.574896        0.040888
BFGS:  155 14:44:34     -102.575955        0.029649
BFGS:  156 14:44:34     -102.576787        0.030584
BFGS:  157 14:44:34     -102.577217        0.033318
BFGS:  158 14:44:35     -102.577472        0.027468
BFGS:  159 14:44:35     -102.577721        0.016414
BFGS:  160 14:44:35     -102.577944        0.016448
BFGS:  161 14:44:35     -102.578058        0.016137
BFGS:  162 14:44:35     -102.578103        0.016465
BFGS:  163 14:44:35     -102.578151        0.016660
BFGS:  164 14:44:35     -102.578273        0.016852
BFGS:  165 14:44:35     -102.578560        0.016898
BFGS:  166 14:44:35     -102.579218        0.016373
BFGS:  167 14:44:35     -102.580420        0.021812
BFGS:  168 14:44:35     -102.581876        0.020686
BFGS:  169 14:44:35     -102.582790        0.013993
BFGS:  170 14:44:35     -102.583039        0.014917
BFGS:  171 14:44:35     -102.583094        0.015283
BFGS:  172 14:44:35     -102.583169        0.014665
BFGS:  173 14:44:36     -102.583307        0.011977
BFGS:  174 14:44:36     -102.583467        0.008247
BFGS:  175 14:44:36     -102.583561        0.007637
BFGS:  176 14:44:36     -102.583584        0.007279
BFGS:  177 14:44:36     -102.583590        0.007166
BFGS:  178 14:44:36     -102.583599        0.007035
BFGS:  179 14:44:36     -102.583620        0.006759
BFGS:  180 14:44:36     -102.583665        0.006234
BFGS:  181 14:44:36     -102.583742        0.006895
BFGS:  182 14:44:36     -102.583827        0.010870
BFGS:  183 14:44:36     -102.583882        0.012127
BFGS:  184 14:44:36     -102.583914        0.011263
BFGS:  185 14:44:36     -102.583951        0.009458
BFGS:  186 14:44:36     -102.584025        0.008215
BFGS:  187 14:44:37     -102.584148        0.007389
BFGS:  188 14:44:37     -102.584279        0.006378
BFGS:  189 14:44:37     -102.584346        0.006363
BFGS:  190 14:44:37     -102.584364        0.006222
BFGS:  191 14:44:37     -102.584373        0.005837
BFGS:  192 14:44:37     -102.584392        0.004801
BFGS:  193 14:44:37     -102.584426        0.003393
BFGS:  194 14:44:37     -102.584470        0.003034
BFGS:  195 14:44:37     -102.584500        0.003339
BFGS:  196 14:44:37     -102.584509        0.003632
BFGS:  197 14:44:37     -102.584513        0.003767
BFGS:  198 14:44:37     -102.584519        0.003910
BFGS:  199 14:44:37     -102.584532        0.004115
BFGS:  200 14:44:37     -102.584561        0.004346
BFGS:  201 14:44:38     -102.584607        0.004443
BFGS:  202 14:44:38     -102.584652        0.004212
BFGS:  203 14:44:38     -102.584673        0.004249
BFGS:  204 14:44:38     -102.584681        0.004194
BFGS:  205 14:44:38     -102.584688        0.003993
BFGS:  206 14:44:38     -102.584707        0.003856
BFGS:  207 14:44:38     -102.584748        0.005710
BFGS:  208 14:44:38     -102.584828        0.007839
BFGS:  209 14:44:38     -102.584938        0.008831
BFGS:  210 14:44:38     -102.585032        0.009552
BFGS:  211 14:44:38     -102.585084        0.010039
BFGS:  212 14:44:38     -102.585123        0.009634
BFGS:  213 14:44:38     -102.585196        0.009133
BFGS:  214 14:44:38     -102.585357        0.014753
BFGS:  215 14:44:38     -102.585694        0.029620
BFGS:  216 14:44:39     -102.586258        0.052153
BFGS:  217 14:44:39     -102.586717        0.074152
BFGS:  218 14:44:39     -102.586964        0.060282
BFGS:  219 14:44:39     -102.587287        0.047054
BFGS:  220 14:44:39     -102.587563        0.025925
BFGS:  221 14:44:39     -102.587717        0.011752
BFGS:  222 14:44:39     -102.587835        0.012708
BFGS:  223 14:44:39     -102.587865        0.011538
BFGS:  224 14:44:39     -102.587886        0.010157
BFGS:  225 14:44:39     -102.587913        0.010279
BFGS:  226 14:44:39     -102.587946        0.010358
BFGS:  227 14:44:39     -102.587978        0.010358
BFGS:  228 14:44:39     -102.588018        0.013004
BFGS:  229 14:44:39     -102.588089        0.016212
BFGS:  230 14:44:40     -102.588226        0.020599
BFGS:  231 14:44:40     -102.588470        0.025384
BFGS:  232 14:44:40     -102.588838        0.027940
BFGS:  233 14:44:40     -102.589314        0.025868
BFGS:  234 14:44:40     -102.589848        0.021012
BFGS:  235 14:44:40     -102.590461        0.017745
BFGS:  236 14:44:40     -102.591027        0.021320
BFGS:  237 14:44:40     -102.591399        0.022171
BFGS:  238 14:44:40     -102.591681        0.018514
BFGS:  239 14:44:40     -102.591825        0.014304
BFGS:  240 14:44:40     -102.591912        0.013842
BFGS:  241 14:44:40     -102.592131        0.013609
BFGS:  242 14:44:40     -102.592704        0.016095
BFGS:  243 14:44:40     -102.593376        0.022493
BFGS:  244 14:44:41     -102.593833        0.023886
BFGS:  245 14:44:41     -102.594018        0.020973
BFGS:  246 14:44:41     -102.594126        0.018138
BFGS:  247 14:44:41     -102.594262        0.013107
BFGS:  248 14:44:41     -102.594378        0.011155
BFGS:  249 14:44:41     -102.594440        0.016335
BFGS:  250 14:44:41     -102.594466        0.014982
BFGS:  251 14:44:41     -102.594486        0.010374
BFGS:  252 14:44:41     -102.594508        0.004354
BFGS:  253 14:44:41     -102.594527        0.005601
BFGS:  254 14:44:41     -102.594539        0.009311
BFGS:  255 14:44:41     -102.594550        0.010137
BFGS:  256 14:44:41     -102.594564        0.008931
BFGS:  257 14:44:41     -102.594582        0.005564
BFGS:  258 14:44:41     -102.594599        0.004468
BFGS:  259 14:44:42     -102.594610        0.005150
BFGS:  260 14:44:42     -102.594618        0.004906
BFGS:  261 14:44:42     -102.594627        0.004084
BFGS:  262 14:44:42     -102.594640        0.003415
BFGS:  263 14:44:42     -102.594656        0.003549
BFGS:  264 14:44:42     -102.594669        0.005144
BFGS:  265 14:44:42     -102.594677        0.005146
BFGS:  266 14:44:42     -102.594682        0.004242
BFGS:  267 14:44:42     -102.594687        0.002912
BFGS:  268 14:44:42     -102.594695        0.002244
BFGS:  269 14:44:42     -102.594703        0.003333
BFGS:  270 14:44:42     -102.594709        0.003926
BFGS:  271 14:44:42     -102.594712        0.003191
BFGS:  272 14:44:42     -102.594715        0.002683
BFGS:  273 14:44:43     -102.594719        0.002083
BFGS:  274 14:44:43     -102.594725        0.003955
BFGS:  275 14:44:43     -102.594732        0.006506
BFGS:  276 14:44:43     -102.594738        0.007402
BFGS:  277 14:44:43     -102.594745        0.006574
BFGS:  278 14:44:43     -102.594754        0.005566
BFGS:  279 14:44:43     -102.594767        0.004525
BFGS:  280 14:44:43     -102.594781        0.005961
BFGS:  281 14:44:43     -102.594791        0.007483
BFGS:  282 14:44:43     -102.594798        0.006641
BFGS:  283 14:44:43     -102.594806        0.005402
BFGS:  284 14:44:43     -102.594816        0.003419
BFGS:  285 14:44:43     -102.594827        0.003964
BFGS:  286 14:44:43     -102.594836        0.005352
BFGS:  287 14:44:44     -102.594842        0.005118
BFGS:  288 14:44:44     -102.594853        0.004426
BFGS:  289 14:44:44     -102.594873        0.004179
BFGS:  290 14:44:44     -102.594905        0.004485
BFGS:  291 14:44:44     -102.594939        0.007348
BFGS:  292 14:44:44     -102.594961        0.008329
BFGS:  293 14:44:44     -102.594977        0.007869
BFGS:  294 14:44:44     -102.594999        0.007183
BFGS:  295 14:44:44     -102.595046        0.007278
BFGS:  296 14:44:44     -102.595136        0.008782
BFGS:  297 14:44:44     -102.595256        0.010528
BFGS:  298 14:44:44     -102.595346        0.009965
BFGS:  299 14:44:44     -102.595384        0.008208
BFGS:  300 14:44:44     -102.595403        0.007014
BFGS:  301 14:44:45     -102.595432        0.006792
BFGS:  302 14:44:45     -102.595475        0.005729
BFGS:  303 14:44:45     -102.595523        0.006989
BFGS:  304 14:44:45     -102.595554        0.008457
BFGS:  305 14:44:45     -102.595572        0.008106
BFGS:  306 14:44:45     -102.595591        0.006889
BFGS:  307 14:44:45     -102.595615        0.004876
BFGS:  308 14:44:45     -102.595641        0.004268
BFGS:  309 14:44:45     -102.595661        0.003140
BFGS:  310 14:44:45     -102.595676        0.003178
BFGS:  311 14:44:45     -102.595686        0.003222
BFGS:  312 14:44:45     -102.595694        0.003137
BFGS:  313 14:44:45     -102.595700        0.003261
BFGS:  314 14:44:45     -102.595707        0.003094
BFGS:  315 14:44:45     -102.595718        0.002951
BFGS:  316 14:44:46     -102.595735        0.002760
BFGS:  317 14:44:46     -102.595750        0.003119
BFGS:  318 14:44:46     -102.595757        0.003616
BFGS:  319 14:44:46     -102.595760        0.003337
BFGS:  320 14:44:46     -102.595763        0.002952
BFGS:  321 14:44:46     -102.595769        0.002566
BFGS:  322 14:44:46     -102.595776        0.001829
BFGS:  323 14:44:46     -102.595781        0.001398
BFGS:  324 14:44:46     -102.595783        0.001306
BFGS:  325 14:44:46     -102.595783        0.001122
BFGS:  326 14:44:46     -102.595784        0.000865
