      Step     Time          Energy          fmax
BFGS:    0 14:59:11      312.718640       41.979232
BFGS:    1 14:59:11      149.497651       20.930014
BFGS:    2 14:59:11       28.539138       12.013227
BFGS:    3 14:59:11      -40.502389        7.969566
BFGS:    4 14:59:11      -80.636046        5.945616
BFGS:    5 14:59:11     -104.482093        4.864899
BFGS:    6 14:59:11     -119.086248        4.080687
BFGS:    7 14:59:12     -127.664648        3.526018
BFGS:    8 14:59:12     -132.431693        3.143157
BFGS:    9 14:59:12     -135.311674        2.890070
BFGS:   10 14:59:12     -137.702679        2.712887
BFGS:   11 14:59:12     -140.179195        2.582585
BFGS:   12 14:59:12     -142.776333        2.482224
BFGS:   13 14:59:12     -145.379836        2.406375
BFGS:   14 14:59:12     -147.852188        2.352215
BFGS:   15 14:59:13     -150.105639        2.314098
BFGS:   16 14:59:13     -152.094620        2.283858
BFGS:   17 14:59:13     -153.846038        2.255751
BFGS:   18 14:59:13     -155.387390        2.225550
BFGS:   19 14:59:13     -156.736739        2.190095
BFGS:   20 14:59:13     -157.917296        2.147892
BFGS:   21 14:59:13     -158.950821        2.098507
BFGS:   22 14:59:13     -159.861176        2.042019
BFGS:   23 14:59:14     -160.677825        1.978686
BFGS:   24 14:59:14     -161.441987        1.909776
BFGS:   25 14:59:14     -162.203271        1.836548
BFGS:   26 14:59:14     -163.001962        1.760140
BFGS:   27 14:59:14     -163.857525        1.682462
BFGS:   28 14:59:14     -164.763324        1.605157
BFGS:   29 14:59:14     -165.695189        1.530251
BFGS:   30 14:59:15     -166.621536        1.459405
BFGS:   31 14:59:15     -167.510099        1.394254
BFGS:   32 14:59:15     -168.331420        1.336303
BFGS:   33 14:59:15     -169.066750        1.286482
BFGS:   34 14:59:15     -169.710067        1.244722
BFGS:   35 14:59:15     -170.266848        1.210013
BFGS:   36 14:59:15     -170.752197        1.180918
BFGS:   37 14:59:15     -171.184193        1.155711
BFGS:   38 14:59:16     -171.582121        1.132497
BFGS:   39 14:59:16     -171.963120        1.110122
BFGS:   40 14:59:16     -172.336935        1.087970
BFGS:   41 14:59:16     -172.708055        1.065681
BFGS:   42 14:59:16     -173.077810        1.043206
BFGS:   43 14:59:16     -173.445355        1.020599
BFGS:   44 14:59:16     -173.808561        0.997936
BFGS:   45 14:59:16     -174.164767        0.975312
BFGS:   46 14:59:17     -174.511157        0.952820
BFGS:   47 14:59:17     -174.845365        0.930529
BFGS:   48 14:59:17     -175.165768        0.908486
BFGS:   49 14:59:17     -175.471567        0.886714
BFGS:   50 14:59:17     -175.762670        0.865214
BFGS:   51 14:59:17     -176.039525        0.843961
BFGS:   52 14:59:17     -176.302981        0.822908
BFGS:   53 14:59:17     -176.554208        0.801999
BFGS:   54 14:59:18     -176.794604        0.781186
BFGS:   55 14:59:18     -177.025721        0.760440
BFGS:   56 14:59:18     -177.249184        0.739752
BFGS:   57 14:59:18     -177.466597        0.719132
BFGS:   58 14:59:18     -177.679425        0.698594
BFGS:   59 14:59:18     -177.888947        0.678133
BFGS:   60 14:59:18     -178.096352        0.657722
BFGS:   61 14:59:18     -178.302834        0.637343
BFGS:   62 14:59:19     -178.509602        0.617078
BFGS:   63 14:59:19     -178.717690        0.596974
BFGS:   64 14:59:19     -178.927703        0.577082
BFGS:   65 14:59:19     -179.139554        0.568998
BFGS:   66 14:59:19     -179.352414        0.581816
BFGS:   67 14:59:19     -179.564833        0.591856
BFGS:   68 14:59:19     -179.775077        0.600088
BFGS:   69 14:59:19     -179.982212        0.606790
BFGS:   70 14:59:20     -180.185575        0.611963
BFGS:   71 14:59:20     -180.384833        0.615552
BFGS:   72 14:59:20     -180.580162        0.617394
BFGS:   73 14:59:20     -180.771823        0.617263
BFGS:   74 14:59:20     -180.959808        0.614841
BFGS:   75 14:59:20     -181.143481        0.609778
BFGS:   76 14:59:20     -181.321365        0.602060
BFGS:   77 14:59:20     -181.491621        0.592056
BFGS:   78 14:59:21     -181.652923        0.580214
BFGS:   79 14:59:21     -181.805049        0.566665
BFGS:   80 14:59:21     -181.948864        0.551178
BFGS:   81 14:59:21     -182.085749        0.533441
BFGS:   82 14:59:21     -182.216880        0.513335
BFGS:   83 14:59:21     -182.342830        0.490849
BFGS:   84 14:59:21     -182.463108        0.465789
BFGS:   85 14:59:21     -182.575970        0.438580
BFGS:   86 14:59:21     -182.681124        0.409021
BFGS:   87 14:59:22     -182.778502        0.376820
BFGS:   88 14:59:22     -182.868010        0.341732
BFGS:   89 14:59:22     -182.949494        0.303620
BFGS:   90 14:59:22     -183.022784        0.262409
BFGS:   91 14:59:22     -183.087807        0.217884
BFGS:   92 14:59:22     -183.144823        0.169312
BFGS:   93 14:59:22     -183.195247        0.170430
BFGS:   94 14:59:22     -183.241400        0.184422
BFGS:   95 14:59:23     -183.292233        0.188527
BFGS:   96 14:59:23     -183.397252        0.181806
BFGS:   97 14:59:23     -183.455500        0.193727
BFGS:   98 14:59:23     -183.500884        0.205952
BFGS:   99 14:59:23     -183.539590        0.221471
BFGS:  100 14:59:23     -183.580319        0.246233
BFGS:  101 14:59:23     -183.626549        0.263190
BFGS:  102 14:59:23     -183.725732        0.280097
BFGS:  103 14:59:24     -183.793180        0.280678
BFGS:  104 14:59:24     -183.858238        0.282224
BFGS:  105 14:59:24     -183.923290        0.285177
BFGS:  106 14:59:24     -183.988810        0.289066
BFGS:  107 14:59:24     -184.055969        0.294510
BFGS:  108 14:59:24     -184.122158        0.300130
BFGS:  109 14:59:24     -184.187229        0.306109
BFGS:  110 14:59:24     -184.251346        0.312372
BFGS:  111 14:59:25     -184.314208        0.318481
BFGS:  112 14:59:25     -184.375447        0.323697
BFGS:  113 14:59:25     -184.435050        0.327331
BFGS:  114 14:59:25     -184.493314        0.329021
BFGS:  115 14:59:25     -184.550306        0.328717
BFGS:  116 14:59:25     -184.605688        0.326531
BFGS:  117 14:59:25     -184.658907        0.322618
BFGS:  118 14:59:25     -184.709446        0.317133
BFGS:  119 14:59:25     -184.756978        0.323270
BFGS:  120 14:59:26     -184.801405        0.334179
BFGS:  121 14:59:26     -184.842844        0.344850
BFGS:  122 14:59:26     -184.881579        0.355174
BFGS:  123 14:59:26     -184.918039        0.365015
BFGS:  124 14:59:26     -184.952731        0.374210
BFGS:  125 14:59:26     -184.986280        0.382562
BFGS:  126 14:59:26     -185.019476        0.389843
BFGS:  127 14:59:26     -185.053227        0.395800
BFGS:  128 14:59:27     -185.088428        0.400173
BFGS:  129 14:59:27     -185.125847        0.402705
BFGS:  130 14:59:27     -185.166129        0.403146
BFGS:  131 14:59:27     -185.209842        0.401262
BFGS:  132 14:59:27     -185.257472        0.396839
BFGS:  133 14:59:27     -185.309369        0.389692
BFGS:  134 14:59:27     -185.365720        0.379656
BFGS:  135 14:59:27     -185.426594        0.366551
BFGS:  136 14:59:28     -185.492011        0.350110
BFGS:  137 14:59:28     -185.563011        0.329515
BFGS:  138 14:59:28     -185.641613        0.303136
BFGS:  139 14:59:28     -185.730805        0.267588
BFGS:  140 14:59:28     -185.830147        0.213162
BFGS:  141 14:59:28     -185.882910        0.203949
BFGS:  142 14:59:28     -185.938889        0.197226
BFGS:  143 14:59:28     -185.984593        0.191872
BFGS:  144 14:59:28     -186.027982        0.187058
BFGS:  145 14:59:29     -186.070493        0.182458
BFGS:  146 14:59:29     -186.112673        0.177860
BFGS:  147 14:59:29     -186.155852        0.172993
BFGS:  148 14:59:29     -186.202400        0.167561
BFGS:  149 14:59:29     -186.258273        0.166538
BFGS:  150 14:59:29     -186.311203        0.179105
BFGS:  151 14:59:29     -186.352422        0.178627
BFGS:  152 14:59:29     -186.383346        0.174594
BFGS:  153 14:59:30     -186.411777        0.169951
BFGS:  154 14:59:30     -186.438740        0.171088
BFGS:  155 14:59:30     -186.464498        0.174643
BFGS:  156 14:59:30     -186.489218        0.177871
BFGS:  157 14:59:30     -186.512995        0.180824
BFGS:  158 14:59:30     -186.535880        0.183641
BFGS:  159 14:59:30     -186.557906        0.186525
BFGS:  160 14:59:30     -186.579105        0.189669
BFGS:  161 14:59:31     -186.599537        0.193188
BFGS:  162 14:59:31     -186.619302        0.197050
BFGS:  163 14:59:31     -186.638531        0.201079
BFGS:  164 14:59:31     -186.657376        0.204984
BFGS:  165 14:59:31     -186.675984        0.208414
BFGS:  166 14:59:31     -186.694472        0.211018
BFGS:  167 14:59:31     -186.712845        0.212560
BFGS:  168 14:59:31     -186.730891        0.213073
BFGS:  169 14:59:32     -186.748341        0.212834
BFGS:  170 14:59:32     -186.766257        0.211867
BFGS:  171 14:59:32     -186.792209        0.208047
BFGS:  172 14:59:32     -186.821571        0.200248
BFGS:  173 14:59:32     -186.855517        0.189232
BFGS:  174 14:59:32     -186.884523        0.178974
BFGS:  175 14:59:32     -186.912600        0.168405
BFGS:  176 14:59:32     -186.940634        0.156984
BFGS:  177 14:59:32     -186.969424        0.143969
BFGS:  178 14:59:33     -186.999844        0.149149
BFGS:  179 14:59:33     -187.028598        0.159028
BFGS:  180 14:59:33     -187.054589        0.161360
BFGS:  181 14:59:33     -187.076037        0.158686
BFGS:  182 14:59:33     -187.096854        0.154775
BFGS:  183 14:59:33     -187.118417        0.151313
BFGS:  184 14:59:33     -187.140755        0.149536
BFGS:  185 14:59:33     -187.163297        0.149789
BFGS:  186 14:59:34     -187.186273        0.149513
BFGS:  187 14:59:34     -187.209430        0.146760
BFGS:  188 14:59:34     -187.235974        0.142449
BFGS:  189 14:59:34     -187.272605        0.143712
BFGS:  190 14:59:34     -187.325324        0.162284
BFGS:  191 14:59:34     -187.402961        0.192156
BFGS:  192 14:59:34     -187.509565        0.226030
BFGS:  193 14:59:34     -187.637505        0.252197
BFGS:  194 14:59:34     -187.770048        0.266158
BFGS:  195 14:59:35     -187.900206        0.279665
BFGS:  196 14:59:35     -188.058756        0.355891
BFGS:  197 14:59:35     -188.209154        0.405290
BFGS:  198 14:59:35     -188.389200        0.461582
BFGS:  199 14:59:35     -188.552716        0.472916
BFGS:  200 14:59:35     -188.698191        0.477109
BFGS:  201 14:59:35     -188.874686        0.460525
BFGS:  202 14:59:35     -189.091600        0.428147
BFGS:  203 14:59:36     -189.395119        0.351196
BFGS:  204 14:59:36     -189.745443        0.285843
BFGS:  205 14:59:36     -189.864530        0.261456
BFGS:  206 14:59:36     -189.997463        0.225067
BFGS:  207 14:59:36     -190.108346        0.187423
BFGS:  208 14:59:36     -190.188190        0.160927
BFGS:  209 14:59:36     -190.236208        0.157867
BFGS:  210 14:59:36     -190.268271        0.147024
BFGS:  211 14:59:37     -190.301888        0.162802
BFGS:  212 14:59:37     -190.348080        0.174342
BFGS:  213 14:59:37     -190.411456        0.177626
BFGS:  214 14:59:37     -190.492368        0.170254
BFGS:  215 14:59:37     -190.585264        0.147977
BFGS:  216 14:59:37     -190.673845        0.169332
BFGS:  217 14:59:37     -190.715538        0.148433
BFGS:  218 14:59:37     -190.737434        0.134954
BFGS:  219 14:59:37     -190.767742        0.115280
BFGS:  220 14:59:38     -190.792576        0.099188
BFGS:  221 14:59:38     -190.833246        0.118617
BFGS:  222 14:59:38     -190.856762        0.113447
BFGS:  223 14:59:38     -190.872409        0.089592
BFGS:  224 14:59:38     -190.881378        0.091108
BFGS:  225 14:59:38     -190.889488        0.088076
BFGS:  226 14:59:38     -190.899021        0.088990
BFGS:  227 14:59:38     -190.919355        0.089913
BFGS:  228 14:59:39     -190.937135        0.090029
BFGS:  229 14:59:39     -190.954706        0.089762
BFGS:  230 14:59:39     -190.973193        0.101999
BFGS:  231 14:59:39     -190.991802        0.112403
BFGS:  232 14:59:39     -191.006544        0.119019
BFGS:  233 14:59:39     -191.018748        0.122711
BFGS:  234 14:59:39     -191.030394        0.125353
BFGS:  235 14:59:39     -191.043204        0.126126
BFGS:  236 14:59:39     -191.057170        0.126853
BFGS:  237 14:59:40     -191.072435        0.127119
BFGS:  238 14:59:40     -191.088379        0.127917
BFGS:  239 14:59:40     -191.104570        0.131414
BFGS:  240 14:59:40     -191.120643        0.137420
BFGS:  241 14:59:40     -191.138741        0.142776
BFGS:  242 14:59:40     -191.159316        0.147146
BFGS:  243 14:59:40     -191.182107        0.150283
BFGS:  244 14:59:40     -191.205908        0.152266
BFGS:  245 14:59:40     -191.229289        0.153710
BFGS:  246 14:59:41     -191.253259        0.154764
BFGS:  247 14:59:41     -191.278178        0.154902
BFGS:  248 14:59:41     -191.303769        0.153469
BFGS:  249 14:59:41     -191.329330        0.150310
BFGS:  250 14:59:41     -191.354208        0.145707
BFGS:  251 14:59:41     -191.378100        0.140103
BFGS:  252 14:59:41     -191.401276        0.133896
BFGS:  253 14:59:41     -191.424893        0.131062
BFGS:  254 14:59:42     -191.450590        0.139072
BFGS:  255 14:59:42     -191.478900        0.146248
BFGS:  256 14:59:42     -191.508974        0.151388
BFGS:  257 14:59:42     -191.538487        0.154288
BFGS:  258 14:59:42     -191.563001        0.153304
BFGS:  259 14:59:42     -191.583829        0.150503
BFGS:  260 14:59:42     -191.601317        0.151734
BFGS:  261 14:59:42     -191.618546        0.159218
BFGS:  262 14:59:42     -191.641753        0.159810
BFGS:  263 14:59:43     -191.668854        0.141311
BFGS:  264 14:59:43     -191.724456        0.105686
BFGS:  265 14:59:43     -191.756843        0.094474
BFGS:  266 14:59:43     -191.780468        0.090205
BFGS:  267 14:59:43     -191.804325        0.093498
BFGS:  268 14:59:43     -191.825881        0.084331
BFGS:  269 14:59:43     -191.835631        0.079945
BFGS:  270 14:59:43     -191.846317        0.077824
BFGS:  271 14:59:44     -191.859333        0.093171
BFGS:  272 14:59:44     -191.881437        0.109361
BFGS:  273 14:59:44     -191.906059        0.118052
BFGS:  274 14:59:44     -191.940563        0.111183
BFGS:  275 14:59:44     -191.991566        0.100792
BFGS:  276 14:59:44     -192.012912        0.107256
BFGS:  277 14:59:44     -192.028530        0.113350
BFGS:  278 14:59:44     -192.039126        0.110236
BFGS:  279 14:59:44     -192.058294        0.091114
BFGS:  280 14:59:45     -192.083139        0.074164
BFGS:  281 14:59:45     -192.127122        0.088797
BFGS:  282 14:59:45     -192.149617        0.106195
BFGS:  283 14:59:45     -192.179282        0.105254
BFGS:  284 14:59:45     -192.213865        0.110735
BFGS:  285 14:59:45     -192.238793        0.110825
BFGS:  286 14:59:45     -192.262732        0.109207
BFGS:  287 14:59:45     -192.283623        0.110268
BFGS:  288 14:59:46     -192.299700        0.117965
BFGS:  289 14:59:46     -192.321723        0.131096
BFGS:  290 14:59:46     -192.355481        0.146423
BFGS:  291 14:59:46     -192.385966        0.146011
BFGS:  292 14:59:46     -192.415171        0.130502
BFGS:  293 14:59:46     -192.449763        0.101431
BFGS:  294 14:59:47     -192.487732        0.095393
BFGS:  295 14:59:47     -192.515800        0.096457
BFGS:  296 14:59:47     -192.540120        0.096852
BFGS:  297 14:59:47     -192.563553        0.104949
BFGS:  298 14:59:47     -192.578447        0.115509
BFGS:  299 14:59:47     -192.593174        0.113096
BFGS:  300 14:59:47     -192.610538        0.100105
BFGS:  301 14:59:48     -192.626522        0.090203
BFGS:  302 14:59:48     -192.639039        0.091547
BFGS:  303 14:59:48     -192.656376        0.092616
BFGS:  304 14:59:48     -192.669113        0.094016
BFGS:  305 14:59:48     -192.683264        0.096814
BFGS:  306 14:59:48     -192.704173        0.099488
BFGS:  307 14:59:48     -192.718429        0.101693
BFGS:  308 14:59:48     -192.724185        0.102883
BFGS:  309 14:59:49     -192.729450        0.101689
BFGS:  310 14:59:49     -192.736061        0.100629
BFGS:  311 14:59:49     -192.744785        0.098382
BFGS:  312 14:59:49     -192.754742        0.095469
BFGS:  313 14:59:49     -192.762165        0.092842
BFGS:  314 14:59:49     -192.767442        0.092326
BFGS:  315 14:59:49     -192.772811        0.091939
BFGS:  316 14:59:49     -192.778865        0.092569
BFGS:  317 14:59:49     -192.785553        0.092796
BFGS:  318 14:59:50     -192.795072        0.094033
BFGS:  319 14:59:50     -192.811572        0.095513
BFGS:  320 14:59:50     -192.837141        0.097660
BFGS:  321 14:59:50     -192.866230        0.105654
BFGS:  322 14:59:50     -192.898913        0.120114
BFGS:  323 14:59:50     -192.930708        0.113487
BFGS:  324 14:59:50     -192.956413        0.093624
BFGS:  325 14:59:50     -192.974439        0.083929
BFGS:  326 14:59:51     -192.997881        0.099366
BFGS:  327 14:59:51     -193.017727        0.103990
BFGS:  328 14:59:51     -193.038960        0.113859
BFGS:  329 14:59:51     -193.057369        0.115914
BFGS:  330 14:59:51     -193.081614        0.116664
BFGS:  331 14:59:51     -193.118641        0.109541
BFGS:  332 14:59:51     -193.124246        0.140414
BFGS:  333 14:59:51     -193.170163        0.097629
BFGS:  334 14:59:51     -193.190647        0.083443
BFGS:  335 14:59:52     -193.221455        0.079472
BFGS:  336 14:59:52     -193.240110        0.085342
BFGS:  337 14:59:52     -193.253074        0.085424
BFGS:  338 14:59:52     -193.259720        0.079207
BFGS:  339 14:59:52     -193.268767        0.074593
BFGS:  340 14:59:52     -193.286131        0.077881
BFGS:  341 14:59:52     -193.314818        0.080367
BFGS:  342 14:59:52     -193.336173        0.082945
BFGS:  343 14:59:53     -193.357611        0.077137
BFGS:  344 14:59:53     -193.369630        0.075474
BFGS:  345 14:59:53     -193.378182        0.088318
BFGS:  346 14:59:53     -193.384177        0.088730
BFGS:  347 14:59:53     -193.397797        0.078044
BFGS:  348 14:59:53     -193.416625        0.080870
BFGS:  349 14:59:53     -193.437533        0.078650
BFGS:  350 14:59:53     -193.460866        0.072211
BFGS:  351 14:59:53     -193.483443        0.059283
BFGS:  352 14:59:54     -193.505927        0.053228
BFGS:  353 14:59:54     -193.527298        0.043796
BFGS:  354 14:59:54     -193.543721        0.040146
BFGS:  355 14:59:54     -193.548529        0.053201
BFGS:  356 14:59:54     -193.550491        0.058565
BFGS:  357 14:59:54     -193.554210        0.061165
BFGS:  358 14:59:54     -193.558002        0.056992
BFGS:  359 14:59:54     -193.566124        0.043893
BFGS:  360 14:59:55     -193.574413        0.028413
BFGS:  361 14:59:55     -193.583365        0.027659
BFGS:  362 14:59:55     -193.588076        0.023796
BFGS:  363 14:59:55     -193.589932        0.026399
BFGS:  364 14:59:55     -193.590486        0.025553
BFGS:  365 14:59:55     -193.591193        0.023552
BFGS:  366 14:59:55     -193.592260        0.020382
BFGS:  367 14:59:55     -193.594322        0.018471
BFGS:  368 14:59:55     -193.597040        0.019382
BFGS:  369 14:59:56     -193.599351        0.017098
BFGS:  370 14:59:56     -193.600501        0.016238
BFGS:  371 14:59:56     -193.600878        0.016057
BFGS:  372 14:59:56     -193.601170        0.016053
BFGS:  373 14:59:56     -193.601794        0.016087
BFGS:  374 14:59:56     -193.602996        0.015954
BFGS:  375 14:59:56     -193.605830        0.015967
BFGS:  376 14:59:56     -193.608750        0.017840
BFGS:  377 14:59:57     -193.611430        0.016482
BFGS:  378 14:59:57     -193.614858        0.016340
BFGS:  379 14:59:57     -193.615968        0.015813
BFGS:  380 14:59:57     -193.616589        0.015644
BFGS:  381 14:59:57     -193.616923        0.015071
BFGS:  382 14:59:57     -193.617174        0.015057
BFGS:  383 14:59:57     -193.617353        0.014812
BFGS:  384 14:59:57     -193.617456        0.014620
BFGS:  385 14:59:57     -193.617604        0.014226
BFGS:  386 14:59:58     -193.617786        0.013800
BFGS:  387 14:59:58     -193.618191        0.016529
BFGS:  388 14:59:58     -193.618840        0.026479
BFGS:  389 14:59:58     -193.619687        0.037800
BFGS:  390 14:59:58     -193.620354        0.041311
BFGS:  391 14:59:58     -193.620784        0.035873
BFGS:  392 14:59:58     -193.621108        0.026385
BFGS:  393 14:59:58     -193.621495        0.013103
BFGS:  394 14:59:59     -193.621885        0.011826
BFGS:  395 14:59:59     -193.622141        0.019342
BFGS:  396 14:59:59     -193.622296        0.021056
BFGS:  397 14:59:59     -193.622476        0.020272
BFGS:  398 14:59:59     -193.622841        0.017727
BFGS:  399 14:59:59     -193.623588        0.013029
BFGS:  400 14:59:59     -193.624840        0.015983
BFGS:  401 14:59:59     -193.626193        0.019164
BFGS:  402 14:59:59     -193.627006        0.019191
BFGS:  403 15:00:00     -193.628094        0.020329
BFGS:  404 15:00:00     -193.631469        0.020447
BFGS:  405 15:00:00     -193.623536        0.077978
BFGS:  406 15:00:00     -193.634152        0.041561
BFGS:  407 15:00:00     -193.636175        0.020309
BFGS:  408 15:00:00     -193.637144        0.020275
BFGS:  409 15:00:00     -193.641489        0.021089
BFGS:  410 15:00:00     -193.644490        0.021157
BFGS:  411 15:00:01     -193.647168        0.021457
BFGS:  412 15:00:01     -193.647951        0.023570
BFGS:  413 15:00:01     -193.648111        0.021766
BFGS:  414 15:00:01     -193.648312        0.021915
BFGS:  415 15:00:01     -193.648496        0.022154
BFGS:  416 15:00:01     -193.648675        0.022304
BFGS:  417 15:00:01     -193.648783        0.022189
BFGS:  418 15:00:01     -193.648859        0.021921
BFGS:  419 15:00:01     -193.648934        0.021621
BFGS:  420 15:00:02     -193.649075        0.021198
BFGS:  421 15:00:02     -193.649388        0.020591
BFGS:  422 15:00:02     -193.650118        0.019707
BFGS:  423 15:00:02     -193.651722        0.025694
BFGS:  424 15:00:02     -193.654743        0.045994
BFGS:  425 15:00:02     -193.658544        0.061860
BFGS:  426 15:00:02     -193.661680        0.065416
BFGS:  427 15:00:02     -193.663718        0.059448
BFGS:  428 15:00:03     -193.665129        0.049147
BFGS:  429 15:00:03     -193.667191        0.033085
BFGS:  430 15:00:03     -193.669309        0.032978
BFGS:  431 15:00:03     -193.670802        0.044604
BFGS:  432 15:00:03     -193.671498        0.042170
BFGS:  433 15:00:03     -193.672064        0.032805
BFGS:  434 15:00:03     -193.672998        0.028569
BFGS:  435 15:00:03     -193.674553        0.051514
BFGS:  436 15:00:03     -193.676872        0.070239
BFGS:  437 15:00:04     -193.679093        0.080222
BFGS:  438 15:00:04     -193.680920        0.092134
BFGS:  439 15:00:04     -193.682215        0.102199
BFGS:  440 15:00:04     -193.683765        0.082476
BFGS:  441 15:00:04     -193.685532        0.061423
BFGS:  442 15:00:04     -193.687163        0.058922
BFGS:  443 15:00:04     -193.689851        0.077754
BFGS:  444 15:00:04     -193.691943        0.083159
BFGS:  445 15:00:05     -193.693385        0.051856
BFGS:  446 15:00:05     -193.694148        0.031944
BFGS:  447 15:00:05     -193.694642        0.027665
BFGS:  448 15:00:05     -193.695032        0.028700
BFGS:  449 15:00:05     -193.695418        0.027168
BFGS:  450 15:00:05     -193.695845        0.020771
BFGS:  451 15:00:05     -193.696231        0.014227
BFGS:  452 15:00:05     -193.696452        0.012728
BFGS:  453 15:00:05     -193.696566        0.013029
BFGS:  454 15:00:06     -193.696688        0.011156
BFGS:  455 15:00:06     -193.696894        0.010264
BFGS:  456 15:00:06     -193.697171        0.011207
BFGS:  457 15:00:06     -193.697391        0.010919
BFGS:  458 15:00:06     -193.697475        0.010931
BFGS:  459 15:00:06     -193.697504        0.010026
BFGS:  460 15:00:06     -193.697533        0.008704
BFGS:  461 15:00:06     -193.697589        0.007064
BFGS:  462 15:00:07     -193.697691        0.007356
BFGS:  463 15:00:07     -193.697846        0.012515
BFGS:  464 15:00:07     -193.698012        0.019283
BFGS:  465 15:00:07     -193.698147        0.023321
BFGS:  466 15:00:07     -193.698271        0.024628
BFGS:  467 15:00:07     -193.698453        0.024393
BFGS:  468 15:00:07     -193.698778        0.022512
BFGS:  469 15:00:07     -193.699294        0.020569
BFGS:  470 15:00:07     -193.699900        0.036684
BFGS:  471 15:00:08     -193.700350        0.043389
BFGS:  472 15:00:08     -193.700585        0.039492
BFGS:  473 15:00:08     -193.700789        0.030022
BFGS:  474 15:00:08     -193.701077        0.013768
BFGS:  475 15:00:08     -193.701356        0.011737
BFGS:  476 15:00:08     -193.701531        0.017298
BFGS:  477 15:00:08     -193.701622        0.017853
BFGS:  478 15:00:08     -193.701712        0.015557
BFGS:  479 15:00:09     -193.701865        0.012799
BFGS:  480 15:00:09     -193.702128        0.017754
BFGS:  481 15:00:09     -193.702809        0.025664
BFGS:  482 15:00:09     -193.703545        0.036959
BFGS:  483 15:00:09     -193.701773        0.075752
BFGS:  484 15:00:09     -193.708876        0.026920
BFGS:  485 15:00:09     -193.713105        0.022595
BFGS:  486 15:00:09     -193.713400        0.022763
BFGS:  487 15:00:10     -193.715217        0.015442
BFGS:  488 15:00:10     -193.715515        0.012441
BFGS:  489 15:00:10     -193.716025        0.010472
BFGS:  490 15:00:10     -193.716132        0.010195
BFGS:  491 15:00:10     -193.716202        0.009841
BFGS:  492 15:00:10     -193.716263        0.009423
BFGS:  493 15:00:10     -193.716347        0.008580
BFGS:  494 15:00:10     -193.716502        0.008526
BFGS:  495 15:00:10     -193.716676        0.008690
BFGS:  496 15:00:11     -193.716799        0.010023
BFGS:  497 15:00:11     -193.716851        0.009761
BFGS:  498 15:00:11     -193.716887        0.009335
BFGS:  499 15:00:11     -193.716947        0.009448
BFGS:  500 15:00:11     -193.717056        0.009533
BFGS:  501 15:00:11     -193.717206        0.009516
BFGS:  502 15:00:11     -193.717323        0.010681
BFGS:  503 15:00:11     -193.717374        0.009202
BFGS:  504 15:00:12     -193.717398        0.009126
BFGS:  505 15:00:12     -193.717425        0.009077
BFGS:  506 15:00:12     -193.717468        0.009050
BFGS:  507 15:00:12     -193.717521        0.009962
BFGS:  508 15:00:12     -193.717563        0.012447
BFGS:  509 15:00:12     -193.717590        0.010969
BFGS:  510 15:00:12     -193.717615        0.009449
BFGS:  511 15:00:12     -193.717654        0.009256
BFGS:  512 15:00:12     -193.717712        0.009238
BFGS:  513 15:00:13     -193.717773        0.013591
BFGS:  514 15:00:13     -193.717815        0.013915
BFGS:  515 15:00:13     -193.717840        0.010428
BFGS:  516 15:00:13     -193.717865        0.009025
BFGS:  517 15:00:13     -193.717898        0.009009
BFGS:  518 15:00:13     -193.717936        0.010940
BFGS:  519 15:00:13     -193.717970        0.009491
BFGS:  520 15:00:13     -193.717996        0.009014
BFGS:  521 15:00:14     -193.718020        0.009010
BFGS:  522 15:00:14     -193.718048        0.010422
BFGS:  523 15:00:14     -193.718087        0.014538
BFGS:  524 15:00:14     -193.718148        0.019195
BFGS:  525 15:00:14     -193.718236        0.019630
BFGS:  526 15:00:14     -193.718342        0.013372
BFGS:  527 15:00:14     -193.718431        0.010962
BFGS:  528 15:00:14     -193.718493        0.011057
BFGS:  529 15:00:14     -193.718553        0.014267
BFGS:  530 15:00:15     -193.718649        0.015650
BFGS:  531 15:00:15     -193.718811        0.015281
BFGS:  532 15:00:15     -193.719023        0.014463
BFGS:  533 15:00:15     -193.719205        0.016005
BFGS:  534 15:00:15     -193.719323        0.017109
BFGS:  535 15:00:15     -193.719436        0.015901
BFGS:  536 15:00:15     -193.719631        0.015909
BFGS:  537 15:00:15     -193.719969        0.024162
BFGS:  538 15:00:16     -193.720418        0.026582
BFGS:  539 15:00:16     -193.720793        0.018876
BFGS:  540 15:00:16     -193.721016        0.018631
BFGS:  541 15:00:16     -193.721200        0.017699
BFGS:  542 15:00:16     -193.721490        0.018826
BFGS:  543 15:00:16     -193.721962        0.031786
BFGS:  544 15:00:16     -193.722535        0.042702
BFGS:  545 15:00:16     -193.722963        0.037677
BFGS:  546 15:00:17     -193.723177        0.019518
BFGS:  547 15:00:17     -193.723272        0.011177
BFGS:  548 15:00:17     -193.723370        0.014640
BFGS:  549 15:00:17     -193.723514        0.032853
BFGS:  550 15:00:17     -193.723715        0.046579
BFGS:  551 15:00:17     -193.723963        0.046844
BFGS:  552 15:00:17     -193.724202        0.029514
BFGS:  553 15:00:17     -193.724382        0.020086
BFGS:  554 15:00:17     -193.724518        0.025090
BFGS:  555 15:00:18     -193.724657        0.029054
BFGS:  556 15:00:18     -193.724833        0.032443
BFGS:  557 15:00:18     -193.725043        0.024604
BFGS:  558 15:00:18     -193.725239        0.019081
BFGS:  559 15:00:18     -193.725391        0.026784
BFGS:  560 15:00:18     -193.725531        0.031949
BFGS:  561 15:00:18     -193.725719        0.030304
BFGS:  562 15:00:18     -193.725980        0.020477
BFGS:  563 15:00:20     -193.726243        0.010050
BFGS:  564 15:00:20     -193.726403        0.011255
BFGS:  565 15:00:20     -193.726490        0.011504
BFGS:  566 15:00:20     -193.726572        0.011245
BFGS:  567 15:00:20     -193.726695        0.010513
BFGS:  568 15:00:20     -193.726878        0.009266
BFGS:  569 15:00:20     -193.727103        0.009657
BFGS:  570 15:00:21     -193.727323        0.010490
BFGS:  571 15:00:21     -193.727519        0.009045
BFGS:  572 15:00:21     -193.727757        0.010481
BFGS:  573 15:00:21     -193.727948        0.010936
BFGS:  574 15:00:21     -193.728041        0.010534
BFGS:  575 15:00:21     -193.728124        0.010303
BFGS:  576 15:00:21     -193.728230        0.009208
BFGS:  577 15:00:25     -193.728410        0.013676
BFGS:  578 15:00:25     -193.728575        0.012742
BFGS:  579 15:00:25     -193.728680        0.013623
BFGS:  580 15:00:25     -193.728728        0.013179
BFGS:  581 15:00:26     -193.728788        0.011123
BFGS:  582 15:00:26     -193.728884        0.013071
BFGS:  583 15:00:26     -193.729008        0.020174
BFGS:  584 15:00:26     -193.729114        0.020201
BFGS:  585 15:00:26     -193.729177        0.012262
BFGS:  586 15:00:26     -193.729218        0.008236
BFGS:  587 15:00:26     -193.729260        0.010286
BFGS:  588 15:00:26     -193.729315        0.019344
BFGS:  589 15:00:27     -193.729383        0.024048
BFGS:  590 15:00:27     -193.729462        0.020150
BFGS:  591 15:00:27     -193.729531        0.012021
BFGS:  592 15:00:27     -193.729577        0.008394
BFGS:  593 15:00:27     -193.729608        0.011052
BFGS:  594 15:00:27     -193.729645        0.013504
BFGS:  595 15:00:27     -193.729700        0.012123
BFGS:  596 15:00:27     -193.729767        0.009775
BFGS:  597 15:00:27     -193.729819        0.010456
BFGS:  598 15:00:28     -193.729855        0.010836
BFGS:  599 15:00:28     -193.729895        0.010951
BFGS:  600 15:00:28     -193.729962        0.009911
BFGS:  601 15:00:28     -193.730052        0.009533
BFGS:  602 15:00:28     -193.730131        0.008326
BFGS:  603 15:00:28     -193.730175        0.008330
BFGS:  604 15:00:28     -193.730208        0.007980
BFGS:  605 15:00:28     -193.730263        0.008159
BFGS:  606 15:00:29     -193.730370        0.011730
BFGS:  607 15:00:29     -193.730536        0.015287
BFGS:  608 15:00:29     -193.730702        0.016656
BFGS:  609 15:00:29     -193.730800        0.012189
BFGS:  610 15:00:29     -193.730853        0.008524
BFGS:  611 15:00:29     -193.730914        0.008069
BFGS:  612 15:00:29     -193.731029        0.020729
BFGS:  613 15:00:29     -193.731226        0.039635
BFGS:  614 15:00:30     -193.731503        0.053009
BFGS:  615 15:00:30     -193.731785        0.047495
BFGS:  616 15:00:30     -193.731991        0.024405
BFGS:  617 15:00:30     -193.732118        0.013833
BFGS:  618 15:00:30     -193.732222        0.023155
BFGS:  619 15:00:30     -193.732355        0.037943
BFGS:  620 15:00:30     -193.732563        0.044600
BFGS:  621 15:00:30     -193.732870        0.037403
BFGS:  622 15:00:30     -193.733186        0.018251
BFGS:  623 15:00:31     -193.733387        0.021334
BFGS:  624 15:00:31     -193.733503        0.018159
BFGS:  625 15:00:31     -193.733620        0.018268
BFGS:  626 15:00:31     -193.733790        0.014848
BFGS:  627 15:00:31     -193.734004        0.013111
BFGS:  628 15:00:31     -193.734188        0.020692
BFGS:  629 15:00:31     -193.734308        0.022891
BFGS:  630 15:00:31     -193.734412        0.020975
BFGS:  631 15:00:32     -193.734564        0.017580
BFGS:  632 15:00:32     -193.734792        0.010204
BFGS:  633 15:00:32     -193.735042        0.016980
BFGS:  634 15:00:32     -193.735240        0.019117
BFGS:  635 15:00:32     -193.735403        0.022400
BFGS:  636 15:00:32     -193.735585        0.022703
BFGS:  637 15:00:32     -193.735842        0.019788
BFGS:  638 15:00:32     -193.736202        0.012907
BFGS:  639 15:00:33     -193.736644        0.013641
BFGS:  640 15:00:33     -193.737050        0.016876
BFGS:  641 15:00:33     -193.737367        0.016961
BFGS:  642 15:00:33     -193.737532        0.014668
BFGS:  643 15:00:33     -193.737737        0.012606
BFGS:  644 15:00:33     -193.737901        0.012006
BFGS:  645 15:00:33     -193.738151        0.011598
BFGS:  646 15:00:33     -193.738424        0.012101
BFGS:  647 15:00:33     -193.738658        0.014786
BFGS:  648 15:00:34     -193.738807        0.016246
BFGS:  649 15:00:34     -193.738932        0.015583
BFGS:  650 15:00:34     -193.739128        0.016346
BFGS:  651 15:00:34     -193.739474        0.014714
BFGS:  652 15:00:34     -193.739882        0.010565
BFGS:  653 15:00:34     -193.740145        0.009338
BFGS:  654 15:00:34     -193.740242        0.008286
BFGS:  655 15:00:34     -193.740283        0.007404
BFGS:  656 15:00:35     -193.740332        0.006667
BFGS:  657 15:00:35     -193.740414        0.006317
BFGS:  658 15:00:35     -193.740507        0.007863
BFGS:  659 15:00:35     -193.740571        0.008055
BFGS:  660 15:00:35     -193.740601        0.008216
BFGS:  661 15:00:35     -193.740623        0.007188
BFGS:  662 15:00:35     -193.740663        0.005775
BFGS:  663 15:00:35     -193.740726        0.010151
BFGS:  664 15:00:36     -193.740790        0.011393
BFGS:  665 15:00:36     -193.740827        0.007925
BFGS:  666 15:00:36     -193.740841        0.004953
BFGS:  667 15:00:36     -193.740851        0.003956
BFGS:  668 15:00:36     -193.740864        0.006613
BFGS:  669 15:00:36     -193.740883        0.010911
BFGS:  670 15:00:36     -193.740906        0.012668
BFGS:  671 15:00:36     -193.740927        0.010244
BFGS:  672 15:00:36     -193.740943        0.004721
BFGS:  673 15:00:37     -193.740952        0.004632
BFGS:  674 15:00:37     -193.740959        0.004684
BFGS:  675 15:00:37     -193.740967        0.006906
BFGS:  676 15:00:37     -193.740980        0.007508
BFGS:  677 15:00:37     -193.740994        0.005457
BFGS:  678 15:00:37     -193.741005        0.003306
BFGS:  679 15:00:37     -193.741010        0.003690
BFGS:  680 15:00:37     -193.741014        0.003556
BFGS:  681 15:00:38     -193.741020        0.003421
BFGS:  682 15:00:38     -193.741031        0.003670
BFGS:  683 15:00:38     -193.741044        0.003005
BFGS:  684 15:00:38     -193.741053        0.002338
BFGS:  685 15:00:38     -193.741056        0.001910
BFGS:  686 15:00:38     -193.741059        0.001770
BFGS:  687 15:00:38     -193.741063        0.002304
BFGS:  688 15:00:38     -193.741072        0.003530
BFGS:  689 15:00:38     -193.741084        0.004952
BFGS:  690 15:00:39     -193.741097        0.005264
BFGS:  691 15:00:39     -193.741104        0.003678
BFGS:  692 15:00:39     -193.741107        0.002108
BFGS:  693 15:00:39     -193.741111        0.002524
BFGS:  694 15:00:39     -193.741116        0.005532
BFGS:  695 15:00:39     -193.741124        0.008363
BFGS:  696 15:00:39     -193.741136        0.009637
BFGS:  697 15:00:39     -193.741149        0.007859
BFGS:  698 15:00:40     -193.741160        0.003552
BFGS:  699 15:00:40     -193.741166        0.002435
BFGS:  700 15:00:40     -193.741170        0.003109
BFGS:  701 15:00:40     -193.741174        0.003788
BFGS:  702 15:00:40     -193.741181        0.004110
BFGS:  703 15:00:40     -193.741194        0.003804
BFGS:  704 15:00:40     -193.741207        0.002322
BFGS:  705 15:00:40     -193.741214        0.001816
BFGS:  706 15:00:41     -193.741216        0.001965
BFGS:  707 15:00:41     -193.741218        0.001885
BFGS:  708 15:00:41     -193.741222        0.001819
BFGS:  709 15:00:41     -193.741229        0.002151
BFGS:  710 15:00:41     -193.741238        0.002072
BFGS:  711 15:00:41     -193.741243        0.002462
BFGS:  712 15:00:41     -193.741246        0.002511
BFGS:  713 15:00:41     -193.741248        0.002353
BFGS:  714 15:00:41     -193.741251        0.001882
BFGS:  715 15:00:42     -193.741256        0.001673
BFGS:  716 15:00:42     -193.741262        0.001669
BFGS:  717 15:00:42     -193.741265        0.002024
BFGS:  718 15:00:42     -193.741266        0.001917
BFGS:  719 15:00:42     -193.741268        0.001638
BFGS:  720 15:00:42     -193.741270        0.001634
BFGS:  721 15:00:42     -193.741274        0.001635
BFGS:  722 15:00:42     -193.741276        0.001639
BFGS:  723 15:00:43     -193.741278        0.001644
BFGS:  724 15:00:43     -193.741278        0.001646
BFGS:  725 15:00:43     -193.741279        0.001648
BFGS:  726 15:00:43     -193.741282        0.001648
BFGS:  727 15:00:43     -193.741285        0.001646
BFGS:  728 15:00:43     -193.741287        0.001643
BFGS:  729 15:00:43     -193.741288        0.001640
BFGS:  730 15:00:43     -193.741289        0.001639
BFGS:  731 15:00:44     -193.741291        0.001638
BFGS:  732 15:00:44     -193.741293        0.001636
BFGS:  733 15:00:44     -193.741298        0.001635
BFGS:  734 15:00:44     -193.741302        0.001803
BFGS:  735 15:00:44     -193.741305        0.002111
BFGS:  736 15:00:44     -193.741306        0.002035
BFGS:  737 15:00:44     -193.741308        0.001908
BFGS:  738 15:00:44     -193.741312        0.001622
BFGS:  739 15:00:44     -193.741317        0.001615
BFGS:  740 15:00:45     -193.741321        0.001610
BFGS:  741 15:00:45     -193.741322        0.001611
BFGS:  742 15:00:45     -193.741323        0.001610
BFGS:  743 15:00:45     -193.741324        0.001610
BFGS:  744 15:00:45     -193.741326        0.001611
BFGS:  745 15:00:45     -193.741330        0.001608
BFGS:  746 15:00:45     -193.741333        0.002200
BFGS:  747 15:00:45     -193.741335        0.002451
BFGS:  748 15:00:46     -193.741337        0.002209
BFGS:  749 15:00:46     -193.741338        0.001769
BFGS:  750 15:00:46     -193.741341        0.001583
BFGS:  751 15:00:46     -193.741346        0.001577
BFGS:  752 15:00:46     -193.741349        0.001955
BFGS:  753 15:00:46     -193.741351        0.001684
BFGS:  754 15:00:46     -193.741352        0.001578
BFGS:  755 15:00:46     -193.741353        0.001580
BFGS:  756 15:00:46     -193.741355        0.001581
BFGS:  757 15:00:47     -193.741358        0.001579
BFGS:  758 15:00:47     -193.741360        0.001591
BFGS:  759 15:00:47     -193.741361        0.001567
BFGS:  760 15:00:47     -193.741362        0.001564
BFGS:  761 15:00:47     -193.741363        0.001561
BFGS:  762 15:00:47     -193.741365        0.001556
BFGS:  763 15:00:47     -193.741367        0.001550
BFGS:  764 15:00:47     -193.741370        0.001548
BFGS:  765 15:00:48     -193.741371        0.001550
BFGS:  766 15:00:48     -193.741372        0.001552
BFGS:  767 15:00:48     -193.741373        0.001554
BFGS:  768 15:00:48     -193.741374        0.001555
BFGS:  769 15:00:48     -193.741377        0.001632
BFGS:  770 15:00:48     -193.741381        0.001546
BFGS:  771 15:00:48     -193.741383        0.001536
BFGS:  772 15:00:48     -193.741384        0.001530
BFGS:  773 15:00:49     -193.741384        0.001528
BFGS:  774 15:00:49     -193.741385        0.001526
BFGS:  775 15:00:49     -193.741387        0.001522
BFGS:  776 15:00:49     -193.741389        0.001518
BFGS:  777 15:00:49     -193.741391        0.001517
BFGS:  778 15:00:49     -193.741392        0.001518
BFGS:  779 15:00:49     -193.741392        0.001519
BFGS:  780 15:00:49     -193.741393        0.001520
BFGS:  781 15:00:49     -193.741394        0.001520
BFGS:  782 15:00:50     -193.741397        0.001540
BFGS:  783 15:00:50     -193.741400        0.001513
BFGS:  784 15:00:50     -193.741403        0.001505
BFGS:  785 15:00:50     -193.741404        0.001499
BFGS:  786 15:00:50     -193.741405        0.001496
BFGS:  787 15:00:50     -193.741407        0.001491
BFGS:  788 15:00:50     -193.741412        0.002111
BFGS:  789 15:00:50     -193.741420        0.002857
BFGS:  790 15:00:51     -193.741432        0.003033
BFGS:  791 15:00:51     -193.741441        0.002381
BFGS:  792 15:00:51     -193.741445        0.002313
BFGS:  793 15:00:51     -193.741448        0.002262
BFGS:  794 15:00:51     -193.741453        0.002423
BFGS:  795 15:00:51     -193.741464        0.003484
BFGS:  796 15:00:51     -193.741484        0.004298
BFGS:  797 15:00:51     -193.741507        0.003951
BFGS:  798 15:00:52     -193.741521        0.003000
BFGS:  799 15:00:52     -193.741528        0.003094
BFGS:  800 15:00:52     -193.741532        0.003084
BFGS:  801 15:00:52     -193.741543        0.003023
BFGS:  802 15:00:52     -193.741563        0.003707
BFGS:  803 15:00:52     -193.741593        0.004303
BFGS:  804 15:00:52     -193.741621        0.003664
BFGS:  805 15:00:52     -193.741635        0.003264
BFGS:  806 15:00:52     -193.741642        0.003334
BFGS:  807 15:00:53     -193.741653        0.003415
BFGS:  808 15:00:53     -193.741675        0.003665
BFGS:  809 15:00:53     -193.741716        0.004351
BFGS:  810 15:00:53     -193.741766        0.005046
BFGS:  811 15:00:53     -193.741797        0.003901
BFGS:  812 15:00:53     -193.741807        0.002843
BFGS:  813 15:00:53     -193.741812        0.002678
BFGS:  814 15:00:53     -193.741822        0.002435
BFGS:  815 15:00:54     -193.741839        0.002695
BFGS:  816 15:00:54     -193.741861        0.002836
BFGS:  817 15:00:54     -193.741876        0.003167
BFGS:  818 15:00:54     -193.741881        0.003214
BFGS:  819 15:00:54     -193.741884        0.003013
BFGS:  820 15:00:54     -193.741890        0.002567
BFGS:  821 15:00:54     -193.741902        0.002864
BFGS:  822 15:00:54     -193.741922        0.003180
BFGS:  823 15:00:55     -193.741942        0.002806
BFGS:  824 15:00:55     -193.741952        0.002766
BFGS:  825 15:00:55     -193.741956        0.002534
BFGS:  826 15:00:55     -193.741959        0.002222
BFGS:  827 15:00:55     -193.741966        0.002310
BFGS:  828 15:00:55     -193.741979        0.002422
BFGS:  829 15:00:55     -193.741998        0.002682
BFGS:  830 15:00:55     -193.742012        0.002456
BFGS:  831 15:00:55     -193.742017        0.001713
BFGS:  832 15:00:56     -193.742019        0.001534
BFGS:  833 15:00:56     -193.742021        0.001430
BFGS:  834 15:00:56     -193.742025        0.001661
BFGS:  835 15:00:56     -193.742031        0.001688
BFGS:  836 15:00:56     -193.742037        0.001347
BFGS:  837 15:00:56     -193.742040        0.001241
BFGS:  838 15:00:56     -193.742041        0.001237
BFGS:  839 15:00:56     -193.742042        0.001159
BFGS:  840 15:00:57     -193.742044        0.001123
BFGS:  841 15:00:57     -193.742047        0.001218
BFGS:  842 15:00:57     -193.742052        0.001090
BFGS:  843 15:00:57     -193.742054        0.001185
BFGS:  844 15:00:57     -193.742055        0.001121
BFGS:  845 15:00:57     -193.742056        0.001034
BFGS:  846 15:00:57     -193.742057        0.000918
