      Step     Time          Energy          fmax
BFGS:    0 23:40:14     -175.961297        0.889927
BFGS:    1 23:40:14     -176.388707        0.818082
BFGS:    2 23:40:14     -180.153545        0.483965
BFGS:    3 23:40:14     -181.078633        0.483628
BFGS:    4 23:40:14     -181.574105        0.495333
BFGS:    5 23:40:14     -181.768915        0.514718
BFGS:    6 23:40:14     -182.142507        0.598240
BFGS:    7 23:40:14     -182.857010        0.717677
BFGS:    8 23:40:15     -184.217639        0.889580
BFGS:    9 23:40:15     -185.874069        1.115463
BFGS:   10 23:40:15     -188.332774        0.880611
BFGS:   11 23:40:15     -190.435511        0.425680
BFGS:   12 23:40:15     -190.933006        0.317575
BFGS:   13 23:40:15     -191.154294        0.354610
BFGS:   14 23:40:15     -191.278981        0.391848
BFGS:   15 23:40:15     -191.484619        0.378709
BFGS:   16 23:40:16     -191.806121        0.294044
BFGS:   17 23:40:16     -192.193244        0.267339
BFGS:   18 23:40:16     -192.492353        0.234488
BFGS:   19 23:40:16     -192.581850        0.274624
BFGS:   20 23:40:16     -192.655845        0.319765
BFGS:   21 23:40:16     -192.858100        0.389963
BFGS:   22 23:40:16     -193.307640        0.463659
BFGS:   23 23:40:16     -193.700266        0.461951
BFGS:   24 23:40:17     -194.219374        0.326231
BFGS:   25 23:40:17     -194.642715        0.126601
BFGS:   26 23:40:17     -194.707627        0.126423
BFGS:   27 23:40:17     -194.723868        0.124479
BFGS:   28 23:40:17     -194.726777        0.125324
BFGS:   29 23:40:17     -194.749841        0.127033
BFGS:   30 23:40:17     -194.782416        0.127034
BFGS:   31 23:40:17     -194.813871        0.123534
BFGS:   32 23:40:18     -194.828978        0.125411
BFGS:   33 23:40:18     -194.837589        0.119793
BFGS:   34 23:40:18     -194.850916        0.110149
BFGS:   35 23:40:18     -194.877800        0.100996
BFGS:   36 23:40:18     -194.920135        0.091012
BFGS:   37 23:40:18     -194.972460        0.093749
BFGS:   38 23:40:18     -195.011987        0.108432
BFGS:   39 23:40:18     -195.021575        0.113829
BFGS:   40 23:40:18     -195.023987        0.113649
BFGS:   41 23:40:19     -195.029172        0.111562
BFGS:   42 23:40:19     -195.037413        0.108795
BFGS:   43 23:40:19     -195.058911        0.103826
BFGS:   44 23:40:19     -195.095556        0.100010
BFGS:   45 23:40:19     -195.134732        0.101392
BFGS:   46 23:40:19     -195.173906        0.106654
BFGS:   47 23:40:19     -195.214773        0.112743
BFGS:   48 23:40:19     -195.254429        0.119195
BFGS:   49 23:40:20     -195.259576        0.120181
BFGS:   50 23:40:20     -195.263285        0.120752
BFGS:   51 23:40:20     -195.273223        0.121612
BFGS:   52 23:40:20     -195.292696        0.121132
BFGS:   53 23:40:20     -195.318598        0.118736
BFGS:   54 23:40:20     -195.353212        0.115850
BFGS:   55 23:40:20     -195.397379        0.135081
BFGS:   56 23:40:20     -195.449773        0.163278
BFGS:   57 23:40:21     -195.474245        0.149600
BFGS:   58 23:40:21     -195.484378        0.116321
BFGS:   59 23:40:21     -195.493081        0.120850
BFGS:   60 23:40:21     -195.496693        0.121718
BFGS:   61 23:40:21     -195.502306        0.120510
BFGS:   62 23:40:21     -195.507797        0.118036
BFGS:   63 23:40:21     -195.515684        0.134326
BFGS:   64 23:40:21     -195.528526        0.157708
BFGS:   65 23:40:22     -195.550618        0.173552
BFGS:   66 23:40:22     -195.575695        0.183753
BFGS:   67 23:40:22     -195.602383        0.196029
BFGS:   68 23:40:22     -195.628342        0.206756
BFGS:   69 23:40:22     -195.653639        0.212526
BFGS:   70 23:40:22     -195.678552        0.211648
BFGS:   71 23:40:22     -195.702406        0.203613
BFGS:   72 23:40:22     -195.723723        0.189481
BFGS:   73 23:40:23     -195.742034        0.172997
BFGS:   74 23:40:23     -195.757905        0.158449
BFGS:   75 23:40:24     -195.772549        0.146905
BFGS:   76 23:40:24     -195.786977        0.137372
BFGS:   77 23:40:24     -195.801498        0.136188
BFGS:   78 23:40:24     -195.816577        0.146255
BFGS:   79 23:40:24     -195.832783        0.156357
BFGS:   80 23:40:24     -195.865715        0.164850
BFGS:   81 23:40:25     -195.894082        0.174158
BFGS:   82 23:40:25     -195.928757        0.182926
BFGS:   83 23:40:25     -195.967842        0.195897
BFGS:   84 23:40:25     -196.019572        0.216917
BFGS:   85 23:40:25     -196.091378        0.229360
BFGS:   86 23:40:25     -196.159096        0.245962
BFGS:   87 23:40:25     -196.227564        0.261683
BFGS:   88 23:40:26     -196.300294        0.306506
BFGS:   89 23:40:29     -196.381746        0.351212
BFGS:   90 23:40:29     -196.474084        0.387145
BFGS:   91 23:40:29     -196.580222        0.413983
BFGS:   92 23:40:29     -196.702456        0.432024
BFGS:   93 23:40:29     -196.850946        0.438462
BFGS:   94 23:40:29     -197.043896        0.426749
BFGS:   95 23:40:30     -197.279138        0.401277
BFGS:   96 23:40:30     -197.527739        0.390328
BFGS:   97 23:40:30     -197.770105        0.402024
BFGS:   98 23:40:30     -198.054884        0.400223
BFGS:   99 23:40:30     -198.309095        0.366445
BFGS:  100 23:40:30     -198.563564        0.386675
BFGS:  101 23:40:30     -198.801495        0.378635
BFGS:  102 23:40:30     -199.019779        0.368432
BFGS:  103 23:40:31     -199.206243        0.354710
BFGS:  104 23:40:31     -199.363956        0.345190
BFGS:  105 23:40:31     -199.487250        0.339109
BFGS:  106 23:40:31     -199.591636        0.333125
BFGS:  107 23:40:31     -199.687354        0.327057
BFGS:  108 23:40:31     -199.777715        0.334334
BFGS:  109 23:40:31     -199.864229        0.342088
BFGS:  110 23:40:31     -199.947647        0.348815
BFGS:  111 23:40:32     -200.028580        0.354890
BFGS:  112 23:40:32     -200.107446        0.360390
BFGS:  113 23:40:32     -200.184622        0.365488
BFGS:  114 23:40:32     -200.260371        0.370064
BFGS:  115 23:40:32     -200.334897        0.373982
BFGS:  116 23:40:32     -200.408236        0.376962
BFGS:  117 23:40:32     -200.480400        0.378760
BFGS:  118 23:40:32     -200.551322        0.379161
BFGS:  119 23:40:33     -200.620894        0.378098
BFGS:  120 23:40:33     -200.688949        0.375534
BFGS:  121 23:40:33     -200.755333        0.371601
BFGS:  122 23:40:33     -200.819894        0.366361
BFGS:  123 23:40:33     -200.882537        0.359893
BFGS:  124 23:40:33     -200.943164        0.351922
BFGS:  125 23:40:33     -201.001678        0.348328
BFGS:  126 23:40:33     -201.057773        0.351901
BFGS:  127 23:40:34     -201.111358        0.354705
BFGS:  128 23:40:34     -201.161929        0.356471
BFGS:  129 23:40:34     -201.209479        0.357116
BFGS:  130 23:40:34     -201.254037        0.356219
BFGS:  131 23:40:34     -201.297261        0.353394
BFGS:  132 23:40:34     -201.341776        0.346727
BFGS:  133 23:40:34     -201.398225        0.333634
BFGS:  134 23:40:34     -201.478808        0.301649
BFGS:  135 23:40:35     -201.576237        0.289371
BFGS:  136 23:40:35     -201.651345        0.317493
BFGS:  137 23:40:35     -201.714245        0.307286
BFGS:  138 23:40:38     -201.780667        0.278651
BFGS:  139 23:40:39     -201.850909        0.236593
BFGS:  140 23:40:39     -201.926549        0.210949
BFGS:  141 23:40:39     -202.010381        0.236108
BFGS:  142 23:40:39     -202.108684        0.261105
BFGS:  143 23:40:39     -202.178836        0.265172
BFGS:  144 23:40:39     -202.236122        0.249961
BFGS:  145 23:40:39     -202.264883        0.229500
BFGS:  146 23:40:41     -202.278572        0.209198
BFGS:  147 23:40:42     -202.284187        0.209513
BFGS:  148 23:40:42     -202.306465        0.210380
BFGS:  149 23:40:42     -202.347592        0.207164
BFGS:  150 23:40:42     -202.419256        0.197804
BFGS:  151 23:40:42     -202.501557        0.185601
BFGS:  152 23:40:42     -202.592473        0.174589
BFGS:  153 23:40:42     -202.689259        0.205211
BFGS:  154 23:40:42     -202.787674        0.230966
BFGS:  155 23:40:43     -202.884819        0.251632
BFGS:  156 23:40:43     -202.982255        0.267593
BFGS:  157 23:40:43     -203.084663        0.277002
BFGS:  158 23:40:43     -203.176004        0.272717
BFGS:  159 23:40:43     -203.252145        0.250218
BFGS:  160 23:40:46     -203.306669        0.207789
BFGS:  161 23:40:46     -203.331031        0.179269
BFGS:  162 23:40:46     -203.373647        0.156721
BFGS:  163 23:40:46     -203.425770        0.158036
BFGS:  164 23:40:47     -203.497975        0.159654
BFGS:  165 23:40:47     -203.559430        0.184348
BFGS:  166 23:40:47     -203.595821        0.171510
BFGS:  167 23:40:47     -203.609839        0.148044
BFGS:  168 23:40:47     -203.626064        0.125015
BFGS:  169 23:40:47     -203.657961        0.128947
BFGS:  170 23:40:47     -203.695688        0.137361
BFGS:  171 23:40:47     -203.731974        0.145761
BFGS:  172 23:40:49     -203.766863        0.149934
BFGS:  173 23:40:49     -203.805016        0.147798
BFGS:  174 23:40:49     -203.852113        0.144692
BFGS:  175 23:40:49     -203.908655        0.146641
BFGS:  176 23:40:50     -203.960048        0.130997
BFGS:  177 23:40:50     -203.999281        0.116630
BFGS:  178 23:40:50     -204.029714        0.114482
BFGS:  179 23:40:50     -204.051475        0.116316
BFGS:  180 23:40:50     -204.068154        0.121863
BFGS:  181 23:40:50     -204.082895        0.129015
BFGS:  182 23:40:50     -204.104440        0.139688
BFGS:  183 23:40:50     -204.135345        0.149973
BFGS:  184 23:40:51     -204.175568        0.153615
BFGS:  185 23:40:51     -204.222167        0.145292
BFGS:  186 23:40:51     -204.247162        0.131076
BFGS:  187 23:40:51     -204.255780        0.123934
BFGS:  188 23:40:51     -204.263073        0.119341
BFGS:  189 23:40:51     -204.274023        0.115073
BFGS:  190 23:40:51     -204.298505        0.109984
BFGS:  191 23:40:51     -204.322494        0.108321
BFGS:  192 23:40:52     -204.348727        0.108504
BFGS:  193 23:40:52     -204.374588        0.110073
BFGS:  194 23:40:52     -204.399493        0.112948
BFGS:  195 23:40:52     -204.420680        0.116879
BFGS:  196 23:40:52     -204.438309        0.121630
BFGS:  197 23:40:52     -204.452857        0.137719
BFGS:  198 23:40:52     -204.465990        0.151892
BFGS:  199 23:40:53     -204.479970        0.161923
BFGS:  200 23:40:53     -204.496563        0.167484
BFGS:  201 23:40:53     -204.516296        0.168920
BFGS:  202 23:40:53     -204.538193        0.166994
BFGS:  203 23:40:53     -204.560732        0.162813
BFGS:  204 23:40:53     -204.583108        0.157300
BFGS:  205 23:40:53     -204.604834        0.151062
BFGS:  206 23:40:53     -204.625775        0.148440
BFGS:  207 23:40:54     -204.646068        0.148204
BFGS:  208 23:40:54     -204.665974        0.147721
BFGS:  209 23:40:54     -204.685718        0.147028
BFGS:  210 23:40:54     -204.705361        0.146189
BFGS:  211 23:40:54     -204.724676        0.145298
BFGS:  212 23:40:54     -204.743193        0.144352
BFGS:  213 23:40:54     -204.760610        0.143369
BFGS:  214 23:40:54     -204.776532        0.142365
BFGS:  215 23:40:55     -204.790705        0.141377
BFGS:  216 23:40:55     -204.802997        0.140306
BFGS:  217 23:40:55     -204.813592        0.139195
BFGS:  218 23:40:55     -204.822604        0.137979
BFGS:  219 23:40:55     -204.830266        0.136665
BFGS:  220 23:40:55     -204.836820        0.135244
BFGS:  221 23:40:55     -204.842566        0.133833
BFGS:  222 23:40:55     -204.847817        0.132542
BFGS:  223 23:40:56     -204.852868        0.131366
BFGS:  224 23:40:56     -204.857977        0.130290
BFGS:  225 23:40:56     -204.863182        0.129171
BFGS:  226 23:40:56     -204.868987        0.128007
BFGS:  227 23:40:56     -204.876580        0.126686
BFGS:  228 23:40:56     -204.886120        0.124752
BFGS:  229 23:40:57     -204.897095        0.122368
BFGS:  230 23:40:57     -204.909618        0.119429
BFGS:  231 23:40:58     -204.923946        0.117412
BFGS:  232 23:40:58     -204.930091        0.117609
BFGS:  233 23:40:58     -204.937506        0.120729
BFGS:  234 23:40:58     -204.942679        0.119630
BFGS:  235 23:40:58     -204.950602        0.121499
BFGS:  236 23:40:58     -204.956110        0.116777
BFGS:  237 23:40:58     -204.963328        0.112034
BFGS:  238 23:40:58     -204.969101        0.106687
BFGS:  239 23:40:59     -204.973822        0.102060
BFGS:  240 23:40:59     -204.980786        0.093798
BFGS:  241 23:40:59     -204.984887        0.088645
BFGS:  242 23:40:59     -204.989239        0.085503
BFGS:  243 23:41:03     -204.997877        0.081096
BFGS:  244 23:41:03     -205.012529        0.072961
BFGS:  245 23:41:03     -205.031438        0.058730
BFGS:  246 23:41:03     -205.044567        0.050443
BFGS:  247 23:41:03     -205.056064        0.048743
BFGS:  248 23:41:03     -205.065952        0.048360
BFGS:  249 23:41:03     -205.072312        0.048807
BFGS:  250 23:41:03     -205.074210        0.049430
BFGS:  251 23:41:04     -205.075614        0.049551
BFGS:  252 23:41:04     -205.079442        0.049380
BFGS:  253 23:41:04     -205.084101        0.048550
BFGS:  254 23:41:04     -205.089597        0.047329
BFGS:  255 23:41:04     -205.093344        0.046613
BFGS:  256 23:41:04     -205.095201        0.046857
BFGS:  257 23:41:04     -205.095926        0.047384
BFGS:  258 23:41:04     -205.096327        0.047790
BFGS:  259 23:41:05     -205.096764        0.047944
BFGS:  260 23:41:05     -205.097486        0.047860
BFGS:  261 23:41:05     -205.098746        0.047197
BFGS:  262 23:41:05     -205.100501        0.045774
BFGS:  263 23:41:05     -205.102002        0.044003
BFGS:  264 23:41:05     -205.102703        0.043097
BFGS:  265 23:41:05     -205.103063        0.042840
BFGS:  266 23:41:05     -205.103621        0.042619
BFGS:  267 23:41:06     -205.104899        0.041930
BFGS:  268 23:41:06     -205.107775        0.039998
BFGS:  269 23:41:06     -205.113356        0.044274
BFGS:  270 23:41:06     -205.120470        0.047060
BFGS:  271 23:41:06     -205.126762        0.038086
BFGS:  272 23:41:06     -205.130285        0.028352
BFGS:  273 23:41:06     -205.131015        0.027551
BFGS:  274 23:41:06     -205.131875        0.025434
BFGS:  275 23:41:07     -205.133173        0.022779
BFGS:  276 23:41:07     -205.136586        0.031876
BFGS:  277 23:41:07     -205.142603        0.044778
BFGS:  278 23:41:07     -205.150088        0.047921
BFGS:  279 23:41:07     -205.154709        0.038804
BFGS:  280 23:41:07     -205.157261        0.030840
BFGS:  281 23:41:07     -205.157798        0.030007
BFGS:  282 23:41:07     -205.157974        0.025799
BFGS:  283 23:41:08     -205.158328        0.020460
BFGS:  284 23:41:08     -205.158711        0.020143
BFGS:  285 23:41:08     -205.159189        0.032091
BFGS:  286 23:41:08     -205.159603        0.048411
BFGS:  287 23:41:08     -205.159998        0.053805
BFGS:  288 23:41:08     -205.160438        0.048319
BFGS:  289 23:41:08     -205.160990        0.031897
BFGS:  290 23:41:08     -205.161541        0.020876
BFGS:  291 23:41:09     -205.161899        0.020187
BFGS:  292 23:41:09     -205.162056        0.019564
BFGS:  293 23:41:09     -205.162137        0.019192
BFGS:  294 23:41:09     -205.162218        0.018892
BFGS:  295 23:41:09     -205.162335        0.018587
BFGS:  296 23:41:09     -205.162508        0.018319
BFGS:  297 23:41:09     -205.162739        0.020648
BFGS:  298 23:41:09     -205.163001        0.029441
BFGS:  299 23:41:10     -205.163284        0.034177
BFGS:  300 23:41:10     -205.163635        0.034072
BFGS:  301 23:41:10     -205.164106        0.028375
BFGS:  302 23:41:10     -205.164678        0.023338
BFGS:  303 23:41:10     -205.165205        0.018572
BFGS:  304 23:41:10     -205.165550        0.017349
BFGS:  305 23:41:10     -205.165712        0.016549
BFGS:  306 23:41:11     -205.165802        0.014292
BFGS:  307 23:41:11     -205.165921        0.014070
BFGS:  308 23:41:11     -205.166107        0.013769
BFGS:  309 23:41:11     -205.166358        0.021670
BFGS:  310 23:41:11     -205.166616        0.034098
BFGS:  311 23:41:11     -205.166854        0.040626
BFGS:  312 23:41:11     -205.167102        0.039989
BFGS:  313 23:41:11     -205.167421        0.031489
BFGS:  314 23:41:12     -205.167812        0.020612
BFGS:  315 23:41:12     -205.168134        0.013827
BFGS:  316 23:41:12     -205.168301        0.014421
BFGS:  317 23:41:12     -205.168377        0.015122
BFGS:  318 23:41:12     -205.168450        0.012591
BFGS:  319 23:41:12     -205.168587        0.010106
BFGS:  320 23:41:13     -205.168795        0.013394
BFGS:  321 23:41:13     -205.169030        0.020482
BFGS:  322 23:41:14     -205.169230        0.022717
BFGS:  323 23:41:14     -205.169431        0.021392
BFGS:  324 23:41:14     -205.169676        0.019134
BFGS:  325 23:41:14     -205.169974        0.016071
BFGS:  326 23:41:14     -205.170284        0.018762
BFGS:  327 23:41:14     -205.170551        0.029585
BFGS:  328 23:41:14     -205.170763        0.030708
BFGS:  329 23:41:14     -205.170903        0.022895
BFGS:  330 23:41:15     -205.170978        0.013393
BFGS:  331 23:41:15     -205.171046        0.006415
BFGS:  332 23:41:15     -205.171122        0.006006
BFGS:  333 23:41:15     -205.171188        0.012107
BFGS:  334 23:41:15     -205.171254        0.014656
BFGS:  335 23:41:18     -205.171320        0.014291
BFGS:  336 23:41:18     -205.171410        0.012315
BFGS:  337 23:41:18     -205.171570        0.010798
BFGS:  338 23:41:18     -205.171828        0.013206
BFGS:  339 23:41:18     -205.172185        0.018397
BFGS:  340 23:41:18     -205.172402        0.020155
BFGS:  341 23:41:18     -205.172549        0.017495
BFGS:  342 23:41:19     -205.172646        0.014564
BFGS:  343 23:41:19     -205.172853        0.010447
BFGS:  344 23:41:19     -205.172993        0.009597
BFGS:  345 23:41:19     -205.173133        0.013209
BFGS:  346 23:41:19     -205.173195        0.014225
BFGS:  347 23:41:19     -205.173230        0.011791
BFGS:  348 23:41:19     -205.173268        0.007539
BFGS:  349 23:41:19     -205.173313        0.004802
BFGS:  350 23:41:20     -205.173343        0.004735
BFGS:  351 23:41:20     -205.173356        0.004704
BFGS:  352 23:41:20     -205.173362        0.004348
BFGS:  353 23:41:20     -205.173369        0.004255
BFGS:  354 23:41:20     -205.173381        0.004199
BFGS:  355 23:41:20     -205.173393        0.005821
BFGS:  356 23:41:20     -205.173404        0.007268
BFGS:  357 23:41:20     -205.173415        0.007209
BFGS:  358 23:41:21     -205.173431        0.005996
BFGS:  359 23:41:21     -205.173462        0.005858
BFGS:  360 23:41:21     -205.173514        0.006266
BFGS:  361 23:41:21     -205.173576        0.008028
BFGS:  362 23:41:21     -205.173623        0.010959
BFGS:  363 23:41:21     -205.173652        0.011688
BFGS:  364 23:41:21     -205.173683        0.010161
BFGS:  365 23:41:21     -205.173736        0.005937
BFGS:  366 23:41:22     -205.173810        0.007295
BFGS:  367 23:41:22     -205.173876        0.009272
BFGS:  368 23:41:22     -205.173912        0.011239
BFGS:  369 23:41:22     -205.173933        0.009917
BFGS:  370 23:41:22     -205.173961        0.006667
BFGS:  371 23:41:22     -205.174002        0.004849
BFGS:  372 23:41:22     -205.174041        0.008024
BFGS:  373 23:41:22     -205.174063        0.008266
BFGS:  374 23:41:23     -205.174076        0.006977
BFGS:  375 23:41:23     -205.174096        0.006056
BFGS:  376 23:41:23     -205.174131        0.004557
BFGS:  377 23:41:23     -205.174182        0.010010
BFGS:  378 23:41:23     -205.174235        0.015473
BFGS:  379 23:41:23     -205.174284        0.016969
BFGS:  380 23:41:23     -205.174345        0.019518
BFGS:  381 23:41:24     -205.174465        0.021888
BFGS:  382 23:41:24     -205.174725        0.022807
BFGS:  383 23:41:24     -205.175244        0.023468
BFGS:  384 23:41:24     -205.175805        0.025602
BFGS:  385 23:41:24     -205.176360        0.028327
BFGS:  386 23:41:24     -205.176920        0.031416
BFGS:  387 23:41:24     -205.177855        0.035366
BFGS:  388 23:41:25     -205.177870        0.051261
BFGS:  389 23:41:25     -205.178826        0.041488
BFGS:  390 23:41:25     -205.180307        0.042282
BFGS:  391 23:41:25     -205.181049        0.039404
BFGS:  392 23:41:25     -205.182525        0.030830
BFGS:  393 23:41:25     -205.184197        0.029463
BFGS:  394 23:41:25     -205.185619        0.032928
BFGS:  395 23:41:25     -205.186857        0.032452
BFGS:  396 23:41:26     -205.187291        0.028606
BFGS:  397 23:41:26     -205.187591        0.026671
BFGS:  398 23:41:26     -205.187873        0.021379
BFGS:  399 23:41:26     -205.188513        0.016549
BFGS:  400 23:41:26     -205.188668        0.018229
BFGS:  401 23:41:26     -205.188833        0.018792
BFGS:  402 23:41:26     -205.188933        0.016714
BFGS:  403 23:41:26     -205.189079        0.014160
BFGS:  404 23:41:27     -205.189208        0.015593
BFGS:  405 23:41:27     -205.189315        0.016292
BFGS:  406 23:41:27     -205.189374        0.017062
BFGS:  407 23:41:27     -205.189416        0.016257
BFGS:  408 23:41:27     -205.189462        0.014089
BFGS:  409 23:41:27     -205.189514        0.011907
BFGS:  410 23:41:28     -205.189558        0.010332
BFGS:  411 23:41:28     -205.189592        0.010223
BFGS:  412 23:41:28     -205.189621        0.010478
BFGS:  413 23:41:29     -205.189652        0.010941
BFGS:  414 23:41:29     -205.189687        0.010833
BFGS:  415 23:41:30     -205.189723        0.011827
BFGS:  416 23:41:30     -205.189760        0.012540
BFGS:  417 23:41:30     -205.189801        0.011828
BFGS:  418 23:41:30     -205.189849        0.009860
BFGS:  419 23:41:30     -205.189892        0.009244
BFGS:  420 23:41:33     -205.189926        0.009724
BFGS:  421 23:41:33     -205.189959        0.009749
BFGS:  422 23:41:33     -205.190003        0.008299
BFGS:  423 23:41:34     -205.190068        0.006061
BFGS:  424 23:41:34     -205.190146        0.006274
BFGS:  425 23:41:34     -205.190204        0.008322
BFGS:  426 23:41:34     -205.190234        0.008601
BFGS:  427 23:41:34     -205.190255        0.007340
BFGS:  428 23:41:34     -205.190283        0.005504
BFGS:  429 23:41:34     -205.190321        0.004550
BFGS:  430 23:41:34     -205.190357        0.004897
BFGS:  431 23:41:35     -205.190377        0.005369
BFGS:  432 23:41:35     -205.190386        0.005268
BFGS:  433 23:41:35     -205.190394        0.004831
BFGS:  434 23:41:35     -205.190406        0.004128
BFGS:  435 23:41:35     -205.190420        0.003067
BFGS:  436 23:41:35     -205.190429        0.003519
BFGS:  437 23:41:35     -205.190432        0.003200
BFGS:  438 23:41:36     -205.190434        0.003357
BFGS:  439 23:41:36     -205.190437        0.003470
BFGS:  440 23:41:36     -205.190442        0.003417
BFGS:  441 23:41:36     -205.190447        0.003042
BFGS:  442 23:41:36     -205.190451        0.003441
BFGS:  443 23:41:36     -205.190454        0.003482
BFGS:  444 23:41:36     -205.190456        0.003256
BFGS:  445 23:41:36     -205.190460        0.002812
BFGS:  446 23:41:37     -205.190466        0.002661
BFGS:  447 23:41:37     -205.190475        0.002665
BFGS:  448 23:41:37     -205.190481        0.002988
BFGS:  449 23:41:37     -205.190486        0.003269
BFGS:  450 23:41:37     -205.190489        0.003272
BFGS:  451 23:41:37     -205.190495        0.002965
BFGS:  452 23:41:37     -205.190505        0.003049
BFGS:  453 23:41:37     -205.190522        0.004449
BFGS:  454 23:41:38     -205.190539        0.005079
BFGS:  455 23:41:38     -205.190551        0.004682
BFGS:  456 23:41:38     -205.190558        0.004723
BFGS:  457 23:41:38     -205.190569        0.003936
BFGS:  458 23:41:38     -205.190585        0.002510
BFGS:  459 23:41:38     -205.190607        0.005542
BFGS:  460 23:41:38     -205.190626        0.006935
BFGS:  461 23:41:38     -205.190640        0.006741
BFGS:  462 23:41:39     -205.190656        0.006571
BFGS:  463 23:41:39     -205.190683        0.005234
BFGS:  464 23:41:39     -205.190722        0.003627
BFGS:  465 23:41:39     -205.190760        0.006023
BFGS:  466 23:41:39     -205.190783        0.006102
BFGS:  467 23:41:39     -205.190797        0.005706
BFGS:  468 23:41:39     -205.190815        0.004971
BFGS:  469 23:41:39     -205.190845        0.004654
BFGS:  470 23:41:40     -205.190882        0.005461
BFGS:  471 23:41:40     -205.190908        0.005652
BFGS:  472 23:41:40     -205.190922        0.005636
BFGS:  473 23:41:40     -205.190933        0.005522
BFGS:  474 23:41:40     -205.190951        0.004578
BFGS:  475 23:41:40     -205.190976        0.003989
BFGS:  476 23:41:40     -205.191001        0.004588
BFGS:  477 23:41:40     -205.191012        0.004883
BFGS:  478 23:41:41     -205.191017        0.004762
BFGS:  479 23:41:41     -205.191022        0.004640
BFGS:  480 23:41:41     -205.191027        0.004301
BFGS:  481 23:41:41     -205.191033        0.003880
BFGS:  482 23:41:42     -205.191039        0.003789
BFGS:  483 23:41:42     -205.191044        0.003909
BFGS:  484 23:41:42     -205.191049        0.003756
BFGS:  485 23:41:42     -205.191054        0.003510
BFGS:  486 23:41:42     -205.191057        0.003264
BFGS:  487 23:41:42     -205.191061        0.003077
BFGS:  488 23:41:42     -205.191068        0.003405
BFGS:  489 23:41:43     -205.191090        0.004301
BFGS:  490 23:41:44     -205.191058        0.007412
BFGS:  491 23:41:44     -205.191102        0.005379
BFGS:  492 23:41:44     -205.191109        0.005883
BFGS:  493 23:41:44     -205.191128        0.008514
BFGS:  494 23:41:44     -205.191140        0.007299
BFGS:  495 23:41:44     -205.191161        0.006219
BFGS:  496 23:41:44     -205.191185        0.005379
BFGS:  497 23:41:45     -205.191192        0.004951
BFGS:  498 23:41:45     -205.191195        0.004725
BFGS:  499 23:41:45     -205.191198        0.004513
BFGS:  500 23:41:45     -205.191202        0.004471
BFGS:  501 23:41:45     -205.191211        0.004373
BFGS:  502 23:41:45     -205.191224        0.004434
BFGS:  503 23:41:45     -205.191236        0.005010
BFGS:  504 23:41:48     -205.191241        0.005477
BFGS:  505 23:41:48     -205.191243        0.005600
BFGS:  506 23:41:48     -205.191244        0.005595
BFGS:  507 23:41:48     -205.191246        0.005476
BFGS:  508 23:41:48     -205.191250        0.005157
BFGS:  509 23:41:49     -205.191256        0.004622
BFGS:  510 23:41:49     -205.191260        0.004182
BFGS:  511 23:41:49     -205.191262        0.004085
BFGS:  512 23:41:49     -205.191264        0.004185
BFGS:  513 23:41:49     -205.191267        0.004464
BFGS:  514 23:41:49     -205.191273        0.005082
BFGS:  515 23:41:49     -205.191279        0.005866
BFGS:  516 23:41:49     -205.191284        0.006315
BFGS:  517 23:41:50     -205.191286        0.006334
BFGS:  518 23:41:50     -205.191287        0.006185
BFGS:  519 23:41:50     -205.191291        0.005815
BFGS:  520 23:41:50     -205.191299        0.005130
BFGS:  521 23:41:50     -205.191310        0.004218
BFGS:  522 23:41:50     -205.191319        0.004906
BFGS:  523 23:41:50     -205.191324        0.005138
BFGS:  524 23:41:50     -205.191327        0.005028
BFGS:  525 23:41:51     -205.191331        0.004650
BFGS:  526 23:41:51     -205.191341        0.004794
BFGS:  527 23:41:51     -205.191357        0.005347
BFGS:  528 23:41:51     -205.191373        0.006539
BFGS:  529 23:41:51     -205.191385        0.006551
BFGS:  530 23:41:51     -205.191393        0.005643
BFGS:  531 23:41:51     -205.191406        0.004593
BFGS:  532 23:41:51     -205.191429        0.004025
BFGS:  533 23:41:52     -205.191459        0.004654
BFGS:  534 23:41:52     -205.191485        0.006691
BFGS:  535 23:41:52     -205.191500        0.006870
BFGS:  536 23:41:52     -205.191512        0.006166
BFGS:  537 23:41:52     -205.191534        0.004968
BFGS:  538 23:41:52     -205.191580        0.005227
BFGS:  539 23:41:52     -205.191660        0.008899
BFGS:  540 23:41:53     -205.191753        0.010758
BFGS:  541 23:41:53     -205.191822        0.011768
BFGS:  542 23:41:53     -205.191873        0.012616
BFGS:  543 23:41:53     -205.191946        0.012261
BFGS:  544 23:41:53     -205.192113        0.014861
BFGS:  545 23:41:53     -205.192508        0.021317
BFGS:  546 23:41:53     -205.193134        0.033389
BFGS:  547 23:41:53     -205.193680        0.041991
BFGS:  548 23:41:54     -205.194625        0.046216
BFGS:  549 23:41:54     -205.195746        0.038036
BFGS:  550 23:41:54     -205.196265        0.042311
BFGS:  551 23:41:54     -205.196935        0.036749
BFGS:  552 23:41:54     -205.197614        0.031482
BFGS:  553 23:41:54     -205.199475        0.026519
BFGS:  554 23:41:54     -205.203552        0.021959
BFGS:  555 23:41:54     -205.206795        0.037259
BFGS:  556 23:41:55     -205.209077        0.068083
BFGS:  557 23:41:55     -205.210380        0.070839
BFGS:  558 23:41:55     -205.213248        0.067811
BFGS:  559 23:41:55     -205.215616        0.060246
BFGS:  560 23:41:55     -205.219116        0.049046
BFGS:  561 23:41:55     -205.225600        0.050446
BFGS:  562 23:41:55     -205.232863        0.059969
BFGS:  563 23:41:55     -205.237036        0.065507
BFGS:  564 23:41:56     -205.239197        0.067568
BFGS:  565 23:41:56     -205.241085        0.058891
BFGS:  566 23:41:56     -205.244328        0.053605
BFGS:  567 23:41:56     -205.249776        0.047355
BFGS:  568 23:41:56     -205.259227        0.061136
BFGS:  569 23:41:56     -205.267686        0.078131
BFGS:  570 23:41:56     -205.272930        0.079185
BFGS:  571 23:41:56     -205.274513        0.074865
BFGS:  572 23:41:57     -205.276346        0.068150
BFGS:  573 23:41:57     -205.281186        0.054568
BFGS:  574 23:41:57     -205.287813        0.060703
BFGS:  575 23:41:58     -205.294634        0.093456
BFGS:  576 23:41:58     -205.298340        0.103027
BFGS:  577 23:41:58     -205.300103        0.094513
BFGS:  578 23:41:58     -205.301740        0.077654
BFGS:  579 23:41:59     -205.304250        0.059540
BFGS:  580 23:41:59     -205.312229        0.051100
BFGS:  581 23:41:59     -205.316159        0.062475
BFGS:  582 23:41:59     -205.318552        0.075629
BFGS:  583 23:41:59     -205.319724        0.075638
BFGS:  584 23:41:59     -205.321453        0.065808
BFGS:  585 23:41:59     -205.324298        0.059370
BFGS:  586 23:42:00     -205.328655        0.056111
BFGS:  587 23:42:00     -205.332768        0.065537
BFGS:  588 23:42:03     -205.334945        0.071270
BFGS:  589 23:42:03     -205.335800        0.071074
BFGS:  590 23:42:04     -205.336483        0.066946
BFGS:  591 23:42:04     -205.338055        0.055891
BFGS:  592 23:42:04     -205.340415        0.044948
BFGS:  593 23:42:04     -205.343121        0.056610
BFGS:  594 23:42:04     -205.344897        0.066116
BFGS:  595 23:42:04     -205.345856        0.067633
BFGS:  596 23:42:04     -205.346715        0.066512
BFGS:  597 23:42:04     -205.348162        0.062007
BFGS:  598 23:42:05     -205.350403        0.055483
BFGS:  599 23:42:05     -205.352600        0.059602
BFGS:  600 23:42:06     -205.353789        0.058048
BFGS:  601 23:42:06     -205.354370        0.053907
BFGS:  602 23:42:07     -205.355040        0.049905
BFGS:  603 23:42:07     -205.356366        0.045750
BFGS:  604 23:42:07     -205.358517        0.047256
BFGS:  605 23:42:07     -205.360861        0.049621
BFGS:  606 23:42:07     -205.362264        0.057452
BFGS:  607 23:42:07     -205.362904        0.062102
BFGS:  608 23:42:07     -205.363501        0.064309
BFGS:  609 23:42:07     -205.364615        0.064537
BFGS:  610 23:42:08     -205.366305        0.060565
BFGS:  611 23:42:08     -205.368024        0.051863
BFGS:  612 23:42:08     -205.369032        0.052805
BFGS:  613 23:42:08     -205.369588        0.053345
BFGS:  614 23:42:08     -205.370264        0.050912
BFGS:  615 23:42:08     -205.371628        0.045583
BFGS:  616 23:42:08     -205.374086        0.045449
BFGS:  617 23:42:08     -205.376870        0.046680
BFGS:  618 23:42:09     -205.378422        0.054736
BFGS:  619 23:42:09     -205.379046        0.057208
BFGS:  620 23:42:09     -205.379568        0.057006
BFGS:  621 23:42:09     -205.380685        0.054055
BFGS:  622 23:42:09     -205.382884        0.047089
BFGS:  623 23:42:09     -205.386190        0.048622
BFGS:  624 23:42:09     -205.389082        0.054492
BFGS:  625 23:42:09     -205.390511        0.052924
BFGS:  626 23:42:10     -205.391158        0.048452
BFGS:  627 23:42:10     -205.391890        0.043853
BFGS:  628 23:42:10     -205.393437        0.041423
BFGS:  629 23:42:10     -205.396118        0.043034
BFGS:  630 23:42:10     -205.398936        0.042874
BFGS:  631 23:42:10     -205.400545        0.046776
BFGS:  632 23:42:10     -205.401193        0.043379
BFGS:  633 23:42:11     -205.401717        0.037431
BFGS:  634 23:42:11     -205.402734        0.034240
BFGS:  635 23:42:11     -205.404587        0.033065
BFGS:  636 23:42:11     -205.406796        0.035505
BFGS:  637 23:42:11     -205.408244        0.038259
BFGS:  638 23:42:11     -205.408923        0.037432
BFGS:  639 23:42:11     -205.409432        0.035493
BFGS:  640 23:42:11     -205.410359        0.032113
BFGS:  641 23:42:12     -205.412165        0.032996
BFGS:  642 23:42:12     -205.414696        0.033272
BFGS:  643 23:42:12     -205.416535        0.040335
BFGS:  644 23:42:12     -205.417324        0.041025
BFGS:  645 23:42:12     -205.417751        0.039119
BFGS:  646 23:42:12     -205.418344        0.031467
BFGS:  647 23:42:12     -205.419641        0.033655
BFGS:  648 23:42:14     -205.421764        0.044809
BFGS:  649 23:42:14     -205.423573        0.045753
BFGS:  650 23:42:14     -205.424569        0.044841
BFGS:  651 23:42:14     -205.425058        0.038373
BFGS:  652 23:42:14     -205.425649        0.033678
BFGS:  653 23:42:14     -205.426871        0.030367
BFGS:  654 23:42:14     -205.428719        0.028903
BFGS:  655 23:42:15     -205.430457        0.031849
BFGS:  656 23:42:15     -205.431334        0.032205
BFGS:  657 23:42:15     -205.431700        0.032411
BFGS:  658 23:42:15     -205.432055        0.033917
BFGS:  659 23:42:15     -205.432835        0.038246
BFGS:  660 23:42:15     -205.434315        0.042501
BFGS:  661 23:42:15     -205.436056        0.042049
BFGS:  662 23:42:18     -205.437188        0.044673
BFGS:  663 23:42:19     -205.437657        0.039271
BFGS:  664 23:42:19     -205.438011        0.030918
BFGS:  665 23:42:19     -205.438657        0.027605
BFGS:  666 23:42:19     -205.439864        0.031000
BFGS:  667 23:42:21     -205.441503        0.032142
BFGS:  668 23:42:21     -205.442900        0.040261
BFGS:  669 23:42:21     -205.443807        0.042673
BFGS:  670 23:42:21     -205.444465        0.040391
BFGS:  671 23:42:21     -205.445391        0.035762
BFGS:  672 23:42:22     -205.447517        0.033811
BFGS:  673 23:42:22     -205.451501        0.041034
BFGS:  674 23:42:22     -205.455856        0.043609
BFGS:  675 23:42:22     -205.461337        0.058758
BFGS:  676 23:42:22     -205.463392        0.062400
BFGS:  677 23:42:22     -205.465468        0.060326
BFGS:  678 23:42:22     -205.468315        0.055144
BFGS:  679 23:42:23     -205.473013        0.054600
BFGS:  680 23:42:23     -205.486978        0.058714
BFGS:  681 23:42:23     -205.497726        0.076160
BFGS:  682 23:42:23     -205.508264        0.089260
BFGS:  683 23:42:23     -205.526730        0.103826
BFGS:  684 23:42:23     -205.540991        0.106826
BFGS:  685 23:42:23     -205.549728        0.095310
BFGS:  686 23:42:23     -205.555769        0.088697
BFGS:  687 23:42:24     -205.559298        0.086865
BFGS:  688 23:42:24     -205.563019        0.078114
BFGS:  689 23:42:24     -205.571459        0.066472
BFGS:  690 23:42:24     -205.591156        0.060176
BFGS:  691 23:42:24     -205.602781        0.071392
BFGS:  692 23:42:24     -205.611239        0.086661
BFGS:  693 23:42:24     -205.615687        0.083902
BFGS:  694 23:42:24     -205.620064        0.080070
BFGS:  695 23:42:25     -205.626861        0.077257
BFGS:  696 23:42:25     -205.636739        0.077760
BFGS:  697 23:42:25     -205.648268        0.079427
BFGS:  698 23:42:25     -205.657062        0.074707
BFGS:  699 23:42:25     -205.661990        0.072106
BFGS:  700 23:42:25     -205.665350        0.074636
BFGS:  701 23:42:25     -205.669002        0.070808
BFGS:  702 23:42:25     -205.676238        0.060098
BFGS:  703 23:42:26     -205.688395        0.076875
BFGS:  704 23:42:26     -205.704162        0.079034
BFGS:  705 23:42:26     -205.715736        0.075949
BFGS:  706 23:42:26     -205.720999        0.072369
BFGS:  707 23:42:26     -205.723482        0.068417
BFGS:  708 23:42:26     -205.726688        0.062941
BFGS:  709 23:42:26     -205.735415        0.067758
BFGS:  710 23:42:26     -205.749873        0.078580
BFGS:  711 23:42:27     -205.768670        0.083950
BFGS:  712 23:42:27     -205.781786        0.108322
BFGS:  713 23:42:27     -205.787643        0.096807
BFGS:  714 23:42:27     -205.791168        0.082643
BFGS:  715 23:42:27     -205.795184        0.079640
BFGS:  716 23:42:27     -205.805597        0.078822
BFGS:  717 23:42:27     -205.822330        0.083705
BFGS:  718 23:42:27     -205.842661        0.081272
BFGS:  719 23:42:29     -205.856131        0.056788
BFGS:  720 23:42:29     -205.861530        0.055396
BFGS:  721 23:42:29     -205.863447        0.055403
BFGS:  722 23:42:29     -205.865078        0.054295
BFGS:  723 23:42:29     -205.868718        0.054048
BFGS:  724 23:42:29     -205.873543        0.052803
BFGS:  725 23:42:30     -205.881833        0.069286
BFGS:  726 23:42:30     -205.888654        0.070869
BFGS:  727 23:42:30     -205.892318        0.067339
BFGS:  728 23:42:30     -205.893975        0.068669
BFGS:  729 23:42:30     -205.895574        0.064218
BFGS:  730 23:42:34     -205.898526        0.050748
BFGS:  731 23:42:34     -205.903579        0.053855
BFGS:  732 23:42:34     -205.909312        0.040722
BFGS:  733 23:42:34     -205.912661        0.044457
BFGS:  734 23:42:34     -205.914097        0.048783
BFGS:  735 23:42:35     -205.915325        0.050017
BFGS:  736 23:42:35     -205.917474        0.048868
BFGS:  737 23:42:35     -205.921479        0.045095
BFGS:  738 23:42:35     -205.927230        0.043793
BFGS:  739 23:42:35     -205.932194        0.040437
BFGS:  740 23:42:35     -205.934455        0.035078
BFGS:  741 23:42:35     -205.935255        0.033188
BFGS:  742 23:42:36     -205.935995        0.032766
BFGS:  743 23:42:36     -205.937652        0.035932
BFGS:  744 23:42:36     -205.940775        0.039137
BFGS:  745 23:42:36     -205.945110        0.037695
BFGS:  746 23:42:36     -205.948473        0.029676
BFGS:  747 23:42:36     -205.949866        0.031146
BFGS:  748 23:42:36     -205.950340        0.030021
BFGS:  749 23:42:36     -205.950799        0.027227
BFGS:  750 23:42:37     -205.951791        0.023500
BFGS:  751 23:42:37     -205.953644        0.025687
BFGS:  752 23:42:37     -205.956166        0.033033
BFGS:  753 23:42:37     -205.958089        0.031751
BFGS:  754 23:42:37     -205.958938        0.037941
BFGS:  755 23:42:37     -205.959350        0.036916
BFGS:  756 23:42:37     -205.959902        0.033449
BFGS:  757 23:42:37     -205.960952        0.028974
BFGS:  758 23:42:38     -205.962580        0.033049
BFGS:  759 23:42:38     -205.964302        0.026491
BFGS:  760 23:42:38     -205.965420        0.035932
BFGS:  761 23:42:38     -205.966012        0.042742
BFGS:  762 23:42:38     -205.966630        0.045024
BFGS:  763 23:42:38     -205.967917        0.046675
BFGS:  764 23:42:38     -205.970212        0.057157
BFGS:  765 23:42:39     -205.975636        0.067096
BFGS:  766 23:42:39     -205.984416        0.069256
BFGS:  767 23:42:39     -205.993089        0.090330
BFGS:  768 23:42:39     -206.001392        0.096258
BFGS:  769 23:42:39     -206.007376        0.093258
BFGS:  770 23:42:39     -206.012580        0.099600
BFGS:  771 23:42:39     -206.022116        0.097815
BFGS:  772 23:42:39     -206.045790        0.120936
BFGS:  773 23:42:40     -206.065442        0.107338
BFGS:  774 23:42:43     -206.087951        0.127560
BFGS:  775 23:42:43     -206.107813        0.076331
BFGS:  776 23:42:44     -206.114326        0.062478
BFGS:  777 23:42:44     -206.117045        0.064560
BFGS:  778 23:42:44     -206.121342        0.067863
BFGS:  779 23:42:44     -206.127055        0.071735
BFGS:  780 23:42:44     -206.138188        0.095839
BFGS:  781 23:42:44     -206.151616        0.087598
BFGS:  782 23:42:47     -206.161699        0.063586
BFGS:  783 23:42:47     -206.165393        0.071413
BFGS:  784 23:42:47     -206.166596        0.062939
BFGS:  785 23:42:47     -206.167732        0.058609
BFGS:  786 23:42:47     -206.170569        0.042997
BFGS:  787 23:42:47     -206.175490        0.038815
BFGS:  788 23:42:47     -206.182429        0.044944
BFGS:  789 23:42:48     -206.187837        0.046920
BFGS:  790 23:42:48     -206.190025        0.048508
BFGS:  791 23:42:48     -206.190711        0.042676
BFGS:  792 23:42:48     -206.191300        0.034702
BFGS:  793 23:42:48     -206.192494        0.028052
BFGS:  794 23:42:48     -206.194695        0.030975
BFGS:  795 23:42:48     -206.197744        0.034130
BFGS:  796 23:42:48     -206.200471        0.030839
BFGS:  797 23:42:52     -206.201825        0.025489
BFGS:  798 23:42:52     -206.202307        0.020850
BFGS:  799 23:42:52     -206.202626        0.020563
BFGS:  800 23:42:52     -206.203144        0.022351
BFGS:  801 23:42:52     -206.204104        0.022812
BFGS:  802 23:42:52     -206.205662        0.023531
BFGS:  803 23:42:52     -206.207417        0.026223
BFGS:  804 23:42:53     -206.208493        0.023944
BFGS:  805 23:42:53     -206.208882        0.021895
BFGS:  806 23:42:53     -206.209107        0.020935
BFGS:  807 23:42:53     -206.209511        0.021729
BFGS:  808 23:42:53     -206.210325        0.022153
BFGS:  809 23:42:53     -206.211725        0.020851
BFGS:  810 23:42:53     -206.213304        0.020859
BFGS:  811 23:42:53     -206.214249        0.021154
BFGS:  812 23:42:54     -206.214577        0.020183
BFGS:  813 23:42:54     -206.214755        0.019308
BFGS:  814 23:42:54     -206.215055        0.017550
BFGS:  815 23:42:54     -206.215657        0.019259
BFGS:  816 23:42:54     -206.216726        0.024677
BFGS:  817 23:42:54     -206.218091        0.025294
BFGS:  818 23:42:54     -206.219083        0.018851
BFGS:  819 23:42:55     -206.219450        0.019280
BFGS:  820 23:42:55     -206.219580        0.017998
BFGS:  821 23:42:55     -206.219720        0.016057
BFGS:  822 23:42:55     -206.220010        0.016393
BFGS:  823 23:42:55     -206.220555        0.016099
BFGS:  824 23:42:55     -206.221383        0.016872
BFGS:  825 23:42:55     -206.222157        0.018188
BFGS:  826 23:42:55     -206.222537        0.016923
BFGS:  827 23:42:56     -206.222663        0.014773
BFGS:  828 23:42:56     -206.222766        0.012743
BFGS:  829 23:42:56     -206.222992        0.013329
BFGS:  830 23:42:56     -206.223414        0.013703
BFGS:  831 23:42:56     -206.224048        0.012672
BFGS:  832 23:42:56     -206.224590        0.012209
BFGS:  833 23:42:56     -206.224823        0.012033
BFGS:  834 23:42:56     -206.224896        0.011272
BFGS:  835 23:42:57     -206.224961        0.010503
BFGS:  836 23:42:57     -206.225108        0.012346
BFGS:  837 23:42:57     -206.225389        0.016333
BFGS:  838 23:42:57     -206.225828        0.017948
BFGS:  839 23:42:57     -206.226229        0.014571
BFGS:  840 23:42:57     -206.226411        0.011016
BFGS:  841 23:42:57     -206.226467        0.010736
BFGS:  842 23:42:57     -206.226511        0.009951
BFGS:  843 23:42:58     -206.226606        0.009177
BFGS:  844 23:42:58     -206.226781        0.012092
BFGS:  845 23:42:58     -206.227037        0.014646
BFGS:  846 23:42:58     -206.227246        0.011367
BFGS:  847 23:42:58     -206.227333        0.007976
BFGS:  848 23:42:58     -206.227365        0.007970
BFGS:  849 23:42:58     -206.227400        0.007653
BFGS:  850 23:42:58     -206.227481        0.007638
BFGS:  851 23:42:59     -206.227634        0.011548
BFGS:  852 23:42:59     -206.227850        0.012787
BFGS:  853 23:42:59     -206.228018        0.008269
BFGS:  854 23:42:59     -206.228084        0.006816
BFGS:  855 23:42:59     -206.228108        0.006565
BFGS:  856 23:42:59     -206.228140        0.006555
BFGS:  857 23:42:59     -206.228213        0.008043
BFGS:  858 23:43:00     -206.228353        0.011409
BFGS:  859 23:43:00     -206.228551        0.011665
BFGS:  860 23:43:00     -206.228707        0.007470
BFGS:  861 23:43:00     -206.228770        0.006774
BFGS:  862 23:43:00     -206.228795        0.006818
BFGS:  863 23:43:00     -206.228831        0.006591
BFGS:  864 23:43:00     -206.228914        0.008048
BFGS:  865 23:43:00     -206.229077        0.011357
BFGS:  866 23:43:01     -206.229316        0.012148
BFGS:  867 23:43:01     -206.229517        0.008733
BFGS:  868 23:43:01     -206.229602        0.007367
BFGS:  869 23:43:01     -206.229635        0.006688
BFGS:  870 23:43:01     -206.229678        0.006600
BFGS:  871 23:43:01     -206.229777        0.007668
BFGS:  872 23:43:02     -206.229974        0.010273
BFGS:  873 23:43:02     -206.230265        0.011639
BFGS:  874 23:43:03     -206.230502        0.009249
BFGS:  875 23:43:03     -206.230609        0.008778
BFGS:  876 23:43:03     -206.230647        0.008605
BFGS:  877 23:43:03     -206.230693        0.008129
BFGS:  878 23:43:03     -206.230800        0.007140
BFGS:  879 23:43:03     -206.230993        0.008287
BFGS:  880 23:43:03     -206.231247        0.009888
BFGS:  881 23:43:03     -206.231423        0.008795
BFGS:  882 23:43:04     -206.231490        0.008314
BFGS:  883 23:43:04     -206.231520        0.007518
BFGS:  884 23:43:04     -206.231570        0.007161
BFGS:  885 23:43:04     -206.231677        0.007393
BFGS:  886 23:43:07     -206.231878        0.009113
BFGS:  887 23:43:07     -206.232131        0.008960
BFGS:  888 23:43:07     -206.232294        0.007076
BFGS:  889 23:43:07     -206.232345        0.006696
BFGS:  890 23:43:07     -206.232364        0.006753
BFGS:  891 23:43:07     -206.232393        0.006552
BFGS:  892 23:43:08     -206.232470        0.005604
BFGS:  893 23:43:08     -206.232604        0.006437
BFGS:  894 23:43:08     -206.232785        0.007921
BFGS:  895 23:43:08     -206.232914        0.007333
BFGS:  896 23:43:08     -206.232960        0.007129
BFGS:  897 23:43:08     -206.232979        0.006955
BFGS:  898 23:43:08     -206.233002        0.006427
BFGS:  899 23:43:08     -206.233056        0.005198
BFGS:  900 23:43:09     -206.233159        0.005346
BFGS:  901 23:43:09     -206.233304        0.005789
BFGS:  902 23:43:09     -206.233417        0.005178
BFGS:  903 23:43:09     -206.233461        0.004729
BFGS:  904 23:43:09     -206.233473        0.004545
BFGS:  905 23:43:09     -206.233486        0.004376
BFGS:  906 23:43:09     -206.233514        0.004228
BFGS:  907 23:43:10     -206.233573        0.005087
BFGS:  908 23:43:10     -206.233665        0.005350
BFGS:  909 23:43:10     -206.233734        0.004487
BFGS:  910 23:43:10     -206.233757        0.003785
BFGS:  911 23:43:10     -206.233764        0.003502
BFGS:  912 23:43:10     -206.233772        0.003409
BFGS:  913 23:43:10     -206.233791        0.003139
BFGS:  914 23:43:10     -206.233828        0.003888
BFGS:  915 23:43:11     -206.233882        0.004305
BFGS:  916 23:43:11     -206.233927        0.003950
BFGS:  917 23:43:11     -206.233945        0.003508
BFGS:  918 23:43:11     -206.233950        0.003154
BFGS:  919 23:43:11     -206.233954        0.002861
BFGS:  920 23:43:11     -206.233964        0.002434
BFGS:  921 23:43:11     -206.233982        0.002615
BFGS:  922 23:43:11     -206.234007        0.002824
BFGS:  923 23:43:12     -206.234026        0.002009
BFGS:  924 23:43:12     -206.234033        0.001812
BFGS:  925 23:43:12     -206.234035        0.001770
BFGS:  926 23:43:12     -206.234038        0.001650
BFGS:  927 23:43:12     -206.234044        0.001984
BFGS:  928 23:43:12     -206.234056        0.002476
BFGS:  929 23:43:12     -206.234074        0.002590
BFGS:  930 23:43:13     -206.234087        0.002431
BFGS:  931 23:43:13     -206.234092        0.001870
BFGS:  932 23:43:13     -206.234093        0.001695
BFGS:  933 23:43:13     -206.234095        0.001621
BFGS:  934 23:43:13     -206.234099        0.001541
BFGS:  935 23:43:13     -206.234105        0.001905
BFGS:  936 23:43:13     -206.234114        0.001992
BFGS:  937 23:43:13     -206.234120        0.002058
BFGS:  938 23:43:14     -206.234122        0.002139
BFGS:  939 23:43:14     -206.234123        0.002052
BFGS:  940 23:43:14     -206.234123        0.001906
BFGS:  941 23:43:14     -206.234125        0.001618
BFGS:  942 23:43:14     -206.234129        0.001466
BFGS:  943 23:43:14     -206.234135        0.001537
BFGS:  944 23:43:14     -206.234139        0.001582
BFGS:  945 23:43:14     -206.234141        0.001624
BFGS:  946 23:43:15     -206.234141        0.001626
BFGS:  947 23:43:15     -206.234142        0.001634
BFGS:  948 23:43:15     -206.234143        0.001646
BFGS:  949 23:43:15     -206.234146        0.001675
BFGS:  950 23:43:15     -206.234150        0.001707
BFGS:  951 23:43:15     -206.234154        0.001698
BFGS:  952 23:43:15     -206.234156        0.001640
BFGS:  953 23:43:15     -206.234157        0.001594
BFGS:  954 23:43:16     -206.234157        0.001566
BFGS:  955 23:43:16     -206.234158        0.001522
BFGS:  956 23:43:16     -206.234160        0.001592
BFGS:  957 23:43:16     -206.234162        0.001700
BFGS:  958 23:43:16     -206.234165        0.001571
BFGS:  959 23:43:17     -206.234167        0.001543
BFGS:  960 23:43:17     -206.234168        0.001588
BFGS:  961 23:43:17     -206.234168        0.001609
BFGS:  962 23:43:18     -206.234169        0.001624
BFGS:  963 23:43:18     -206.234171        0.001609
BFGS:  964 23:43:18     -206.234174        0.001516
BFGS:  965 23:43:18     -206.234178        0.001316
BFGS:  966 23:43:18     -206.234180        0.001156
BFGS:  967 23:43:18     -206.234181        0.001237
BFGS:  968 23:43:18     -206.234181        0.001245
BFGS:  969 23:43:18     -206.234182        0.001234
BFGS:  970 23:43:19     -206.234183        0.001188
BFGS:  971 23:43:19     -206.234185        0.001199
BFGS:  972 23:43:19     -206.234187        0.001138
BFGS:  973 23:43:19     -206.234188        0.001070
BFGS:  974 23:43:22     -206.234188        0.001072
BFGS:  975 23:43:22     -206.234188        0.001060
BFGS:  976 23:43:22     -206.234189        0.001038
BFGS:  977 23:43:22     -206.234189        0.000995
