      Step     Time          Energy          fmax
BFGS:    0 15:00:57      156.359320       41.979232
BFGS:    1 15:00:57       72.899452       20.705580
BFGS:    2 15:00:58       10.763958       11.688389
BFGS:    3 15:00:58      -24.622320        7.475347
BFGS:    4 15:00:58      -44.800464        5.563104
BFGS:    5 15:00:58      -56.752795        4.433936
BFGS:    6 15:00:58      -64.092435        3.607973
BFGS:    7 15:00:58      -68.463047        3.015900
BFGS:    8 15:00:58      -70.963215        2.600603
BFGS:    9 15:00:58      -72.512453        2.308224
BFGS:   10 15:00:58      -73.845480        2.102917
BFGS:   11 15:00:58      -75.248535        1.945989
BFGS:   12 15:00:58      -76.749396        1.819776
BFGS:   13 15:00:58      -78.275090        1.714939
BFGS:   14 15:00:58      -79.735252        1.629733
BFGS:   15 15:00:58      -81.059192        1.563088
BFGS:   16 15:00:59      -82.214357        1.507958
BFGS:   17 15:00:59      -83.178991        1.457154
BFGS:   18 15:00:59      -83.965656        1.405705
BFGS:   19 15:00:59      -84.594603        1.350134
BFGS:   20 15:00:59      -85.090473        1.288626
BFGS:   21 15:00:59      -85.485106        1.221448
BFGS:   22 15:00:59      -85.826351        1.145752
BFGS:   23 15:00:59      -86.183780        1.063045
BFGS:   24 15:00:59      -86.614996        0.973032
BFGS:   25 15:00:59      -87.149151        0.881021
BFGS:   26 15:00:59      -87.778018        0.796324
BFGS:   27 15:00:59      -88.430861        0.727990
BFGS:   28 15:00:59      -88.950373        0.685984
BFGS:   29 15:00:59      -89.229699        0.664570
BFGS:   30 15:01:00      -89.374804        0.641126
BFGS:   31 15:01:00      -89.566769        0.602664
BFGS:   32 15:01:00      -89.769729        0.574290
BFGS:   33 15:01:00      -89.978598        0.560724
BFGS:   34 15:01:00      -90.184508        0.527014
BFGS:   35 15:01:00      -90.379972        0.478844
BFGS:   36 15:01:00      -90.559973        0.426530
BFGS:   37 15:01:00      -90.719399        0.405902
BFGS:   38 15:01:00      -90.851503        0.391714
BFGS:   39 15:01:00      -90.956944        0.380961
BFGS:   40 15:01:00      -91.051251        0.371335
BFGS:   41 15:01:00      -91.145757        0.387841
BFGS:   42 15:01:00      -91.252880        0.445643
BFGS:   43 15:01:00      -91.355752        0.465422
BFGS:   44 15:01:01      -91.435821        0.445412
BFGS:   45 15:01:01      -91.559576        0.416357
BFGS:   46 15:01:01      -91.660612        0.415886
BFGS:   47 15:01:01      -91.744469        0.413565
BFGS:   48 15:01:01      -91.820831        0.409938
BFGS:   49 15:01:01      -91.893763        0.405572
BFGS:   50 15:01:01      -91.963801        0.401615
BFGS:   51 15:01:01      -92.031228        0.398552
BFGS:   52 15:01:01      -92.099070        0.393731
BFGS:   53 15:01:01      -92.172733        0.382688
BFGS:   54 15:01:01      -92.254231        0.380034
BFGS:   55 15:01:01      -92.339900        0.376565
BFGS:   56 15:01:01      -92.424247        0.368562
BFGS:   57 15:01:01      -92.503311        0.356601
BFGS:   58 15:01:02      -92.574741        0.341249
BFGS:   59 15:01:02      -92.637483        0.323140
BFGS:   60 15:01:02      -92.691773        0.302830
BFGS:   61 15:01:02      -92.738877        0.280494
BFGS:   62 15:01:02      -92.780233        0.255760
BFGS:   63 15:01:02      -92.816393        0.228095
BFGS:   64 15:01:02      -92.849445        0.222624
BFGS:   65 15:01:02      -92.887080        0.233511
BFGS:   66 15:01:02      -92.937918        0.233461
BFGS:   67 15:01:02      -93.004470        0.216735
BFGS:   68 15:01:02      -93.042792        0.190210
BFGS:   69 15:01:02      -93.064764        0.165992
BFGS:   70 15:01:02      -93.073554        0.157431
BFGS:   71 15:01:02      -93.081336        0.155405
BFGS:   72 15:01:02      -93.097038        0.158153
BFGS:   73 15:01:03      -93.112185        0.164332
BFGS:   74 15:01:03      -93.126612        0.171598
BFGS:   75 15:01:03      -93.137852        0.177800
BFGS:   76 15:01:03      -93.144944        0.180252
BFGS:   77 15:01:03      -93.152769        0.179071
BFGS:   78 15:01:03      -93.164469        0.171480
BFGS:   79 15:01:03      -93.174344        0.160681
BFGS:   80 15:01:03      -93.183328        0.164792
BFGS:   81 15:01:03      -93.196299        0.171599
BFGS:   82 15:01:03      -93.225349        0.182026
BFGS:   83 15:01:03      -93.266401        0.189379
BFGS:   84 15:01:03      -93.318016        0.191377
BFGS:   85 15:01:03      -93.359966        0.189027
BFGS:   86 15:01:03      -93.396559        0.184715
BFGS:   87 15:01:03      -93.429123        0.179303
BFGS:   88 15:01:04      -93.458372        0.173043
BFGS:   89 15:01:04      -93.484760        0.166144
BFGS:   90 15:01:04      -93.508526        0.159109
BFGS:   91 15:01:04      -93.529819        0.152809
BFGS:   92 15:01:04      -93.548896        0.151526
BFGS:   93 15:01:04      -93.566232        0.158537
BFGS:   94 15:01:04      -93.582373        0.165223
BFGS:   95 15:01:04      -93.597587        0.171679
BFGS:   96 15:01:04      -93.612476        0.177835
BFGS:   97 15:01:04      -93.627367        0.183802
BFGS:   98 15:01:04      -93.641459        0.189769
BFGS:   99 15:01:04      -93.654628        0.195728
BFGS:  100 15:01:04      -93.667231        0.201375
BFGS:  101 15:01:04      -93.679654        0.206630
BFGS:  102 15:01:05      -93.692209        0.211575
BFGS:  103 15:01:05      -93.705000        0.216408
BFGS:  104 15:01:05      -93.717944        0.221311
BFGS:  105 15:01:05      -93.735039        0.228114
BFGS:  106 15:01:05      -93.751394        0.233806
BFGS:  107 15:01:05      -93.768824        0.238361
BFGS:  108 15:01:05      -93.788350        0.242184
BFGS:  109 15:01:05      -93.809394        0.245498
BFGS:  110 15:01:05      -93.837373        0.248786
BFGS:  111 15:01:05      -93.883389        0.252097
BFGS:  112 15:01:05      -93.969304        0.258310
BFGS:  113 15:01:05      -94.144018        0.335352
BFGS:  114 15:01:05      -94.463562        0.453777
BFGS:  115 15:01:05      -94.912180        0.588418
BFGS:  116 15:01:05      -95.329767        0.672968
BFGS:  117 15:01:06      -95.568360        0.668370
BFGS:  118 15:01:06      -95.752076        0.642385
BFGS:  119 15:01:06      -95.911248        0.617233
BFGS:  120 15:01:06      -96.059359        0.587159
BFGS:  121 15:01:06      -96.196087        0.563809
BFGS:  122 15:01:06      -96.327859        0.534342
BFGS:  123 15:01:06      -96.450178        0.514798
BFGS:  124 15:01:06      -96.570176        0.487435
BFGS:  125 15:01:06      -96.682467        0.469531
BFGS:  126 15:01:06      -96.792938        0.446534
BFGS:  127 15:01:06      -96.898103        0.429007
BFGS:  128 15:01:06      -97.001255        0.409933
BFGS:  129 15:01:06      -97.100728        0.393475
BFGS:  130 15:01:06      -97.198177        0.377195
BFGS:  131 15:01:06      -97.292784        0.362209
BFGS:  132 15:01:07      -97.385451        0.348026
BFGS:  133 15:01:07      -97.475612        0.334534
BFGS:  134 15:01:07      -97.563626        0.322151
BFGS:  135 15:01:07      -97.648949        0.310081
BFGS:  136 15:01:07      -97.732061        0.298978
BFGS:  137 15:01:07      -97.812564        0.291576
BFGS:  138 15:01:07      -97.890892        0.288165
BFGS:  139 15:01:07      -97.966593        0.285694
BFGS:  140 15:01:07      -98.040137        0.285790
BFGS:  141 15:01:07      -98.110982        0.284386
BFGS:  142 15:01:07      -98.179677        0.285432
BFGS:  143 15:01:07      -98.245603        0.284455
BFGS:  144 15:01:07      -98.309348        0.285827
BFGS:  145 15:01:07      -98.370296        0.285056
BFGS:  146 15:01:07      -98.428997        0.286027
BFGS:  147 15:01:08      -98.484925        0.285031
BFGS:  148 15:01:08      -98.538522        0.285177
BFGS:  149 15:01:08      -98.589328        0.283571
BFGS:  150 15:01:08      -98.637710        0.282851
BFGS:  151 15:01:08      -98.683257        0.280781
BFGS:  152 15:01:08      -98.726308        0.279808
BFGS:  153 15:01:08      -98.766472        0.277680
BFGS:  154 15:01:08      -98.804128        0.276597
BFGS:  155 15:01:08      -98.838950        0.274276
BFGS:  156 15:01:08      -98.871327        0.273043
BFGS:  157 15:01:08      -98.900970        0.270457
BFGS:  158 15:01:08      -98.928288        0.269043
BFGS:  159 15:01:08      -98.953037        0.266147
BFGS:  160 15:01:08      -98.975633        0.264536
BFGS:  161 15:01:08      -98.995899        0.261339
BFGS:  162 15:01:09      -99.014266        0.259509
BFGS:  163 15:01:09      -99.030677        0.255964
BFGS:  164 15:01:09      -99.045630        0.253725
BFGS:  165 15:01:09      -99.059234        0.253128
BFGS:  166 15:01:09      -99.072086        0.255054
BFGS:  167 15:01:09      -99.084475        0.256127
BFGS:  168 15:01:09      -99.097169        0.257916
BFGS:  169 15:01:09      -99.110709        0.258911
BFGS:  170 15:01:09      -99.126170        0.260687
BFGS:  171 15:01:09      -99.144420        0.261872
BFGS:  172 15:01:09      -99.167032        0.263986
BFGS:  173 15:01:09      -99.195537        0.265886
BFGS:  174 15:01:09      -99.232607        0.268896
BFGS:  175 15:01:09      -99.279990        0.271188
BFGS:  176 15:01:10      -99.337538        0.274148
BFGS:  177 15:01:10      -99.406090        0.282402
BFGS:  178 15:01:10      -99.461272        0.328261
BFGS:  179 15:01:10      -99.508451        0.361795
BFGS:  180 15:01:10      -99.551092        0.372654
BFGS:  181 15:01:10      -99.593951        0.376312
BFGS:  182 15:01:10      -99.637905        0.373011
BFGS:  183 15:01:10      -99.682696        0.368098
BFGS:  184 15:01:10      -99.728984        0.357402
BFGS:  185 15:01:10      -99.778087        0.344069
BFGS:  186 15:01:10      -99.830867        0.326542
BFGS:  187 15:01:10      -99.888450        0.322890
BFGS:  188 15:01:10      -99.952886        0.319038
BFGS:  189 15:01:10     -100.012350        0.315181
BFGS:  190 15:01:10     -100.065893        0.319047
BFGS:  191 15:01:11     -100.116206        0.320494
BFGS:  192 15:01:11     -100.164635        0.320419
BFGS:  193 15:01:11     -100.211906        0.319128
BFGS:  194 15:01:11     -100.258471        0.317523
BFGS:  195 15:01:11     -100.304614        0.316910
BFGS:  196 15:01:11     -100.350898        0.316002
BFGS:  197 15:01:11     -100.397481        0.314341
BFGS:  198 15:01:11     -100.444288        0.311753
BFGS:  199 15:01:11     -100.491269        0.307866
BFGS:  200 15:01:11     -100.538470        0.302197
BFGS:  201 15:01:11     -100.585838        0.294910
BFGS:  202 15:01:11     -100.633355        0.286076
BFGS:  203 15:01:11     -100.681065        0.275847
BFGS:  204 15:01:11     -100.728999        0.264383
BFGS:  205 15:01:11     -100.777144        0.258177
BFGS:  206 15:01:12     -100.825389        0.256383
BFGS:  207 15:01:12     -100.873550        0.254260
BFGS:  208 15:01:12     -100.921379        0.251684
BFGS:  209 15:01:12     -100.968643        0.248516
BFGS:  210 15:01:12     -101.015197        0.244568
BFGS:  211 15:01:12     -101.061137        0.239698
BFGS:  212 15:01:12     -101.106896        0.233811
BFGS:  213 15:01:12     -101.153296        0.226826
BFGS:  214 15:01:12     -101.201109        0.218602
BFGS:  215 15:01:12     -101.250677        0.210379
BFGS:  216 15:01:12     -101.301140        0.201416
BFGS:  217 15:01:12     -101.342383        0.189177
BFGS:  218 15:01:12     -101.377365        0.171454
BFGS:  219 15:01:12     -101.402258        0.170368
BFGS:  220 15:01:12     -101.424378        0.173578
BFGS:  221 15:01:13     -101.445413        0.178019
BFGS:  222 15:01:13     -101.465404        0.183186
BFGS:  223 15:01:13     -101.484264        0.188904
BFGS:  224 15:01:13     -101.501967        0.195100
BFGS:  225 15:01:13     -101.518565        0.201792
BFGS:  226 15:01:13     -101.534219        0.209085
BFGS:  227 15:01:13     -101.549334        0.217125
BFGS:  228 15:01:13     -101.565099        0.225996
BFGS:  229 15:01:13     -101.585068        0.236108
BFGS:  230 15:01:13     -101.614689        0.246498
BFGS:  231 15:01:13     -101.657626        0.250357
BFGS:  232 15:01:13     -101.699548        0.244993
BFGS:  233 15:01:13     -101.744542        0.242381
BFGS:  234 15:01:13     -101.781966        0.237914
BFGS:  235 15:01:13     -101.816830        0.229624
BFGS:  236 15:01:14     -101.850695        0.237733
BFGS:  237 15:01:14     -101.883128        0.240839
BFGS:  238 15:01:14     -101.911760        0.246312
BFGS:  239 15:01:14     -101.937081        0.246959
BFGS:  240 15:01:14     -101.961375        0.242348
BFGS:  241 15:01:14     -101.988826        0.235448
BFGS:  242 15:01:14     -102.015684        0.247855
BFGS:  243 15:01:14     -102.054302        0.256237
BFGS:  244 15:01:14     -102.093247        0.271592
BFGS:  245 15:01:14     -102.129096        0.279867
BFGS:  246 15:01:14     -102.162635        0.290922
BFGS:  247 15:01:14     -102.195934        0.283933
BFGS:  248 15:01:14     -102.227331        0.283547
BFGS:  249 15:01:14     -102.257060        0.279703
BFGS:  250 15:01:15     -102.284776        0.279477
BFGS:  251 15:01:15     -102.311591        0.271394
BFGS:  252 15:01:15     -102.337995        0.258168
BFGS:  253 15:01:15     -102.364021        0.238718
BFGS:  254 15:01:15     -102.391133        0.221494
BFGS:  255 15:01:15     -102.418611        0.209158
BFGS:  256 15:01:15     -102.444335        0.196018
BFGS:  257 15:01:15     -102.468725        0.168824
BFGS:  258 15:01:15     -102.494216        0.140665
BFGS:  259 15:01:15     -102.518933        0.150407
BFGS:  260 15:01:15     -102.540696        0.157513
BFGS:  261 15:01:15     -102.561518        0.149116
BFGS:  262 15:01:15     -102.578424        0.130376
BFGS:  263 15:01:15     -102.591556        0.120081
BFGS:  264 15:01:15     -102.603671        0.129738
BFGS:  265 15:01:16     -102.616846        0.151199
BFGS:  266 15:01:16     -102.629639        0.150852
BFGS:  267 15:01:16     -102.642177        0.149171
BFGS:  268 15:01:16     -102.653792        0.137807
BFGS:  269 15:01:16     -102.664727        0.142296
BFGS:  270 15:01:16     -102.675182        0.151169
BFGS:  271 15:01:16     -102.685606        0.155937
BFGS:  272 15:01:16     -102.696130        0.155918
BFGS:  273 15:01:16     -102.706697        0.151425
BFGS:  274 15:01:16     -102.717167        0.142778
BFGS:  275 15:01:16     -102.727520        0.130226
BFGS:  276 15:01:16     -102.737627        0.111911
BFGS:  277 15:01:16     -102.746581        0.094970
BFGS:  278 15:01:16     -102.756737        0.107377
BFGS:  279 15:01:17     -102.764262        0.077314
BFGS:  280 15:01:17     -102.768571        0.065830
BFGS:  281 15:01:17     -102.771793        0.063401
BFGS:  282 15:01:17     -102.776299        0.071388
BFGS:  283 15:01:17     -102.781408        0.075101
BFGS:  284 15:01:17     -102.786080        0.086584
BFGS:  285 15:01:17     -102.789725        0.089296
BFGS:  286 15:01:17     -102.793112        0.076145
BFGS:  287 15:01:17     -102.796035        0.054424
BFGS:  288 15:01:17     -102.798226        0.057195
BFGS:  289 15:01:17     -102.800200        0.060132
BFGS:  290 15:01:17     -102.801554        0.061340
BFGS:  291 15:01:17     -102.802934        0.061446
BFGS:  292 15:01:17     -102.804334        0.060906
BFGS:  293 15:01:17     -102.805698        0.060336
BFGS:  294 15:01:18     -102.806892        0.060226
BFGS:  295 15:01:18     -102.808195        0.060564
BFGS:  296 15:01:18     -102.809911        0.061398
BFGS:  297 15:01:18     -102.811940        0.062624
BFGS:  298 15:01:18     -102.813838        0.063713
BFGS:  299 15:01:18     -102.815555        0.064263
BFGS:  300 15:01:18     -102.817554        0.064503
BFGS:  301 15:01:18     -102.820117        0.064831
BFGS:  302 15:01:18     -102.822856        0.065663
BFGS:  303 15:01:18     -102.825168        0.066890
BFGS:  304 15:01:18     -102.827416        0.072474
BFGS:  305 15:01:18     -102.830882        0.069666
BFGS:  306 15:01:18     -102.836517        0.070682
BFGS:  307 15:01:18     -102.843700        0.066841
BFGS:  308 15:01:18     -102.849631        0.063320
BFGS:  309 15:01:19     -102.853688        0.072379
BFGS:  310 15:01:19     -102.857883        0.081996
BFGS:  311 15:01:19     -102.864766        0.090578
BFGS:  312 15:01:19     -102.873833        0.095992
BFGS:  313 15:01:19     -102.883692        0.098747
BFGS:  314 15:01:19     -102.893319        0.100214
BFGS:  315 15:01:19     -102.901638        0.101101
BFGS:  316 15:01:19     -102.908378        0.100845
BFGS:  317 15:01:19     -102.914197        0.098424
BFGS:  318 15:01:19     -102.920374        0.093869
BFGS:  319 15:01:19     -102.927394        0.097830
BFGS:  320 15:01:19     -102.935265        0.102465
BFGS:  321 15:01:19     -102.944744        0.108273
BFGS:  322 15:01:19     -102.956767        0.109246
BFGS:  323 15:01:20     -102.970099        0.101875
BFGS:  324 15:01:20     -102.982684        0.115860
BFGS:  325 15:01:20     -102.993108        0.122646
BFGS:  326 15:01:20     -103.000920        0.110248
BFGS:  327 15:01:20     -103.006655        0.081133
BFGS:  328 15:01:20     -103.011693        0.090829
BFGS:  329 15:01:20     -103.016108        0.096007
BFGS:  330 15:01:20     -103.023177        0.083886
BFGS:  331 15:01:20     -103.033050        0.120612
BFGS:  332 15:01:20     -103.040305        0.120102
BFGS:  333 15:01:20     -103.044792        0.084397
BFGS:  334 15:01:20     -103.047653        0.040306
BFGS:  335 15:01:20     -103.049199        0.041825
BFGS:  336 15:01:20     -103.050593        0.043305
BFGS:  337 15:01:21     -103.052234        0.053010
BFGS:  338 15:01:21     -103.054435        0.053314
BFGS:  339 15:01:21     -103.057449        0.047889
BFGS:  340 15:01:21     -103.060989        0.044862
BFGS:  341 15:01:21     -103.063317        0.045335
BFGS:  342 15:01:21     -103.064820        0.042386
BFGS:  343 15:01:21     -103.066391        0.038204
BFGS:  344 15:01:21     -103.067208        0.038044
BFGS:  345 15:01:21     -103.068549        0.040037
BFGS:  346 15:01:21     -103.069838        0.039086
BFGS:  347 15:01:21     -103.071009        0.034941
BFGS:  348 15:01:21     -103.071912        0.030187
BFGS:  349 15:01:21     -103.072686        0.027751
BFGS:  350 15:01:21     -103.073353        0.027506
BFGS:  351 15:01:21     -103.074091        0.026710
BFGS:  352 15:01:22     -103.075165        0.030296
BFGS:  353 15:01:22     -103.076607        0.032821
BFGS:  354 15:01:22     -103.077938        0.031798
BFGS:  355 15:01:22     -103.078776        0.028311
BFGS:  356 15:01:22     -103.079307        0.024677
BFGS:  357 15:01:22     -103.079993        0.023590
BFGS:  358 15:01:22     -103.081347        0.026183
BFGS:  359 15:01:22     -103.083604        0.040191
BFGS:  360 15:01:22     -103.086286        0.047252
BFGS:  361 15:01:22     -103.088238        0.034285
BFGS:  362 15:01:22     -103.089093        0.031535
BFGS:  363 15:01:22     -103.089457        0.030619
BFGS:  364 15:01:22     -103.089863        0.027412
BFGS:  365 15:01:22     -103.090464        0.032628
BFGS:  366 15:01:23     -103.091289        0.039878
BFGS:  367 15:01:23     -103.092149        0.033602
BFGS:  368 15:01:23     -103.092684        0.019636
BFGS:  369 15:01:23     -103.092900        0.019323
BFGS:  370 15:01:23     -103.093021        0.019187
BFGS:  371 15:01:23     -103.093194        0.018978
BFGS:  372 15:01:23     -103.093502        0.019657
BFGS:  373 15:01:23     -103.093947        0.019490
BFGS:  374 15:01:23     -103.094359        0.017888
BFGS:  375 15:01:23     -103.094595        0.018049
BFGS:  376 15:01:23     -103.094746        0.018328
BFGS:  377 15:01:23     -103.094977        0.020737
BFGS:  378 15:01:23     -103.095455        0.026295
BFGS:  379 15:01:23     -103.096287        0.030179
BFGS:  380 15:01:23     -103.097226        0.024509
BFGS:  381 15:01:24     -103.097751        0.015141
BFGS:  382 15:01:24     -103.097890        0.014213
BFGS:  383 15:01:24     -103.097939        0.013900
BFGS:  384 15:01:24     -103.098031        0.013451
BFGS:  385 15:01:24     -103.098246        0.013790
BFGS:  386 15:01:24     -103.098717        0.021357
BFGS:  387 15:01:24     -103.099541        0.026590
BFGS:  388 15:01:24     -103.100468        0.022676
BFGS:  389 15:01:24     -103.100982        0.013554
BFGS:  390 15:01:24     -103.101119        0.012926
BFGS:  391 15:01:24     -103.101172        0.012027
BFGS:  392 15:01:25     -103.101265        0.010315
BFGS:  393 15:01:25     -103.101443        0.013156
BFGS:  394 15:01:25     -103.101741        0.016508
BFGS:  395 15:01:25     -103.102087        0.014274
BFGS:  396 15:01:25     -103.102324        0.008839
BFGS:  397 15:01:25     -103.102414        0.008659
BFGS:  398 15:01:25     -103.102447        0.008588
BFGS:  399 15:01:25     -103.102473        0.008468
BFGS:  400 15:01:25     -103.102513        0.008149
BFGS:  401 15:01:25     -103.102584        0.007346
BFGS:  402 15:01:25     -103.102704        0.006081
BFGS:  403 15:01:25     -103.102843        0.006002
BFGS:  404 15:01:26     -103.102925        0.003290
BFGS:  405 15:01:26     -103.102945        0.002452
BFGS:  406 15:01:26     -103.102946        0.002466
BFGS:  407 15:01:26     -103.102947        0.002461
BFGS:  408 15:01:26     -103.102948        0.002439
BFGS:  409 15:01:26     -103.102951        0.002382
BFGS:  410 15:01:26     -103.102957        0.002251
BFGS:  411 15:01:26     -103.102970        0.003175
BFGS:  412 15:01:26     -103.102989        0.003441
BFGS:  413 15:01:26     -103.103004        0.002454
BFGS:  414 15:01:26     -103.103010        0.001814
BFGS:  415 15:01:26     -103.103011        0.001608
BFGS:  416 15:01:26     -103.103012        0.001514
BFGS:  417 15:01:26     -103.103016        0.001695
BFGS:  418 15:01:27     -103.103023        0.002916
BFGS:  419 15:01:27     -103.103039        0.004760
BFGS:  420 15:01:27     -103.103063        0.006738
BFGS:  421 15:01:27     -103.103088        0.007459
BFGS:  422 15:01:27     -103.103105        0.006593
BFGS:  423 15:01:27     -103.103114        0.004542
BFGS:  424 15:01:27     -103.103121        0.002402
BFGS:  425 15:01:27     -103.103124        0.000827
