      Step     Time          Energy          fmax
BFGS:    0 15:28:11      -68.475053        6.651909
BFGS:    1 15:28:11      -75.395210        4.566141
BFGS:    2 15:28:11      -84.920210        2.250212
BFGS:    3 15:28:11      -89.727880        1.425524
BFGS:    4 15:28:11      -91.766848        1.102397
BFGS:    5 15:28:11      -92.517419        0.950103
BFGS:    6 15:28:11      -92.881516        0.836879
BFGS:    7 15:28:11      -93.316057        0.719185
BFGS:    8 15:28:11      -94.059251        0.725482
BFGS:    9 15:28:11      -95.149346        0.584063
BFGS:   10 15:28:11      -95.790005        0.539625
BFGS:   11 15:28:11      -96.014391        0.615454
BFGS:   12 15:28:12      -96.161089        0.671117
BFGS:   13 15:28:12      -96.309284        0.703474
BFGS:   14 15:28:12      -96.771824        0.748294
BFGS:   15 15:28:12      -97.235510        0.724590
BFGS:   16 15:28:12      -97.552244        0.670471
BFGS:   17 15:28:12      -97.709093        0.609093
BFGS:   18 15:28:12      -97.763410        0.584320
BFGS:   19 15:28:12      -98.054113        0.502418
BFGS:   20 15:28:12      -98.328135        0.471838
BFGS:   21 15:28:12      -98.577763        0.475134
BFGS:   22 15:28:12      -98.774749        0.490109
BFGS:   23 15:28:12      -98.833075        0.493461
BFGS:   24 15:28:12      -98.891719        0.497941
BFGS:   25 15:28:12      -98.969039        0.492736
BFGS:   26 15:28:12      -99.119748        0.467055
BFGS:   27 15:28:13      -99.274776        0.420836
BFGS:   28 15:28:13      -99.389637        0.381801
BFGS:   29 15:28:13      -99.463930        0.352851
BFGS:   30 15:28:13      -99.505122        0.333672
BFGS:   31 15:28:13      -99.548031        0.350455
BFGS:   32 15:28:13      -99.663007        0.377965
BFGS:   33 15:28:13      -99.792972        0.385892
BFGS:   34 15:28:13      -99.918950        0.399309
BFGS:   35 15:28:13     -100.040741        0.406647
BFGS:   36 15:28:13     -100.156558        0.397416
BFGS:   37 15:28:13     -100.275056        0.376415
BFGS:   38 15:28:13     -100.393075        0.350855
BFGS:   39 15:28:13     -100.506262        0.324269
BFGS:   40 15:28:13     -100.612811        0.298874
BFGS:   41 15:28:14     -100.712980        0.275024
BFGS:   42 15:28:14     -100.807553        0.253011
BFGS:   43 15:28:14     -100.896270        0.252037
BFGS:   44 15:28:14     -100.979399        0.252533
BFGS:   45 15:28:14     -101.059564        0.251985
BFGS:   46 15:28:14     -101.135849        0.250398
BFGS:   47 15:28:14     -101.207212        0.248022
BFGS:   48 15:28:14     -101.269637        0.245672
BFGS:   49 15:28:14     -101.324622        0.242603
BFGS:   50 15:28:14     -101.375563        0.237560
BFGS:   51 15:28:14     -101.422858        0.228747
BFGS:   52 15:28:14     -101.464509        0.218530
BFGS:   53 15:28:14     -101.503657        0.211449
BFGS:   54 15:28:14     -101.549319        0.237069
BFGS:   55 15:28:14     -101.615882        0.267356
BFGS:   56 15:28:15     -101.717891        0.260999
BFGS:   57 15:28:15     -101.880198        0.238841
BFGS:   58 15:28:15     -101.964726        0.217828
BFGS:   59 15:28:15     -102.010622        0.199579
BFGS:   60 15:28:15     -102.038286        0.208561
BFGS:   61 15:28:15     -102.055927        0.189107
BFGS:   62 15:28:15     -102.075164        0.167824
BFGS:   63 15:28:15     -102.095020        0.165861
BFGS:   64 15:28:15     -102.115005        0.167180
BFGS:   65 15:28:15     -102.145847        0.173671
BFGS:   66 15:28:15     -102.185493        0.184933
BFGS:   67 15:28:15     -102.228657        0.196433
BFGS:   68 15:28:15     -102.277098        0.200787
BFGS:   69 15:28:15     -102.289932        0.191089
BFGS:   70 15:28:15     -102.294035        0.184604
BFGS:   71 15:28:16     -102.297955        0.179745
BFGS:   72 15:28:16     -102.305501        0.172968
BFGS:   73 15:28:16     -102.318201        0.163755
BFGS:   74 15:28:16     -102.339120        0.149621
BFGS:   75 15:28:16     -102.365868        0.156629
BFGS:   76 15:28:16     -102.390343        0.166239
BFGS:   77 15:28:16     -102.408627        0.139902
BFGS:   78 15:28:16     -102.417632        0.114809
BFGS:   79 15:28:16     -102.427264        0.100741
BFGS:   80 15:28:16     -102.442939        0.111037
BFGS:   81 15:28:16     -102.462391        0.154948
BFGS:   82 15:28:16     -102.479798        0.224368
BFGS:   83 15:28:16     -102.493230        0.231228
BFGS:   84 15:28:16     -102.506570        0.196469
BFGS:   85 15:28:16     -102.524798        0.120987
BFGS:   86 15:28:17     -102.545061        0.113495
BFGS:   87 15:28:17     -102.557038        0.115370
BFGS:   88 15:28:17     -102.560573        0.111001
BFGS:   89 15:28:17     -102.562460        0.106458
BFGS:   90 15:28:17     -102.565507        0.100190
BFGS:   91 15:28:17     -102.572002        0.089460
BFGS:   92 15:28:17     -102.583445        0.103416
BFGS:   93 15:28:17     -102.597693        0.145234
BFGS:   94 15:28:17     -102.607561        0.140454
BFGS:   95 15:28:17     -102.612383        0.108088
BFGS:   96 15:28:17     -102.618240        0.095324
BFGS:   97 15:28:17     -102.625765        0.081869
BFGS:   98 15:28:17     -102.635242        0.094194
BFGS:   99 15:28:17     -102.641317        0.117426
BFGS:  100 15:28:17     -102.644503        0.103242
BFGS:  101 15:28:18     -102.646690        0.072301
BFGS:  102 15:28:18     -102.648757        0.055426
BFGS:  103 15:28:18     -102.650300        0.055697
BFGS:  104 15:28:18     -102.650916        0.054989
BFGS:  105 15:28:18     -102.651214        0.054375
BFGS:  106 15:28:18     -102.651718        0.053553
BFGS:  107 15:28:18     -102.652872        0.052111
BFGS:  108 15:28:18     -102.655242        0.049770
BFGS:  109 15:28:18     -102.658889        0.046932
BFGS:  110 15:28:18     -102.662153        0.045261
BFGS:  111 15:28:18     -102.663554        0.045337
BFGS:  112 15:28:18     -102.663994        0.045655
BFGS:  113 15:28:18     -102.664404        0.045684
BFGS:  114 15:28:18     -102.665347        0.044986
BFGS:  115 15:28:19     -102.667127        0.042482
BFGS:  116 15:28:19     -102.669648        0.042343
BFGS:  117 15:28:19     -102.671621        0.042876
BFGS:  118 15:28:19     -102.672510        0.039183
BFGS:  119 15:28:19     -102.672997        0.035136
BFGS:  120 15:28:19     -102.673750        0.030203
BFGS:  121 15:28:19     -102.675221        0.026502
BFGS:  122 15:28:19     -102.677417        0.028912
BFGS:  123 15:28:19     -102.679365        0.028791
BFGS:  124 15:28:19     -102.680188        0.020358
BFGS:  125 15:28:19     -102.680397        0.017835
BFGS:  126 15:28:19     -102.680556        0.017960
BFGS:  127 15:28:19     -102.680889        0.018090
BFGS:  128 15:28:19     -102.681345        0.018160
BFGS:  129 15:28:19     -102.681727        0.018158
BFGS:  130 15:28:20     -102.681876        0.018113
BFGS:  131 15:28:20     -102.681928        0.018055
BFGS:  132 15:28:20     -102.681989        0.017956
BFGS:  133 15:28:20     -102.682147        0.017675
BFGS:  134 15:28:20     -102.682498        0.016991
BFGS:  135 15:28:20     -102.683182        0.022419
BFGS:  136 15:28:20     -102.684072        0.027224
BFGS:  137 15:28:20     -102.684757        0.023193
BFGS:  138 15:28:20     -102.685043        0.016624
BFGS:  139 15:28:20     -102.685175        0.014688
BFGS:  140 15:28:20     -102.685426        0.014089
BFGS:  141 15:28:20     -102.685912        0.012529
BFGS:  142 15:28:20     -102.686656        0.016457
BFGS:  143 15:28:20     -102.687285        0.014404
BFGS:  144 15:28:20     -102.687536        0.013731
BFGS:  145 15:28:21     -102.687610        0.014183
BFGS:  146 15:28:21     -102.687681        0.014387
BFGS:  147 15:28:21     -102.687871        0.014623
BFGS:  148 15:28:21     -102.688300        0.014884
BFGS:  149 15:28:21     -102.689194        0.022512
BFGS:  150 15:28:21     -102.690509        0.023843
BFGS:  151 15:28:21     -102.691617        0.014534
BFGS:  152 15:28:21     -102.692028        0.015029
BFGS:  153 15:28:21     -102.692118        0.014761
BFGS:  154 15:28:21     -102.692190        0.014540
BFGS:  155 15:28:21     -102.692369        0.014339
BFGS:  156 15:28:21     -102.692674        0.014449
BFGS:  157 15:28:21     -102.693041        0.015181
BFGS:  158 15:28:21     -102.693255        0.016144
BFGS:  159 15:28:22     -102.693320        0.016711
BFGS:  160 15:28:22     -102.693348        0.016893
BFGS:  161 15:28:22     -102.693402        0.017096
BFGS:  162 15:28:22     -102.693528        0.017328
BFGS:  163 15:28:22     -102.693787        0.017527
BFGS:  164 15:28:22     -102.694183        0.017405
BFGS:  165 15:28:22     -102.694542        0.018386
BFGS:  166 15:28:22     -102.694717        0.018736
BFGS:  167 15:28:22     -102.694806        0.017331
BFGS:  168 15:28:22     -102.694936        0.015529
BFGS:  169 15:28:22     -102.695241        0.014920
BFGS:  170 15:28:22     -102.695915        0.017421
BFGS:  171 15:28:22     -102.697138        0.022536
BFGS:  172 15:28:22     -102.698641        0.022210
BFGS:  173 15:28:22     -102.699863        0.017204
BFGS:  174 15:28:23     -102.701122        0.021344
BFGS:  175 15:28:23     -102.702274        0.027666
BFGS:  176 15:28:23     -102.702648        0.034692
BFGS:  177 15:28:23     -102.703422        0.030121
BFGS:  178 15:28:23     -102.704326        0.024672
BFGS:  179 15:28:23     -102.705456        0.020443
BFGS:  180 15:28:23     -102.706015        0.019522
BFGS:  181 15:28:23     -102.706590        0.020160
BFGS:  182 15:28:23     -102.707243        0.021240
BFGS:  183 15:28:23     -102.708409        0.022995
BFGS:  184 15:28:23     -102.709654        0.018676
BFGS:  185 15:28:23     -102.710373        0.019122
BFGS:  186 15:28:23     -102.710544        0.019241
BFGS:  187 15:28:23     -102.710590        0.019369
BFGS:  188 15:28:23     -102.710659        0.019418
BFGS:  189 15:28:24     -102.710843        0.019541
BFGS:  190 15:28:24     -102.711218        0.019625
BFGS:  191 15:28:24     -102.711789        0.019624
BFGS:  192 15:28:24     -102.712270        0.019484
BFGS:  193 15:28:24     -102.712462        0.019397
BFGS:  194 15:28:24     -102.712521        0.019365
BFGS:  195 15:28:24     -102.712584        0.019334
BFGS:  196 15:28:24     -102.712744        0.019249
BFGS:  197 15:28:24     -102.713105        0.019044
BFGS:  198 15:28:24     -102.713847        0.018595
BFGS:  199 15:28:24     -102.714942        0.025970
BFGS:  200 15:28:24     -102.715901        0.031176
BFGS:  201 15:28:24     -102.716348        0.028018
BFGS:  202 15:28:24     -102.716549        0.021550
BFGS:  203 15:28:24     -102.716818        0.018960
BFGS:  204 15:28:25     -102.717364        0.020200
BFGS:  205 15:28:25     -102.718277        0.053394
BFGS:  206 15:28:25     -102.719450        0.096686
BFGS:  207 15:28:25     -102.720654        0.124376
BFGS:  208 15:28:25     -102.722015        0.131389
BFGS:  209 15:28:25     -102.724133        0.119509
BFGS:  210 15:28:25     -102.726904        0.093126
BFGS:  211 15:28:25     -102.730403        0.055298
BFGS:  212 15:28:25     -102.733709        0.023666
BFGS:  213 15:28:25     -102.734745        0.021947
BFGS:  214 15:28:25     -102.735024        0.019531
BFGS:  215 15:28:25     -102.735158        0.018293
BFGS:  216 15:28:25     -102.735396        0.016111
BFGS:  217 15:28:25     -102.735786        0.020561
BFGS:  218 15:28:26     -102.736307        0.032993
BFGS:  219 15:28:26     -102.736748        0.034618
BFGS:  220 15:28:26     -102.737042        0.038317
BFGS:  221 15:28:26     -102.737285        0.033309
BFGS:  222 15:28:26     -102.737608        0.020947
BFGS:  223 15:28:26     -102.738012        0.022468
BFGS:  224 15:28:26     -102.738291        0.030087
BFGS:  225 15:28:26     -102.738389        0.026427
BFGS:  226 15:28:26     -102.738458        0.018520
BFGS:  227 15:28:26     -102.738544        0.016200
BFGS:  228 15:28:26     -102.738644        0.016172
BFGS:  229 15:28:26     -102.738737        0.024532
BFGS:  230 15:28:26     -102.738839        0.032641
BFGS:  231 15:28:26     -102.739009        0.038656
BFGS:  232 15:28:26     -102.739375        0.043328
BFGS:  233 15:28:27     -102.740132        0.043830
BFGS:  234 15:28:27     -102.741418        0.040617
BFGS:  235 15:28:27     -102.742809        0.043215
BFGS:  236 15:28:27     -102.743631        0.042109
BFGS:  237 15:28:27     -102.744008        0.040209
BFGS:  238 15:28:27     -102.744406        0.035768
BFGS:  239 15:28:27     -102.745057        0.027435
BFGS:  240 15:28:27     -102.745785        0.025287
BFGS:  241 15:28:27     -102.746249        0.032705
BFGS:  242 15:28:27     -102.746446        0.030695
BFGS:  243 15:28:27     -102.746585        0.025227
BFGS:  244 15:28:27     -102.746807        0.016720
BFGS:  245 15:28:27     -102.747138        0.022516
BFGS:  246 15:28:27     -102.747445        0.039054
BFGS:  247 15:28:27     -102.747684        0.045916
BFGS:  248 15:28:28     -102.747907        0.044750
BFGS:  249 15:28:28     -102.748242        0.037771
BFGS:  250 15:28:28     -102.748722        0.028213
BFGS:  251 15:28:28     -102.749182        0.025783
BFGS:  252 15:28:28     -102.749416        0.024362
BFGS:  253 15:28:28     -102.749501        0.018850
BFGS:  254 15:28:28     -102.749565        0.012611
BFGS:  255 15:28:28     -102.749663        0.010252
BFGS:  256 15:28:28     -102.749782        0.017821
BFGS:  257 15:28:28     -102.749879        0.022081
BFGS:  258 15:28:28     -102.749943        0.021382
BFGS:  259 15:28:28     -102.750005        0.016139
BFGS:  260 15:28:28     -102.750083        0.011661
BFGS:  261 15:28:28     -102.750154        0.011010
BFGS:  262 15:28:29     -102.750200        0.012575
BFGS:  263 15:28:29     -102.750234        0.013145
BFGS:  264 15:28:29     -102.750281        0.012413
BFGS:  265 15:28:29     -102.750352        0.010596
BFGS:  266 15:28:29     -102.750417        0.006357
BFGS:  267 15:28:29     -102.750446        0.004517
BFGS:  268 15:28:29     -102.750453        0.004031
BFGS:  269 15:28:29     -102.750457        0.003609
BFGS:  270 15:28:29     -102.750463        0.002740
BFGS:  271 15:28:29     -102.750470        0.002345
BFGS:  272 15:28:29     -102.750476        0.002076
BFGS:  273 15:28:29     -102.750478        0.001634
BFGS:  274 15:28:29     -102.750478        0.001160
BFGS:  275 15:28:29     -102.750479        0.000952
