      Step     Time          Energy          fmax
BFGS:    0 22:36:42       29.719211       26.252850
BFGS:    1 22:36:42      -18.110160       10.125928
BFGS:    2 22:36:42      -40.669495        6.151548
BFGS:    3 22:36:42      -58.222998        4.846132
BFGS:    4 22:36:42      -68.140423        3.543149
BFGS:    5 22:36:42      -74.336492        2.651836
BFGS:    6 22:36:42      -78.897097        2.449452
BFGS:    7 22:36:42      -82.047947        2.010852
BFGS:    8 22:36:42      -83.754092        1.445162
BFGS:    9 22:36:42      -84.336972        1.327966
BFGS:   10 22:36:43      -85.319280        1.174197
BFGS:   11 22:36:43      -86.078551        1.088614
BFGS:   12 22:36:43      -86.445093        1.066833
BFGS:   13 22:36:43      -86.757936        1.073806
BFGS:   14 22:36:46      -87.351660        1.053791
BFGS:   15 22:36:46      -87.981067        1.037567
BFGS:   16 22:36:46      -88.674854        1.168418
BFGS:   17 22:36:46      -89.335246        1.145668
BFGS:   18 22:36:46      -89.844343        1.040375
BFGS:   19 22:36:46      -90.196957        0.929166
BFGS:   20 22:36:46      -90.450422        0.825911
BFGS:   21 22:36:46      -90.667531        0.718117
BFGS:   22 22:36:46      -90.909626        0.596660
BFGS:   23 22:36:46      -91.232666        0.486481
BFGS:   24 22:36:46      -91.513500        0.438286
BFGS:   25 22:36:47      -91.596495        0.364726
BFGS:   26 22:36:47      -91.642177        0.333770
BFGS:   27 22:36:47      -91.721640        0.330628
BFGS:   28 22:36:47      -91.808681        0.307536
BFGS:   29 22:36:47      -91.926767        0.307664
BFGS:   30 22:36:47      -92.026470        0.237290
BFGS:   31 22:36:47      -92.060012        0.227856
BFGS:   32 22:36:47      -92.081515        0.233018
BFGS:   33 22:36:47      -92.123959        0.245092
BFGS:   34 22:36:47      -92.201970        0.259070
BFGS:   35 22:36:47      -92.350382        0.265985
BFGS:   36 22:36:47      -92.463252        0.256335
BFGS:   37 22:36:47      -92.555081        0.239378
BFGS:   38 22:36:47      -92.629847        0.219835
BFGS:   39 22:36:48      -92.690333        0.201081
BFGS:   40 22:36:48      -92.739303        0.184549
BFGS:   41 22:36:48      -92.778571        0.182503
BFGS:   42 22:36:48      -92.809829        0.190774
BFGS:   43 22:36:48      -92.837456        0.189973
BFGS:   44 22:36:48      -92.868770        0.183901
BFGS:   45 22:36:48      -92.906834        0.185997
BFGS:   46 22:36:48      -92.953723        0.185758
BFGS:   47 22:36:48      -93.011821        0.182019
BFGS:   48 22:36:48      -93.082134        0.173349
BFGS:   49 22:36:48      -93.155098        0.154968
BFGS:   50 22:36:48      -93.198951        0.131019
BFGS:   51 22:36:48      -93.220842        0.119677
BFGS:   52 22:36:49      -93.232229        0.115218
BFGS:   53 22:36:49      -93.240308        0.112385
BFGS:   54 22:36:49      -93.264130        0.104095
BFGS:   55 22:36:49      -93.301405        0.130958
BFGS:   56 22:36:49      -93.352475        0.154581
BFGS:   57 22:36:49      -93.380197        0.125340
BFGS:   58 22:36:49      -93.393120        0.082815
BFGS:   59 22:36:49      -93.397177        0.082324
BFGS:   60 22:36:49      -93.401458        0.079521
BFGS:   61 22:36:49      -93.409748        0.071629
BFGS:   62 22:36:49      -93.420113        0.059308
BFGS:   63 22:36:49      -93.430122        0.051331
BFGS:   64 22:36:49      -93.436209        0.052822
BFGS:   65 22:36:49      -93.438998        0.051579
BFGS:   66 22:36:50      -93.440254        0.049287
BFGS:   67 22:36:50      -93.442121        0.044442
BFGS:   68 22:36:50      -93.440524        0.061130
BFGS:   69 22:36:50      -93.444314        0.043311
BFGS:   70 22:36:50      -93.445446        0.043473
BFGS:   71 22:36:50      -93.449478        0.055493
BFGS:   72 22:36:50      -93.451605        0.053757
BFGS:   73 22:36:50      -93.461276        0.058755
BFGS:   74 22:36:50      -93.470850        0.066303
BFGS:   75 22:36:50      -93.480821        0.071686
BFGS:   76 22:36:50      -93.485445        0.070881
BFGS:   77 22:36:50      -93.487634        0.068007
BFGS:   78 22:36:50      -93.489617        0.064859
BFGS:   79 22:36:50      -93.492864        0.060518
BFGS:   80 22:36:50      -93.498301        0.054341
BFGS:   81 22:36:51      -93.505108        0.047524
BFGS:   82 22:36:51      -93.509733        0.045078
BFGS:   83 22:36:51      -93.511118        0.047703
BFGS:   84 22:36:51      -93.511542        0.049526
BFGS:   85 22:36:51      -93.511980        0.050463
BFGS:   86 22:36:51      -93.513539        0.051646
BFGS:   87 22:36:51      -93.516441        0.050867
BFGS:   88 22:36:51      -93.521910        0.045065
BFGS:   89 22:36:51      -93.527126        0.033643
BFGS:   90 22:36:51      -93.529614        0.033288
BFGS:   91 22:36:51      -93.530419        0.032081
BFGS:   92 22:36:51      -93.530603        0.032128
BFGS:   93 22:36:51      -93.531096        0.032173
BFGS:   94 22:36:51      -93.531954        0.031480
BFGS:   95 22:36:52      -93.533819        0.029393
BFGS:   96 22:36:52      -93.537387        0.034324
BFGS:   97 22:36:52      -93.543277        0.042775
BFGS:   98 22:36:52      -93.551053        0.047684
BFGS:   99 22:36:52      -93.557081        0.048345
BFGS:  100 22:36:52      -93.559346        0.044790
BFGS:  101 22:36:52      -93.560142        0.043398
BFGS:  102 22:36:52      -93.560645        0.042301
BFGS:  103 22:36:52      -93.561625        0.041806
BFGS:  104 22:36:52      -93.564239        0.041681
BFGS:  105 22:36:52      -93.568766        0.057341
BFGS:  106 22:36:52      -93.574310        0.070575
BFGS:  107 22:36:52      -93.580945        0.081246
BFGS:  108 22:36:52      -93.588679        0.090225
BFGS:  109 22:36:53      -93.597571        0.099988
BFGS:  110 22:36:53      -93.607551        0.118078
BFGS:  111 22:36:53      -93.641572        0.169335
BFGS:  112 22:36:53      -93.657712        0.192141
BFGS:  113 22:36:53      -93.672517        0.207423
BFGS:  114 22:36:53      -93.687477        0.220380
BFGS:  115 22:36:53      -93.701719        0.230217
BFGS:  116 22:36:53      -93.716008        0.238162
BFGS:  117 22:36:53      -93.729472        0.243574
BFGS:  118 22:36:53      -93.743408        0.247580
BFGS:  119 22:36:53      -93.756990        0.249678
BFGS:  120 22:36:53      -93.772592        0.250937
BFGS:  121 22:36:53      -93.786637        0.249413
BFGS:  122 22:36:53      -93.800466        0.245155
BFGS:  123 22:36:54      -93.813647        0.238320
BFGS:  124 22:36:54      -93.829111        0.228882
BFGS:  125 22:36:54      -93.844402        0.217520
BFGS:  126 22:36:54      -93.863510        0.230260
BFGS:  127 22:36:58      -93.886968        0.242028
BFGS:  128 22:36:58      -93.914657        0.253569
BFGS:  129 22:36:58      -93.959936        0.263355
BFGS:  130 22:36:58      -94.027483        0.270126
BFGS:  131 22:36:58      -94.109348        0.374651
BFGS:  132 22:36:58      -94.174429        0.419776
BFGS:  133 22:36:58      -94.301137        0.500619
BFGS:  134 22:36:58      -94.382392        0.492715
BFGS:  135 22:36:58      -94.500543        0.424687
BFGS:  136 22:36:58      -94.595845        0.281607
BFGS:  137 22:36:58      -94.679471        0.248884
BFGS:  138 22:36:58      -94.718577        0.268922
BFGS:  139 22:36:58      -94.753298        0.269255
BFGS:  140 22:37:04      -94.784201        0.258530
BFGS:  141 22:37:04      -94.817105        0.232156
BFGS:  142 22:37:04      -94.848365        0.198169
BFGS:  143 22:37:04      -94.876277        0.147416
BFGS:  144 22:37:04      -94.897888        0.091400
BFGS:  145 22:37:04      -94.907582        0.088845
BFGS:  146 22:37:04      -94.923705        0.092348
BFGS:  147 22:37:04      -94.937754        0.092053
BFGS:  148 22:37:04      -94.962389        0.112617
BFGS:  149 22:37:04      -94.979688        0.158034
BFGS:  150 22:37:05      -94.990104        0.170052
BFGS:  151 22:37:05      -94.998332        0.160504
BFGS:  152 22:37:05      -95.008997        0.125916
BFGS:  153 22:37:05      -95.025776        0.101955
BFGS:  154 22:37:05      -95.042855        0.098302
BFGS:  155 22:37:05      -95.054452        0.086317
BFGS:  156 22:37:05      -95.062938        0.093168
BFGS:  157 22:37:05      -95.070224        0.097351
BFGS:  158 22:37:05      -95.078078        0.098320
BFGS:  159 22:37:05      -95.087988        0.092506
BFGS:  160 22:37:05      -95.097808        0.080590
BFGS:  161 22:37:05      -95.104827        0.080203
BFGS:  162 22:37:05      -95.113057        0.073599
BFGS:  163 22:37:06      -95.124313        0.076895
BFGS:  164 22:37:06      -95.144640        0.079914
BFGS:  165 22:37:06      -95.160086        0.080926
BFGS:  166 22:37:08      -95.174138        0.082877
BFGS:  167 22:37:08      -95.188127        0.092477
BFGS:  168 22:37:08      -95.202923        0.102209
BFGS:  169 22:37:08      -95.219424        0.111704
BFGS:  170 22:37:08      -95.236902        0.121362
BFGS:  171 22:37:09      -95.255694        0.130330
BFGS:  172 22:37:09      -95.274480        0.139382
BFGS:  173 22:37:09      -95.294125        0.147546
BFGS:  174 22:37:09      -95.313336        0.155528
BFGS:  175 22:37:09      -95.332586        0.163101
BFGS:  176 22:37:09      -95.351677        0.170261
BFGS:  177 22:37:09      -95.371104        0.176705
BFGS:  178 22:37:09      -95.390877        0.182526
BFGS:  179 22:37:09      -95.411228        0.188204
BFGS:  180 22:37:09      -95.431715        0.193630
BFGS:  181 22:37:09      -95.457394        0.199525
BFGS:  182 22:37:09      -95.485844        0.208516
BFGS:  183 22:37:09      -95.512023        0.214260
BFGS:  184 22:37:10      -95.536720        0.231300
BFGS:  185 22:37:10      -95.560164        0.247247
BFGS:  186 22:37:10      -95.581807        0.261595
BFGS:  187 22:37:10      -95.602103        0.272723
BFGS:  188 22:37:10      -95.621530        0.283461
BFGS:  189 22:37:10      -95.641232        0.292538
BFGS:  190 22:37:10      -95.659164        0.294645
BFGS:  191 22:37:10      -95.689019        0.334784
BFGS:  192 22:37:10      -95.708768        0.353917
BFGS:  193 22:37:10      -95.727631        0.364123
BFGS:  194 22:37:10      -95.744213        0.374682
BFGS:  195 22:37:10      -95.759215        0.380792
BFGS:  196 22:37:10      -95.773131        0.384130
BFGS:  197 22:37:10      -95.787086        0.382144
BFGS:  198 22:37:11      -95.802441        0.377223
BFGS:  199 22:37:11      -95.819842        0.369498
BFGS:  200 22:37:11      -95.839376        0.362495
BFGS:  201 22:37:11      -95.860725        0.353854
BFGS:  202 22:37:11      -95.885382        0.343406
BFGS:  203 22:37:11      -95.916256        0.327991
BFGS:  204 22:37:11      -95.950103        0.327820
BFGS:  205 22:37:11      -95.982186        0.334370
BFGS:  206 22:37:11      -96.010955        0.321839
BFGS:  207 22:37:11      -96.042246        0.301186
BFGS:  208 22:37:11      -96.073911        0.267743
BFGS:  209 22:37:11      -96.109418        0.210912
BFGS:  210 22:37:11      -96.151379        0.160420
BFGS:  211 22:37:11      -96.195531        0.134008
BFGS:  212 22:37:11      -96.217469        0.127255
BFGS:  213 22:37:12      -96.234654        0.133308
BFGS:  214 22:37:12      -96.250051        0.140633
BFGS:  215 22:37:12      -96.263348        0.151441
BFGS:  216 22:37:12      -96.282437        0.165435
BFGS:  217 22:37:12      -96.292967        0.180031
BFGS:  218 22:37:12      -96.305210        0.165467
BFGS:  219 22:37:12      -96.331126        0.179394
BFGS:  220 22:37:12      -96.357915        0.196864
BFGS:  221 22:37:12      -96.379023        0.204663
BFGS:  222 22:37:12      -96.397902        0.205708
BFGS:  223 22:37:12      -96.414827        0.202448
BFGS:  224 22:37:12      -96.431539        0.197670
BFGS:  225 22:37:12      -96.448821        0.190089
BFGS:  226 22:37:12      -96.466487        0.177365
BFGS:  227 22:37:13      -96.484871        0.162256
BFGS:  228 22:37:13      -96.504488        0.156737
BFGS:  229 22:37:13      -96.523695        0.148467
BFGS:  230 22:37:13      -96.540789        0.135697
BFGS:  231 22:37:13      -96.547669        0.126547
BFGS:  232 22:37:13      -96.552645        0.119907
BFGS:  233 22:37:13      -96.556676        0.115759
BFGS:  234 22:37:13      -96.561321        0.115964
BFGS:  235 22:37:13      -96.567870        0.116176
BFGS:  236 22:37:13      -96.576161        0.117596
BFGS:  237 22:37:13      -96.585846        0.115176
BFGS:  238 22:37:13      -96.596224        0.110426
BFGS:  239 22:37:13      -96.606418        0.104052
BFGS:  240 22:37:13      -96.618142        0.096307
BFGS:  241 22:37:14      -96.627414        0.095832
BFGS:  242 22:37:14      -96.634728        0.098687
BFGS:  243 22:37:14      -96.647400        0.102242
BFGS:  244 22:37:14      -96.653336        0.103119
BFGS:  245 22:37:14      -96.662636        0.103782
BFGS:  246 22:37:14      -96.674875        0.102220
BFGS:  247 22:37:14      -96.691141        0.104093
BFGS:  248 22:37:14      -96.708803        0.111829
BFGS:  249 22:37:14      -96.725463        0.120854
BFGS:  250 22:37:14      -96.740314        0.121342
BFGS:  251 22:37:14      -96.751484        0.136836
BFGS:  252 22:37:14      -96.759421        0.144444
BFGS:  253 22:37:14      -96.766584        0.153336
BFGS:  254 22:37:14      -96.773560        0.158149
BFGS:  255 22:37:15      -96.781229        0.160670
BFGS:  256 22:37:15      -96.789663        0.155535
BFGS:  257 22:37:15      -96.800111        0.147189
BFGS:  258 22:37:15      -96.812600        0.121262
BFGS:  259 22:37:15      -96.840094        0.104378
BFGS:  260 22:37:15      -96.871505        0.113910
BFGS:  261 22:37:15      -96.901406        0.099071
BFGS:  262 22:37:15      -96.926018        0.101213
BFGS:  263 22:37:15      -96.953333        0.090063
BFGS:  264 22:37:15      -96.967279        0.077210
BFGS:  265 22:37:15      -96.979652        0.070106
BFGS:  266 22:37:15      -96.984053        0.062491
BFGS:  267 22:37:15      -96.987011        0.062302
BFGS:  268 22:37:15      -96.991199        0.067210
BFGS:  269 22:37:15      -96.995951        0.070573
BFGS:  270 22:37:16      -97.010406        0.091209
BFGS:  271 22:37:16      -97.030365        0.105430
BFGS:  272 22:37:16      -97.054405        0.100509
BFGS:  273 22:37:16      -97.079171        0.089510
BFGS:  274 22:37:16      -97.097161        0.083879
BFGS:  275 22:37:16      -97.111609        0.096714
BFGS:  276 22:37:16      -97.120292        0.103770
BFGS:  277 22:37:16      -97.125053        0.103561
BFGS:  278 22:37:16      -97.130994        0.095006
BFGS:  279 22:37:16      -97.137568        0.090652
BFGS:  280 22:37:16      -97.145055        0.092946
BFGS:  281 22:37:16      -97.151609        0.094483
BFGS:  282 22:37:16      -97.159945        0.090074
BFGS:  283 22:37:16      -97.173526        0.064615
BFGS:  284 22:37:17      -97.196734        0.060745
BFGS:  285 22:37:17      -97.212141        0.051334
BFGS:  286 22:37:17      -97.222207        0.058810
BFGS:  287 22:37:17      -97.226285        0.061095
BFGS:  288 22:37:17      -97.227933        0.056292
BFGS:  289 22:37:17      -97.228809        0.053729
BFGS:  290 22:37:17      -97.229948        0.051004
BFGS:  291 22:37:17      -97.231609        0.047855
BFGS:  292 22:37:17      -97.235393        0.046574
BFGS:  293 22:37:17      -97.242346        0.054694
BFGS:  294 22:37:17      -97.253707        0.068643
BFGS:  295 22:37:17      -97.265789        0.060548
BFGS:  296 22:37:17      -97.274072        0.047267
BFGS:  297 22:37:17      -97.277743        0.049827
BFGS:  298 22:37:17      -97.280548        0.054887
BFGS:  299 22:37:18      -97.282063        0.048996
BFGS:  300 22:37:18      -97.283454        0.041045
BFGS:  301 22:37:18      -97.285603        0.042018
BFGS:  302 22:37:18      -97.288734        0.047629
BFGS:  303 22:37:18      -97.294173        0.057250
BFGS:  304 22:37:18      -97.299724        0.064163
BFGS:  305 22:37:18      -97.304318        0.067727
BFGS:  306 22:37:18      -97.310704        0.062108
BFGS:  307 22:37:18      -97.320598        0.046221
BFGS:  308 22:37:18      -97.328177        0.044090
BFGS:  309 22:37:18      -97.330738        0.041838
BFGS:  310 22:37:18      -97.331758        0.041366
BFGS:  311 22:37:18      -97.332351        0.040827
BFGS:  312 22:37:20      -97.332760        0.040609
BFGS:  313 22:37:20      -97.333154        0.040221
BFGS:  314 22:37:20      -97.333664        0.039786
BFGS:  315 22:37:20      -97.334581        0.039254
BFGS:  316 22:37:20      -97.336421        0.038652
BFGS:  317 22:37:20      -97.339704        0.038396
BFGS:  318 22:37:20      -97.343937        0.046706
BFGS:  319 22:37:20      -97.347132        0.056722
BFGS:  320 22:37:20      -97.348268        0.055785
BFGS:  321 22:37:20      -97.348661        0.050379
BFGS:  322 22:37:20      -97.349108        0.042301
BFGS:  323 22:37:20      -97.349608        0.042481
BFGS:  324 22:37:20      -97.350176        0.042322
BFGS:  325 22:37:20      -97.350687        0.041980
BFGS:  326 22:37:21      -97.351115        0.041414
BFGS:  327 22:37:21      -97.351454        0.042540
BFGS:  328 22:37:21      -97.351797        0.045176
BFGS:  329 22:37:21      -97.352252        0.048650
BFGS:  330 22:37:21      -97.353063        0.053209
BFGS:  331 22:37:21      -97.354644        0.060785
BFGS:  332 22:37:21      -97.357788        0.074018
BFGS:  333 22:37:21      -97.361956        0.090651
BFGS:  334 22:37:21      -97.364514        0.091345
BFGS:  335 22:37:21      -97.365832        0.078704
BFGS:  336 22:37:21      -97.366790        0.058213
BFGS:  337 22:37:21      -97.367988        0.053107
BFGS:  338 22:37:21      -97.369578        0.044316
BFGS:  339 22:37:24      -97.370855        0.064962
BFGS:  340 22:37:24      -97.371495        0.061937
BFGS:  341 22:37:24      -97.371872        0.046478
BFGS:  342 22:37:24      -97.372370        0.028007
BFGS:  343 22:37:24      -97.373056        0.040450
BFGS:  344 22:37:24      -97.373689        0.053380
BFGS:  345 22:37:25      -97.374134        0.056122
BFGS:  346 22:37:25      -97.374531        0.048999
BFGS:  347 22:37:25      -97.375029        0.032409
BFGS:  348 22:37:25      -97.375579        0.026734
BFGS:  349 22:37:25      -97.375957        0.021055
BFGS:  350 22:37:25      -97.376122        0.022230
BFGS:  351 22:37:25      -97.376223        0.018636
BFGS:  352 22:37:25      -97.376364        0.018592
BFGS:  353 22:37:25      -97.376589        0.019359
BFGS:  354 22:37:25      -97.376908        0.019992
BFGS:  355 22:37:25      -97.377248        0.030430
BFGS:  356 22:37:25      -97.377532        0.036588
BFGS:  357 22:37:25      -97.377780        0.036208
BFGS:  358 22:37:26      -97.378108        0.029548
BFGS:  359 22:37:26      -97.378677        0.030353
BFGS:  360 22:37:26      -97.379611        0.048419
BFGS:  361 22:37:26      -97.380865        0.076629
BFGS:  362 22:37:26      -97.382223        0.095491
BFGS:  363 22:37:26      -97.383653        0.096197
BFGS:  364 22:37:26      -97.385459        0.080271
BFGS:  365 22:37:26      -97.387881        0.058716
BFGS:  366 22:37:26      -97.390433        0.049863
BFGS:  367 22:37:26      -97.392369        0.068391
BFGS:  368 22:37:26      -97.395052        0.091994
BFGS:  369 22:37:26      -97.396322        0.111055
BFGS:  370 22:37:26      -97.397791        0.087720
BFGS:  371 22:37:26      -97.399435        0.053580
BFGS:  372 22:37:27      -97.400995        0.036859
BFGS:  373 22:37:27      -97.401905        0.033715
BFGS:  374 22:37:27      -97.402678        0.029167
BFGS:  375 22:37:27      -97.403191        0.026366
BFGS:  376 22:37:27      -97.403521        0.026102
BFGS:  377 22:37:27      -97.403706        0.022042
BFGS:  378 22:37:27      -97.403832        0.019607
BFGS:  379 22:37:27      -97.403941        0.016154
BFGS:  380 22:37:27      -97.404042        0.011191
BFGS:  381 22:37:27      -97.404125        0.009719
BFGS:  382 22:37:27      -97.404184        0.009993
BFGS:  383 22:37:27      -97.404216        0.010257
BFGS:  384 22:37:27      -97.404234        0.010352
BFGS:  385 22:37:27      -97.404249        0.010331
BFGS:  386 22:37:27      -97.404272        0.010210
BFGS:  387 22:37:28      -97.404307        0.009991
BFGS:  388 22:37:28      -97.404346        0.009753
BFGS:  389 22:37:28      -97.404375        0.009655
BFGS:  390 22:37:28      -97.404390        0.009694
BFGS:  391 22:37:28      -97.404404        0.009776
BFGS:  392 22:37:28      -97.404424        0.009872
BFGS:  393 22:37:28      -97.404459        0.009927
BFGS:  394 22:37:28      -97.404512        0.012184
BFGS:  395 22:37:28      -97.404575        0.017447
BFGS:  396 22:37:28      -97.404629        0.019146
BFGS:  397 22:37:28      -97.404675        0.016816
BFGS:  398 22:37:28      -97.404721        0.011420
BFGS:  399 22:37:28      -97.404781        0.010810
BFGS:  400 22:37:28      -97.404856        0.014114
BFGS:  401 22:37:29      -97.404934        0.021636
BFGS:  402 22:37:29      -97.405009        0.023825
BFGS:  403 22:37:29      -97.405084        0.020770
BFGS:  404 22:37:29      -97.405168        0.013444
BFGS:  405 22:37:29      -97.405253        0.008713
BFGS:  406 22:37:29      -97.405317        0.008504
BFGS:  407 22:37:29      -97.405356        0.009398
BFGS:  408 22:37:29      -97.405387        0.010330
BFGS:  409 22:37:29      -97.405429        0.010298
BFGS:  410 22:37:29      -97.405494        0.009512
BFGS:  411 22:37:29      -97.405580        0.008802
BFGS:  412 22:37:29      -97.405659        0.008864
BFGS:  413 22:37:29      -97.405705        0.010713
BFGS:  414 22:37:29      -97.405731        0.010406
BFGS:  415 22:37:30      -97.405752        0.008697
BFGS:  416 22:37:30      -97.405779        0.005620
BFGS:  417 22:37:30      -97.405811        0.006592
BFGS:  418 22:37:30      -97.405838        0.009316
BFGS:  419 22:37:30      -97.405855        0.008831
BFGS:  420 22:37:30      -97.405866        0.006426
BFGS:  421 22:37:30      -97.405877        0.005286
BFGS:  422 22:37:30      -97.405891        0.004540
BFGS:  423 22:37:34      -97.405903        0.005806
BFGS:  424 22:37:34      -97.405911        0.006356
BFGS:  425 22:37:34      -97.405917        0.005203
BFGS:  426 22:37:34      -97.405924        0.004298
BFGS:  427 22:37:34      -97.405933        0.004229
BFGS:  428 22:37:34      -97.405942        0.003750
BFGS:  429 22:37:34      -97.405947        0.003672
BFGS:  430 22:37:34      -97.405950        0.003697
BFGS:  431 22:37:34      -97.405953        0.003711
BFGS:  432 22:37:34      -97.405958        0.003716
BFGS:  433 22:37:35      -97.405964        0.003705
BFGS:  434 22:37:35      -97.405968        0.003683
BFGS:  435 22:37:40      -97.405969        0.003672
BFGS:  436 22:37:40      -97.405970        0.003668
BFGS:  437 22:37:40      -97.405971        0.003666
BFGS:  438 22:37:40      -97.405974        0.003665
BFGS:  439 22:37:40      -97.405977        0.003666
BFGS:  440 22:37:40      -97.405980        0.004106
BFGS:  441 22:37:40      -97.405982        0.003908
BFGS:  442 22:37:40      -97.405984        0.003666
BFGS:  443 22:37:40      -97.405986        0.003663
BFGS:  444 22:37:40      -97.405988        0.003657
BFGS:  445 22:37:40      -97.405990        0.003652
BFGS:  446 22:37:40      -97.405990        0.003650
BFGS:  447 22:37:41      -97.405991        0.003648
BFGS:  448 22:37:41      -97.405993        0.003644
BFGS:  449 22:37:41      -97.405996        0.003639
BFGS:  450 22:37:41      -97.405999        0.003633
BFGS:  451 22:37:41      -97.406000        0.003630
BFGS:  452 22:37:41      -97.406001        0.003629
BFGS:  453 22:37:41      -97.406002        0.003628
BFGS:  454 22:37:41      -97.406004        0.003624
BFGS:  455 22:37:41      -97.406006        0.003616
BFGS:  456 22:37:41      -97.406009        0.003607
BFGS:  457 22:37:41      -97.406010        0.003602
BFGS:  458 22:37:41      -97.406010        0.003599
BFGS:  459 22:37:44      -97.406012        0.003595
BFGS:  460 22:37:44      -97.406014        0.003586
BFGS:  461 22:37:44      -97.406018        0.003571
BFGS:  462 22:37:44      -97.406022        0.003555
BFGS:  463 22:37:44      -97.406024        0.003547
BFGS:  464 22:37:44      -97.406025        0.003545
BFGS:  465 22:37:44      -97.406027        0.003542
BFGS:  466 22:37:44      -97.406030        0.003534
BFGS:  467 22:37:48      -97.406035        0.003515
BFGS:  468 22:37:48      -97.406039        0.003492
BFGS:  469 22:37:49      -97.406041        0.003477
BFGS:  470 22:37:49      -97.406043        0.003470
BFGS:  471 22:37:49      -97.406045        0.003460
BFGS:  472 22:37:49      -97.406049        0.003443
BFGS:  473 22:37:49      -97.406055        0.003859
BFGS:  474 22:37:49      -97.406060        0.004506
BFGS:  475 22:37:49      -97.406062        0.003972
BFGS:  476 22:37:49      -97.406064        0.003373
BFGS:  477 22:37:49      -97.406067        0.003367
BFGS:  478 22:37:49      -97.406069        0.003355
BFGS:  479 22:37:49      -97.406072        0.004342
BFGS:  480 22:37:50      -97.406074        0.004650
BFGS:  481 22:37:50      -97.406078        0.004248
BFGS:  482 22:37:50      -97.406084        0.003857
BFGS:  483 22:37:50      -97.406095        0.004063
BFGS:  484 22:37:50      -97.406105        0.003603
BFGS:  485 22:37:50      -97.406111        0.004287
BFGS:  486 22:37:50      -97.406113        0.004540
BFGS:  487 22:37:50      -97.406115        0.004411
BFGS:  488 22:37:50      -97.406120        0.003859
BFGS:  489 22:37:50      -97.406128        0.003084
BFGS:  490 22:37:50      -97.406136        0.003459
BFGS:  491 22:37:50      -97.406142        0.003612
BFGS:  492 22:37:50      -97.406145        0.003885
BFGS:  493 22:37:51      -97.406148        0.003786
BFGS:  494 22:37:51      -97.406156        0.003761
BFGS:  495 22:37:51      -97.406171        0.003876
BFGS:  496 22:37:51      -97.406189        0.004025
BFGS:  497 22:37:51      -97.406201        0.003644
BFGS:  498 22:37:51      -97.406206        0.003218
BFGS:  499 22:37:51      -97.406208        0.003135
BFGS:  500 22:37:51      -97.406212        0.003159
BFGS:  501 22:37:51      -97.406220        0.003263
BFGS:  502 22:37:51      -97.406231        0.004461
BFGS:  503 22:37:51      -97.406240        0.005586
BFGS:  504 22:37:51      -97.406246        0.005650
BFGS:  505 22:37:51      -97.406250        0.005185
BFGS:  506 22:37:51      -97.406258        0.004208
BFGS:  507 22:37:52      -97.406270        0.004305
BFGS:  508 22:37:52      -97.406284        0.004148
BFGS:  509 22:37:52      -97.406292        0.003735
BFGS:  510 22:37:52      -97.406295        0.003372
BFGS:  511 22:37:52      -97.406296        0.003265
BFGS:  512 22:37:52      -97.406300        0.002862
BFGS:  513 22:37:52      -97.406305        0.003471
BFGS:  514 22:37:52      -97.406312        0.004124
BFGS:  515 22:37:52      -97.406315        0.003867
BFGS:  516 22:37:52      -97.406316        0.003272
BFGS:  517 22:37:52      -97.406318        0.003140
BFGS:  518 22:37:52      -97.406320        0.003074
BFGS:  519 22:37:52      -97.406325        0.003283
BFGS:  520 22:37:52      -97.406332        0.003736
BFGS:  521 22:37:52      -97.406338        0.003792
BFGS:  522 22:37:53      -97.406341        0.003963
BFGS:  523 22:37:53      -97.406343        0.004068
BFGS:  524 22:37:53      -97.406346        0.003945
BFGS:  525 22:37:53      -97.406351        0.003429
BFGS:  526 22:37:53      -97.406356        0.003493
BFGS:  527 22:37:53      -97.406361        0.003493
BFGS:  528 22:37:53      -97.406362        0.002902
BFGS:  529 22:37:53      -97.406364        0.002816
BFGS:  530 22:37:53      -97.406367        0.002754
BFGS:  531 22:37:53      -97.406371        0.002792
BFGS:  532 22:37:53      -97.406377        0.003257
BFGS:  533 22:37:53      -97.406381        0.003240
BFGS:  534 22:37:53      -97.406382        0.003003
BFGS:  535 22:37:53      -97.406383        0.002869
BFGS:  536 22:37:54      -97.406385        0.002895
BFGS:  537 22:37:54      -97.406388        0.003483
BFGS:  538 22:37:54      -97.406392        0.003997
BFGS:  539 22:37:54      -97.406395        0.003477
BFGS:  540 22:37:54      -97.406396        0.002873
BFGS:  541 22:37:54      -97.406397        0.002859
BFGS:  542 22:37:54      -97.406398        0.002778
BFGS:  543 22:37:54      -97.406400        0.002703
BFGS:  544 22:37:54      -97.406403        0.002769
BFGS:  545 22:37:54      -97.406405        0.002686
BFGS:  546 22:37:54      -97.406406        0.002991
BFGS:  547 22:37:54      -97.406407        0.003068
BFGS:  548 22:37:54      -97.406408        0.003071
BFGS:  549 22:37:54      -97.406410        0.002973
BFGS:  550 22:37:55      -97.406412        0.002814
BFGS:  551 22:37:55      -97.406414        0.002529
BFGS:  552 22:37:55      -97.406415        0.002417
BFGS:  553 22:37:56      -97.406415        0.002386
BFGS:  554 22:37:56      -97.406416        0.002368
BFGS:  555 22:37:56      -97.406417        0.002356
BFGS:  556 22:37:56      -97.406418        0.002365
BFGS:  557 22:37:56      -97.406420        0.002434
BFGS:  558 22:37:56      -97.406421        0.002452
BFGS:  559 22:37:56      -97.406421        0.002457
BFGS:  560 22:37:56      -97.406421        0.002443
BFGS:  561 22:37:56      -97.406422        0.002402
BFGS:  562 22:37:57      -97.406423        0.002338
BFGS:  563 22:37:57      -97.406424        0.002249
BFGS:  564 22:37:57      -97.406425        0.002298
BFGS:  565 22:37:57      -97.406425        0.002288
BFGS:  566 22:37:57      -97.406426        0.002263
BFGS:  567 22:37:57      -97.406426        0.002225
BFGS:  568 22:37:57      -97.406427        0.002177
BFGS:  569 22:37:57      -97.406429        0.002138
BFGS:  570 22:37:57      -97.406430        0.002141
BFGS:  571 22:37:57      -97.406431        0.002177
BFGS:  572 22:37:57      -97.406431        0.002200
BFGS:  573 22:37:57      -97.406431        0.002211
BFGS:  574 22:37:57      -97.406432        0.002216
BFGS:  575 22:37:58      -97.406432        0.002192
BFGS:  576 22:37:58      -97.406433        0.002127
BFGS:  577 22:37:58      -97.406434        0.002105
BFGS:  578 22:37:58      -97.406435        0.001984
BFGS:  579 22:38:01      -97.406435        0.001982
BFGS:  580 22:38:01      -97.406435        0.001999
BFGS:  581 22:38:01      -97.406435        0.002056
BFGS:  582 22:38:01      -97.406436        0.002176
BFGS:  583 22:38:01      -97.406437        0.002317
BFGS:  584 22:38:01      -97.406437        0.002375
BFGS:  585 22:38:01      -97.406437        0.002359
BFGS:  586 22:38:01      -97.406437        0.002307
BFGS:  587 22:38:01      -97.406438        0.002209
BFGS:  588 22:38:01      -97.406438        0.002260
BFGS:  589 22:38:01      -97.406439        0.002322
BFGS:  590 22:38:01      -97.406439        0.002354
BFGS:  591 22:38:01      -97.406439        0.002355
BFGS:  592 22:38:01      -97.406439        0.002344
BFGS:  593 22:38:02      -97.406440        0.002316
BFGS:  594 22:38:02      -97.406440        0.002266
BFGS:  595 22:38:02      -97.406441        0.002204
BFGS:  596 22:38:02      -97.406442        0.002167
BFGS:  597 22:38:02      -97.406442        0.002163
BFGS:  598 22:38:02      -97.406442        0.002168
BFGS:  599 22:38:02      -97.406442        0.002178
BFGS:  600 22:38:02      -97.406442        0.002189
BFGS:  601 22:38:02      -97.406443        0.002192
BFGS:  602 22:38:02      -97.406444        0.002175
BFGS:  603 22:38:02      -97.406444        0.002150
BFGS:  604 22:38:02      -97.406444        0.002135
BFGS:  605 22:38:02      -97.406444        0.002124
BFGS:  606 22:38:02      -97.406444        0.002110
BFGS:  607 22:38:03      -97.406445        0.002098
BFGS:  608 22:38:03      -97.406446        0.002098
BFGS:  609 22:38:03      -97.406446        0.002111
BFGS:  610 22:38:03      -97.406446        0.002124
BFGS:  611 22:38:03      -97.406446        0.002127
BFGS:  612 22:38:03      -97.406447        0.002122
BFGS:  613 22:38:03      -97.406447        0.002094
BFGS:  614 22:38:03      -97.406447        0.002057
BFGS:  615 22:38:03      -97.406448        0.002161
BFGS:  616 22:38:03      -97.406448        0.002100
BFGS:  617 22:38:03      -97.406448        0.002010
BFGS:  618 22:38:03      -97.406448        0.001926
BFGS:  619 22:38:03      -97.406449        0.001896
BFGS:  620 22:38:04      -97.406449        0.001839
BFGS:  621 22:38:04      -97.406450        0.001904
BFGS:  622 22:38:04      -97.406450        0.001843
BFGS:  623 22:38:04      -97.406451        0.001734
BFGS:  624 22:38:04      -97.406451        0.001737
BFGS:  625 22:38:04      -97.406451        0.001742
BFGS:  626 22:38:04      -97.406451        0.001909
BFGS:  627 22:38:04      -97.406452        0.002044
BFGS:  628 22:38:04      -97.406453        0.001981
BFGS:  629 22:38:04      -97.406454        0.001689
BFGS:  630 22:38:04      -97.406454        0.001663
BFGS:  631 22:38:04      -97.406455        0.001650
BFGS:  632 22:38:04      -97.406455        0.001677
BFGS:  633 22:38:04      -97.406455        0.001923
BFGS:  634 22:38:04      -97.406457        0.002202
BFGS:  635 22:38:05      -97.406459        0.002325
BFGS:  636 22:38:05      -97.406461        0.002042
BFGS:  637 22:38:05      -97.406462        0.001583
BFGS:  638 22:38:05      -97.406463        0.001534
BFGS:  639 22:38:05      -97.406463        0.001501
BFGS:  640 22:38:05      -97.406463        0.001520
BFGS:  641 22:38:05      -97.406464        0.001701
BFGS:  642 22:38:05      -97.406466        0.001829
BFGS:  643 22:38:05      -97.406467        0.001743
BFGS:  644 22:38:05      -97.406468        0.001492
BFGS:  645 22:38:05      -97.406468        0.001312
BFGS:  646 22:38:05      -97.406469        0.001195
BFGS:  647 22:38:05      -97.406469        0.001192
BFGS:  648 22:38:05      -97.406470        0.001283
BFGS:  649 22:38:06      -97.406471        0.001343
BFGS:  650 22:38:06      -97.406472        0.001141
BFGS:  651 22:38:06      -97.406473        0.001087
BFGS:  652 22:38:06      -97.406473        0.001073
BFGS:  653 22:38:06      -97.406473        0.001165
BFGS:  654 22:38:06      -97.406474        0.001291
BFGS:  655 22:38:06      -97.406475        0.001357
BFGS:  656 22:38:06      -97.406477        0.001232
BFGS:  657 22:38:06      -97.406477        0.000989
