      Step     Time          Energy          fmax
BFGS:    0 04:42:58     -314.899276        5.788492
BFGS:    1 04:42:58     -325.466615        5.381478
BFGS:    2 04:42:59     -349.162124        4.429646
BFGS:    3 04:42:59     -369.421101        3.569821
BFGS:    4 04:42:59     -384.801767        2.826773
BFGS:    5 04:42:59     -394.562101        2.243003
BFGS:    6 04:43:00     -398.968647        1.829678
BFGS:    7 04:43:00     -399.793702        1.667859
BFGS:    8 04:43:00     -400.329900        1.600581
BFGS:    9 04:43:00     -401.669961        1.488080
BFGS:   10 04:43:01     -402.940357        1.411231
BFGS:   11 04:43:01     -404.079032        1.362404
BFGS:   12 04:43:01     -405.023041        1.338341
BFGS:   13 04:43:01     -405.756767        1.332234
BFGS:   14 04:43:02     -406.343290        1.339740
BFGS:   15 04:43:02     -406.956805        1.362230
BFGS:   16 04:43:02     -407.706857        1.390082
BFGS:   17 04:43:02     -408.553315        1.412939
BFGS:   18 04:43:03     -409.426545        1.426983
BFGS:   19 04:43:03     -410.290087        1.431732
BFGS:   20 04:43:03     -411.134958        1.428611
BFGS:   21 04:43:03     -411.958314        1.418473
BFGS:   22 04:43:04     -412.757676        1.402422
BFGS:   23 04:43:04     -413.528002        1.382091
BFGS:   24 04:43:04     -414.262570        1.359224
BFGS:   25 04:43:04     -414.955197        1.335259
BFGS:   26 04:43:05     -415.601594        1.311082
BFGS:   27 04:43:05     -416.199948        1.287093
BFGS:   28 04:43:05     -416.750951        1.263474
BFGS:   29 04:43:05     -417.257392        1.240389
BFGS:   30 04:43:06     -417.724865        1.217949
BFGS:   31 04:43:06     -418.163954        1.196109
BFGS:   32 04:43:06     -418.591184        1.174684
BFGS:   33 04:43:06     -419.026963        1.153461
BFGS:   34 04:43:07     -419.490215        1.132310
BFGS:   35 04:43:07     -419.993332        1.111596
BFGS:   36 04:43:07     -420.539468        1.091672
BFGS:   37 04:43:07     -421.123759        1.072736
BFGS:   38 04:43:08     -421.736334        1.054849
BFGS:   39 04:43:08     -422.364908        1.038031
BFGS:   40 04:43:08     -422.996587        1.022289
BFGS:   41 04:43:08     -423.619313        1.007551
BFGS:   42 04:43:09     -424.223150        0.993746
BFGS:   43 04:43:09     -424.801436        0.980758
BFGS:   44 04:43:09     -425.349122        0.968373
BFGS:   45 04:43:09     -425.862416        0.956425
BFGS:   46 04:43:10     -426.339478        0.944710
BFGS:   47 04:43:10     -426.780529        0.932981
BFGS:   48 04:43:10     -427.187071        0.921101
BFGS:   49 04:43:10     -427.560857        0.909192
BFGS:   50 04:43:11     -427.904613        0.897474
BFGS:   51 04:43:11     -428.222640        0.885964
BFGS:   52 04:43:11     -428.520380        0.874519
BFGS:   53 04:43:11     -428.802666        0.863025
BFGS:   54 04:43:12     -429.073122        0.851470
BFGS:   55 04:43:12     -429.334518        0.839871
BFGS:   56 04:43:12     -429.589548        0.828197
BFGS:   57 04:43:12     -429.840752        0.816413
BFGS:   58 04:43:13     -430.090002        0.804528
BFGS:   59 04:43:13     -430.338497        0.792536
BFGS:   60 04:43:13     -430.587032        0.780395
BFGS:   61 04:43:13     -430.836188        0.768074
BFGS:   62 04:43:14     -431.086459        0.755607
BFGS:   63 04:43:14     -431.338156        0.743055
BFGS:   64 04:43:14     -431.591254        0.730433
BFGS:   65 04:43:14     -431.845978        0.717626
BFGS:   66 04:43:15     -432.102875        0.704431
BFGS:   67 04:43:15     -432.362668        0.690616
BFGS:   68 04:43:15     -432.625971        0.675983
BFGS:   69 04:43:15     -432.893311        0.660350
BFGS:   70 04:43:16     -433.165115        0.643549
BFGS:   71 04:43:16     -433.441596        0.625431
BFGS:   72 04:43:16     -433.723029        0.605842
BFGS:   73 04:43:16     -434.010041        0.593480
BFGS:   74 04:43:17     -434.304086        0.578006
BFGS:   75 04:43:17     -434.607592        0.557430
BFGS:   76 04:43:17     -434.923980        0.530284
BFGS:   77 04:43:17     -435.257206        0.494772
BFGS:   78 04:43:18     -435.611086        0.486901
BFGS:   79 04:43:18     -435.990132        0.486518
BFGS:   80 04:43:18     -436.404637        0.483664
BFGS:   81 04:43:18     -436.875607        0.478115
BFGS:   82 04:43:19     -437.433541        0.468832
BFGS:   83 04:43:19     -438.119660        0.451536
BFGS:   84 04:43:19     -438.976006        0.413562
BFGS:   85 04:43:19     -439.915447        0.388814
BFGS:   86 04:43:20     -440.566434        0.417945
BFGS:   87 04:43:20     -441.417469        0.448620
BFGS:   88 04:43:20     -441.881831        0.464807
BFGS:   89 04:43:20     -442.194633        0.454001
BFGS:   90 04:43:20     -442.471577        0.427200
BFGS:   91 04:43:21     -442.754497        0.387840
BFGS:   92 04:43:21     -442.991754        0.359489
BFGS:   93 04:43:21     -443.201184        0.341777
BFGS:   94 04:43:21     -443.589873        0.313815
BFGS:   95 04:43:22     -443.917786        0.303527
BFGS:   96 04:43:22     -443.991193        0.307392
BFGS:   97 04:43:22     -444.018354        0.312174
BFGS:   98 04:43:22     -444.059871        0.319437
BFGS:   99 04:43:23     -444.099395        0.320260
BFGS:  100 04:43:23     -444.187239        0.314253
BFGS:  101 04:43:23     -444.316235        0.300573
BFGS:  102 04:43:23     -444.480448        0.286077
BFGS:  103 04:43:24     -444.650910        0.276573
BFGS:  104 04:43:24     -444.824864        0.271388
BFGS:  105 04:43:24     -444.986444        0.269782
BFGS:  106 04:43:24     -445.117374        0.272312
BFGS:  107 04:43:25     -445.208477        0.278905
BFGS:  108 04:43:25     -445.256036        0.289062
BFGS:  109 04:43:25     -445.280961        0.295476
BFGS:  110 04:43:25     -445.335468        0.310882
BFGS:  111 04:43:26     -445.392689        0.323156
BFGS:  112 04:43:26     -445.515415        0.339271
BFGS:  113 04:43:26     -445.640422        0.342274
BFGS:  114 04:43:26     -445.753680        0.336377
BFGS:  115 04:43:27     -445.857218        0.326545
BFGS:  116 04:43:27     -445.951631        0.315477
BFGS:  117 04:43:27     -446.040641        0.304890
BFGS:  118 04:43:27     -446.132786        0.301613
BFGS:  119 04:43:28     -446.238124        0.300491
BFGS:  120 04:43:28     -446.362751        0.300434
BFGS:  121 04:43:28     -446.506413        0.301495
BFGS:  122 04:43:28     -446.662261        0.303625
BFGS:  123 04:43:29     -446.816193        0.306724
BFGS:  124 04:43:29     -446.942797        0.310749
BFGS:  125 04:43:29     -447.004904        0.326730
BFGS:  126 04:43:29     -447.040031        0.335688
BFGS:  127 04:43:30     -447.145029        0.356075
BFGS:  128 04:43:30     -447.270625        0.367625
BFGS:  129 04:43:30     -447.418376        0.369932
BFGS:  130 04:43:30     -447.560898        0.367371
BFGS:  131 04:43:31     -447.702874        0.362406
BFGS:  132 04:43:31     -447.844185        0.355997
BFGS:  133 04:43:31     -447.983824        0.348612
BFGS:  134 04:43:31     -448.120129        0.340581
BFGS:  135 04:43:32     -448.251554        0.332142
BFGS:  136 04:43:32     -448.376656        0.323499
BFGS:  137 04:43:32     -448.494399        0.314813
BFGS:  138 04:43:32     -448.604061        0.306214
BFGS:  139 04:43:33     -448.705329        0.297785
BFGS:  140 04:43:33     -448.798166        0.289570
BFGS:  141 04:43:33     -448.882823        0.281569
BFGS:  142 04:43:33     -448.959699        0.273761
BFGS:  143 04:43:34     -449.029360        0.266116
BFGS:  144 04:43:34     -449.092445        0.258621
BFGS:  145 04:43:34     -449.149760        0.251276
BFGS:  146 04:43:34     -449.202249        0.244122
BFGS:  147 04:43:35     -449.250750        0.237239
BFGS:  148 04:43:35     -449.296335        0.230646
BFGS:  149 04:43:35     -449.339914        0.224382
BFGS:  150 04:43:35     -449.382614        0.223746
BFGS:  151 04:43:36     -449.425165        0.227050
BFGS:  152 04:43:36     -449.468611        0.229198
BFGS:  153 04:43:36     -449.513232        0.230614
BFGS:  154 04:43:36     -449.560017        0.230691
BFGS:  155 04:43:37     -449.608554        0.230319
BFGS:  156 04:43:37     -449.660126        0.228315
BFGS:  157 04:43:37     -449.713271        0.226435
BFGS:  158 04:43:37     -449.770311        0.222348
BFGS:  159 04:43:38     -449.827943        0.219390
BFGS:  160 04:43:38     -449.890754        0.213179
BFGS:  161 04:43:38     -449.952275        0.209594
BFGS:  162 04:43:38     -450.020682        0.201449
BFGS:  163 04:43:39     -450.085725        0.197259
BFGS:  164 04:43:39     -450.158459        0.188181
BFGS:  165 04:43:39     -450.227465        0.183605
BFGS:  166 04:43:39     -450.302940        0.177061
BFGS:  167 04:43:40     -450.376021        0.172724
BFGS:  168 04:43:40     -450.453485        0.166460
BFGS:  169 04:43:40     -450.529867        0.161334
BFGS:  170 04:43:40     -450.608835        0.159610
BFGS:  171 04:43:41     -450.687377        0.167400
BFGS:  172 04:43:41     -450.767187        0.175228
BFGS:  173 04:43:41     -450.846674        0.181868
BFGS:  174 04:43:41     -450.926459        0.187293
BFGS:  175 04:43:42     -451.005689        0.191314
BFGS:  176 04:43:42     -451.084482        0.193819
BFGS:  177 04:43:42     -451.162373        0.194628
BFGS:  178 04:43:42     -451.239326        0.193565
BFGS:  179 04:43:43     -451.315130        0.190400
BFGS:  180 04:43:43     -451.389807        0.187920
BFGS:  181 04:43:43     -451.463402        0.186611
BFGS:  182 04:43:43     -451.536173        0.183855
BFGS:  183 04:43:44     -451.608592        0.179290
BFGS:  184 04:43:44     -451.681598        0.172425
BFGS:  185 04:43:44     -451.756876        0.171664
BFGS:  186 04:43:44     -451.837434        0.171851
BFGS:  187 04:43:44     -451.927985        0.166503
BFGS:  188 04:43:45     -452.033603        0.153778
BFGS:  189 04:43:45     -452.153351        0.133248
BFGS:  190 04:43:45     -452.272068        0.160382
BFGS:  191 04:43:45     -452.370531        0.195504
BFGS:  192 04:43:46     -452.438733        0.207353
BFGS:  193 04:43:46     -452.481723        0.194341
BFGS:  194 04:43:46     -452.514047        0.169103
BFGS:  195 04:43:46     -452.542004        0.143711
BFGS:  196 04:43:47     -452.567648        0.119472
BFGS:  197 04:43:47     -452.591601        0.095406
BFGS:  198 04:43:47     -452.614091        0.088308
BFGS:  199 04:43:47     -452.634920        0.088949
BFGS:  200 04:43:48     -452.653221        0.089262
BFGS:  201 04:43:48     -452.661646        0.088352
BFGS:  202 04:43:48     -452.671654        0.086031
BFGS:  203 04:43:48     -452.677904        0.083960
BFGS:  204 04:43:49     -452.681786        0.082468
BFGS:  205 04:43:49     -452.684600        0.081674
BFGS:  206 04:43:49     -452.690124        0.080474
BFGS:  207 04:43:49     -452.697418        0.078985
BFGS:  208 04:43:50     -452.704558        0.077413
BFGS:  209 04:43:50     -452.708301        0.076460
BFGS:  210 04:43:50     -452.710113        0.075951
BFGS:  211 04:43:50     -452.712205        0.075196
BFGS:  212 04:43:51     -452.716415        0.073504
BFGS:  213 04:43:51     -452.724007        0.070327
BFGS:  214 04:43:51     -452.734890        0.066025
BFGS:  215 04:43:51     -452.745369        0.062667
BFGS:  216 04:43:52     -452.752038        0.062216
BFGS:  217 04:43:52     -452.755717        0.063578
BFGS:  218 04:43:52     -452.759098        0.065435
BFGS:  219 04:43:52     -452.763822        0.067209
BFGS:  220 04:43:53     -452.769971        0.067559
BFGS:  221 04:43:53     -452.776604        0.065066
BFGS:  222 04:43:53     -452.781809        0.060362
BFGS:  223 04:43:53     -452.785158        0.055764
BFGS:  224 04:43:54     -452.787937        0.052134
BFGS:  225 04:43:54     -452.791921        0.048184
BFGS:  226 04:43:54     -452.799195        0.042807
BFGS:  227 04:43:54     -452.811132        0.039884
BFGS:  228 04:43:55     -452.821007        0.041394
BFGS:  229 04:43:55     -452.829620        0.047715
BFGS:  230 04:43:55     -452.836291        0.051308
BFGS:  231 04:43:55     -452.840438        0.051140
BFGS:  232 04:43:56     -452.841953        0.046501
BFGS:  233 04:43:56     -452.843720        0.040954
BFGS:  234 04:43:56     -452.846551        0.041593
BFGS:  235 04:43:56     -452.848862        0.042833
BFGS:  236 04:43:57     -452.850019        0.043919
BFGS:  237 04:43:57     -452.850438        0.044366
BFGS:  238 04:43:57     -452.850860        0.044644
BFGS:  239 04:43:57     -452.851825        0.045096
BFGS:  240 04:43:58     -452.853896        0.045873
BFGS:  241 04:43:58     -452.857828        0.047192
BFGS:  242 04:43:58     -452.862886        0.048738
BFGS:  243 04:43:58     -452.866309        0.049627
BFGS:  244 04:43:59     -452.867424        0.049669
BFGS:  245 04:43:59     -452.867818        0.049551
BFGS:  246 04:43:59     -452.868346        0.049468
BFGS:  247 04:43:59     -452.869504        0.049555
BFGS:  248 04:44:00     -452.871591        0.050090
BFGS:  249 04:44:00     -452.874240        0.051215
BFGS:  250 04:44:00     -452.875973        0.052274
BFGS:  251 04:44:00     -452.876500        0.052586
BFGS:  252 04:44:01     -452.876696        0.052517
BFGS:  253 04:44:01     -452.877021        0.052295
BFGS:  254 04:44:01     -452.877786        0.051782
BFGS:  255 04:44:01     -452.879591        0.050695
BFGS:  256 04:44:02     -452.883414        0.048570
BFGS:  257 04:44:02     -452.889281        0.045535
BFGS:  258 04:44:02     -452.894776        0.042977
BFGS:  259 04:44:02     -452.899138        0.041022
BFGS:  260 04:44:03     -452.900664        0.040780
BFGS:  261 04:44:03     -452.901592        0.041026
BFGS:  262 04:44:03     -452.903800        0.041252
BFGS:  263 04:44:03     -452.907998        0.040517
BFGS:  264 04:44:04     -452.915263        0.037669
BFGS:  265 04:44:04     -452.921914        0.034228
BFGS:  266 04:44:04     -452.928193        0.030464
BFGS:  267 04:44:04     -452.933826        0.026480
BFGS:  268 04:44:05     -452.938455        0.022329
BFGS:  269 04:44:05     -452.941770        0.020672
BFGS:  270 04:44:05     -452.943585        0.025454
BFGS:  271 04:44:05     -452.944114        0.027181
BFGS:  272 04:44:06     -452.944905        0.028040
BFGS:  273 04:44:06     -452.946818        0.027352
BFGS:  274 04:44:06     -452.949704        0.022701
BFGS:  275 04:44:06     -452.952667        0.014863
BFGS:  276 04:44:07     -452.954039        0.013324
BFGS:  277 04:44:07     -452.954367        0.012727
BFGS:  278 04:44:07     -452.954496        0.012602
BFGS:  279 04:44:07     -452.954747        0.012458
BFGS:  280 04:44:08     -452.955229        0.012164
BFGS:  281 04:44:08     -452.955960        0.011586
BFGS:  282 04:44:08     -452.956581        0.010883
BFGS:  283 04:44:08     -452.956812        0.010489
BFGS:  284 04:44:09     -452.956850        0.010420
BFGS:  285 04:44:09     -452.956862        0.010409
BFGS:  286 04:44:09     -452.956892        0.010372
BFGS:  287 04:44:09     -452.956953        0.010280
BFGS:  288 04:44:10     -452.957069        0.010092
BFGS:  289 04:44:10     -452.957209        0.009854
BFGS:  290 04:44:10     -452.957299        0.009719
BFGS:  291 04:44:10     -452.957327        0.009725
BFGS:  292 04:44:11     -452.957338        0.009757
BFGS:  293 04:44:11     -452.957359        0.009798
BFGS:  294 04:44:11     -452.957408        0.009833
BFGS:  295 04:44:11     -452.957512        0.009803
BFGS:  296 04:44:12     -452.957683        0.009590
BFGS:  297 04:44:12     -452.957851        0.009176
BFGS:  298 04:44:12     -452.957929        0.008833
BFGS:  299 04:44:12     -452.957948        0.008717
BFGS:  300 04:44:13     -452.957960        0.008670
BFGS:  301 04:44:13     -452.957989        0.008566
BFGS:  302 04:44:13     -452.958053        0.008335
BFGS:  303 04:44:13     -452.958185        0.007829
BFGS:  304 04:44:14     -452.958393        0.009913
BFGS:  305 04:44:14     -452.958613        0.012710
BFGS:  306 04:44:14     -452.958768        0.012761
BFGS:  307 04:44:14     -452.958881        0.011806
BFGS:  308 04:44:15     -452.959008        0.008701
BFGS:  309 04:44:15     -452.959150        0.004210
BFGS:  310 04:44:15     -452.959241        0.003892
BFGS:  311 04:44:15     -452.959273        0.003941
BFGS:  312 04:44:16     -452.959291        0.003965
BFGS:  313 04:44:16     -452.959323        0.003948
BFGS:  314 04:44:16     -452.959392        0.003828
BFGS:  315 04:44:16     -452.959513        0.003894
BFGS:  316 04:44:17     -452.959648        0.005144
BFGS:  317 04:44:17     -452.959719        0.004598
BFGS:  318 04:44:17     -452.959734        0.003469
BFGS:  319 04:44:17     -452.959738        0.002754
BFGS:  320 04:44:18     -452.959742        0.001951
BFGS:  321 04:44:18     -452.959747        0.001049
BFGS:  322 04:44:18     -452.959750        0.000889
