      Step     Time          Energy          fmax
BFGS:    0 13:42:31     -180.113902        1.362088
BFGS:    1 13:42:31     -181.092045        1.326605
BFGS:    2 13:42:31     -189.561080        1.076663
BFGS:    3 13:42:32     -195.716264        0.940721
BFGS:    4 13:42:32     -198.717873        1.151965
BFGS:    5 13:42:32     -199.294718        1.312798
BFGS:    6 13:42:32     -201.212155        1.291839
BFGS:    7 13:42:32     -202.828239        0.827496
BFGS:    8 13:42:32     -204.052047        0.213219
BFGS:    9 13:42:32     -204.237812        0.153362
BFGS:   10 13:42:32     -204.261332        0.138605
BFGS:   11 13:42:32     -204.276116        0.129895
BFGS:   12 13:42:33     -204.333585        0.181722
BFGS:   13 13:42:33     -204.431899        0.218850
BFGS:   14 13:42:33     -204.578901        0.202001
BFGS:   15 13:42:33     -204.690548        0.105539
BFGS:   16 13:42:33     -204.726927        0.100417
BFGS:   17 13:42:33     -204.736641        0.095459
BFGS:   18 13:42:33     -204.745773        0.086630
BFGS:   19 13:42:33     -204.760359        0.080443
BFGS:   20 13:42:34     -204.789664        0.078908
BFGS:   21 13:42:34     -204.828646        0.075367
BFGS:   22 13:42:34     -204.855093        0.072032
BFGS:   23 13:42:34     -204.862316        0.071142
BFGS:   24 13:42:34     -204.863861        0.071031
BFGS:   25 13:42:34     -204.865109        0.070773
BFGS:   26 13:42:34     -204.868314        0.069464
BFGS:   27 13:42:34     -204.875163        0.065575
BFGS:   28 13:42:35     -204.888438        0.056408
BFGS:   29 13:42:35     -204.906611        0.052318
BFGS:   30 13:42:35     -204.922099        0.056425
BFGS:   31 13:42:35     -204.928312        0.058442
BFGS:   32 13:42:35     -204.930411        0.058023
BFGS:   33 13:42:35     -204.933489        0.056323
BFGS:   34 13:42:35     -204.939871        0.052032
BFGS:   35 13:42:35     -204.950830        0.043678
BFGS:   36 13:42:36     -204.962666        0.038833
BFGS:   37 13:42:36     -204.968960        0.040066
BFGS:   38 13:42:36     -204.970242        0.039077
BFGS:   39 13:42:36     -204.970619        0.038633
BFGS:   40 13:42:36     -204.971421        0.038154
BFGS:   41 13:42:36     -204.973119        0.038023
BFGS:   42 13:42:36     -204.976267        0.039140
BFGS:   43 13:42:36     -204.979982        0.041852
BFGS:   44 13:42:37     -204.982313        0.044160
BFGS:   45 13:42:37     -204.983173        0.044788
BFGS:   46 13:42:37     -204.983711        0.044782
BFGS:   47 13:42:37     -204.984860        0.044581
BFGS:   48 13:42:37     -204.987387        0.044124
BFGS:   49 13:42:37     -204.992186        0.043198
BFGS:   50 13:42:37     -204.998245        0.042683
BFGS:   51 13:42:37     -205.002242        0.050777
BFGS:   52 13:42:38     -205.003828        0.045624
BFGS:   53 13:42:38     -205.004713        0.037424
BFGS:   54 13:42:38     -205.005913        0.037189
BFGS:   55 13:42:38     -205.007397        0.036740
BFGS:   56 13:42:38     -205.008511        0.036224
BFGS:   57 13:42:38     -205.009060        0.035928
BFGS:   58 13:42:38     -205.009513        0.035742
BFGS:   59 13:42:38     -205.010509        0.035349
BFGS:   60 13:42:38     -205.012640        0.034471
BFGS:   61 13:42:39     -205.016529        0.032506
BFGS:   62 13:42:39     -205.020995        0.029422
BFGS:   63 13:42:39     -205.023536        0.027036
BFGS:   64 13:42:39     -205.024266        0.026625
BFGS:   65 13:42:39     -205.024560        0.026710
BFGS:   66 13:42:39     -205.025111        0.026752
BFGS:   67 13:42:39     -205.026348        0.026384
BFGS:   68 13:42:39     -205.028789        0.025150
BFGS:   69 13:42:40     -205.032281        0.041718
BFGS:   70 13:42:40     -205.035257        0.053063
BFGS:   71 13:42:40     -205.036944        0.052549
BFGS:   72 13:42:40     -205.038229        0.044589
BFGS:   73 13:42:40     -205.039942        0.033236
BFGS:   74 13:42:40     -205.042257        0.034755
BFGS:   75 13:42:40     -205.044367        0.034876
BFGS:   76 13:42:40     -205.045575        0.033835
BFGS:   77 13:42:41     -205.046325        0.032833
BFGS:   78 13:42:41     -205.047551        0.031645
BFGS:   79 13:42:41     -205.050143        0.030247
BFGS:   80 13:42:41     -205.054493        0.029461
BFGS:   81 13:42:41     -205.059059        0.031035
BFGS:   82 13:42:41     -205.061506        0.031849
BFGS:   83 13:42:41     -205.062173        0.032516
BFGS:   84 13:42:41     -205.062462        0.033244
BFGS:   85 13:42:42     -205.063028        0.034224
BFGS:   86 13:42:42     -205.064181        0.035282
BFGS:   87 13:42:42     -205.066183        0.035945
BFGS:   88 13:42:42     -205.068673        0.060606
BFGS:   89 13:42:42     -205.071010        0.076350
BFGS:   90 13:42:42     -205.073374        0.080741
BFGS:   91 13:42:42     -205.076964        0.076699
BFGS:   92 13:42:42     -205.083314        0.062258
BFGS:   93 13:42:43     -205.089505        0.045460
BFGS:   94 13:42:43     -205.095183        0.029288
BFGS:   95 13:42:43     -205.099596        0.030330
BFGS:   96 13:42:43     -205.100686        0.030596
BFGS:   97 13:42:43     -205.101001        0.030596
BFGS:   98 13:42:43     -205.101309        0.030500
BFGS:   99 13:42:43     -205.101956        0.030351
BFGS:  100 13:42:43     -205.102956        0.030047
BFGS:  101 13:42:44     -205.103916        0.029736
BFGS:  102 13:42:44     -205.104361        0.029503
BFGS:  103 13:42:44     -205.104533        0.029397
BFGS:  104 13:42:44     -205.104727        0.029195
BFGS:  105 13:42:44     -205.105195        0.028716
BFGS:  106 13:42:44     -205.106254        0.027416
BFGS:  107 13:42:44     -205.108370        0.024756
BFGS:  108 13:42:44     -205.111368        0.023163
BFGS:  109 13:42:44     -205.113774        0.020660
BFGS:  110 13:42:45     -205.114572        0.020093
BFGS:  111 13:42:45     -205.114729        0.019902
BFGS:  112 13:42:45     -205.114876        0.019758
BFGS:  113 13:42:45     -205.115247        0.019596
BFGS:  114 13:42:45     -205.116031        0.019371
BFGS:  115 13:42:45     -205.117368        0.019254
BFGS:  116 13:42:45     -205.118793        0.019328
BFGS:  117 13:42:45     -205.119656        0.020041
BFGS:  118 13:42:46     -205.120105        0.020098
BFGS:  119 13:42:46     -205.120664        0.020944
BFGS:  120 13:42:46     -205.121970        0.024244
BFGS:  121 13:42:46     -205.124826        0.027961
BFGS:  122 13:42:46     -205.129830        0.028145
BFGS:  123 13:42:46     -205.135405        0.029014
BFGS:  124 13:42:46     -205.140681        0.024493
BFGS:  125 13:42:46     -205.143507        0.024289
BFGS:  126 13:42:47     -205.144138        0.023493
BFGS:  127 13:42:47     -205.144390        0.022726
BFGS:  128 13:42:47     -205.144695        0.022003
BFGS:  129 13:42:47     -205.145364        0.021542
BFGS:  130 13:42:47     -205.146386        0.021674
BFGS:  131 13:42:47     -205.147258        0.022891
BFGS:  132 13:42:47     -205.147606        0.024031
BFGS:  133 13:42:47     -205.147711        0.024434
BFGS:  134 13:42:48     -205.147801        0.024562
BFGS:  135 13:42:48     -205.148022        0.024534
BFGS:  136 13:42:48     -205.148415        0.024164
BFGS:  137 13:42:48     -205.148942        0.023392
BFGS:  138 13:42:48     -205.149319        0.022554
BFGS:  139 13:42:48     -205.149471        0.022207
BFGS:  140 13:42:48     -205.149537        0.022165
BFGS:  141 13:42:48     -205.149636        0.022179
BFGS:  142 13:42:49     -205.149868        0.022035
BFGS:  143 13:42:49     -205.150357        0.021434
BFGS:  144 13:42:49     -205.151221        0.028805
BFGS:  145 13:42:49     -205.152270        0.044912
BFGS:  146 13:42:49     -205.153127        0.050545
BFGS:  147 13:42:49     -205.153812        0.045880
BFGS:  148 13:42:49     -205.154535        0.032910
BFGS:  149 13:42:49     -205.155255        0.014623
BFGS:  150 13:42:49     -205.155750        0.013705
BFGS:  151 13:42:50     -205.155965        0.013989
BFGS:  152 13:42:50     -205.156032        0.014018
BFGS:  153 13:42:50     -205.156092        0.013990
BFGS:  154 13:42:50     -205.156245        0.014058
BFGS:  155 13:42:50     -205.156526        0.014242
BFGS:  156 13:42:50     -205.156926        0.017838
BFGS:  157 13:42:50     -205.157211        0.019402
BFGS:  158 13:42:50     -205.157325        0.015176
BFGS:  159 13:42:51     -205.157377        0.015116
BFGS:  160 13:42:51     -205.157431        0.015115
BFGS:  161 13:42:51     -205.157516        0.015038
BFGS:  162 13:42:51     -205.157609        0.015049
BFGS:  163 13:42:51     -205.157686        0.016731
BFGS:  164 13:42:51     -205.157751        0.016804
BFGS:  165 13:42:51     -205.157846        0.016187
BFGS:  166 13:42:51     -205.158033        0.014894
BFGS:  167 13:42:52     -205.158323        0.014572
BFGS:  168 13:42:52     -205.158589        0.017297
BFGS:  169 13:42:52     -205.158725        0.016197
BFGS:  170 13:42:52     -205.158795        0.013681
BFGS:  171 13:42:52     -205.158872        0.013469
BFGS:  172 13:42:52     -205.159005        0.013278
BFGS:  173 13:42:52     -205.159187        0.013996
BFGS:  174 13:42:52     -205.159368        0.024147
BFGS:  175 13:42:53     -205.159520        0.029884
BFGS:  176 13:42:53     -205.159679        0.030516
BFGS:  177 13:42:53     -205.159968        0.027170
BFGS:  178 13:42:53     -205.160549        0.020819
BFGS:  179 13:42:53     -205.161287        0.014913
BFGS:  180 13:42:53     -205.161734        0.016500
BFGS:  181 13:42:53     -205.161898        0.013912
BFGS:  182 13:42:53     -205.161967        0.010442
BFGS:  183 13:42:54     -205.162043        0.007349
BFGS:  184 13:42:54     -205.162179        0.007105
BFGS:  185 13:42:54     -205.162353        0.012119
BFGS:  186 13:42:54     -205.162525        0.020285
BFGS:  187 13:42:54     -205.162667        0.023655
BFGS:  188 13:42:54     -205.162780        0.022297
BFGS:  189 13:42:54     -205.162943        0.017797
BFGS:  190 13:42:54     -205.163273        0.009751
BFGS:  191 13:42:55     -205.163572        0.010415
BFGS:  192 13:42:55     -205.163696        0.011120
BFGS:  193 13:42:55     -205.163743        0.009223
BFGS:  194 13:42:55     -205.163776        0.008448
BFGS:  195 13:42:55     -205.163818        0.008354
BFGS:  196 13:42:55     -205.163863        0.008515
BFGS:  197 13:42:55     -205.163897        0.008822
BFGS:  198 13:42:55     -205.163915        0.009090
BFGS:  199 13:42:55     -205.163929        0.009227
BFGS:  200 13:42:56     -205.163961        0.009407
BFGS:  201 13:42:56     -205.164017        0.009525
BFGS:  202 13:42:56     -205.164089        0.009482
BFGS:  203 13:42:56     -205.164141        0.009259
BFGS:  204 13:42:56     -205.164181        0.009461
BFGS:  205 13:42:56     -205.164239        0.010428
BFGS:  206 13:42:56     -205.164350        0.010653
BFGS:  207 13:42:56     -205.164550        0.009425
BFGS:  208 13:42:57     -205.164825        0.008755
BFGS:  209 13:42:57     -205.165098        0.010678
BFGS:  210 13:42:57     -205.165242        0.010796
BFGS:  211 13:42:57     -205.165287        0.009783
BFGS:  212 13:42:57     -205.165374        0.009452
BFGS:  213 13:42:57     -205.165490        0.009388
BFGS:  214 13:42:57     -205.165682        0.011990
BFGS:  215 13:42:57     -205.165826        0.014058
BFGS:  216 13:42:58     -205.165932        0.013810
BFGS:  217 13:42:58     -205.166045        0.013201
BFGS:  218 13:42:58     -205.166256        0.011688
BFGS:  219 13:42:58     -205.166672        0.012168
BFGS:  220 13:42:58     -205.167343        0.016111
BFGS:  221 13:42:58     -205.168352        0.024347
BFGS:  222 13:42:58     -205.169212        0.026146
BFGS:  223 13:42:58     -205.169546        0.021135
BFGS:  224 13:42:59     -205.169837        0.018845
BFGS:  225 13:42:59     -205.170242        0.015244
BFGS:  226 13:42:59     -205.170915        0.015362
BFGS:  227 13:42:59     -205.171648        0.024046
BFGS:  228 13:42:59     -205.172134        0.029239
BFGS:  229 13:42:59     -205.172490        0.027924
BFGS:  230 13:42:59     -205.172880        0.023332
BFGS:  231 13:42:59     -205.173479        0.018857
BFGS:  232 13:43:00     -205.174558        0.014364
BFGS:  233 13:43:00     -205.175657        0.016070
BFGS:  234 13:43:00     -205.176498        0.022191
BFGS:  235 13:43:00     -205.176962        0.024304
BFGS:  236 13:43:00     -205.177286        0.022743
BFGS:  237 13:43:00     -205.177562        0.020443
BFGS:  238 13:43:00     -205.178124        0.016013
BFGS:  239 13:43:00     -205.178973        0.015457
BFGS:  240 13:43:00     -205.179839        0.020295
BFGS:  241 13:43:01     -205.180548        0.020457
BFGS:  242 13:43:01     -205.181341        0.022750
BFGS:  243 13:43:01     -205.182694        0.024780
BFGS:  244 13:43:01     -205.184197        0.024579
BFGS:  245 13:43:01     -205.184927        0.022712
BFGS:  246 13:43:01     -205.185395        0.017842
BFGS:  247 13:43:01     -205.185634        0.012712
BFGS:  248 13:43:01     -205.185751        0.009320
BFGS:  249 13:43:02     -205.185831        0.009186
BFGS:  250 13:43:02     -205.185960        0.008936
BFGS:  251 13:43:02     -205.186303        0.009797
BFGS:  252 13:43:02     -205.186591        0.016857
BFGS:  253 13:43:02     -205.186827        0.023401
BFGS:  254 13:43:02     -205.186973        0.024718
BFGS:  255 13:43:02     -205.187133        0.022338
BFGS:  256 13:43:02     -205.187355        0.015145
BFGS:  257 13:43:03     -205.187589        0.009212
BFGS:  258 13:43:03     -205.187716        0.007135
BFGS:  259 13:43:03     -205.187752        0.005805
BFGS:  260 13:43:03     -205.187765        0.005121
BFGS:  261 13:43:03     -205.187785        0.004126
BFGS:  262 13:43:03     -205.187815        0.003504
BFGS:  263 13:43:03     -205.187843        0.003612
BFGS:  264 13:43:03     -205.187856        0.003835
BFGS:  265 13:43:04     -205.187861        0.003979
BFGS:  266 13:43:04     -205.187865        0.004067
BFGS:  267 13:43:04     -205.187872        0.004142
BFGS:  268 13:43:04     -205.187881        0.004155
BFGS:  269 13:43:04     -205.187888        0.004076
BFGS:  270 13:43:04     -205.187893        0.003970
BFGS:  271 13:43:04     -205.187896        0.003888
BFGS:  272 13:43:04     -205.187901        0.003818
BFGS:  273 13:43:05     -205.187910        0.003763
BFGS:  274 13:43:05     -205.187925        0.003752
BFGS:  275 13:43:05     -205.187943        0.003813
BFGS:  276 13:43:05     -205.187958        0.004817
BFGS:  277 13:43:05     -205.187970        0.004883
BFGS:  278 13:43:05     -205.187980        0.004260
BFGS:  279 13:43:05     -205.187994        0.004026
BFGS:  280 13:43:05     -205.188012        0.003966
BFGS:  281 13:43:06     -205.188030        0.003918
BFGS:  282 13:43:06     -205.188042        0.004695
BFGS:  283 13:43:06     -205.188051        0.004319
BFGS:  284 13:43:06     -205.188062        0.003918
BFGS:  285 13:43:06     -205.188083        0.004464
BFGS:  286 13:43:06     -205.188114        0.004490
BFGS:  287 13:43:06     -205.188149        0.006910
BFGS:  288 13:43:06     -205.188177        0.007853
BFGS:  289 13:43:07     -205.188199        0.008399
BFGS:  290 13:43:07     -205.188231        0.009519
BFGS:  291 13:43:07     -205.188293        0.009753
BFGS:  292 13:43:07     -205.188395        0.008076
BFGS:  293 13:43:07     -205.188516        0.010097
BFGS:  294 13:43:07     -205.188611        0.012029
BFGS:  295 13:43:07     -205.188681        0.012980
BFGS:  296 13:43:07     -205.188771        0.013305
BFGS:  297 13:43:07     -205.188945        0.013437
BFGS:  298 13:43:08     -205.189246        0.013203
BFGS:  299 13:43:08     -205.189592        0.011813
BFGS:  300 13:43:08     -205.189819        0.013002
BFGS:  301 13:43:08     -205.189935        0.013977
BFGS:  302 13:43:08     -205.190032        0.013618
BFGS:  303 13:43:08     -205.190214        0.011917
BFGS:  304 13:43:08     -205.190511        0.011774
BFGS:  305 13:43:08     -205.190856        0.012044
BFGS:  306 13:43:09     -205.191055        0.011991
BFGS:  307 13:43:09     -205.191113        0.009704
BFGS:  308 13:43:09     -205.191142        0.007696
BFGS:  309 13:43:09     -205.191190        0.004979
BFGS:  310 13:43:09     -205.191257        0.004242
BFGS:  311 13:43:09     -205.191333        0.009144
BFGS:  312 13:43:09     -205.191393        0.013499
BFGS:  313 13:43:09     -205.191434        0.012334
BFGS:  314 13:43:10     -205.191487        0.006577
BFGS:  315 13:43:10     -205.191512        0.004244
BFGS:  316 13:43:10     -205.191531        0.002824
BFGS:  317 13:43:10     -205.191536        0.002574
BFGS:  318 13:43:10     -205.191541        0.002325
BFGS:  319 13:43:10     -205.191552        0.002072
BFGS:  320 13:43:10     -205.191561        0.001990
BFGS:  321 13:43:10     -205.191565        0.001196
BFGS:  322 13:43:11     -205.191566        0.001121
BFGS:  323 13:43:11     -205.191567        0.001116
BFGS:  324 13:43:11     -205.191568        0.001192
BFGS:  325 13:43:11     -205.191570        0.001089
BFGS:  326 13:43:11     -205.191572        0.000789
