      Step     Time          Energy          fmax
BFGS:    0 22:48:10      637.227211       86.405265
BFGS:    1 22:48:10      282.517534       31.834684
BFGS:    2 22:48:10      181.071164       20.345170
BFGS:    3 22:48:11      116.755503       11.058316
BFGS:    4 22:48:11       82.650627       10.007183
BFGS:    5 22:48:11       58.997409        9.471269
BFGS:    6 22:48:11       41.023777        9.073059
BFGS:    7 22:48:11       27.384009        8.785250
BFGS:    8 22:48:11       17.080919        8.565063
BFGS:    9 22:48:11        9.265203        8.380262
BFGS:   10 22:48:12        2.903090        8.209639
BFGS:   11 22:48:12       -2.780584        8.042278
BFGS:   12 22:48:12       -8.204735        7.876488
BFGS:   13 22:48:12      -13.545136        7.712523
BFGS:   14 22:48:12      -18.861982        7.550619
BFGS:   15 22:48:12      -24.167935        7.386803
BFGS:   16 22:48:12      -29.450618        7.218624
BFGS:   17 22:48:14      -34.688957        7.047715
BFGS:   18 22:48:14      -39.862707        6.877715
BFGS:   19 22:48:14      -44.952014        6.709066
BFGS:   20 22:48:14      -49.934327        6.541031
BFGS:   21 22:48:14      -54.792490        6.375171
BFGS:   22 22:48:14      -59.517123        6.214290
BFGS:   23 22:48:15      -64.100199        6.056942
BFGS:   24 22:48:15      -68.531675        5.898604
BFGS:   25 22:48:15      -72.805316        5.739891
BFGS:   26 22:48:15      -76.920732        5.584622
BFGS:   27 22:48:15      -80.878526        5.435561
BFGS:   28 22:48:15      -84.677942        5.290696
BFGS:   29 22:48:15      -88.318799        5.147297
BFGS:   30 22:48:16      -91.803797        5.004791
BFGS:   31 22:48:18      -95.137760        4.864141
BFGS:   32 22:48:18      -98.326958        4.726784
BFGS:   33 22:48:18     -101.377226        4.592297
BFGS:   34 22:48:18     -104.291292        4.457828
BFGS:   35 22:48:18     -107.069757        4.322421
BFGS:   36 22:48:19     -109.714451        4.188506
BFGS:   37 22:48:19     -112.229599        4.058999
BFGS:   38 22:48:19     -114.620482        3.934709
BFGS:   39 22:48:19     -116.891888        3.813858
BFGS:   40 22:48:19     -119.048832        3.695897
BFGS:   41 22:48:19     -121.097372        3.581281
BFGS:   42 22:48:19     -123.044388        3.470570
BFGS:   43 22:48:20     -124.897307        3.364116
BFGS:   44 22:48:20     -126.663426        3.261793
BFGS:   45 22:48:20     -128.349245        3.163307
BFGS:   46 22:48:20     -129.960037        3.068384
BFGS:   47 22:48:20     -131.500258        2.977168
BFGS:   48 22:48:20     -132.973917        2.889886
BFGS:   49 22:48:20     -134.384661        2.806449
BFGS:   50 22:48:21     -135.735648        2.726228
BFGS:   51 22:48:21     -137.029444        2.648483
BFGS:   52 22:48:21     -138.268066        2.572689
BFGS:   53 22:48:21     -139.453060        2.498534
BFGS:   54 22:48:21     -140.586070        2.426277
BFGS:   55 22:48:21     -141.668970        2.356281
BFGS:   56 22:48:21     -142.703891        2.288821
BFGS:   57 22:48:21     -143.693144        2.224078
BFGS:   58 22:48:22     -144.639168        2.162229
BFGS:   59 22:48:22     -145.544380        2.103404
BFGS:   60 22:48:22     -146.411209        2.047269
BFGS:   61 22:48:22     -147.241704        1.993223
BFGS:   62 22:48:22     -148.037693        1.941199
BFGS:   63 22:48:22     -148.801038        1.891070
BFGS:   64 22:48:26     -149.533565        1.842628
BFGS:   65 22:48:26     -150.237014        1.795557
BFGS:   66 22:48:26     -150.912990        1.749421
BFGS:   67 22:48:26     -151.562938        1.703728
BFGS:   68 22:48:26     -152.188162        1.658100
BFGS:   69 22:48:27     -152.789918        1.612467
BFGS:   70 22:48:27     -153.369538        1.567257
BFGS:   71 22:48:27     -153.928426        1.522880
BFGS:   72 22:48:27     -154.468083        1.479751
BFGS:   73 22:48:27     -154.990043        1.438198
BFGS:   74 22:48:27     -155.495785        1.398403
BFGS:   75 22:48:27     -155.986658        1.360391
BFGS:   76 22:48:27     -156.463834        1.324042
BFGS:   77 22:48:28     -156.928237        1.288869
BFGS:   78 22:48:28     -157.380587        1.254594
BFGS:   79 22:48:28     -157.821499        1.221050
BFGS:   80 22:48:28     -158.251513        1.188093
BFGS:   81 22:48:28     -158.671125        1.155612
BFGS:   82 22:48:28     -159.080809        1.123529
BFGS:   83 22:48:34     -159.481028        1.091828
BFGS:   84 22:48:34     -159.872280        1.060594
BFGS:   85 22:48:35     -160.255039        1.029884
BFGS:   86 22:48:35     -160.629728        0.999723
BFGS:   87 22:48:35     -160.996693        0.970112
BFGS:   88 22:48:35     -161.356210        0.968260
BFGS:   89 22:48:35     -161.708493        0.971094
BFGS:   90 22:48:35     -162.053729        0.972374
BFGS:   91 22:48:35     -162.392107        0.972125
BFGS:   92 22:48:36     -162.723821        0.970397
BFGS:   93 22:48:36     -163.049058        0.967257
BFGS:   94 22:48:36     -163.367974        0.962786
BFGS:   95 22:48:36     -163.680671        0.957065
BFGS:   96 22:48:36     -163.987188        0.950174
BFGS:   97 22:48:39     -164.287511        0.942184
BFGS:   98 22:48:39     -164.581587        0.933161
BFGS:   99 22:48:40     -164.869408        0.923218
BFGS:  100 22:48:40     -165.150996        0.912487
BFGS:  101 22:48:40     -165.426378        0.901048
BFGS:  102 22:48:40     -165.695591        0.888966
BFGS:  103 22:48:40     -165.958677        0.876307
BFGS:  104 22:48:40     -166.215693        0.863140
BFGS:  105 22:48:40     -166.466708        0.849534
BFGS:  106 22:48:40     -166.711806        0.835555
BFGS:  107 22:48:41     -166.951086        0.821265
BFGS:  108 22:48:41     -167.184658        0.806724
BFGS:  109 22:48:41     -167.412643        0.791985
BFGS:  110 22:48:41     -167.635174        0.777096
BFGS:  111 22:48:41     -167.852383        0.762102
BFGS:  112 22:48:41     -168.064419        0.747042
BFGS:  113 22:48:41     -168.271430        0.731942
BFGS:  114 22:48:41     -168.473561        0.716809
BFGS:  115 22:48:42     -168.670971        0.701672
BFGS:  116 22:48:42     -168.863826        0.686558
BFGS:  117 22:48:42     -169.052297        0.671495
BFGS:  118 22:48:42     -169.236559        0.656512
BFGS:  119 22:48:42     -169.416800        0.641637
BFGS:  120 22:48:42     -169.593216        0.626900
BFGS:  121 22:48:42     -169.766010        0.612330
BFGS:  122 22:48:42     -169.935386        0.597955
BFGS:  123 22:48:43     -170.101527        0.583799
BFGS:  124 22:48:43     -170.264583        0.569884
BFGS:  125 22:48:43     -170.424653        0.556222
BFGS:  126 22:48:43     -170.581806        0.542820
BFGS:  127 22:48:43     -170.736118        0.529678
BFGS:  128 22:48:43     -170.887730        0.516802
BFGS:  129 22:48:43     -171.036866        0.504200
BFGS:  130 22:48:44     -171.183795        0.491889
BFGS:  131 22:48:44     -171.328776        0.479884
BFGS:  132 22:48:44     -171.472003        0.468198
BFGS:  133 22:48:44     -171.613584        0.458108
BFGS:  134 22:48:44     -171.753526        0.458364
BFGS:  135 22:48:44     -171.891763        0.458518
BFGS:  136 22:48:44     -172.028257        0.458599
BFGS:  137 22:48:44     -172.163163        0.458544
BFGS:  138 22:48:45     -172.296921        0.458148
BFGS:  139 22:48:45     -172.430157        0.457138
BFGS:  140 22:48:45     -172.563424        0.455367
BFGS:  141 22:48:45     -172.697005        0.452953
BFGS:  142 22:48:45     -172.830879        0.450199
BFGS:  143 22:48:45     -172.964817        0.447392
BFGS:  144 22:48:45     -173.098508        0.444663
BFGS:  145 22:48:45     -173.231680        0.442015
BFGS:  146 22:48:46     -173.364215        0.439358
BFGS:  147 22:48:46     -173.496640        0.436464
BFGS:  148 22:48:46     -173.629113        0.433367
BFGS:  149 22:48:46     -173.761700        0.430113
BFGS:  150 22:48:46     -173.894531        0.426716
BFGS:  151 22:48:46     -174.027802        0.423172
BFGS:  152 22:48:46     -174.161719        0.419549
BFGS:  153 22:48:46     -174.296439        0.415851
BFGS:  154 22:48:47     -174.432039        0.414524
BFGS:  155 22:48:47     -174.568452        0.424703
BFGS:  156 22:48:47     -174.705442        0.435086
BFGS:  157 22:48:47     -174.842777        0.445621
BFGS:  158 22:48:47     -174.980453        0.455907
BFGS:  159 22:48:47     -175.118715        0.465862
BFGS:  160 22:48:47     -175.257815        0.475498
BFGS:  161 22:48:47     -175.397714        0.484851
BFGS:  162 22:48:48     -175.538536        0.494066
BFGS:  163 22:48:48     -175.681640        0.503352
BFGS:  164 22:48:48     -175.826505        0.512966
BFGS:  165 22:48:48     -175.970933        0.523110
BFGS:  166 22:48:48     -176.115214        0.534070
BFGS:  167 22:48:48     -176.260082        0.546063
BFGS:  168 22:48:48     -176.406486        0.559181
BFGS:  169 22:48:48     -176.555248        0.573278
BFGS:  170 22:48:49     -176.706509        0.587823
BFGS:  171 22:48:49     -176.863701        0.602036
BFGS:  172 22:48:49     -177.028776        0.614892
BFGS:  173 22:48:49     -177.200688        0.625763
BFGS:  174 22:48:49     -177.376560        0.635277
BFGS:  175 22:48:49     -177.553977        0.645160
BFGS:  176 22:48:50     -177.732990        0.656954
BFGS:  177 22:48:51     -177.915868        0.671141
BFGS:  178 22:48:51     -178.105275        0.687181
BFGS:  179 22:48:51     -178.302979        0.703594
BFGS:  180 22:48:51     -178.510227        0.718418
BFGS:  181 22:48:51     -178.726730        0.731496
BFGS:  182 22:48:51     -178.951198        0.747119
BFGS:  183 22:48:51     -179.186017        0.771741
BFGS:  184 22:48:51     -179.440786        0.806816
BFGS:  185 22:48:52     -179.729905        0.846641
BFGS:  186 22:48:52     -180.065095        0.879961
BFGS:  187 22:48:52     -180.445152        0.897054
BFGS:  188 22:48:52     -180.854416        0.906492
BFGS:  189 22:48:52     -181.279220        0.912380
BFGS:  190 22:48:56     -181.712945        0.914874
BFGS:  191 22:48:56     -182.143530        0.913272
BFGS:  192 22:48:56     -182.564548        0.906986
BFGS:  193 22:48:56     -182.968620        0.894827
BFGS:  194 22:48:56     -183.349359        0.875563
BFGS:  195 22:48:56     -183.702884        0.848516
BFGS:  196 22:48:56     -184.025724        0.812791
BFGS:  197 22:48:56     -184.315325        0.765128
BFGS:  198 22:48:57     -184.570752        0.704350
BFGS:  199 22:48:57     -184.793970        0.631631
BFGS:  200 22:48:57     -184.990745        0.570729
BFGS:  201 22:48:57     -185.169861        0.509919
BFGS:  202 22:48:57     -185.341261        0.546379
BFGS:  203 22:48:57     -185.513641        0.558567
BFGS:  204 22:48:57     -185.692899        0.545197
BFGS:  205 22:48:57     -185.882762        0.507301
BFGS:  206 22:48:58     -186.086870        0.445437
BFGS:  207 22:48:58     -186.310713        0.451623
BFGS:  208 22:48:58     -186.559451        0.480547
BFGS:  209 22:48:58     -186.838197        0.484288
BFGS:  210 22:48:58     -187.134934        0.429102
BFGS:  211 22:48:58     -187.378753        0.439793
BFGS:  212 22:48:58     -187.522598        0.408334
BFGS:  213 22:48:58     -187.779365        0.345005
BFGS:  214 22:48:59     -187.986519        0.367913
BFGS:  215 22:48:59     -188.154860        0.439241
BFGS:  216 22:48:59     -188.357548        0.495945
BFGS:  217 22:48:59     -188.509482        0.497794
BFGS:  218 22:49:03     -188.650532        0.483773
BFGS:  219 22:49:03     -188.791083        0.467886
BFGS:  220 22:49:03     -188.936716        0.456940
BFGS:  221 22:49:03     -189.089923        0.477197
BFGS:  222 22:49:03     -189.250685        0.497479
BFGS:  223 22:49:03     -189.418127        0.517929
BFGS:  224 22:49:03     -189.588729        0.537997
BFGS:  225 22:49:03     -189.758674        0.555625
BFGS:  226 22:49:04     -189.926798        0.570673
BFGS:  227 22:49:04     -190.092535        0.585198
BFGS:  228 22:49:04     -190.256475        0.601493
BFGS:  229 22:49:04     -190.418250        0.618736
BFGS:  230 22:49:04     -190.578347        0.634736
BFGS:  231 22:49:04     -190.737175        0.649401
BFGS:  232 22:49:04     -190.894258        0.663048
BFGS:  233 22:49:04     -191.049096        0.674966
BFGS:  234 22:49:05     -191.201627        0.683512
BFGS:  235 22:49:05     -191.352333        0.689532
BFGS:  236 22:49:05     -191.501285        0.693854
BFGS:  237 22:49:05     -191.649024        0.697759
BFGS:  238 22:49:05     -191.795652        0.702223
BFGS:  239 22:49:05     -191.941148        0.707009
BFGS:  240 22:49:05     -192.085913        0.710470
BFGS:  241 22:49:06     -192.230486        0.710973
BFGS:  242 22:49:07     -192.376252        0.708552
BFGS:  243 22:49:07     -192.523462        0.702957
BFGS:  244 22:49:07     -192.671098        0.694224
BFGS:  245 22:49:07     -192.818535        0.682687
BFGS:  246 22:49:07     -192.966756        0.668636
BFGS:  247 22:49:07     -193.118494        0.669149
BFGS:  248 22:49:07     -193.275213        0.677507
BFGS:  249 22:49:07     -193.436842        0.685843
BFGS:  250 22:49:08     -193.603026        0.693281
BFGS:  251 22:49:08     -193.773853        0.699018
BFGS:  252 22:49:08     -193.951540        0.702990
BFGS:  253 22:49:08     -194.145095        0.706303
BFGS:  254 22:49:08     -194.373822        0.709054
BFGS:  255 22:49:11     -194.663464        0.708279
BFGS:  256 22:49:11     -195.034758        0.697716
BFGS:  257 22:49:11     -195.473154        0.650042
BFGS:  258 22:49:11     -195.784289        0.587654
BFGS:  259 22:49:11     -196.032137        0.504930
BFGS:  260 22:49:12     -196.256799        0.408779
BFGS:  261 22:49:12     -196.463513        0.402497
BFGS:  262 22:49:12     -196.664287        0.397930
BFGS:  263 22:49:12     -196.836127        0.386579
BFGS:  264 22:49:12     -197.000170        0.617743
BFGS:  265 22:49:12     -197.199977        0.554082
BFGS:  266 22:49:12     -197.587757        0.724286
BFGS:  267 22:49:12     -197.835703        0.499503
BFGS:  268 22:49:13     -198.025650        0.322531
BFGS:  269 22:49:13     -198.135170        0.273974
BFGS:  270 22:49:13     -198.196875        0.273636
BFGS:  271 22:49:13     -198.258751        0.317617
BFGS:  272 22:49:13     -198.325060        0.359089
BFGS:  273 22:49:13     -198.396355        0.383634
BFGS:  274 22:49:13     -198.472713        0.386174
BFGS:  275 22:49:13     -198.553979        0.363673
BFGS:  276 22:49:14     -198.638932        0.311736
BFGS:  277 22:49:14     -198.725145        0.236351
BFGS:  278 22:49:14     -198.811007        0.285042
BFGS:  279 22:49:14     -198.861862        0.271329
BFGS:  280 22:49:14     -198.928506        0.309611
BFGS:  281 22:49:14     -198.976069        0.323264
BFGS:  282 22:49:14     -199.043966        0.203892
BFGS:  283 22:49:14     -199.096918        0.136272
BFGS:  284 22:49:15     -199.140751        0.210317
BFGS:  285 22:49:15     -199.176657        0.294726
BFGS:  286 22:49:15     -199.214282        0.331348
BFGS:  287 22:49:15     -199.253902        0.333526
BFGS:  288 22:49:15     -199.293967        0.306453
BFGS:  289 22:49:15     -199.332125        0.250911
BFGS:  290 22:49:15     -199.365917        0.163666
BFGS:  291 22:49:15     -199.393595        0.155583
BFGS:  292 22:49:15     -199.410297        0.195105
BFGS:  293 22:49:16     -199.448599        0.251831
BFGS:  294 22:49:16     -199.495318        0.285105
BFGS:  295 22:49:16     -199.570184        0.342473
BFGS:  296 22:49:16     -199.656769        0.260342
BFGS:  297 22:49:16     -199.705945        0.186082
BFGS:  298 22:49:16     -199.727324        0.179207
BFGS:  299 22:49:16     -199.765836        0.207861
BFGS:  300 22:49:16     -199.813729        0.253265
BFGS:  301 22:49:17     -199.876936        0.268180
BFGS:  302 22:49:17     -199.941027        0.168354
BFGS:  303 22:49:17     -199.970317        0.118362
BFGS:  304 22:49:17     -199.993551        0.109157
BFGS:  305 22:49:17     -200.004363        0.110616
BFGS:  306 22:49:17     -200.021891        0.129268
BFGS:  307 22:49:17     -200.051809        0.130606
BFGS:  308 22:49:17     -200.101291        0.129918
BFGS:  309 22:49:18     -200.133003        0.167228
BFGS:  310 22:49:18     -200.160323        0.190806
BFGS:  311 22:49:18     -200.185789        0.210272
BFGS:  312 22:49:18     -200.211546        0.229077
BFGS:  313 22:49:18     -200.241180        0.249187
BFGS:  314 22:49:18     -200.276337        0.269134
BFGS:  315 22:49:18     -200.313639        0.286062
BFGS:  316 22:49:18     -200.368525        0.317942
BFGS:  317 22:49:19     -200.435935        0.320704
BFGS:  318 22:49:19     -200.489749        0.335088
BFGS:  319 22:49:19     -200.604929        0.486058
BFGS:  320 22:49:19     -200.705522        0.520096
BFGS:  321 22:49:19     -200.800881        0.527550
BFGS:  322 22:49:19     -200.898521        0.517027
BFGS:  323 22:49:19     -200.995617        0.501212
BFGS:  324 22:49:19     -201.091707        0.451506
BFGS:  325 22:49:20     -201.190624        0.352364
BFGS:  326 22:49:20     -201.302450        0.239165
BFGS:  327 22:49:20     -201.418382        0.221287
BFGS:  328 22:49:20     -201.530547        0.299101
BFGS:  329 22:49:20     -201.661609        0.373943
BFGS:  330 22:49:29     -201.754160        0.377720
BFGS:  331 22:49:29     -201.830974        0.217951
BFGS:  332 22:49:29     -201.889617        0.164827
BFGS:  333 22:49:29     -201.944341        0.185296
BFGS:  334 22:49:30     -201.969305        0.185667
BFGS:  335 22:49:30     -201.997489        0.155265
BFGS:  336 22:49:30     -202.017472        0.142186
BFGS:  337 22:49:30     -202.055724        0.221305
BFGS:  338 22:49:30     -202.101375        0.282110
BFGS:  339 22:49:30     -202.162264        0.294411
BFGS:  340 22:49:30     -202.217471        0.237747
BFGS:  341 22:49:30     -202.258474        0.202679
BFGS:  342 22:49:31     -202.287550        0.209284
BFGS:  343 22:49:31     -202.308473        0.219713
BFGS:  344 22:49:31     -202.322282        0.225280
BFGS:  345 22:49:31     -202.341709        0.219134
BFGS:  346 22:49:31     -202.376081        0.207742
BFGS:  347 22:49:31     -202.416821        0.185811
BFGS:  348 22:49:31     -202.458282        0.156791
BFGS:  349 22:49:31     -202.501590        0.159708
BFGS:  350 22:49:32     -202.553305        0.194262
BFGS:  351 22:49:32     -202.578682        0.165095
BFGS:  352 22:49:32     -202.603309        0.155991
BFGS:  353 22:49:32     -202.623428        0.150829
BFGS:  354 22:49:32     -202.655452        0.149277
BFGS:  355 22:49:32     -202.699689        0.203148
BFGS:  356 22:49:32     -202.748443        0.245006
BFGS:  357 22:49:32     -202.790893        0.198754
BFGS:  358 22:49:33     -202.818708        0.111017
BFGS:  359 22:49:33     -202.835864        0.092934
BFGS:  360 22:49:33     -202.847822        0.094122
BFGS:  361 22:49:33     -202.859171        0.094643
BFGS:  362 22:49:33     -202.875974        0.086036
BFGS:  363 22:49:33     -202.901235        0.108535
BFGS:  364 22:49:33     -202.936082        0.134378
BFGS:  365 22:49:33     -202.967315        0.114862
BFGS:  366 22:49:34     -202.980354        0.067252
BFGS:  367 22:49:34     -202.983453        0.065481
BFGS:  368 22:49:34     -202.984818        0.064614
BFGS:  369 22:49:34     -202.986691        0.063970
BFGS:  370 22:49:34     -202.990210        0.070141
BFGS:  371 22:49:34     -202.997088        0.100290
BFGS:  372 22:49:34     -203.008816        0.120157
BFGS:  373 22:49:34     -203.022122        0.097687
BFGS:  374 22:49:35     -203.030428        0.055397
BFGS:  375 22:49:35     -203.033443        0.055831
BFGS:  376 22:49:35     -203.034180        0.055555
BFGS:  377 22:49:35     -203.035240        0.054995
BFGS:  378 22:49:35     -203.037859        0.053816
BFGS:  379 22:49:35     -203.041663        0.052580
BFGS:  380 22:49:35     -203.045692        0.051873
BFGS:  381 22:49:35     -203.048442        0.051947
BFGS:  382 22:49:36     -203.049880        0.052419
BFGS:  383 22:49:36     -203.050748        0.052808
BFGS:  384 22:49:36     -203.052030        0.053147
BFGS:  385 22:49:36     -203.054362        0.053303
BFGS:  386 22:49:36     -203.058830        0.053062
BFGS:  387 22:49:36     -203.066320        0.051936
BFGS:  388 22:49:36     -203.075916        0.049669
BFGS:  389 22:49:36     -203.084345        0.047218
BFGS:  390 22:49:37     -203.088412        0.048170
BFGS:  391 22:49:37     -203.089420        0.050475
BFGS:  392 22:49:37     -203.090469        0.052497
BFGS:  393 22:49:37     -203.092752        0.055373
BFGS:  394 22:49:37     -203.097735        0.059145
BFGS:  395 22:49:37     -203.107924        0.071578
BFGS:  396 22:49:37     -203.122602        0.082864
BFGS:  397 22:49:37     -203.135693        0.070356
BFGS:  398 22:49:38     -203.145858        0.071842
BFGS:  399 22:49:38     -203.152676        0.077872
BFGS:  400 22:49:38     -203.156838        0.079410
BFGS:  401 22:49:38     -203.159691        0.075727
BFGS:  402 22:49:38     -203.171145        0.061239
BFGS:  403 22:49:38     -203.184814        0.072083
BFGS:  404 22:49:38     -203.199154        0.065564
BFGS:  405 22:49:38     -203.212220        0.044013
BFGS:  406 22:49:39     -203.219634        0.037808
BFGS:  407 22:49:39     -203.220964        0.040598
BFGS:  408 22:49:39     -203.221655        0.042157
BFGS:  409 22:49:39     -203.222374        0.041462
BFGS:  410 22:49:39     -203.224574        0.044696
BFGS:  411 22:49:39     -203.229016        0.048859
BFGS:  412 22:49:39     -203.236722        0.051008
BFGS:  413 22:49:39     -203.244603        0.054300
BFGS:  414 22:49:41     -203.248137        0.052889
BFGS:  415 22:49:41     -203.249460        0.044266
BFGS:  416 22:49:41     -203.250316        0.038979
BFGS:  417 22:49:42     -203.251766        0.032323
BFGS:  418 22:49:42     -203.253935        0.029862
BFGS:  419 22:49:42     -203.255477        0.030976
BFGS:  420 22:49:42     -203.256184        0.032542
BFGS:  421 22:49:42     -203.256589        0.033169
BFGS:  422 22:49:42     -203.257305        0.033713
BFGS:  423 22:49:42     -203.258565        0.032122
BFGS:  424 22:49:42     -203.260361        0.043004
BFGS:  425 22:49:43     -203.261995        0.050787
BFGS:  426 22:49:43     -203.263072        0.047922
BFGS:  427 22:49:43     -203.263787        0.037048
BFGS:  428 22:49:43     -203.264326        0.024152
BFGS:  429 22:49:43     -203.264752        0.024858
BFGS:  430 22:49:46     -203.265116        0.032893
BFGS:  431 22:49:46     -203.265576        0.039391
BFGS:  432 22:49:46     -203.266431        0.044971
BFGS:  433 22:49:46     -203.268245        0.050091
BFGS:  434 22:49:47     -203.272190        0.054261
BFGS:  435 22:49:47     -203.277402        0.055626
BFGS:  436 22:49:47     -203.282984        0.058865
BFGS:  437 22:49:47     -203.295780        0.072056
BFGS:  438 22:49:47     -203.306268        0.073144
BFGS:  439 22:49:47     -203.317748        0.068103
BFGS:  440 22:49:47     -203.328293        0.077578
BFGS:  441 22:49:47     -203.336401        0.081470
BFGS:  442 22:49:48     -203.343723        0.070780
BFGS:  443 22:49:48     -203.348512        0.060431
BFGS:  444 22:49:48     -203.351273        0.053971
BFGS:  445 22:49:48     -203.352851        0.050736
BFGS:  446 22:49:48     -203.356634        0.038646
BFGS:  447 22:49:48     -203.359157        0.038901
BFGS:  448 22:49:48     -203.360402        0.038001
BFGS:  449 22:49:49     -203.360949        0.037381
BFGS:  450 22:49:49     -203.361561        0.036968
BFGS:  451 22:49:49     -203.362449        0.038945
BFGS:  452 22:49:49     -203.363515        0.050562
BFGS:  453 22:49:49     -203.364429        0.046814
BFGS:  454 22:49:49     -203.365034        0.035892
BFGS:  455 22:49:49     -203.365469        0.035131
BFGS:  456 22:49:49     -203.365943        0.034147
BFGS:  457 22:49:50     -203.366627        0.038131
BFGS:  458 22:49:50     -203.367576        0.053859
BFGS:  459 22:49:50     -203.368764        0.056678
BFGS:  460 22:49:50     -203.370115        0.054181
BFGS:  461 22:49:50     -203.371555        0.049797
BFGS:  462 22:49:50     -203.372952        0.049127
BFGS:  463 22:49:50     -203.374157        0.033787
BFGS:  464 22:49:50     -203.375092        0.037018
BFGS:  465 22:49:51     -203.375918        0.044512
BFGS:  466 22:49:51     -203.376907        0.042328
BFGS:  467 22:49:51     -203.378241        0.051058
BFGS:  468 22:49:51     -203.379807        0.048555
BFGS:  469 22:49:51     -203.381094        0.042422
BFGS:  470 22:49:51     -203.381835        0.027313
BFGS:  471 22:49:51     -203.382255        0.023542
BFGS:  472 22:49:51     -203.382627        0.023538
BFGS:  473 22:49:52     -203.383153        0.030099
BFGS:  474 22:49:52     -203.383922        0.041876
BFGS:  475 22:49:52     -203.384849        0.039469
BFGS:  476 22:49:52     -203.385577        0.022593
BFGS:  477 22:49:52     -203.385935        0.019630
BFGS:  478 22:49:52     -203.386085        0.019961
BFGS:  479 22:49:52     -203.386203        0.020418
BFGS:  480 22:49:52     -203.386409        0.020819
BFGS:  481 22:49:53     -203.386745        0.021032
BFGS:  482 22:49:53     -203.387158        0.020438
BFGS:  483 22:49:53     -203.387467        0.019329
BFGS:  484 22:49:53     -203.387626        0.018325
BFGS:  485 22:49:53     -203.387741        0.017757
BFGS:  486 22:49:53     -203.387939        0.017375
BFGS:  487 22:49:53     -203.388314        0.021424
BFGS:  488 22:49:53     -203.388901        0.029210
BFGS:  489 22:49:54     -203.389530        0.029274
BFGS:  490 22:49:54     -203.389994        0.021614
BFGS:  491 22:49:54     -203.390368        0.023625
BFGS:  492 22:49:54     -203.390923        0.024896
BFGS:  493 22:49:54     -203.392057        0.034161
BFGS:  494 22:49:54     -203.394316        0.067103
BFGS:  495 22:49:54     -203.398111        0.098499
BFGS:  496 22:49:54     -203.402205        0.109341
BFGS:  497 22:49:55     -203.406460        0.106036
BFGS:  498 22:49:55     -203.410876        0.106068
BFGS:  499 22:49:55     -203.415695        0.111655
BFGS:  500 22:49:55     -203.425585        0.106617
BFGS:  501 22:49:55     -203.430297        0.095182
BFGS:  502 22:49:55     -203.434244        0.066706
BFGS:  503 22:49:55     -203.438671        0.053377
BFGS:  504 22:49:55     -203.442366        0.056542
BFGS:  505 22:49:56     -203.445375        0.067288
BFGS:  506 22:49:56     -203.447923        0.074709
BFGS:  507 22:49:56     -203.450514        0.075890
BFGS:  508 22:49:56     -203.453230        0.083392
BFGS:  509 22:49:56     -203.456144        0.089191
BFGS:  510 22:49:56     -203.459036        0.092271
BFGS:  511 22:49:56     -203.461833        0.094854
BFGS:  512 22:49:56     -203.464680        0.096392
BFGS:  513 22:49:57     -203.467616        0.096819
BFGS:  514 22:49:57     -203.470612        0.098753
BFGS:  515 22:49:57     -203.474223        0.099873
BFGS:  516 22:49:57     -203.478378        0.101190
BFGS:  517 22:49:57     -203.482341        0.104691
BFGS:  518 22:49:58     -203.487145        0.080337
BFGS:  519 22:49:58     -203.470806        0.208898
BFGS:  520 22:49:58     -203.493098        0.133173
BFGS:  521 22:49:59     -203.507536        0.058335
BFGS:  522 22:49:59     -203.512396        0.055906
BFGS:  523 22:49:59     -203.516771        0.051300
BFGS:  524 22:49:59     -203.521692        0.050775
BFGS:  525 22:49:59     -203.525723        0.058696
BFGS:  526 22:49:59     -203.529958        0.069143
BFGS:  527 22:49:59     -203.534335        0.052502
BFGS:  528 22:50:00     -203.538146        0.104633
BFGS:  529 22:50:00     -203.540482        0.060864
BFGS:  530 22:50:00     -203.542563        0.036334
BFGS:  531 22:50:00     -203.544380        0.042287
BFGS:  532 22:50:00     -203.545079        0.036389
BFGS:  533 22:50:00     -203.546481        0.036380
BFGS:  534 22:50:03     -203.548282        0.040517
BFGS:  535 22:50:04     -203.550520        0.045582
BFGS:  536 22:50:04     -203.553535        0.039722
BFGS:  537 22:50:04     -203.556259        0.040233
BFGS:  538 22:50:04     -203.558039        0.043886
BFGS:  539 22:50:04     -203.559222        0.037808
BFGS:  540 22:50:04     -203.560401        0.035698
BFGS:  541 22:50:04     -203.561843        0.041882
BFGS:  542 22:50:04     -203.563656        0.046152
BFGS:  543 22:50:05     -203.565701        0.051585
BFGS:  544 22:50:05     -203.567972        0.052479
BFGS:  545 22:50:05     -203.570144        0.045721
BFGS:  546 22:50:05     -203.571935        0.056447
BFGS:  547 22:50:05     -203.573634        0.053539
BFGS:  548 22:50:05     -203.575753        0.045898
BFGS:  549 22:50:05     -203.578969        0.064507
BFGS:  550 22:50:05     -203.582796        0.076325
BFGS:  551 22:50:06     -203.588127        0.084894
BFGS:  552 22:50:06     -203.594954        0.092500
BFGS:  553 22:50:06     -203.602695        0.088809
BFGS:  554 22:50:06     -203.610061        0.103985
BFGS:  555 22:50:06     -203.616450        0.111616
BFGS:  556 22:50:06     -203.621678        0.109369
BFGS:  557 22:50:06     -203.625959        0.102944
BFGS:  558 22:50:07     -203.629848        0.101947
BFGS:  559 22:50:07     -203.633939        0.092508
BFGS:  560 22:50:07     -203.637913        0.078313
BFGS:  561 22:50:07     -203.641573        0.074265
BFGS:  562 22:50:07     -203.644878        0.074295
BFGS:  563 22:50:07     -203.647946        0.071693
BFGS:  564 22:50:07     -203.650917        0.066467
BFGS:  565 22:50:07     -203.653906        0.058760
BFGS:  566 22:50:08     -203.656934        0.058393
BFGS:  567 22:50:08     -203.659954        0.057234
BFGS:  568 22:50:08     -203.662885        0.054927
BFGS:  569 22:50:08     -203.665683        0.056615
BFGS:  570 22:50:08     -203.668294        0.058948
BFGS:  571 22:50:08     -203.670796        0.064968
BFGS:  572 22:50:08     -203.673157        0.072087
BFGS:  573 22:50:08     -203.675608        0.077927
BFGS:  574 22:50:09     -203.677705        0.079950
BFGS:  575 22:50:09     -203.680171        0.080113
BFGS:  576 22:50:09     -203.682448        0.075708
BFGS:  577 22:50:09     -203.685119        0.064988
BFGS:  578 22:50:09     -203.688238        0.047490
BFGS:  579 22:50:09     -203.690767        0.047065
BFGS:  580 22:50:09     -203.693625        0.040947
BFGS:  581 22:50:09     -203.695135        0.045552
BFGS:  582 22:50:10     -203.696363        0.048506
BFGS:  583 22:50:10     -203.697444        0.042444
BFGS:  584 22:50:10     -203.699242        0.036301
BFGS:  585 22:50:10     -203.700573        0.036746
BFGS:  586 22:50:10     -203.701896        0.031144
BFGS:  587 22:50:10     -203.703125        0.030498
BFGS:  588 22:50:10     -203.704440        0.036418
BFGS:  589 22:50:10     -203.705646        0.043394
BFGS:  590 22:50:11     -203.706491        0.043536
BFGS:  591 22:50:11     -203.707207        0.038729
BFGS:  592 22:50:11     -203.708036        0.030042
BFGS:  593 22:50:11     -203.708951        0.035001
BFGS:  594 22:50:11     -203.709846        0.036377
BFGS:  595 22:50:11     -203.710633        0.033278
BFGS:  596 22:50:11     -203.711429        0.035645
BFGS:  597 22:50:11     -203.712242        0.037841
BFGS:  598 22:50:12     -203.713158        0.035258
BFGS:  599 22:50:12     -203.714029        0.035763
BFGS:  600 22:50:12     -203.714796        0.034430
BFGS:  601 22:50:12     -203.715473        0.031297
BFGS:  602 22:50:12     -203.716196        0.029210
BFGS:  603 22:50:12     -203.716980        0.029128
BFGS:  604 22:50:12     -203.717801        0.029485
BFGS:  605 22:50:12     -203.718523        0.031545
BFGS:  606 22:50:13     -203.719059        0.031561
BFGS:  607 22:50:13     -203.719444        0.030405
BFGS:  608 22:50:13     -203.719796        0.027889
BFGS:  609 22:50:13     -203.720174        0.024988
BFGS:  610 22:50:13     -203.720609        0.025134
BFGS:  611 22:50:13     -203.721083        0.028529
BFGS:  612 22:50:13     -203.721525        0.028797
BFGS:  613 22:50:13     -203.721885        0.025705
BFGS:  614 22:50:14     -203.722183        0.021034
BFGS:  615 22:50:14     -203.722453        0.020116
BFGS:  616 22:50:14     -203.722727        0.021388
BFGS:  617 22:50:14     -203.723027        0.025447
BFGS:  618 22:50:14     -203.723398        0.030509
BFGS:  619 22:50:15     -203.723891        0.033140
BFGS:  620 22:50:15     -203.724532        0.035289
BFGS:  621 22:50:15     -203.725204        0.030737
BFGS:  622 22:50:16     -203.725736        0.025470
BFGS:  623 22:50:16     -203.726107        0.025596
BFGS:  624 22:50:16     -203.726444        0.028218
BFGS:  625 22:50:16     -203.726889        0.030928
BFGS:  626 22:50:16     -203.727547        0.046923
BFGS:  627 22:50:16     -203.728363        0.052674
BFGS:  628 22:50:16     -203.729114        0.041825
BFGS:  629 22:50:16     -203.729644        0.029068
BFGS:  630 22:50:17     -203.730035        0.026324
BFGS:  631 22:50:17     -203.730445        0.029031
BFGS:  632 22:50:17     -203.731014        0.044906
BFGS:  633 22:50:20     -203.731866        0.058955
BFGS:  634 22:50:20     -203.733128        0.069697
BFGS:  635 22:50:20     -203.734783        0.065473
BFGS:  636 22:50:20     -203.736473        0.054399
BFGS:  637 22:50:21     -203.737759        0.058795
BFGS:  638 22:50:21     -203.738606        0.057511
BFGS:  639 22:50:21     -203.739322        0.049388
BFGS:  640 22:50:21     -203.740278        0.045706
BFGS:  641 22:50:21     -203.741480        0.058570
BFGS:  642 22:50:21     -203.742636        0.059967
BFGS:  643 22:50:21     -203.743400        0.045883
BFGS:  644 22:50:21     -203.743870        0.029079
BFGS:  645 22:50:22     -203.744268        0.028071
BFGS:  646 22:50:22     -203.744690        0.029956
BFGS:  647 22:50:22     -203.745104        0.039089
BFGS:  648 22:50:22     -203.745553        0.043785
BFGS:  649 22:50:22     -203.746093        0.040148
BFGS:  650 22:50:22     -203.746684        0.033844
BFGS:  651 22:50:22     -203.747170        0.024207
BFGS:  652 22:50:23     -203.747485        0.024916
BFGS:  653 22:50:23     -203.747770        0.025593
BFGS:  654 22:50:23     -203.748166        0.032747
BFGS:  655 22:50:23     -203.748734        0.040633
BFGS:  656 22:50:23     -203.749396        0.040416
BFGS:  657 22:50:23     -203.750063        0.036519
BFGS:  658 22:50:23     -203.750713        0.035126
BFGS:  659 22:50:24     -203.751260        0.030849
BFGS:  660 22:50:27     -203.751687        0.026576
BFGS:  661 22:50:27     -203.751990        0.020999
BFGS:  662 22:50:28     -203.752261        0.024232
BFGS:  663 22:50:28     -203.752654        0.031266
BFGS:  664 22:50:28     -203.753285        0.037006
BFGS:  665 22:50:28     -203.754096        0.041943
BFGS:  666 22:50:28     -203.754808        0.030441
BFGS:  667 22:50:28     -203.755264        0.025488
BFGS:  668 22:50:28     -203.755591        0.025951
BFGS:  669 22:50:28     -203.755984        0.028791
BFGS:  670 22:50:29     -203.756635        0.040795
BFGS:  671 22:50:29     -203.757722        0.054699
BFGS:  672 22:50:29     -203.759329        0.062004
BFGS:  673 22:50:29     -203.761132        0.065383
BFGS:  674 22:50:29     -203.762532        0.045304
BFGS:  675 22:50:29     -203.763413        0.039100
BFGS:  676 22:50:29     -203.764174        0.035972
BFGS:  677 22:50:29     -203.765303        0.055649
BFGS:  678 22:50:30     -203.767226        0.082235
BFGS:  679 22:50:30     -203.770160        0.099604
BFGS:  680 22:50:30     -203.772303        0.103027
BFGS:  681 22:50:30     -203.774056        0.098844
BFGS:  682 22:50:30     -203.775703        0.090954
BFGS:  683 22:50:30     -203.777797        0.071340
BFGS:  684 22:50:30     -203.780444        0.060327
BFGS:  685 22:50:31     -203.781866        0.052128
BFGS:  686 22:50:32     -203.783969        0.060775
BFGS:  687 22:50:32     -203.785719        0.066216
BFGS:  688 22:50:32     -203.788251        0.055564
BFGS:  689 22:50:32     -203.790288        0.066666
BFGS:  690 22:50:32     -203.792170        0.074990
BFGS:  691 22:50:32     -203.794041        0.081358
BFGS:  692 22:50:32     -203.796131        0.086165
BFGS:  693 22:50:32     -203.800820        0.091377
BFGS:  694 22:50:33     -203.810092        0.092140
BFGS:  695 22:50:33     -203.820690        0.095865
BFGS:  696 22:50:33     -203.830874        0.101904
BFGS:  697 22:50:33     -203.841201        0.108113
BFGS:  698 22:50:33     -203.854646        0.116504
BFGS:  699 22:50:33     -203.871725        0.117793
BFGS:  700 22:50:36     -203.884960        0.121619
BFGS:  701 22:50:36     -203.894438        0.121919
BFGS:  702 22:50:36     -203.902174        0.119973
BFGS:  703 22:50:36     -203.908984        0.117330
BFGS:  704 22:50:37     -203.915326        0.114728
BFGS:  705 22:50:41     -203.921548        0.110534
BFGS:  706 22:50:41     -203.927839        0.105131
BFGS:  707 22:50:41     -203.934335        0.098916
BFGS:  708 22:50:41     -203.941014        0.096798
BFGS:  709 22:50:42     -203.947910        0.094927
BFGS:  710 22:50:42     -203.954913        0.091282
BFGS:  711 22:50:42     -203.961966        0.086123
BFGS:  712 22:50:42     -203.968953        0.082510
BFGS:  713 22:50:42     -203.975811        0.078714
BFGS:  714 22:50:42     -203.982333        0.073761
BFGS:  715 22:50:42     -203.988416        0.070050
BFGS:  716 22:50:42     -203.993920        0.071137
BFGS:  717 22:50:43     -203.998899        0.072176
BFGS:  718 22:50:43     -204.003442        0.073044
BFGS:  719 22:50:43     -204.007677        0.074085
BFGS:  720 22:50:43     -204.011691        0.074836
BFGS:  721 22:50:43     -204.015604        0.075438
BFGS:  722 22:50:43     -204.019449        0.076685
BFGS:  723 22:50:43     -204.023201        0.080601
BFGS:  724 22:50:43     -204.026946        0.084386
BFGS:  725 22:50:44     -204.030820        0.087566
BFGS:  726 22:50:44     -204.034931        0.090111
BFGS:  727 22:50:44     -204.039376        0.091602
BFGS:  728 22:50:44     -204.044040        0.092641
BFGS:  729 22:50:44     -204.048944        0.096468
BFGS:  730 22:50:44     -204.053793        0.100968
BFGS:  731 22:50:44     -204.058826        0.105347
BFGS:  732 22:50:44     -204.063595        0.110112
BFGS:  733 22:50:45     -204.068487        0.114581
BFGS:  734 22:50:45     -204.073176        0.119205
BFGS:  735 22:50:45     -204.077805        0.123680
BFGS:  736 22:50:45     -204.082363        0.128134
BFGS:  737 22:50:45     -204.086872        0.132473
BFGS:  738 22:50:45     -204.091341        0.136610
BFGS:  739 22:50:45     -204.095756        0.140433
BFGS:  740 22:50:45     -204.100197        0.143859
BFGS:  741 22:50:46     -204.104691        0.146648
BFGS:  742 22:50:46     -204.109312        0.148635
BFGS:  743 22:50:46     -204.114061        0.149691
BFGS:  744 22:50:46     -204.119057        0.149634
BFGS:  745 22:50:46     -204.124238        0.148659
BFGS:  746 22:50:46     -204.129787        0.146195
BFGS:  747 22:50:46     -204.135349        0.143026
BFGS:  748 22:50:47     -204.141485        0.136912
BFGS:  749 22:50:48     -204.147188        0.131606
BFGS:  750 22:50:48     -204.153975        0.128363
BFGS:  751 22:50:48     -204.159872        0.128081
BFGS:  752 22:50:48     -204.167033        0.125678
BFGS:  753 22:50:48     -204.174022        0.122681
BFGS:  754 22:50:49     -204.181667        0.121165
BFGS:  755 22:50:49     -204.189342        0.126605
BFGS:  756 22:50:49     -204.196886        0.122984
BFGS:  757 22:50:49     -204.205027        0.123044
BFGS:  758 22:50:49     -204.214162        0.120701
BFGS:  759 22:50:49     -204.224960        0.118266
BFGS:  760 22:50:49     -204.236759        0.110942
BFGS:  761 22:50:49     -204.245400        0.101403
BFGS:  762 22:50:50     -204.256177        0.093039
BFGS:  763 22:50:50     -204.264891        0.094706
BFGS:  764 22:50:50     -204.274999        0.095295
BFGS:  765 22:50:53     -204.282438        0.091083
BFGS:  766 22:50:53     -204.289301        0.090837
BFGS:  767 22:50:53     -204.296035        0.082774
BFGS:  768 22:50:53     -204.302333        0.083555
BFGS:  769 22:50:53     -204.308323        0.078943
BFGS:  770 22:50:53     -204.313424        0.083761
BFGS:  771 22:50:53     -204.318100        0.085055
BFGS:  772 22:50:54     -204.322818        0.093906
BFGS:  773 22:50:54     -204.330560        0.096636
BFGS:  774 22:50:54     -204.338794        0.117502
BFGS:  775 22:50:54     -204.347761        0.149600
BFGS:  776 22:50:54     -204.357701        0.135895
BFGS:  777 22:50:54     -204.366522        0.091919
BFGS:  778 22:50:54     -204.372180        0.079720
BFGS:  779 22:50:54     -204.378649        0.075075
BFGS:  780 22:50:55     -204.384825        0.106538
BFGS:  781 22:50:55     -204.390842        0.114364
BFGS:  782 22:50:55     -204.396203        0.088714
BFGS:  783 22:50:55     -204.401402        0.084996
BFGS:  784 22:50:55     -204.406544        0.081684
BFGS:  785 22:50:55     -204.411635        0.095800
BFGS:  786 22:50:55     -204.416256        0.080620
BFGS:  787 22:50:56     -204.420002        0.069494
BFGS:  788 22:50:56     -204.422925        0.070579
BFGS:  789 22:50:56     -204.425768        0.068559
BFGS:  790 22:50:56     -204.428793        0.073980
BFGS:  791 22:50:56     -204.431980        0.073858
BFGS:  792 22:50:56     -204.435247        0.074674
BFGS:  793 22:50:56     -204.438490        0.071674
BFGS:  794 22:50:56     -204.441612        0.072470
BFGS:  795 22:50:57     -204.444152        0.065289
BFGS:  796 22:50:57     -204.446461        0.067874
BFGS:  797 22:50:57     -204.448358        0.071545
BFGS:  798 22:50:57     -204.450574        0.066618
BFGS:  799 22:50:57     -204.453010        0.087973
BFGS:  800 22:50:57     -204.455849        0.078087
BFGS:  801 22:50:57     -204.458368        0.069614
BFGS:  802 22:50:57     -204.460248        0.064059
BFGS:  803 22:50:58     -204.461720        0.060569
BFGS:  804 22:50:58     -204.463167        0.065166
BFGS:  805 22:50:58     -204.464668        0.053518
BFGS:  806 22:50:58     -204.466095        0.053802
BFGS:  807 22:50:58     -204.467369        0.061317
BFGS:  808 22:50:58     -204.468558        0.053982
BFGS:  809 22:50:58     -204.469791        0.056342
BFGS:  810 22:50:58     -204.471074        0.053082
BFGS:  811 22:50:59     -204.472253        0.045684
BFGS:  812 22:50:59     -204.473262        0.050376
BFGS:  813 22:50:59     -204.474135        0.046849
BFGS:  814 22:50:59     -204.474861        0.046420
BFGS:  815 22:50:59     -204.475460        0.046435
BFGS:  816 22:50:59     -204.476010        0.046103
BFGS:  817 22:50:59     -204.476563        0.045773
BFGS:  818 22:50:59     -204.477114        0.045327
BFGS:  819 22:51:00     -204.477608        0.045127
BFGS:  820 22:51:00     -204.478039        0.045074
BFGS:  821 22:51:00     -204.478468        0.045270
BFGS:  822 22:51:00     -204.478956        0.045562
BFGS:  823 22:51:00     -204.479499        0.045944
BFGS:  824 22:51:00     -204.480041        0.046244
BFGS:  825 22:51:00     -204.480524        0.046404
BFGS:  826 22:51:00     -204.480953        0.046417
BFGS:  827 22:51:01     -204.481333        0.046322
BFGS:  828 22:51:01     -204.481669        0.046197
BFGS:  829 22:51:01     -204.481975        0.046054
BFGS:  830 22:51:01     -204.482286        0.045915
BFGS:  831 22:51:01     -204.482631        0.045735
BFGS:  832 22:51:01     -204.483010        0.045537
BFGS:  833 22:51:01     -204.483367        0.045362
BFGS:  834 22:51:01     -204.483659        0.045283
BFGS:  835 22:51:02     -204.483900        0.045292
BFGS:  836 22:51:02     -204.484142        0.045344
BFGS:  837 22:51:02     -204.484435        0.045418
BFGS:  838 22:51:02     -204.484792        0.045458
BFGS:  839 22:51:02     -204.485165        0.045461
BFGS:  840 22:51:02     -204.485488        0.045416
BFGS:  841 22:51:02     -204.485738        0.045411
BFGS:  842 22:51:02     -204.485951        0.045443
BFGS:  843 22:51:03     -204.486179        0.045549
BFGS:  844 22:51:03     -204.486441        0.045696
BFGS:  845 22:51:03     -204.486717        0.045853
BFGS:  846 22:51:03     -204.486987        0.045928
BFGS:  847 22:51:03     -204.487252        0.045888
BFGS:  848 22:51:03     -204.487511        0.045698
BFGS:  849 22:51:03     -204.487747        0.045423
BFGS:  850 22:51:04     -204.487961        0.045143
BFGS:  851 22:51:05     -204.488180        0.044933
BFGS:  852 22:51:05     -204.488450        0.044790
BFGS:  853 22:51:05     -204.488800        0.044743
BFGS:  854 22:51:05     -204.489190        0.044794
BFGS:  855 22:51:05     -204.489547        0.044912
BFGS:  856 22:51:05     -204.489849        0.045023
BFGS:  857 22:51:06     -204.490125        0.045101
BFGS:  858 22:51:06     -204.490408        0.045141
BFGS:  859 22:51:06     -204.490716        0.045156
BFGS:  860 22:51:06     -204.491065        0.045165
BFGS:  861 22:51:06     -204.491457        0.045178
BFGS:  862 22:51:06     -204.491841        0.045197
BFGS:  863 22:51:06     -204.492148        0.045194
BFGS:  864 22:51:06     -204.492387        0.045155
BFGS:  865 22:51:10     -204.492623        0.045058
BFGS:  866 22:51:10     -204.492918        0.044907
BFGS:  867 22:51:10     -204.493284        0.044717
BFGS:  868 22:51:10     -204.493678        0.044571
BFGS:  869 22:51:10     -204.494060        0.044497
BFGS:  870 22:51:10     -204.494433        0.044500
BFGS:  871 22:51:11     -204.494803        0.044532
BFGS:  872 22:51:11     -204.495151        0.044587
BFGS:  873 22:51:11     -204.495472        0.048788
BFGS:  874 22:51:11     -204.495829        0.048452
BFGS:  875 22:51:11     -204.496304        0.044571
BFGS:  876 22:51:11     -204.496900        0.044491
BFGS:  877 22:51:11     -204.497472        0.044406
BFGS:  878 22:51:11     -204.497889        0.044380
BFGS:  879 22:51:12     -204.498207        0.044364
BFGS:  880 22:51:12     -204.498574        0.044319
BFGS:  881 22:51:12     -204.499102        0.049309
BFGS:  882 22:51:12     -204.499777        0.054374
BFGS:  883 22:51:12     -204.500428        0.043820
BFGS:  884 22:51:12     -204.500924        0.043713
BFGS:  885 22:51:12     -204.501316        0.043768
BFGS:  886 22:51:12     -204.501719        0.043852
BFGS:  887 22:51:13     -204.502190        0.044029
BFGS:  888 22:51:13     -204.502694        0.044129
BFGS:  889 22:51:13     -204.503184        0.044191
BFGS:  890 22:51:13     -204.503699        0.044072
BFGS:  891 22:51:13     -204.504316        0.045168
BFGS:  892 22:51:13     -204.505062        0.043569
BFGS:  893 22:51:13     -204.505820        0.043358
BFGS:  894 22:51:13     -204.506442        0.043249
BFGS:  895 22:51:14     -204.506950        0.043337
BFGS:  896 22:51:14     -204.507509        0.043400
BFGS:  897 22:51:14     -204.508252        0.043473
BFGS:  898 22:51:14     -204.509157        0.053665
BFGS:  899 22:51:14     -204.510058        0.054747
BFGS:  900 22:51:14     -204.510803        0.045200
BFGS:  901 22:51:14     -204.511407        0.042025
BFGS:  902 22:51:14     -204.511963        0.041745
BFGS:  903 22:51:15     -204.512516        0.041717
BFGS:  904 22:51:15     -204.513113        0.049262
BFGS:  905 22:51:15     -204.513818        0.057233
BFGS:  906 22:51:15     -204.514647        0.054538
BFGS:  907 22:51:15     -204.515511        0.042263
BFGS:  908 22:51:15     -204.516274        0.045689
BFGS:  909 22:51:15     -204.516883        0.051554
BFGS:  910 22:51:15     -204.517437        0.048575
BFGS:  911 22:51:16     -204.518086        0.051855
BFGS:  912 22:51:16     -204.518907        0.049947
BFGS:  913 22:51:16     -204.519944        0.058478
BFGS:  914 22:51:16     -204.521163        0.053685
BFGS:  915 22:51:16     -204.522356        0.046665
BFGS:  916 22:51:16     -204.523350        0.046273
BFGS:  917 22:51:16     -204.524208        0.043522
BFGS:  918 22:51:16     -204.525074        0.042841
BFGS:  919 22:51:17     -204.526084        0.052847
BFGS:  920 22:51:17     -204.527318        0.046835
BFGS:  921 22:51:17     -204.528694        0.049970
BFGS:  922 22:51:17     -204.530157        0.051519
BFGS:  923 22:51:17     -204.531749        0.053109
BFGS:  924 22:51:17     -204.533543        0.066699
BFGS:  925 22:51:17     -204.535456        0.064812
BFGS:  926 22:51:18     -204.537314        0.070337
BFGS:  927 22:51:18     -204.538974        0.054527
BFGS:  928 22:51:18     -204.540459        0.055376
BFGS:  929 22:51:18     -204.542234        0.067915
BFGS:  930 22:51:18     -204.544838        0.069760
BFGS:  931 22:51:18     -204.548177        0.078805
BFGS:  932 22:51:18     -204.551975        0.091291
BFGS:  933 22:51:18     -204.555914        0.090620
BFGS:  934 22:51:19     -204.559194        0.066769
BFGS:  935 22:51:19     -204.561481        0.060124
BFGS:  936 22:51:19     -204.563529        0.068600
BFGS:  937 22:51:19     -204.565514        0.079988
BFGS:  938 22:51:19     -204.567658        0.090029
BFGS:  939 22:51:19     -204.571763        0.096458
BFGS:  940 22:51:19     -204.576614        0.109838
BFGS:  941 22:51:19     -204.581236        0.114475
BFGS:  942 22:51:20     -204.585016        0.107729
BFGS:  943 22:51:20     -204.588856        0.092131
BFGS:  944 22:51:20     -204.591917        0.073503
BFGS:  945 22:51:20     -204.595023        0.068638
BFGS:  946 22:51:20     -204.597141        0.069739
BFGS:  947 22:51:21     -204.599633        0.065901
BFGS:  948 22:51:21     -204.601991        0.066450
BFGS:  949 22:51:21     -204.606524        0.087759
BFGS:  950 22:51:22     -204.610331        0.086023
BFGS:  951 22:51:22     -204.613974        0.079005
BFGS:  952 22:51:22     -204.617128        0.081190
BFGS:  953 22:51:22     -204.620080        0.067415
BFGS:  954 22:51:22     -204.621926        0.066622
BFGS:  955 22:51:22     -204.623689        0.068635
BFGS:  956 22:51:22     -204.625870        0.067865
BFGS:  957 22:51:22     -204.628902        0.077296
BFGS:  958 22:51:23     -204.632989        0.101135
BFGS:  959 22:51:23     -204.637017        0.111096
BFGS:  960 22:51:23     -204.640684        0.103565
BFGS:  961 22:51:23     -204.644918        0.071428
BFGS:  962 22:51:26     -204.647599        0.070972
BFGS:  963 22:51:26     -204.649479        0.070245
BFGS:  964 22:51:26     -204.652191        0.068244
BFGS:  965 22:51:26     -204.654612        0.079409
BFGS:  966 22:51:26     -204.657302        0.075649
BFGS:  967 22:51:26     -204.660438        0.072803
BFGS:  968 22:51:26     -204.663441        0.070112
BFGS:  969 22:51:26     -204.666803        0.065274
BFGS:  970 22:51:27     -204.670954        0.061364
BFGS:  971 22:51:27     -204.675123        0.079543
BFGS:  972 22:51:27     -204.678126        0.094912
BFGS:  973 22:51:27     -204.682016        0.100343
BFGS:  974 22:51:27     -204.686159        0.094260
BFGS:  975 22:51:27     -204.691248        0.074525
BFGS:  976 22:51:27     -204.694534        0.077417
BFGS:  977 22:51:27     -204.697873        0.086449
BFGS:  978 22:51:28     -204.700858        0.090560
BFGS:  979 22:51:28     -204.704073        0.088296
BFGS:  980 22:51:28     -204.706977        0.081670
BFGS:  981 22:51:28     -204.710226        0.066736
BFGS:  982 22:51:28     -204.713322        0.068168
BFGS:  983 22:51:28     -204.717023        0.076852
BFGS:  984 22:51:28     -204.720121        0.078975
BFGS:  985 22:51:29     -204.723545        0.086356
BFGS:  986 22:51:29     -204.727462        0.090378
BFGS:  987 22:51:29     -204.731945        0.078703
BFGS:  988 22:51:29     -204.736994        0.076868
BFGS:  989 22:51:29     -204.740292        0.070084
BFGS:  990 22:51:29     -204.743243        0.058150
BFGS:  991 22:51:29     -204.745723        0.063058
BFGS:  992 22:51:29     -204.747971        0.064372
BFGS:  993 22:51:30     -204.750013        0.062210
BFGS:  994 22:51:30     -204.752202        0.059919
BFGS:  995 22:51:30     -204.754429        0.064314
BFGS:  996 22:51:30     -204.757061        0.069744
BFGS:  997 22:51:30     -204.759780        0.075202
BFGS:  998 22:51:30     -204.763153        0.075955
BFGS:  999 22:51:30     -204.766534        0.069057
BFGS:  1000 22:51:30     -204.770968        0.063028
