      Step     Time          Energy          fmax
BFGS:    0 05:11:27       95.456893      200.971700
BFGS:    1 05:11:27       -4.206547       62.869734
BFGS:    2 05:11:27      -35.382395       33.703847
BFGS:    3 05:11:27      -51.857877       17.401341
BFGS:    4 05:11:27      -60.959769        9.337751
BFGS:    5 05:11:27      -66.937065        5.881474
BFGS:    6 05:11:28      -71.442347        5.424448
BFGS:    7 05:11:28      -75.168075        4.993889
BFGS:    8 05:11:28      -78.373113        4.586947
BFGS:    9 05:11:28      -81.163165        4.206302
BFGS:   10 05:11:28      -83.595148        3.849434
BFGS:   11 05:11:28      -85.710767        3.516011
BFGS:   12 05:11:28      -87.548983        3.207680
BFGS:   13 05:11:28      -89.144531        2.924002
BFGS:   14 05:11:28      -90.528585        2.665359
BFGS:   15 05:11:28      -91.729308        2.431079
BFGS:   16 05:11:28      -92.771805        2.219968
BFGS:   17 05:11:28      -93.679526        2.030957
BFGS:   18 05:11:28      -94.476222        1.863076
BFGS:   19 05:11:28      -95.186033        1.714111
BFGS:   20 05:11:29      -95.832219        1.581873
BFGS:   21 05:11:29      -96.435205        1.689506
BFGS:   22 05:11:29      -97.010246        1.780496
BFGS:   23 05:11:29      -97.568104        1.840835
BFGS:   24 05:11:29      -98.114925        1.866151
BFGS:   25 05:11:29      -98.651841        1.857422
BFGS:   26 05:11:29      -99.177479        1.818015
BFGS:   27 05:11:29      -99.689921        1.751842
BFGS:   28 05:11:29     -100.187600        1.663048
BFGS:   29 05:11:29     -100.669512        1.555821
BFGS:   30 05:11:29     -101.136035        1.434581
BFGS:   31 05:11:29     -101.589047        1.304896
BFGS:   32 05:11:29     -102.031417        1.171841
BFGS:   33 05:11:29     -102.464821        1.039702
BFGS:   34 05:11:30     -102.889195        1.027600
BFGS:   35 05:11:30     -103.302346        1.083600
BFGS:   36 05:11:30     -103.699260        1.102426
BFGS:   37 05:11:30     -104.078274        1.076225
BFGS:   38 05:11:30     -104.437744        0.989348
BFGS:   39 05:11:30     -104.778989        0.943111
BFGS:   40 05:11:30     -105.120342        1.027288
BFGS:   41 05:11:30     -105.452829        1.008406
BFGS:   42 05:11:30     -105.850610        0.953771
BFGS:   43 05:11:30     -106.152608        0.986326
BFGS:   44 05:11:30     -106.409549        0.920262
BFGS:   45 05:11:30     -106.724975        0.787501
BFGS:   46 05:11:30     -106.996984        0.746355
BFGS:   47 05:11:30     -107.263460        0.704720
BFGS:   48 05:11:31     -107.508956        0.634598
BFGS:   49 05:11:31     -107.708357        0.736785
BFGS:   50 05:11:31     -107.892717        0.688297
BFGS:   51 05:11:31     -108.095551        0.704269
BFGS:   52 05:11:31     -108.237168        0.606552
BFGS:   53 05:11:31     -108.362273        0.649350
BFGS:   54 05:11:31     -108.584258        0.719179
BFGS:   55 05:11:31     -108.840208        0.730630
BFGS:   56 05:11:31     -109.014000        0.721789
BFGS:   57 05:11:31     -109.152437        0.728703
BFGS:   58 05:11:31     -109.261522        0.672197
BFGS:   59 05:11:31     -109.352273        0.519727
BFGS:   60 05:11:31     -109.431391        0.511271
BFGS:   61 05:11:31     -109.551270        0.419052
BFGS:   62 05:11:32     -109.624279        0.414598
BFGS:   63 05:11:32     -109.687597        0.356756
BFGS:   64 05:11:32     -109.716335        0.316999
BFGS:   65 05:11:32     -109.772885        0.247774
BFGS:   66 05:11:32     -109.829278        0.297205
BFGS:   67 05:11:32     -109.872913        0.287680
BFGS:   68 05:11:32     -109.898667        0.306868
BFGS:   69 05:11:32     -109.921071        0.289139
BFGS:   70 05:11:32     -109.954981        0.229339
BFGS:   71 05:11:32     -110.008788        0.212079
BFGS:   72 05:11:32     -110.070543        0.298838
BFGS:   73 05:11:32     -110.111841        0.345665
BFGS:   74 05:11:32     -110.139105        0.311781
BFGS:   75 05:11:32     -110.172839        0.281428
BFGS:   76 05:11:33     -110.210836        0.259847
BFGS:   77 05:11:33     -110.245223        0.257617
BFGS:   78 05:11:33     -110.270519        0.255219
BFGS:   79 05:11:33     -110.294837        0.297975
BFGS:   80 05:11:33     -110.328340        0.305584
BFGS:   81 05:11:33     -110.364155        0.284228
BFGS:   82 05:11:33     -110.387902        0.238930
BFGS:   83 05:11:33     -110.400641        0.210634
BFGS:   84 05:11:33     -110.415255        0.195232
BFGS:   85 05:11:33     -110.433191        0.189466
BFGS:   86 05:11:33     -110.452218        0.174377
BFGS:   87 05:11:33     -110.466427        0.185123
BFGS:   88 05:11:33     -110.476047        0.196797
BFGS:   89 05:11:33     -110.485886        0.170918
BFGS:   90 05:11:34     -110.500873        0.184027
BFGS:   91 05:11:34     -110.512770        0.143318
BFGS:   92 05:11:34     -110.519182        0.132101
BFGS:   93 05:11:34     -110.523973        0.152431
BFGS:   94 05:11:34     -110.530857        0.181503
BFGS:   95 05:11:34     -110.540815        0.194602
BFGS:   96 05:11:34     -110.551460        0.161747
BFGS:   97 05:11:34     -110.559556        0.117394
BFGS:   98 05:11:34     -110.565458        0.101143
BFGS:   99 05:11:34     -110.571857        0.086950
BFGS:  100 05:11:34     -110.579835        0.124517
BFGS:  101 05:11:34     -110.586622        0.123726
BFGS:  102 05:11:34     -110.590880        0.089055
BFGS:  103 05:11:34     -110.595187        0.101322
BFGS:  104 05:11:34     -110.602827        0.126714
BFGS:  105 05:11:35     -110.615590        0.195668
BFGS:  106 05:11:35     -110.631047        0.226296
BFGS:  107 05:11:35     -110.643502        0.185161
BFGS:  108 05:11:35     -110.652383        0.164668
BFGS:  109 05:11:35     -110.659171        0.159681
BFGS:  110 05:11:35     -110.669722        0.136025
BFGS:  111 05:11:35     -110.687012        0.204813
BFGS:  112 05:11:35     -110.703568        0.211419
BFGS:  113 05:11:35     -110.712701        0.160499
BFGS:  114 05:11:35     -110.719217        0.139276
BFGS:  115 05:11:35     -110.728139        0.164242
BFGS:  116 05:11:35     -110.742160        0.214802
BFGS:  117 05:11:35     -110.760272        0.222999
BFGS:  118 05:11:35     -110.778053        0.229438
BFGS:  119 05:11:36     -110.790894        0.211690
BFGS:  120 05:11:36     -110.799876        0.169647
BFGS:  121 05:11:36     -110.811945        0.182140
BFGS:  122 05:11:36     -110.824857        0.145863
BFGS:  123 05:11:36     -110.832471        0.108447
BFGS:  124 05:11:36     -110.837927        0.102399
BFGS:  125 05:11:36     -110.845324        0.118591
BFGS:  126 05:11:36     -110.857877        0.163908
BFGS:  127 05:11:36     -110.877266        0.220989
BFGS:  128 05:11:36     -110.899627        0.217482
BFGS:  129 05:11:36     -110.917307        0.130423
BFGS:  130 05:11:36     -110.924778        0.113121
BFGS:  131 05:11:36     -110.928888        0.122908
BFGS:  132 05:11:36     -110.937939        0.151464
BFGS:  133 05:11:36     -110.952269        0.150644
BFGS:  134 05:11:37     -110.969887        0.120208
BFGS:  135 05:11:37     -110.986232        0.116387
BFGS:  136 05:11:37     -110.992940        0.111700
BFGS:  137 05:11:37     -110.997869        0.109503
BFGS:  138 05:11:37     -111.001050        0.102349
BFGS:  139 05:11:37     -111.007416        0.089532
BFGS:  140 05:11:37     -111.015767        0.078075
BFGS:  141 05:11:37     -111.026081        0.082497
BFGS:  142 05:11:37     -111.033103        0.082330
BFGS:  143 05:11:37     -111.037222        0.086942
BFGS:  144 05:11:37     -111.039724        0.088103
BFGS:  145 05:11:37     -111.043259        0.085915
BFGS:  146 05:11:37     -111.050072        0.100504
BFGS:  147 05:11:37     -111.059825        0.114042
BFGS:  148 05:11:38     -111.068845        0.117226
BFGS:  149 05:11:38     -111.074627        0.136270
BFGS:  150 05:11:38     -111.078768        0.138691
BFGS:  151 05:11:38     -111.084212        0.131080
BFGS:  152 05:11:38     -111.095162        0.111883
BFGS:  153 05:11:38     -111.111692        0.127657
BFGS:  154 05:11:38     -111.126416        0.114139
BFGS:  155 05:11:38     -111.134106        0.108651
BFGS:  156 05:11:38     -111.139095        0.101569
BFGS:  157 05:11:38     -111.142978        0.092191
BFGS:  158 05:11:38     -111.149822        0.101197
BFGS:  159 05:11:38     -111.161434        0.104837
BFGS:  160 05:11:38     -111.174441        0.112106
BFGS:  161 05:11:38     -111.188127        0.095745
BFGS:  162 05:11:39     -111.195877        0.092889
BFGS:  163 05:11:39     -111.200045        0.073640
BFGS:  164 05:11:39     -111.202732        0.075905
BFGS:  165 05:11:39     -111.210302        0.099124
BFGS:  166 05:11:39     -111.220669        0.139167
BFGS:  167 05:11:39     -111.237036        0.177793
BFGS:  168 05:11:39     -111.255469        0.198477
BFGS:  169 05:11:39     -111.278500        0.182656
BFGS:  170 05:11:39     -111.295812        0.134291
BFGS:  171 05:11:39     -111.303001        0.124687
BFGS:  172 05:11:39     -111.309770        0.111643
BFGS:  173 05:11:39     -111.316767        0.103808
BFGS:  174 05:11:39     -111.330252        0.099236
BFGS:  175 05:11:39     -111.344475        0.110519
BFGS:  176 05:11:40     -111.359434        0.094685
BFGS:  177 05:11:40     -111.370550        0.078270
BFGS:  178 05:11:40     -111.375656        0.076429
BFGS:  179 05:11:40     -111.377453        0.075078
BFGS:  180 05:11:40     -111.380966        0.066902
BFGS:  181 05:11:40     -111.383677        0.060367
BFGS:  182 05:11:40     -111.388432        0.079668
BFGS:  183 05:11:40     -111.394523        0.093752
BFGS:  184 05:11:40     -111.401916        0.085727
BFGS:  185 05:11:40     -111.406706        0.060322
BFGS:  186 05:11:40     -111.408796        0.058601
BFGS:  187 05:11:40     -111.409873        0.058395
BFGS:  188 05:11:40     -111.411399        0.063198
BFGS:  189 05:11:40     -111.414471        0.068905
BFGS:  190 05:11:40     -111.419945        0.083014
BFGS:  191 05:11:41     -111.427045        0.073052
BFGS:  192 05:11:41     -111.432066        0.039639
BFGS:  193 05:11:41     -111.433561        0.037694
BFGS:  194 05:11:41     -111.434076        0.036053
BFGS:  195 05:11:41     -111.434907        0.034415
BFGS:  196 05:11:41     -111.436474        0.035432
BFGS:  197 05:11:41     -111.439231        0.043158
BFGS:  198 05:11:41     -111.442432        0.039069
BFGS:  199 05:11:41     -111.444413        0.029087
BFGS:  200 05:11:41     -111.445051        0.030280
BFGS:  201 05:11:41     -111.445370        0.031735
BFGS:  202 05:11:41     -111.445951        0.033207
BFGS:  203 05:11:41     -111.447122        0.032676
BFGS:  204 05:11:41     -111.449091        0.029795
BFGS:  205 05:11:42     -111.451129        0.029511
BFGS:  206 05:11:42     -111.452176        0.029563
BFGS:  207 05:11:42     -111.452534        0.028803
BFGS:  208 05:11:42     -111.452858        0.026488
BFGS:  209 05:11:42     -111.453593        0.025708
BFGS:  210 05:11:42     -111.455132        0.024757
BFGS:  211 05:11:42     -111.457750        0.035472
BFGS:  212 05:11:42     -111.460511        0.040732
BFGS:  213 05:11:42     -111.462079        0.043403
BFGS:  214 05:11:42     -111.462665        0.038916
BFGS:  215 05:11:42     -111.463139        0.037224
BFGS:  216 05:11:42     -111.464244        0.034912
BFGS:  217 05:11:42     -111.466340        0.034208
BFGS:  218 05:11:42     -111.469338        0.040147
BFGS:  219 05:11:43     -111.471517        0.046813
BFGS:  220 05:11:43     -111.472310        0.050740
BFGS:  221 05:11:43     -111.472623        0.051204
BFGS:  222 05:11:43     -111.473004        0.050615
BFGS:  223 05:11:43     -111.473942        0.048338
BFGS:  224 05:11:43     -111.475777        0.043112
BFGS:  225 05:11:43     -111.478486        0.034084
BFGS:  226 05:11:43     -111.480692        0.030324
BFGS:  227 05:11:43     -111.481550        0.028693
BFGS:  228 05:11:43     -111.481767        0.028526
BFGS:  229 05:11:43     -111.481973        0.028326
BFGS:  230 05:11:43     -111.482493        0.026842
BFGS:  231 05:11:43     -111.483488        0.022949
BFGS:  232 05:11:43     -111.484994        0.029122
BFGS:  233 05:11:44     -111.486239        0.026547
BFGS:  234 05:11:44     -111.486724        0.019436
BFGS:  235 05:11:44     -111.486843        0.018557
BFGS:  236 05:11:44     -111.486946        0.017417
BFGS:  237 05:11:44     -111.487210        0.016199
BFGS:  238 05:11:44     -111.487699        0.018009
BFGS:  239 05:11:44     -111.488406        0.016055
BFGS:  240 05:11:44     -111.488924        0.015341
BFGS:  241 05:11:44     -111.489094        0.012627
BFGS:  242 05:11:44     -111.489140        0.010723
BFGS:  243 05:11:44     -111.489184        0.009536
BFGS:  244 05:11:44     -111.489278        0.011430
BFGS:  245 05:11:44     -111.489423        0.019113
BFGS:  246 05:11:44     -111.489588        0.025287
BFGS:  247 05:11:44     -111.489709        0.023771
BFGS:  248 05:11:45     -111.489786        0.016969
BFGS:  249 05:11:45     -111.489847        0.009891
BFGS:  250 05:11:45     -111.489899        0.006530
BFGS:  251 05:11:45     -111.489934        0.011177
BFGS:  252 05:11:45     -111.489962        0.012385
BFGS:  253 05:11:45     -111.490004        0.013044
BFGS:  254 05:11:45     -111.490076        0.012251
BFGS:  255 05:11:45     -111.490171        0.008622
BFGS:  256 05:11:45     -111.490241        0.005941
BFGS:  257 05:11:45     -111.490266        0.005291
BFGS:  258 05:11:45     -111.490274        0.004703
BFGS:  259 05:11:45     -111.490283        0.004052
BFGS:  260 05:11:45     -111.490300        0.005040
BFGS:  261 05:11:45     -111.490332        0.008427
BFGS:  262 05:11:46     -111.490378        0.010705
BFGS:  263 05:11:46     -111.490424        0.011045
BFGS:  264 05:11:46     -111.490458        0.010064
BFGS:  265 05:11:46     -111.490482        0.008723
BFGS:  266 05:11:46     -111.490502        0.005548
BFGS:  267 05:11:46     -111.490518        0.005482
BFGS:  268 05:11:46     -111.490530        0.005985
BFGS:  269 05:11:46     -111.490539        0.005486
BFGS:  270 05:11:46     -111.490550        0.005544
BFGS:  271 05:11:46     -111.490567        0.005043
BFGS:  272 05:11:46     -111.490590        0.008464
BFGS:  273 05:11:46     -111.490617        0.011878
BFGS:  274 05:11:46     -111.490641        0.012307
BFGS:  275 05:11:46     -111.490663        0.010468
BFGS:  276 05:11:47     -111.490686        0.007008
BFGS:  277 05:11:47     -111.490706        0.005019
BFGS:  278 05:11:47     -111.490721        0.005736
BFGS:  279 05:11:47     -111.490730        0.006564
BFGS:  280 05:11:47     -111.490738        0.005910
BFGS:  281 05:11:47     -111.490751        0.004655
BFGS:  282 05:11:47     -111.490771        0.004659
BFGS:  283 05:11:47     -111.490797        0.007882
BFGS:  284 05:11:47     -111.490824        0.010597
BFGS:  285 05:11:47     -111.490852        0.011777
BFGS:  286 05:11:47     -111.490890        0.010960
BFGS:  287 05:11:47     -111.490938        0.007517
BFGS:  288 05:11:47     -111.490982        0.005217
BFGS:  289 05:11:47     -111.491003        0.005487
BFGS:  290 05:11:47     -111.491010        0.005654
BFGS:  291 05:11:48     -111.491016        0.005464
BFGS:  292 05:11:48     -111.491028        0.004903
BFGS:  293 05:11:48     -111.491052        0.004350
BFGS:  294 05:11:48     -111.491093        0.006737
BFGS:  295 05:11:48     -111.491135        0.009344
BFGS:  296 05:11:48     -111.491163        0.009302
BFGS:  297 05:11:48     -111.491182        0.007869
BFGS:  298 05:11:48     -111.491204        0.006303
BFGS:  299 05:11:48     -111.491242        0.007011
BFGS:  300 05:11:48     -111.491289        0.008004
BFGS:  301 05:11:48     -111.491329        0.010312
BFGS:  302 05:11:48     -111.491361        0.011010
BFGS:  303 05:11:48     -111.491403        0.010588
BFGS:  304 05:11:48     -111.491488        0.014187
BFGS:  305 05:11:49     -111.491643        0.016276
BFGS:  306 05:11:49     -111.491846        0.015624
BFGS:  307 05:11:49     -111.492014        0.016495
BFGS:  308 05:11:49     -111.492096        0.015631
BFGS:  309 05:11:49     -111.492136        0.013689
BFGS:  310 05:11:49     -111.492199        0.011505
BFGS:  311 05:11:49     -111.492312        0.010082
BFGS:  312 05:11:49     -111.492430        0.013219
BFGS:  313 05:11:49     -111.492469        0.014715
BFGS:  314 05:11:49     -111.492514        0.015092
BFGS:  315 05:11:49     -111.492597        0.014338
BFGS:  316 05:11:49     -111.492758        0.011765
BFGS:  317 05:11:49     -111.492965        0.014641
BFGS:  318 05:11:49     -111.493115        0.013600
BFGS:  319 05:11:50     -111.493175        0.010706
BFGS:  320 05:11:50     -111.493210        0.010483
BFGS:  321 05:11:50     -111.493272        0.010462
BFGS:  322 05:11:50     -111.493378        0.009703
BFGS:  323 05:11:50     -111.493509        0.012123
BFGS:  324 05:11:50     -111.493606        0.010756
BFGS:  325 05:11:50     -111.493661        0.012259
BFGS:  326 05:11:50     -111.493718        0.012686
BFGS:  327 05:11:50     -111.493837        0.012813
BFGS:  328 05:11:50     -111.494068        0.015181
BFGS:  329 05:11:50     -111.494427        0.018220
BFGS:  330 05:11:50     -111.494789        0.020425
BFGS:  331 05:11:50     -111.495056        0.022694
BFGS:  332 05:11:50     -111.495469        0.029387
BFGS:  333 05:11:51     -111.496263        0.043263
BFGS:  334 05:11:51     -111.498835        0.059339
BFGS:  335 05:11:51     -111.503333        0.084397
BFGS:  336 05:11:51     -111.514643        0.104076
BFGS:  337 05:11:51     -111.527872        0.113989
BFGS:  338 05:11:51     -111.536334        0.121586
BFGS:  339 05:11:51     -111.530006        0.164296
BFGS:  340 05:11:51     -111.551644        0.123338
BFGS:  341 05:11:51     -111.557856        0.114054
BFGS:  342 05:11:51     -111.569508        0.107322
BFGS:  343 05:11:51     -111.585257        0.100807
BFGS:  344 05:11:51     -111.598456        0.095491
BFGS:  345 05:11:51     -111.609177        0.093274
BFGS:  346 05:11:51     -111.614497        0.094195
BFGS:  347 05:11:52     -111.618753        0.093248
BFGS:  348 05:11:52     -111.621957        0.128582
BFGS:  349 05:11:52     -111.628850        0.122914
BFGS:  350 05:11:52     -111.637680        0.109095
BFGS:  351 05:11:52     -111.652712        0.103841
BFGS:  352 05:11:52     -111.671233        0.107373
BFGS:  353 05:11:52     -111.688602        0.103947
BFGS:  354 05:11:52     -111.697521        0.124911
BFGS:  355 05:11:52     -111.702713        0.097672
BFGS:  356 05:11:52     -111.708045        0.092112
BFGS:  357 05:11:52     -111.713612        0.086447
BFGS:  358 05:11:52     -111.718262        0.080199
BFGS:  359 05:11:52     -111.724034        0.085975
BFGS:  360 05:11:52     -111.730588        0.077144
BFGS:  361 05:11:52     -111.738086        0.078997
BFGS:  362 05:11:53     -111.744834        0.070994
BFGS:  363 05:11:53     -111.750356        0.086315
BFGS:  364 05:11:53     -111.755143        0.066710
BFGS:  365 05:11:53     -111.762388        0.092558
BFGS:  366 05:11:53     -111.776653        0.114692
BFGS:  367 05:11:53     -111.783911        0.127980
BFGS:  368 05:11:53     -111.792141        0.080281
BFGS:  369 05:11:53     -111.796887        0.070012
BFGS:  370 05:11:53     -111.799645        0.069037
BFGS:  371 05:11:53     -111.801615        0.074786
BFGS:  372 05:11:53     -111.803696        0.089729
BFGS:  373 05:11:53     -111.806648        0.088085
BFGS:  374 05:11:53     -111.810815        0.091474
BFGS:  375 05:11:54     -111.815102        0.083619
BFGS:  376 05:11:54     -111.819200        0.077652
BFGS:  377 05:11:54     -111.822231        0.078788
BFGS:  378 05:11:54     -111.824702        0.065926
BFGS:  379 05:11:54     -111.827115        0.054874
BFGS:  380 05:11:54     -111.829509        0.052023
BFGS:  381 05:11:54     -111.831485        0.049171
BFGS:  382 05:11:54     -111.832933        0.043144
BFGS:  383 05:11:54     -111.834168        0.037146
BFGS:  384 05:11:54     -111.835468        0.040263
BFGS:  385 05:11:54     -111.836757        0.043988
BFGS:  386 05:11:54     -111.838161        0.060359
BFGS:  387 05:11:54     -111.840296        0.089573
BFGS:  388 05:11:54     -111.845080        0.136042
BFGS:  389 05:11:54     -111.852844        0.189085
BFGS:  390 05:11:55     -111.861262        0.235016
BFGS:  391 05:11:55     -111.870039        0.275667
BFGS:  392 05:11:55     -111.880616        0.311345
BFGS:  393 05:11:55     -111.891941        0.342923
BFGS:  394 05:11:55     -111.903285        0.372721
BFGS:  395 05:11:55     -111.915003        0.398456
BFGS:  396 05:11:55     -111.927596        0.419897
BFGS:  397 05:11:55     -111.941204        0.434191
BFGS:  398 05:11:55     -111.956538        0.445678
BFGS:  399 05:11:55     -111.972977        0.452755
BFGS:  400 05:11:55     -111.991620        0.457198
BFGS:  401 05:11:55     -112.012690        0.455562
BFGS:  402 05:11:55     -112.037381        0.449107
BFGS:  403 05:11:55     -112.065391        0.429028
BFGS:  404 05:11:56     -112.100256        0.425689
BFGS:  405 05:11:56     -112.137363        0.461868
BFGS:  406 05:11:56     -112.196050        0.488289
BFGS:  407 05:11:56     -112.236405        0.518374
BFGS:  408 05:11:56     -112.289857        0.520299
BFGS:  409 05:11:56     -112.321762        0.520019
BFGS:  410 05:11:56     -112.376529        0.476663
BFGS:  411 05:11:56     -112.429177        0.410221
BFGS:  412 05:11:56     -112.482692        0.303969
BFGS:  413 05:11:56     -112.523994        0.343789
BFGS:  414 05:11:56     -112.550656        0.289185
BFGS:  415 05:11:56     -112.577374        0.287745
BFGS:  416 05:11:56     -112.622628        0.263216
BFGS:  417 05:11:56     -112.668189        0.261712
BFGS:  418 05:11:57     -112.712248        0.273650
BFGS:  419 05:11:57     -112.743109        0.274464
BFGS:  420 05:11:57     -112.768622        0.246678
BFGS:  421 05:11:57     -112.787187        0.185870
BFGS:  422 05:11:57     -112.803214        0.167152
BFGS:  423 05:11:57     -112.819000        0.157869
BFGS:  424 05:11:57     -112.833060        0.145683
BFGS:  425 05:11:57     -112.850847        0.176104
BFGS:  426 05:11:57     -112.874831        0.164435
BFGS:  427 05:11:57     -112.891911        0.146387
BFGS:  428 05:11:57     -112.905381        0.134461
BFGS:  429 05:11:57     -112.916917        0.143986
BFGS:  430 05:11:57     -112.928735        0.176440
BFGS:  431 05:11:57     -112.941898        0.175908
BFGS:  432 05:11:58     -112.957385        0.154016
BFGS:  433 05:11:58     -112.976603        0.134510
BFGS:  434 05:11:58     -112.994687        0.098569
BFGS:  435 05:11:58     -113.008612        0.127185
BFGS:  436 05:11:58     -113.019920        0.133646
BFGS:  437 05:11:58     -113.027558        0.152689
BFGS:  438 05:11:58     -113.034458        0.155578
BFGS:  439 05:11:58     -113.042776        0.158828
BFGS:  440 05:11:58     -113.051479        0.146753
BFGS:  441 05:11:58     -113.061599        0.138790
BFGS:  442 05:11:58     -113.072545        0.135862
BFGS:  443 05:11:58     -113.082378        0.129741
BFGS:  444 05:11:58     -113.090057        0.142192
BFGS:  445 05:11:59     -113.096763        0.142213
BFGS:  446 05:11:59     -113.102569        0.137154
BFGS:  447 05:11:59     -113.107834        0.129477
BFGS:  448 05:11:59     -113.113094        0.122517
BFGS:  449 05:11:59     -113.119959        0.110720
BFGS:  450 05:11:59     -113.129172        0.106983
BFGS:  451 05:11:59     -113.140167        0.109412
BFGS:  452 05:11:59     -113.150433        0.104167
BFGS:  453 05:11:59     -113.157361        0.122850
BFGS:  454 05:11:59     -113.161039        0.134251
BFGS:  455 05:11:59     -113.163816        0.126652
BFGS:  456 05:11:59     -113.167893        0.108209
BFGS:  457 05:11:59     -113.174652        0.107541
BFGS:  458 05:11:59     -113.183973        0.112958
BFGS:  459 05:12:00     -113.192598        0.099963
BFGS:  460 05:12:00     -113.197608        0.096360
BFGS:  461 05:12:00     -113.200121        0.097644
BFGS:  462 05:12:00     -113.202383        0.094476
BFGS:  463 05:12:00     -113.205944        0.080654
BFGS:  464 05:12:00     -113.210764        0.059147
BFGS:  465 05:12:00     -113.215677        0.060460
BFGS:  466 05:12:00     -113.219014        0.056656
BFGS:  467 05:12:00     -113.220817        0.051418
BFGS:  468 05:12:00     -113.222001        0.044507
BFGS:  469 05:12:00     -113.223178        0.041800
BFGS:  470 05:12:00     -113.224570        0.041112
BFGS:  471 05:12:00     -113.226270        0.039507
BFGS:  472 05:12:00     -113.228140        0.039325
BFGS:  473 05:12:01     -113.229631        0.037748
BFGS:  474 05:12:01     -113.230465        0.033407
BFGS:  475 05:12:01     -113.230943        0.031617
BFGS:  476 05:12:01     -113.231429        0.030087
BFGS:  477 05:12:01     -113.232181        0.031317
BFGS:  478 05:12:01     -113.233235        0.027116
BFGS:  479 05:12:01     -113.234281        0.025944
BFGS:  480 05:12:01     -113.234912        0.024001
BFGS:  481 05:12:01     -113.235178        0.021252
BFGS:  482 05:12:01     -113.235340        0.019404
BFGS:  483 05:12:01     -113.235559        0.020705
BFGS:  484 05:12:01     -113.235899        0.024228
BFGS:  485 05:12:01     -113.236377        0.025605
BFGS:  486 05:12:01     -113.236858        0.021244
BFGS:  487 05:12:02     -113.237162        0.016642
BFGS:  488 05:12:02     -113.237305        0.013803
BFGS:  489 05:12:02     -113.237399        0.011934
BFGS:  490 05:12:02     -113.237509        0.010857
BFGS:  491 05:12:02     -113.237648        0.012213
BFGS:  492 05:12:02     -113.237805        0.013100
BFGS:  493 05:12:02     -113.237957        0.013105
BFGS:  494 05:12:02     -113.238090        0.011548
BFGS:  495 05:12:02     -113.238190        0.010668
BFGS:  496 05:12:02     -113.238261        0.010036
BFGS:  497 05:12:02     -113.238317        0.009287
BFGS:  498 05:12:02     -113.238381        0.009208
BFGS:  499 05:12:02     -113.238472        0.009708
BFGS:  500 05:12:02     -113.238597        0.009192
BFGS:  501 05:12:03     -113.238730        0.010334
BFGS:  502 05:12:03     -113.238830        0.011152
BFGS:  503 05:12:03     -113.238891        0.010085
BFGS:  504 05:12:03     -113.238942        0.009690
BFGS:  505 05:12:03     -113.239006        0.009415
BFGS:  506 05:12:03     -113.239100        0.008218
BFGS:  507 05:12:03     -113.239216        0.008866
BFGS:  508 05:12:03     -113.239315        0.008977
BFGS:  509 05:12:03     -113.239369        0.008991
BFGS:  510 05:12:03     -113.239399        0.007876
BFGS:  511 05:12:03     -113.239428        0.006838
BFGS:  512 05:12:03     -113.239473        0.006431
BFGS:  513 05:12:03     -113.239527        0.005796
BFGS:  514 05:12:03     -113.239570        0.005300
BFGS:  515 05:12:04     -113.239592        0.004925
BFGS:  516 05:12:04     -113.239604        0.005139
BFGS:  517 05:12:04     -113.239615        0.005238
BFGS:  518 05:12:04     -113.239633        0.005353
BFGS:  519 05:12:04     -113.239659        0.005365
BFGS:  520 05:12:04     -113.239693        0.004849
BFGS:  521 05:12:04     -113.239724        0.004085
BFGS:  522 05:12:04     -113.239744        0.004308
BFGS:  523 05:12:04     -113.239753        0.004037
BFGS:  524 05:12:04     -113.239761        0.003733
BFGS:  525 05:12:04     -113.239770        0.003769
BFGS:  526 05:12:04     -113.239784        0.004658
BFGS:  527 05:12:04     -113.239803        0.004877
BFGS:  528 05:12:04     -113.239822        0.003708
BFGS:  529 05:12:05     -113.239833        0.003100
BFGS:  530 05:12:05     -113.239838        0.002821
BFGS:  531 05:12:05     -113.239840        0.002892
BFGS:  532 05:12:05     -113.239844        0.002907
BFGS:  533 05:12:05     -113.239850        0.002859
BFGS:  534 05:12:05     -113.239859        0.002849
BFGS:  535 05:12:05     -113.239869        0.002405
BFGS:  536 05:12:05     -113.239878        0.002843
BFGS:  537 05:12:05     -113.239882        0.003132
BFGS:  538 05:12:05     -113.239884        0.003307
BFGS:  539 05:12:05     -113.239889        0.003419
BFGS:  540 05:12:05     -113.239896        0.003091
BFGS:  541 05:12:05     -113.239906        0.002184
BFGS:  542 05:12:05     -113.239913        0.002011
BFGS:  543 05:12:06     -113.239916        0.001907
BFGS:  544 05:12:06     -113.239917        0.001777
BFGS:  545 05:12:06     -113.239918        0.001582
BFGS:  546 05:12:06     -113.239921        0.001374
BFGS:  547 05:12:06     -113.239925        0.001499
BFGS:  548 05:12:06     -113.239929        0.001387
BFGS:  549 05:12:06     -113.239932        0.001352
BFGS:  550 05:12:06     -113.239933        0.001249
BFGS:  551 05:12:06     -113.239934        0.001128
BFGS:  552 05:12:06     -113.239934        0.001002
BFGS:  553 05:12:06     -113.239935        0.000932
