      Step     Time          Energy          fmax
BFGS:    0 21:33:24     -183.290708        1.814562
BFGS:    1 21:33:25     -184.037556        1.790997
BFGS:    2 21:33:25     -186.995416        1.707259
BFGS:    3 21:33:25     -187.312333        1.699484
BFGS:    4 21:33:25     -187.647116        1.682185
BFGS:    5 21:33:25     -188.314136        1.639305
BFGS:    6 21:33:25     -189.021380        1.590078
BFGS:    7 21:33:25     -189.763412        1.536820
BFGS:    8 21:33:26     -190.523581        1.481216
BFGS:    9 21:33:26     -191.286559        1.424303
BFGS:   10 21:33:26     -192.039894        1.366772
BFGS:   11 21:33:26     -192.774876        1.309351
BFGS:   12 21:33:26     -193.485627        1.252863
BFGS:   13 21:33:26     -194.168329        1.198016
BFGS:   14 21:33:26     -194.820604        1.152692
BFGS:   15 21:33:26     -195.441135        1.109265
BFGS:   16 21:33:27     -196.029918        1.066765
BFGS:   17 21:33:27     -196.587630        1.025211
BFGS:   18 21:33:27     -197.115278        0.984540
BFGS:   19 21:33:27     -197.613934        0.944590
BFGS:   20 21:33:31     -198.084671        0.905308
BFGS:   21 21:33:31     -198.528686        0.866671
BFGS:   22 21:33:31     -198.947288        0.828643
BFGS:   23 21:33:31     -199.341879        0.791197
BFGS:   24 21:33:31     -199.713953        0.754369
BFGS:   25 21:33:32     -200.065012        0.718157
BFGS:   26 21:33:32     -200.396492        0.682533
BFGS:   27 21:33:32     -200.709735        0.647505
BFGS:   28 21:33:32     -201.005930        0.613074
BFGS:   29 21:33:32     -201.286100        0.579237
BFGS:   30 21:33:32     -201.551112        0.546005
BFGS:   31 21:33:32     -201.801713        0.513422
BFGS:   32 21:33:32     -202.038551        0.482373
BFGS:   33 21:33:33     -202.262198        0.475326
BFGS:   34 21:33:33     -202.473173        0.466173
BFGS:   35 21:33:33     -202.671953        0.454968
BFGS:   36 21:33:33     -202.858994        0.441768
BFGS:   37 21:33:33     -203.034746        0.426571
BFGS:   38 21:33:33     -203.199658        0.409417
BFGS:   39 21:33:33     -203.354211        0.390375
BFGS:   40 21:33:33     -203.498968        0.369506
BFGS:   41 21:33:34     -203.634628        0.346850
BFGS:   42 21:33:34     -203.762080        0.322421
BFGS:   43 21:33:34     -203.882499        0.296202
BFGS:   44 21:33:34     -203.997437        0.268167
BFGS:   45 21:33:38     -204.108983        0.238376
BFGS:   46 21:33:38     -204.220158        0.240458
BFGS:   47 21:33:38     -204.336342        0.236733
BFGS:   48 21:33:38     -204.447116        0.215263
BFGS:   49 21:33:38     -204.533447        0.173531
BFGS:   50 21:33:39     -204.620585        0.166551
BFGS:   51 21:33:39     -204.667037        0.146759
BFGS:   52 21:33:39     -204.694992        0.142770
BFGS:   53 21:33:39     -204.720390        0.136406
BFGS:   54 21:33:39     -204.769076        0.112575
BFGS:   55 21:33:39     -204.816975        0.134918
BFGS:   56 21:33:39     -204.847462        0.135916
BFGS:   57 21:33:39     -204.871857        0.123039
BFGS:   58 21:33:40     -204.889516        0.104535
BFGS:   59 21:33:40     -204.912781        0.077843
BFGS:   60 21:33:40     -204.937532        0.054688
BFGS:   61 21:33:40     -204.951123        0.043734
BFGS:   62 21:33:40     -204.954599        0.039203
BFGS:   63 21:33:40     -204.955988        0.040158
BFGS:   64 21:33:40     -204.957729        0.039614
BFGS:   65 21:33:44     -204.959614        0.037195
BFGS:   66 21:33:44     -204.961024        0.033924
BFGS:   67 21:33:44     -204.961767        0.031663
BFGS:   68 21:33:45     -204.962479        0.029903
BFGS:   69 21:33:45     -204.963848        0.028929
BFGS:   70 21:33:45     -204.966254        0.027890
BFGS:   71 21:33:45     -204.969230        0.031037
BFGS:   72 21:33:45     -204.971289        0.031740
BFGS:   73 21:33:45     -204.972342        0.028430
BFGS:   74 21:33:45     -204.973204        0.030453
BFGS:   75 21:33:46     -204.974850        0.034010
BFGS:   76 21:33:46     -204.978511        0.035787
BFGS:   77 21:33:46     -204.984909        0.034188
BFGS:   78 21:33:46     -204.991698        0.035429
BFGS:   79 21:33:46     -204.995671        0.034466
BFGS:   80 21:33:46     -204.996699        0.032898
BFGS:   81 21:33:46     -204.997028        0.032196
BFGS:   82 21:33:46     -204.997776        0.031267
BFGS:   83 21:33:47     -204.999106        0.030747
BFGS:   84 21:33:47     -205.000984        0.031483
BFGS:   85 21:33:47     -205.002342        0.033321
BFGS:   86 21:33:47     -205.002830        0.034614
BFGS:   87 21:33:47     -205.003026        0.035067
BFGS:   88 21:33:47     -205.003339        0.035388
BFGS:   89 21:33:47     -205.004081        0.035563
BFGS:   90 21:33:47     -205.005642        0.035053
BFGS:   91 21:33:48     -205.008135        0.032910
BFGS:   92 21:33:48     -205.010489        0.029396
BFGS:   93 21:33:48     -205.011590        0.027342
BFGS:   94 21:33:48     -205.011905        0.027042
BFGS:   95 21:33:48     -205.012141        0.026847
BFGS:   96 21:33:48     -205.012757        0.026542
BFGS:   97 21:33:48     -205.014086        0.026198
BFGS:   98 21:33:48     -205.016740        0.025927
BFGS:   99 21:33:49     -205.020343        0.026035
BFGS:  100 21:33:49     -205.023068        0.026584
BFGS:  101 21:33:49     -205.024147        0.027100
BFGS:  102 21:33:49     -205.024703        0.027501
BFGS:  103 21:33:49     -205.025659        0.028189
BFGS:  104 21:33:49     -205.027796        0.029636
BFGS:  105 21:33:49     -205.031960        0.032264
BFGS:  106 21:33:49     -205.037896        0.035617
BFGS:  107 21:33:50     -205.042868        0.037796
BFGS:  108 21:33:50     -205.044709        0.038053
BFGS:  109 21:33:50     -205.045141        0.037712
BFGS:  110 21:33:50     -205.045761        0.037068
BFGS:  111 21:33:50     -205.047247        0.035712
BFGS:  112 21:33:50     -205.050563        0.033339
BFGS:  113 21:33:50     -205.057206        0.029873
BFGS:  114 21:33:50     -205.063561        0.029713
BFGS:  115 21:33:51     -205.069450        0.029257
BFGS:  116 21:33:51     -205.074233        0.031273
BFGS:  117 21:33:51     -205.077500        0.033409
BFGS:  118 21:33:51     -205.079121        0.035549
BFGS:  119 21:33:51     -205.079539        0.035935
BFGS:  120 21:33:51     -205.080356        0.036599
BFGS:  121 21:33:51     -205.081029        0.036895
BFGS:  122 21:33:51     -205.082038        0.036855
BFGS:  123 21:33:52     -205.083072        0.037322
BFGS:  124 21:33:52     -205.084429        0.049647
BFGS:  125 21:33:52     -205.086066        0.057155
BFGS:  126 21:33:52     -205.088504        0.059876
BFGS:  127 21:33:52     -205.093456        0.056548
BFGS:  128 21:33:52     -205.100597        0.046226
BFGS:  129 21:33:52     -205.106781        0.036016
BFGS:  130 21:33:52     -205.112085        0.027300
BFGS:  131 21:33:53     -205.115309        0.022462
BFGS:  132 21:33:53     -205.116018        0.021535
BFGS:  133 21:33:53     -205.116218        0.021301
BFGS:  134 21:33:53     -205.116578        0.020895
BFGS:  135 21:33:53     -205.116886        0.020756
BFGS:  136 21:33:53     -205.117324        0.020871
BFGS:  137 21:33:53     -205.117690        0.027096
BFGS:  138 21:33:53     -205.118105        0.032358
BFGS:  139 21:33:54     -205.118766        0.034380
BFGS:  140 21:33:54     -205.120107        0.033022
BFGS:  141 21:33:54     -205.122395        0.026504
BFGS:  142 21:33:54     -205.125017        0.023314
BFGS:  143 21:33:54     -205.126499        0.022559
BFGS:  144 21:33:54     -205.126871        0.022321
BFGS:  145 21:33:54     -205.127020        0.022222
BFGS:  146 21:33:54     -205.127302        0.022221
BFGS:  147 21:33:55     -205.127840        0.022140
BFGS:  148 21:33:55     -205.128480        0.022014
BFGS:  149 21:33:55     -205.128961        0.021872
BFGS:  150 21:33:55     -205.129234        0.021812
BFGS:  151 21:33:55     -205.129508        0.021758
BFGS:  152 21:33:55     -205.130031        0.021615
BFGS:  153 21:33:55     -205.130955        0.021223
BFGS:  154 21:33:55     -205.132233        0.031267
BFGS:  155 21:33:56     -205.133547        0.045380
BFGS:  156 21:33:56     -205.134953        0.052382
BFGS:  157 21:33:56     -205.137126        0.054077
BFGS:  158 21:33:56     -205.141060        0.048558
BFGS:  159 21:33:56     -205.147781        0.039686
BFGS:  160 21:33:56     -205.155074        0.028888
BFGS:  161 21:33:56     -205.159390        0.019488
BFGS:  162 21:33:57     -205.161185        0.021073
BFGS:  163 21:33:57     -205.161590        0.015865
BFGS:  164 21:33:57     -205.161772        0.013332
BFGS:  165 21:33:57     -205.162062        0.010208
BFGS:  166 21:33:57     -205.162326        0.010197
BFGS:  167 21:33:57     -205.162820        0.010652
BFGS:  168 21:33:57     -205.163023        0.010960
BFGS:  169 21:33:57     -205.163098        0.011074
BFGS:  170 21:33:58     -205.163128        0.011115
BFGS:  171 21:33:58     -205.163158        0.011174
BFGS:  172 21:33:58     -205.163222        0.011253
BFGS:  173 21:33:58     -205.163332        0.011341
BFGS:  174 21:33:58     -205.163468        0.011297
BFGS:  175 21:33:58     -205.163562        0.011116
BFGS:  176 21:33:58     -205.163596        0.010960
BFGS:  177 21:33:58     -205.163609        0.010902
BFGS:  178 21:33:59     -205.163636        0.010827
BFGS:  179 21:33:59     -205.163695        0.010712
BFGS:  180 21:33:59     -205.163834        0.010620
BFGS:  181 21:33:59     -205.164113        0.010971
BFGS:  182 21:33:59     -205.164532        0.013511
BFGS:  183 21:33:59     -205.164913        0.019514
BFGS:  184 21:33:59     -205.165131        0.021432
BFGS:  185 21:33:59     -205.165268        0.020813
BFGS:  186 21:34:00     -205.165457        0.019100
BFGS:  187 21:34:00     -205.165856        0.015672
BFGS:  188 21:34:00     -205.166556        0.010470
BFGS:  189 21:34:00     -205.167372        0.011155
BFGS:  190 21:34:00     -205.167891        0.012189
BFGS:  191 21:34:00     -205.168131        0.011232
BFGS:  192 21:34:00     -205.168252        0.010940
BFGS:  193 21:34:00     -205.168415        0.009922
BFGS:  194 21:34:01     -205.168787        0.007458
BFGS:  195 21:34:01     -205.169263        0.007139
BFGS:  196 21:34:01     -205.169563        0.006656
BFGS:  197 21:34:01     -205.169648        0.006225
BFGS:  198 21:34:01     -205.169668        0.006017
BFGS:  199 21:34:01     -205.169682        0.005927
BFGS:  200 21:34:01     -205.169716        0.005822
BFGS:  201 21:34:02     -205.169770        0.005787
BFGS:  202 21:34:02     -205.169837        0.007909
BFGS:  203 21:34:02     -205.169884        0.008152
BFGS:  204 21:34:02     -205.169904        0.007084
BFGS:  205 21:34:02     -205.169915        0.006327
BFGS:  206 21:34:02     -205.169930        0.006352
BFGS:  207 21:34:02     -205.169943        0.006318
BFGS:  208 21:34:02     -205.169953        0.006256
BFGS:  209 21:34:03     -205.169962        0.006198
BFGS:  210 21:34:03     -205.169980        0.006131
BFGS:  211 21:34:03     -205.170016        0.006053
BFGS:  212 21:34:03     -205.170084        0.005990
BFGS:  213 21:34:03     -205.170175        0.006003
BFGS:  214 21:34:03     -205.170244        0.006124
BFGS:  215 21:34:03     -205.170269        0.006258
BFGS:  216 21:34:03     -205.170279        0.006320
BFGS:  217 21:34:04     -205.170297        0.006379
BFGS:  218 21:34:04     -205.170333        0.006438
BFGS:  219 21:34:04     -205.170403        0.009900
BFGS:  220 21:34:04     -205.170510        0.017697
BFGS:  221 21:34:04     -205.170645        0.024090
BFGS:  222 21:34:04     -205.170809        0.026598
BFGS:  223 21:34:04     -205.171052        0.025914
BFGS:  224 21:34:04     -205.171440        0.020736
BFGS:  225 21:34:05     -205.171943        0.017292
BFGS:  226 21:34:05     -205.172353        0.016185
BFGS:  227 21:34:05     -205.172544        0.016846
BFGS:  228 21:34:05     -205.172654        0.012973
BFGS:  229 21:34:05     -205.172815        0.008709
BFGS:  230 21:34:05     -205.173062        0.008093
BFGS:  231 21:34:05     -205.173343        0.017119
BFGS:  232 21:34:05     -205.173583        0.022504
BFGS:  233 21:34:06     -205.173827        0.023365
BFGS:  234 21:34:06     -205.174230        0.024705
BFGS:  235 21:34:06     -205.174995        0.024996
BFGS:  236 21:34:06     -205.176187        0.023409
BFGS:  237 21:34:06     -205.177332        0.025344
BFGS:  238 21:34:06     -205.177897        0.024209
BFGS:  239 21:34:06     -205.178122        0.019989
BFGS:  240 21:34:06     -205.178322        0.015773
BFGS:  241 21:34:07     -205.178613        0.012768
BFGS:  242 21:34:07     -205.178992        0.015236
BFGS:  243 21:34:07     -205.179442        0.019478
BFGS:  244 21:34:07     -205.179913        0.026052
BFGS:  245 21:34:07     -205.178387        0.037129
BFGS:  246 21:34:07     -205.180514        0.026818
BFGS:  247 21:34:07     -205.181631        0.021624
BFGS:  248 21:34:07     -205.182434        0.017351
BFGS:  249 21:34:08     -205.183104        0.015658
BFGS:  250 21:34:08     -205.183675        0.015243
BFGS:  251 21:34:08     -205.184805        0.013178
BFGS:  252 21:34:08     -205.186282        0.011607
BFGS:  253 21:34:08     -205.187391        0.012437
BFGS:  254 21:34:08     -205.187999        0.010808
BFGS:  255 21:34:08     -205.188226        0.009086
BFGS:  256 21:34:09     -205.188315        0.007220
BFGS:  257 21:34:09     -205.188337        0.005894
BFGS:  258 21:34:09     -205.188351        0.004456
BFGS:  259 21:34:09     -205.188369        0.003339
BFGS:  260 21:34:09     -205.188394        0.003727
BFGS:  261 21:34:09     -205.188415        0.006443
BFGS:  262 21:34:09     -205.188432        0.007673
BFGS:  263 21:34:09     -205.188451        0.007705
BFGS:  264 21:34:10     -205.188486        0.006565
BFGS:  265 21:34:10     -205.188538        0.005534
BFGS:  266 21:34:10     -205.188590        0.004805
BFGS:  267 21:34:10     -205.188616        0.005627
BFGS:  268 21:34:10     -205.188626        0.005384
BFGS:  269 21:34:10     -205.188634        0.004588
BFGS:  270 21:34:10     -205.188645        0.003314
BFGS:  271 21:34:10     -205.188655        0.003316
BFGS:  272 21:34:11     -205.188660        0.003340
BFGS:  273 21:34:11     -205.188663        0.003267
BFGS:  274 21:34:11     -205.188667        0.003240
BFGS:  275 21:34:11     -205.188674        0.003215
BFGS:  276 21:34:11     -205.188680        0.003213
BFGS:  277 21:34:11     -205.188683        0.003235
BFGS:  278 21:34:11     -205.188685        0.003259
BFGS:  279 21:34:11     -205.188688        0.003284
BFGS:  280 21:34:12     -205.188692        0.003316
BFGS:  281 21:34:12     -205.188701        0.003341
BFGS:  282 21:34:12     -205.188712        0.003329
BFGS:  283 21:34:12     -205.188722        0.004003
BFGS:  284 21:34:12     -205.188729        0.004286
BFGS:  285 21:34:12     -205.188737        0.004008
BFGS:  286 21:34:12     -205.188751        0.003178
BFGS:  287 21:34:12     -205.188774        0.003254
BFGS:  288 21:34:13     -205.188799        0.005066
BFGS:  289 21:34:13     -205.188817        0.005144
BFGS:  290 21:34:13     -205.188829        0.005061
BFGS:  291 21:34:13     -205.188846        0.004882
BFGS:  292 21:34:13     -205.188882        0.004991
BFGS:  293 21:34:13     -205.188949        0.007740
BFGS:  294 21:34:13     -205.189046        0.013127
BFGS:  295 21:34:22     -205.189137        0.014861
BFGS:  296 21:34:23     -205.189206        0.014598
BFGS:  297 21:34:23     -205.189278        0.015351
BFGS:  298 21:34:23     -205.189381        0.014215
BFGS:  299 21:34:23     -205.189530        0.010920
BFGS:  300 21:34:23     -205.189698        0.017725
BFGS:  301 21:34:23     -205.189860        0.018996
BFGS:  302 21:34:23     -205.190087        0.018184
BFGS:  303 21:34:23     -205.190292        0.019736
BFGS:  304 21:34:24     -205.190459        0.018911
BFGS:  305 21:34:24     -205.190635        0.012886
BFGS:  306 21:34:24     -205.190825        0.007945
BFGS:  307 21:34:24     -205.190904        0.006602
BFGS:  308 21:34:24     -205.190986        0.006769
BFGS:  309 21:34:24     -205.191065        0.007273
BFGS:  310 21:34:24     -205.191126        0.005430
BFGS:  311 21:34:24     -205.191154        0.005662
BFGS:  312 21:34:25     -205.191173        0.005656
BFGS:  313 21:34:25     -205.191201        0.005425
BFGS:  314 21:34:25     -205.191240        0.006188
BFGS:  315 21:34:25     -205.191275        0.005895
BFGS:  316 21:34:25     -205.191293        0.005095
BFGS:  317 21:34:25     -205.191302        0.005355
BFGS:  318 21:34:25     -205.191313        0.004998
BFGS:  319 21:34:25     -205.191329        0.005095
BFGS:  320 21:34:26     -205.191347        0.005004
BFGS:  321 21:34:26     -205.191359        0.006083
BFGS:  322 21:34:26     -205.191366        0.005937
BFGS:  323 21:34:26     -205.191373        0.004980
BFGS:  324 21:34:26     -205.191382        0.004158
BFGS:  325 21:34:26     -205.191390        0.003415
BFGS:  326 21:34:26     -205.191394        0.003421
BFGS:  327 21:34:26     -205.191396        0.003587
BFGS:  328 21:34:27     -205.191399        0.003666
BFGS:  329 21:34:27     -205.191403        0.003687
BFGS:  330 21:34:27     -205.191408        0.003588
BFGS:  331 21:34:27     -205.191411        0.003365
BFGS:  332 21:34:27     -205.191413        0.003153
BFGS:  333 21:34:27     -205.191413        0.002986
BFGS:  334 21:34:27     -205.191414        0.002733
BFGS:  335 21:34:27     -205.191416        0.002543
BFGS:  336 21:34:28     -205.191417        0.002627
BFGS:  337 21:34:31     -205.191418        0.002724
BFGS:  338 21:34:31     -205.191418        0.002850
BFGS:  339 21:34:32     -205.191419        0.002841
BFGS:  340 21:34:32     -205.191420        0.002665
BFGS:  341 21:34:32     -205.191421        0.002655
BFGS:  342 21:34:32     -205.191422        0.002882
BFGS:  343 21:34:32     -205.191423        0.002997
BFGS:  344 21:34:32     -205.191423        0.003020
BFGS:  345 21:34:32     -205.191424        0.002982
BFGS:  346 21:34:32     -205.191425        0.002818
BFGS:  347 21:34:33     -205.191427        0.002747
BFGS:  348 21:34:33     -205.191430        0.002947
BFGS:  349 21:34:33     -205.191432        0.003142
BFGS:  350 21:34:33     -205.191434        0.003101
BFGS:  351 21:34:33     -205.191436        0.002890
BFGS:  352 21:34:33     -205.191439        0.002530
BFGS:  353 21:34:33     -205.191443        0.002757
BFGS:  354 21:34:34     -205.191446        0.002863
BFGS:  355 21:34:34     -205.191447        0.002828
BFGS:  356 21:34:34     -205.191448        0.002745
BFGS:  357 21:34:34     -205.191449        0.002573
BFGS:  358 21:34:34     -205.191451        0.002305
BFGS:  359 21:34:34     -205.191453        0.002489
BFGS:  360 21:34:34     -205.191454        0.002465
BFGS:  361 21:34:34     -205.191455        0.002339
BFGS:  362 21:34:35     -205.191455        0.002160
BFGS:  363 21:34:35     -205.191456        0.002155
BFGS:  364 21:34:35     -205.191457        0.002165
BFGS:  365 21:34:35     -205.191458        0.002171
BFGS:  366 21:34:35     -205.191458        0.002156
BFGS:  367 21:34:35     -205.191458        0.002158
BFGS:  368 21:34:35     -205.191459        0.002192
BFGS:  369 21:34:35     -205.191460        0.002180
BFGS:  370 21:34:36     -205.191462        0.002228
BFGS:  371 21:34:36     -205.191464        0.002299
BFGS:  372 21:34:36     -205.191465        0.002330
BFGS:  373 21:34:36     -205.191465        0.002320
BFGS:  374 21:34:36     -205.191466        0.002274
BFGS:  375 21:34:36     -205.191468        0.002213
BFGS:  376 21:34:36     -205.191471        0.002680
BFGS:  377 21:34:36     -205.191475        0.002810
BFGS:  378 21:34:37     -205.191478        0.002799
BFGS:  379 21:34:37     -205.191480        0.003071
BFGS:  380 21:34:37     -205.191482        0.002946
BFGS:  381 21:34:37     -205.191486        0.002353
BFGS:  382 21:34:37     -205.191491        0.002228
BFGS:  383 21:34:37     -205.191494        0.002439
BFGS:  384 21:34:37     -205.191495        0.002344
BFGS:  385 21:34:37     -205.191497        0.002194
BFGS:  386 21:34:38     -205.191502        0.002498
BFGS:  387 21:34:38     -205.191510        0.003317
BFGS:  388 21:34:38     -205.191524        0.003790
BFGS:  389 21:34:38     -205.191537        0.003476
BFGS:  390 21:34:38     -205.191545        0.003479
BFGS:  391 21:34:38     -205.191550        0.003263
BFGS:  392 21:34:38     -205.191561        0.003154
BFGS:  393 21:34:39     -205.191585        0.006098
BFGS:  394 21:34:39     -205.191663        0.012112
BFGS:  395 21:34:39     -205.191775        0.021501
BFGS:  396 21:34:39     -205.191734        0.031263
BFGS:  397 21:34:43     -205.191846        0.023823
BFGS:  398 21:34:43     -205.191864        0.023738
BFGS:  399 21:34:43     -205.191898        0.023562
BFGS:  400 21:34:43     -205.191916        0.023274
BFGS:  401 21:34:43     -205.192002        0.022175
BFGS:  402 21:34:44     -205.192131        0.021808
BFGS:  403 21:34:44     -205.192391        0.021907
BFGS:  404 21:34:44     -205.192719        0.023930
BFGS:  405 21:34:44     -205.193099        0.028440
BFGS:  406 21:34:44     -205.193535        0.033955
BFGS:  407 21:34:44     -205.194244        0.037877
BFGS:  408 21:34:44     -205.195198        0.039849
BFGS:  409 21:34:45     -205.196466        0.040142
BFGS:  410 21:34:45     -205.197387        0.036899
BFGS:  411 21:34:45     -205.198542        0.039160
BFGS:  412 21:34:45     -205.199492        0.042268
BFGS:  413 21:34:45     -205.200213        0.047740
BFGS:  414 21:34:45     -205.201802        0.058194
BFGS:  415 21:34:45     -205.205345        0.080759
BFGS:  416 21:34:45     -205.209761        0.099498
BFGS:  417 21:34:46     -205.211914        0.098924
BFGS:  418 21:34:46     -205.211960        0.109811
BFGS:  419 21:34:46     -205.215277        0.090623
BFGS:  420 21:34:46     -205.217095        0.074112
BFGS:  421 21:34:46     -205.221388        0.050406
BFGS:  422 21:34:46     -205.225303        0.048277
BFGS:  423 21:34:46     -205.227581        0.054540
BFGS:  424 21:34:46     -205.228824        0.059538
BFGS:  425 21:34:47     -205.230367        0.062302
BFGS:  426 21:34:47     -205.234072        0.064991
BFGS:  427 21:34:47     -205.238804        0.072797
BFGS:  428 21:34:47     -205.245601        0.085810
BFGS:  429 21:34:47     -205.252247        0.100349
BFGS:  430 21:34:47     -205.256506        0.089290
BFGS:  431 21:34:47     -205.258499        0.096129
BFGS:  432 21:34:47     -205.261058        0.088141
BFGS:  433 21:34:48     -205.266547        0.062383
BFGS:  434 21:34:48     -205.272080        0.074165
BFGS:  435 21:34:48     -205.277637        0.101889
BFGS:  436 21:34:48     -205.281636        0.114592
BFGS:  437 21:34:48     -205.284350        0.112283
BFGS:  438 21:34:48     -205.286836        0.098243
BFGS:  439 21:34:48     -205.291073        0.079095
BFGS:  440 21:34:48     -205.301165        0.085779
BFGS:  441 21:34:49     -205.303404        0.083788
BFGS:  442 21:34:49     -205.305385        0.086811
BFGS:  443 21:34:49     -205.307105        0.083319
BFGS:  444 21:34:49     -205.310746        0.067543
BFGS:  445 21:34:49     -205.316004        0.072587
BFGS:  446 21:34:49     -205.321802        0.090579
BFGS:  447 21:34:49     -205.326024        0.112347
BFGS:  448 21:34:50     -205.329074        0.116096
BFGS:  449 21:34:50     -205.332146        0.112164
BFGS:  450 21:34:50     -205.337589        0.088289
BFGS:  451 21:34:50     -205.344979        0.081289
BFGS:  452 21:34:50     -205.349779        0.093578
BFGS:  453 21:34:50     -205.352320        0.097240
BFGS:  454 21:34:50     -205.354899        0.093988
BFGS:  455 21:34:50     -205.359192        0.090782
BFGS:  456 21:34:51     -205.366273        0.087453
BFGS:  457 21:34:51     -205.373954        0.116107
BFGS:  458 21:34:51     -205.378985        0.124048
BFGS:  459 21:34:51     -205.381499        0.110706
BFGS:  460 21:34:51     -205.383849        0.083601
BFGS:  461 21:34:51     -205.388186        0.068870
BFGS:  462 21:34:51     -205.393733        0.076654
BFGS:  463 21:34:51     -205.397262        0.081204
BFGS:  464 21:34:52     -205.399001        0.080459
BFGS:  465 21:34:52     -205.400534        0.073872
BFGS:  466 21:34:52     -205.403028        0.068145
BFGS:  467 21:34:52     -205.406824        0.068314
BFGS:  468 21:34:52     -205.410684        0.076959
BFGS:  469 21:34:52     -205.412993        0.076242
BFGS:  470 21:34:52     -205.414112        0.070133
BFGS:  471 21:34:52     -205.415236        0.071677
BFGS:  472 21:34:53     -205.417802        0.070755
BFGS:  473 21:34:53     -205.421787        0.070957
BFGS:  474 21:34:53     -205.426372        0.092659
BFGS:  475 21:34:53     -205.429677        0.110739
BFGS:  476 21:34:53     -205.431971        0.107733
BFGS:  477 21:34:53     -205.434331        0.098657
BFGS:  478 21:34:53     -205.438201        0.089858
BFGS:  479 21:34:53     -205.444304        0.079189
BFGS:  480 21:34:54     -205.450583        0.092847
BFGS:  481 21:34:54     -205.455050        0.125850
BFGS:  482 21:34:54     -205.458134        0.134906
BFGS:  483 21:34:54     -205.461832        0.122019
BFGS:  484 21:34:54     -205.470386        0.078465
BFGS:  485 21:34:54     -205.480881        0.086569
BFGS:  486 21:34:54     -205.490330        0.112768
BFGS:  487 21:34:54     -205.496025        0.107166
BFGS:  488 21:34:55     -205.499702        0.100021
BFGS:  489 21:34:55     -205.504709        0.083537
BFGS:  490 21:34:55     -205.517724        0.093977
BFGS:  491 21:34:55     -205.536382        0.102745
BFGS:  492 21:34:55     -205.556018        0.164389
BFGS:  493 21:34:55     -205.567753        0.186698
BFGS:  494 21:34:55     -205.576775        0.170758
BFGS:  495 21:34:56     -205.586321        0.133624
BFGS:  496 21:34:56     -205.608076        0.111892
BFGS:  497 21:34:56     -205.637282        0.129390
BFGS:  498 21:34:56     -205.673297        0.219198
BFGS:  499 21:34:56     -205.704564        0.304165
BFGS:  500 21:34:56     -205.734140        0.380350
BFGS:  501 21:34:56     -205.752911        0.311305
BFGS:  502 21:34:56     -205.786487        0.184431
BFGS:  503 21:34:57     -205.820385        0.186631
BFGS:  504 21:34:57     -205.859078        0.161943
BFGS:  505 21:34:57     -205.894608        0.232330
BFGS:  506 21:34:57     -205.911400        0.217407
BFGS:  507 21:34:57     -205.924552        0.164081
BFGS:  508 21:34:57     -205.945043        0.149321
BFGS:  509 21:34:57     -205.974244        0.119507
BFGS:  510 21:34:57     -206.000463        0.122838
BFGS:  511 21:34:58     -206.013876        0.117783
BFGS:  512 21:34:58     -206.023076        0.115792
BFGS:  513 21:34:58     -206.029134        0.093710
BFGS:  514 21:34:58     -206.036798        0.080872
BFGS:  515 21:34:58     -206.051451        0.085574
BFGS:  516 21:34:58     -206.064642        0.108880
BFGS:  517 21:34:58     -206.074450        0.130283
BFGS:  518 21:34:58     -206.079616        0.113303
BFGS:  519 21:34:59     -206.083937        0.096772
BFGS:  520 21:34:59     -206.091204        0.081715
BFGS:  521 21:34:59     -206.100173        0.077622
BFGS:  522 21:34:59     -206.107231        0.074332
BFGS:  523 21:34:59     -206.110900        0.079130
BFGS:  524 21:34:59     -206.113323        0.070451
BFGS:  525 21:34:59     -206.116486        0.058524
BFGS:  526 21:34:59     -206.122463        0.072784
BFGS:  527 21:35:00     -206.128593        0.097351
BFGS:  528 21:35:00     -206.133207        0.094812
BFGS:  529 21:35:00     -206.135952        0.074010
BFGS:  530 21:35:00     -206.138102        0.066184
BFGS:  531 21:35:00     -206.140722        0.057299
BFGS:  532 21:35:00     -206.144198        0.054234
BFGS:  533 21:35:00     -206.147684        0.050139
BFGS:  534 21:35:00     -206.150123        0.063159
BFGS:  535 21:35:01     -206.151811        0.069459
BFGS:  536 21:35:01     -206.153634        0.059851
BFGS:  537 21:35:01     -206.156357        0.048674
BFGS:  538 21:35:01     -206.160265        0.048422
BFGS:  539 21:35:01     -206.164093        0.044184
BFGS:  540 21:35:01     -206.166262        0.042397
BFGS:  541 21:35:01     -206.167232        0.046690
BFGS:  542 21:35:02     -206.168128        0.045775
BFGS:  543 21:35:02     -206.169796        0.039147
BFGS:  544 21:35:02     -206.172477        0.041728
BFGS:  545 21:35:02     -206.175412        0.053411
BFGS:  546 21:35:02     -206.177260        0.044278
BFGS:  547 21:35:02     -206.178195        0.050456
BFGS:  548 21:35:02     -206.179076        0.050156
BFGS:  549 21:35:02     -206.180581        0.042062
BFGS:  550 21:35:03     -206.182530        0.034896
BFGS:  551 21:35:03     -206.183977        0.047181
BFGS:  552 21:35:03     -206.184737        0.051970
BFGS:  553 21:35:03     -206.185386        0.048931
BFGS:  554 21:35:03     -206.186501        0.037900
BFGS:  555 21:35:03     -206.188274        0.032778
BFGS:  556 21:35:03     -206.190153        0.041148
BFGS:  557 21:35:03     -206.191267        0.033240
BFGS:  558 21:35:04     -206.191794        0.032110
BFGS:  559 21:35:04     -206.192306        0.029954
BFGS:  560 21:35:04     -206.193410        0.030937
BFGS:  561 21:35:04     -206.195216        0.038248
BFGS:  562 21:35:04     -206.197161        0.041699
BFGS:  563 21:35:04     -206.198350        0.038841
BFGS:  564 21:35:04     -206.198948        0.034478
BFGS:  565 21:35:04     -206.199494        0.029523
BFGS:  566 21:35:05     -206.200474        0.027772
BFGS:  567 21:35:05     -206.201976        0.032997
BFGS:  568 21:35:05     -206.203537        0.043175
BFGS:  569 21:35:05     -206.204521        0.047682
BFGS:  570 21:35:05     -206.205089        0.043342
BFGS:  571 21:35:05     -206.205640        0.034038
BFGS:  572 21:35:05     -206.206528        0.027800
BFGS:  573 21:35:05     -206.207708        0.028692
BFGS:  574 21:35:06     -206.208733        0.036451
BFGS:  575 21:35:06     -206.209310        0.034769
BFGS:  576 21:35:06     -206.209722        0.030045
BFGS:  577 21:35:06     -206.210322        0.024450
BFGS:  578 21:35:06     -206.211284        0.022118
BFGS:  579 21:35:06     -206.212313        0.025481
BFGS:  580 21:35:06     -206.212963        0.023343
BFGS:  581 21:35:07     -206.213270        0.021578
BFGS:  582 21:35:07     -206.213526        0.020215
BFGS:  583 21:35:07     -206.213957        0.023588
BFGS:  584 21:35:07     -206.214645        0.024531
BFGS:  585 21:35:07     -206.215435        0.029104
BFGS:  586 21:35:07     -206.215974        0.028711
BFGS:  587 21:35:07     -206.216240        0.025645
BFGS:  588 21:35:07     -206.216463        0.025474
BFGS:  589 21:35:08     -206.216840        0.022724
BFGS:  590 21:35:08     -206.217414        0.017720
BFGS:  591 21:35:08     -206.218027        0.024745
BFGS:  592 21:35:08     -206.218416        0.028893
BFGS:  593 21:35:08     -206.218626        0.026972
BFGS:  594 21:35:08     -206.218840        0.023711
BFGS:  595 21:35:08     -206.219209        0.019224
BFGS:  596 21:35:08     -206.219751        0.016945
BFGS:  597 21:35:09     -206.220286        0.021290
BFGS:  598 21:35:09     -206.220607        0.022841
BFGS:  599 21:35:09     -206.220793        0.021085
BFGS:  600 21:35:09     -206.221014        0.018239
BFGS:  601 21:35:09     -206.221429        0.014510
BFGS:  602 21:35:09     -206.222087        0.014511
BFGS:  603 21:35:09     -206.222740        0.019920
BFGS:  604 21:35:09     -206.223114        0.024592
BFGS:  605 21:35:10     -206.223295        0.022733
BFGS:  606 21:35:10     -206.223472        0.019533
BFGS:  607 21:35:10     -206.223831        0.016670
BFGS:  608 21:35:10     -206.224462        0.024590
BFGS:  609 21:35:10     -206.225136        0.024726
BFGS:  610 21:35:10     -206.225520        0.026199
BFGS:  611 21:35:10     -206.225680        0.022441
BFGS:  612 21:35:10     -206.225809        0.016005
BFGS:  613 21:35:11     -206.226029        0.012038
BFGS:  614 21:35:11     -206.226344        0.017729
BFGS:  615 21:35:11     -206.226646        0.027760
BFGS:  616 21:35:11     -206.226846        0.030689
BFGS:  617 21:35:11     -206.227014        0.027096
BFGS:  618 21:35:11     -206.227279        0.025500
BFGS:  619 21:35:11     -206.227726        0.025249
BFGS:  620 21:35:12     -206.228238        0.023956
BFGS:  621 21:35:12     -206.228546        0.017372
BFGS:  622 21:35:12     -206.228670        0.017393
BFGS:  623 21:35:12     -206.228763        0.016847
BFGS:  624 21:35:12     -206.228957        0.016196
BFGS:  625 21:35:12     -206.229344        0.017855
BFGS:  626 21:35:12     -206.229853        0.021570
BFGS:  627 21:35:12     -206.230212        0.016572
BFGS:  628 21:35:13     -206.230353        0.015105
BFGS:  629 21:35:13     -206.230422        0.014940
BFGS:  630 21:35:13     -206.230537        0.017463
BFGS:  631 21:35:13     -206.230770        0.019381
BFGS:  632 21:35:13     -206.231145        0.021499
BFGS:  633 21:35:13     -206.231506        0.020446
BFGS:  634 21:35:13     -206.231680        0.013320
BFGS:  635 21:35:13     -206.231738        0.012278
BFGS:  636 21:35:14     -206.231786        0.011165
BFGS:  637 21:35:14     -206.231895        0.013229
BFGS:  638 21:35:14     -206.232121        0.014804
BFGS:  639 21:35:14     -206.232397        0.012369
BFGS:  640 21:35:14     -206.232584        0.009108
BFGS:  641 21:35:14     -206.232645        0.008404
BFGS:  642 21:35:14     -206.232670        0.008141
BFGS:  643 21:35:14     -206.232708        0.008261
BFGS:  644 21:35:15     -206.232784        0.010045
BFGS:  645 21:35:15     -206.232900        0.011932
BFGS:  646 21:35:15     -206.233010        0.010358
BFGS:  647 21:35:15     -206.233059        0.008648
BFGS:  648 21:35:15     -206.233074        0.008380
BFGS:  649 21:35:15     -206.233086        0.008366
BFGS:  650 21:35:15     -206.233112        0.008090
BFGS:  651 21:35:15     -206.233158        0.007306
BFGS:  652 21:35:16     -206.233216        0.007180
BFGS:  653 21:35:16     -206.233254        0.006922
BFGS:  654 21:35:16     -206.233266        0.007180
BFGS:  655 21:35:16     -206.233272        0.007332
BFGS:  656 21:35:16     -206.233281        0.007397
BFGS:  657 21:35:16     -206.233299        0.007641
BFGS:  658 21:35:16     -206.233327        0.008360
BFGS:  659 21:35:17     -206.233354        0.008291
BFGS:  660 21:35:17     -206.233367        0.007448
BFGS:  661 21:35:17     -206.233371        0.007120
BFGS:  662 21:35:17     -206.233374        0.007077
BFGS:  663 21:35:17     -206.233381        0.006943
BFGS:  664 21:35:17     -206.233395        0.006578
BFGS:  665 21:35:17     -206.233416        0.006720
BFGS:  666 21:35:17     -206.233433        0.006529
BFGS:  667 21:35:18     -206.233441        0.006482
BFGS:  668 21:35:18     -206.233444        0.006709
BFGS:  669 21:35:18     -206.233448        0.007142
BFGS:  670 21:35:18     -206.233456        0.007627
BFGS:  671 21:35:18     -206.233471        0.007936
BFGS:  672 21:35:18     -206.233488        0.008017
BFGS:  673 21:35:18     -206.233500        0.007994
BFGS:  674 21:35:18     -206.233504        0.008035
BFGS:  675 21:35:19     -206.233506        0.007903
BFGS:  676 21:35:19     -206.233508        0.007652
BFGS:  677 21:35:19     -206.233515        0.007176
BFGS:  678 21:35:19     -206.233525        0.006836
BFGS:  679 21:35:19     -206.233537        0.006739
BFGS:  680 21:35:19     -206.233544        0.006850
BFGS:  681 21:35:19     -206.233546        0.006971
BFGS:  682 21:35:19     -206.233548        0.007022
BFGS:  683 21:35:20     -206.233551        0.007049
BFGS:  684 21:35:20     -206.233556        0.007019
BFGS:  685 21:35:20     -206.233566        0.006887
BFGS:  686 21:35:20     -206.233575        0.006693
BFGS:  687 21:35:20     -206.233580        0.006588
BFGS:  688 21:35:20     -206.233582        0.006601
BFGS:  689 21:35:20     -206.233583        0.006659
BFGS:  690 21:35:21     -206.233587        0.006800
BFGS:  691 21:35:21     -206.233594        0.007057
BFGS:  692 21:35:21     -206.233605        0.007400
BFGS:  693 21:35:21     -206.233616        0.007610
BFGS:  694 21:35:21     -206.233621        0.007550
BFGS:  695 21:35:21     -206.233623        0.007407
BFGS:  696 21:35:21     -206.233625        0.007239
BFGS:  697 21:35:21     -206.233629        0.006925
BFGS:  698 21:35:22     -206.233638        0.006450
BFGS:  699 21:35:22     -206.233651        0.006267
BFGS:  700 21:35:22     -206.233662        0.006194
BFGS:  701 21:35:22     -206.233667        0.006343
BFGS:  702 21:35:22     -206.233668        0.006351
BFGS:  703 21:35:22     -206.233670        0.006381
BFGS:  704 21:35:22     -206.233675        0.006747
BFGS:  705 21:35:22     -206.233683        0.007200
BFGS:  706 21:35:23     -206.233694        0.007487
BFGS:  707 21:35:23     -206.233702        0.007314
BFGS:  708 21:35:23     -206.233704        0.006947
BFGS:  709 21:35:23     -206.233706        0.006706
BFGS:  710 21:35:23     -206.233708        0.006402
BFGS:  711 21:35:23     -206.233712        0.006015
BFGS:  712 21:35:23     -206.233719        0.005871
BFGS:  713 21:35:23     -206.233727        0.005643
BFGS:  714 21:35:24     -206.233731        0.005875
BFGS:  715 21:35:24     -206.233732        0.006008
BFGS:  716 21:35:24     -206.233733        0.006050
BFGS:  717 21:35:24     -206.233735        0.006154
BFGS:  718 21:35:24     -206.233739        0.006495
BFGS:  719 21:35:24     -206.233747        0.006767
BFGS:  720 21:35:24     -206.233754        0.006693
BFGS:  721 21:35:24     -206.233758        0.006332
BFGS:  722 21:35:25     -206.233760        0.006053
BFGS:  723 21:35:25     -206.233760        0.005869
BFGS:  724 21:35:25     -206.233763        0.005580
BFGS:  725 21:35:25     -206.233767        0.005264
BFGS:  726 21:35:25     -206.233773        0.005269
BFGS:  727 21:35:25     -206.233778        0.005308
BFGS:  728 21:35:25     -206.233780        0.005298
BFGS:  729 21:35:26     -206.233781        0.005298
BFGS:  730 21:35:26     -206.233782        0.005344
BFGS:  731 21:35:26     -206.233785        0.005593
BFGS:  732 21:35:26     -206.233790        0.005859
BFGS:  733 21:35:26     -206.233796        0.005971
BFGS:  734 21:35:26     -206.233800        0.005802
BFGS:  735 21:35:26     -206.233801        0.005579
BFGS:  736 21:35:26     -206.233802        0.005433
BFGS:  737 21:35:27     -206.233804        0.005230
BFGS:  738 21:35:27     -206.233807        0.004915
BFGS:  739 21:35:27     -206.233813        0.004660
BFGS:  740 21:35:27     -206.233820        0.004705
BFGS:  741 21:35:27     -206.233825        0.004625
BFGS:  742 21:35:27     -206.233827        0.004427
BFGS:  743 21:35:27     -206.233828        0.004463
BFGS:  744 21:35:27     -206.233830        0.004715
BFGS:  745 21:35:28     -206.233835        0.005101
BFGS:  746 21:35:28     -206.233843        0.005580
BFGS:  747 21:35:28     -206.233852        0.005876
BFGS:  748 21:35:28     -206.233856        0.005806
BFGS:  749 21:35:28     -206.233858        0.005623
BFGS:  750 21:35:28     -206.233859        0.005438
BFGS:  751 21:35:28     -206.233862        0.005105
BFGS:  752 21:35:28     -206.233868        0.004591
BFGS:  753 21:35:29     -206.233877        0.004015
BFGS:  754 21:35:29     -206.233884        0.003948
BFGS:  755 21:35:29     -206.233887        0.004039
BFGS:  756 21:35:29     -206.233888        0.004180
BFGS:  757 21:35:29     -206.233890        0.004264
BFGS:  758 21:35:29     -206.233893        0.004488
BFGS:  759 21:35:29     -206.233899        0.004806
BFGS:  760 21:35:29     -206.233909        0.005083
BFGS:  761 21:35:30     -206.233917        0.005080
BFGS:  762 21:35:30     -206.233922        0.004822
BFGS:  763 21:35:30     -206.233924        0.004584
BFGS:  764 21:35:30     -206.233926        0.004312
BFGS:  765 21:35:30     -206.233932        0.003854
BFGS:  766 21:35:30     -206.233944        0.003577
BFGS:  767 21:35:30     -206.233961        0.003863
BFGS:  768 21:35:31     -206.233974        0.004114
BFGS:  769 21:35:31     -206.233980        0.003957
BFGS:  770 21:35:31     -206.233982        0.003959
BFGS:  771 21:35:31     -206.233986        0.003858
BFGS:  772 21:35:31     -206.233994        0.003580
BFGS:  773 21:35:31     -206.234009        0.003432
BFGS:  774 21:35:31     -206.234029        0.003535
BFGS:  775 21:35:31     -206.234042        0.003368
BFGS:  776 21:35:32     -206.234047        0.003119
BFGS:  777 21:35:32     -206.234049        0.002941
BFGS:  778 21:35:32     -206.234052        0.002708
BFGS:  779 21:35:32     -206.234060        0.002611
BFGS:  780 21:35:32     -206.234072        0.002604
BFGS:  781 21:35:32     -206.234086        0.002574
BFGS:  782 21:35:32     -206.234093        0.002354
BFGS:  783 21:35:32     -206.234095        0.001973
BFGS:  784 21:35:33     -206.234097        0.001973
BFGS:  785 21:35:33     -206.234100        0.002065
BFGS:  786 21:35:33     -206.234107        0.002140
BFGS:  787 21:35:33     -206.234118        0.001990
BFGS:  788 21:35:33     -206.234129        0.001896
BFGS:  789 21:35:33     -206.234134        0.001983
BFGS:  790 21:35:33     -206.234135        0.001969
BFGS:  791 21:35:33     -206.234137        0.001933
BFGS:  792 21:35:34     -206.234141        0.001971
BFGS:  793 21:35:34     -206.234149        0.001887
BFGS:  794 21:35:34     -206.234159        0.001794
BFGS:  795 21:35:34     -206.234166        0.001594
BFGS:  796 21:35:34     -206.234168        0.001310
BFGS:  797 21:35:34     -206.234169        0.001332
BFGS:  798 21:35:34     -206.234171        0.001318
BFGS:  799 21:35:34     -206.234174        0.001293
BFGS:  800 21:35:35     -206.234179        0.001307
BFGS:  801 21:35:35     -206.234185        0.001255
BFGS:  802 21:35:35     -206.234189        0.001073
BFGS:  803 21:35:35     -206.234190        0.001105
BFGS:  804 21:35:35     -206.234190        0.001065
BFGS:  805 21:35:35     -206.234192        0.001030
BFGS:  806 21:35:35     -206.234194        0.001100
BFGS:  807 21:35:36     -206.234197        0.001020
BFGS:  808 21:35:36     -206.234200        0.000801
