      Step     Time          Energy          fmax
BFGS:    0 23:05:17      616.765009      348.746751
BFGS:    1 23:05:17       21.182600       72.386143
BFGS:    2 23:05:17      -44.548731       47.997329
BFGS:    3 23:05:17     -116.264896       22.195965
BFGS:    4 23:05:17     -147.542556       10.200138
BFGS:    5 23:05:18     -162.552733        4.495627
BFGS:    6 23:05:18     -169.564527        2.036826
BFGS:    7 23:05:18     -173.204041        0.888891
BFGS:    8 23:05:18     -175.021812        0.810188
BFGS:    9 23:05:18     -176.066704        0.686881
BFGS:   10 23:05:18     -176.857880        0.571488
BFGS:   11 23:05:18     -177.707435        0.427974
BFGS:   12 23:05:18     -178.462458        0.344738
BFGS:   13 23:05:18     -178.383973        0.322694
BFGS:   14 23:05:19     -178.668377        0.330015
BFGS:   15 23:05:19     -178.730384        0.328862
BFGS:   16 23:05:19     -179.139526        0.339693
BFGS:   17 23:05:19     -179.188958        0.345923
BFGS:   18 23:05:19     -179.484895        0.382409
BFGS:   19 23:05:19     -179.752182        0.425481
BFGS:   20 23:05:19     -179.827051        0.434883
BFGS:   21 23:05:19     -180.094133        0.430596
BFGS:   22 23:05:20     -180.748458        0.393487
BFGS:   23 23:05:20     -181.397941        0.380592
BFGS:   24 23:05:20     -182.049256        0.392723
BFGS:   25 23:05:20     -182.728705        0.391860
BFGS:   26 23:05:20     -183.420984        0.421671
BFGS:   27 23:05:20     -184.037201        0.521452
BFGS:   28 23:05:20     -184.557683        0.602156
BFGS:   29 23:05:20     -184.952584        0.648522
BFGS:   30 23:05:21     -185.283202        0.687266
BFGS:   31 23:05:21     -185.589847        0.642538
BFGS:   32 23:05:21     -186.081055        0.740858
BFGS:   33 23:05:21     -186.432815        0.503746
BFGS:   34 23:05:21     -186.651542        0.458169
BFGS:   35 23:05:21     -188.010221        0.271064
BFGS:   36 23:05:21     -188.086930        0.257018
BFGS:   37 23:05:21     -188.182620        0.294801
BFGS:   38 23:05:22     -188.348427        0.376249
BFGS:   39 23:05:22     -188.711291        0.467629
BFGS:   40 23:05:22     -189.256155        0.493637
BFGS:   41 23:05:22     -189.795996        0.313161
BFGS:   42 23:05:22     -190.064087        0.389549
BFGS:   43 23:05:22     -190.109658        0.369170
BFGS:   44 23:05:22     -190.122176        0.365998
BFGS:   45 23:05:22     -190.195291        0.346701
BFGS:   46 23:05:23     -190.313185        0.319350
BFGS:   47 23:05:23     -190.479733        0.285326
BFGS:   48 23:05:23     -190.612705        0.261414
BFGS:   49 23:05:23     -190.684661        0.250294
BFGS:   50 23:05:23     -190.699516        0.256018
BFGS:   51 23:05:23     -190.713678        0.263378
BFGS:   52 23:05:23     -190.733455        0.270231
BFGS:   53 23:05:23     -190.791445        0.279985
BFGS:   54 23:05:24     -190.886633        0.282815
BFGS:   55 23:05:24     -190.976628        0.275172
BFGS:   56 23:05:24     -191.062623        0.261537
BFGS:   57 23:05:24     -191.137443        0.245297
BFGS:   58 23:05:24     -191.193272        0.228833
BFGS:   59 23:05:24     -191.224344        0.211596
BFGS:   60 23:05:24     -191.233210        0.208351
BFGS:   61 23:05:24     -191.252852        0.208803
BFGS:   62 23:05:25     -191.284088        0.209479
BFGS:   63 23:05:25     -191.357756        0.210969
BFGS:   64 23:05:25     -191.431036        0.212034
BFGS:   65 23:05:25     -191.506302        0.212965
BFGS:   66 23:05:25     -191.580930        0.213805
BFGS:   67 23:05:25     -191.651879        0.214662
BFGS:   68 23:05:25     -191.716592        0.215628
BFGS:   69 23:05:25     -191.773295        0.216840
BFGS:   70 23:05:26     -191.821154        0.218518
BFGS:   71 23:05:26     -191.860094        0.220934
BFGS:   72 23:05:26     -191.891064        0.224192
BFGS:   73 23:05:27     -191.915666        0.228184
BFGS:   74 23:05:27     -191.936286        0.232458
BFGS:   75 23:05:27     -191.956083        0.236198
BFGS:   76 23:05:27     -191.978836        0.238516
BFGS:   77 23:05:27     -192.008449        0.238904
BFGS:   78 23:05:28     -192.047781        0.237394
BFGS:   79 23:05:28     -192.097546        0.234353
BFGS:   80 23:05:28     -192.156543        0.230021
BFGS:   81 23:05:28     -192.221106        0.224253
BFGS:   82 23:05:28     -192.284689        0.218352
BFGS:   83 23:05:28     -192.346792        0.212801
BFGS:   84 23:05:28     -192.408727        0.207436
BFGS:   85 23:05:28     -192.470546        0.202057
BFGS:   86 23:05:29     -192.531524        0.196549
BFGS:   87 23:05:29     -192.590772        0.190837
BFGS:   88 23:05:29     -192.647375        0.184819
BFGS:   89 23:05:32     -192.699753        0.178108
BFGS:   90 23:05:32     -192.746027        0.170584
BFGS:   91 23:05:32     -192.783015        0.163012
BFGS:   92 23:05:32     -192.807882        0.156354
BFGS:   93 23:05:32     -192.821382        0.152041
BFGS:   94 23:05:33     -192.828323        0.150582
BFGS:   95 23:05:33     -192.839190        0.149565
BFGS:   96 23:05:33     -192.854617        0.148657
BFGS:   97 23:05:33     -192.879057        0.158243
BFGS:   98 23:05:33     -192.914699        0.167975
BFGS:   99 23:05:33     -192.960079        0.173493
BFGS:  100 23:05:33     -193.012214        0.173503
BFGS:  101 23:05:33     -193.062195        0.165265
BFGS:  102 23:05:34     -193.102337        0.147682
BFGS:  103 23:05:34     -193.136080        0.122865
BFGS:  104 23:05:34     -193.166892        0.115081
BFGS:  105 23:05:34     -193.191585        0.106469
BFGS:  106 23:05:34     -193.202088        0.107635
BFGS:  107 23:05:34     -193.211988        0.110599
BFGS:  108 23:05:34     -193.224682        0.115489
BFGS:  109 23:05:34     -193.250634        0.126311
BFGS:  110 23:05:35     -193.285185        0.139451
BFGS:  111 23:05:35     -193.324229        0.149867
BFGS:  112 23:05:35     -193.370190        0.156412
BFGS:  113 23:05:35     -193.423562        0.161326
BFGS:  114 23:05:35     -193.444606        0.158343
BFGS:  115 23:05:35     -193.447420        0.156420
BFGS:  116 23:05:35     -193.450548        0.147951
BFGS:  117 23:05:35     -193.453407        0.144829
BFGS:  118 23:05:36     -193.461997        0.137552
BFGS:  119 23:05:36     -193.473166        0.132381
BFGS:  120 23:05:36     -193.497044        0.126767
BFGS:  121 23:05:36     -193.523400        0.125025
BFGS:  122 23:05:36     -193.549921        0.125606
BFGS:  123 23:05:36     -193.573248        0.127809
BFGS:  124 23:05:36     -193.588839        0.131176
BFGS:  125 23:05:36     -193.596562        0.134663
BFGS:  126 23:05:37     -193.602559        0.136768
BFGS:  127 23:05:37     -193.618972        0.140057
BFGS:  128 23:05:37     -193.639661        0.141755
BFGS:  129 23:05:37     -193.662696        0.142185
BFGS:  130 23:05:37     -193.689244        0.141729
BFGS:  131 23:05:37     -193.720810        0.140163
BFGS:  132 23:05:37     -193.755042        0.137088
BFGS:  133 23:05:37     -193.784836        0.132572
BFGS:  134 23:05:38     -193.806196        0.156164
BFGS:  135 23:05:38     -193.822458        0.169059
BFGS:  136 23:05:38     -193.851488        0.179583
BFGS:  137 23:05:38     -193.885203        0.186813
BFGS:  138 23:05:38     -193.922369        0.192676
BFGS:  139 23:05:38     -193.961944        0.197763
BFGS:  140 23:05:38     -194.003248        0.202236
BFGS:  141 23:05:38     -194.045825        0.206132
BFGS:  142 23:05:39     -194.089388        0.209441
BFGS:  143 23:05:39     -194.133796        0.212119
BFGS:  144 23:05:39     -194.179045        0.214079
BFGS:  145 23:05:39     -194.225223        0.215202
BFGS:  146 23:05:39     -194.272421        0.215368
BFGS:  147 23:05:39     -194.320611        0.214504
BFGS:  148 23:05:39     -194.369584        0.212609
BFGS:  149 23:05:39     -194.418998        0.209727
BFGS:  150 23:05:40     -194.468513        0.205878
BFGS:  151 23:05:43     -194.517954        0.201008
BFGS:  152 23:05:43     -194.567397        0.194946
BFGS:  153 23:05:43     -194.617101        0.187401
BFGS:  154 23:05:43     -194.667274        0.177968
BFGS:  155 23:05:43     -194.717820        0.166099
BFGS:  156 23:05:44     -194.767862        0.151230
BFGS:  157 23:05:44     -194.815226        0.133050
BFGS:  158 23:05:44     -194.855964        0.112290
BFGS:  159 23:05:46     -194.887164        0.108435
BFGS:  160 23:05:46     -194.899840        0.112341
BFGS:  161 23:05:46     -194.914088        0.113696
BFGS:  162 23:05:47     -194.937129        0.106502
BFGS:  163 23:05:47     -194.957110        0.096520
BFGS:  164 23:05:47     -194.982053        0.086519
BFGS:  165 23:05:47     -195.010314        0.081203
BFGS:  166 23:05:47     -195.044260        0.083099
BFGS:  167 23:05:47     -195.077622        0.097927
BFGS:  168 23:05:47     -195.090634        0.097234
BFGS:  169 23:05:47     -195.097793        0.101292
BFGS:  170 23:05:48     -195.103258        0.099373
BFGS:  171 23:05:48     -195.118034        0.092356
BFGS:  172 23:05:48     -195.134170        0.079846
BFGS:  173 23:05:48     -195.150497        0.079342
BFGS:  174 23:05:48     -195.163286        0.078349
BFGS:  175 23:05:51     -195.176079        0.070646
BFGS:  176 23:05:51     -195.192680        0.066612
BFGS:  177 23:05:51     -195.209188        0.075849
BFGS:  178 23:05:51     -195.216875        0.086245
BFGS:  179 23:05:52     -195.220225        0.089391
BFGS:  180 23:05:52     -195.222204        0.089107
BFGS:  181 23:05:52     -195.224379        0.089094
BFGS:  182 23:05:52     -195.229326        0.088504
BFGS:  183 23:05:52     -195.238337        0.087519
BFGS:  184 23:05:52     -195.253707        0.085695
BFGS:  185 23:05:52     -195.269967        0.083214
BFGS:  186 23:05:52     -195.278748        0.080958
BFGS:  187 23:05:52     -195.281231        0.080803
BFGS:  188 23:05:53     -195.282562        0.080934
BFGS:  189 23:05:53     -195.284857        0.081130
BFGS:  190 23:05:53     -195.290005        0.080694
BFGS:  191 23:05:53     -195.300566        0.078964
BFGS:  192 23:05:53     -195.317576        0.074530
BFGS:  193 23:05:53     -195.335555        0.068562
BFGS:  194 23:05:53     -195.344821        0.065040
BFGS:  195 23:05:54     -195.348125        0.068302
BFGS:  196 23:05:54     -195.349944        0.070054
BFGS:  197 23:05:54     -195.354282        0.072306
BFGS:  198 23:05:54     -195.361667        0.074481
BFGS:  199 23:05:54     -195.376371        0.074481
BFGS:  200 23:05:54     -195.393387        0.073903
BFGS:  201 23:05:59     -195.412712        0.070615
BFGS:  202 23:05:59     -195.431316        0.067699
BFGS:  203 23:05:59     -195.448380        0.062309
BFGS:  204 23:05:59     -195.458124        0.057854
BFGS:  205 23:05:59     -195.460423        0.055629
BFGS:  206 23:05:59     -195.463696        0.055156
BFGS:  207 23:06:00     -195.470883        0.054752
BFGS:  208 23:06:00     -195.484584        0.069289
BFGS:  209 23:06:00     -195.501568        0.085086
BFGS:  210 23:06:00     -195.518580        0.093847
BFGS:  211 23:06:00     -195.534209        0.101401
BFGS:  212 23:06:00     -195.547421        0.097151
BFGS:  213 23:06:00     -195.556216        0.084161
BFGS:  214 23:06:00     -195.560254        0.060013
BFGS:  215 23:06:01     -195.561796        0.046415
BFGS:  216 23:06:01     -195.566171        0.041175
BFGS:  217 23:06:01     -195.570946        0.085247
BFGS:  218 23:06:01     -195.577759        0.149713
BFGS:  219 23:06:01     -195.585809        0.191843
BFGS:  220 23:06:01     -195.593951        0.181079
BFGS:  221 23:06:01     -195.599626        0.125189
BFGS:  222 23:06:03     -195.603284        0.055754
BFGS:  223 23:06:03     -195.605569        0.041095
BFGS:  224 23:06:03     -195.606841        0.041269
BFGS:  225 23:06:03     -195.607450        0.041514
BFGS:  226 23:06:03     -195.608220        0.041755
BFGS:  227 23:06:03     -195.609963        0.042082
BFGS:  228 23:06:03     -195.613408        0.042300
BFGS:  229 23:06:03     -195.618855        0.042183
BFGS:  230 23:06:04     -195.623942        0.062623
BFGS:  231 23:06:04     -195.626645        0.070476
BFGS:  232 23:06:04     -195.628011        0.067066
BFGS:  233 23:06:04     -195.629474        0.059376
BFGS:  234 23:06:04     -195.631856        0.045066
BFGS:  235 23:06:04     -195.634971        0.058236
BFGS:  236 23:06:04     -195.637784        0.072880
BFGS:  237 23:06:04     -195.639533        0.066714
BFGS:  238 23:06:07     -195.640680        0.052329
BFGS:  239 23:06:07     -195.641621        0.043497
BFGS:  240 23:06:07     -195.642554        0.043365
BFGS:  241 23:06:08     -195.643654        0.056447
BFGS:  242 23:06:08     -195.645155        0.081795
BFGS:  243 23:06:08     -195.647523        0.109040
BFGS:  244 23:06:08     -195.651699        0.140039
BFGS:  245 23:06:08     -195.659140        0.165896
BFGS:  246 23:06:08     -195.668988        0.169256
BFGS:  247 23:06:08     -195.679942        0.143435
BFGS:  248 23:06:08     -195.689967        0.087614
BFGS:  249 23:06:09     -195.694082        0.044991
BFGS:  250 23:06:09     -195.695447        0.043719
BFGS:  251 23:06:09     -195.697027        0.042606
BFGS:  252 23:06:09     -195.699271        0.048970
BFGS:  253 23:06:09     -195.703901        0.058476
BFGS:  254 23:06:09     -195.710456        0.061474
BFGS:  255 23:06:09     -195.716433        0.081480
BFGS:  256 23:06:09     -195.720221        0.075943
BFGS:  257 23:06:10     -195.722052        0.065814
BFGS:  258 23:06:10     -195.724136        0.063440
BFGS:  259 23:06:10     -195.726689        0.055619
BFGS:  260 23:06:10     -195.729727        0.092430
BFGS:  261 23:06:10     -195.732750        0.119133
BFGS:  262 23:06:10     -195.736164        0.120082
BFGS:  263 23:06:10     -195.740637        0.094404
BFGS:  264 23:06:10     -195.745617        0.047768
BFGS:  265 23:06:11     -195.749233        0.057225
BFGS:  266 23:06:11     -195.751340        0.062636
BFGS:  267 23:06:11     -195.753165        0.056590
BFGS:  268 23:06:11     -195.756152        0.051708
BFGS:  269 23:06:11     -195.762094        0.061007
BFGS:  270 23:06:11     -195.772543        0.074378
BFGS:  271 23:06:11     -195.782276        0.079876
BFGS:  272 23:06:11     -195.791390        0.076644
BFGS:  273 23:06:12     -195.796475        0.071347
BFGS:  274 23:06:12     -195.798251        0.062119
BFGS:  275 23:06:12     -195.800634        0.053230
BFGS:  276 23:06:12     -195.803576        0.044234
BFGS:  277 23:06:12     -195.808645        0.070314
BFGS:  278 23:06:12     -195.814363        0.115071
BFGS:  279 23:06:12     -195.818496        0.115618
BFGS:  280 23:06:12     -195.821056        0.090388
BFGS:  281 23:06:13     -195.823397        0.059442
BFGS:  282 23:06:13     -195.825903        0.051144
BFGS:  283 23:06:13     -195.828193        0.086995
BFGS:  284 23:06:13     -195.830379        0.107952
BFGS:  285 23:06:13     -195.833102        0.110362
BFGS:  286 23:06:13     -195.836968        0.099046
BFGS:  287 23:06:13     -195.841589        0.057853
BFGS:  288 23:06:13     -195.844981        0.031621
BFGS:  289 23:06:14     -195.846450        0.031017
BFGS:  290 23:06:14     -195.847164        0.031036
BFGS:  291 23:06:14     -195.847717        0.030959
BFGS:  292 23:06:14     -195.848410        0.030924
BFGS:  293 23:06:14     -195.849578        0.030568
BFGS:  294 23:06:14     -195.851487        0.029589
BFGS:  295 23:06:14     -195.853682        0.027788
BFGS:  296 23:06:14     -195.855376        0.032716
BFGS:  297 23:06:15     -195.856354        0.033071
BFGS:  298 23:06:15     -195.856925        0.030795
BFGS:  299 23:06:15     -195.857688        0.028103
BFGS:  300 23:06:15     -195.859235        0.032788
BFGS:  301 23:06:15     -195.861870        0.048066
BFGS:  302 23:06:15     -195.865820        0.062997
BFGS:  303 23:06:15     -195.869537        0.065432
BFGS:  304 23:06:15     -195.871310        0.052075
BFGS:  305 23:06:16     -195.872512        0.035422
BFGS:  306 23:06:16     -195.873289        0.032226
BFGS:  307 23:06:16     -195.873966        0.030366
BFGS:  308 23:06:16     -195.874682        0.029756
BFGS:  309 23:06:16     -195.875669        0.030104
BFGS:  310 23:06:16     -195.876974        0.031825
BFGS:  311 23:06:16     -195.878012        0.037114
BFGS:  312 23:06:16     -195.878504        0.037062
BFGS:  313 23:06:17     -195.878740        0.036678
BFGS:  314 23:06:17     -195.878929        0.029377
BFGS:  315 23:06:17     -195.879143        0.022856
BFGS:  316 23:06:17     -195.879344        0.029037
BFGS:  317 23:06:17     -195.879501        0.028788
BFGS:  318 23:06:17     -195.879646        0.026410
BFGS:  319 23:06:17     -195.879793        0.017034
BFGS:  320 23:06:17     -195.879900        0.010688
BFGS:  321 23:06:18     -195.879951        0.011723
BFGS:  322 23:06:18     -195.879983        0.013200
BFGS:  323 23:06:18     -195.880026        0.012754
BFGS:  324 23:06:18     -195.880100        0.010510
BFGS:  325 23:06:18     -195.880209        0.006225
BFGS:  326 23:06:18     -195.880310        0.005821
BFGS:  327 23:06:18     -195.880362        0.005812
BFGS:  328 23:06:19     -195.880381        0.005445
BFGS:  329 23:06:19     -195.880395        0.005286
BFGS:  330 23:06:19     -195.880423        0.004553
BFGS:  331 23:06:24     -195.880471        0.004561
BFGS:  332 23:06:24     -195.880534        0.004568
BFGS:  333 23:06:24     -195.880581        0.004568
BFGS:  334 23:06:24     -195.880600        0.004546
BFGS:  335 23:06:24     -195.880608        0.004381
BFGS:  336 23:06:24     -195.880616        0.004338
BFGS:  337 23:06:24     -195.880630        0.004292
BFGS:  338 23:06:25     -195.880649        0.005460
BFGS:  339 23:06:25     -195.880672        0.006970
BFGS:  340 23:06:25     -195.880692        0.007273
BFGS:  341 23:06:25     -195.880706        0.006542
BFGS:  342 23:06:25     -195.880715        0.004538
BFGS:  343 23:06:25     -195.880721        0.004527
BFGS:  344 23:06:25     -195.880726        0.004503
BFGS:  345 23:06:25     -195.880731        0.004459
BFGS:  346 23:06:28     -195.880736        0.004487
BFGS:  347 23:06:29     -195.880744        0.004755
BFGS:  348 23:06:29     -195.880755        0.004466
BFGS:  349 23:06:29     -195.880770        0.004363
BFGS:  350 23:06:29     -195.880783        0.004740
BFGS:  351 23:06:29     -195.880792        0.005533
BFGS:  352 23:06:29     -195.880800        0.005303
BFGS:  353 23:06:29     -195.880811        0.005467
BFGS:  354 23:06:29     -195.880833        0.005451
BFGS:  355 23:06:30     -195.880871        0.004461
BFGS:  356 23:06:30     -195.880914        0.005112
BFGS:  357 23:06:30     -195.880943        0.006866
BFGS:  358 23:06:30     -195.880957        0.006560
BFGS:  359 23:06:30     -195.880970        0.005571
BFGS:  360 23:06:30     -195.880997        0.004098
BFGS:  361 23:06:30     -195.881048        0.003496
BFGS:  362 23:06:30     -195.881118        0.003973
BFGS:  363 23:06:31     -195.881170        0.003741
BFGS:  364 23:06:31     -195.881188        0.003250
BFGS:  365 23:06:31     -195.881193        0.002976
BFGS:  366 23:06:31     -195.881201        0.002873
BFGS:  367 23:06:31     -195.881218        0.002614
BFGS:  368 23:06:31     -195.881250        0.003544
BFGS:  369 23:06:31     -195.881295        0.005050
BFGS:  370 23:06:32     -195.881330        0.005474
BFGS:  371 23:06:32     -195.881347        0.004886
BFGS:  372 23:06:32     -195.881357        0.004225
BFGS:  373 23:06:32     -195.881371        0.003870
BFGS:  374 23:06:32     -195.881391        0.004872
BFGS:  375 23:06:32     -195.881416        0.008735
BFGS:  376 23:06:32     -195.881440        0.010840
BFGS:  377 23:06:32     -195.881464        0.010153
BFGS:  378 23:06:33     -195.881491        0.006705
BFGS:  379 23:06:33     -195.881514        0.003216
BFGS:  380 23:06:33     -195.881524        0.002463
BFGS:  381 23:06:33     -195.881528        0.002565
BFGS:  382 23:06:33     -195.881531        0.002557
BFGS:  383 23:06:33     -195.881537        0.002307
BFGS:  384 23:06:33     -195.881545        0.001644
BFGS:  385 23:06:33     -195.881552        0.001188
BFGS:  386 23:06:34     -195.881555        0.001172
BFGS:  387 23:06:34     -195.881556        0.001142
BFGS:  388 23:06:34     -195.881556        0.001061
BFGS:  389 23:06:34     -195.881556        0.000772
