      Step     Time          Energy          fmax
BFGS:    0 03:59:07     -100.217307       17.715363
BFGS:    1 03:59:08     -124.871850        6.354008
BFGS:    2 03:59:08     -143.977569        4.842061
BFGS:    3 03:59:08     -155.786599        3.955074
BFGS:    4 03:59:08     -161.276740        3.420741
BFGS:    5 03:59:08     -163.905963        3.084864
BFGS:    6 03:59:08     -165.731492        2.842510
BFGS:    7 03:59:08     -167.513500        2.637820
BFGS:    8 03:59:08     -169.356032        2.450188
BFGS:    9 03:59:09     -171.217874        2.273169
BFGS:   10 03:59:09     -173.047729        2.105598
BFGS:   11 03:59:09     -174.819025        2.065010
BFGS:   12 03:59:09     -176.533456        2.022029
BFGS:   13 03:59:09     -178.203644        1.969553
BFGS:   14 03:59:09     -179.839378        1.906707
BFGS:   15 03:59:09     -181.442168        1.836746
BFGS:   16 03:59:10     -182.991121        1.762047
BFGS:   17 03:59:10     -184.460629        1.683604
BFGS:   18 03:59:10     -185.834426        1.605249
BFGS:   19 03:59:10     -187.102400        1.532500
BFGS:   20 03:59:10     -188.261691        1.467002
BFGS:   21 03:59:10     -189.320185        1.406903
BFGS:   22 03:59:10     -190.294210        1.350480
BFGS:   23 03:59:10     -191.206326        1.299011
BFGS:   24 03:59:11     -192.077077        1.253369
BFGS:   25 03:59:11     -192.919498        1.212774
BFGS:   26 03:59:11     -193.743262        1.175692
BFGS:   27 03:59:11     -194.556022        1.140694
BFGS:   28 03:59:11     -195.362971        1.106489
BFGS:   29 03:59:11     -196.167213        1.071801
BFGS:   30 03:59:11     -196.968459        1.217404
BFGS:   31 03:59:11     -197.763043        1.346108
BFGS:   32 03:59:12     -198.537744        1.425941
BFGS:   33 03:59:12     -199.288705        1.445221
BFGS:   34 03:59:12     -200.017724        1.399630
BFGS:   35 03:59:12     -200.728360        1.295578
BFGS:   36 03:59:12     -201.430410        1.282787
BFGS:   37 03:59:12     -202.147424        1.338981
BFGS:   38 03:59:12     -202.879672        1.302436
BFGS:   39 03:59:12     -203.624193        1.161078
BFGS:   40 03:59:13     -204.382486        0.899886
BFGS:   41 03:59:13     -205.122970        0.847900
BFGS:   42 03:59:13     -205.731700        0.669733
BFGS:   43 03:59:13     -206.113529        0.727930
BFGS:   44 03:59:13     -206.488766        0.645612
BFGS:   45 03:59:13     -206.816153        0.632929
BFGS:   46 03:59:13     -207.127294        0.647516
BFGS:   47 03:59:13     -207.434001        0.655092
BFGS:   48 03:59:14     -207.742034        0.656062
BFGS:   49 03:59:14     -208.051161        0.651617
BFGS:   50 03:59:14     -208.357271        0.644177
BFGS:   51 03:59:14     -208.661752        0.634558
BFGS:   52 03:59:14     -208.964376        0.625525
BFGS:   53 03:59:14     -209.260019        0.622480
BFGS:   54 03:59:14     -209.551611        0.639073
BFGS:   55 03:59:15     -209.840289        0.655426
BFGS:   56 03:59:15     -210.121664        0.667051
BFGS:   57 03:59:15     -210.400497        0.676238
BFGS:   58 03:59:15     -210.684176        0.685486
BFGS:   59 03:59:15     -210.970828        0.682434
BFGS:   60 03:59:15     -211.257871        0.661580
BFGS:   61 03:59:15     -211.542476        0.631549
BFGS:   62 03:59:15     -211.823567        0.621497
BFGS:   63 03:59:16     -212.102387        0.623578
BFGS:   64 03:59:16     -212.385310        0.612082
BFGS:   65 03:59:16     -212.694036        0.581751
BFGS:   66 03:59:16     -213.080822        0.800961
BFGS:   67 03:59:16     -213.527539        0.719700
BFGS:   68 03:59:16     -213.996872        0.648126
BFGS:   69 03:59:16     -214.219775        0.503981
BFGS:   70 03:59:16     -214.396623        0.513786
BFGS:   71 03:59:17     -214.608573        0.470999
BFGS:   72 03:59:17     -214.885146        0.480149
BFGS:   73 03:59:17     -215.116592        0.455704
BFGS:   74 03:59:17     -215.339464        0.408590
BFGS:   75 03:59:17     -215.549056        0.412979
BFGS:   76 03:59:17     -215.731361        0.468636
BFGS:   77 03:59:17     -215.892222        0.482348
BFGS:   78 03:59:17     -216.058586        0.449343
BFGS:   79 03:59:17     -216.229620        0.380605
BFGS:   80 03:59:18     -216.404455        0.366596
BFGS:   81 03:59:18     -216.574789        0.379480
BFGS:   82 03:59:18     -216.732305        0.389989
BFGS:   83 03:59:18     -216.863898        0.471975
BFGS:   84 03:59:18     -217.000053        0.575687
BFGS:   85 03:59:18     -217.198267        0.584383
BFGS:   86 03:59:18     -217.455408        0.512674
BFGS:   87 03:59:18     -217.708996        0.503189
BFGS:   88 03:59:19     -217.932995        0.490621
BFGS:   89 03:59:19     -218.076648        0.392067
BFGS:   90 03:59:19     -218.232932        0.419598
BFGS:   91 03:59:19     -218.356937        0.412909
BFGS:   92 03:59:19     -218.536040        0.328752
BFGS:   93 03:59:19     -218.702280        0.317193
BFGS:   94 03:59:19     -218.816957        0.275965
BFGS:   95 03:59:19     -218.883538        0.246406
BFGS:   96 03:59:20     -218.946295        0.233581
BFGS:   97 03:59:20     -219.006196        0.188883
BFGS:   98 03:59:20     -219.072852        0.231385
BFGS:   99 03:59:20     -219.128805        0.242499
BFGS:  100 03:59:20     -219.171753        0.235221
BFGS:  101 03:59:20     -219.212874        0.191545
BFGS:  102 03:59:20     -219.268158        0.234144
BFGS:  103 03:59:20     -219.340485        0.265105
BFGS:  104 03:59:21     -219.404163        0.196104
BFGS:  105 03:59:21     -219.448683        0.183814
BFGS:  106 03:59:21     -219.481599        0.181987
BFGS:  107 03:59:21     -219.520227        0.178235
BFGS:  108 03:59:21     -219.562714        0.188590
BFGS:  109 03:59:21     -219.600003        0.157328
BFGS:  110 03:59:21     -219.627511        0.126635
BFGS:  111 03:59:21     -219.646142        0.129805
BFGS:  112 03:59:22     -219.664205        0.124233
BFGS:  113 03:59:22     -219.683291        0.088421
BFGS:  114 03:59:22     -219.694931        0.103053
BFGS:  115 03:59:22     -219.704156        0.105894
BFGS:  116 03:59:22     -219.714557        0.090822
BFGS:  117 03:59:22     -219.729844        0.090354
BFGS:  118 03:59:22     -219.750877        0.105762
BFGS:  119 03:59:22     -219.771398        0.111095
BFGS:  120 03:59:23     -219.785920        0.123997
BFGS:  121 03:59:23     -219.798027        0.126819
BFGS:  122 03:59:23     -219.814141        0.138974
BFGS:  123 03:59:23     -219.840523        0.167754
BFGS:  124 03:59:23     -219.873645        0.173201
BFGS:  125 03:59:23     -219.905589        0.150836
BFGS:  126 03:59:23     -219.926731        0.148364
BFGS:  127 03:59:23     -219.940523        0.139240
BFGS:  128 03:59:24     -219.964347        0.124713
BFGS:  129 03:59:24     -219.994424        0.123754
BFGS:  130 03:59:24     -220.022266        0.134702
BFGS:  131 03:59:24     -220.037778        0.121033
BFGS:  132 03:59:24     -220.048346        0.098725
BFGS:  133 03:59:24     -220.063934        0.095291
BFGS:  134 03:59:24     -220.090650        0.133858
BFGS:  135 03:59:24     -220.125411        0.171936
BFGS:  136 03:59:25     -220.152313        0.181172
BFGS:  137 03:59:25     -220.171435        0.164545
BFGS:  138 03:59:25     -220.191326        0.132705
BFGS:  139 03:59:25     -220.216374        0.121948
BFGS:  140 03:59:25     -220.251006        0.129254
BFGS:  141 03:59:25     -220.286086        0.147004
BFGS:  142 03:59:25     -220.308721        0.145944
BFGS:  143 03:59:25     -220.322361        0.141449
BFGS:  144 03:59:26     -220.343402        0.113182
BFGS:  145 03:59:26     -220.373125        0.107822
BFGS:  146 03:59:26     -220.397230        0.127226
BFGS:  147 03:59:26     -220.411725        0.140207
BFGS:  148 03:59:26     -220.425852        0.142161
BFGS:  149 03:59:26     -220.447269        0.158076
BFGS:  150 03:59:26     -220.480942        0.157362
BFGS:  151 03:59:26     -220.513012        0.133508
BFGS:  152 03:59:27     -220.530097        0.098523
BFGS:  153 03:59:27     -220.537998        0.112756
BFGS:  154 03:59:27     -220.547227        0.122612
BFGS:  155 03:59:27     -220.568488        0.113671
BFGS:  156 03:59:27     -220.601031        0.098230
BFGS:  157 03:59:27     -220.625614        0.140550
BFGS:  158 03:59:27     -220.638786        0.139738
BFGS:  159 03:59:27     -220.647256        0.128631
BFGS:  160 03:59:28     -220.663678        0.153299
BFGS:  161 03:59:28     -220.691824        0.150242
BFGS:  162 03:59:28     -220.729412        0.132462
BFGS:  163 03:59:28     -220.757518        0.136833
BFGS:  164 03:59:28     -220.769574        0.111386
BFGS:  165 03:59:28     -220.779105        0.109772
BFGS:  166 03:59:28     -220.794257        0.123625
BFGS:  167 03:59:28     -220.821465        0.139118
BFGS:  168 03:59:29     -220.856447        0.095622
BFGS:  169 03:59:29     -220.881247        0.116189
BFGS:  170 03:59:29     -220.893029        0.115469
BFGS:  171 03:59:29     -220.903043        0.102611
BFGS:  172 03:59:29     -220.919694        0.084224
BFGS:  173 03:59:29     -220.942172        0.088442
BFGS:  174 03:59:29     -220.959407        0.111818
BFGS:  175 03:59:29     -220.969022        0.121751
BFGS:  176 03:59:30     -220.976934        0.108248
BFGS:  177 03:59:30     -220.988860        0.098742
BFGS:  178 03:59:30     -221.005657        0.105847
BFGS:  179 03:59:30     -221.021938        0.093280
BFGS:  180 03:59:30     -221.031387        0.077756
BFGS:  181 03:59:30     -221.035868        0.068618
BFGS:  182 03:59:30     -221.039819        0.062452
BFGS:  183 03:59:30     -221.046374        0.057618
BFGS:  184 03:59:31     -221.057154        0.088726
BFGS:  185 03:59:31     -221.071307        0.101221
BFGS:  186 03:59:31     -221.082891        0.071170
BFGS:  187 03:59:31     -221.088334        0.053971
BFGS:  188 03:59:31     -221.090165        0.045673
BFGS:  189 03:59:31     -221.091686        0.045565
BFGS:  190 03:59:31     -221.094989        0.065972
BFGS:  191 03:59:31     -221.101594        0.090959
BFGS:  192 03:59:32     -221.112981        0.106539
BFGS:  193 03:59:32     -221.125565        0.094352
BFGS:  194 03:59:32     -221.132977        0.056562
BFGS:  195 03:59:32     -221.135255        0.041652
BFGS:  196 03:59:32     -221.136400        0.044650
BFGS:  197 03:59:32     -221.138477        0.041393
BFGS:  198 03:59:32     -221.142809        0.049295
BFGS:  199 03:59:32     -221.149159        0.049688
BFGS:  200 03:59:33     -221.154501        0.052777
BFGS:  201 03:59:33     -221.156900        0.045775
BFGS:  202 03:59:33     -221.157837        0.038993
BFGS:  203 03:59:33     -221.158921        0.034266
BFGS:  204 03:59:33     -221.161077        0.034243
BFGS:  205 03:59:33     -221.164745        0.042029
BFGS:  206 03:59:33     -221.169105        0.041957
BFGS:  207 03:59:33     -221.172012        0.034451
BFGS:  208 03:59:34     -221.173199        0.034497
BFGS:  209 03:59:34     -221.173804        0.033574
BFGS:  210 03:59:34     -221.174724        0.032353
BFGS:  211 03:59:34     -221.176521        0.030545
BFGS:  212 03:59:34     -221.179441        0.040650
BFGS:  213 03:59:34     -221.182625        0.037311
BFGS:  214 03:59:34     -221.184535        0.031426
BFGS:  215 03:59:34     -221.185372        0.029611
BFGS:  216 03:59:35     -221.186084        0.032434
BFGS:  217 03:59:35     -221.187449        0.036559
BFGS:  218 03:59:35     -221.190021        0.044692
BFGS:  219 03:59:35     -221.193851        0.046750
BFGS:  220 03:59:35     -221.197253        0.031077
BFGS:  221 03:59:35     -221.198685        0.022593
BFGS:  222 03:59:35     -221.199051        0.022087
BFGS:  223 03:59:35     -221.199341        0.022193
BFGS:  224 03:59:35     -221.200011        0.022558
BFGS:  225 03:59:36     -221.201370        0.028643
BFGS:  226 03:59:36     -221.203797        0.035925
BFGS:  227 03:59:36     -221.206563        0.032455
BFGS:  228 03:59:36     -221.208327        0.028065
BFGS:  229 03:59:36     -221.209054        0.026862
BFGS:  230 03:59:36     -221.209515        0.026084
BFGS:  231 03:59:36     -221.210419        0.024716
BFGS:  232 03:59:36     -221.212239        0.025768
BFGS:  233 03:59:37     -221.215274        0.031138
BFGS:  234 03:59:37     -221.218351        0.028907
BFGS:  235 03:59:37     -221.219934        0.025221
BFGS:  236 03:59:37     -221.220482        0.027149
BFGS:  237 03:59:37     -221.220916        0.026846
BFGS:  238 03:59:37     -221.221869        0.024712
BFGS:  239 03:59:37     -221.223860        0.029304
BFGS:  240 03:59:37     -221.227209        0.031052
BFGS:  241 03:59:38     -221.230614        0.027026
BFGS:  242 03:59:38     -221.232350        0.025826
BFGS:  243 03:59:38     -221.232949        0.027636
BFGS:  244 03:59:38     -221.233473        0.027618
BFGS:  245 03:59:38     -221.234682        0.026820
BFGS:  246 03:59:38     -221.237220        0.033803
BFGS:  247 03:59:38     -221.241742        0.045152
BFGS:  248 03:59:38     -221.247039        0.043657
BFGS:  249 03:59:39     -221.250617        0.041535
BFGS:  250 03:59:39     -221.251942        0.038850
BFGS:  251 03:59:39     -221.252722        0.037549
BFGS:  252 03:59:39     -221.254152        0.037028
BFGS:  253 03:59:39     -221.257182        0.054297
BFGS:  254 03:59:39     -221.262099        0.113069
BFGS:  255 03:59:39     -221.267616        0.173183
BFGS:  256 03:59:39     -221.272010        0.182823
BFGS:  257 03:59:40     -221.275368        0.149533
BFGS:  258 03:59:40     -221.278313        0.085265
BFGS:  259 03:59:40     -221.280570        0.036168
BFGS:  260 03:59:40     -221.281870        0.045380
BFGS:  261 03:59:40     -221.282650        0.045562
BFGS:  262 03:59:40     -221.283594        0.042318
BFGS:  263 03:59:40     -221.285365        0.036218
BFGS:  264 03:59:40     -221.288300        0.044657
BFGS:  265 03:59:41     -221.291997        0.047615
BFGS:  266 03:59:41     -221.294857        0.040114
BFGS:  267 03:59:41     -221.296217        0.031280
BFGS:  268 03:59:41     -221.296761        0.025438
BFGS:  269 03:59:41     -221.297257        0.025413
BFGS:  270 03:59:41     -221.298015        0.028140
BFGS:  271 03:59:41     -221.298976        0.043062
BFGS:  272 03:59:41     -221.300045        0.062278
BFGS:  273 03:59:42     -221.301149        0.068159
BFGS:  274 03:59:42     -221.302438        0.063616
BFGS:  275 03:59:42     -221.304007        0.059175
BFGS:  276 03:59:42     -221.305527        0.047106
BFGS:  277 03:59:42     -221.306482        0.029441
BFGS:  278 03:59:42     -221.306917        0.028400
BFGS:  279 03:59:42     -221.307238        0.024586
BFGS:  280 03:59:42     -221.307731        0.018237
BFGS:  281 03:59:43     -221.308566        0.025330
BFGS:  282 03:59:43     -221.309419        0.038518
BFGS:  283 03:59:43     -221.310175        0.048400
BFGS:  284 03:59:43     -221.310794        0.051582
BFGS:  285 03:59:43     -221.311458        0.045574
BFGS:  286 03:59:43     -221.312200        0.030582
BFGS:  287 03:59:43     -221.312867        0.021350
BFGS:  288 03:59:43     -221.313283        0.022046
BFGS:  289 03:59:44     -221.313503        0.026450
BFGS:  290 03:59:44     -221.313694        0.025875
BFGS:  291 03:59:44     -221.313995        0.022402
BFGS:  292 03:59:44     -221.314473        0.022925
BFGS:  293 03:59:44     -221.315065        0.042946
BFGS:  294 03:59:44     -221.315612        0.055897
BFGS:  295 03:59:44     -221.316091        0.058095
BFGS:  296 03:59:44     -221.316663        0.052280
BFGS:  297 03:59:45     -221.317513        0.039024
BFGS:  298 03:59:45     -221.318566        0.025547
BFGS:  299 03:59:45     -221.319402        0.026156
BFGS:  300 03:59:45     -221.319836        0.024682
BFGS:  301 03:59:45     -221.320104        0.025870
BFGS:  302 03:59:45     -221.320441        0.023763
BFGS:  303 03:59:45     -221.320892        0.018973
BFGS:  304 03:59:45     -221.321330        0.026328
BFGS:  305 03:59:46     -221.321687        0.034380
BFGS:  306 03:59:46     -221.322083        0.039449
BFGS:  307 03:59:46     -221.322756        0.044469
BFGS:  308 03:59:46     -221.323981        0.047169
BFGS:  309 03:59:46     -221.325730        0.045504
BFGS:  310 03:59:46     -221.327433        0.059858
BFGS:  311 03:59:46     -221.328864        0.062432
BFGS:  312 03:59:46     -221.330438        0.052941
BFGS:  313 03:59:47     -221.333129        0.048771
BFGS:  314 03:59:47     -221.337256        0.063528
BFGS:  315 03:59:47     -221.341409        0.074026
BFGS:  316 03:59:47     -221.344162        0.090449
BFGS:  317 03:59:47     -221.346135        0.091358
BFGS:  318 03:59:47     -221.348235        0.078465
BFGS:  319 03:59:47     -221.352791        0.046427
BFGS:  320 03:59:47     -221.357964        0.063659
BFGS:  321 03:59:48     -221.361165        0.069402
BFGS:  322 03:59:48     -221.363220        0.069798
BFGS:  323 03:59:48     -221.365437        0.068612
BFGS:  324 03:59:48     -221.368349        0.053450
BFGS:  325 03:59:48     -221.371168        0.039310
BFGS:  326 03:59:48     -221.373108        0.050786
BFGS:  327 03:59:48     -221.374374        0.055457
BFGS:  328 03:59:48     -221.375647        0.051781
BFGS:  329 03:59:49     -221.377358        0.045256
BFGS:  330 03:59:49     -221.379414        0.045971
BFGS:  331 03:59:49     -221.381515        0.039157
BFGS:  332 03:59:49     -221.383290        0.042794
BFGS:  333 03:59:49     -221.384657        0.041783
BFGS:  334 03:59:49     -221.385694        0.037533
BFGS:  335 03:59:49     -221.386769        0.036031
BFGS:  336 03:59:50     -221.388001        0.030279
BFGS:  337 03:59:50     -221.389238        0.037379
BFGS:  338 03:59:50     -221.390269        0.045143
BFGS:  339 03:59:50     -221.391071        0.042374
BFGS:  340 03:59:50     -221.391839        0.034940
BFGS:  341 03:59:50     -221.392806        0.030991
BFGS:  342 03:59:50     -221.393865        0.033457
BFGS:  343 03:59:50     -221.394750        0.032391
BFGS:  344 03:59:51     -221.395369        0.036877
BFGS:  345 03:59:51     -221.395875        0.034467
BFGS:  346 03:59:51     -221.396468        0.025633
BFGS:  347 03:59:51     -221.397246        0.026082
BFGS:  348 03:59:51     -221.398063        0.024076
BFGS:  349 03:59:51     -221.398685        0.029381
BFGS:  350 03:59:51     -221.399133        0.029660
BFGS:  351 03:59:51     -221.399618        0.025861
BFGS:  352 03:59:52     -221.400306        0.023209
BFGS:  353 03:59:52     -221.401090        0.024472
BFGS:  354 03:59:52     -221.401680        0.034186
BFGS:  355 03:59:52     -221.402054        0.034192
BFGS:  356 03:59:52     -221.402441        0.029134
BFGS:  357 03:59:52     -221.403080        0.024329
BFGS:  358 03:59:52     -221.404012        0.031235
BFGS:  359 03:59:52     -221.404987        0.039344
BFGS:  360 03:59:53     -221.405743        0.047881
BFGS:  361 03:59:53     -221.406445        0.049016
BFGS:  362 03:59:53     -221.407531        0.048488
BFGS:  363 03:59:53     -221.409391        0.042987
BFGS:  364 03:59:53     -221.411858        0.046014
BFGS:  365 03:59:53     -221.414017        0.060315
BFGS:  366 03:59:53     -221.415672        0.062380
BFGS:  367 03:59:53     -221.417547        0.062555
BFGS:  368 03:59:54     -221.421711        0.060637
BFGS:  369 03:59:54     -221.426880        0.072887
BFGS:  370 03:59:54     -221.432705        0.103654
BFGS:  371 03:59:54     -221.438723        0.143513
BFGS:  372 03:59:54     -221.445720        0.199152
BFGS:  373 03:59:54     -221.456422        0.277754
BFGS:  374 03:59:54     -221.463176        0.280670
BFGS:  375 03:59:54     -221.474966        0.234779
BFGS:  376 03:59:55     -221.486108        0.173289
BFGS:  377 03:59:55     -221.507355        0.110282
BFGS:  378 03:59:55     -221.522755        0.130167
BFGS:  379 03:59:55     -221.534808        0.153831
BFGS:  380 03:59:55     -221.541670        0.137747
BFGS:  381 03:59:55     -221.546442        0.100474
BFGS:  382 03:59:55     -221.551991        0.072768
BFGS:  383 03:59:55     -221.557833        0.059017
BFGS:  384 03:59:56     -221.561534        0.069665
BFGS:  385 03:59:56     -221.563718        0.064152
BFGS:  386 03:59:56     -221.566142        0.058081
BFGS:  387 03:59:56     -221.568566        0.052255
BFGS:  388 03:59:56     -221.570462        0.040024
BFGS:  389 03:59:56     -221.574318        0.042935
BFGS:  390 03:59:56     -221.575801        0.045101
BFGS:  391 03:59:56     -221.578481        0.054842
BFGS:  392 03:59:57     -221.580265        0.057120
BFGS:  393 03:59:57     -221.582474        0.052273
BFGS:  394 03:59:57     -221.584716        0.052412
BFGS:  395 03:59:57     -221.587175        0.051474
BFGS:  396 03:59:57     -221.589086        0.045974
BFGS:  397 03:59:57     -221.590580        0.043782
BFGS:  398 03:59:57     -221.591895        0.040698
BFGS:  399 03:59:57     -221.593088        0.034732
BFGS:  400 03:59:58     -221.594235        0.032994
BFGS:  401 03:59:58     -221.595320        0.032709
BFGS:  402 03:59:58     -221.596213        0.031796
BFGS:  403 03:59:58     -221.596986        0.032462
BFGS:  404 03:59:58     -221.597841        0.033815
BFGS:  405 03:59:58     -221.598912        0.038152
BFGS:  406 03:59:58     -221.600145        0.041775
BFGS:  407 03:59:58     -221.601286        0.036406
BFGS:  408 03:59:59     -221.602230        0.033110
BFGS:  409 03:59:59     -221.603158        0.034093
BFGS:  410 03:59:59     -221.604298        0.030420
BFGS:  411 03:59:59     -221.605559        0.034943
BFGS:  412 03:59:59     -221.606576        0.043404
BFGS:  413 03:59:59     -221.607308        0.045303
BFGS:  414 03:59:59     -221.607959        0.038632
BFGS:  415 03:59:59     -221.608747        0.028503
BFGS:  416 04:00:00     -221.609712        0.028634
BFGS:  417 04:00:00     -221.610712        0.026442
BFGS:  418 04:00:00     -221.611596        0.025820
BFGS:  419 04:00:00     -221.612353        0.032858
BFGS:  420 04:00:00     -221.613088        0.040146
BFGS:  421 04:00:00     -221.614000        0.048096
BFGS:  422 04:00:00     -221.615351        0.056291
BFGS:  423 04:00:00     -221.617479        0.064293
BFGS:  424 04:00:01     -221.619775        0.068891
BFGS:  425 04:00:01     -221.622176        0.078282
BFGS:  426 04:00:01     -221.624596        0.066090
BFGS:  427 04:00:01     -221.626940        0.066770
BFGS:  428 04:00:01     -221.630397        0.056281
BFGS:  429 04:00:01     -221.633669        0.057012
BFGS:  430 04:00:01     -221.639314        0.066515
BFGS:  431 04:00:01     -221.642891        0.061475
BFGS:  432 04:00:02     -221.646082        0.069484
BFGS:  433 04:00:02     -221.650044        0.063773
BFGS:  434 04:00:02     -221.653147        0.064635
BFGS:  435 04:00:02     -221.655327        0.055765
BFGS:  436 04:00:02     -221.657401        0.059913
BFGS:  437 04:00:02     -221.659577        0.058726
BFGS:  438 04:00:02     -221.661836        0.051472
BFGS:  439 04:00:02     -221.664338        0.056445
BFGS:  440 04:00:03     -221.667029        0.064570
BFGS:  441 04:00:03     -221.669821        0.061180
BFGS:  442 04:00:03     -221.672411        0.057108
BFGS:  443 04:00:03     -221.675454        0.059335
BFGS:  444 04:00:03     -221.679738        0.057792
BFGS:  445 04:00:03     -221.686280        0.068029
BFGS:  446 04:00:03     -221.693375        0.087521
BFGS:  447 04:00:04     -221.699972        0.099664
BFGS:  448 04:00:04     -221.706874        0.098161
BFGS:  449 04:00:04     -221.713769        0.087535
BFGS:  450 04:00:04     -221.719008        0.076115
BFGS:  451 04:00:04     -221.724574        0.060072
BFGS:  452 04:00:04     -221.729416        0.058474
BFGS:  453 04:00:04     -221.734568        0.055887
BFGS:  454 04:00:04     -221.739827        0.067626
BFGS:  455 04:00:05     -221.745203        0.089516
BFGS:  456 04:00:05     -221.749883        0.087277
BFGS:  457 04:00:05     -221.755924        0.077519
BFGS:  458 04:00:05     -221.762576        0.068714
BFGS:  459 04:00:05     -221.769340        0.075708
BFGS:  460 04:00:05     -221.776426        0.073479
BFGS:  461 04:00:05     -221.784404        0.090543
BFGS:  462 04:00:05     -221.789627        0.112121
BFGS:  463 04:00:06     -221.795525        0.102068
BFGS:  464 04:00:06     -221.803259        0.074527
BFGS:  465 04:00:06     -221.809099        0.065673
BFGS:  466 04:00:06     -221.821110        0.072869
BFGS:  467 04:00:06     -221.832562        0.082160
BFGS:  468 04:00:06     -221.842198        0.091586
BFGS:  469 04:00:06     -221.851080        0.103976
BFGS:  470 04:00:06     -221.857755        0.102652
BFGS:  471 04:00:07     -221.868008        0.113056
BFGS:  472 04:00:07     -221.878528        0.115457
BFGS:  473 04:00:07     -221.890999        0.112995
BFGS:  474 04:00:07     -221.902647        0.110892
BFGS:  475 04:00:07     -221.917379        0.105869
BFGS:  476 04:00:07     -221.931431        0.116956
BFGS:  477 04:00:07     -221.945776        0.129333
BFGS:  478 04:00:07     -221.956798        0.145727
BFGS:  479 04:00:08     -221.968612        0.161087
BFGS:  480 04:00:08     -221.980948        0.176353
BFGS:  481 04:00:08     -221.993330        0.195652
BFGS:  482 04:00:08     -222.011978        0.182281
BFGS:  483 04:00:08     -222.037331        0.149240
BFGS:  484 04:00:08     -222.058844        0.139285
BFGS:  485 04:00:08     -222.083011        0.114911
BFGS:  486 04:00:08     -222.102243        0.116894
BFGS:  487 04:00:09     -222.117030        0.137524
BFGS:  488 04:00:09     -222.127820        0.105153
BFGS:  489 04:00:09     -222.138068        0.119376
BFGS:  490 04:00:09     -222.151162        0.099725
BFGS:  491 04:00:09     -222.165135        0.082897
BFGS:  492 04:00:09     -222.178444        0.097881
BFGS:  493 04:00:09     -222.188151        0.105033
BFGS:  494 04:00:09     -222.196631        0.085006
BFGS:  495 04:00:10     -222.202860        0.090673
BFGS:  496 04:00:10     -222.205962        0.071428
BFGS:  497 04:00:10     -222.210245        0.052216
BFGS:  498 04:00:10     -222.213218        0.049542
BFGS:  499 04:00:10     -222.215825        0.061694
BFGS:  500 04:00:10     -222.218482        0.071737
BFGS:  501 04:00:10     -222.221560        0.068836
BFGS:  502 04:00:10     -222.224437        0.053714
BFGS:  503 04:00:11     -222.226717        0.047207
BFGS:  504 04:00:11     -222.228694        0.048776
BFGS:  505 04:00:11     -222.230708        0.048910
BFGS:  506 04:00:11     -222.232717        0.048467
BFGS:  507 04:00:11     -222.234460        0.047330
BFGS:  508 04:00:11     -222.235775        0.046047
BFGS:  509 04:00:11     -222.237050        0.045351
BFGS:  510 04:00:11     -222.238937        0.044639
BFGS:  511 04:00:12     -222.241369        0.044726
BFGS:  512 04:00:12     -222.243672        0.046399
BFGS:  513 04:00:12     -222.245346        0.050758
BFGS:  514 04:00:12     -222.246855        0.048170
BFGS:  515 04:00:12     -222.248921        0.045851
BFGS:  516 04:00:12     -222.252114        0.045265
BFGS:  517 04:00:12     -222.255792        0.048735
BFGS:  518 04:00:12     -222.258752        0.048766
BFGS:  519 04:00:13     -222.260895        0.053899
BFGS:  520 04:00:13     -222.263221        0.049480
BFGS:  521 04:00:13     -222.267087        0.056507
BFGS:  522 04:00:13     -222.270499        0.070143
BFGS:  523 04:00:13     -222.274496        0.059907
BFGS:  524 04:00:13     -222.281258        0.059537
BFGS:  525 04:00:13     -222.288348        0.078810
BFGS:  526 04:00:13     -222.286861        0.121423
BFGS:  527 04:00:14     -222.295330        0.091432
BFGS:  528 04:00:14     -222.299130        0.082762
BFGS:  529 04:00:14     -222.309342        0.064570
BFGS:  530 04:00:14     -222.316460        0.061945
BFGS:  531 04:00:14     -222.325066        0.090275
BFGS:  532 04:00:14     -222.335142        0.094636
BFGS:  533 04:00:14     -222.344768        0.101587
BFGS:  534 04:00:14     -222.353214        0.109627
BFGS:  535 04:00:15     -222.363457        0.111189
BFGS:  536 04:00:15     -222.373102        0.104005
BFGS:  537 04:00:15     -222.380660        0.095160
BFGS:  538 04:00:15     -222.389170        0.084800
BFGS:  539 04:00:15     -222.396760        0.072412
BFGS:  540 04:00:15     -222.405059        0.078440
BFGS:  541 04:00:15     -222.413240        0.085643
BFGS:  542 04:00:15     -222.419882        0.082057
BFGS:  543 04:00:16     -222.424658        0.051961
BFGS:  544 04:00:16     -222.428977        0.060198
BFGS:  545 04:00:16     -222.432297        0.055886
BFGS:  546 04:00:16     -222.435636        0.054215
BFGS:  547 04:00:16     -222.438004        0.039693
BFGS:  548 04:00:16     -222.441632        0.048676
BFGS:  549 04:00:16     -222.444304        0.058397
BFGS:  550 04:00:16     -222.447584        0.056953
BFGS:  551 04:00:17     -222.450006        0.051919
BFGS:  552 04:00:17     -222.453086        0.052890
BFGS:  553 04:00:17     -222.456018        0.050053
BFGS:  554 04:00:17     -222.459242        0.042896
BFGS:  555 04:00:17     -222.462103        0.052839
BFGS:  556 04:00:17     -222.464596        0.055315
BFGS:  557 04:00:17     -222.466689        0.051784
BFGS:  558 04:00:17     -222.469324        0.047800
BFGS:  559 04:00:18     -222.472552        0.048810
BFGS:  560 04:00:18     -222.476711        0.047834
BFGS:  561 04:00:18     -222.481046        0.054035
BFGS:  562 04:00:18     -222.485047        0.066989
BFGS:  563 04:00:18     -222.488996        0.074303
BFGS:  564 04:00:18     -222.491599        0.088965
BFGS:  565 04:00:18     -222.495474        0.080232
BFGS:  566 04:00:18     -222.502350        0.055871
BFGS:  567 04:00:19     -222.507796        0.052527
BFGS:  568 04:00:19     -222.513186        0.072837
BFGS:  569 04:00:19     -222.516879        0.075343
BFGS:  570 04:00:19     -222.521899        0.074746
BFGS:  571 04:00:19     -222.526523        0.068663
BFGS:  572 04:00:19     -222.533638        0.068465
BFGS:  573 04:00:19     -222.541415        0.069467
BFGS:  574 04:00:19     -222.548147        0.066992
BFGS:  575 04:00:20     -222.554231        0.069262
BFGS:  576 04:00:20     -222.558406        0.084646
BFGS:  577 04:00:20     -222.564535        0.098962
BFGS:  578 04:00:20     -222.571631        0.097520
BFGS:  579 04:00:20     -222.580706        0.093977
BFGS:  580 04:00:20     -222.588576        0.088635
BFGS:  581 04:00:20     -222.596211        0.083570
BFGS:  582 04:00:20     -222.603733        0.088790
BFGS:  583 04:00:21     -222.610231        0.094674
BFGS:  584 04:00:21     -222.615787        0.095450
BFGS:  585 04:00:21     -222.620441        0.101642
BFGS:  586 04:00:21     -222.624818        0.105208
BFGS:  587 04:00:21     -222.629481        0.107601
BFGS:  588 04:00:21     -222.634454        0.108893
BFGS:  589 04:00:21     -222.639489        0.113366
BFGS:  590 04:00:21     -222.644946        0.118169
BFGS:  591 04:00:22     -222.650660        0.123168
BFGS:  592 04:00:22     -222.657695        0.127424
BFGS:  593 04:00:22     -222.663934        0.131308
BFGS:  594 04:00:22     -222.672884        0.128723
BFGS:  595 04:00:22     -222.679445        0.126288
BFGS:  596 04:00:22     -222.690028        0.116821
BFGS:  597 04:00:22     -222.701119        0.123643
BFGS:  598 04:00:22     -222.715238        0.127363
BFGS:  599 04:00:23     -222.727588        0.145174
BFGS:  600 04:00:23     -222.738000        0.113300
BFGS:  601 04:00:23     -222.745118        0.086647
BFGS:  602 04:00:23     -222.751095        0.070133
BFGS:  603 04:00:23     -222.759054        0.068078
BFGS:  604 04:00:23     -222.765418        0.103164
BFGS:  605 04:00:23     -222.769980        0.089176
BFGS:  606 04:00:23     -222.774265        0.078808
BFGS:  607 04:00:24     -222.779504        0.065374
BFGS:  608 04:00:24     -222.784228        0.064787
BFGS:  609 04:00:24     -222.789911        0.067118
BFGS:  610 04:00:24     -222.795133        0.085996
BFGS:  611 04:00:24     -222.798437        0.088050
BFGS:  612 04:00:24     -222.802362        0.082308
BFGS:  613 04:00:24     -222.805770        0.065503
BFGS:  614 04:00:24     -222.808392        0.062230
BFGS:  615 04:00:25     -222.810523        0.049374
BFGS:  616 04:00:25     -222.812414        0.050159
BFGS:  617 04:00:25     -222.814145        0.046454
BFGS:  618 04:00:25     -222.815612        0.039847
BFGS:  619 04:00:25     -222.816895        0.040466
BFGS:  620 04:00:25     -222.818043        0.035094
BFGS:  621 04:00:25     -222.819083        0.029262
BFGS:  622 04:00:26     -222.819980        0.032076
BFGS:  623 04:00:26     -222.820757        0.028390
BFGS:  624 04:00:26     -222.821524        0.026277
BFGS:  625 04:00:26     -222.822415        0.024464
BFGS:  626 04:00:26     -222.823407        0.027687
BFGS:  627 04:00:26     -222.824300        0.029184
BFGS:  628 04:00:26     -222.824978        0.029590
BFGS:  629 04:00:26     -222.825579        0.024324
BFGS:  630 04:00:27     -222.826277        0.023167
BFGS:  631 04:00:27     -222.827084        0.019800
BFGS:  632 04:00:27     -222.827787        0.021559
BFGS:  633 04:00:27     -222.828279        0.022119
BFGS:  634 04:00:27     -222.828652        0.024179
BFGS:  635 04:00:27     -222.829044        0.025064
BFGS:  636 04:00:27     -222.829520        0.023998
BFGS:  637 04:00:27     -222.830058        0.020410
BFGS:  638 04:00:28     -222.830576        0.019657
BFGS:  639 04:00:28     -222.831002        0.020446
BFGS:  640 04:00:28     -222.831354        0.020789
BFGS:  641 04:00:28     -222.831698        0.020301
BFGS:  642 04:00:28     -222.832094        0.018069
BFGS:  643 04:00:28     -222.832584        0.019645
BFGS:  644 04:00:28     -222.833163        0.020229
BFGS:  645 04:00:28     -222.833784        0.026961
BFGS:  646 04:00:29     -222.834414        0.033071
BFGS:  647 04:00:29     -222.835067        0.032630
BFGS:  648 04:00:29     -222.835750        0.028360
BFGS:  649 04:00:29     -222.836437        0.029799
BFGS:  650 04:00:29     -222.837146        0.027523
BFGS:  651 04:00:29     -222.837926        0.023780
BFGS:  652 04:00:29     -222.838846        0.030461
BFGS:  653 04:00:29     -222.839932        0.034902
BFGS:  654 04:00:30     -222.841055        0.032254
BFGS:  655 04:00:30     -222.842078        0.025643
BFGS:  656 04:00:30     -222.842985        0.026952
BFGS:  657 04:00:30     -222.843939        0.029410
BFGS:  658 04:00:30     -222.845068        0.029852
BFGS:  659 04:00:30     -222.846281        0.036819
BFGS:  660 04:00:30     -222.847362        0.034284
BFGS:  661 04:00:30     -222.848272        0.029230
BFGS:  662 04:00:31     -222.849121        0.028003
BFGS:  663 04:00:31     -222.850040        0.035497
BFGS:  664 04:00:31     -222.851141        0.035493
BFGS:  665 04:00:31     -222.852382        0.034229
BFGS:  666 04:00:31     -222.853645        0.038156
BFGS:  667 04:00:31     -222.854772        0.033141
BFGS:  668 04:00:31     -222.855706        0.031626
BFGS:  669 04:00:31     -222.856536        0.028483
BFGS:  670 04:00:32     -222.857419        0.025688
BFGS:  671 04:00:32     -222.858435        0.028887
BFGS:  672 04:00:32     -222.859457        0.026186
BFGS:  673 04:00:32     -222.860270        0.025783
BFGS:  674 04:00:32     -222.860892        0.022630
BFGS:  675 04:00:32     -222.861573        0.024464
BFGS:  676 04:00:32     -222.862515        0.027934
BFGS:  677 04:00:32     -222.863658        0.027353
BFGS:  678 04:00:33     -222.864800        0.032183
BFGS:  679 04:00:33     -222.865765        0.033564
BFGS:  680 04:00:33     -222.866652        0.029679
BFGS:  681 04:00:33     -222.867547        0.033821
BFGS:  682 04:00:33     -222.868437        0.032433
BFGS:  683 04:00:33     -222.869293        0.026945
BFGS:  684 04:00:33     -222.870186        0.025683
BFGS:  685 04:00:33     -222.871247        0.027851
BFGS:  686 04:00:34     -222.872537        0.028764
BFGS:  687 04:00:34     -222.873693        0.035562
BFGS:  688 04:00:34     -222.874626        0.030563
BFGS:  689 04:00:34     -222.875760        0.027464
BFGS:  690 04:00:34     -222.876469        0.029751
BFGS:  691 04:00:34     -222.877511        0.029851
BFGS:  692 04:00:34     -222.878362        0.029004
BFGS:  693 04:00:34     -222.879217        0.033696
BFGS:  694 04:00:35     -222.879976        0.035208
BFGS:  695 04:00:35     -222.880750        0.033709
BFGS:  696 04:00:35     -222.881565        0.028656
BFGS:  697 04:00:35     -222.882392        0.030707
BFGS:  698 04:00:35     -222.883134        0.037745
BFGS:  699 04:00:35     -222.884629        0.050658
BFGS:  700 04:00:35     -222.887523        0.065176
BFGS:  701 04:00:35     -222.887094        0.079765
BFGS:  702 04:00:36     -222.896618        0.043636
BFGS:  703 04:00:36     -222.887534        0.106582
BFGS:  704 04:00:36     -222.903234        0.057544
BFGS:  705 04:00:36     -222.906604        0.053540
BFGS:  706 04:00:36     -222.911446        0.051792
BFGS:  707 04:00:36     -222.915617        0.053893
BFGS:  708 04:00:36     -222.919317        0.058150
BFGS:  709 04:00:36     -222.923092        0.064376
BFGS:  710 04:00:37     -222.927493        0.070779
BFGS:  711 04:00:37     -222.933024        0.072802
BFGS:  712 04:00:37     -222.939491        0.073202
BFGS:  713 04:00:37     -222.944765        0.080541
BFGS:  714 04:00:37     -222.949412        0.077340
BFGS:  715 04:00:37     -222.954281        0.069188
BFGS:  716 04:00:37     -222.960378        0.059559
BFGS:  717 04:00:37     -222.966909        0.060526
BFGS:  718 04:00:38     -222.971429        0.064490
BFGS:  719 04:00:38     -222.975356        0.074422
BFGS:  720 04:00:38     -222.979766        0.085105
BFGS:  721 04:00:38     -222.984321        0.089925
BFGS:  722 04:00:38     -222.989200        0.085508
BFGS:  723 04:00:38     -222.996176        0.069997
BFGS:  724 04:00:38     -223.004071        0.067874
BFGS:  725 04:00:38     -223.010790        0.065720
BFGS:  726 04:00:39     -223.016161        0.079155
BFGS:  727 04:00:39     -223.020862        0.096202
BFGS:  728 04:00:39     -223.026399        0.091880
BFGS:  729 04:00:39     -223.033681        0.112120
BFGS:  730 04:00:39     -223.042025        0.108601
BFGS:  731 04:00:39     -223.051246        0.090601
BFGS:  732 04:00:39     -223.057965        0.082372
BFGS:  733 04:00:39     -223.063277        0.077461
BFGS:  734 04:00:40     -223.067327        0.069458
BFGS:  735 04:00:40     -223.072369        0.069703
BFGS:  736 04:00:40     -223.078856        0.083346
BFGS:  737 04:00:40     -223.084496        0.079845
BFGS:  738 04:00:40     -223.088776        0.062292
BFGS:  739 04:00:40     -223.092171        0.054487
BFGS:  740 04:00:40     -223.096150        0.063599
BFGS:  741 04:00:40     -223.100695        0.059545
BFGS:  742 04:00:41     -223.106777        0.062543
BFGS:  743 04:00:41     -223.112601        0.090547
BFGS:  744 04:00:41     -223.117229        0.088916
BFGS:  745 04:00:41     -223.120744        0.079316
BFGS:  746 04:00:41     -223.124384        0.063656
BFGS:  747 04:00:41     -223.128329        0.054372
BFGS:  748 04:00:41     -223.133108        0.055225
BFGS:  749 04:00:41     -223.137692        0.055935
BFGS:  750 04:00:42     -223.142812        0.060527
BFGS:  751 04:00:42     -223.147818        0.075325
BFGS:  752 04:00:42     -223.151464        0.089675
BFGS:  753 04:00:42     -223.158065        0.085014
BFGS:  754 04:00:42     -223.168256        0.058452
BFGS:  755 04:00:42     -223.174802        0.055803
BFGS:  756 04:00:42     -223.178669        0.056981
BFGS:  757 04:00:42     -223.181355        0.054483
BFGS:  758 04:00:43     -223.184539        0.048323
BFGS:  759 04:00:43     -223.188108        0.048300
BFGS:  760 04:00:43     -223.191900        0.044196
BFGS:  761 04:00:43     -223.195191        0.044862
BFGS:  762 04:00:43     -223.197208        0.042223
BFGS:  763 04:00:43     -223.198476        0.038087
BFGS:  764 04:00:43     -223.200017        0.040901
BFGS:  765 04:00:43     -223.202317        0.049331
BFGS:  766 04:00:44     -223.205064        0.044875
BFGS:  767 04:00:44     -223.207410        0.039579
BFGS:  768 04:00:44     -223.208912        0.046027
BFGS:  769 04:00:44     -223.209892        0.042387
BFGS:  770 04:00:44     -223.210831        0.033978
BFGS:  771 04:00:44     -223.211968        0.031172
BFGS:  772 04:00:44     -223.213380        0.031102
BFGS:  773 04:00:44     -223.214891        0.033021
BFGS:  774 04:00:45     -223.216109        0.029974
BFGS:  775 04:00:45     -223.216859        0.030523
BFGS:  776 04:00:45     -223.217368        0.029661
BFGS:  777 04:00:45     -223.217968        0.025833
BFGS:  778 04:00:45     -223.218886        0.034975
BFGS:  779 04:00:45     -223.220145        0.036415
BFGS:  780 04:00:45     -223.221382        0.036174
BFGS:  781 04:00:45     -223.222215        0.041907
BFGS:  782 04:00:46     -223.222740        0.040071
BFGS:  783 04:00:46     -223.223257        0.032349
BFGS:  784 04:00:46     -223.223970        0.024787
BFGS:  785 04:00:46     -223.224895        0.024339
BFGS:  786 04:00:46     -223.225781        0.033981
BFGS:  787 04:00:46     -223.226405        0.037779
BFGS:  788 04:00:46     -223.226834        0.034605
BFGS:  789 04:00:46     -223.227293        0.028794
BFGS:  790 04:00:47     -223.228058        0.024584
BFGS:  791 04:00:47     -223.229801        0.039435
BFGS:  792 04:00:47     -223.230988        0.036710
BFGS:  793 04:00:47     -223.232698        0.031081
BFGS:  794 04:00:47     -223.233363        0.026625
BFGS:  795 04:00:47     -223.233678        0.025663
BFGS:  796 04:00:47     -223.234535        0.024708
BFGS:  797 04:00:47     -223.235430        0.022393
BFGS:  798 04:00:48     -223.236732        0.019299
BFGS:  799 04:00:48     -223.237608        0.021275
BFGS:  800 04:00:48     -223.238102        0.021003
BFGS:  801 04:00:48     -223.238404        0.018289
BFGS:  802 04:00:48     -223.238755        0.015889
BFGS:  803 04:00:48     -223.239165        0.012651
BFGS:  804 04:00:48     -223.239568        0.013122
BFGS:  805 04:00:48     -223.239848        0.016728
BFGS:  806 04:00:49     -223.240042        0.017957
BFGS:  807 04:00:49     -223.240220        0.016419
BFGS:  808 04:00:49     -223.240437        0.014737
BFGS:  809 04:00:49     -223.240701        0.014884
BFGS:  810 04:00:49     -223.240996        0.013126
BFGS:  811 04:00:49     -223.241284        0.013531
BFGS:  812 04:00:49     -223.241549        0.015078
BFGS:  813 04:00:49     -223.241805        0.017082
BFGS:  814 04:00:50     -223.242091        0.019137
BFGS:  815 04:00:50     -223.242413        0.019310
BFGS:  816 04:00:50     -223.242736        0.017678
BFGS:  817 04:00:50     -223.243041        0.017474
BFGS:  818 04:00:50     -223.243359        0.016818
BFGS:  819 04:00:50     -223.243697        0.014404
BFGS:  820 04:00:50     -223.244015        0.016235
BFGS:  821 04:00:50     -223.244282        0.018426
BFGS:  822 04:00:51     -223.244534        0.017938
BFGS:  823 04:00:51     -223.244850        0.015854
BFGS:  824 04:00:51     -223.245276        0.013309
BFGS:  825 04:00:51     -223.245734        0.016273
BFGS:  826 04:00:51     -223.246057        0.017067
BFGS:  827 04:00:51     -223.246250        0.016940
BFGS:  828 04:00:51     -223.246433        0.016520
BFGS:  829 04:00:51     -223.246732        0.014402
BFGS:  830 04:00:52     -223.247189        0.014962
BFGS:  831 04:00:52     -223.247688        0.015420
BFGS:  832 04:00:52     -223.248005        0.013224
BFGS:  833 04:00:52     -223.248161        0.014856
BFGS:  834 04:00:52     -223.248293        0.014378
BFGS:  835 04:00:52     -223.248498        0.014681
BFGS:  836 04:00:52     -223.248805        0.014805
BFGS:  837 04:00:52     -223.249167        0.014045
BFGS:  838 04:00:53     -223.249451        0.014332
BFGS:  839 04:00:53     -223.249626        0.012815
BFGS:  840 04:00:53     -223.249758        0.011274
BFGS:  841 04:00:53     -223.249913        0.011006
BFGS:  842 04:00:53     -223.250126        0.012322
BFGS:  843 04:00:53     -223.250399        0.012655
BFGS:  844 04:00:53     -223.250678        0.012257
BFGS:  845 04:00:53     -223.250889        0.012523
BFGS:  846 04:00:54     -223.251027        0.013750
BFGS:  847 04:00:54     -223.251148        0.013116
BFGS:  848 04:00:54     -223.251318        0.011145
BFGS:  849 04:00:54     -223.251583        0.012085
BFGS:  850 04:00:54     -223.251916        0.012276
BFGS:  851 04:00:54     -223.252190        0.011916
BFGS:  852 04:00:54     -223.252343        0.013806
BFGS:  853 04:00:55     -223.252444        0.014593
BFGS:  854 04:00:55     -223.252572        0.014607
BFGS:  855 04:00:55     -223.252790        0.013561
BFGS:  856 04:00:55     -223.253137        0.014195
BFGS:  857 04:00:55     -223.253564        0.015143
BFGS:  858 04:00:55     -223.253921        0.017846
BFGS:  859 04:00:55     -223.254156        0.018971
BFGS:  860 04:00:55     -223.254352        0.017791
BFGS:  861 04:00:56     -223.254631        0.017788
BFGS:  862 04:00:56     -223.255106        0.017169
BFGS:  863 04:00:56     -223.255842        0.019445
BFGS:  864 04:00:56     -223.256642        0.019546
BFGS:  865 04:00:56     -223.257189        0.019119
BFGS:  866 04:00:56     -223.257488        0.020316
BFGS:  867 04:00:56     -223.257757        0.019653
BFGS:  868 04:00:56     -223.258237        0.016868
BFGS:  869 04:00:57     -223.259089        0.021112
BFGS:  870 04:00:57     -223.260215        0.025816
BFGS:  871 04:00:57     -223.261096        0.034470
BFGS:  872 04:00:57     -223.261649        0.033410
BFGS:  873 04:00:57     -223.261970        0.028735
BFGS:  874 04:00:57     -223.262418        0.022255
BFGS:  875 04:00:57     -223.263350        0.016792
BFGS:  876 04:00:57     -223.264427        0.017113
BFGS:  877 04:00:58     -223.264891        0.016960
BFGS:  878 04:00:58     -223.265134        0.017980
BFGS:  879 04:00:58     -223.265352        0.017839
BFGS:  880 04:00:58     -223.265729        0.018327
BFGS:  881 04:00:58     -223.266274        0.017958
BFGS:  882 04:00:58     -223.266746        0.013972
BFGS:  883 04:00:58     -223.267000        0.011700
BFGS:  884 04:00:58     -223.267127        0.013353
BFGS:  885 04:00:59     -223.267242        0.015382
BFGS:  886 04:00:59     -223.267404        0.013130
BFGS:  887 04:00:59     -223.267676        0.011794
BFGS:  888 04:00:59     -223.267932        0.010125
BFGS:  889 04:00:59     -223.268090        0.009377
BFGS:  890 04:00:59     -223.268174        0.008695
BFGS:  891 04:00:59     -223.268238        0.008342
BFGS:  892 04:00:59     -223.268321        0.010559
BFGS:  893 04:01:00     -223.268452        0.011988
BFGS:  894 04:01:00     -223.268633        0.010543
BFGS:  895 04:01:00     -223.268806        0.008434
BFGS:  896 04:01:00     -223.268912        0.007876
BFGS:  897 04:01:00     -223.268968        0.008578
BFGS:  898 04:01:00     -223.269009        0.009251
BFGS:  899 04:01:00     -223.269068        0.008891
BFGS:  900 04:01:00     -223.269164        0.007287
BFGS:  901 04:01:01     -223.269302        0.005993
BFGS:  902 04:01:01     -223.269431        0.006997
BFGS:  903 04:01:01     -223.269509        0.007408
BFGS:  904 04:01:01     -223.269549        0.007542
BFGS:  905 04:01:01     -223.269578        0.007410
BFGS:  906 04:01:01     -223.269619        0.007232
BFGS:  907 04:01:01     -223.269686        0.007140
BFGS:  908 04:01:01     -223.269783        0.007033
BFGS:  909 04:01:02     -223.269884        0.006570
BFGS:  910 04:01:02     -223.269958        0.007829
BFGS:  911 04:01:02     -223.269999        0.007920
BFGS:  912 04:01:02     -223.270027        0.007121
BFGS:  913 04:01:02     -223.270070        0.005987
BFGS:  914 04:01:02     -223.270149        0.006204
BFGS:  915 04:01:02     -223.270282        0.007044
BFGS:  916 04:01:02     -223.270430        0.008359
BFGS:  917 04:01:03     -223.270511        0.007713
BFGS:  918 04:01:03     -223.270569        0.007355
BFGS:  919 04:01:03     -223.270598        0.006656
BFGS:  920 04:01:03     -223.270686        0.006413
BFGS:  921 04:01:03     -223.270803        0.006706
BFGS:  922 04:01:03     -223.270943        0.007051
BFGS:  923 04:01:03     -223.271027        0.008138
BFGS:  924 04:01:03     -223.271064        0.007910
BFGS:  925 04:01:04     -223.271090        0.007198
BFGS:  926 04:01:04     -223.271138        0.006916
BFGS:  927 04:01:04     -223.271262        0.008073
BFGS:  928 04:01:04     -223.271456        0.009367
BFGS:  929 04:01:04     -223.271608        0.008340
BFGS:  930 04:01:04     -223.271687        0.009523
BFGS:  931 04:01:04     -223.271719        0.008953
BFGS:  932 04:01:04     -223.271750        0.008351
BFGS:  933 04:01:05     -223.271822        0.008106
BFGS:  934 04:01:05     -223.271972        0.008801
BFGS:  935 04:01:05     -223.272155        0.007380
BFGS:  936 04:01:05     -223.272287        0.008772
BFGS:  937 04:01:05     -223.272346        0.008032
BFGS:  938 04:01:05     -223.272372        0.007021
BFGS:  939 04:01:05     -223.272406        0.006819
BFGS:  940 04:01:05     -223.272483        0.006560
BFGS:  941 04:01:06     -223.272640        0.007610
BFGS:  942 04:01:06     -223.272951        0.010990
BFGS:  943 04:01:06     -223.272096        0.038520
BFGS:  944 04:01:06     -223.273362        0.016146
BFGS:  945 04:01:06     -223.273781        0.019639
BFGS:  946 04:01:06     -223.268831        0.043547
BFGS:  947 04:01:06     -223.274325        0.023381
BFGS:  948 04:01:07     -223.274696        0.019021
BFGS:  949 04:01:07     -223.274873        0.017995
BFGS:  950 04:01:07     -223.275153        0.018080
BFGS:  951 04:01:07     -223.275561        0.016842
BFGS:  952 04:01:07     -223.275894        0.013648
BFGS:  953 04:01:07     -223.276293        0.013744
BFGS:  954 04:01:07     -223.276514        0.013214
BFGS:  955 04:01:07     -223.276607        0.011369
BFGS:  956 04:01:08     -223.276665        0.010150
BFGS:  957 04:01:08     -223.276761        0.009001
BFGS:  958 04:01:08     -223.276942        0.007804
BFGS:  959 04:01:08     -223.277213        0.006937
BFGS:  960 04:01:08     -223.277452        0.007349
BFGS:  961 04:01:08     -223.277564        0.006942
BFGS:  962 04:01:08     -223.277603        0.006305
BFGS:  963 04:01:08     -223.277633        0.006282
BFGS:  964 04:01:09     -223.277684        0.006458
BFGS:  965 04:01:09     -223.277770        0.006541
BFGS:  966 04:01:09     -223.277900        0.007214
BFGS:  967 04:01:09     -223.278024        0.006507
BFGS:  968 04:01:09     -223.278088        0.005700
BFGS:  969 04:01:09     -223.278111        0.004572
BFGS:  970 04:01:09     -223.278127        0.004512
BFGS:  971 04:01:09     -223.278156        0.004801
BFGS:  972 04:01:10     -223.278208        0.005824
BFGS:  973 04:01:10     -223.278283        0.005653
BFGS:  974 04:01:10     -223.278352        0.005141
BFGS:  975 04:01:10     -223.278389        0.005699
BFGS:  976 04:01:10     -223.278407        0.005743
BFGS:  977 04:01:10     -223.278428        0.005512
BFGS:  978 04:01:10     -223.278464        0.005332
BFGS:  979 04:01:10     -223.278519        0.004615
BFGS:  980 04:01:11     -223.278572        0.003925
BFGS:  981 04:01:11     -223.278599        0.004015
BFGS:  982 04:01:11     -223.278610        0.003770
BFGS:  983 04:01:11     -223.278620        0.003507
BFGS:  984 04:01:11     -223.278637        0.003197
BFGS:  985 04:01:11     -223.278667        0.003114
BFGS:  986 04:01:11     -223.278708        0.003327
BFGS:  987 04:01:11     -223.278737        0.003750
BFGS:  988 04:01:12     -223.278748        0.003361
BFGS:  989 04:01:12     -223.278753        0.002897
BFGS:  990 04:01:12     -223.278760        0.002729
BFGS:  991 04:01:12     -223.278772        0.002475
BFGS:  992 04:01:12     -223.278792        0.002104
BFGS:  993 04:01:12     -223.278815        0.002255
BFGS:  994 04:01:12     -223.278827        0.002253
BFGS:  995 04:01:12     -223.278832        0.002441
BFGS:  996 04:01:13     -223.278834        0.002440
BFGS:  997 04:01:13     -223.278839        0.002343
BFGS:  998 04:01:13     -223.278848        0.002093
BFGS:  999 04:01:13     -223.278863        0.002128
BFGS:  1000 04:01:13     -223.278881        0.001914
