      Step     Time          Energy          fmax
BFGS:    0 13:44:35      -44.935022        0.442764
BFGS:    1 13:44:35      -44.969189        0.451931
BFGS:    2 13:44:35      -46.085111        0.660152
BFGS:    3 13:44:35      -47.102033        0.543329
BFGS:    4 13:44:35      -47.286402        1.365164
BFGS:    5 13:44:35      -47.449905        0.501447
BFGS:    6 13:44:35      -47.520012        0.507492
BFGS:    7 13:44:35      -47.984994        1.550671
BFGS:    8 13:44:35      -48.426757        1.846916
BFGS:    9 13:44:35      -49.280591        1.572888
BFGS:   10 13:44:35      -50.044212        0.714418
BFGS:   11 13:44:36      -50.314321        0.353098
BFGS:   12 13:44:36      -50.393233        0.332339
BFGS:   13 13:44:36      -50.410464        0.363201
BFGS:   14 13:44:36      -50.426953        0.375985
BFGS:   15 13:44:36      -50.475210        0.394598
BFGS:   16 13:44:36      -50.567862        0.403425
BFGS:   17 13:44:36      -50.684360        0.385873
BFGS:   18 13:44:36      -50.813769        0.356062
BFGS:   19 13:44:36      -50.949759        0.264939
BFGS:   20 13:44:36      -51.006966        0.223179
BFGS:   21 13:44:36      -51.018101        0.195917
BFGS:   22 13:44:36      -51.035298        0.191450
BFGS:   23 13:44:36      -51.068985        0.172583
BFGS:   24 13:44:36      -51.122031        0.145921
BFGS:   25 13:44:36      -51.180218        0.108904
BFGS:   26 13:44:36      -51.204980        0.072590
BFGS:   27 13:44:36      -51.207824        0.078275
BFGS:   28 13:44:36      -51.208675        0.081094
BFGS:   29 13:44:36      -51.209870        0.082799
BFGS:   30 13:44:36      -51.213248        0.083237
BFGS:   31 13:44:36      -51.218804        0.078049
BFGS:   32 13:44:36      -51.225367        0.064268
BFGS:   33 13:44:36      -51.228818        0.049446
BFGS:   34 13:44:37      -51.229785        0.042173
BFGS:   35 13:44:37      -51.230240        0.044537
BFGS:   36 13:44:37      -51.231168        0.046881
BFGS:   37 13:44:37      -51.233323        0.049033
BFGS:   38 13:44:37      -51.237766        0.048341
BFGS:   39 13:44:37      -51.244111        0.039711
BFGS:   40 13:44:37      -51.248982        0.032444
BFGS:   41 13:44:37      -51.250573        0.028986
BFGS:   42 13:44:37      -51.250810        0.027677
BFGS:   43 13:44:37      -51.250932        0.026759
BFGS:   44 13:44:37      -51.251281        0.025145
BFGS:   45 13:44:37      -51.252007        0.024026
BFGS:   46 13:44:37      -51.253415        0.028796
BFGS:   47 13:44:37      -51.255221        0.048064
BFGS:   48 13:44:37      -51.256500        0.058070
BFGS:   49 13:44:37      -51.257000        0.053278
BFGS:   50 13:44:37      -51.257330        0.043748
BFGS:   51 13:44:37      -51.257878        0.034062
BFGS:   52 13:44:37      -51.258630        0.023744
BFGS:   53 13:44:37      -51.259260        0.032290
BFGS:   54 13:44:37      -51.259565        0.033057
BFGS:   55 13:44:37      -51.259762        0.030209
BFGS:   56 13:44:38      -51.260095        0.028105
BFGS:   57 13:44:38      -51.260850        0.029943
BFGS:   58 13:44:38      -51.262376        0.032888
BFGS:   59 13:44:38      -51.264646        0.039713
BFGS:   60 13:44:38      -51.266598        0.042454
BFGS:   61 13:44:38      -51.267463        0.042862
BFGS:   62 13:44:38      -51.267882        0.040894
BFGS:   63 13:44:38      -51.268527        0.041431
BFGS:   64 13:44:38      -51.270002        0.042344
BFGS:   65 13:44:38      -51.272809        0.037854
BFGS:   66 13:44:38      -51.276311        0.042529
BFGS:   67 13:44:38      -51.278582        0.037193
BFGS:   68 13:44:38      -51.279372        0.025926
BFGS:   69 13:44:38      -51.279532        0.022392
BFGS:   70 13:44:38      -51.279729        0.019075
BFGS:   71 13:44:38      -51.280152        0.017536
BFGS:   72 13:44:38      -51.280810        0.029042
BFGS:   73 13:44:38      -51.281480        0.048215
BFGS:   74 13:44:38      -51.281920        0.055964
BFGS:   75 13:44:38      -51.282276        0.054523
BFGS:   76 13:44:38      -51.282786        0.047347
BFGS:   77 13:44:38      -51.283669        0.034900
BFGS:   78 13:44:38      -51.284859        0.028259
BFGS:   79 13:44:39      -51.285789        0.023505
BFGS:   80 13:44:39      -51.286136        0.020643
BFGS:   81 13:44:39      -51.286259        0.020751
BFGS:   82 13:44:39      -51.286451        0.021201
BFGS:   83 13:44:39      -51.286854        0.021915
BFGS:   84 13:44:39      -51.287544        0.029393
BFGS:   85 13:44:39      -51.288312        0.044193
BFGS:   86 13:44:39      -51.288775        0.048301
BFGS:   87 13:44:39      -51.289000        0.043823
BFGS:   88 13:44:39      -51.289223        0.035345
BFGS:   89 13:44:39      -51.289537        0.022769
BFGS:   90 13:44:39      -51.289860        0.013082
BFGS:   91 13:44:39      -51.290013        0.011192
BFGS:   92 13:44:39      -51.290051        0.010531
BFGS:   93 13:44:39      -51.290071        0.010203
BFGS:   94 13:44:39      -51.290122        0.010145
BFGS:   95 13:44:39      -51.290238        0.011884
BFGS:   96 13:44:39      -51.290487        0.022043
BFGS:   97 13:44:39      -51.290872        0.029980
BFGS:   98 13:44:39      -51.291234        0.027434
BFGS:   99 13:44:39      -51.291405        0.017594
BFGS:  100 13:44:39      -51.291466        0.015364
BFGS:  101 13:44:40      -51.291530        0.013588
BFGS:  102 13:44:40      -51.291670        0.012489
BFGS:  103 13:44:42      -51.291905        0.016227
BFGS:  104 13:44:42      -51.292170        0.017113
BFGS:  105 13:44:42      -51.292317        0.009774
BFGS:  106 13:44:42      -51.292355        0.009031
BFGS:  107 13:44:42      -51.292369        0.008998
BFGS:  108 13:44:42      -51.292400        0.008750
BFGS:  109 13:44:42      -51.292472        0.009475
BFGS:  110 13:44:42      -51.292631        0.016187
BFGS:  111 13:44:42      -51.292917        0.020819
BFGS:  112 13:44:42      -51.293275        0.017592
BFGS:  113 13:44:42      -51.293508        0.007398
BFGS:  114 13:44:42      -51.293583        0.007074
BFGS:  115 13:44:42      -51.293620        0.007987
BFGS:  116 13:44:42      -51.293647        0.009268
BFGS:  117 13:44:42      -51.293671        0.008713
BFGS:  118 13:44:42      -51.293699        0.008475
BFGS:  119 13:44:42      -51.293730        0.008549
BFGS:  120 13:44:42      -51.293770        0.008438
BFGS:  121 13:44:42      -51.293898        0.012196
BFGS:  122 13:44:42      -51.294047        0.013979
BFGS:  123 13:44:42      -51.294164        0.010947
BFGS:  124 13:44:42      -51.294203        0.009219
BFGS:  125 13:44:43      -51.294227        0.008883
BFGS:  126 13:44:43      -51.294277        0.008248
BFGS:  127 13:44:43      -51.294379        0.010650
BFGS:  128 13:44:43      -51.294550        0.012884
BFGS:  129 13:44:43      -51.294714        0.010711
BFGS:  130 13:44:43      -51.294784        0.009116
BFGS:  131 13:44:43      -51.294799        0.009538
BFGS:  132 13:44:43      -51.294807        0.009285
BFGS:  133 13:44:43      -51.294818        0.009130
BFGS:  134 13:44:43      -51.294918        0.008174
BFGS:  135 13:44:43      -51.295049        0.009512
BFGS:  136 13:44:43      -51.295255        0.013384
BFGS:  137 13:44:43      -51.295389        0.013262
BFGS:  138 13:44:43      -51.295441        0.010676
BFGS:  139 13:44:47      -51.295462        0.009396
BFGS:  140 13:44:47      -51.295511        0.006208
BFGS:  141 13:44:47      -51.292227        0.020544
BFGS:  142 13:44:47      -51.295541        0.005021
BFGS:  143 13:44:47      -51.295560        0.005017
BFGS:  144 13:44:47      -51.295557        0.008833
BFGS:  145 13:44:47      -51.295618        0.005367
BFGS:  146 13:44:47      -51.295628        0.005367
BFGS:  147 13:44:47      -51.295652        0.007008
BFGS:  148 13:44:47      -51.295670        0.007665
BFGS:  149 13:44:47      -51.295724        0.007740
BFGS:  150 13:44:47      -51.295788        0.005999
BFGS:  151 13:44:47      -51.295870        0.005147
BFGS:  152 13:44:47      -51.295915        0.007209
BFGS:  153 13:44:47      -51.295932        0.007322
BFGS:  154 13:44:47      -51.295942        0.006337
BFGS:  155 13:44:47      -51.295963        0.005812
BFGS:  156 13:44:47      -51.295996        0.005656
BFGS:  157 13:44:47      -51.296039        0.009585
BFGS:  158 13:44:47      -51.296078        0.013972
BFGS:  159 13:44:47      -51.296115        0.015373
BFGS:  160 13:44:47      -51.296166        0.014328
BFGS:  161 13:44:48      -51.296244        0.010703
BFGS:  162 13:44:48      -51.296329        0.006659
BFGS:  163 13:44:48      -51.296379        0.006166
BFGS:  164 13:44:48      -51.296394        0.006148
BFGS:  165 13:44:48      -51.296402        0.005835
BFGS:  166 13:44:48      -51.296417        0.004900
BFGS:  167 13:44:48      -51.296443        0.004126
BFGS:  168 13:44:48      -51.296478        0.004790
BFGS:  169 13:44:48      -51.296501        0.005230
BFGS:  170 13:44:48      -51.296508        0.004508
BFGS:  171 13:44:48      -51.296510        0.003716
BFGS:  172 13:44:48      -51.296513        0.002694
BFGS:  173 13:44:48      -51.296517        0.002748
BFGS:  174 13:44:48      -51.296521        0.002739
BFGS:  175 13:44:48      -51.296523        0.002695
BFGS:  176 13:44:48      -51.296524        0.003088
BFGS:  177 13:44:48      -51.296526        0.003172
BFGS:  178 13:44:48      -51.296530        0.003159
BFGS:  179 13:44:48      -51.296539        0.003148
BFGS:  180 13:44:48      -51.296556        0.003325
BFGS:  181 13:44:48      -51.296581        0.004328
BFGS:  182 13:44:49      -51.296601        0.004454
BFGS:  183 13:44:49      -51.296610        0.004751
BFGS:  184 13:44:49      -51.296615        0.004769
BFGS:  185 13:44:49      -51.296623        0.004700
BFGS:  186 13:44:49      -51.296641        0.004610
BFGS:  187 13:44:49      -51.296678        0.007265
BFGS:  188 13:44:49      -51.296732        0.013432
BFGS:  189 13:44:49      -51.296787        0.018488
BFGS:  190 13:44:49      -51.296829        0.020073
BFGS:  191 13:44:49      -51.296874        0.019351
BFGS:  192 13:44:49      -51.296958        0.018050
BFGS:  193 13:44:49      -51.297118        0.016752
BFGS:  194 13:44:49      -51.297329        0.014455
BFGS:  195 13:44:49      -51.297504        0.010139
BFGS:  196 13:44:49      -51.297571        0.004184
BFGS:  197 13:44:49      -51.297580        0.003171
BFGS:  198 13:44:49      -51.297583        0.003430
BFGS:  199 13:44:49      -51.297587        0.003444
BFGS:  200 13:44:49      -51.297596        0.003192
BFGS:  201 13:44:49      -51.297609        0.003481
BFGS:  202 13:44:49      -51.297621        0.003650
BFGS:  203 13:44:49      -51.297630        0.003601
BFGS:  204 13:44:49      -51.297641        0.003596
BFGS:  205 13:44:50      -51.297653        0.003880
BFGS:  206 13:44:50      -51.297672        0.003883
BFGS:  207 13:44:50      -51.297686        0.003972
BFGS:  208 13:44:50      -51.297693        0.003688
BFGS:  209 13:44:50      -51.297699        0.003277
BFGS:  210 13:44:50      -51.297705        0.002702
BFGS:  211 13:44:50      -51.297713        0.002880
BFGS:  212 13:44:50      -51.297723        0.002896
BFGS:  213 13:44:50      -51.297727        0.003127
BFGS:  214 13:44:50      -51.297729        0.002656
BFGS:  215 13:44:50      -51.297730        0.002623
BFGS:  216 13:44:50      -51.297738        0.002597
BFGS:  217 13:44:50      -51.297747        0.003113
BFGS:  218 13:44:50      -51.297774        0.004644
BFGS:  219 13:44:50      -51.297803        0.005070
BFGS:  220 13:44:50      -51.297824        0.003823
BFGS:  221 13:44:50      -51.297831        0.002951
BFGS:  222 13:44:50      -51.297833        0.002854
BFGS:  223 13:44:50      -51.297837        0.002968
BFGS:  224 13:44:50      -51.297845        0.002792
BFGS:  225 13:44:50      -51.297857        0.002007
BFGS:  226 13:44:50      -51.297868        0.001750
BFGS:  227 13:44:51      -51.297872        0.001454
BFGS:  228 13:44:51      -51.297873        0.001397
BFGS:  229 13:44:51      -51.297874        0.001347
BFGS:  230 13:44:51      -51.297875        0.001334
BFGS:  231 13:44:51      -51.297877        0.001278
BFGS:  232 13:44:51      -51.297883        0.001061
BFGS:  233 13:44:51      -51.297888        0.001127
BFGS:  234 13:44:51      -51.297891        0.000928
