      Step     Time          Energy          fmax
BFGS:    0 14:53:02      -49.018893       16.025127
BFGS:    1 14:53:02      -72.209871        6.946756
BFGS:    2 14:53:02      -85.017259        3.315106
BFGS:    3 14:53:02      -92.081071        1.884493
BFGS:    4 14:53:02      -94.867873        1.097369
BFGS:    5 14:53:02      -95.811552        0.831487
BFGS:    6 14:53:02      -96.231589        0.749492
BFGS:    7 14:53:02      -96.687147        0.794160
BFGS:    8 14:53:03      -97.258899        0.807042
BFGS:    9 14:53:03      -97.893574        0.708725
BFGS:   10 14:53:03      -98.403111        0.465605
BFGS:   11 14:53:03      -98.647010        0.510086
BFGS:   12 14:53:03      -98.705876        0.533313
BFGS:   13 14:53:03      -98.794825        0.540659
BFGS:   14 14:53:03      -98.947698        0.527765
BFGS:   15 14:53:03      -99.155396        0.476210
BFGS:   16 14:53:03      -99.314658        0.404346
BFGS:   17 14:53:03      -99.382620        0.358181
BFGS:   18 14:53:03      -99.417280        0.339144
BFGS:   19 14:53:03      -99.482945        0.341540
BFGS:   20 14:53:03      -99.624230        0.344216
BFGS:   21 14:53:03      -99.791200        0.340229
BFGS:   22 14:53:03      -99.965463        0.331571
BFGS:   23 14:53:04     -100.136657        0.320699
BFGS:   24 14:53:04     -100.295408        0.309489
BFGS:   25 14:53:04     -100.434796        0.298975
BFGS:   26 14:53:04     -100.549486        0.289979
BFGS:   27 14:53:04     -100.635987        0.282265
BFGS:   28 14:53:04     -100.695250        0.276201
BFGS:   29 14:53:04     -100.729192        0.265615
BFGS:   30 14:53:04     -100.744032        0.257639
BFGS:   31 14:53:04     -100.775527        0.243655
BFGS:   32 14:53:04     -100.833512        0.216218
BFGS:   33 14:53:04     -100.909348        0.205317
BFGS:   34 14:53:04     -100.972985        0.229291
BFGS:   35 14:53:04     -100.996831        0.230687
BFGS:   36 14:53:04     -101.012183        0.225348
BFGS:   37 14:53:04     -101.023941        0.221341
BFGS:   38 14:53:05     -101.046272        0.216894
BFGS:   39 14:53:05     -101.083768        0.212738
BFGS:   40 14:53:05     -101.129975        0.209050
BFGS:   41 14:53:05     -101.184855        0.202674
BFGS:   42 14:53:05     -101.248431        0.219323
BFGS:   43 14:53:05     -101.290475        0.208528
BFGS:   44 14:53:05     -101.314847        0.170557
BFGS:   45 14:53:05     -101.331414        0.142561
BFGS:   46 14:53:05     -101.347797        0.135159
BFGS:   47 14:53:05     -101.383593        0.126075
BFGS:   48 14:53:05     -101.441196        0.118367
BFGS:   49 14:53:05     -101.480953        0.132829
BFGS:   50 14:53:05     -101.509107        0.156907
BFGS:   51 14:53:05     -101.522009        0.168884
BFGS:   52 14:53:06     -101.530455        0.170468
BFGS:   53 14:53:06     -101.541447        0.167878
BFGS:   54 14:53:06     -101.559493        0.162374
BFGS:   55 14:53:06     -101.586220        0.155044
BFGS:   56 14:53:06     -101.610754        0.172811
BFGS:   57 14:53:06     -101.626552        0.176131
BFGS:   58 14:53:06     -101.636959        0.155360
BFGS:   59 14:53:06     -101.651314        0.148905
BFGS:   60 14:53:06     -101.677992        0.147452
BFGS:   61 14:53:06     -101.713509        0.254805
BFGS:   62 14:53:06     -101.750206        0.356472
BFGS:   63 14:53:06     -101.779799        0.361553
BFGS:   64 14:53:06     -101.807842        0.300215
BFGS:   65 14:53:06     -101.844805        0.163680
BFGS:   66 14:53:06     -101.877076        0.112924
BFGS:   67 14:53:07     -101.889851        0.105681
BFGS:   68 14:53:07     -101.897020        0.112876
BFGS:   69 14:53:07     -101.908386        0.115722
BFGS:   70 14:53:07     -101.931420        0.107264
BFGS:   71 14:53:07     -101.968160        0.085712
BFGS:   72 14:53:07     -102.002565        0.087110
BFGS:   73 14:53:07     -102.018352        0.058803
BFGS:   74 14:53:07     -102.022347        0.056795
BFGS:   75 14:53:07     -102.023293        0.056321
BFGS:   76 14:53:07     -102.024847        0.052725
BFGS:   77 14:53:07     -102.028949        0.045268
BFGS:   78 14:53:07     -102.034851        0.046523
BFGS:   79 14:53:07     -102.040318        0.051962
BFGS:   80 14:53:07     -102.042472        0.056246
BFGS:   81 14:53:07     -102.043259        0.058317
BFGS:   82 14:53:08     -102.044361        0.060369
BFGS:   83 14:53:08     -102.046338        0.062717
BFGS:   84 14:53:08     -102.049126        0.064151
BFGS:   85 14:53:08     -102.051584        0.069679
BFGS:   86 14:53:08     -102.053057        0.077117
BFGS:   87 14:53:08     -102.054328        0.070077
BFGS:   88 14:53:08     -102.056384        0.056667
BFGS:   89 14:53:08     -102.059654        0.053932
BFGS:   90 14:53:08     -102.063235        0.052090
BFGS:   91 14:53:08     -102.065413        0.052268
BFGS:   92 14:53:08     -102.066482        0.053541
BFGS:   93 14:53:08     -102.067769        0.055030
BFGS:   94 14:53:08     -102.070582        0.056352
BFGS:   95 14:53:08     -102.076064        0.053405
BFGS:   96 14:53:09     -102.084377        0.049411
BFGS:   97 14:53:09     -102.091511        0.049344
BFGS:   98 14:53:09     -102.094497        0.048328
BFGS:   99 14:53:09     -102.095121        0.043471
BFGS:  100 14:53:09     -102.095656        0.038042
BFGS:  101 14:53:09     -102.096733        0.037881
BFGS:  102 14:53:09     -102.098012        0.038200
BFGS:  103 14:53:09     -102.099066        0.039097
BFGS:  104 14:53:09     -102.099565        0.039975
BFGS:  105 14:53:09     -102.099959        0.040601
BFGS:  106 14:53:09     -102.100716        0.041340
BFGS:  107 14:53:09     -102.102303        0.042210
BFGS:  108 14:53:09     -102.105256        0.043153
BFGS:  109 14:53:09     -102.109013        0.043379
BFGS:  110 14:53:09     -102.112628        0.041970
BFGS:  111 14:53:10     -102.114765        0.040786
BFGS:  112 14:53:10     -102.115751        0.040540
BFGS:  113 14:53:10     -102.117309        0.040589
BFGS:  114 14:53:10     -102.120802        0.041206
BFGS:  115 14:53:10     -102.128297        0.042587
BFGS:  116 14:53:10     -102.136133        0.044110
BFGS:  117 14:53:10     -102.140440        0.054798
BFGS:  118 14:53:10     -102.142146        0.055796
BFGS:  119 14:53:10     -102.143895        0.054035
BFGS:  120 14:53:10     -102.147394        0.048609
BFGS:  121 14:53:10     -102.152618        0.044954
BFGS:  122 14:53:10     -102.156299        0.049406
BFGS:  123 14:53:10     -102.169640        0.058070
BFGS:  124 14:53:10     -102.179371        0.061686
BFGS:  125 14:53:10     -102.187337        0.064619
BFGS:  126 14:53:11     -102.192160        0.068836
BFGS:  127 14:53:11     -102.193267        0.070542
BFGS:  128 14:53:11     -102.193781        0.071043
BFGS:  129 14:53:11     -102.194111        0.071687
BFGS:  130 14:53:11     -102.195233        0.073410
BFGS:  131 14:53:11     -102.197087        0.075518
BFGS:  132 14:53:11     -102.200778        0.077773
BFGS:  133 14:53:11     -102.205190        0.077941
BFGS:  134 14:53:11     -102.208971        0.075198
BFGS:  135 14:53:11     -102.212078        0.079170
BFGS:  136 14:53:11     -102.216359        0.078285
BFGS:  137 14:53:11     -102.224657        0.073028
BFGS:  138 14:53:11     -102.234092        0.081496
BFGS:  139 14:53:11     -102.244420        0.089975
BFGS:  140 14:53:11     -102.255354        0.096667
BFGS:  141 14:53:12     -102.266714        0.102514
BFGS:  142 14:53:12     -102.278360        0.107958
BFGS:  143 14:53:12     -102.290170        0.113145
BFGS:  144 14:53:12     -102.302034        0.118156
BFGS:  145 14:53:12     -102.313914        0.123047
BFGS:  146 14:53:12     -102.325802        0.127955
BFGS:  147 14:53:12     -102.337705        0.133087
BFGS:  148 14:53:12     -102.348875        0.151255
BFGS:  149 14:53:12     -102.363298        0.154326
BFGS:  150 14:53:12     -102.379752        0.156823
BFGS:  151 14:53:12     -102.395245        0.160857
BFGS:  152 14:53:12     -102.412418        0.161271
BFGS:  153 14:53:12     -102.429365        0.153812
BFGS:  154 14:53:12     -102.446949        0.146597
BFGS:  155 14:53:13     -102.463997        0.283583
BFGS:  156 14:53:13     -102.495423        0.270926
BFGS:  157 14:53:13     -102.531114        0.259113
BFGS:  158 14:53:13     -102.568753        0.251248
BFGS:  159 14:53:13     -102.607950        0.243413
BFGS:  160 14:53:13     -102.646981        0.233206
BFGS:  161 14:53:13     -102.685810        0.221688
BFGS:  162 14:53:13     -102.724138        0.209266
BFGS:  163 14:53:13     -102.761564        0.196499
BFGS:  164 14:53:13     -102.797867        0.183546
BFGS:  165 14:53:13     -102.832880        0.170482
BFGS:  166 14:53:13     -102.866484        0.157257
BFGS:  167 14:53:13     -102.898508        0.143953
BFGS:  168 14:53:13     -102.928547        0.130897
BFGS:  169 14:53:13     -102.956129        0.118218
BFGS:  170 14:53:14     -102.981043        0.108702
BFGS:  171 14:53:14     -103.002867        0.102896
BFGS:  172 14:53:14     -103.021195        0.097304
BFGS:  173 14:53:14     -103.036391        0.091662
BFGS:  174 14:53:14     -103.048547        0.085751
BFGS:  175 14:53:14     -103.057842        0.079484
BFGS:  176 14:53:14     -103.064543        0.075919
BFGS:  177 14:53:14     -103.068852        0.080952
BFGS:  178 14:53:14     -103.071034        0.081527
BFGS:  179 14:53:14     -103.077673        0.080481
BFGS:  180 14:53:14     -103.083644        0.076968
BFGS:  181 14:53:14     -103.088223        0.075338
BFGS:  182 14:53:14     -103.091158        0.075279
BFGS:  183 14:53:14     -103.093211        0.076293
BFGS:  184 14:53:14     -103.095289        0.075908
BFGS:  185 14:53:15     -103.098518        0.074822
BFGS:  186 14:53:15     -103.101283        0.073046
BFGS:  187 14:53:15     -103.102706        0.071319
BFGS:  188 14:53:15     -103.104262        0.068617
BFGS:  189 14:53:15     -103.106672        0.064788
BFGS:  190 14:53:15     -103.110069        0.062889
BFGS:  191 14:53:15     -103.113786        0.060371
BFGS:  192 14:53:15     -103.116844        0.058277
BFGS:  193 14:53:15     -103.119151        0.061577
BFGS:  194 14:53:15     -103.121165        0.064431
BFGS:  195 14:53:15     -103.123677        0.065558
BFGS:  196 14:53:15     -103.126689        0.063935
BFGS:  197 14:53:15     -103.130151        0.058889
BFGS:  198 14:53:15     -103.133828        0.051910
BFGS:  199 14:53:15     -103.136777        0.045917
BFGS:  200 14:53:16     -103.138840        0.043368
BFGS:  201 14:53:16     -103.140565        0.043141
BFGS:  202 14:53:16     -103.142585        0.044086
BFGS:  203 14:53:16     -103.145727        0.043772
BFGS:  204 14:53:16     -103.149815        0.047228
BFGS:  205 14:53:16     -103.153838        0.052100
BFGS:  206 14:53:16     -103.156256        0.054703
BFGS:  207 14:53:16     -103.157125        0.053181
BFGS:  208 14:53:16     -103.157902        0.049029
BFGS:  209 14:53:16     -103.158921        0.042829
BFGS:  210 14:53:16     -103.160842        0.032600
BFGS:  211 14:53:16     -103.164301        0.023423
BFGS:  212 14:53:16     -103.168362        0.022919
BFGS:  213 14:53:16     -103.170557        0.028115
BFGS:  214 14:53:16     -103.171337        0.026584
BFGS:  215 14:53:17     -103.171628        0.023978
BFGS:  216 14:53:17     -103.171950        0.019858
BFGS:  217 14:53:17     -103.172210        0.017509
BFGS:  218 14:53:17     -103.172694        0.013411
BFGS:  219 14:53:17     -103.173224        0.012480
BFGS:  220 14:53:17     -103.173679        0.010857
BFGS:  221 14:53:17     -103.173883        0.010613
BFGS:  222 14:53:17     -103.173965        0.008682
BFGS:  223 14:53:17     -103.174005        0.008822
BFGS:  224 14:53:17     -103.174035        0.008791
BFGS:  225 14:53:17     -103.174066        0.008666
BFGS:  226 14:53:17     -103.174113        0.009983
BFGS:  227 14:53:17     -103.174196        0.012681
BFGS:  228 14:53:17     -103.174322        0.015372
BFGS:  229 14:53:18     -103.174445        0.017156
BFGS:  230 14:53:18     -103.174510        0.015651
BFGS:  231 14:53:18     -103.174537        0.011802
BFGS:  232 14:53:18     -103.174555        0.006983
BFGS:  233 14:53:18     -103.174574        0.006049
BFGS:  234 14:53:18     -103.174592        0.009770
BFGS:  235 14:53:18     -103.174611        0.012656
BFGS:  236 14:53:18     -103.174633        0.013566
BFGS:  237 14:53:18     -103.174666        0.013308
BFGS:  238 14:53:18     -103.174716        0.010902
BFGS:  239 14:53:18     -103.174768        0.005376
BFGS:  240 14:53:18     -103.174797        0.004497
BFGS:  241 14:53:18     -103.174807        0.004446
BFGS:  242 14:53:18     -103.174813        0.004379
BFGS:  243 14:53:18     -103.174825        0.004248
BFGS:  244 14:53:19     -103.174849        0.004230
BFGS:  245 14:53:19     -103.174892        0.004562
BFGS:  246 14:53:19     -103.174943        0.005463
BFGS:  247 14:53:19     -103.174975        0.005529
BFGS:  248 14:53:19     -103.174986        0.004688
BFGS:  249 14:53:19     -103.174992        0.003861
BFGS:  250 14:53:19     -103.175000        0.003574
BFGS:  251 14:53:19     -103.175013        0.004418
BFGS:  252 14:53:19     -103.175032        0.008065
BFGS:  253 14:53:19     -103.175050        0.010273
BFGS:  254 14:53:19     -103.175066        0.009815
BFGS:  255 14:53:19     -103.175084        0.009363
BFGS:  256 14:53:19     -103.175111        0.008418
BFGS:  257 14:53:19     -103.175146        0.007356
BFGS:  258 14:53:19     -103.175180        0.014116
BFGS:  259 14:53:20     -103.175204        0.016125
BFGS:  260 14:53:20     -103.175223        0.013386
BFGS:  261 14:53:20     -103.175239        0.006848
BFGS:  262 14:53:20     -103.175245        0.001982
BFGS:  263 14:53:20     -103.175248        0.001441
BFGS:  264 14:53:20     -103.175249        0.001182
BFGS:  265 14:53:20     -103.175251        0.001138
BFGS:  266 14:53:20     -103.175255        0.001133
BFGS:  267 14:53:20     -103.175258        0.001471
BFGS:  268 14:53:20     -103.175260        0.001603
BFGS:  269 14:53:20     -103.175261        0.001474
BFGS:  270 14:53:20     -103.175261        0.001318
BFGS:  271 14:53:20     -103.175262        0.001000
BFGS:  272 14:53:20     -103.175264        0.001472
BFGS:  273 14:53:20     -103.175265        0.002135
BFGS:  274 14:53:21     -103.175266        0.002119
BFGS:  275 14:53:21     -103.175266        0.001632
BFGS:  276 14:53:21     -103.175267        0.000919
