      Step     Time          Energy          fmax
BFGS:    0 22:24:17      459.950708      247.190522
BFGS:    1 22:24:17       79.015595       45.667438
BFGS:    2 22:24:17       -6.982089       32.377485
BFGS:    3 22:24:17      -76.629909       20.250277
BFGS:    4 22:24:17     -115.486236       12.552018
BFGS:    5 22:24:17     -137.284071        7.667709
BFGS:    6 22:24:17     -150.329623        4.652659
BFGS:    7 22:24:18     -158.783180        2.763523
BFGS:    8 22:24:18     -164.146129        1.478113
BFGS:    9 22:24:18     -166.946289        0.703592
BFGS:   10 22:24:18     -167.605255        0.716843
BFGS:   11 22:24:18     -168.003909        0.735443
BFGS:   12 22:24:18     -169.771665        0.776017
BFGS:   13 22:24:18     -172.088977        1.008779
BFGS:   14 22:24:18     -174.468035        1.126672
BFGS:   15 22:24:19     -176.233959        0.856986
BFGS:   16 22:24:19     -176.392699        0.752776
BFGS:   17 22:24:19     -176.555864        0.673577
BFGS:   18 22:24:19     -177.299565        0.456042
BFGS:   19 22:24:19     -178.239029        0.376414
BFGS:   20 22:24:19     -179.308490        0.426833
BFGS:   21 22:24:19     -180.126256        0.396489
BFGS:   22 22:24:19     -180.639606        0.337852
BFGS:   23 22:24:20     -180.789930        0.336104
BFGS:   24 22:24:20     -180.859575        0.364672
BFGS:   25 22:24:20     -180.947778        0.413999
BFGS:   26 22:24:20     -181.103972        0.460426
BFGS:   27 22:24:20     -181.801297        0.686363
BFGS:   28 22:24:20     -182.405694        0.709616
BFGS:   29 22:24:20     -182.949169        0.484377
BFGS:   30 22:24:20     -183.082084        0.376422
BFGS:   31 22:24:21     -183.127049        0.366325
BFGS:   32 22:24:21     -183.222145        0.366112
BFGS:   33 22:24:21     -183.410631        0.378390
BFGS:   34 22:24:21     -183.702883        0.423253
BFGS:   35 22:24:21     -183.946871        0.449493
BFGS:   36 22:24:21     -184.109512        0.469214
BFGS:   37 22:24:21     -184.182511        0.491014
BFGS:   38 22:24:21     -184.218603        0.483612
BFGS:   39 22:24:21     -184.279920        0.467233
BFGS:   40 22:24:22     -184.499034        0.429716
BFGS:   41 22:24:22     -184.719629        0.410203
BFGS:   42 22:24:22     -184.930010        0.399147
BFGS:   43 22:24:22     -185.128891        0.391192
BFGS:   44 22:24:22     -185.312249        0.383117
BFGS:   45 22:24:22     -185.482085        0.373159
BFGS:   46 22:24:22     -185.637511        0.362182
BFGS:   47 22:24:22     -185.761062        0.350231
BFGS:   48 22:24:23     -185.853273        0.347232
BFGS:   49 22:24:23     -185.932443        0.374593
BFGS:   50 22:24:23     -186.013372        0.392018
BFGS:   51 22:24:23     -186.123289        0.396880
BFGS:   52 22:24:23     -186.284699        0.387636
BFGS:   53 22:24:23     -186.480334        0.369264
BFGS:   54 22:24:23     -186.693559        0.348513
BFGS:   55 22:24:23     -186.927046        0.326780
BFGS:   56 22:24:24     -187.205421        0.300152
BFGS:   57 22:24:24     -187.509178        0.285003
BFGS:   58 22:24:24     -187.803523        0.285344
BFGS:   59 22:24:24     -188.083141        0.284392
BFGS:   60 22:24:24     -188.352024        0.280974
BFGS:   61 22:24:24     -188.585357        0.275990
BFGS:   62 22:24:24     -188.753246        0.270509
BFGS:   63 22:24:24     -188.860487        0.263722
BFGS:   64 22:24:25     -188.927749        0.294160
BFGS:   65 22:24:25     -188.979220        0.346204
BFGS:   66 22:24:25     -189.057364        0.388804
BFGS:   67 22:24:25     -189.153836        0.423951
BFGS:   68 22:24:25     -189.277608        0.454476
BFGS:   69 22:24:25     -189.435995        0.479078
BFGS:   70 22:24:25     -189.625264        0.496422
BFGS:   71 22:24:25     -189.835718        0.501959
BFGS:   72 22:24:26     -190.058650        0.493723
BFGS:   73 22:24:26     -190.286698        0.472078
BFGS:   74 22:24:26     -190.511219        0.431767
BFGS:   75 22:24:26     -190.706329        0.359736
BFGS:   76 22:24:26     -190.805314        0.241379
BFGS:   77 22:24:26     -190.821202        0.209882
BFGS:   78 22:24:26     -190.845412        0.195231
BFGS:   79 22:24:26     -190.856417        0.198231
BFGS:   80 22:24:27     -190.904997        0.201008
BFGS:   81 22:24:27     -190.967944        0.194077
BFGS:   82 22:24:27     -191.062047        0.176507
BFGS:   83 22:24:27     -191.151494        0.157950
BFGS:   84 22:24:27     -191.238462        0.140070
BFGS:   85 22:24:27     -191.320670        0.122228
BFGS:   86 22:24:27     -191.388988        0.103728
BFGS:   87 22:24:27     -191.439063        0.089114
BFGS:   88 22:24:28     -191.469632        0.107544
BFGS:   89 22:24:28     -191.477807        0.122279
BFGS:   90 22:24:28     -191.481027        0.124770
BFGS:   91 22:24:28     -191.495002        0.129457
BFGS:   92 22:24:28     -191.513229        0.131599
BFGS:   93 22:24:28     -191.552043        0.135092
BFGS:   94 22:24:28     -191.595668        0.137887
BFGS:   95 22:24:28     -191.628216        0.134152
BFGS:   96 22:24:29     -191.639558        0.134284
BFGS:   97 22:24:29     -191.641942        0.137580
BFGS:   98 22:24:29     -191.642977        0.140104
BFGS:   99 22:24:29     -191.645153        0.144879
BFGS:  100 22:24:29     -191.648932        0.150914
BFGS:  101 22:24:29     -191.657145        0.159048
BFGS:  102 22:24:29     -191.672548        0.165919
BFGS:  103 22:24:29     -191.694679        0.165096
BFGS:  104 22:24:30     -191.715438        0.155724
BFGS:  105 22:24:30     -191.733699        0.140094
BFGS:  106 22:24:30     -191.747629        0.124391
BFGS:  107 22:24:30     -191.760319        0.125949
BFGS:  108 22:24:30     -191.774611        0.134264
BFGS:  109 22:24:30     -191.793194        0.136686
BFGS:  110 22:24:30     -191.804526        0.131813
BFGS:  111 22:24:30     -191.816111        0.131492
BFGS:  112 22:24:31     -191.830648        0.135623
BFGS:  113 22:24:31     -191.848089        0.141056
BFGS:  114 22:24:31     -191.868110        0.146657
BFGS:  115 22:24:31     -191.890634        0.151994
BFGS:  116 22:24:31     -191.915235        0.157379
BFGS:  117 22:24:31     -191.940723        0.162734
BFGS:  118 22:24:31     -191.965790        0.168616
BFGS:  119 22:24:31     -191.990964        0.175268
BFGS:  120 22:24:32     -192.024417        0.185829
BFGS:  121 22:24:32     -192.058998        0.195622
BFGS:  122 22:24:32     -192.088003        0.201339
BFGS:  123 22:24:32     -192.114115        0.203895
BFGS:  124 22:24:32     -192.139185        0.205226
BFGS:  125 22:24:32     -192.163928        0.206037
BFGS:  126 22:24:32     -192.188762        0.206728
BFGS:  127 22:24:32     -192.213975        0.207558
BFGS:  128 22:24:33     -192.239751        0.208654
BFGS:  129 22:24:33     -192.266139        0.209982
BFGS:  130 22:24:33     -192.292960        0.211314
BFGS:  131 22:24:33     -192.320027        0.212252
BFGS:  132 22:24:33     -192.347139        0.212435
BFGS:  133 22:24:33     -192.374066        0.211631
BFGS:  134 22:24:33     -192.400637        0.209820
BFGS:  135 22:24:33     -192.426853        0.207560
BFGS:  136 22:24:34     -192.452825        0.205192
BFGS:  137 22:24:34     -192.478573        0.202750
BFGS:  138 22:24:34     -192.504098        0.200230
BFGS:  139 22:24:34     -192.529398        0.197604
BFGS:  140 22:24:34     -192.554477        0.194834
BFGS:  141 22:24:34     -192.579338        0.191871
BFGS:  142 22:24:34     -192.603978        0.188653
BFGS:  143 22:24:34     -192.628406        0.185120
BFGS:  144 22:24:35     -192.652624        0.181808
BFGS:  145 22:24:35     -192.676630        0.183340
BFGS:  146 22:24:35     -192.700408        0.184597
BFGS:  147 22:24:35     -192.723928        0.185564
BFGS:  148 22:24:35     -192.747142        0.186243
BFGS:  149 22:24:35     -192.769989        0.186659
BFGS:  150 22:24:35     -192.792404        0.186851
BFGS:  151 22:24:36     -192.814317        0.186870
BFGS:  152 22:24:36     -192.835661        0.186768
BFGS:  153 22:24:36     -192.856365        0.186586
BFGS:  154 22:24:36     -192.876353        0.186348
BFGS:  155 22:24:36     -192.895554        0.186070
BFGS:  156 22:24:36     -192.913911        0.185767
BFGS:  157 22:24:36     -192.931398        0.185470
BFGS:  158 22:24:36     -192.948026        0.185246
BFGS:  159 22:24:37     -192.963827        0.185184
BFGS:  160 22:24:37     -192.978795        0.185338
BFGS:  161 22:24:37     -192.992764        0.185556
BFGS:  162 22:24:37     -193.005434        0.185295
BFGS:  163 22:24:37     -193.016672        0.183869
BFGS:  164 22:24:37     -193.026765        0.181005
BFGS:  165 22:24:37     -193.036121        0.176619
BFGS:  166 22:24:37     -193.045179        0.170382
BFGS:  167 22:24:37     -193.054737        0.161295
BFGS:  168 22:24:38     -193.065587        0.149020
BFGS:  169 22:24:38     -193.079822        0.149839
BFGS:  170 22:24:38     -193.105754        0.143885
BFGS:  171 22:24:38     -193.123863        0.130887
BFGS:  172 22:24:38     -193.142476        0.111297
BFGS:  173 22:24:38     -193.164202        0.093425
BFGS:  174 22:24:38     -193.187295        0.090001
BFGS:  175 22:24:38     -193.198510        0.091555
BFGS:  176 22:24:39     -193.206321        0.093302
BFGS:  177 22:24:39     -193.212453        0.094392
BFGS:  178 22:24:39     -193.217500        0.094906
BFGS:  179 22:24:39     -193.221760        0.094934
BFGS:  180 22:24:39     -193.225513        0.094564
BFGS:  181 22:24:39     -193.229059        0.093850
BFGS:  182 22:24:39     -193.232681        0.092878
BFGS:  183 22:24:39     -193.236572        0.091759
BFGS:  184 22:24:40     -193.240764        0.090605
BFGS:  185 22:24:40     -193.245190        0.089504
BFGS:  186 22:24:40     -193.249806        0.088515
BFGS:  187 22:24:40     -193.254746        0.087677
BFGS:  188 22:24:40     -193.260464        0.091278
BFGS:  189 22:24:40     -193.267732        0.097019
BFGS:  190 22:24:40     -193.277610        0.105254
BFGS:  191 22:24:40     -193.291913        0.117590
BFGS:  192 22:24:41     -193.314110        0.137486
BFGS:  193 22:24:41     -193.349733        0.169761
BFGS:  194 22:24:41     -193.379012        0.204483
BFGS:  195 22:24:41     -193.397813        0.215551
BFGS:  196 22:24:41     -193.417155        0.218748
BFGS:  197 22:24:41     -193.439571        0.217902
BFGS:  198 22:24:41     -193.465626        0.210893
BFGS:  199 22:24:41     -193.495145        0.196005
BFGS:  200 22:24:42     -193.527804        0.176982
BFGS:  201 22:24:42     -193.561921        0.157534
BFGS:  202 22:24:42     -193.595424        0.137985
BFGS:  203 22:24:42     -193.631298        0.123865
BFGS:  204 22:24:42     -193.684568        0.119195
BFGS:  205 22:24:42     -193.724390        0.128217
BFGS:  206 22:24:42     -193.744914        0.129996
BFGS:  207 22:24:42     -193.760669        0.130031
BFGS:  208 22:24:43     -193.774205        0.129008
BFGS:  209 22:24:43     -193.785813        0.127553
BFGS:  210 22:24:43     -193.795826        0.125480
BFGS:  211 22:24:43     -193.804188        0.123087
BFGS:  212 22:24:43     -193.811140        0.119978
BFGS:  213 22:24:43     -193.816690        0.116484
BFGS:  214 22:24:43     -193.821736        0.111189
BFGS:  215 22:24:43     -193.826765        0.107694
BFGS:  216 22:24:44     -193.839008        0.098369
BFGS:  217 22:24:44     -193.850656        0.095572
BFGS:  218 22:24:44     -193.862398        0.090247
BFGS:  219 22:24:44     -193.873087        0.095984
BFGS:  220 22:24:44     -193.885691        0.101558
BFGS:  221 22:24:44     -193.897602        0.106260
BFGS:  222 22:24:44     -193.905419        0.106246
BFGS:  223 22:24:44     -193.912615        0.103948
BFGS:  224 22:24:45     -193.924286        0.099234
BFGS:  225 22:24:45     -193.940982        0.092940
BFGS:  226 22:24:45     -193.965244        0.093494
BFGS:  227 22:24:45     -193.991281        0.088158
BFGS:  228 22:24:45     -194.017430        0.083601
BFGS:  229 22:24:45     -194.040611        0.081046
BFGS:  230 22:24:45     -194.056017        0.076105
BFGS:  231 22:24:45     -194.061938        0.076749
BFGS:  232 22:24:46     -194.066071        0.076017
BFGS:  233 22:24:46     -194.069198        0.075669
BFGS:  234 22:24:46     -194.072277        0.075306
BFGS:  235 22:24:46     -194.080110        0.074887
BFGS:  236 22:24:46     -194.092817        0.073538
BFGS:  237 22:24:46     -194.116006        0.072621
BFGS:  238 22:24:46     -194.136404        0.070238
BFGS:  239 22:24:46     -194.146440        0.067547
BFGS:  240 22:24:47     -194.153179        0.064251
BFGS:  241 22:24:47     -194.157306        0.063046
BFGS:  242 22:24:47     -194.158907        0.062731
BFGS:  243 22:24:47     -194.160794        0.062660
BFGS:  244 22:24:47     -194.166117        0.062040
BFGS:  245 22:24:47     -194.174838        0.060351
BFGS:  246 22:24:47     -194.186879        0.056386
BFGS:  247 22:24:47     -194.195940        0.053020
BFGS:  248 22:24:48     -194.199585        0.052251
BFGS:  249 22:24:48     -194.200731        0.053585
BFGS:  250 22:24:48     -194.202300        0.054367
BFGS:  251 22:24:48     -194.206125        0.054902
BFGS:  252 22:24:48     -194.213861        0.053391
BFGS:  253 22:24:48     -194.225440        0.048354
BFGS:  254 22:24:48     -194.236247        0.041195
BFGS:  255 22:24:48     -194.241660        0.037389
BFGS:  256 22:24:49     -194.243112        0.037268
BFGS:  257 22:24:49     -194.243964        0.037513
BFGS:  258 22:24:49     -194.245406        0.037789
BFGS:  259 22:24:49     -194.247985        0.038392
BFGS:  260 22:24:49     -194.253252        0.038166
BFGS:  261 22:24:49     -194.262315        0.036372
BFGS:  262 22:24:49     -194.273899        0.035442
BFGS:  263 22:24:49     -194.283055        0.043042
BFGS:  264 22:24:50     -194.287097        0.038031
BFGS:  265 22:24:50     -194.288503        0.036879
BFGS:  266 22:24:50     -194.289788        0.036452
BFGS:  267 22:24:50     -194.291936        0.035171
BFGS:  268 22:24:50     -194.295641        0.033263
BFGS:  269 22:24:50     -194.301863        0.035133
BFGS:  270 22:24:50     -194.309537        0.035789
BFGS:  271 22:24:50     -194.314099        0.034984
BFGS:  272 22:24:51     -194.315721        0.032612
BFGS:  273 22:24:51     -194.316355        0.033488
BFGS:  274 22:24:51     -194.316947        0.033962
BFGS:  275 22:24:51     -194.318154        0.033671
BFGS:  276 22:24:51     -194.320613        0.034865
BFGS:  277 22:24:51     -194.325060        0.061323
BFGS:  278 22:24:52     -194.331083        0.114697
BFGS:  279 22:24:52     -194.336051        0.146173
BFGS:  280 22:24:52     -194.338776        0.138111
BFGS:  281 22:24:52     -194.341439        0.119568
BFGS:  282 22:24:52     -194.345527        0.083119
BFGS:  283 22:24:52     -194.350968        0.061779
BFGS:  284 22:24:52     -194.355355        0.059565
BFGS:  285 22:24:52     -194.357284        0.051049
BFGS:  286 22:24:53     -194.357922        0.037256
BFGS:  287 22:24:53     -194.358392        0.037441
BFGS:  288 22:24:53     -194.359122        0.037046
BFGS:  289 22:24:53     -194.360054        0.060799
BFGS:  290 22:24:53     -194.361310        0.086144
BFGS:  291 22:24:53     -194.363166        0.110649
BFGS:  292 22:24:53     -194.366112        0.121157
BFGS:  293 22:24:53     -194.369888        0.097495
BFGS:  294 22:24:54     -194.373073        0.084196
BFGS:  295 22:24:54     -194.374957        0.091831
BFGS:  296 22:24:54     -194.376441        0.092512
BFGS:  297 22:24:54     -194.378505        0.075680
BFGS:  298 22:24:54     -194.381602        0.040889
BFGS:  299 22:24:54     -194.384155        0.035168
BFGS:  300 22:24:54     -194.385269        0.034868
BFGS:  301 22:24:54     -194.385788        0.035142
BFGS:  302 22:24:55     -194.386510        0.035353
BFGS:  303 22:24:55     -194.387928        0.039583
BFGS:  304 22:24:55     -194.390325        0.045248
BFGS:  305 22:24:55     -194.393249        0.061615
BFGS:  306 22:24:55     -194.395441        0.058029
BFGS:  307 22:24:55     -194.396556        0.048278
BFGS:  308 22:24:55     -194.397228        0.042715
BFGS:  309 22:24:59     -194.397950        0.033377
BFGS:  310 22:24:59     -194.398898        0.041313
BFGS:  311 22:24:59     -194.400041        0.055734
BFGS:  312 22:24:59     -194.401173        0.052114
BFGS:  313 22:24:59     -194.402142        0.041932
BFGS:  314 22:25:00     -194.402914        0.036095
BFGS:  315 22:25:00     -194.403701        0.034769
BFGS:  316 22:25:00     -194.404790        0.049953
BFGS:  317 22:25:00     -194.406513        0.076219
BFGS:  318 22:25:00     -194.408827        0.099614
BFGS:  319 22:25:00     -194.411315        0.108886
BFGS:  320 22:25:00     -194.414026        0.108472
BFGS:  321 22:25:00     -194.416991        0.099162
BFGS:  322 22:25:01     -194.420082        0.080459
BFGS:  323 22:25:01     -194.423126        0.066296
BFGS:  324 22:25:01     -194.425336        0.063159
BFGS:  325 22:25:01     -194.426358        0.062584
BFGS:  326 22:25:01     -194.428855        0.067399
BFGS:  327 22:25:01     -194.430075        0.062665
BFGS:  328 22:25:01     -194.431627        0.047618
BFGS:  329 22:25:01     -194.432604        0.023894
BFGS:  330 22:25:02     -194.433040        0.025321
BFGS:  331 22:25:02     -194.433168        0.022010
BFGS:  332 22:25:02     -194.433284        0.018047
BFGS:  333 22:25:02     -194.433467        0.011714
BFGS:  334 22:25:02     -194.433703        0.017404
BFGS:  335 22:25:02     -194.433939        0.021545
BFGS:  336 22:25:02     -194.434098        0.021313
BFGS:  337 22:25:02     -194.434194        0.016593
BFGS:  338 22:25:03     -194.434277        0.012225
BFGS:  339 22:25:03     -194.434383        0.012698
BFGS:  340 22:25:03     -194.434536        0.022491
BFGS:  341 22:25:03     -194.434759        0.034110
BFGS:  342 22:25:03     -194.435053        0.040083
BFGS:  343 22:25:03     -194.435362        0.034831
BFGS:  344 22:25:03     -194.435602        0.024132
BFGS:  345 22:25:03     -194.435755        0.017051
BFGS:  346 22:25:05     -194.435867        0.019458
BFGS:  347 22:25:05     -194.435980        0.021369
BFGS:  348 22:25:05     -194.436116        0.024498
BFGS:  349 22:25:05     -194.436279        0.021685
BFGS:  350 22:25:05     -194.436443        0.016192
BFGS:  351 22:25:05     -194.436561        0.011543
BFGS:  352 22:25:05     -194.436622        0.011126
BFGS:  353 22:25:05     -194.436658        0.011075
BFGS:  354 22:25:06     -194.436703        0.009658
BFGS:  355 22:25:06     -194.436775        0.007220
BFGS:  356 22:25:06     -194.436871        0.007772
BFGS:  357 22:25:06     -194.436953        0.008119
BFGS:  358 22:25:06     -194.436991        0.007060
BFGS:  359 22:25:06     -194.437009        0.006462
BFGS:  360 22:25:10     -194.437029        0.005567
BFGS:  361 22:25:10     -194.437063        0.004100
BFGS:  362 22:25:10     -194.437110        0.005161
BFGS:  363 22:25:10     -194.437151        0.006312
BFGS:  364 22:25:10     -194.437173        0.005642
BFGS:  365 22:25:10     -194.437184        0.004892
BFGS:  366 22:25:11     -194.437194        0.005082
BFGS:  367 22:25:11     -194.437212        0.005036
BFGS:  368 22:25:11     -194.437239        0.008555
BFGS:  369 22:25:11     -194.437275        0.012551
BFGS:  370 22:25:11     -194.437310        0.012482
BFGS:  371 22:25:11     -194.437338        0.008422
BFGS:  372 22:25:11     -194.437356        0.004273
BFGS:  373 22:25:11     -194.437367        0.004442
BFGS:  374 22:25:12     -194.437375        0.004705
BFGS:  375 22:25:12     -194.437383        0.005292
BFGS:  376 22:25:12     -194.437395        0.004623
BFGS:  377 22:25:12     -194.437409        0.003084
BFGS:  378 22:25:12     -194.437422        0.002988
BFGS:  379 22:25:12     -194.437429        0.003882
BFGS:  380 22:25:12     -194.437431        0.003604
BFGS:  381 22:25:12     -194.437433        0.002880
BFGS:  382 22:25:13     -194.437435        0.001716
BFGS:  383 22:25:13     -194.437438        0.000992
