      Step     Time          Energy          fmax
BFGS:    0 14:34:44      165.235743       43.309235
BFGS:    1 14:34:44      100.124830       30.973582
BFGS:    2 14:34:44       67.629903       31.242904
BFGS:    3 14:34:44       38.939953       26.145127
BFGS:    4 14:34:44       15.875188       18.191797
BFGS:    5 14:34:44       -0.710590       10.651026
BFGS:    6 14:34:44      -12.504072        5.948882
BFGS:    7 14:34:44      -21.727051        5.850634
BFGS:    8 14:34:44      -28.484195        5.790314
BFGS:    9 14:34:44      -33.787109        5.016195
BFGS:   10 14:34:44      -37.755146        4.083865
BFGS:   11 14:34:44      -40.584502        3.235717
BFGS:   12 14:34:44      -42.529909        2.551645
BFGS:   13 14:34:44      -43.853531        2.057481
BFGS:   14 14:34:44      -44.789308        1.678671
BFGS:   15 14:34:44      -45.494533        1.324074
BFGS:   16 14:34:44      -46.023883        0.959034
BFGS:   17 14:34:44      -46.380070        0.920866
BFGS:   18 14:34:44      -46.596170        0.970980
BFGS:   19 14:34:44      -46.950817        0.915584
BFGS:   20 14:34:45      -47.810408        0.636741
BFGS:   21 14:34:45      -48.289549        0.901617
BFGS:   22 14:34:45      -48.527196        0.699984
BFGS:   23 14:34:45      -48.622611        0.588887
BFGS:   24 14:34:45      -48.779842        0.447760
BFGS:   25 14:34:45      -49.002591        0.434545
BFGS:   26 14:34:45      -49.311416        0.418080
BFGS:   27 14:34:45      -49.487407        0.377186
BFGS:   28 14:34:45      -49.528713        0.363623
BFGS:   29 14:34:45      -49.554951        0.351292
BFGS:   30 14:34:45      -49.600218        0.358806
BFGS:   31 14:34:45      -49.692310        0.418829
BFGS:   32 14:34:45      -49.817716        0.431788
BFGS:   33 14:34:45      -49.919422        0.363448
BFGS:   34 14:34:45      -49.955360        0.319371
BFGS:   35 14:34:45      -49.975679        0.297895
BFGS:   36 14:34:45      -50.047033        0.327761
BFGS:   37 14:34:45      -50.151897        0.341691
BFGS:   38 14:34:45      -50.279720        0.342689
BFGS:   39 14:34:45      -50.406429        0.320540
BFGS:   40 14:34:45      -50.448869        0.273775
BFGS:   41 14:34:45      -50.456486        0.244893
BFGS:   42 14:34:46      -50.463953        0.221294
BFGS:   43 14:34:46      -50.480050        0.179829
BFGS:   44 14:34:46      -50.508275        0.178546
BFGS:   45 14:34:46      -50.546988        0.210092
BFGS:   46 14:34:46      -50.573449        0.173688
BFGS:   47 14:34:46      -50.587857        0.147076
BFGS:   48 14:34:46      -50.591774        0.149375
BFGS:   49 14:34:46      -50.597304        0.148289
BFGS:   50 14:34:46      -50.612627        0.139163
BFGS:   51 14:34:46      -50.640327        0.121256
BFGS:   52 14:34:46      -50.676498        0.143197
BFGS:   53 14:34:46      -50.698806        0.145167
BFGS:   54 14:34:46      -50.707553        0.130397
BFGS:   55 14:34:46      -50.714673        0.150544
BFGS:   56 14:34:46      -50.721456        0.149940
BFGS:   57 14:34:46      -50.737227        0.135733
BFGS:   58 14:34:46      -50.759477        0.090918
BFGS:   59 14:34:46      -50.778286        0.099609
BFGS:   60 14:34:46      -50.785258        0.123245
BFGS:   61 14:34:46      -50.787103        0.128583
BFGS:   62 14:34:46      -50.788747        0.129519
BFGS:   63 14:34:46      -50.796301        0.127894
BFGS:   64 14:34:46      -50.805834        0.122121
BFGS:   65 14:34:47      -50.818516        0.109461
BFGS:   66 14:34:47      -50.826121        0.098657
BFGS:   67 14:34:47      -50.828770        0.094902
BFGS:   68 14:34:47      -50.830445        0.092821
BFGS:   69 14:34:47      -50.833038        0.087810
BFGS:   70 14:34:47      -50.834018        0.082442
BFGS:   71 14:34:47      -50.836395        0.082854
BFGS:   72 14:34:47      -50.851529        0.109563
BFGS:   73 14:34:47      -50.863712        0.181193
BFGS:   74 14:34:47      -50.873076        0.215672
BFGS:   75 14:34:47      -50.878989        0.189211
BFGS:   76 14:34:47      -50.885654        0.122990
BFGS:   77 14:34:47      -50.887646        0.075643
BFGS:   78 14:34:47      -50.888973        0.071576
BFGS:   79 14:34:47      -50.889998        0.068950
BFGS:   80 14:34:47      -50.890285        0.068225
BFGS:   81 14:34:47      -50.891269        0.066134
BFGS:   82 14:34:47      -50.892096        0.068129
BFGS:   83 14:34:47      -50.893406        0.104010
BFGS:   84 14:34:47      -50.894924        0.135480
BFGS:   85 14:34:47      -50.897163        0.155382
BFGS:   86 14:34:47      -50.900440        0.149980
BFGS:   87 14:34:48      -50.904769        0.109405
BFGS:   88 14:34:48      -50.908467        0.081700
BFGS:   89 14:34:48      -50.911070        0.096395
BFGS:   90 14:34:48      -50.913638        0.126304
BFGS:   91 14:34:48      -50.918144        0.156079
BFGS:   92 14:34:48      -50.926395        0.172293
BFGS:   93 14:34:48      -50.935208        0.155536
BFGS:   94 14:34:48      -50.943748        0.118601
BFGS:   95 14:34:48      -50.950863        0.088888
BFGS:   96 14:34:48      -50.953526        0.088765
BFGS:   97 14:34:48      -50.955150        0.081645
BFGS:   98 14:34:48      -50.957787        0.059908
BFGS:   99 14:34:48      -50.960538        0.056453
BFGS:  100 14:34:48      -50.963269        0.054756
BFGS:  101 14:34:48      -50.964491        0.051940
BFGS:  102 14:34:48      -50.964934        0.051003
BFGS:  103 14:34:48      -50.965275        0.051139
BFGS:  104 14:34:48      -50.965797        0.051974
BFGS:  105 14:34:48      -50.966955        0.053870
BFGS:  106 14:34:48      -50.970850        0.068476
BFGS:  107 14:34:48      -50.979624        0.061479
BFGS:  108 14:34:48      -50.984814        0.104009
BFGS:  109 14:34:49      -50.983367        0.167399
BFGS:  110 14:34:49      -51.000225        0.083897
BFGS:  111 14:34:49      -51.006752        0.095415
BFGS:  112 14:34:49      -51.010669        0.123022
BFGS:  113 14:34:49      -51.013878        0.113826
BFGS:  114 14:34:49      -51.022257        0.106797
BFGS:  115 14:34:49      -51.030495        0.093962
BFGS:  116 14:34:49      -51.038055        0.089695
BFGS:  117 14:34:49      -51.045226        0.085333
BFGS:  118 14:34:49      -51.050224        0.105625
BFGS:  119 14:34:49      -51.055340        0.110787
BFGS:  120 14:34:49      -51.059536        0.120716
BFGS:  121 14:34:49      -51.064894        0.126097
BFGS:  122 14:34:49      -51.069597        0.121226
BFGS:  123 14:34:49      -51.074191        0.116692
BFGS:  124 14:34:49      -51.078897        0.113551
BFGS:  125 14:34:49      -51.083926        0.107990
BFGS:  126 14:34:49      -51.088338        0.107491
BFGS:  127 14:34:49      -51.093877        0.115095
BFGS:  128 14:34:49      -51.101027        0.125692
BFGS:  129 14:34:49      -51.112002        0.139000
BFGS:  130 14:34:49      -51.121884        0.153178
BFGS:  131 14:34:49      -51.134945        0.154398
BFGS:  132 14:34:50      -51.144296        0.149738
BFGS:  133 14:34:50      -51.157775        0.147741
BFGS:  134 14:34:50      -51.177792        0.175380
BFGS:  135 14:34:50      -51.189589        0.156505
BFGS:  136 14:34:50      -51.210771        0.135314
BFGS:  137 14:34:50      -51.226173        0.118108
BFGS:  138 14:34:50      -51.237992        0.119184
BFGS:  139 14:34:50      -51.251704        0.125767
BFGS:  140 14:34:50      -51.263192        0.119716
BFGS:  141 14:34:50      -51.271586        0.113275
BFGS:  142 14:34:50      -51.277559        0.103282
BFGS:  143 14:34:50      -51.284339        0.110440
BFGS:  144 14:34:50      -51.290767        0.104859
BFGS:  145 14:34:50      -51.295261        0.088406
BFGS:  146 14:34:50      -51.297794        0.088350
BFGS:  147 14:34:50      -51.301343        0.086489
BFGS:  148 14:34:50      -51.304545        0.075288
BFGS:  149 14:34:50      -51.307555        0.073285
BFGS:  150 14:34:50      -51.310132        0.072205
BFGS:  151 14:34:50      -51.313434        0.076950
BFGS:  152 14:34:50      -51.318805        0.086853
BFGS:  153 14:34:50      -51.325225        0.114568
BFGS:  154 14:34:51      -51.329815        0.102420
BFGS:  155 14:34:51      -51.337267        0.109073
BFGS:  156 14:34:51      -51.339493        0.107371
BFGS:  157 14:34:51      -51.343851        0.108767
BFGS:  158 14:34:51      -51.347742        0.100459
BFGS:  159 14:34:51      -51.352803        0.078465
BFGS:  160 14:34:51      -51.357287        0.066861
BFGS:  161 14:34:51      -51.360557        0.058765
BFGS:  162 14:34:51      -51.362014        0.063032
BFGS:  163 14:34:51      -51.362792        0.065870
BFGS:  164 14:34:51      -51.363284        0.067375
BFGS:  165 14:34:51      -51.363742        0.068897
BFGS:  166 14:34:51      -51.364369        0.070232
BFGS:  167 14:34:51      -51.365817        0.072527
BFGS:  168 14:34:51      -51.368742        0.075011
BFGS:  169 14:34:51      -51.373913        0.076678
BFGS:  170 14:34:51      -51.379756        0.084968
BFGS:  171 14:34:51      -51.383628        0.106913
BFGS:  172 14:34:51      -51.385356        0.111793
BFGS:  173 14:34:51      -51.386513        0.109556
BFGS:  174 14:34:51      -51.388473        0.101400
BFGS:  175 14:34:51      -51.392248        0.093703
BFGS:  176 14:34:51      -51.398048        0.085991
BFGS:  177 14:34:52      -51.403359        0.065449
BFGS:  178 14:34:52      -51.406513        0.066184
BFGS:  179 14:34:52      -51.407887        0.068200
BFGS:  180 14:34:52      -51.408564        0.070034
BFGS:  181 14:34:52      -51.409248        0.072126
BFGS:  182 14:34:52      -51.410035        0.074215
BFGS:  183 14:34:52      -51.411237        0.076347
BFGS:  184 14:34:52      -51.413038        0.078125
BFGS:  185 14:34:52      -51.415067        0.077079
BFGS:  186 14:34:52      -51.418826        0.077154
BFGS:  187 14:34:52      -51.423619        0.079430
BFGS:  188 14:34:52      -51.426298        0.077917
BFGS:  189 14:34:52      -51.427922        0.066077
BFGS:  190 14:34:52      -51.428895        0.062466
BFGS:  191 14:34:52      -51.431512        0.063246
BFGS:  192 14:34:52      -51.435207        0.062371
BFGS:  193 14:34:52      -51.440306        0.064810
BFGS:  194 14:34:52      -51.443735        0.063192
BFGS:  195 14:34:52      -51.445126        0.068491
BFGS:  196 14:34:52      -51.445626        0.070009
BFGS:  197 14:34:52      -51.446502        0.069849
BFGS:  198 14:34:52      -51.448392        0.068845
BFGS:  199 14:34:52      -51.452258        0.061914
BFGS:  200 14:34:53      -51.457459        0.067345
BFGS:  201 14:34:53      -51.460849        0.057543
BFGS:  202 14:34:53      -51.461791        0.055566
BFGS:  203 14:34:53      -51.462007        0.054202
BFGS:  204 14:34:53      -51.462137        0.053946
BFGS:  205 14:34:53      -51.462777        0.053148
BFGS:  206 14:34:53      -51.463881        0.052715
BFGS:  207 14:34:53      -51.466207        0.053459
BFGS:  208 14:34:53      -51.468943        0.057613
BFGS:  209 14:34:53      -51.470749        0.062511
BFGS:  210 14:34:53      -51.471427        0.063108
BFGS:  211 14:34:53      -51.471779        0.062073
BFGS:  212 14:34:53      -51.472406        0.060157
BFGS:  213 14:34:53      -51.473830        0.056626
BFGS:  214 14:34:53      -51.476526        0.077829
BFGS:  215 14:34:53      -51.480203        0.106244
BFGS:  216 14:34:53      -51.483336        0.117389
BFGS:  217 14:34:53      -51.485114        0.103575
BFGS:  218 14:34:53      -51.486234        0.077933
BFGS:  219 14:34:53      -51.487335        0.065715
BFGS:  220 14:34:53      -51.488322        0.064695
BFGS:  221 14:34:53      -51.488828        0.066064
BFGS:  222 14:34:54      -51.489073        0.066762
BFGS:  223 14:34:54      -51.489360        0.066904
BFGS:  224 14:34:54      -51.489987        0.066622
BFGS:  225 14:34:54      -51.491486        0.064882
BFGS:  226 14:34:54      -51.494643        0.064073
BFGS:  227 14:34:54      -51.499783        0.088698
BFGS:  228 14:34:54      -51.505316        0.092162
BFGS:  229 14:34:54      -51.507812        0.066359
BFGS:  230 14:34:54      -51.508394        0.050189
BFGS:  231 14:34:54      -51.508758        0.038193
BFGS:  232 14:34:54      -51.509086        0.029563
BFGS:  233 14:34:54      -51.509460        0.033433
BFGS:  234 14:34:54      -51.509698        0.040606
BFGS:  235 14:34:54      -51.509941        0.039464
BFGS:  236 14:34:54      -51.510228        0.028096
BFGS:  237 14:34:54      -51.510566        0.031239
BFGS:  238 14:34:54      -51.510944        0.052908
BFGS:  239 14:34:54      -51.511472        0.096938
BFGS:  240 14:34:54      -51.512030        0.090972
BFGS:  241 14:34:54      -51.514424        0.072425
BFGS:  242 14:34:54      -51.515204        0.080317
BFGS:  243 14:34:54      -51.517667        0.050902
BFGS:  244 14:34:55      -51.520476        0.038588
BFGS:  245 14:34:55      -51.523049        0.052552
BFGS:  246 14:34:55      -51.525447        0.068313
BFGS:  247 14:34:55      -51.526673        0.067316
BFGS:  248 14:34:55      -51.527971        0.070779
BFGS:  249 14:34:55      -51.529154        0.072176
BFGS:  250 14:34:55      -51.531122        0.071235
BFGS:  251 14:34:55      -51.534004        0.105237
BFGS:  252 14:34:55      -51.537515        0.112983
BFGS:  253 14:34:55      -51.539930        0.084584
BFGS:  254 14:34:55      -51.541382        0.081006
BFGS:  255 14:34:55      -51.542761        0.080725
BFGS:  256 14:34:55      -51.544610        0.071550
BFGS:  257 14:34:55      -51.546845        0.091754
BFGS:  258 14:34:55      -51.548220        0.087931
BFGS:  259 14:34:55      -51.548833        0.060259
BFGS:  260 14:34:55      -51.549180        0.042125
BFGS:  261 14:34:55      -51.549489        0.023532
BFGS:  262 14:34:55      -51.549690        0.022535
BFGS:  263 14:34:55      -51.549784        0.023674
BFGS:  264 14:34:55      -51.549875        0.023688
BFGS:  265 14:34:55      -51.550041        0.021063
BFGS:  266 14:34:55      -51.550269        0.019793
BFGS:  267 14:34:56      -51.550467        0.021731
BFGS:  268 14:34:56      -51.550585        0.020829
BFGS:  269 14:34:56      -51.550673        0.018851
BFGS:  270 14:34:56      -51.550795        0.017432
BFGS:  271 14:34:56      -51.550968        0.014151
BFGS:  272 14:34:56      -51.551136        0.012372
BFGS:  273 14:34:56      -51.551229        0.011782
BFGS:  274 14:34:56      -51.551267        0.010808
BFGS:  275 14:34:56      -51.551293        0.009150
BFGS:  276 14:34:56      -51.551326        0.006884
BFGS:  277 14:34:56      -51.551361        0.004820
BFGS:  278 14:34:56      -51.551383        0.004364
BFGS:  279 14:34:56      -51.551391        0.004034
BFGS:  280 14:34:56      -51.551394        0.003834
BFGS:  281 14:34:56      -51.551397        0.003701
BFGS:  282 14:34:56      -51.551400        0.003798
BFGS:  283 14:34:56      -51.551406        0.003912
BFGS:  284 14:34:56      -51.551413        0.003744
BFGS:  285 14:34:56      -51.551418        0.003939
BFGS:  286 14:34:56      -51.551421        0.003868
BFGS:  287 14:34:56      -51.551422        0.003623
BFGS:  288 14:34:56      -51.551424        0.003416
BFGS:  289 14:34:57      -51.551428        0.003731
BFGS:  290 14:34:57      -51.551437        0.004309
BFGS:  291 14:34:57      -51.551453        0.005149
BFGS:  292 14:34:57      -51.551474        0.005737
BFGS:  293 14:34:57      -51.551487        0.005413
BFGS:  294 14:34:57      -51.551493        0.005352
BFGS:  295 14:34:57      -51.551497        0.005079
BFGS:  296 14:34:57      -51.551503        0.004528
BFGS:  297 14:34:57      -51.551515        0.003605
BFGS:  298 14:34:57      -51.551530        0.003791
BFGS:  299 14:34:57      -51.551540        0.003507
BFGS:  300 14:34:57      -51.551544        0.002928
BFGS:  301 14:34:57      -51.551546        0.002662
BFGS:  302 14:34:57      -51.551550        0.002381
BFGS:  303 14:34:57      -51.551554        0.001971
BFGS:  304 14:34:57      -51.551558        0.001627
BFGS:  305 14:34:57      -51.551560        0.001344
BFGS:  306 14:34:57      -51.551561        0.001170
BFGS:  307 14:34:57      -51.551561        0.001154
BFGS:  308 14:34:57      -51.551561        0.001097
BFGS:  309 14:34:57      -51.551562        0.000958
