      Step     Time          Energy          fmax
BFGS:    0 21:57:35      -22.467511        0.442764
BFGS:    1 21:57:35      -22.486947        0.454019
BFGS:    2 21:57:35      -23.145957        0.654642
BFGS:    3 21:57:35      -23.695214        0.508558
BFGS:    4 21:57:35      -23.474768        2.461560
BFGS:    5 21:57:35      -23.792756        0.536334
BFGS:    6 21:57:35      -23.834931        0.542075
BFGS:    7 21:57:35      -24.110942        1.752676
BFGS:    8 21:57:35      -24.348948        1.937066
BFGS:    9 21:57:35      -24.912705        1.540960
BFGS:   10 21:57:35      -25.310374        0.629205
BFGS:   11 21:57:35      -25.417863        0.255461
BFGS:   12 21:57:35      -25.445040        0.238287
BFGS:   13 21:57:35      -25.451615        0.269263
BFGS:   14 21:57:35      -25.457091        0.276968
BFGS:   15 21:57:35      -25.478742        0.282037
BFGS:   16 21:57:35      -25.510636        0.268547
BFGS:   17 21:57:35      -25.552045        0.296713
BFGS:   18 21:57:35      -25.585199        0.185769
BFGS:   19 21:57:35      -25.595026        0.097834
BFGS:   20 21:57:35      -25.595929        0.098166
BFGS:   21 21:57:35      -25.597561        0.094798
BFGS:   22 21:57:35      -25.601177        0.079681
BFGS:   23 21:57:35      -25.606307        0.048648
BFGS:   24 21:57:35      -25.610453        0.045112
BFGS:   25 21:57:36      -25.611751        0.033529
BFGS:   26 21:57:36      -25.612011        0.034871
BFGS:   27 21:57:36      -25.612183        0.035434
BFGS:   28 21:57:36      -25.612637        0.035353
BFGS:   29 21:57:36      -25.613566        0.032439
BFGS:   30 21:57:36      -25.615169        0.043108
BFGS:   31 21:57:36      -25.616822        0.041730
BFGS:   32 21:57:36      -25.617676        0.028014
BFGS:   33 21:57:36      -25.617916        0.029118
BFGS:   34 21:57:36      -25.618060        0.028952
BFGS:   35 21:57:36      -25.618409        0.027673
BFGS:   36 21:57:36      -25.619172        0.025984
BFGS:   37 21:57:36      -25.620694        0.041402
BFGS:   38 21:57:36      -25.622668        0.054212
BFGS:   39 21:57:36      -25.624015        0.047155
BFGS:   40 21:57:36      -25.624515        0.035495
BFGS:   41 21:57:36      -25.624685        0.030147
BFGS:   42 21:57:36      -25.624938        0.026105
BFGS:   43 21:57:36      -25.625553        0.025516
BFGS:   44 21:57:36      -25.626659        0.024468
BFGS:   45 21:57:36      -25.627987        0.030037
BFGS:   46 21:57:36      -25.628768        0.026954
BFGS:   47 21:57:36      -25.629022        0.024962
BFGS:   48 21:57:36      -25.629110        0.025617
BFGS:   49 21:57:36      -25.629262        0.025110
BFGS:   50 21:57:36      -25.629610        0.025159
BFGS:   51 21:57:36      -25.630237        0.035790
BFGS:   52 21:57:36      -25.631038        0.065356
BFGS:   53 21:57:36      -25.631655        0.085934
BFGS:   54 21:57:36      -25.632088        0.088364
BFGS:   55 21:57:36      -25.632619        0.078396
BFGS:   56 21:57:36      -25.633484        0.053764
BFGS:   57 21:57:36      -25.634768        0.043640
BFGS:   58 21:57:37      -25.636007        0.037802
BFGS:   59 21:57:37      -25.636634        0.040636
BFGS:   60 21:57:37      -25.636828        0.039403
BFGS:   61 21:57:37      -25.637040        0.037700
BFGS:   62 21:57:37      -25.637576        0.032914
BFGS:   63 21:57:37      -25.638526        0.038599
BFGS:   64 21:57:37      -25.639737        0.037451
BFGS:   65 21:57:37      -25.640471        0.031025
BFGS:   66 21:57:37      -25.640705        0.021836
BFGS:   67 21:57:37      -25.640774        0.019643
BFGS:   68 21:57:37      -25.640838        0.019667
BFGS:   69 21:57:37      -25.641129        0.018751
BFGS:   70 21:57:37      -25.641492        0.033716
BFGS:   71 21:57:37      -25.641878        0.058539
BFGS:   72 21:57:37      -25.642126        0.067800
BFGS:   73 21:57:37      -25.642349        0.066058
BFGS:   74 21:57:37      -25.642685        0.055764
BFGS:   75 21:57:37      -25.643219        0.035248
BFGS:   76 21:57:37      -25.643787        0.019658
BFGS:   77 21:57:37      -25.644086        0.016210
BFGS:   78 21:57:37      -25.644154        0.015246
BFGS:   79 21:57:37      -25.644186        0.014546
BFGS:   80 21:57:37      -25.644264        0.013194
BFGS:   81 21:57:37      -25.644434        0.016157
BFGS:   82 21:57:37      -25.644773        0.025876
BFGS:   83 21:57:37      -25.645214        0.026523
BFGS:   84 21:57:37      -25.645514        0.017735
BFGS:   85 21:57:37      -25.645608        0.014768
BFGS:   86 21:57:37      -25.645632        0.012813
BFGS:   87 21:57:37      -25.645664        0.011968
BFGS:   88 21:57:37      -25.645736        0.013927
BFGS:   89 21:57:37      -25.645855        0.016698
BFGS:   90 21:57:37      -25.645987        0.016253
BFGS:   91 21:57:37      -25.646061        0.014873
BFGS:   92 21:57:38      -25.646087        0.013989
BFGS:   93 21:57:38      -25.646106        0.012703
BFGS:   94 21:57:38      -25.646140        0.010486
BFGS:   95 21:57:38      -25.646188        0.010225
BFGS:   96 21:57:38      -25.646227        0.012722
BFGS:   97 21:57:38      -25.646245        0.012923
BFGS:   98 21:57:38      -25.646255        0.011497
BFGS:   99 21:57:38      -25.646269        0.009074
BFGS:  100 21:57:38      -25.646296        0.006036
BFGS:  101 21:57:38      -25.646335        0.006727
BFGS:  102 21:57:38      -25.646368        0.008527
BFGS:  103 21:57:38      -25.646383        0.007166
BFGS:  104 21:57:38      -25.646388        0.005506
BFGS:  105 21:57:38      -25.646396        0.005294
BFGS:  106 21:57:38      -25.646413        0.005698
BFGS:  107 21:57:38      -25.646448        0.007252
BFGS:  108 21:57:38      -25.646499        0.008632
BFGS:  109 21:57:38      -25.646540        0.006567
BFGS:  110 21:57:38      -25.646554        0.005124
BFGS:  111 21:57:38      -25.646557        0.004745
BFGS:  112 21:57:38      -25.646561        0.004644
BFGS:  113 21:57:38      -25.646570        0.004594
BFGS:  114 21:57:38      -25.646592        0.007585
BFGS:  115 21:57:38      -25.646641        0.011986
BFGS:  116 21:57:38      -25.646747        0.015984
BFGS:  117 21:57:38      -25.647012        0.018669
BFGS:  118 21:57:38      -25.644818        0.034957
BFGS:  119 21:57:38      -25.647187        0.014354
BFGS:  120 21:57:38      -25.647253        0.011974
BFGS:  121 21:57:38      -25.647293        0.010673
BFGS:  122 21:57:38      -25.647319        0.011125
BFGS:  123 21:57:38      -25.647338        0.011501
BFGS:  124 21:57:38      -25.647414        0.011980
BFGS:  125 21:57:38      -25.647497        0.010616
BFGS:  126 21:57:39      -25.647570        0.008670
BFGS:  127 21:57:39      -25.647597        0.007810
BFGS:  128 21:57:39      -25.647607        0.007362
BFGS:  129 21:57:39      -25.647617        0.007403
BFGS:  130 21:57:39      -25.647646        0.007772
BFGS:  131 21:57:39      -25.647526        0.013559
BFGS:  132 21:57:39      -25.647697        0.007452
BFGS:  133 21:57:39      -25.647734        0.007179
BFGS:  134 21:57:39      -25.647425        0.010143
BFGS:  135 21:57:39      -25.647928        0.004855
BFGS:  136 21:57:39      -25.647961        0.004745
BFGS:  137 21:57:39      -25.647988        0.005071
BFGS:  138 21:57:39      -25.648001        0.005052
BFGS:  139 21:57:39      -25.648016        0.004858
BFGS:  140 21:57:39      -25.648021        0.004645
BFGS:  141 21:57:39      -25.648026        0.004293
BFGS:  142 21:57:39      -25.648033        0.004022
BFGS:  143 21:57:39      -25.648046        0.003991
BFGS:  144 21:57:39      -25.648065        0.004060
BFGS:  145 21:57:39      -25.648087        0.005757
BFGS:  146 21:57:39      -25.648103        0.006399
BFGS:  147 21:57:39      -25.648110        0.005650
BFGS:  148 21:57:39      -25.648115        0.005322
BFGS:  149 21:57:39      -25.648124        0.005599
BFGS:  150 21:57:39      -25.648144        0.006435
BFGS:  151 21:57:39      -25.648186        0.008425
BFGS:  152 21:57:39      -25.648252        0.010587
BFGS:  153 21:57:39      -25.648311        0.008176
BFGS:  154 21:57:39      -25.648334        0.003094
BFGS:  155 21:57:39      -25.648337        0.001652
BFGS:  156 21:57:39      -25.648338        0.001719
BFGS:  157 21:57:39      -25.648338        0.001788
BFGS:  158 21:57:39      -25.648339        0.001896
BFGS:  159 21:57:39      -25.648343        0.001996
BFGS:  160 21:57:40      -25.648350        0.002886
BFGS:  161 21:57:40      -25.648362        0.003621
BFGS:  162 21:57:40      -25.648375        0.003081
BFGS:  163 21:57:40      -25.648381        0.003464
BFGS:  164 21:57:40      -25.648383        0.003436
BFGS:  165 21:57:40      -25.648385        0.003308
BFGS:  166 21:57:40      -25.648389        0.003132
BFGS:  167 21:57:40      -25.648400        0.003288
BFGS:  168 21:57:40      -25.648427        0.004788
BFGS:  169 21:57:40      -25.648484        0.007341
BFGS:  170 21:57:40      -25.648581        0.009009
BFGS:  171 21:57:40      -25.648695        0.009078
BFGS:  172 21:57:40      -25.648772        0.009321
BFGS:  173 21:57:40      -25.648791        0.008423
BFGS:  174 21:57:40      -25.648795        0.007940
BFGS:  175 21:57:40      -25.648806        0.007107
BFGS:  176 21:57:40      -25.648826        0.005857
BFGS:  177 21:57:40      -25.648841        0.005982
BFGS:  178 21:57:40      -25.648854        0.007067
BFGS:  179 21:57:40      -25.648861        0.006862
BFGS:  180 21:57:40      -25.648882        0.005840
BFGS:  181 21:57:40      -25.648912        0.003493
BFGS:  182 21:57:40      -25.648933        0.002202
BFGS:  183 21:57:40      -25.648939        0.001640
BFGS:  184 21:57:40      -25.648940        0.001398
BFGS:  185 21:57:40      -25.648941        0.001335
BFGS:  186 21:57:40      -25.648941        0.001306
BFGS:  187 21:57:40      -25.648942        0.001257
BFGS:  188 21:57:40      -25.648943        0.001214
BFGS:  189 21:57:40      -25.648945        0.000898
