      Step     Time          Energy          fmax
BFGS:    0 14:05:46      207.031552      119.750431
BFGS:    1 14:05:46      156.843465       22.554113
BFGS:    2 14:05:46      122.672817       18.979808
BFGS:    3 14:05:46       93.870291       17.408813
BFGS:    4 14:05:46       73.183387       15.940295
BFGS:    5 14:05:46       59.041915       14.882600
BFGS:    6 14:05:46       48.643529       14.006297
BFGS:    7 14:05:47       40.448609       13.252183
BFGS:    8 14:05:47       33.560675       12.565209
BFGS:    9 14:05:47       27.502113       11.868950
BFGS:   10 14:05:47       22.020163       11.204801
BFGS:   11 14:05:47       16.945896       10.571131
BFGS:   12 14:05:47       12.189621        9.950726
BFGS:   13 14:05:47        7.709746        9.351489
BFGS:   14 14:05:47        3.479390        8.769347
BFGS:   15 14:05:47       -0.513231        8.209779
BFGS:   16 14:05:47       -4.281338        7.681729
BFGS:   17 14:05:47       -7.835919        7.162117
BFGS:   18 14:05:47      -11.184511        6.666696
BFGS:   19 14:05:47      -14.340281        6.191307
BFGS:   20 14:05:47      -17.307219        5.729813
BFGS:   21 14:05:47      -20.089470        5.291510
BFGS:   22 14:05:47      -22.694697        4.884935
BFGS:   23 14:05:47      -25.132371        4.507961
BFGS:   24 14:05:47      -27.408222        4.152143
BFGS:   25 14:05:47      -29.526712        3.817620
BFGS:   26 14:05:47      -31.497865        3.506290
BFGS:   27 14:05:48      -33.329546        3.251571
BFGS:   28 14:05:48      -35.024097        3.007308
BFGS:   29 14:05:48      -36.590912        2.771531
BFGS:   30 14:05:48      -38.028369        2.526958
BFGS:   31 14:05:48      -39.340748        2.309796
BFGS:   32 14:05:48      -40.540323        2.106170
BFGS:   33 14:05:48      -41.631917        1.911477
BFGS:   34 14:05:48      -42.620333        1.729873
BFGS:   35 14:05:48      -43.514199        1.563950
BFGS:   36 14:05:48      -44.321449        1.408964
BFGS:   37 14:05:48      -45.041509        1.257923
BFGS:   38 14:05:48      -45.677259        1.120577
BFGS:   39 14:05:48      -46.238830        0.997028
BFGS:   40 14:05:48      -46.733453        0.883339
BFGS:   41 14:05:48      -47.166218        0.779263
BFGS:   42 14:05:48      -47.543386        0.693391
BFGS:   43 14:05:48      -47.868134        0.660145
BFGS:   44 14:05:48      -48.143350        0.632172
BFGS:   45 14:05:48      -48.377040        0.610051
BFGS:   46 14:05:48      -48.575661        0.589936
BFGS:   47 14:05:48      -48.742953        0.568492
BFGS:   48 14:05:49      -48.882259        0.542678
BFGS:   49 14:05:49      -48.997132        0.510389
BFGS:   50 14:05:49      -49.090772        0.468947
BFGS:   51 14:05:49      -49.166964        0.414706
BFGS:   52 14:05:49      -49.230469        0.411810
BFGS:   53 14:05:49      -49.284903        0.420833
BFGS:   54 14:05:49      -49.337104        0.397496
BFGS:   55 14:05:49      -49.408391        0.365393
BFGS:   56 14:05:49      -49.499099        0.327222
BFGS:   57 14:05:49      -49.542272        0.343499
BFGS:   58 14:05:49      -49.580205        0.319328
BFGS:   59 14:05:49      -49.622707        0.284833
BFGS:   60 14:05:49      -49.697637        0.282000
BFGS:   61 14:05:49      -49.761209        0.293514
BFGS:   62 14:05:49      -49.812190        0.364926
BFGS:   63 14:05:49      -49.848607        0.411966
BFGS:   64 14:05:49      -49.881557        0.436403
BFGS:   65 14:05:49      -49.920473        0.444783
BFGS:   66 14:05:49      -49.969270        0.437593
BFGS:   67 14:05:49      -50.033633        0.417476
BFGS:   68 14:05:49      -50.111710        0.371850
BFGS:   69 14:05:49      -50.180176        0.288885
BFGS:   70 14:05:49      -50.214186        0.254821
BFGS:   71 14:05:50      -50.244204        0.234476
BFGS:   72 14:05:50      -50.259969        0.250577
BFGS:   73 14:05:50      -50.286982        0.250085
BFGS:   74 14:05:50      -50.315656        0.205712
BFGS:   75 14:05:50      -50.351416        0.214373
BFGS:   76 14:05:50      -50.392124        0.227437
BFGS:   77 14:05:50      -50.422935        0.212761
BFGS:   78 14:05:50      -50.444237        0.187068
BFGS:   79 14:05:50      -50.456466        0.170233
BFGS:   80 14:05:50      -50.460477        0.165394
BFGS:   81 14:05:50      -50.466479        0.159219
BFGS:   82 14:05:50      -50.478324        0.155867
BFGS:   83 14:05:50      -50.494736        0.159736
BFGS:   84 14:05:50      -50.509206        0.162368
BFGS:   85 14:05:50      -50.515338        0.175047
BFGS:   86 14:05:50      -50.521222        0.179051
BFGS:   87 14:05:50      -50.530428        0.156060
BFGS:   88 14:05:50      -50.542897        0.135951
BFGS:   89 14:05:50      -50.560032        0.126952
BFGS:   90 14:05:50      -50.573902        0.118811
BFGS:   91 14:05:50      -50.580723        0.105639
BFGS:   92 14:05:50      -50.583643        0.085476
BFGS:   93 14:05:51      -50.587426        0.077876
BFGS:   94 14:05:51      -50.593397        0.084224
BFGS:   95 14:05:51      -50.601834        0.094717
BFGS:   96 14:05:51      -50.624531        0.123965
BFGS:   97 14:05:51      -50.645954        0.184535
BFGS:   98 14:05:51      -50.660330        0.248118
BFGS:   99 14:05:51      -50.675829        0.251726
BFGS:  100 14:05:51      -50.698032        0.212785
BFGS:  101 14:05:51      -50.714940        0.209876
BFGS:  102 14:05:51      -50.731835        0.209780
BFGS:  103 14:05:51      -50.748999        0.215508
BFGS:  104 14:05:51      -50.765018        0.231970
BFGS:  105 14:05:51      -50.793916        0.309752
BFGS:  106 14:05:51      -50.823499        0.305367
BFGS:  107 14:05:51      -50.847683        0.293101
BFGS:  108 14:05:51      -50.874357        0.271941
BFGS:  109 14:05:51      -50.899666        0.254868
BFGS:  110 14:05:51      -50.919879        0.180618
BFGS:  111 14:05:51      -50.927886        0.156484
BFGS:  112 14:05:51      -50.939691        0.157088
BFGS:  113 14:05:51      -50.949046        0.173234
BFGS:  114 14:05:51      -50.955779        0.190124
BFGS:  115 14:05:52      -50.959059        0.200094
BFGS:  116 14:05:52      -50.961555        0.207346
BFGS:  117 14:05:52      -50.965099        0.212453
BFGS:  118 14:05:52      -50.971078        0.209624
BFGS:  119 14:05:52      -50.977949        0.192986
BFGS:  120 14:05:52      -50.984207        0.171630
BFGS:  121 14:05:52      -50.989456        0.155099
BFGS:  122 14:05:52      -50.995794        0.136367
BFGS:  123 14:05:52      -51.006570        0.125413
BFGS:  124 14:05:52      -51.019580        0.098015
BFGS:  125 14:05:52      -51.027472        0.088854
BFGS:  126 14:05:52      -51.030817        0.079150
BFGS:  127 14:05:52      -51.032226        0.075784
BFGS:  128 14:05:52      -51.035590        0.071198
BFGS:  129 14:05:52      -51.035915        0.107405
BFGS:  130 14:05:52      -51.040743        0.069807
BFGS:  131 14:05:52      -51.044094        0.072930
BFGS:  132 14:05:52      -51.048204        0.075414
BFGS:  133 14:05:52      -51.048979        0.072898
BFGS:  134 14:05:52      -51.050792        0.067578
BFGS:  135 14:05:52      -51.053986        0.060350
BFGS:  136 14:05:52      -51.059124        0.070154
BFGS:  137 14:05:52      -51.064405        0.099348
BFGS:  138 14:05:53      -51.068297        0.124176
BFGS:  139 14:05:53      -51.071889        0.141182
BFGS:  140 14:05:53      -51.076072        0.157949
BFGS:  141 14:05:53      -51.072525        0.204855
BFGS:  142 14:05:53      -51.083854        0.157560
BFGS:  143 14:05:53      -51.089261        0.143800
BFGS:  144 14:05:53      -51.117769        0.085817
BFGS:  145 14:05:53      -51.121511        0.086003
BFGS:  146 14:05:53      -51.124927        0.088100
BFGS:  147 14:05:53      -51.127583        0.090461
BFGS:  148 14:05:53      -51.133288        0.101542
BFGS:  149 14:05:53      -51.139522        0.117730
BFGS:  150 14:05:53      -51.149337        0.155390
BFGS:  151 14:05:53      -51.163237        0.170216
BFGS:  152 14:05:53      -51.181794        0.164160
BFGS:  153 14:05:53      -51.196889        0.157488
BFGS:  154 14:05:53      -51.209945        0.150311
BFGS:  155 14:05:53      -51.220971        0.143394
BFGS:  156 14:05:53      -51.230146        0.136844
BFGS:  157 14:05:53      -51.237702        0.130928
BFGS:  158 14:05:53      -51.243959        0.125452
BFGS:  159 14:05:53      -51.249185        0.118960
BFGS:  160 14:05:53      -51.253591        0.108326
BFGS:  161 14:05:54      -51.257224        0.090414
BFGS:  162 14:05:54      -51.259942        0.086907
BFGS:  163 14:05:54      -51.261382        0.095014
BFGS:  164 14:05:54      -51.261994        0.096181
BFGS:  165 14:05:54      -51.263458        0.095198
BFGS:  166 14:05:54      -51.264591        0.092846
BFGS:  167 14:05:54      -51.267245        0.113746
BFGS:  168 14:05:54      -51.273372        0.174583
BFGS:  169 14:05:54      -51.279439        0.237873
BFGS:  170 14:05:54      -51.286853        0.287672
BFGS:  171 14:05:54      -51.299294        0.297004
BFGS:  172 14:05:54      -51.311301        0.306137
BFGS:  173 14:05:54      -51.323111        0.314917
BFGS:  174 14:05:54      -51.335323        0.321830
BFGS:  175 14:05:54      -51.348446        0.326752
BFGS:  176 14:05:54      -51.362579        0.330560
BFGS:  177 14:05:54      -51.377636        0.334155
BFGS:  178 14:05:54      -51.393526        0.338296
BFGS:  179 14:05:54      -51.410141        0.343852
BFGS:  180 14:05:54      -51.429037        0.351460
BFGS:  181 14:05:54      -51.449878        0.365464
BFGS:  182 14:05:54      -51.467696        0.378116
BFGS:  183 14:05:54      -51.484187        0.381098
BFGS:  184 14:05:55      -51.501166        0.371567
BFGS:  185 14:05:55      -51.519020        0.341105
BFGS:  186 14:05:55      -51.535401        0.292740
BFGS:  187 14:05:55      -51.547874        0.217554
BFGS:  188 14:05:55      -51.558814        0.147696
BFGS:  189 14:05:55      -51.562388        0.138901
BFGS:  190 14:05:55      -51.564930        0.120687
BFGS:  191 14:05:55      -51.567831        0.085705
BFGS:  192 14:05:55      -51.569605        0.065071
BFGS:  193 14:05:55      -51.570954        0.053492
BFGS:  194 14:05:55      -51.571702        0.040629
BFGS:  195 14:05:55      -51.572236        0.031648
BFGS:  196 14:05:55      -51.572733        0.030473
BFGS:  197 14:05:55      -51.573135        0.029611
BFGS:  198 14:05:55      -51.573424        0.028999
BFGS:  199 14:05:55      -51.573649        0.028782
BFGS:  200 14:05:55      -51.573814        0.028813
BFGS:  201 14:05:55      -51.573939        0.028962
BFGS:  202 14:05:55      -51.574062        0.029000
BFGS:  203 14:05:55      -51.574241        0.028960
BFGS:  204 14:05:55      -51.574544        0.028572
BFGS:  205 14:05:55      -51.575025        0.027703
BFGS:  206 14:05:56      -51.575664        0.052909
BFGS:  207 14:05:56      -51.576402        0.072230
BFGS:  208 14:05:56      -51.577239        0.075031
BFGS:  209 14:05:56      -51.578229        0.057894
BFGS:  210 14:05:56      -51.579290        0.054059
BFGS:  211 14:05:56      -51.580161        0.049991
BFGS:  212 14:05:56      -51.580859        0.044567
BFGS:  213 14:05:56      -51.581499        0.049188
BFGS:  214 14:05:56      -51.582126        0.042983
BFGS:  215 14:05:56      -51.582774        0.037419
BFGS:  216 14:05:56      -51.583187        0.036769
BFGS:  217 14:05:56      -51.583470        0.035966
BFGS:  218 14:05:56      -51.583759        0.034889
BFGS:  219 14:05:56      -51.584206        0.033849
BFGS:  220 14:05:56      -51.584801        0.033828
BFGS:  221 14:05:56      -51.585348        0.034542
BFGS:  222 14:05:56      -51.585749        0.033901
BFGS:  223 14:05:56      -51.586090        0.030759
BFGS:  224 14:05:56      -51.586412        0.021589
BFGS:  225 14:05:56      -51.586679        0.018778
BFGS:  226 14:05:56      -51.586824        0.010903
BFGS:  227 14:05:56      -51.586872        0.009102
BFGS:  228 14:05:56      -51.586892        0.007751
BFGS:  229 14:05:57      -51.586914        0.006787
BFGS:  230 14:05:57      -51.586941        0.007165
BFGS:  231 14:05:57      -51.586961        0.006077
BFGS:  232 14:05:57      -51.586977        0.007141
BFGS:  233 14:05:57      -51.586989        0.007386
BFGS:  234 14:05:57      -51.587003        0.006723
BFGS:  235 14:05:57      -51.587014        0.006059
BFGS:  236 14:05:57      -51.587022        0.006097
BFGS:  237 14:05:57      -51.587030        0.006080
BFGS:  238 14:05:57      -51.587044        0.005979
BFGS:  239 14:05:57      -51.587071        0.008633
BFGS:  240 14:05:57      -51.587121        0.011546
BFGS:  241 14:05:57      -51.587190        0.011210
BFGS:  242 14:05:57      -51.587260        0.010396
BFGS:  243 14:05:57      -51.587316        0.009727
BFGS:  244 14:05:57      -51.587344        0.011407
BFGS:  245 14:05:57      -51.587376        0.011429
BFGS:  246 14:05:57      -51.587471        0.009679
BFGS:  247 14:05:57      -51.587534        0.006556
BFGS:  248 14:05:57      -51.587569        0.003920
BFGS:  249 14:05:57      -51.587577        0.004052
BFGS:  250 14:05:57      -51.587580        0.004269
BFGS:  251 14:05:57      -51.587586        0.004358
BFGS:  252 14:05:58      -51.587595        0.004026
BFGS:  253 14:05:58      -51.587606        0.003364
BFGS:  254 14:05:58      -51.587618        0.003283
BFGS:  255 14:05:58      -51.587624        0.002701
BFGS:  256 14:05:58      -51.587626        0.002267
BFGS:  257 14:05:58      -51.587628        0.001836
BFGS:  258 14:05:58      -51.587629        0.001398
BFGS:  259 14:05:58      -51.587631        0.001084
BFGS:  260 14:05:58      -51.587633        0.000610
