      Step     Time          Energy          fmax
BFGS:    0 23:04:20       77.095626      348.746751
BFGS:    1 23:04:20        2.324349       71.289705
BFGS:    2 23:04:20       -5.998429       47.135358
BFGS:    3 23:04:20      -15.095729       20.878291
BFGS:    4 23:04:20      -18.633849        9.719855
BFGS:    5 23:04:20      -20.342332        4.339995
BFGS:    6 23:04:20      -21.126920        1.951411
BFGS:    7 23:04:20      -21.488491        0.806380
BFGS:    8 23:04:20      -21.657706        0.649908
BFGS:    9 23:04:20      -21.751096        0.568889
BFGS:   10 23:04:20      -21.837800        0.538607
BFGS:   11 23:04:20      -21.961385        0.620456
BFGS:   12 23:04:20      -22.113923        0.579792
BFGS:   13 23:04:20      -22.212264        0.542553
BFGS:   14 23:04:20      -22.248257        0.553558
BFGS:   15 23:04:20      -22.346655        0.623093
BFGS:   16 23:04:20      -22.503515        0.700544
BFGS:   17 23:04:21      -22.521516        0.703706
BFGS:   18 23:04:21      -22.576861        0.571353
BFGS:   19 23:04:21      -22.605354        0.549664
BFGS:   20 23:04:21      -22.706670        0.420779
BFGS:   21 23:04:21      -22.803825        0.351959
BFGS:   22 23:04:21      -22.953518        0.354539
BFGS:   23 23:04:21      -23.068336        0.390194
BFGS:   24 23:04:21      -23.141092        0.509229
BFGS:   25 23:04:21      -23.159250        0.480128
BFGS:   26 23:04:21      -23.180365        0.454282
BFGS:   27 23:04:21      -23.259933        0.407370
BFGS:   28 23:04:21      -23.390090        0.345073
BFGS:   29 23:04:21      -23.510039        0.343884
BFGS:   30 23:04:21      -23.566217        0.278750
BFGS:   31 23:04:21      -23.596015        0.290866
BFGS:   32 23:04:21      -23.603329        0.253329
BFGS:   33 23:04:21      -23.612975        0.230940
BFGS:   34 23:04:21      -23.636319        0.270883
BFGS:   35 23:04:21      -23.674774        0.314045
BFGS:   36 23:04:21      -23.738426        0.346340
BFGS:   37 23:04:21      -23.807059        0.383944
BFGS:   38 23:04:21      -23.849383        0.377462
BFGS:   39 23:04:21      -23.864173        0.362760
BFGS:   40 23:04:21      -23.895697        0.406525
BFGS:   41 23:04:21      -24.003388        0.470979
BFGS:   42 23:04:21      -24.130898        0.531235
BFGS:   43 23:04:21      -24.233191        0.529008
BFGS:   44 23:04:21      -24.367429        0.522138
BFGS:   45 23:04:21      -24.613894        0.460528
BFGS:   46 23:04:21      -24.823093        0.444470
BFGS:   47 23:04:21      -24.986182        0.457687
BFGS:   48 23:04:21      -25.067805        0.375124
BFGS:   49 23:04:21      -25.100964        0.373363
BFGS:   50 23:04:22      -25.126986        0.359241
BFGS:   51 23:04:22      -25.169695        0.296846
BFGS:   52 23:04:22      -25.205056        0.277086
BFGS:   53 23:04:22      -25.327408        0.237618
BFGS:   54 23:04:22      -25.404029        0.179957
BFGS:   55 23:04:22      -25.433409        0.133087
BFGS:   56 23:04:22      -25.442859        0.143398
BFGS:   57 23:04:22      -25.446812        0.142439
BFGS:   58 23:04:22      -25.449637        0.142272
BFGS:   59 23:04:22      -25.453536        0.158280
BFGS:   60 23:04:22      -25.464437        0.187640
BFGS:   61 23:04:22      -25.483199        0.200541
BFGS:   62 23:04:22      -25.506911        0.164666
BFGS:   63 23:04:22      -25.522328        0.153827
BFGS:   64 23:04:22      -25.525848        0.126605
BFGS:   65 23:04:22      -25.527594        0.109256
BFGS:   66 23:04:22      -25.530849        0.097252
BFGS:   67 23:04:22      -25.537605        0.098049
BFGS:   68 23:04:22      -25.549410        0.111407
BFGS:   69 23:04:22      -25.561074        0.121444
BFGS:   70 23:04:22      -25.567614        0.111437
BFGS:   71 23:04:22      -25.570218        0.080736
BFGS:   72 23:04:22      -25.571028        0.082266
BFGS:   73 23:04:22      -25.572988        0.081197
BFGS:   74 23:04:22      -25.576730        0.096020
BFGS:   75 23:04:22      -25.584294        0.120405
BFGS:   76 23:04:22      -25.594001        0.127509
BFGS:   77 23:04:22      -25.601457        0.106731
BFGS:   78 23:04:22      -25.605264        0.076424
BFGS:   79 23:04:22      -25.606390        0.059590
BFGS:   80 23:04:23      -25.606578        0.057283
BFGS:   81 23:04:23      -25.606737        0.058084
BFGS:   82 23:04:23      -25.607007        0.059825
BFGS:   83 23:04:23      -25.607530        0.061933
BFGS:   84 23:04:23      -25.608518        0.064133
BFGS:   85 23:04:23      -25.610245        0.063904
BFGS:   86 23:04:23      -25.612823        0.058371
BFGS:   87 23:04:23      -25.615733        0.046632
BFGS:   88 23:04:23      -25.617615        0.036036
BFGS:   89 23:04:23      -25.618296        0.033210
BFGS:   90 23:04:23      -25.618592        0.032157
BFGS:   91 23:04:23      -25.618774        0.032964
BFGS:   92 23:04:23      -25.619032        0.034266
BFGS:   93 23:04:23      -25.619530        0.035334
BFGS:   94 23:04:23      -25.620407        0.054262
BFGS:   95 23:04:23      -25.621526        0.092473
BFGS:   96 23:04:23      -25.622473        0.110986
BFGS:   97 23:04:23      -25.623176        0.103856
BFGS:   98 23:04:23      -25.623882        0.077404
BFGS:   99 23:04:23      -25.624663        0.046100
BFGS:  100 23:04:23      -25.625235        0.042697
BFGS:  101 23:04:23      -25.625484        0.040167
BFGS:  102 23:04:23      -25.625608        0.038333
BFGS:  103 23:04:23      -25.625760        0.034887
BFGS:  104 23:04:23      -25.626035        0.034352
BFGS:  105 23:04:23      -25.626436        0.052315
BFGS:  106 23:04:23      -25.626867        0.070444
BFGS:  107 23:04:23      -25.627265        0.086204
BFGS:  108 23:04:23      -25.627760        0.089370
BFGS:  109 23:04:23      -25.628649        0.082117
BFGS:  110 23:04:23      -25.630357        0.069750
BFGS:  111 23:04:23      -25.633005        0.089267
BFGS:  112 23:04:23      -25.635569        0.088754
BFGS:  113 23:04:23      -25.636696        0.078360
BFGS:  114 23:04:24      -25.637234        0.064627
BFGS:  115 23:04:24      -25.637524        0.051832
BFGS:  116 23:04:24      -25.638042        0.037609
BFGS:  117 23:04:24      -25.638585        0.025875
BFGS:  118 23:04:24      -25.639028        0.028151
BFGS:  119 23:04:24      -25.639246        0.034445
BFGS:  120 23:04:24      -25.639360        0.034722
BFGS:  121 23:04:24      -25.639505        0.032031
BFGS:  122 23:04:24      -25.639814        0.025353
BFGS:  123 23:04:24      -25.640435        0.018854
BFGS:  124 23:04:24      -25.641409        0.026120
BFGS:  125 23:04:24      -25.642313        0.036022
BFGS:  126 23:04:24      -25.642731        0.034444
BFGS:  127 23:04:24      -25.642852        0.029081
BFGS:  128 23:04:24      -25.642936        0.024101
BFGS:  129 23:04:24      -25.643103        0.018675
BFGS:  130 23:04:24      -25.643370        0.019418
BFGS:  131 23:04:24      -25.643679        0.020068
BFGS:  132 23:04:24      -25.643857        0.018167
BFGS:  133 23:04:24      -25.643913        0.016190
BFGS:  134 23:04:24      -25.643947        0.015019
BFGS:  135 23:04:24      -25.644022        0.013292
BFGS:  136 23:04:24      -25.644193        0.011313
BFGS:  137 23:04:24      -25.644563        0.014049
BFGS:  138 23:04:24      -25.645151        0.015600
BFGS:  139 23:04:24      -25.645652        0.014569
BFGS:  140 23:04:24      -25.645861        0.013220
BFGS:  141 23:04:24      -25.645901        0.011246
BFGS:  142 23:04:24      -25.645913        0.010792
BFGS:  143 23:04:24      -25.645942        0.009586
BFGS:  144 23:04:24      -25.646012        0.009737
BFGS:  145 23:04:24      -25.646172        0.011465
BFGS:  146 23:04:24      -25.646451        0.011354
BFGS:  147 23:04:24      -25.646795        0.011675
BFGS:  148 23:04:25      -25.647022        0.013360
BFGS:  149 23:04:25      -25.647062        0.013025
BFGS:  150 23:04:25      -25.647073        0.012290
BFGS:  151 23:04:25      -25.647093        0.010537
BFGS:  152 23:04:25      -25.647127        0.010747
BFGS:  153 23:04:25      -25.647191        0.011951
BFGS:  154 23:04:25      -25.647257        0.011209
BFGS:  155 23:04:25      -25.647293        0.008672
BFGS:  156 23:04:25      -25.647305        0.008270
BFGS:  157 23:04:25      -25.647313        0.008635
BFGS:  158 23:04:25      -25.647331        0.008696
BFGS:  159 23:04:25      -25.647388        0.008738
BFGS:  160 23:04:25      -25.647493        0.009830
BFGS:  161 23:04:25      -25.647633        0.013259
BFGS:  162 23:04:25      -25.647735        0.014415
BFGS:  163 23:04:25      -25.647773        0.014601
BFGS:  164 23:04:25      -25.647809        0.012550
BFGS:  165 23:04:25      -25.647829        0.011732
BFGS:  166 23:04:25      -25.647957        0.008689
BFGS:  167 23:04:25      -25.648098        0.007920
BFGS:  168 23:04:25      -25.648317        0.009232
BFGS:  169 23:04:25      -25.648474        0.013705
BFGS:  170 23:04:25      -25.648544        0.015393
BFGS:  171 23:04:25      -25.648566        0.014938
BFGS:  172 23:04:25      -25.648589        0.014058
BFGS:  173 23:04:25      -25.648632        0.012318
BFGS:  174 23:04:25      -25.648709        0.009086
BFGS:  175 23:04:25      -25.648812        0.006031
BFGS:  176 23:04:25      -25.648888        0.003066
BFGS:  177 23:04:25      -25.648912        0.002453
BFGS:  178 23:04:25      -25.648916        0.002058
BFGS:  179 23:04:25      -25.648916        0.001868
BFGS:  180 23:04:25      -25.648917        0.001682
BFGS:  181 23:04:26      -25.648917        0.001534
BFGS:  182 23:04:26      -25.648918        0.001367
BFGS:  183 23:04:26      -25.648920        0.001020
BFGS:  184 23:04:26      -25.648922        0.000819
