      Step     Time          Energy          fmax
BFGS:    0 14:11:12      434.103766      264.207932
BFGS:    1 14:11:12        6.335794       50.971220
BFGS:    2 14:11:12      -40.545246       34.454470
BFGS:    3 14:11:13      -97.661027       15.430813
BFGS:    4 14:11:13     -125.025800        6.793776
BFGS:    5 14:11:13     -137.614363        3.423828
BFGS:    6 14:11:13     -141.947466        3.516729
BFGS:    7 14:11:13     -144.378370        3.464929
BFGS:    8 14:11:13     -148.779698        3.306464
BFGS:    9 14:11:13     -152.653815        3.127828
BFGS:   10 14:11:14     -155.888367        2.948401
BFGS:   11 14:11:14     -158.576307        2.779391
BFGS:   12 14:11:14     -160.876804        2.624070
BFGS:   13 14:11:14     -162.925069        2.482245
BFGS:   14 14:11:14     -164.809129        2.351736
BFGS:   15 14:11:14     -166.576175        2.230379
BFGS:   16 14:11:14     -168.247846        2.120832
BFGS:   17 14:11:14     -169.836225        2.080142
BFGS:   18 14:11:15     -171.343513        2.071084
BFGS:   19 14:11:15     -172.768325        2.063296
BFGS:   20 14:11:15     -174.117154        2.056742
BFGS:   21 14:11:15     -175.395871        2.047160
BFGS:   22 14:11:15     -176.607804        2.032275
BFGS:   23 14:11:15     -177.762578        2.012662
BFGS:   24 14:11:15     -178.871882        1.986969
BFGS:   25 14:11:15     -179.945492        1.950360
BFGS:   26 14:11:16     -181.002291        1.901298
BFGS:   27 14:11:16     -182.047042        1.839974
BFGS:   28 14:11:16     -183.068537        1.766493
BFGS:   29 14:11:16     -184.051753        1.681935
BFGS:   30 14:11:16     -184.962871        1.589414
BFGS:   31 14:11:16     -185.791147        1.491540
BFGS:   32 14:11:16     -186.532735        1.392911
BFGS:   33 14:11:16     -187.198933        1.299069
BFGS:   34 14:11:17     -187.816745        1.214741
BFGS:   35 14:11:17     -188.416866        1.141981
BFGS:   36 14:11:17     -189.021976        1.080343
BFGS:   37 14:11:17     -189.638960        1.027795
BFGS:   38 14:11:17     -190.256165        0.981449
BFGS:   39 14:11:17     -190.853554        0.938090
BFGS:   40 14:11:17     -191.418735        0.895339
BFGS:   41 14:11:18     -191.953142        0.853980
BFGS:   42 14:11:18     -192.454590        0.814862
BFGS:   43 14:11:18     -192.912976        0.777975
BFGS:   44 14:11:18     -193.325031        0.743203
BFGS:   45 14:11:18     -193.695633        0.710239
BFGS:   46 14:11:18     -194.033498        0.689602
BFGS:   47 14:11:18     -194.343513        0.670999
BFGS:   48 14:11:18     -194.628492        0.652647
BFGS:   49 14:11:19     -194.890584        0.633905
BFGS:   50 14:11:19     -195.132266        0.613521
BFGS:   51 14:11:19     -195.357558        0.591460
BFGS:   52 14:11:19     -195.570962        0.568843
BFGS:   53 14:11:19     -195.775852        0.546603
BFGS:   54 14:11:19     -195.973735        0.525030
BFGS:   55 14:11:19     -196.165983        0.503313
BFGS:   56 14:11:19     -196.354918        0.481144
BFGS:   57 14:11:20     -196.543266        0.483867
BFGS:   58 14:11:20     -196.732854        0.485660
BFGS:   59 14:11:20     -196.924341        0.479624
BFGS:   60 14:11:20     -197.117045        0.466516
BFGS:   61 14:11:20     -197.309196        0.447536
BFGS:   62 14:11:20     -197.498602        0.423997
BFGS:   63 14:11:20     -197.683624        0.396570
BFGS:   64 14:11:20     -197.863554        0.365485
BFGS:   65 14:11:20     -198.037538        0.331544
BFGS:   66 14:11:21     -198.205058        0.304159
BFGS:   67 14:11:21     -198.364961        0.294601
BFGS:   68 14:11:21     -198.515844        0.284410
BFGS:   69 14:11:21     -198.656376        0.274630
BFGS:   70 14:11:21     -198.787790        0.266254
BFGS:   71 14:11:21     -198.918832        0.305338
BFGS:   72 14:11:21     -199.032279        0.324162
BFGS:   73 14:11:21     -199.183581        0.305006
BFGS:   74 14:11:22     -199.322587        0.244784
BFGS:   75 14:11:22     -199.454394        0.199825
BFGS:   76 14:11:22     -199.561656        0.198020
BFGS:   77 14:11:22     -199.647588        0.190077
BFGS:   78 14:11:22     -199.700467        0.181680
BFGS:   79 14:11:22     -199.744561        0.173682
BFGS:   80 14:11:22     -199.783715        0.166120
BFGS:   81 14:11:22     -199.819210        0.164020
BFGS:   82 14:11:23     -199.851889        0.162869
BFGS:   83 14:11:23     -199.882284        0.162418
BFGS:   84 14:11:23     -199.910714        0.162837
BFGS:   85 14:11:23     -199.937705        0.164370
BFGS:   86 14:11:23     -199.964879        0.167134
BFGS:   87 14:11:23     -199.995750        0.170998
BFGS:   88 14:11:23     -200.034419        0.176292
BFGS:   89 14:11:23     -200.086539        0.184231
BFGS:   90 14:11:24     -200.141467        0.194338
BFGS:   91 14:11:24     -200.169719        0.195060
BFGS:   92 14:11:24     -200.187314        0.190914
BFGS:   93 14:11:24     -200.199197        0.185438
BFGS:   94 14:11:24     -200.208946        0.179601
BFGS:   95 14:11:24     -200.218642        0.175170
BFGS:   96 14:11:24     -200.237724        0.168416
BFGS:   97 14:11:24     -200.257915        0.161463
BFGS:   98 14:11:25     -200.278464        0.154218
BFGS:   99 14:11:25     -200.296414        0.149817
BFGS:  100 14:11:25     -200.311235        0.146605
BFGS:  101 14:11:25     -200.324691        0.143134
BFGS:  102 14:11:25     -200.337560        0.139030
BFGS:  103 14:11:25     -200.352717        0.133232
BFGS:  104 14:11:25     -200.364152        0.128998
BFGS:  105 14:11:25     -200.377069        0.125631
BFGS:  106 14:11:26     -200.399808        0.123277
BFGS:  107 14:11:26     -200.444460        0.132016
BFGS:  108 14:11:26     -200.495602        0.129002
BFGS:  109 14:11:26     -200.530983        0.121648
BFGS:  110 14:11:26     -200.562725        0.121773
BFGS:  111 14:11:26     -200.592335        0.123298
BFGS:  112 14:11:26     -200.618475        0.126164
BFGS:  113 14:11:26     -200.639166        0.130397
BFGS:  114 14:11:26     -200.651994        0.135987
BFGS:  115 14:11:27     -200.656161        0.138037
BFGS:  116 14:11:27     -200.666131        0.140684
BFGS:  117 14:11:27     -200.681104        0.141564
BFGS:  118 14:11:27     -200.708992        0.139029
BFGS:  119 14:11:27     -200.747438        0.132403
BFGS:  120 14:11:27     -200.787897        0.124020
BFGS:  121 14:11:27     -200.808461        0.120691
BFGS:  122 14:11:27     -200.820995        0.120819
BFGS:  123 14:11:28     -200.830676        0.123248
BFGS:  124 14:11:28     -200.840742        0.126952
BFGS:  125 14:11:28     -200.855135        0.131261
BFGS:  126 14:11:28     -200.876417        0.133737
BFGS:  127 14:11:28     -200.904111        0.130847
BFGS:  128 14:11:28     -200.935584        0.125572
BFGS:  129 14:11:28     -200.968912        0.116169
BFGS:  130 14:11:28     -200.996603        0.101503
BFGS:  131 14:11:29     -201.008583        0.092395
BFGS:  132 14:11:29     -201.012739        0.089774
BFGS:  133 14:11:29     -201.016710        0.088519
BFGS:  134 14:11:29     -201.023080        0.088452
BFGS:  135 14:11:29     -201.038781        0.090286
BFGS:  136 14:11:29     -201.065745        0.094320
BFGS:  137 14:11:29     -201.093844        0.097814
BFGS:  138 14:11:29     -201.123315        0.100121
BFGS:  139 14:11:30     -201.153078        0.100853
BFGS:  140 14:11:30     -201.181491        0.099718
BFGS:  141 14:11:30     -201.205985        0.099037
BFGS:  142 14:11:30     -201.221489        0.098805
BFGS:  143 14:11:30     -201.225025        0.098145
BFGS:  144 14:11:30     -201.230321        0.096820
BFGS:  145 14:11:30     -201.241942        0.093399
BFGS:  146 14:11:30     -201.264982        0.087116
BFGS:  147 14:11:31     -201.289383        0.081160
BFGS:  148 14:11:31     -201.315382        0.075761
BFGS:  149 14:11:31     -201.340039        0.070787
BFGS:  150 14:11:31     -201.359276        0.066860
BFGS:  151 14:11:31     -201.367140        0.064555
BFGS:  152 14:11:31     -201.368391        0.064483
BFGS:  153 14:11:31     -201.370186        0.064030
BFGS:  154 14:11:31     -201.372562        0.062940
BFGS:  155 14:11:32     -201.378693        0.059633
BFGS:  156 14:11:32     -201.390378        0.060909
BFGS:  157 14:11:32     -201.412443        0.077502
BFGS:  158 14:11:32     -201.436352        0.108927
BFGS:  159 14:11:32     -201.457934        0.127867
BFGS:  160 14:11:32     -201.477173        0.139213
BFGS:  161 14:11:32     -201.493744        0.144527
BFGS:  162 14:11:32     -201.507542        0.143556
BFGS:  163 14:11:32     -201.518416        0.135150
BFGS:  164 14:11:33     -201.526484        0.117495
BFGS:  165 14:11:33     -201.532611        0.087441
BFGS:  166 14:11:33     -201.536992        0.056690
BFGS:  167 14:11:33     -201.540391        0.056647
BFGS:  168 14:11:33     -201.541807        0.053654
BFGS:  169 14:11:33     -201.542580        0.050449
BFGS:  170 14:11:33     -201.543094        0.049265
BFGS:  171 14:11:33     -201.543532        0.049106
BFGS:  172 14:11:34     -201.543989        0.049535
BFGS:  173 14:11:34     -201.544602        0.050329
BFGS:  174 14:11:34     -201.545655        0.051305
BFGS:  175 14:11:34     -201.547513        0.052319
BFGS:  176 14:11:34     -201.550327        0.062490
BFGS:  177 14:11:34     -201.554092        0.086631
BFGS:  178 14:11:34     -201.559241        0.105851
BFGS:  179 14:11:34     -201.565124        0.116579
BFGS:  180 14:11:35     -201.571528        0.123744
BFGS:  181 14:11:35     -201.578135        0.129874
BFGS:  182 14:11:35     -201.588379        0.131969
BFGS:  183 14:11:35     -201.602116        0.131547
BFGS:  184 14:11:35     -201.616223        0.134174
BFGS:  185 14:11:35     -201.634552        0.135735
BFGS:  186 14:11:35     -201.655141        0.135477
BFGS:  187 14:11:35     -201.677861        0.134368
BFGS:  188 14:11:36     -201.702567        0.132607
BFGS:  189 14:11:36     -201.729179        0.130386
BFGS:  190 14:11:36     -201.757500        0.127884
BFGS:  191 14:11:36     -201.787135        0.125571
BFGS:  192 14:11:36     -201.817536        0.123739
BFGS:  193 14:11:36     -201.848246        0.122497
BFGS:  194 14:11:36     -201.879047        0.121801
BFGS:  195 14:11:36     -201.909841        0.121518
BFGS:  196 14:11:37     -201.940431        0.121490
BFGS:  197 14:11:37     -201.970452        0.121675
BFGS:  198 14:11:37     -202.000266        0.122007
BFGS:  199 14:11:37     -202.029196        0.122302
BFGS:  200 14:11:37     -202.058117        0.122742
BFGS:  201 14:11:37     -202.085715        0.123031
BFGS:  202 14:11:37     -202.113683        0.123583
BFGS:  203 14:11:37     -202.139744        0.124053
BFGS:  204 14:11:38     -202.166262        0.125042
BFGS:  205 14:11:38     -202.190763        0.126144
BFGS:  206 14:11:38     -202.215474        0.127764
BFGS:  207 14:11:38     -202.238681        0.129502
BFGS:  208 14:11:38     -202.261938        0.131519
BFGS:  209 14:11:38     -202.284217        0.133580
BFGS:  210 14:11:38     -202.306531        0.135719
BFGS:  211 14:11:38     -202.328224        0.137837
BFGS:  212 14:11:38     -202.350020        0.139896
BFGS:  213 14:11:39     -202.371431        0.141876
BFGS:  214 14:11:39     -202.393040        0.143697
BFGS:  215 14:11:39     -202.414424        0.145400
BFGS:  216 14:11:39     -202.435729        0.146854
BFGS:  217 14:11:39     -202.456178        0.148155
BFGS:  218 14:11:39     -202.476188        0.149203
BFGS:  219 14:11:39     -202.495473        0.150196
BFGS:  220 14:11:39     -202.514424        0.151039
BFGS:  221 14:11:40     -202.532801        0.151919
BFGS:  222 14:11:40     -202.550962        0.152700
BFGS:  223 14:11:40     -202.568782        0.153456
BFGS:  224 14:11:40     -202.586570        0.153998
BFGS:  225 14:11:40     -202.604227        0.154339
BFGS:  226 14:11:40     -202.621933        0.154295
BFGS:  227 14:11:40     -202.639590        0.153834
BFGS:  228 14:11:40     -202.657233        0.152856
BFGS:  229 14:11:41     -202.674691        0.151447
BFGS:  230 14:11:41     -202.691905        0.149628
BFGS:  231 14:11:41     -202.708759        0.147553
BFGS:  232 14:11:41     -202.725266        0.145267
BFGS:  233 14:11:41     -202.741498        0.142848
BFGS:  234 14:11:41     -202.757577        0.140235
BFGS:  235 14:11:41     -202.773575        0.137380
BFGS:  236 14:11:41     -202.789473        0.134126
BFGS:  237 14:11:42     -202.805265        0.130368
BFGS:  238 14:11:42     -202.820851        0.125974
BFGS:  239 14:11:42     -202.836161        0.120959
BFGS:  240 14:11:42     -202.850937        0.115395
BFGS:  241 14:11:42     -202.865063        0.109450
BFGS:  242 14:11:42     -202.878348        0.103210
BFGS:  243 14:11:42     -202.890827        0.096722
BFGS:  244 14:11:42     -202.902376        0.089999
BFGS:  245 14:11:43     -202.913059        0.083167
BFGS:  246 14:11:43     -202.922796        0.080997
BFGS:  247 14:11:43     -202.931630        0.078701
BFGS:  248 14:11:43     -202.939567        0.076127
BFGS:  249 14:11:43     -202.946741        0.073190
BFGS:  250 14:11:43     -202.953157        0.069466
BFGS:  251 14:11:43     -202.958954        0.064537
BFGS:  252 14:11:43     -202.963180        0.060810
BFGS:  253 14:11:44     -202.967509        0.058866
BFGS:  254 14:11:44     -202.970939        0.058504
BFGS:  255 14:11:44     -202.972826        0.060518
BFGS:  256 14:11:44     -202.973645        0.061070
BFGS:  257 14:11:44     -202.974581        0.061502
BFGS:  258 14:11:44     -202.976220        0.061760
BFGS:  259 14:11:44     -202.978426        0.061448
BFGS:  260 14:11:44     -202.981223        0.061270
BFGS:  261 14:11:44     -202.983938        0.060737
BFGS:  262 14:11:45     -202.985884        0.061139
BFGS:  263 14:11:45     -202.987553        0.061876
BFGS:  264 14:11:45     -202.989228        0.063794
BFGS:  265 14:11:45     -202.991907        0.065718
BFGS:  266 14:11:45     -202.996400        0.067510
BFGS:  267 14:11:45     -203.000277        0.067796
BFGS:  268 14:11:45     -203.005294        0.066342
BFGS:  269 14:11:45     -203.008444        0.064420
BFGS:  270 14:11:46     -203.011027        0.061763
BFGS:  271 14:11:46     -203.014561        0.057579
BFGS:  272 14:11:46     -203.018462        0.053012
BFGS:  273 14:11:46     -203.024644        0.050046
BFGS:  274 14:11:46     -203.033111        0.048427
BFGS:  275 14:11:46     -203.036777        0.049365
BFGS:  276 14:11:46     -203.041405        0.060135
BFGS:  277 14:11:46     -203.047315        0.070499
BFGS:  278 14:11:47     -203.055238        0.071521
BFGS:  279 14:11:47     -203.062775        0.072290
BFGS:  280 14:11:47     -203.067812        0.069097
BFGS:  281 14:11:47     -203.075326        0.063070
BFGS:  282 14:11:47     -203.090609        0.065349
BFGS:  283 14:11:47     -203.098936        0.072879
BFGS:  284 14:11:47     -203.109164        0.077502
BFGS:  285 14:11:47     -203.120037        0.084414
BFGS:  286 14:11:48     -203.131346        0.096229
BFGS:  287 14:11:48     -203.142627        0.102902
BFGS:  288 14:11:48     -203.153830        0.105883
BFGS:  289 14:11:48     -203.164942        0.105571
BFGS:  290 14:11:48     -203.175972        0.102801
BFGS:  291 14:11:48     -203.186920        0.097889
BFGS:  292 14:11:48     -203.197835        0.091254
BFGS:  293 14:11:48     -203.208789        0.084051
BFGS:  294 14:11:49     -203.219782        0.079395
BFGS:  295 14:11:49     -203.230622        0.074424
BFGS:  296 14:11:49     -203.241015        0.069591
BFGS:  297 14:11:49     -203.250743        0.065465
BFGS:  298 14:11:49     -203.259739        0.062545
BFGS:  299 14:11:49     -203.267974        0.061066
BFGS:  300 14:11:49     -203.275523        0.061411
BFGS:  301 14:11:49     -203.281912        0.059891
BFGS:  302 14:11:49     -203.290549        0.056539
BFGS:  303 14:11:50     -203.297661        0.050461
BFGS:  304 14:11:50     -203.303826        0.043342
BFGS:  305 14:11:50     -203.309250        0.042874
BFGS:  306 14:11:50     -203.314465        0.043505
BFGS:  307 14:11:50     -203.319375        0.045145
BFGS:  308 14:11:50     -203.323371        0.047231
BFGS:  309 14:11:50     -203.325970        0.048888
BFGS:  310 14:11:50     -203.327380        0.048616
BFGS:  311 14:11:51     -203.328548        0.047279
BFGS:  312 14:11:51     -203.329276        0.046648
BFGS:  313 14:11:51     -203.330203        0.046316
BFGS:  314 14:11:51     -203.331662        0.046894
BFGS:  315 14:11:51     -203.333636        0.047871
BFGS:  316 14:11:51     -203.335281        0.049503
BFGS:  317 14:11:51     -203.336281        0.049304
BFGS:  318 14:11:51     -203.337091        0.049233
BFGS:  319 14:11:52     -203.337847        0.048020
BFGS:  320 14:11:52     -203.338909        0.047071
BFGS:  321 14:11:52     -203.341301        0.044995
BFGS:  322 14:11:52     -203.343310        0.043590
BFGS:  323 14:11:52     -203.344267        0.043615
BFGS:  324 14:11:52     -203.345305        0.044587
BFGS:  325 14:11:52     -203.346352        0.046179
BFGS:  326 14:11:52     -203.347439        0.048054
BFGS:  327 14:11:53     -203.348547        0.049156
BFGS:  328 14:11:53     -203.352203        0.050280
BFGS:  329 14:11:53     -203.359713        0.050390
BFGS:  330 14:11:53     -203.369605        0.059227
BFGS:  331 14:11:53     -203.377085        0.069410
BFGS:  332 14:11:53     -203.383797        0.076637
BFGS:  333 14:11:53     -203.401206        0.079990
BFGS:  334 14:11:53     -203.408775        0.087055
BFGS:  335 14:11:54     -203.429334        0.090312
BFGS:  336 14:11:54     -203.444982        0.088208
BFGS:  337 14:11:54     -203.459712        0.083549
BFGS:  338 14:11:54     -203.475431        0.078100
BFGS:  339 14:11:54     -203.492422        0.072940
BFGS:  340 14:11:54     -203.509961        0.067992
BFGS:  341 14:11:54     -203.527699        0.063307
BFGS:  342 14:11:54     -203.545450        0.062170
BFGS:  343 14:11:54     -203.563089        0.063288
BFGS:  344 14:11:55     -203.580539        0.064312
BFGS:  345 14:11:55     -203.597752        0.065534
BFGS:  346 14:11:55     -203.614675        0.067145
BFGS:  347 14:11:55     -203.631382        0.069123
BFGS:  348 14:11:55     -203.647986        0.071434
BFGS:  349 14:11:55     -203.664417        0.074160
BFGS:  350 14:11:55     -203.680608        0.077351
BFGS:  351 14:11:55     -203.696515        0.080965
BFGS:  352 14:11:56     -203.712123        0.084870
BFGS:  353 14:11:56     -203.727447        0.088916
BFGS:  354 14:11:56     -203.742445        0.093040
BFGS:  355 14:11:56     -203.757117        0.097240
BFGS:  356 14:11:56     -203.771493        0.101514
BFGS:  357 14:11:56     -203.785634        0.105865
BFGS:  358 14:11:56     -203.799646        0.110272
BFGS:  359 14:11:56     -203.813639        0.114709
BFGS:  360 14:11:57     -203.828836        0.118955
BFGS:  361 14:11:57     -203.846432        0.123558
BFGS:  362 14:11:57     -203.867958        0.128255
BFGS:  363 14:11:57     -203.894509        0.133687
BFGS:  364 14:11:57     -203.924858        0.140255
BFGS:  365 14:11:57     -203.955149        0.146280
BFGS:  366 14:11:57     -203.984562        0.153343
BFGS:  367 14:11:57     -204.012860        0.159124
BFGS:  368 14:11:58     -204.040374        0.164686
BFGS:  369 14:11:58     -204.067240        0.168999
BFGS:  370 14:11:58     -204.093547        0.172563
BFGS:  371 14:11:58     -204.119319        0.175053
BFGS:  372 14:11:58     -204.144733        0.176897
BFGS:  373 14:11:58     -204.169990        0.178000
BFGS:  374 14:11:58     -204.195322        0.178928
BFGS:  375 14:11:58     -204.220795        0.179688
BFGS:  376 14:11:59     -204.246778        0.180689
BFGS:  377 14:11:59     -204.273489        0.181806
BFGS:  378 14:11:59     -204.301155        0.183424
BFGS:  379 14:11:59     -204.329942        0.185393
BFGS:  380 14:11:59     -204.360069        0.188046
BFGS:  381 14:11:59     -204.391848        0.191255
BFGS:  382 14:11:59     -204.425621        0.195463
BFGS:  383 14:11:59     -204.461757        0.201031
BFGS:  384 14:12:00     -204.500965        0.209084
BFGS:  385 14:12:00     -204.542568        0.217502
BFGS:  386 14:12:00     -204.585105        0.224216
BFGS:  387 14:12:00     -204.631273        0.230179
BFGS:  388 14:12:00     -204.673703        0.232580
BFGS:  389 14:12:00     -204.716525        0.233063
BFGS:  390 14:12:00     -204.758629        0.231312
BFGS:  391 14:12:00     -204.799417        0.228068
BFGS:  392 14:12:00     -204.838901        0.223697
BFGS:  393 14:12:01     -204.877411        0.220161
BFGS:  394 14:12:01     -204.915171        0.218200
BFGS:  395 14:12:01     -204.952292        0.216068
BFGS:  396 14:12:01     -204.988827        0.213741
BFGS:  397 14:12:01     -205.024796        0.211218
BFGS:  398 14:12:01     -205.060194        0.208427
BFGS:  399 14:12:01     -205.095009        0.205356
BFGS:  400 14:12:01     -205.129226        0.201943
BFGS:  401 14:12:02     -205.162831        0.198216
BFGS:  402 14:12:02     -205.195809        0.194145
BFGS:  403 14:12:02     -205.228153        0.189809
BFGS:  404 14:12:02     -205.259848        0.185193
BFGS:  405 14:12:02     -205.290884        0.180420
BFGS:  406 14:12:02     -205.321246        0.175463
BFGS:  407 14:12:02     -205.350929        0.170482
BFGS:  408 14:12:02     -205.379924        0.165414
BFGS:  409 14:12:03     -205.408243        0.160441
BFGS:  410 14:12:03     -205.435895        0.155412
BFGS:  411 14:12:03     -205.462917        0.150515
BFGS:  412 14:12:03     -205.489328        0.145459
BFGS:  413 14:12:03     -205.515139        0.140470
BFGS:  414 14:12:03     -205.540267        0.134793
BFGS:  415 14:12:03     -205.564800        0.128791
BFGS:  416 14:12:03     -205.588817        0.121938
BFGS:  417 14:12:04     -205.612399        0.115034
BFGS:  418 14:12:04     -205.635508        0.107440
BFGS:  419 14:12:04     -205.658137        0.100318
BFGS:  420 14:12:04     -205.680156        0.093809
BFGS:  421 14:12:04     -205.701551        0.088217
BFGS:  422 14:12:04     -205.722156        0.087787
BFGS:  423 14:12:04     -205.742020        0.089081
BFGS:  424 14:12:04     -205.760922        0.089903
BFGS:  425 14:12:05     -205.779032        0.090732
BFGS:  426 14:12:05     -205.796049        0.090814
BFGS:  427 14:12:05     -205.812157        0.090984
BFGS:  428 14:12:05     -205.826513        0.090326
BFGS:  429 14:12:05     -205.839728        0.089983
BFGS:  430 14:12:05     -205.852475        0.089167
BFGS:  431 14:12:05     -205.865039        0.088776
BFGS:  432 14:12:05     -205.877432        0.088239
BFGS:  433 14:12:05     -205.889166        0.089584
BFGS:  434 14:12:06     -205.900138        0.089303
BFGS:  435 14:12:06     -205.910640        0.088600
BFGS:  436 14:12:06     -205.921295        0.086114
BFGS:  437 14:12:06     -205.932304        0.084432
BFGS:  438 14:12:06     -205.943738        0.080197
BFGS:  439 14:12:06     -205.955364        0.076858
BFGS:  440 14:12:06     -205.966949        0.070060
BFGS:  441 14:12:06     -205.978090        0.064478
BFGS:  442 14:12:07     -205.988477        0.060844
BFGS:  443 14:12:07     -205.997725        0.057654
BFGS:  444 14:12:07     -206.005643        0.054648
BFGS:  445 14:12:07     -206.012044        0.050541
BFGS:  446 14:12:07     -206.016945        0.048846
BFGS:  447 14:12:07     -206.022917        0.049172
BFGS:  448 14:12:07     -206.028148        0.049137
BFGS:  449 14:12:07     -206.033413        0.048161
BFGS:  450 14:12:08     -206.038781        0.047110
BFGS:  451 14:12:08     -206.043938        0.046158
BFGS:  452 14:12:08     -206.048982        0.045259
BFGS:  453 14:12:08     -206.053923        0.044414
BFGS:  454 14:12:08     -206.058743        0.043617
BFGS:  455 14:12:08     -206.063421        0.042920
BFGS:  456 14:12:08     -206.067950        0.042342
BFGS:  457 14:12:08     -206.072337        0.041916
BFGS:  458 14:12:09     -206.076601        0.041647
BFGS:  459 14:12:09     -206.080767        0.041548
BFGS:  460 14:12:09     -206.084880        0.041937
BFGS:  461 14:12:09     -206.089032        0.044492
BFGS:  462 14:12:09     -206.093474        0.047320
BFGS:  463 14:12:09     -206.098905        0.049811
BFGS:  464 14:12:09     -206.105835        0.052985
BFGS:  465 14:12:09     -206.114916        0.055851
BFGS:  466 14:12:10     -206.121705        0.052144
BFGS:  467 14:12:10     -206.126902        0.045369
BFGS:  468 14:12:10     -206.131197        0.039021
BFGS:  469 14:12:10     -206.134643        0.034985
BFGS:  470 14:12:10     -206.136845        0.039539
BFGS:  471 14:12:10     -206.138420        0.041327
BFGS:  472 14:12:10     -206.140560        0.041361
BFGS:  473 14:12:10     -206.141916        0.039557
BFGS:  474 14:12:10     -206.143382        0.036279
BFGS:  475 14:12:11     -206.145399        0.030096
BFGS:  476 14:12:11     -206.147992        0.028155
BFGS:  477 14:12:11     -206.149933        0.026962
BFGS:  478 14:12:11     -206.151063        0.026859
BFGS:  479 14:12:11     -206.151549        0.026382
BFGS:  480 14:12:11     -206.151991        0.026485
BFGS:  481 14:12:11     -206.152747        0.026481
BFGS:  482 14:12:11     -206.153538        0.026509
BFGS:  483 14:12:12     -206.154518        0.026137
BFGS:  484 14:12:12     -206.155531        0.025281
BFGS:  485 14:12:12     -206.156380        0.023908
BFGS:  486 14:12:12     -206.156879        0.022687
BFGS:  487 14:12:12     -206.157189        0.021814
BFGS:  488 14:12:12     -206.157501        0.021157
BFGS:  489 14:12:12     -206.157882        0.020673
BFGS:  490 14:12:12     -206.158271        0.020594
BFGS:  491 14:12:13     -206.158591        0.020865
BFGS:  492 14:12:13     -206.158854        0.021260
BFGS:  493 14:12:13     -206.159133        0.021608
BFGS:  494 14:12:13     -206.159468        0.021848
BFGS:  495 14:12:13     -206.159840        0.021887
BFGS:  496 14:12:13     -206.160265        0.021749
BFGS:  497 14:12:13     -206.160836        0.021438
BFGS:  498 14:12:13     -206.161713        0.020954
BFGS:  499 14:12:14     -206.162945        0.020324
BFGS:  500 14:12:14     -206.164133        0.019856
BFGS:  501 14:12:14     -206.164721        0.019890
BFGS:  502 14:12:14     -206.164899        0.020080
BFGS:  503 14:12:14     -206.165007        0.020192
BFGS:  504 14:12:14     -206.165201        0.020280
BFGS:  505 14:12:14     -206.165634        0.020269
BFGS:  506 14:12:14     -206.166651        0.019994
BFGS:  507 14:12:15     -206.168937        0.019073
BFGS:  508 14:12:15     -206.172545        0.017429
BFGS:  509 14:12:15     -206.177174        0.017626
BFGS:  510 14:12:15     -206.181671        0.019000
BFGS:  511 14:12:15     -206.184998        0.018895
BFGS:  512 14:12:15     -206.187476        0.019973
BFGS:  513 14:12:15     -206.189224        0.021998
BFGS:  514 14:12:15     -206.190397        0.023110
BFGS:  515 14:12:16     -206.191277        0.023014
BFGS:  516 14:12:16     -206.192862        0.021626
BFGS:  517 14:12:16     -206.195840        0.018244
BFGS:  518 14:12:16     -206.200126        0.013918
BFGS:  519 14:12:16     -206.204140        0.009318
BFGS:  520 14:12:16     -206.205771        0.005293
BFGS:  521 14:12:16     -206.206152        0.002217
BFGS:  522 14:12:16     -206.206228        0.001178
BFGS:  523 14:12:17     -206.206240        0.000877
