      Step     Time          Energy          fmax
BFGS:    0 05:30:11     -330.134543        4.551500
BFGS:    1 05:30:11     -342.489287        3.707279
BFGS:    2 05:30:11     -364.710667        3.089491
BFGS:    3 05:30:11     -373.029269        2.754882
BFGS:    4 05:30:12     -376.453695        2.566559
BFGS:    5 05:30:12     -380.149509        2.377010
BFGS:    6 05:30:12     -383.858387        2.213851
BFGS:    7 05:30:12     -387.540680        2.072103
BFGS:    8 05:30:13     -390.866103        1.949208
BFGS:    9 05:30:13     -393.514218        1.848870
BFGS:   10 05:30:13     -395.306865        1.772663
BFGS:   11 05:30:13     -396.561808        1.711306
BFGS:   12 05:30:14     -397.752197        1.653966
BFGS:   13 05:30:14     -398.993204        1.596556
BFGS:   14 05:30:14     -400.234584        1.538785
BFGS:   15 05:30:14     -401.391232        1.481820
BFGS:   16 05:30:15     -402.392662        1.427073
BFGS:   17 05:30:15     -403.230248        1.375724
BFGS:   18 05:30:15     -403.964186        1.328437
BFGS:   19 05:30:15     -404.668485        1.285589
BFGS:   20 05:30:16     -405.387967        1.247314
BFGS:   21 05:30:16     -406.139476        1.213390
BFGS:   22 05:30:16     -406.923395        1.183043
BFGS:   23 05:30:16     -407.732362        1.156035
BFGS:   24 05:30:17     -408.558870        1.132312
BFGS:   25 05:30:17     -409.395393        1.112157
BFGS:   26 05:30:17     -410.229478        1.095782
BFGS:   27 05:30:17     -411.047399        1.083357
BFGS:   28 05:30:18     -411.837271        1.075155
BFGS:   29 05:30:18     -412.577225        1.070491
BFGS:   30 05:30:18     -413.238020        1.068299
BFGS:   31 05:30:18     -413.817678        1.064105
BFGS:   32 05:30:19     -414.377073        1.050629
BFGS:   33 05:30:19     -414.967577        1.030729
BFGS:   34 05:30:19     -415.584767        1.009242
BFGS:   35 05:30:19     -416.205151        0.988533
BFGS:   36 05:30:20     -416.808207        0.969208
BFGS:   37 05:30:20     -417.381193        0.951103
BFGS:   38 05:30:20     -417.917976        0.934016
BFGS:   39 05:30:20     -418.416241        0.917789
BFGS:   40 05:30:21     -418.875815        0.902418
BFGS:   41 05:30:21     -419.297300        0.887988
BFGS:   42 05:30:21     -419.681703        0.874541
BFGS:   43 05:30:21     -420.030934        0.862059
BFGS:   44 05:30:22     -420.348050        0.850451
BFGS:   45 05:30:22     -420.637170        0.839593
BFGS:   46 05:30:22     -420.903047        0.829330
BFGS:   47 05:30:22     -421.150738        0.819501
BFGS:   48 05:30:23     -421.385219        0.809971
BFGS:   49 05:30:23     -421.611044        0.800648
BFGS:   50 05:30:23     -421.832084        0.791464
BFGS:   51 05:30:23     -422.051411        0.782372
BFGS:   52 05:30:24     -422.271274        0.773382
BFGS:   53 05:30:24     -422.493125        0.764508
BFGS:   54 05:30:24     -422.717815        0.755767
BFGS:   55 05:30:24     -422.945721        0.747173
BFGS:   56 05:30:25     -423.176914        0.738738
BFGS:   57 05:30:25     -423.411261        0.730472
BFGS:   58 05:30:25     -423.648473        0.722386
BFGS:   59 05:30:25     -423.888142        0.714486
BFGS:   60 05:30:26     -424.129766        0.706773
BFGS:   61 05:30:26     -424.372779        0.699243
BFGS:   62 05:30:26     -424.616581        0.691903
BFGS:   63 05:30:26     -424.860528        0.684739
BFGS:   64 05:30:27     -425.103948        0.677728
BFGS:   65 05:30:27     -425.346163        0.670860
BFGS:   66 05:30:27     -425.586508        0.664170
BFGS:   67 05:30:27     -425.824464        0.657613
BFGS:   68 05:30:28     -426.059519        0.651142
BFGS:   69 05:30:28     -426.291163        0.644718
BFGS:   70 05:30:28     -426.518880        0.638313
BFGS:   71 05:30:28     -426.742142        0.631915
BFGS:   72 05:30:29     -426.960458        0.625529
BFGS:   73 05:30:29     -427.173352        0.619173
BFGS:   74 05:30:29     -427.380392        0.612871
BFGS:   75 05:30:29     -427.581233        0.606648
BFGS:   76 05:30:30     -427.775627        0.600516
BFGS:   77 05:30:30     -427.963422        0.594469
BFGS:   78 05:30:30     -428.144539        0.588486
BFGS:   79 05:30:30     -428.318949        0.582533
BFGS:   80 05:30:31     -428.486681        0.576605
BFGS:   81 05:30:31     -428.647809        0.570740
BFGS:   82 05:30:31     -428.802463        0.564975
BFGS:   83 05:30:31     -428.950792        0.559329
BFGS:   84 05:30:32     -429.092992        0.553804
BFGS:   85 05:30:32     -429.229336        0.548387
BFGS:   86 05:30:32     -429.360194        0.543045
BFGS:   87 05:30:32     -429.486027        0.537726
BFGS:   88 05:30:33     -429.607430        0.532404
BFGS:   89 05:30:33     -429.725057        0.527073
BFGS:   90 05:30:33     -429.839568        0.521732
BFGS:   91 05:30:33     -429.951618        0.516391
BFGS:   92 05:30:34     -430.061840        0.511064
BFGS:   93 05:30:34     -430.170861        0.505776
BFGS:   94 05:30:34     -430.279293        0.500549
BFGS:   95 05:30:34     -430.387726        0.495402
BFGS:   96 05:30:35     -430.496710        0.490350
BFGS:   97 05:30:35     -430.606743        0.485405
BFGS:   98 05:30:35     -430.718256        0.480572
BFGS:   99 05:30:35     -430.831611        0.475848
BFGS:  100 05:30:36     -430.947089        0.471223
BFGS:  101 05:30:36     -431.064956        0.466684
BFGS:  102 05:30:36     -431.185515        0.462207
BFGS:  103 05:30:36     -431.309120        0.457778
BFGS:  104 05:30:37     -431.436137        0.453387
BFGS:  105 05:30:37     -431.566923        0.449024
BFGS:  106 05:30:37     -431.701845        0.444686
BFGS:  107 05:30:37     -431.841318        0.440370
BFGS:  108 05:30:38     -431.985855        0.436090
BFGS:  109 05:30:38     -432.136046        0.431858
BFGS:  110 05:30:38     -432.292476        0.427688
BFGS:  111 05:30:38     -432.455607        0.423584
BFGS:  112 05:30:39     -432.625709        0.419532
BFGS:  113 05:30:39     -432.802994        0.415506
BFGS:  114 05:30:39     -432.987737        0.431551
BFGS:  115 05:30:39     -433.180159        0.471559
BFGS:  116 05:30:40     -433.380164        0.509240
BFGS:  117 05:30:40     -433.587150        0.543357
BFGS:  118 05:30:40     -433.799889        0.572722
BFGS:  119 05:30:40     -434.016531        0.596225
BFGS:  120 05:30:41     -434.235105        0.612861
BFGS:  121 05:30:41     -434.453209        0.621756
BFGS:  122 05:30:41     -434.668060        0.622196
BFGS:  123 05:30:41     -434.876797        0.613666
BFGS:  124 05:30:42     -435.077103        0.595952
BFGS:  125 05:30:42     -435.267772        0.569291
BFGS:  126 05:30:42     -435.448720        0.534397
BFGS:  127 05:30:42     -435.620571        0.492382
BFGS:  128 05:30:43     -435.784073        0.444632
BFGS:  129 05:30:43     -435.939994        0.392756
BFGS:  130 05:30:43     -436.089180        0.353763
BFGS:  131 05:30:43     -436.232607        0.363147
BFGS:  132 05:30:44     -436.371582        0.372363
BFGS:  133 05:30:44     -436.507603        0.380649
BFGS:  134 05:30:44     -436.642203        0.387307
BFGS:  135 05:30:44     -436.776783        0.391743
BFGS:  136 05:30:45     -436.912423        0.393481
BFGS:  137 05:30:45     -437.049767        0.392171
BFGS:  138 05:30:45     -437.189005        0.387595
BFGS:  139 05:30:45     -437.329682        0.379699
BFGS:  140 05:30:46     -437.470998        0.368567
BFGS:  141 05:30:46     -437.612227        0.354345
BFGS:  142 05:30:46     -437.752647        0.337203
BFGS:  143 05:30:46     -437.891539        0.317353
BFGS:  144 05:30:47     -438.028205        0.312861
BFGS:  145 05:30:47     -438.161994        0.308566
BFGS:  146 05:30:47     -438.292320        0.308985
BFGS:  147 05:30:47     -438.418698        0.311032
BFGS:  148 05:30:48     -438.540961        0.309574
BFGS:  149 05:30:48     -438.659035        0.304659
BFGS:  150 05:30:48     -438.772848        0.296354
BFGS:  151 05:30:48     -438.882262        0.284809
BFGS:  152 05:30:49     -438.987110        0.270306
BFGS:  153 05:30:49     -439.087150        0.253276
BFGS:  154 05:30:49     -439.182345        0.242852
BFGS:  155 05:30:49     -439.272792        0.240519
BFGS:  156 05:30:50     -439.358802        0.238247
BFGS:  157 05:30:50     -439.441014        0.236029
BFGS:  158 05:30:50     -439.520512        0.233840
BFGS:  159 05:30:50     -439.598943        0.231641
BFGS:  160 05:30:50     -439.678677        0.229378
BFGS:  161 05:30:51     -439.763027        0.226972
BFGS:  162 05:30:51     -439.856701        0.228952
BFGS:  163 05:30:51     -439.966223        0.255056
BFGS:  164 05:30:51     -440.101037        0.269112
BFGS:  165 05:30:52     -440.274653        0.310250
BFGS:  166 05:30:52     -440.398251        0.284638
BFGS:  167 05:30:52     -440.524505        0.220266
BFGS:  168 05:30:52     -440.594906        0.199508
BFGS:  169 05:30:53     -440.658787        0.195752
BFGS:  170 05:30:53     -440.710584        0.191795
BFGS:  171 05:30:53     -440.754142        0.188368
BFGS:  172 05:30:53     -440.795580        0.185164
BFGS:  173 05:30:54     -440.836137        0.182085
BFGS:  174 05:30:54     -440.876111        0.179085
BFGS:  175 05:30:54     -440.915523        0.177056
BFGS:  176 05:30:54     -440.954302        0.175584
BFGS:  177 05:30:55     -440.992342        0.174194
BFGS:  178 05:30:55     -441.029563        0.172884
BFGS:  179 05:30:55     -441.065920        0.171642
BFGS:  180 05:30:55     -441.101422        0.170455
BFGS:  181 05:30:56     -441.136150        0.169315
BFGS:  182 05:30:56     -441.170265        0.168375
BFGS:  183 05:30:56     -441.204040        0.170443
BFGS:  184 05:30:56     -441.237889        0.172635
BFGS:  185 05:30:57     -441.272427        0.174958
BFGS:  186 05:30:57     -441.308571        0.177415
BFGS:  187 05:30:57     -441.347752        0.179995
BFGS:  188 05:30:57     -441.392401        0.182655
BFGS:  189 05:30:58     -441.447384        0.185174
BFGS:  190 05:30:58     -441.516263        0.186258
BFGS:  191 05:30:58     -441.571210        0.184383
BFGS:  192 05:30:58     -441.628081        0.180705
BFGS:  193 05:30:59     -441.670105        0.177072
BFGS:  194 05:30:59     -441.712929        0.172787
BFGS:  195 05:30:59     -441.753277        0.169881
BFGS:  196 05:30:59     -441.810088        0.168710
BFGS:  197 05:31:00     -441.852204        0.170041
BFGS:  198 05:31:00     -441.886989        0.172074
BFGS:  199 05:31:00     -441.920091        0.174337
BFGS:  200 05:31:00     -441.954013        0.176661
BFGS:  201 05:31:00     -441.991193        0.178966
BFGS:  202 05:31:01     -442.034148        0.181202
BFGS:  203 05:31:01     -442.084809        0.183313
BFGS:  204 05:31:01     -442.143818        0.185237
BFGS:  205 05:31:01     -442.210481        0.186927
BFGS:  206 05:31:02     -442.283177        0.188362
BFGS:  207 05:31:02     -442.359351        0.189541
BFGS:  208 05:31:02     -442.435226        0.190469
BFGS:  209 05:31:02     -442.506051        0.191137
BFGS:  210 05:31:03     -442.567407        0.191508
BFGS:  211 05:31:03     -442.617723        0.191497
BFGS:  212 05:31:03     -442.660980        0.191051
BFGS:  213 05:31:03     -442.703415        0.190370
BFGS:  214 05:31:04     -442.747026        0.189773
BFGS:  215 05:31:04     -442.791396        0.189434
BFGS:  216 05:31:04     -442.836028        0.189391
BFGS:  217 05:31:04     -442.880732        0.189616
BFGS:  218 05:31:05     -442.925464        0.190066
BFGS:  219 05:31:05     -442.970171        0.190692
BFGS:  220 05:31:05     -443.014739        0.191459
BFGS:  221 05:31:05     -443.058913        0.192320
BFGS:  222 05:31:06     -443.102384        0.193224
BFGS:  223 05:31:06     -443.145128        0.194136
BFGS:  224 05:31:06     -443.187208        0.195023
BFGS:  225 05:31:06     -443.228676        0.195852
BFGS:  226 05:31:07     -443.269626        0.196577
BFGS:  227 05:31:07     -443.310236        0.197168
BFGS:  228 05:31:07     -443.350786        0.197617
BFGS:  229 05:31:07     -443.391615        0.199735
BFGS:  230 05:31:08     -443.432977        0.204757
BFGS:  231 05:31:08     -443.474839        0.209440
BFGS:  232 05:31:08     -443.516851        0.213841
BFGS:  233 05:31:08     -443.558523        0.217972
BFGS:  234 05:31:09     -443.599444        0.221800
BFGS:  235 05:31:09     -443.639407        0.225271
BFGS:  236 05:31:09     -443.678401        0.228342
BFGS:  237 05:31:09     -443.716592        0.230989
BFGS:  238 05:31:09     -443.754227        0.233208
BFGS:  239 05:31:10     -443.791638        0.235017
BFGS:  240 05:31:10     -443.829263        0.236474
BFGS:  241 05:31:10     -443.867420        0.237636
BFGS:  242 05:31:10     -443.906335        0.238508
BFGS:  243 05:31:11     -443.946130        0.239072
BFGS:  244 05:31:11     -443.986842        0.239301
BFGS:  245 05:31:11     -444.028449        0.239161
BFGS:  246 05:31:11     -444.070931        0.238634
BFGS:  247 05:31:12     -444.114302        0.237717
BFGS:  248 05:31:12     -444.158631        0.236415
BFGS:  249 05:31:12     -444.204034        0.234745
BFGS:  250 05:31:12     -444.250662        0.232730
BFGS:  251 05:31:13     -444.298685        0.230400
BFGS:  252 05:31:13     -444.348261        0.227792
BFGS:  253 05:31:13     -444.399505        0.224921
BFGS:  254 05:31:13     -444.452443        0.221819
BFGS:  255 05:31:14     -444.507013        0.218532
BFGS:  256 05:31:14     -444.563091        0.215029
BFGS:  257 05:31:14     -444.620591        0.211362
BFGS:  258 05:31:14     -444.679438        0.207624
BFGS:  259 05:31:15     -444.739582        0.203932
BFGS:  260 05:31:15     -444.801010        0.200427
BFGS:  261 05:31:15     -444.863718        0.197275
BFGS:  262 05:31:15     -444.927662        0.194643
BFGS:  263 05:31:16     -444.992693        0.192677
BFGS:  264 05:31:16     -445.058527        0.191451
BFGS:  265 05:31:16     -445.124779        0.190913
BFGS:  266 05:31:16     -445.191049        0.190867
BFGS:  267 05:31:17     -445.257049        0.200270
BFGS:  268 05:31:17     -445.322712        0.210160
BFGS:  269 05:31:17     -445.388263        0.218646
BFGS:  270 05:31:17     -445.454209        0.225405
BFGS:  271 05:31:18     -445.521364        0.230135
BFGS:  272 05:31:18     -445.590807        0.232456
BFGS:  273 05:31:18     -445.663821        0.231914
BFGS:  274 05:31:18     -445.741714        0.228006
BFGS:  275 05:31:19     -445.825506        0.220286
BFGS:  276 05:31:19     -445.915436        0.208615
BFGS:  277 05:31:19     -446.010395        0.214546
BFGS:  278 05:31:19     -446.110216        0.234145
BFGS:  279 05:31:19     -446.215593        0.249246
BFGS:  280 05:31:20     -446.326506        0.256415
BFGS:  281 05:31:20     -446.445482        0.250514
BFGS:  282 05:31:20     -446.575625        0.224045
BFGS:  283 05:31:20     -446.712249        0.246546
BFGS:  284 05:31:21     -446.830836        0.248623
BFGS:  285 05:31:21     -446.916894        0.231110
BFGS:  286 05:31:21     -446.975104        0.216810
BFGS:  287 05:31:21     -447.022633        0.207607
BFGS:  288 05:31:22     -447.066162        0.201002
BFGS:  289 05:31:22     -447.108204        0.195498
BFGS:  290 05:31:22     -447.149872        0.190337
BFGS:  291 05:31:22     -447.191700        0.185137
BFGS:  292 05:31:23     -447.233947        0.179710
BFGS:  293 05:31:23     -447.276720        0.180108
BFGS:  294 05:31:23     -447.320042        0.179721
BFGS:  295 05:31:23     -447.363886        0.178428
BFGS:  296 05:31:24     -447.408193        0.176334
BFGS:  297 05:31:24     -447.452878        0.173526
BFGS:  298 05:31:24     -447.497836        0.170081
BFGS:  299 05:31:24     -447.542950        0.166067
BFGS:  300 05:31:25     -447.588091        0.161546
BFGS:  301 05:31:25     -447.633130        0.156573
BFGS:  302 05:31:25     -447.677938        0.151198
BFGS:  303 05:31:25     -447.722402        0.145461
BFGS:  304 05:31:26     -447.766425        0.139389
BFGS:  305 05:31:26     -447.809927        0.134744
BFGS:  306 05:31:26     -447.852845        0.135839
BFGS:  307 05:31:26     -447.895120        0.136716
BFGS:  308 05:31:27     -447.936688        0.137361
BFGS:  309 05:31:27     -447.977473        0.137753
BFGS:  310 05:31:27     -448.017390        0.137871
BFGS:  311 05:31:27     -448.056356        0.137690
BFGS:  312 05:31:28     -448.094285        0.137185
BFGS:  313 05:31:28     -448.131098        0.136329
BFGS:  314 05:31:28     -448.166726        0.135101
BFGS:  315 05:31:28     -448.201107        0.133466
BFGS:  316 05:31:29     -448.234197        0.131392
BFGS:  317 05:31:29     -448.265974        0.128842
BFGS:  318 05:31:29     -448.296449        0.125779
BFGS:  319 05:31:29     -448.325676        0.124049
BFGS:  320 05:31:30     -448.353758        0.122992
BFGS:  321 05:31:30     -448.380846        0.121877
BFGS:  322 05:31:30     -448.407140        0.121639
BFGS:  323 05:31:30     -448.432876        0.126235
BFGS:  324 05:31:31     -448.458332        0.130183
BFGS:  325 05:31:31     -448.483828        0.133312
BFGS:  326 05:31:31     -448.509765        0.135407
BFGS:  327 05:31:31     -448.536694        0.136148
BFGS:  328 05:31:32     -448.565459        0.134955
BFGS:  329 05:31:32     -448.597513        0.130694
BFGS:  330 05:31:32     -448.635749        0.120858
BFGS:  331 05:31:32     -448.687630        0.117636
BFGS:  332 05:31:32     -448.740931        0.158367
BFGS:  333 05:31:33     -448.805829        0.178499
BFGS:  334 05:31:33     -448.845569        0.173966
BFGS:  335 05:31:33     -448.879112        0.160855
BFGS:  336 05:31:33     -448.909589        0.143236
BFGS:  337 05:31:34     -448.939611        0.122284
BFGS:  338 05:31:34     -448.974012        0.108660
BFGS:  339 05:31:34     -449.004999        0.107403
BFGS:  340 05:31:34     -449.043911        0.109342
BFGS:  341 05:31:35     -449.074473        0.115390
BFGS:  342 05:31:35     -449.102801        0.119506
BFGS:  343 05:31:35     -449.130398        0.122098
BFGS:  344 05:31:35     -449.157890        0.123432
BFGS:  345 05:31:36     -449.185569        0.123649
BFGS:  346 05:31:36     -449.213577        0.122792
BFGS:  347 05:31:36     -449.241911        0.120888
BFGS:  348 05:31:36     -449.270466        0.117961
BFGS:  349 05:31:37     -449.299081        0.114079
BFGS:  350 05:31:37     -449.327728        0.109283
BFGS:  351 05:31:37     -449.356675        0.103540
BFGS:  352 05:31:37     -449.386717        0.111505
BFGS:  353 05:31:38     -449.419762        0.119255
BFGS:  354 05:31:38     -449.453841        0.113770
BFGS:  355 05:31:38     -449.486783        0.114546
BFGS:  356 05:31:38     -449.522133        0.106189
BFGS:  357 05:31:39     -449.548699        0.108468
BFGS:  358 05:31:39     -449.572601        0.106687
BFGS:  359 05:31:39     -449.593053        0.093388
BFGS:  360 05:31:39     -449.612375        0.077000
BFGS:  361 05:31:40     -449.632765        0.085142
BFGS:  362 05:31:40     -449.648242        0.085348
BFGS:  363 05:31:40     -449.662002        0.082572
BFGS:  364 05:31:40     -449.674753        0.077922
BFGS:  365 05:31:41     -449.686862        0.074922
BFGS:  366 05:31:41     -449.698483        0.073572
BFGS:  367 05:31:41     -449.709806        0.071223
BFGS:  368 05:31:41     -449.720939        0.067826
BFGS:  369 05:31:42     -449.732122        0.066386
BFGS:  370 05:31:42     -449.743662        0.066811
BFGS:  371 05:31:42     -449.753273        0.064294
BFGS:  372 05:31:42     -449.760709        0.059101
BFGS:  373 05:31:43     -449.767534        0.054916
BFGS:  374 05:31:43     -449.773054        0.057943
BFGS:  375 05:31:43     -449.778222        0.060688
BFGS:  376 05:31:43     -449.783634        0.062849
BFGS:  377 05:31:44     -449.789672        0.064753
BFGS:  378 05:31:44     -449.797274        0.065724
BFGS:  379 05:31:44     -449.807666        0.065221
BFGS:  380 05:31:44     -449.815675        0.061207
BFGS:  381 05:31:45     -449.821740        0.058042
BFGS:  382 05:31:45     -449.826349        0.055386
BFGS:  383 05:31:45     -449.830607        0.055333
BFGS:  384 05:31:45     -449.834686        0.055779
BFGS:  385 05:31:46     -449.838830        0.055837
BFGS:  386 05:31:46     -449.843096        0.055803
BFGS:  387 05:31:46     -449.847620        0.055497
BFGS:  388 05:31:46     -449.852459        0.055072
BFGS:  389 05:31:47     -449.857757        0.054374
BFGS:  390 05:31:47     -449.863672        0.053444
BFGS:  391 05:31:47     -449.870615        0.054102
BFGS:  392 05:31:47     -449.876284        0.057370
BFGS:  393 05:31:48     -449.881433        0.060257
BFGS:  394 05:31:48     -449.884991        0.061182
BFGS:  395 05:31:48     -449.888075        0.061273
BFGS:  396 05:31:48     -449.890934        0.060591
BFGS:  397 05:31:49     -449.893630        0.059278
BFGS:  398 05:31:49     -449.896323        0.056978
BFGS:  399 05:31:49     -449.899366        0.053309
BFGS:  400 05:31:49     -449.902592        0.054621
BFGS:  401 05:31:50     -449.908845        0.055721
BFGS:  402 05:31:50     -449.913456        0.055452
BFGS:  403 05:31:50     -449.917816        0.054313
BFGS:  404 05:31:50     -449.922543        0.052885
BFGS:  405 05:31:50     -449.928234        0.050598
BFGS:  406 05:31:51     -449.935727        0.058735
BFGS:  407 05:31:51     -449.943761        0.063468
BFGS:  408 05:31:51     -449.956931        0.058080
BFGS:  409 05:31:51     -449.967109        0.057722
BFGS:  410 05:31:52     -449.973916        0.052796
BFGS:  411 05:31:52     -449.978075        0.049258
BFGS:  412 05:31:52     -449.981559        0.046268
BFGS:  413 05:31:52     -449.985010        0.046088
BFGS:  414 05:31:53     -449.989281        0.046886
BFGS:  415 05:31:53     -449.995487        0.050045
BFGS:  416 05:31:53     -450.000808        0.052302
BFGS:  417 05:31:53     -450.007567        0.053867
BFGS:  418 05:31:54     -450.012586        0.052722
BFGS:  419 05:31:54     -450.018278        0.048869
BFGS:  420 05:31:54     -450.022354        0.044642
BFGS:  421 05:31:54     -450.026934        0.039926
BFGS:  422 05:31:55     -450.030007        0.039820
BFGS:  423 05:31:55     -450.033198        0.041030
BFGS:  424 05:31:55     -450.036893        0.041136
BFGS:  425 05:31:55     -450.041354        0.039777
BFGS:  426 05:31:56     -450.046883        0.038459
BFGS:  427 05:31:56     -450.053864        0.039003
BFGS:  428 05:31:56     -450.057661        0.038523
BFGS:  429 05:31:56     -450.061392        0.037625
BFGS:  430 05:31:57     -450.064300        0.036839
BFGS:  431 05:31:57     -450.067114        0.036207
BFGS:  432 05:31:57     -450.070387        0.035852
BFGS:  433 05:31:57     -450.074285        0.036249
BFGS:  434 05:31:58     -450.079277        0.037736
BFGS:  435 05:31:58     -450.083810        0.039616
BFGS:  436 05:31:58     -450.086848        0.040856
BFGS:  437 05:31:58     -450.089433        0.041843
BFGS:  438 05:31:59     -450.091547        0.042438
BFGS:  439 05:31:59     -450.093180        0.042484
BFGS:  440 05:31:59     -450.095561        0.042161
BFGS:  441 05:31:59     -450.097706        0.041958
BFGS:  442 05:32:00     -450.100585        0.042013
BFGS:  443 05:32:00     -450.104473        0.043040
BFGS:  444 05:32:00     -450.109343        0.045096
BFGS:  445 05:32:00     -450.113037        0.047150
BFGS:  446 05:32:01     -450.116051        0.048597
BFGS:  447 05:32:01     -450.117997        0.049247
BFGS:  448 05:32:01     -450.119652        0.048916
BFGS:  449 05:32:01     -450.121870        0.047988
BFGS:  450 05:32:02     -450.124498        0.046316
BFGS:  451 05:32:02     -450.127792        0.044175
BFGS:  452 05:32:02     -450.131477        0.041891
BFGS:  453 05:32:02     -450.135098        0.039983
BFGS:  454 05:32:03     -450.137443        0.039084
BFGS:  455 05:32:03     -450.139799        0.038285
BFGS:  456 05:32:03     -450.142408        0.037295
BFGS:  457 05:32:03     -450.145352        0.035812
BFGS:  458 05:32:04     -450.148006        0.033772
BFGS:  459 05:32:04     -450.149584        0.032588
BFGS:  460 05:32:04     -450.151827        0.032884
BFGS:  461 05:32:04     -450.153956        0.033058
BFGS:  462 05:32:05     -450.157143        0.032943
BFGS:  463 05:32:05     -450.162463        0.032365
BFGS:  464 05:32:05     -450.167566        0.031562
BFGS:  465 05:32:05     -450.170490        0.031163
BFGS:  466 05:32:05     -450.172621        0.030930
BFGS:  467 05:32:06     -450.174414        0.030727
BFGS:  468 05:32:06     -450.176079        0.030485
BFGS:  469 05:32:06     -450.177946        0.030122
BFGS:  470 05:32:06     -450.180460        0.029557
BFGS:  471 05:32:07     -450.184243        0.028703
BFGS:  472 05:32:07     -450.188606        0.027912
BFGS:  473 05:32:07     -450.191724        0.031120
BFGS:  474 05:32:07     -450.193594        0.034210
BFGS:  475 05:32:08     -450.194992        0.031873
BFGS:  476 05:32:08     -450.196669        0.030731
BFGS:  477 05:32:08     -450.199122        0.031851
BFGS:  478 05:32:08     -450.201934        0.032491
BFGS:  479 05:32:09     -450.205144        0.032392
BFGS:  480 05:32:09     -450.206923        0.031452
BFGS:  481 05:32:09     -450.208003        0.030246
BFGS:  482 05:32:09     -450.208832        0.029252
BFGS:  483 05:32:10     -450.210185        0.027901
BFGS:  484 05:32:10     -450.212272        0.026243
BFGS:  485 05:32:10     -450.214920        0.024638
BFGS:  486 05:32:10     -450.216948        0.024021
BFGS:  487 05:32:11     -450.217978        0.024272
BFGS:  488 05:32:11     -450.218713        0.024836
BFGS:  489 05:32:11     -450.219914        0.024608
BFGS:  490 05:32:11     -450.222007        0.023897
BFGS:  491 05:32:12     -450.224780        0.021944
BFGS:  492 05:32:12     -450.227014        0.020718
BFGS:  493 05:32:12     -450.228181        0.025707
BFGS:  494 05:32:12     -450.229021        0.026776
BFGS:  495 05:32:13     -450.230374        0.023858
BFGS:  496 05:32:13     -450.232413        0.015605
BFGS:  497 05:32:13     -450.234361        0.014486
BFGS:  498 05:32:13     -450.235330        0.015107
BFGS:  499 05:32:14     -450.235749        0.018948
BFGS:  500 05:32:14     -450.236239        0.020557
BFGS:  501 05:32:14     -450.237190        0.020757
BFGS:  502 05:32:14     -450.238824        0.017750
BFGS:  503 05:32:15     -450.240850        0.015273
BFGS:  504 05:32:15     -450.242306        0.014137
BFGS:  505 05:32:15     -450.242946        0.017205
BFGS:  506 05:32:15     -450.243316        0.018266
BFGS:  507 05:32:16     -450.243932        0.018427
BFGS:  508 05:32:16     -450.245196        0.017301
BFGS:  509 05:32:16     -450.247466        0.013146
BFGS:  510 05:32:16     -450.250245        0.015567
BFGS:  511 05:32:17     -450.252027        0.012927
BFGS:  512 05:32:17     -450.252568        0.011117
BFGS:  513 05:32:17     -450.252719        0.010790
BFGS:  514 05:32:17     -450.252901        0.010538
BFGS:  515 05:32:18     -450.253314        0.010082
BFGS:  516 05:32:18     -450.254086        0.009494
BFGS:  517 05:32:18     -450.255204        0.011611
BFGS:  518 05:32:18     -450.256129        0.010638
BFGS:  519 05:32:19     -450.256519        0.009209
BFGS:  520 05:32:19     -450.256646        0.009476
BFGS:  521 05:32:19     -450.256768        0.009656
BFGS:  522 05:32:19     -450.257040        0.009875
BFGS:  523 05:32:20     -450.257570        0.009968
BFGS:  524 05:32:20     -450.258439        0.010333
BFGS:  525 05:32:20     -450.259330        0.009134
BFGS:  526 05:32:20     -450.259793        0.008643
BFGS:  527 05:32:20     -450.259930        0.008659
BFGS:  528 05:32:21     -450.260004        0.008262
BFGS:  529 05:32:21     -450.260141        0.008262
BFGS:  530 05:32:21     -450.260420        0.008332
BFGS:  531 05:32:21     -450.260947        0.008420
BFGS:  532 05:32:22     -450.261671        0.008450
BFGS:  533 05:32:22     -450.262248        0.008248
BFGS:  534 05:32:22     -450.262470        0.007960
BFGS:  535 05:32:22     -450.262536        0.007754
BFGS:  536 05:32:23     -450.262602        0.007565
BFGS:  537 05:32:23     -450.262750        0.007421
BFGS:  538 05:32:23     -450.263053        0.007539
BFGS:  539 05:32:23     -450.263594        0.007729
BFGS:  540 05:32:24     -450.264229        0.007955
BFGS:  541 05:32:24     -450.264625        0.009265
BFGS:  542 05:32:24     -450.264763        0.008897
BFGS:  543 05:32:24     -450.264834        0.008175
BFGS:  544 05:32:25     -450.264963        0.007699
BFGS:  545 05:32:25     -450.265242        0.007548
BFGS:  546 05:32:25     -450.265776        0.007526
BFGS:  547 05:32:25     -450.266484        0.007275
BFGS:  548 05:32:26     -450.266980        0.006516
BFGS:  549 05:32:26     -450.267132        0.006694
BFGS:  550 05:32:26     -450.267167        0.006827
BFGS:  551 05:32:26     -450.267201        0.006930
BFGS:  552 05:32:27     -450.267285        0.007090
BFGS:  553 05:32:27     -450.267445        0.007235
BFGS:  554 05:32:27     -450.267686        0.007240
BFGS:  555 05:32:27     -450.267885        0.006978
BFGS:  556 05:32:28     -450.267960        0.006672
BFGS:  557 05:32:28     -450.267977        0.006524
BFGS:  558 05:32:28     -450.267989        0.006435
BFGS:  559 05:32:28     -450.268020        0.006259
BFGS:  560 05:32:29     -450.268080        0.005995
BFGS:  561 05:32:29     -450.268174        0.005656
BFGS:  562 05:32:29     -450.268259        0.005892
BFGS:  563 05:32:29     -450.268299        0.005504
BFGS:  564 05:32:30     -450.268314        0.005601
BFGS:  565 05:32:30     -450.268328        0.005673
BFGS:  566 05:32:30     -450.268353        0.005715
BFGS:  567 05:32:30     -450.268386        0.005642
BFGS:  568 05:32:31     -450.268417        0.007259
BFGS:  569 05:32:31     -450.268442        0.008678
BFGS:  570 05:32:31     -450.268471        0.008679
BFGS:  571 05:32:31     -450.268519        0.007040
BFGS:  572 05:32:32     -450.268583        0.004594
BFGS:  573 05:32:32     -450.268633        0.004606
BFGS:  574 05:32:32     -450.268653        0.004744
BFGS:  575 05:32:32     -450.268661        0.004836
BFGS:  576 05:32:33     -450.268670        0.004911
BFGS:  577 05:32:33     -450.268692        0.004991
BFGS:  578 05:32:33     -450.268739        0.005014
BFGS:  579 05:32:33     -450.268819        0.009218
BFGS:  580 05:32:34     -450.268917        0.014422
BFGS:  581 05:32:34     -450.268995        0.015906
BFGS:  582 05:32:34     -450.269048        0.013503
BFGS:  583 05:32:34     -450.269099        0.008669
BFGS:  584 05:32:35     -450.269158        0.003407
BFGS:  585 05:32:35     -450.269203        0.004704
BFGS:  586 05:32:35     -450.269225        0.005831
BFGS:  587 05:32:35     -450.269239        0.004980
BFGS:  588 05:32:36     -450.269262        0.003360
BFGS:  589 05:32:36     -450.269309        0.003992
BFGS:  590 05:32:36     -450.269396        0.006592
BFGS:  591 05:32:36     -450.269516        0.010954
BFGS:  592 05:32:36     -450.269625        0.013502
BFGS:  593 05:32:37     -450.269696        0.012467
BFGS:  594 05:32:37     -450.269747        0.008804
BFGS:  595 05:32:37     -450.269792        0.003559
BFGS:  596 05:32:37     -450.269825        0.003274
BFGS:  597 05:32:38     -450.269842        0.004746
BFGS:  598 05:32:38     -450.269856        0.005062
BFGS:  599 05:32:38     -450.269880        0.004514
BFGS:  600 05:32:38     -450.269924        0.005109
BFGS:  601 05:32:39     -450.269991        0.006755
BFGS:  602 05:32:39     -450.270061        0.008686
BFGS:  603 05:32:39     -450.270115        0.008901
BFGS:  604 05:32:39     -450.270161        0.008192
BFGS:  605 05:32:40     -450.270215        0.006337
BFGS:  606 05:32:40     -450.270268        0.004061
BFGS:  607 05:32:40     -450.270298        0.003767
BFGS:  608 05:32:40     -450.270309        0.002933
BFGS:  609 05:32:41     -450.270315        0.002302
BFGS:  610 05:32:41     -450.270326        0.002315
BFGS:  611 05:32:41     -450.270342        0.003355
BFGS:  612 05:32:41     -450.270359        0.005326
BFGS:  613 05:32:42     -450.270374        0.005801
BFGS:  614 05:32:42     -450.270389        0.005103
BFGS:  615 05:32:42     -450.270412        0.005207
BFGS:  616 05:32:42     -450.270451        0.004741
BFGS:  617 05:32:43     -450.270496        0.003732
BFGS:  618 05:32:43     -450.270524        0.004213
BFGS:  619 05:32:43     -450.270535        0.003419
BFGS:  620 05:32:43     -450.270542        0.002660
BFGS:  621 05:32:44     -450.270551        0.002402
BFGS:  622 05:32:44     -450.270561        0.002400
BFGS:  623 05:32:44     -450.270567        0.002383
BFGS:  624 05:32:44     -450.270570        0.002367
BFGS:  625 05:32:45     -450.270573        0.002353
BFGS:  626 05:32:45     -450.270579        0.002336
BFGS:  627 05:32:45     -450.270588        0.002314
BFGS:  628 05:32:45     -450.270600        0.003135
BFGS:  629 05:32:46     -450.270609        0.003833
BFGS:  630 05:32:46     -450.270615        0.004175
BFGS:  631 05:32:46     -450.270623        0.003734
BFGS:  632 05:32:46     -450.270634        0.002443
BFGS:  633 05:32:47     -450.270646        0.002228
BFGS:  634 05:32:47     -450.270653        0.002485
BFGS:  635 05:32:47     -450.270656        0.002216
BFGS:  636 05:32:47     -450.270659        0.002143
BFGS:  637 05:32:48     -450.270663        0.002121
BFGS:  638 05:32:48     -450.270668        0.002092
BFGS:  639 05:32:48     -450.270673        0.002067
BFGS:  640 05:32:48     -450.270676        0.002055
BFGS:  641 05:32:49     -450.270679        0.002046
BFGS:  642 05:32:49     -450.270684        0.002027
BFGS:  643 05:32:49     -450.270693        0.002128
BFGS:  644 05:32:49     -450.270708        0.002834
BFGS:  645 05:32:50     -450.270725        0.003599
BFGS:  646 05:32:50     -450.270739        0.004340
BFGS:  647 05:32:50     -450.270749        0.004226
BFGS:  648 05:32:50     -450.270763        0.003553
BFGS:  649 05:32:51     -450.270785        0.003525
BFGS:  650 05:32:51     -450.270810        0.003711
BFGS:  651 05:32:51     -450.270827        0.003602
BFGS:  652 05:32:51     -450.270837        0.003357
BFGS:  653 05:32:52     -450.270845        0.002905
BFGS:  654 05:32:52     -450.270859        0.002709
BFGS:  655 05:32:52     -450.270875        0.002523
BFGS:  656 05:32:52     -450.270886        0.002586
BFGS:  657 05:32:53     -450.270892        0.002436
BFGS:  658 05:32:53     -450.270896        0.002148
BFGS:  659 05:32:53     -450.270904        0.002389
BFGS:  660 05:32:53     -450.270916        0.002930
BFGS:  661 05:32:54     -450.270929        0.003918
BFGS:  662 05:32:54     -450.270939        0.003924
BFGS:  663 05:32:54     -450.270947        0.003316
BFGS:  664 05:32:54     -450.270956        0.003090
BFGS:  665 05:32:54     -450.270967        0.002132
BFGS:  666 05:32:55     -450.270976        0.002007
BFGS:  667 05:32:55     -450.270980        0.001929
BFGS:  668 05:32:55     -450.270981        0.001620
BFGS:  669 05:32:55     -450.270983        0.001257
BFGS:  670 05:32:56     -450.270986        0.001077
BFGS:  671 05:32:56     -450.270988        0.001177
BFGS:  672 05:32:56     -450.270989        0.000975
