      Step     Time          Energy          fmax
BFGS:    0 02:48:45      -34.745219       16.677944
BFGS:    1 02:48:45      -42.722685        5.668370
BFGS:    2 02:48:45      -45.541459        3.296894
BFGS:    3 02:48:45      -48.035746        1.389818
BFGS:    4 02:48:45      -48.854917        1.066023
BFGS:    5 02:48:45      -49.200868        0.823793
BFGS:    6 02:48:45      -49.369492        0.746058
BFGS:    7 02:48:45      -49.571267        0.671842
BFGS:    8 02:48:45      -49.851152        0.732011
BFGS:    9 02:48:45      -50.173958        0.680233
BFGS:   10 02:48:45      -50.378789        0.640261
BFGS:   11 02:48:45      -50.446460        0.639004
BFGS:   12 02:48:45      -50.527863        0.550977
BFGS:   13 02:48:45      -50.627119        0.525722
BFGS:   14 02:48:45      -50.719950        0.460786
BFGS:   15 02:48:45      -50.763773        0.404266
BFGS:   16 02:48:45      -50.789448        0.368360
BFGS:   17 02:48:45      -50.830794        0.325359
BFGS:   18 02:48:45      -50.897493        0.287087
BFGS:   19 02:48:46      -50.974135        0.247564
BFGS:   20 02:48:46      -51.023599        0.248638
BFGS:   21 02:48:46      -51.042611        0.266517
BFGS:   22 02:48:46      -51.057391        0.280860
BFGS:   23 02:48:46      -51.085217        0.296842
BFGS:   24 02:48:46      -51.128197        0.302429
BFGS:   25 02:48:46      -51.182978        0.286333
BFGS:   26 02:48:46      -51.224354        0.252650
BFGS:   27 02:48:46      -51.247602        0.207679
BFGS:   28 02:48:46      -51.255677        0.189168
BFGS:   29 02:48:46      -51.270313        0.169991
BFGS:   30 02:48:46      -51.292806        0.172219
BFGS:   31 02:48:46      -51.324137        0.155566
BFGS:   32 02:48:46      -51.346691        0.150007
BFGS:   33 02:48:46      -51.356329        0.157838
BFGS:   34 02:48:46      -51.360464        0.155428
BFGS:   35 02:48:46      -51.365712        0.133714
BFGS:   36 02:48:46      -51.373958        0.104922
BFGS:   37 02:48:46      -51.382334        0.102670
BFGS:   38 02:48:46      -51.387639        0.122542
BFGS:   39 02:48:46      -51.390394        0.119437
BFGS:   40 02:48:47      -51.393635        0.113212
BFGS:   41 02:48:47      -51.400330        0.119317
BFGS:   42 02:48:47      -51.410878        0.132609
BFGS:   43 02:48:47      -51.421463        0.167570
BFGS:   44 02:48:47      -51.427977        0.162870
BFGS:   45 02:48:47      -51.432955        0.149853
BFGS:   46 02:48:47      -51.438777        0.145417
BFGS:   47 02:48:47      -51.448521        0.134585
BFGS:   48 02:48:47      -51.462387        0.133079
BFGS:   49 02:48:47      -51.473553        0.169732
BFGS:   50 02:48:47      -51.479688        0.155366
BFGS:   51 02:48:47      -51.485129        0.121369
BFGS:   52 02:48:47      -51.492834        0.114086
BFGS:   53 02:48:47      -51.504257        0.118974
BFGS:   54 02:48:47      -51.516333        0.101974
BFGS:   55 02:48:47      -51.522778        0.118309
BFGS:   56 02:48:47      -51.524800        0.115474
BFGS:   57 02:48:47      -51.526729        0.103260
BFGS:   58 02:48:47      -51.530268        0.080136
BFGS:   59 02:48:47      -51.534923        0.061975
BFGS:   60 02:48:47      -51.538498        0.061309
BFGS:   61 02:48:47      -51.539939        0.065074
BFGS:   62 02:48:47      -51.540721        0.066702
BFGS:   63 02:48:47      -51.542002        0.063062
BFGS:   64 02:48:48      -51.544420        0.063558
BFGS:   65 02:48:48      -51.547922        0.062566
BFGS:   66 02:48:48      -51.550798        0.059237
BFGS:   67 02:48:48      -51.552034        0.056327
BFGS:   68 02:48:48      -51.552552        0.054932
BFGS:   69 02:48:48      -51.553261        0.053583
BFGS:   70 02:48:48      -51.555004        0.058054
BFGS:   71 02:48:48      -51.558523        0.080378
BFGS:   72 02:48:48      -51.563970        0.086596
BFGS:   73 02:48:48      -51.568612        0.060127
BFGS:   74 02:48:48      -51.570349        0.059838
BFGS:   75 02:48:48      -51.570900        0.057688
BFGS:   76 02:48:48      -51.571471        0.053547
BFGS:   77 02:48:48      -51.572636        0.046348
BFGS:   78 02:48:48      -51.575087        0.053589
BFGS:   79 02:48:48      -51.578823        0.060336
BFGS:   80 02:48:48      -51.582152        0.050197
BFGS:   81 02:48:48      -51.583572        0.044179
BFGS:   82 02:48:48      -51.583926        0.037177
BFGS:   83 02:48:48      -51.584167        0.031480
BFGS:   84 02:48:48      -51.584706        0.025314
BFGS:   85 02:48:48      -51.585527        0.021210
BFGS:   86 02:48:48      -51.586357        0.016553
BFGS:   87 02:48:48      -51.586728        0.016346
BFGS:   88 02:48:49      -51.586812        0.012853
BFGS:   89 02:48:49      -51.586850        0.012186
BFGS:   90 02:48:49      -51.586928        0.011757
BFGS:   91 02:48:49      -51.587060        0.010273
BFGS:   92 02:48:49      -51.587214        0.010326
BFGS:   93 02:48:49      -51.587299        0.009584
BFGS:   94 02:48:49      -51.587322        0.008247
BFGS:   95 02:48:49      -51.587332        0.008475
BFGS:   96 02:48:49      -51.587351        0.008155
BFGS:   97 02:48:49      -51.587387        0.006688
BFGS:   98 02:48:49      -51.587440        0.005895
BFGS:   99 02:48:49      -51.587480        0.005524
BFGS:  100 02:48:49      -51.587494        0.003324
BFGS:  101 02:48:49      -51.587496        0.003285
BFGS:  102 02:48:49      -51.587497        0.003273
BFGS:  103 02:48:49      -51.587501        0.003232
BFGS:  104 02:48:49      -51.587509        0.003133
BFGS:  105 02:48:49      -51.587520        0.003509
BFGS:  106 02:48:49      -51.587529        0.003123
BFGS:  107 02:48:49      -51.587533        0.002685
BFGS:  108 02:48:49      -51.587535        0.002641
BFGS:  109 02:48:49      -51.587537        0.002580
BFGS:  110 02:48:49      -51.587542        0.002435
BFGS:  111 02:48:49      -51.587552        0.002987
BFGS:  112 02:48:50      -51.587566        0.003497
BFGS:  113 02:48:50      -51.587577        0.002422
BFGS:  114 02:48:50      -51.587582        0.002173
BFGS:  115 02:48:50      -51.587583        0.002136
BFGS:  116 02:48:50      -51.587585        0.002189
BFGS:  117 02:48:50      -51.587589        0.002734
BFGS:  118 02:48:50      -51.587597        0.003530
BFGS:  119 02:48:50      -51.587609        0.003538
BFGS:  120 02:48:50      -51.587619        0.002129
BFGS:  121 02:48:50      -51.587623        0.001804
BFGS:  122 02:48:50      -51.587623        0.001488
BFGS:  123 02:48:50      -51.587624        0.001417
BFGS:  124 02:48:50      -51.587626        0.001245
BFGS:  125 02:48:50      -51.587628        0.001257
BFGS:  126 02:48:50      -51.587630        0.001040
BFGS:  127 02:48:50      -51.587631        0.000724
