      Step     Time          Energy          fmax
BFGS:    0 04:40:20      -69.324168       17.121807
BFGS:    1 04:40:20     -106.010160        7.547642
BFGS:    2 04:40:20     -130.871122        4.917650
BFGS:    3 04:40:20     -145.777586        3.998381
BFGS:    4 04:40:20     -155.320359        3.363350
BFGS:    5 04:40:21     -162.380974        3.213534
BFGS:    6 04:40:21     -168.474042        3.424452
BFGS:    7 04:40:21     -173.889270        3.089628
BFGS:    8 04:40:21     -178.315870        2.424075
BFGS:    9 04:40:21     -181.554971        1.944698
BFGS:   10 04:40:21     -183.721365        1.773078
BFGS:   11 04:40:21     -185.102412        1.672638
BFGS:   12 04:40:21     -186.379741        1.613798
BFGS:   13 04:40:22     -187.691167        1.567970
BFGS:   14 04:40:22     -188.578381        1.523498
BFGS:   15 04:40:22     -189.647163        1.447950
BFGS:   16 04:40:22     -190.645152        1.368076
BFGS:   17 04:40:22     -191.456216        1.296342
BFGS:   18 04:40:22     -192.120075        1.232107
BFGS:   19 04:40:22     -192.726543        1.172339
BFGS:   20 04:40:23     -193.329958        1.116008
BFGS:   21 04:40:23     -193.952613        1.066183
BFGS:   22 04:40:23     -194.600909        1.125523
BFGS:   23 04:40:23     -195.274412        1.165148
BFGS:   24 04:40:23     -195.968865        1.185954
BFGS:   25 04:40:23     -196.677070        1.188856
BFGS:   26 04:40:23     -197.390611        1.174910
BFGS:   27 04:40:23     -198.100949        1.145495
BFGS:   28 04:40:24     -198.802761        1.102592
BFGS:   29 04:40:24     -199.497041        1.049769
BFGS:   30 04:40:24     -200.183948        0.994116
BFGS:   31 04:40:24     -200.861056        0.946150
BFGS:   32 04:40:24     -201.532398        0.914381
BFGS:   33 04:40:24     -202.202233        0.899979
BFGS:   34 04:40:24     -202.872691        0.939503
BFGS:   35 04:40:24     -203.540086        0.964859
BFGS:   36 04:40:25     -204.197367        0.962343
BFGS:   37 04:40:25     -204.839971        0.907233
BFGS:   38 04:40:25     -205.473290        0.816778
BFGS:   39 04:40:25     -206.114598        0.829639
BFGS:   40 04:40:25     -206.794110        0.897019
BFGS:   41 04:40:25     -207.544865        0.915744
BFGS:   42 04:40:25     -208.373294        0.846556
BFGS:   43 04:40:25     -209.154770        0.772649
BFGS:   44 04:40:26     -209.580893        0.923915
BFGS:   45 04:40:26     -210.076485        1.050813
BFGS:   46 04:40:26     -210.668647        0.927550
BFGS:   47 04:40:26     -211.139834        0.707177
BFGS:   48 04:40:26     -211.544364        0.517097
BFGS:   49 04:40:26     -211.921046        0.524500
BFGS:   50 04:40:26     -212.283344        0.548692
BFGS:   51 04:40:26     -212.625615        0.532140
BFGS:   52 04:40:27     -212.905487        0.458245
BFGS:   53 04:40:27     -213.060339        0.524947
BFGS:   54 04:40:27     -213.285352        0.530159
BFGS:   55 04:40:27     -213.522992        0.392135
BFGS:   56 04:40:27     -213.790079        0.313340
BFGS:   57 04:40:27     -213.987926        0.288137
BFGS:   58 04:40:27     -214.086811        0.319735
BFGS:   59 04:40:27     -214.192554        0.394196
BFGS:   60 04:40:28     -214.368624        0.456014
BFGS:   61 04:40:28     -214.548423        0.449461
BFGS:   62 04:40:28     -214.732417        0.398168
BFGS:   63 04:40:28     -214.914908        0.333930
BFGS:   64 04:40:28     -215.091461        0.355076
BFGS:   65 04:40:28     -215.188548        0.328229
BFGS:   66 04:40:28     -215.300910        0.307655
BFGS:   67 04:40:28     -215.399046        0.280158
BFGS:   68 04:40:29     -215.554110        0.361582
BFGS:   69 04:40:29     -215.704768        0.369692
BFGS:   70 04:40:29     -215.824050        0.279419
BFGS:   71 04:40:29     -215.915659        0.279609
BFGS:   72 04:40:29     -216.004161        0.284739
BFGS:   73 04:40:29     -216.103982        0.335414
BFGS:   74 04:40:29     -216.222321        0.373711
BFGS:   75 04:40:29     -216.381122        0.359254
BFGS:   76 04:40:30     -216.509822        0.287160
BFGS:   77 04:40:30     -216.590254        0.296418
BFGS:   78 04:40:30     -216.637298        0.272815
BFGS:   79 04:40:30     -216.678350        0.209191
BFGS:   80 04:40:30     -216.724207        0.165700
BFGS:   81 04:40:30     -216.777362        0.165527
BFGS:   82 04:40:30     -216.823705        0.202990
BFGS:   83 04:40:30     -216.856114        0.214568
BFGS:   84 04:40:31     -216.885092        0.181046
BFGS:   85 04:40:31     -216.929961        0.192624
BFGS:   86 04:40:31     -217.005158        0.204689
BFGS:   87 04:40:31     -217.100308        0.230932
BFGS:   88 04:40:31     -217.171398        0.267977
BFGS:   89 04:40:31     -217.213737        0.252970
BFGS:   90 04:40:31     -217.260567        0.210474
BFGS:   91 04:40:31     -217.328488        0.231867
BFGS:   92 04:40:32     -217.426652        0.238713
BFGS:   93 04:40:32     -217.523496        0.259785
BFGS:   94 04:40:32     -217.610505        0.320803
BFGS:   95 04:40:32     -217.672501        0.299852
BFGS:   96 04:40:32     -217.735167        0.274420
BFGS:   97 04:40:32     -217.839305        0.295667
BFGS:   98 04:40:32     -217.966855        0.284607
BFGS:   99 04:40:32     -218.070786        0.319606
BFGS:  100 04:40:33     -218.126213        0.352859
BFGS:  101 04:40:33     -218.180813        0.325533
BFGS:  102 04:40:33     -218.254520        0.238072
BFGS:  103 04:40:33     -218.352214        0.215910
BFGS:  104 04:40:33     -218.446822        0.202974
BFGS:  105 04:40:33     -218.497454        0.230824
BFGS:  106 04:40:33     -218.523371        0.229145
BFGS:  107 04:40:33     -218.560209        0.201024
BFGS:  108 04:40:34     -218.611991        0.141350
BFGS:  109 04:40:34     -218.673258        0.134143
BFGS:  110 04:40:34     -218.721086        0.134037
BFGS:  111 04:40:34     -218.746944        0.141985
BFGS:  112 04:40:34     -218.761598        0.130041
BFGS:  113 04:40:34     -218.780459        0.127723
BFGS:  114 04:40:34     -218.817596        0.146608
BFGS:  115 04:40:34     -218.866009        0.216182
BFGS:  116 04:40:35     -218.909311        0.220962
BFGS:  117 04:40:35     -218.937579        0.168459
BFGS:  118 04:40:35     -218.957223        0.115674
BFGS:  119 04:40:35     -218.973183        0.103215
BFGS:  120 04:40:35     -218.999562        0.110333
BFGS:  121 04:40:35     -219.033837        0.140255
BFGS:  122 04:40:35     -219.064193        0.203932
BFGS:  123 04:40:35     -219.088110        0.226289
BFGS:  124 04:40:36     -219.114754        0.212350
BFGS:  125 04:40:36     -219.155821        0.174615
BFGS:  126 04:40:36     -219.212852        0.157478
BFGS:  127 04:40:36     -219.264498        0.143337
BFGS:  128 04:40:36     -219.292950        0.102176
BFGS:  129 04:40:36     -219.302891        0.106056
BFGS:  130 04:40:36     -219.315672        0.115286
BFGS:  131 04:40:36     -219.342321        0.137267
BFGS:  132 04:40:37     -219.387198        0.157559
BFGS:  133 04:40:37     -219.429476        0.147471
BFGS:  134 04:40:37     -219.460749        0.126957
BFGS:  135 04:40:37     -219.472942        0.112465
BFGS:  136 04:40:37     -219.483831        0.108145
BFGS:  137 04:40:37     -219.503992        0.110960
BFGS:  138 04:40:37     -219.538563        0.128670
BFGS:  139 04:40:37     -219.577184        0.124842
BFGS:  140 04:40:38     -219.600933        0.106931
BFGS:  141 04:40:38     -219.610962        0.079876
BFGS:  142 04:40:38     -219.615910        0.080953
BFGS:  143 04:40:38     -219.624317        0.080595
BFGS:  144 04:40:38     -219.639805        0.075999
BFGS:  145 04:40:38     -219.661645        0.106314
BFGS:  146 04:40:38     -219.681284        0.104789
BFGS:  147 04:40:38     -219.693186        0.079598
BFGS:  148 04:40:39     -219.699674        0.074427
BFGS:  149 04:40:39     -219.705731        0.080131
BFGS:  150 04:40:39     -219.716828        0.086895
BFGS:  151 04:40:39     -219.737882        0.089089
BFGS:  152 04:40:39     -219.765653        0.086614
BFGS:  153 04:40:39     -219.786361        0.082853
BFGS:  154 04:40:39     -219.797346        0.090731
BFGS:  155 04:40:39     -219.803953        0.086315
BFGS:  156 04:40:40     -219.812684        0.076562
BFGS:  157 04:40:40     -219.826322        0.073435
BFGS:  158 04:40:40     -219.845254        0.088720
BFGS:  159 04:40:40     -219.863164        0.082425
BFGS:  160 04:40:40     -219.874502        0.077053
BFGS:  161 04:40:40     -219.881178        0.080907
BFGS:  162 04:40:40     -219.887767        0.080231
BFGS:  163 04:40:40     -219.899436        0.085244
BFGS:  164 04:40:41     -219.918242        0.093624
BFGS:  165 04:40:41     -219.939578        0.102321
BFGS:  166 04:40:41     -219.954281        0.087338
BFGS:  167 04:40:41     -219.960012        0.082490
BFGS:  168 04:40:41     -219.963907        0.064866
BFGS:  169 04:40:41     -219.969558        0.071161
BFGS:  170 04:40:41     -219.981031        0.062871
BFGS:  171 04:40:41     -219.994198        0.051146
BFGS:  172 04:40:42     -220.001866        0.050409
BFGS:  173 04:40:42     -220.004733        0.049707
BFGS:  174 04:40:42     -220.006359        0.049350
BFGS:  175 04:40:42     -220.009188        0.049063
BFGS:  176 04:40:42     -220.014491        0.048746
BFGS:  177 04:40:42     -220.021984        0.048041
BFGS:  178 04:40:42     -220.028070        0.046938
BFGS:  179 04:40:42     -220.030345        0.046058
BFGS:  180 04:40:43     -220.031214        0.045727
BFGS:  181 04:40:43     -220.032213        0.044951
BFGS:  182 04:40:43     -220.034051        0.043393
BFGS:  183 04:40:43     -220.037379        0.040079
BFGS:  184 04:40:43     -220.041741        0.035933
BFGS:  185 04:40:43     -220.045174        0.033132
BFGS:  186 04:40:43     -220.046616        0.032679
BFGS:  187 04:40:43     -220.047413        0.033802
BFGS:  188 04:40:44     -220.048579        0.035315
BFGS:  189 04:40:44     -220.050617        0.036680
BFGS:  190 04:40:44     -220.054469        0.037564
BFGS:  191 04:40:44     -220.059603        0.036321
BFGS:  192 04:40:44     -220.063973        0.040543
BFGS:  193 04:40:44     -220.066283        0.049181
BFGS:  194 04:40:44     -220.067678        0.049741
BFGS:  195 04:40:44     -220.069593        0.048044
BFGS:  196 04:40:45     -220.073554        0.045819
BFGS:  197 04:40:45     -220.082583        0.062539
BFGS:  198 04:40:45     -220.093538        0.081356
BFGS:  199 04:40:45     -220.103118        0.090831
BFGS:  200 04:40:45     -220.115200        0.097857
BFGS:  201 04:40:45     -220.127804        0.100215
BFGS:  202 04:40:45     -220.142972        0.098038
BFGS:  203 04:40:45     -220.157179        0.090051
BFGS:  204 04:40:46     -220.172104        0.089804
BFGS:  205 04:40:46     -220.182136        0.102315
BFGS:  206 04:40:46     -220.192111        0.092384
BFGS:  207 04:40:46     -220.201491        0.118554
BFGS:  208 04:40:46     -220.223563        0.105947
BFGS:  209 04:40:46     -220.257775        0.116105
BFGS:  210 04:40:46     -220.305877        0.108998
BFGS:  211 04:40:46     -220.374462        0.134190
BFGS:  212 04:40:47     -220.436432        0.180961
BFGS:  213 04:40:47     -220.464191        0.188071
BFGS:  214 04:40:47     -220.493591        0.189011
BFGS:  215 04:40:47     -220.515323        0.194454
BFGS:  216 04:40:47     -220.564283        0.202575
BFGS:  217 04:40:47     -220.685331        0.183399
BFGS:  218 04:40:47     -220.831822        0.171754
BFGS:  219 04:40:47     -221.001811        0.213124
BFGS:  220 04:40:48     -221.113292        0.219553
BFGS:  221 04:40:48     -221.157244        0.209314
BFGS:  222 04:40:48     -221.198461        0.202609
BFGS:  223 04:40:48     -221.252853        0.183849
BFGS:  224 04:40:48     -221.324658        0.197358
BFGS:  225 04:40:48     -221.433854        0.247603
BFGS:  226 04:40:48     -221.552809        0.290440
BFGS:  227 04:40:48     -221.716304        0.275730
BFGS:  228 04:40:49     -221.841763        0.186833
BFGS:  229 04:40:49     -221.891658        0.209568
BFGS:  230 04:40:49     -221.954213        0.147473
BFGS:  231 04:40:49     -221.992879        0.128960
BFGS:  232 04:40:49     -222.025801        0.125337
BFGS:  233 04:40:49     -222.059156        0.162954
BFGS:  234 04:40:49     -222.079782        0.160338
BFGS:  235 04:40:49     -222.118600        0.142124
BFGS:  236 04:40:50     -222.174628        0.140133
BFGS:  237 04:40:50     -222.239754        0.140343
BFGS:  238 04:40:50     -222.294774        0.134800
BFGS:  239 04:40:50     -222.327906        0.134731
BFGS:  240 04:40:50     -222.340948        0.119511
BFGS:  241 04:40:50     -222.350070        0.107257
BFGS:  242 04:40:50     -222.362412        0.091875
BFGS:  243 04:40:50     -222.381286        0.093468
BFGS:  244 04:40:51     -222.410442        0.110745
BFGS:  245 04:40:51     -222.445914        0.114209
BFGS:  246 04:40:51     -222.476498        0.093074
BFGS:  247 04:40:51     -222.491785        0.092184
BFGS:  248 04:40:51     -222.498216        0.093055
BFGS:  249 04:40:51     -222.502702        0.092697
BFGS:  250 04:40:51     -222.507119        0.092688
BFGS:  251 04:40:51     -222.512452        0.092506
BFGS:  252 04:40:52     -222.520272        0.092176
BFGS:  253 04:40:52     -222.531082        0.092207
BFGS:  254 04:40:52     -222.542793        0.092262
BFGS:  255 04:40:52     -222.551007        0.092811
BFGS:  256 04:40:52     -222.554685        0.092894
BFGS:  257 04:40:52     -222.557364        0.093280
BFGS:  258 04:40:52     -222.562154        0.093466
BFGS:  259 04:40:52     -222.570699        0.093672
BFGS:  260 04:40:53     -222.584958        0.092582
BFGS:  261 04:40:53     -222.602671        0.090061
BFGS:  262 04:40:53     -222.618990        0.086081
BFGS:  263 04:40:53     -222.630487        0.082964
BFGS:  264 04:40:53     -222.637610        0.080666
BFGS:  265 04:40:53     -222.642959        0.079561
BFGS:  266 04:40:53     -222.648598        0.078345
BFGS:  267 04:40:53     -222.656727        0.077591
BFGS:  268 04:40:54     -222.670881        0.090521
BFGS:  269 04:40:54     -222.690308        0.096276
BFGS:  270 04:40:54     -222.710321        0.091107
BFGS:  271 04:40:54     -222.730476        0.081482
BFGS:  272 04:40:54     -222.748704        0.078413
BFGS:  273 04:40:54     -222.763510        0.075584
BFGS:  274 04:40:54     -222.774313        0.088169
BFGS:  275 04:40:54     -222.782052        0.097801
BFGS:  276 04:40:55     -222.789118        0.099272
BFGS:  277 04:40:55     -222.797965        0.092979
BFGS:  278 04:40:55     -222.809443        0.097880
BFGS:  279 04:40:55     -222.823393        0.115408
BFGS:  280 04:40:55     -222.839413        0.134099
BFGS:  281 04:40:55     -222.857191        0.153359
BFGS:  282 04:40:55     -222.876354        0.172534
BFGS:  283 04:40:55     -222.896312        0.190721
BFGS:  284 04:40:56     -222.916336        0.206929
BFGS:  285 04:40:56     -222.935809        0.220107
BFGS:  286 04:40:56     -222.954329        0.229319
BFGS:  287 04:40:56     -222.971716        0.233602
BFGS:  288 04:40:56     -222.987979        0.231909
BFGS:  289 04:40:56     -223.003285        0.222444
BFGS:  290 04:40:56     -223.018028        0.202006
BFGS:  291 04:40:56     -223.033006        0.163934
BFGS:  292 04:40:57     -223.049760        0.128408
BFGS:  293 04:40:57     -223.065668        0.129233
BFGS:  294 04:40:57     -223.083797        0.157245
BFGS:  295 04:40:57     -223.102115        0.214482
BFGS:  296 04:40:57     -223.124949        0.263994
BFGS:  297 04:40:57     -223.160608        0.297047
BFGS:  298 04:40:57     -223.187106        0.299189
BFGS:  299 04:40:57     -223.241548        0.267061
BFGS:  300 04:40:58     -223.300686        0.210493
BFGS:  301 04:40:58     -223.367211        0.224008
BFGS:  302 04:40:58     -223.392530        0.197394
BFGS:  303 04:40:58     -223.421377        0.149212
BFGS:  304 04:40:58     -223.440431        0.111453
BFGS:  305 04:40:58     -223.458051        0.081635
BFGS:  306 04:40:58     -223.479366        0.114369
BFGS:  307 04:40:58     -223.490599        0.103064
BFGS:  308 04:40:59     -223.499494        0.089964
BFGS:  309 04:40:59     -223.507775        0.086233
BFGS:  310 04:40:59     -223.516275        0.087562
BFGS:  311 04:40:59     -223.526242        0.090084
BFGS:  312 04:40:59     -223.534789        0.094437
BFGS:  313 04:40:59     -223.543012        0.104026
BFGS:  314 04:40:59     -223.553181        0.109224
BFGS:  315 04:40:59     -223.563614        0.117936
BFGS:  316 04:41:00     -223.573850        0.123726
BFGS:  317 04:41:00     -223.582291        0.128296
BFGS:  318 04:41:00     -223.588512        0.129605
BFGS:  319 04:41:00     -223.593911        0.128808
BFGS:  320 04:41:00     -223.598565        0.127991
BFGS:  321 04:41:00     -223.602796        0.125431
BFGS:  322 04:41:00     -223.608476        0.123626
BFGS:  323 04:41:00     -223.616706        0.121182
BFGS:  324 04:41:01     -223.627344        0.118984
BFGS:  325 04:41:01     -223.641069        0.116773
BFGS:  326 04:41:01     -223.656401        0.112829
BFGS:  327 04:41:01     -223.670645        0.110303
BFGS:  328 04:41:01     -223.680443        0.104888
BFGS:  329 04:41:01     -223.686027        0.106732
BFGS:  330 04:41:01     -223.690270        0.106484
BFGS:  331 04:41:01     -223.695688        0.105315
BFGS:  332 04:41:02     -223.701010        0.104883
BFGS:  333 04:41:02     -223.708966        0.101575
BFGS:  334 04:41:02     -223.718656        0.098287
BFGS:  335 04:41:02     -223.730584        0.134794
BFGS:  336 04:41:02     -223.743768        0.165457
BFGS:  337 04:41:02     -223.758051        0.176469
BFGS:  338 04:41:02     -223.773407        0.161704
BFGS:  339 04:41:02     -223.787507        0.127159
BFGS:  340 04:41:03     -223.799171        0.138308
BFGS:  341 04:41:03     -223.810944        0.130448
BFGS:  342 04:41:03     -223.823777        0.097173
BFGS:  343 04:41:03     -223.834844        0.093156
BFGS:  344 04:41:03     -223.843771        0.111455
BFGS:  345 04:41:03     -223.850867        0.114994
BFGS:  346 04:41:03     -223.858319        0.106459
BFGS:  347 04:41:03     -223.867962        0.116205
BFGS:  348 04:41:04     -223.878026        0.103221
BFGS:  349 04:41:04     -223.885748        0.074002
BFGS:  350 04:41:04     -223.890663        0.081775
BFGS:  351 04:41:04     -223.894129        0.079195
BFGS:  352 04:41:04     -223.896854        0.064848
BFGS:  353 04:41:04     -223.899048        0.044688
BFGS:  354 04:41:04     -223.900964        0.041992
BFGS:  355 04:41:04     -223.902950        0.050632
BFGS:  356 04:41:05     -223.905072        0.061213
BFGS:  357 04:41:05     -223.907071        0.063932
BFGS:  358 04:41:05     -223.908820        0.052231
BFGS:  359 04:41:05     -223.910561        0.042182
BFGS:  360 04:41:05     -223.912594        0.039496
BFGS:  361 04:41:05     -223.914891        0.048658
BFGS:  362 04:41:05     -223.917027        0.051616
BFGS:  363 04:41:05     -223.918727        0.044921
BFGS:  364 04:41:06     -223.920114        0.035877
BFGS:  365 04:41:06     -223.921380        0.036768
BFGS:  366 04:41:06     -223.922606        0.033288
BFGS:  367 04:41:06     -223.923826        0.033800
BFGS:  368 04:41:06     -223.925118        0.034669
BFGS:  369 04:41:06     -223.926477        0.035787
BFGS:  370 04:41:06     -223.927733        0.042995
BFGS:  371 04:41:06     -223.928793        0.044582
BFGS:  372 04:41:07     -223.929775        0.039397
BFGS:  373 04:41:07     -223.930838        0.030914
BFGS:  374 04:41:07     -223.932004        0.033663
BFGS:  375 04:41:07     -223.933105        0.039060
BFGS:  376 04:41:07     -223.933987        0.046842
BFGS:  377 04:41:07     -223.934720        0.049016
BFGS:  378 04:41:07     -223.935454        0.044622
BFGS:  379 04:41:07     -223.936202        0.033826
BFGS:  380 04:41:08     -223.936886        0.022382
BFGS:  381 04:41:08     -223.937465        0.021578
BFGS:  382 04:41:08     -223.937947        0.020902
BFGS:  383 04:41:08     -223.938345        0.021980
BFGS:  384 04:41:08     -223.938667        0.023360
BFGS:  385 04:41:08     -223.938947        0.021827
BFGS:  386 04:41:08     -223.939233        0.018063
BFGS:  387 04:41:08     -223.939530        0.021083
BFGS:  388 04:41:09     -223.939802        0.020119
BFGS:  389 04:41:09     -223.940024        0.016157
BFGS:  390 04:41:09     -223.940213        0.017024
BFGS:  391 04:41:09     -223.940385        0.016176
BFGS:  392 04:41:09     -223.940532        0.015896
BFGS:  393 04:41:09     -223.940651        0.015537
BFGS:  394 04:41:09     -223.940761        0.015190
BFGS:  395 04:41:09     -223.940879        0.014891
BFGS:  396 04:41:10     -223.941008        0.014693
BFGS:  397 04:41:10     -223.941139        0.016317
BFGS:  398 04:41:10     -223.941270        0.018442
BFGS:  399 04:41:10     -223.941410        0.017013
BFGS:  400 04:41:10     -223.941569        0.015539
BFGS:  401 04:41:10     -223.941740        0.014071
BFGS:  402 04:41:10     -223.941903        0.014284
BFGS:  403 04:41:10     -223.942047        0.015135
BFGS:  404 04:41:11     -223.942187        0.015716
BFGS:  405 04:41:11     -223.942348        0.014669
BFGS:  406 04:41:11     -223.942551        0.013144
BFGS:  407 04:41:11     -223.942779        0.013351
BFGS:  408 04:41:11     -223.942975        0.011468
BFGS:  409 04:41:11     -223.943105        0.011316
BFGS:  410 04:41:11     -223.943193        0.011494
BFGS:  411 04:41:11     -223.943278        0.010773
BFGS:  412 04:41:12     -223.943383        0.010201
BFGS:  413 04:41:12     -223.943508        0.009952
BFGS:  414 04:41:12     -223.943643        0.011757
BFGS:  415 04:41:12     -223.943772        0.011294
BFGS:  416 04:41:12     -223.943885        0.013907
BFGS:  417 04:41:12     -223.943984        0.013617
BFGS:  418 04:41:12     -223.944087        0.011455
BFGS:  419 04:41:12     -223.944220        0.012604
BFGS:  420 04:41:13     -223.944397        0.013573
BFGS:  421 04:41:13     -223.944595        0.015813
BFGS:  422 04:41:13     -223.944769        0.018654
BFGS:  423 04:41:13     -223.944923        0.022297
BFGS:  424 04:41:13     -223.945109        0.023030
BFGS:  425 04:41:13     -223.945380        0.019678
BFGS:  426 04:41:13     -223.945727        0.024360
BFGS:  427 04:41:13     -223.946071        0.029506
BFGS:  428 04:41:14     -223.946376        0.028192
BFGS:  429 04:41:14     -223.946710        0.021625
BFGS:  430 04:41:14     -223.947145        0.019819
BFGS:  431 04:41:14     -223.947642        0.026686
BFGS:  432 04:41:14     -223.948083        0.036405
BFGS:  433 04:41:14     -223.948458        0.037591
BFGS:  434 04:41:14     -223.948881        0.029970
BFGS:  435 04:41:14     -223.949430        0.022871
BFGS:  436 04:41:15     -223.949977        0.021167
BFGS:  437 04:41:15     -223.950350        0.021854
BFGS:  438 04:41:15     -223.950596        0.021023
BFGS:  439 04:41:15     -223.950862        0.016541
BFGS:  440 04:41:15     -223.951243        0.016175
BFGS:  441 04:41:15     -223.951693        0.020757
BFGS:  442 04:41:15     -223.952089        0.029614
BFGS:  443 04:41:15     -223.952410        0.032112
BFGS:  444 04:41:16     -223.952776        0.028727
BFGS:  445 04:41:16     -223.953335        0.024663
BFGS:  446 04:41:16     -223.954128        0.022876
BFGS:  447 04:41:16     -223.954975        0.030138
BFGS:  448 04:41:16     -223.955646        0.030127
BFGS:  449 04:41:16     -223.956209        0.029937
BFGS:  450 04:41:16     -223.956951        0.029967
BFGS:  451 04:41:16     -223.958187        0.035773
BFGS:  452 04:41:17     -223.960002        0.040123
BFGS:  453 04:41:17     -223.961756        0.055171
BFGS:  454 04:41:17     -223.963479        0.060201
BFGS:  455 04:41:17     -223.964905        0.052661
BFGS:  456 04:41:17     -223.966050        0.044238
BFGS:  457 04:41:17     -223.967543        0.042886
BFGS:  458 04:41:17     -223.969083        0.044824
BFGS:  459 04:41:17     -223.970540        0.048982
BFGS:  460 04:41:18     -223.972030        0.054382
BFGS:  461 04:41:18     -223.973664        0.060277
BFGS:  462 04:41:18     -223.975372        0.070916
BFGS:  463 04:41:18     -223.977016        0.083515
BFGS:  464 04:41:18     -223.978926        0.096142
BFGS:  465 04:41:18     -223.981438        0.105712
BFGS:  466 04:41:18     -223.984858        0.110651
BFGS:  467 04:41:19     -223.988513        0.112299
BFGS:  468 04:41:19     -223.992700        0.112674
BFGS:  469 04:41:19     -223.996125        0.115330
BFGS:  470 04:41:19     -223.974590        0.118814
BFGS:  471 04:41:19     -224.001945        0.107125
BFGS:  472 04:41:19     -224.005746        0.152434
BFGS:  473 04:41:19     -224.022316        0.136078
BFGS:  474 04:41:19     -224.028448        0.129169
BFGS:  475 04:41:20     -224.037591        0.127632
BFGS:  476 04:41:20     -224.049304        0.125707
BFGS:  477 04:41:20     -224.064009        0.104624
BFGS:  478 04:41:20     -224.070032        0.090053
BFGS:  479 04:41:20     -224.079119        0.077693
BFGS:  480 04:41:20     -224.084447        0.096411
BFGS:  481 04:41:20     -224.092891        0.141403
BFGS:  482 04:41:20     -224.099324        0.151751
BFGS:  483 04:41:21     -224.109215        0.110863
BFGS:  484 04:41:21     -224.115364        0.088922
BFGS:  485 04:41:21     -224.120176        0.074935
BFGS:  486 04:41:21     -224.123752        0.069025
BFGS:  487 04:41:21     -224.131071        0.089379
BFGS:  488 04:41:21     -224.136930        0.087452
BFGS:  489 04:41:21     -224.144276        0.091427
BFGS:  490 04:41:21     -224.151486        0.108187
BFGS:  491 04:41:22     -224.158550        0.126913
BFGS:  492 04:41:22     -224.165552        0.140313
BFGS:  493 04:41:22     -224.172663        0.150978
BFGS:  494 04:41:22     -224.180217        0.154482
BFGS:  495 04:41:22     -224.192813        0.162083
BFGS:  496 04:41:22     -224.203326        0.156978
BFGS:  497 04:41:22     -224.217247        0.146838
BFGS:  498 04:41:22     -224.228111        0.144855
BFGS:  499 04:41:23     -224.242177        0.150724
BFGS:  500 04:41:23     -224.260356        0.157627
BFGS:  501 04:41:23     -224.280411        0.170142
BFGS:  502 04:41:23     -224.303165        0.178716
BFGS:  503 04:41:23     -224.328735        0.185241
BFGS:  504 04:41:23     -224.354690        0.202403
BFGS:  505 04:41:23     -224.367941        0.228478
BFGS:  506 04:41:23     -224.383096        0.193523
BFGS:  507 04:41:24     -224.404615        0.239371
BFGS:  508 04:41:24     -224.427839        0.221103
BFGS:  509 04:41:24     -224.453006        0.161417
BFGS:  510 04:41:24     -224.469826        0.141341
BFGS:  511 04:41:24     -224.490617        0.149627
BFGS:  512 04:41:24     -224.514305        0.151447
BFGS:  513 04:41:24     -224.528719        0.150676
BFGS:  514 04:41:24     -224.543057        0.148033
BFGS:  515 04:41:25     -224.554462        0.146462
BFGS:  516 04:41:25     -224.564619        0.148907
BFGS:  517 04:41:25     -224.576779        0.128042
BFGS:  518 04:41:25     -224.586866        0.110735
BFGS:  519 04:41:25     -224.595402        0.103989
BFGS:  520 04:41:25     -224.601068        0.098475
BFGS:  521 04:41:25     -224.608905        0.093616
BFGS:  522 04:41:25     -224.618010        0.101889
BFGS:  523 04:41:26     -224.630758        0.092981
BFGS:  524 04:41:26     -224.643577        0.100436
BFGS:  525 04:41:26     -224.655478        0.111422
BFGS:  526 04:41:26     -224.664843        0.105463
BFGS:  527 04:41:26     -224.673053        0.085348
BFGS:  528 04:41:26     -224.681137        0.076620
BFGS:  529 04:41:26     -224.689968        0.066406
BFGS:  530 04:41:26     -224.698854        0.063707
BFGS:  531 04:41:27     -224.706677        0.059598
BFGS:  532 04:41:27     -224.713004        0.068061
BFGS:  533 04:41:27     -224.718333        0.063413
BFGS:  534 04:41:27     -224.723579        0.065290
BFGS:  535 04:41:27     -224.727575        0.077513
BFGS:  536 04:41:27     -224.732095        0.081638
BFGS:  537 04:41:27     -224.736409        0.069933
BFGS:  538 04:41:27     -224.741966        0.068481
BFGS:  539 04:41:28     -224.747926        0.063025
BFGS:  540 04:41:28     -224.753675        0.069837
BFGS:  541 04:41:28     -224.759050        0.067404
BFGS:  542 04:41:28     -224.763395        0.058022
BFGS:  543 04:41:28     -224.766458        0.053549
BFGS:  544 04:41:28     -224.768876        0.047830
BFGS:  545 04:41:28     -224.771555        0.045923
BFGS:  546 04:41:28     -224.774682        0.043024
BFGS:  547 04:41:29     -224.777973        0.042886
BFGS:  548 04:41:29     -224.780681        0.046557
BFGS:  549 04:41:29     -224.782622        0.050695
BFGS:  550 04:41:29     -224.784325        0.048157
BFGS:  551 04:41:29     -224.786254        0.040594
BFGS:  552 04:41:29     -224.788313        0.035492
BFGS:  553 04:41:29     -224.790218        0.039730
BFGS:  554 04:41:29     -224.791773        0.034530
BFGS:  555 04:41:30     -224.793024        0.035322
BFGS:  556 04:41:30     -224.794081        0.035971
BFGS:  557 04:41:30     -224.795217        0.038420
BFGS:  558 04:41:30     -224.796745        0.040996
BFGS:  559 04:41:30     -224.798776        0.040053
BFGS:  560 04:41:30     -224.800932        0.048618
BFGS:  561 04:41:30     -224.802694        0.062775
BFGS:  562 04:41:30     -224.804130        0.062740
BFGS:  563 04:41:31     -224.805698        0.050896
BFGS:  564 04:41:31     -224.807721        0.038481
BFGS:  565 04:41:31     -224.809905        0.040350
BFGS:  566 04:41:31     -224.811587        0.034359
BFGS:  567 04:41:31     -224.812693        0.031800
BFGS:  568 04:41:31     -224.813658        0.030221
BFGS:  569 04:41:31     -224.814695        0.030279
BFGS:  570 04:41:31     -224.815741        0.032531
BFGS:  571 04:41:32     -224.816748        0.038455
BFGS:  572 04:41:32     -224.817815        0.036989
BFGS:  573 04:41:32     -224.818959        0.035640
BFGS:  574 04:41:32     -224.820002        0.028608
BFGS:  575 04:41:32     -224.820760        0.026743
BFGS:  576 04:41:32     -224.821324        0.028688
BFGS:  577 04:41:32     -224.821879        0.029277
BFGS:  578 04:41:32     -224.822476        0.028342
BFGS:  579 04:41:33     -224.823025        0.025868
BFGS:  580 04:41:33     -224.823463        0.022804
BFGS:  581 04:41:33     -224.823835        0.019629
BFGS:  582 04:41:33     -224.824218        0.016744
BFGS:  583 04:41:33     -224.824652        0.017387
BFGS:  584 04:41:33     -224.825128        0.021710
BFGS:  585 04:41:33     -224.825551        0.024097
BFGS:  586 04:41:33     -224.825841        0.023239
BFGS:  587 04:41:34     -224.826042        0.021238
BFGS:  588 04:41:34     -224.826240        0.018802
BFGS:  589 04:41:34     -224.826515        0.018706
BFGS:  590 04:41:34     -224.826905        0.017072
BFGS:  591 04:41:34     -224.827340        0.017843
BFGS:  592 04:41:34     -224.827691        0.019248
BFGS:  593 04:41:34     -224.827946        0.017189
BFGS:  594 04:41:35     -224.828194        0.017998
BFGS:  595 04:41:35     -224.828505        0.022234
BFGS:  596 04:41:35     -224.828881        0.028001
BFGS:  597 04:41:35     -224.829290        0.029478
BFGS:  598 04:41:35     -224.829721        0.025023
BFGS:  599 04:41:35     -224.830185        0.019347
BFGS:  600 04:41:35     -224.830645        0.020246
BFGS:  601 04:41:35     -224.831019        0.020140
BFGS:  602 04:41:36     -224.831311        0.020694
BFGS:  603 04:41:36     -224.831615        0.020025
BFGS:  604 04:41:36     -224.832043        0.018669
BFGS:  605 04:41:36     -224.832645        0.025951
BFGS:  606 04:41:36     -224.833312        0.029996
BFGS:  607 04:41:36     -224.833829        0.025524
BFGS:  608 04:41:36     -224.834162        0.019470
BFGS:  609 04:41:36     -224.834441        0.018671
BFGS:  610 04:41:37     -224.834764        0.022127
BFGS:  611 04:41:37     -224.835152        0.026015
BFGS:  612 04:41:37     -224.835570        0.024266
BFGS:  613 04:41:37     -224.835963        0.019244
BFGS:  614 04:41:37     -224.836305        0.018782
BFGS:  615 04:41:37     -224.836598        0.018651
BFGS:  616 04:41:37     -224.836854        0.017689
BFGS:  617 04:41:37     -224.837082        0.015810
BFGS:  618 04:41:38     -224.837305        0.016814
BFGS:  619 04:41:38     -224.837547        0.017367
BFGS:  620 04:41:38     -224.837809        0.018271
BFGS:  621 04:41:38     -224.838052        0.017489
BFGS:  622 04:41:38     -224.838240        0.014884
BFGS:  623 04:41:38     -224.838376        0.012827
BFGS:  624 04:41:38     -224.838493        0.014011
BFGS:  625 04:41:38     -224.838622        0.013703
BFGS:  626 04:41:39     -224.838778        0.012474
BFGS:  627 04:41:39     -224.838957        0.013563
BFGS:  628 04:41:39     -224.839122        0.012509
BFGS:  629 04:41:39     -224.839239        0.013129
BFGS:  630 04:41:39     -224.839317        0.011391
BFGS:  631 04:41:39     -224.839388        0.010070
BFGS:  632 04:41:39     -224.839476        0.010473
BFGS:  633 04:41:39     -224.839588        0.010001
BFGS:  634 04:41:40     -224.839704        0.011138
BFGS:  635 04:41:40     -224.839798        0.011877
BFGS:  636 04:41:40     -224.839868        0.011239
BFGS:  637 04:41:40     -224.839932        0.010881
BFGS:  638 04:41:40     -224.840011        0.009818
BFGS:  639 04:41:40     -224.840111        0.010124
BFGS:  640 04:41:40     -224.840223        0.009690
BFGS:  641 04:41:40     -224.840319        0.013120
BFGS:  642 04:41:41     -224.840388        0.013158
BFGS:  643 04:41:41     -224.840445        0.011231
BFGS:  644 04:41:41     -224.840513        0.010350
BFGS:  645 04:41:41     -224.840609        0.010074
BFGS:  646 04:41:41     -224.840720        0.010227
BFGS:  647 04:41:41     -224.840807        0.010393
BFGS:  648 04:41:41     -224.840858        0.010500
BFGS:  649 04:41:41     -224.840891        0.010552
BFGS:  650 04:41:42     -224.840930        0.010589
BFGS:  651 04:41:42     -224.840982        0.010631
BFGS:  652 04:41:42     -224.841044        0.010689
BFGS:  653 04:41:42     -224.841104        0.010766
BFGS:  654 04:41:42     -224.841153        0.010846
BFGS:  655 04:41:42     -224.841192        0.010915
BFGS:  656 04:41:42     -224.841232        0.010978
BFGS:  657 04:41:42     -224.841284        0.011046
BFGS:  658 04:41:43     -224.841355        0.011129
BFGS:  659 04:41:43     -224.841434        0.011219
BFGS:  660 04:41:43     -224.841494        0.011287
BFGS:  661 04:41:43     -224.841529        0.011322
BFGS:  662 04:41:43     -224.841555        0.011350
BFGS:  663 04:41:43     -224.841592        0.011397
BFGS:  664 04:41:43     -224.841649        0.011479
BFGS:  665 04:41:43     -224.841718        0.011583
BFGS:  666 04:41:44     -224.841773        0.011649
BFGS:  667 04:41:44     -224.841803        0.011654
BFGS:  668 04:41:44     -224.841826        0.011632
BFGS:  669 04:41:44     -224.841859        0.011600
BFGS:  670 04:41:44     -224.841908        0.011578
BFGS:  671 04:41:44     -224.841968        0.011598
BFGS:  672 04:41:44     -224.842015        0.011670
BFGS:  673 04:41:45     -224.842040        0.011747
BFGS:  674 04:41:45     -224.842057        0.011801
BFGS:  675 04:41:45     -224.842079        0.011848
BFGS:  676 04:41:45     -224.842115        0.011889
BFGS:  677 04:41:45     -224.842169        0.011910
BFGS:  678 04:41:45     -224.842234        0.011891
BFGS:  679 04:41:45     -224.842284        0.011844
BFGS:  680 04:41:45     -224.842313        0.011809
BFGS:  681 04:41:46     -224.842336        0.011798
BFGS:  682 04:41:46     -224.842367        0.011808
BFGS:  683 04:41:46     -224.842413        0.011851
BFGS:  684 04:41:46     -224.842467        0.011933
BFGS:  685 04:41:46     -224.842510        0.012025
BFGS:  686 04:41:46     -224.842534        0.012088
BFGS:  687 04:41:46     -224.842553        0.012132
BFGS:  688 04:41:46     -224.842579        0.012190
BFGS:  689 04:41:47     -224.842625        0.012283
BFGS:  690 04:41:47     -224.842696        0.012414
BFGS:  691 04:41:47     -224.842776        0.012530
BFGS:  692 04:41:47     -224.842833        0.012550
BFGS:  693 04:41:47     -224.842866        0.012485
BFGS:  694 04:41:47     -224.842895        0.012392
BFGS:  695 04:41:47     -224.842944        0.012267
BFGS:  696 04:41:47     -224.843027        0.012147
BFGS:  697 04:41:48     -224.843136        0.012137
BFGS:  698 04:41:48     -224.843221        0.012286
BFGS:  699 04:41:48     -224.843268        0.012480
BFGS:  700 04:41:48     -224.843302        0.012643
BFGS:  701 04:41:48     -224.843354        0.012821
BFGS:  702 04:41:48     -224.843451        0.013005
BFGS:  703 04:41:48     -224.843594        0.013070
BFGS:  704 04:41:48     -224.843736        0.012883
BFGS:  705 04:41:49     -224.843843        0.012826
BFGS:  706 04:41:49     -224.843932        0.012526
BFGS:  707 04:41:49     -224.844021        0.011644
BFGS:  708 04:41:49     -224.844183        0.011183
BFGS:  709 04:41:49     -224.844493        0.010836
BFGS:  710 04:41:49     -224.844785        0.014310
BFGS:  711 04:41:49     -224.844952        0.014885
BFGS:  712 04:41:49     -224.845096        0.014186
BFGS:  713 04:41:50     -224.845265        0.014438
BFGS:  714 04:41:50     -224.845421        0.012557
BFGS:  715 04:41:50     -224.845565        0.011581
BFGS:  716 04:41:50     -224.845973        0.011045
BFGS:  717 04:41:50     -224.846305        0.010184
BFGS:  718 04:41:50     -224.846586        0.012954
BFGS:  719 04:41:50     -224.846775        0.014555
BFGS:  720 04:41:50     -224.846917        0.013202
BFGS:  721 04:41:51     -224.847104        0.012665
BFGS:  722 04:41:51     -224.847417        0.011872
BFGS:  723 04:41:51     -224.847844        0.014283
BFGS:  724 04:41:51     -224.848213        0.014519
BFGS:  725 04:41:51     -224.848409        0.015271
BFGS:  726 04:41:51     -224.848536        0.014634
BFGS:  727 04:41:51     -224.848722        0.014097
BFGS:  728 04:41:51     -224.849029        0.013399
BFGS:  729 04:41:52     -224.849432        0.011991
BFGS:  730 04:41:52     -224.849763        0.015757
BFGS:  731 04:41:52     -224.849944        0.017530
BFGS:  732 04:41:52     -224.850065        0.017085
BFGS:  733 04:41:52     -224.850229        0.014890
BFGS:  734 04:41:52     -224.850502        0.013267
BFGS:  735 04:41:52     -224.850887        0.012378
BFGS:  736 04:41:52     -224.851247        0.010426
BFGS:  737 04:41:53     -224.851447        0.010352
BFGS:  738 04:41:53     -224.851540        0.009661
BFGS:  739 04:41:53     -224.851616        0.009660
BFGS:  740 04:41:53     -224.851737        0.010154
BFGS:  741 04:41:53     -224.851943        0.010545
BFGS:  742 04:41:53     -224.852217        0.011858
BFGS:  743 04:41:53     -224.852435        0.013451
BFGS:  744 04:41:53     -224.852539        0.011307
BFGS:  745 04:41:54     -224.852597        0.009886
BFGS:  746 04:41:54     -224.852677        0.009059
BFGS:  747 04:41:54     -224.852819        0.008361
BFGS:  748 04:41:54     -224.853005        0.009946
BFGS:  749 04:41:54     -224.853146        0.009216
BFGS:  750 04:41:54     -224.853208        0.008237
BFGS:  751 04:41:54     -224.853243        0.008185
BFGS:  752 04:41:54     -224.853295        0.007889
BFGS:  753 04:41:55     -224.853389        0.007184
BFGS:  754 04:41:55     -224.853513        0.007766
BFGS:  755 04:41:55     -224.853616        0.008698
BFGS:  756 04:41:55     -224.853671        0.009377
BFGS:  757 04:41:55     -224.853707        0.009615
BFGS:  758 04:41:55     -224.853757        0.008940
BFGS:  759 04:41:55     -224.853846        0.008076
BFGS:  760 04:41:56     -224.853973        0.009390
BFGS:  761 04:41:56     -224.854082        0.009633
BFGS:  762 04:41:56     -224.854133        0.007930
BFGS:  763 04:41:56     -224.854161        0.007524
BFGS:  764 04:41:56     -224.854194        0.007080
BFGS:  765 04:41:56     -224.854252        0.005986
BFGS:  766 04:41:56     -224.854332        0.006412
BFGS:  767 04:41:56     -224.854404        0.006750
BFGS:  768 04:41:57     -224.854441        0.006979
BFGS:  769 04:41:57     -224.854459        0.006117
BFGS:  770 04:41:57     -224.854482        0.005512
BFGS:  771 04:41:57     -224.854524        0.005296
BFGS:  772 04:41:57     -224.854585        0.005251
BFGS:  773 04:41:57     -224.854638        0.004743
BFGS:  774 04:41:57     -224.854665        0.005034
BFGS:  775 04:41:57     -224.854678        0.005456
BFGS:  776 04:41:58     -224.854694        0.005436
BFGS:  777 04:41:58     -224.854723        0.004673
BFGS:  778 04:41:58     -224.854763        0.004200
BFGS:  779 04:41:58     -224.854797        0.004684
BFGS:  780 04:41:58     -224.854813        0.004035
BFGS:  781 04:41:58     -224.854821        0.003792
BFGS:  782 04:41:58     -224.854833        0.004151
BFGS:  783 04:41:58     -224.854855        0.004899
BFGS:  784 04:41:59     -224.854888        0.005230
BFGS:  785 04:41:59     -224.854918        0.004348
BFGS:  786 04:41:59     -224.854934        0.003662
BFGS:  787 04:41:59     -224.854941        0.003757
BFGS:  788 04:41:59     -224.854949        0.003517
BFGS:  789 04:41:59     -224.854964        0.003772
BFGS:  790 04:41:59     -224.854986        0.004537
BFGS:  791 04:41:59     -224.855010        0.004421
BFGS:  792 04:42:00     -224.855024        0.002837
BFGS:  793 04:42:00     -224.855028        0.002208
BFGS:  794 04:42:00     -224.855031        0.002375
BFGS:  795 04:42:00     -224.855036        0.002885
BFGS:  796 04:42:00     -224.855044        0.003279
BFGS:  797 04:42:00     -224.855055        0.003145
BFGS:  798 04:42:00     -224.855062        0.002568
BFGS:  799 04:42:00     -224.855066        0.002761
BFGS:  800 04:42:01     -224.855067        0.002659
BFGS:  801 04:42:01     -224.855070        0.002402
BFGS:  802 04:42:01     -224.855074        0.001990
BFGS:  803 04:42:01     -224.855081        0.001892
BFGS:  804 04:42:01     -224.855087        0.001776
BFGS:  805 04:42:01     -224.855089        0.001694
BFGS:  806 04:42:01     -224.855091        0.001608
BFGS:  807 04:42:01     -224.855093        0.001528
BFGS:  808 04:42:02     -224.855096        0.001322
BFGS:  809 04:42:02     -224.855100        0.001444
BFGS:  810 04:42:02     -224.855103        0.001412
BFGS:  811 04:42:02     -224.855104        0.001308
BFGS:  812 04:42:02     -224.855104        0.001186
BFGS:  813 04:42:02     -224.855105        0.001049
BFGS:  814 04:42:02     -224.855107        0.001112
BFGS:  815 04:42:02     -224.855109        0.001351
BFGS:  816 04:42:03     -224.855111        0.001526
BFGS:  817 04:42:03     -224.855111        0.001538
BFGS:  818 04:42:03     -224.855112        0.001469
BFGS:  819 04:42:03     -224.855112        0.001300
BFGS:  820 04:42:03     -224.855114        0.001019
BFGS:  821 04:42:03     -224.855115        0.001076
BFGS:  822 04:42:03     -224.855117        0.001086
BFGS:  823 04:42:03     -224.855117        0.001050
BFGS:  824 04:42:04     -224.855117        0.001010
BFGS:  825 04:42:04     -224.855118        0.000955
