      Step     Time          Energy          fmax
BFGS:    0 21:35:53     -198.158720        0.958913
BFGS:    1 21:35:53     -198.570465        0.870575
BFGS:    2 21:35:53     -200.633157        0.693854
BFGS:    3 21:35:53     -200.693415        0.685106
BFGS:    4 21:35:53     -201.226906        0.589309
BFGS:    5 21:35:53     -201.271717        0.578661
BFGS:    6 21:35:53     -201.486703        0.536867
BFGS:    7 21:35:53     -201.722605        0.544518
BFGS:    8 21:35:54     -201.986466        0.567566
BFGS:    9 21:35:54     -202.268245        0.551973
BFGS:   10 21:35:54     -202.554053        0.508134
BFGS:   11 21:35:54     -202.830092        0.443163
BFGS:   12 21:35:54     -203.083365        0.363508
BFGS:   13 21:35:54     -203.301676        0.342403
BFGS:   14 21:35:54     -203.474085        0.330253
BFGS:   15 21:35:54     -203.593543        0.325076
BFGS:   16 21:35:55     -203.657341        0.326031
BFGS:   17 21:35:55     -203.802200        0.331454
BFGS:   18 21:35:55     -204.016511        0.367342
BFGS:   19 21:35:55     -204.237026        0.329135
BFGS:   20 21:35:55     -204.437667        0.253640
BFGS:   21 21:35:55     -204.568314        0.214231
BFGS:   22 21:35:55     -204.594360        0.201063
BFGS:   23 21:35:55     -204.606410        0.193168
BFGS:   24 21:35:56     -204.617428        0.185690
BFGS:   25 21:35:56     -204.637390        0.173285
BFGS:   26 21:35:56     -204.673594        0.153544
BFGS:   27 21:35:56     -204.721453        0.132556
BFGS:   28 21:35:56     -204.778017        0.112142
BFGS:   29 21:35:56     -204.833674        0.096677
BFGS:   30 21:35:56     -204.847296        0.091541
BFGS:   31 21:35:56     -204.856427        0.093124
BFGS:   32 21:35:57     -204.864121        0.088507
BFGS:   33 21:35:57     -204.880140        0.077063
BFGS:   34 21:35:57     -204.902659        0.063881
BFGS:   35 21:35:57     -204.924534        0.048058
BFGS:   36 21:35:57     -204.933340        0.038899
BFGS:   37 21:35:57     -204.935036        0.040803
BFGS:   38 21:35:57     -204.935498        0.041796
BFGS:   39 21:35:58     -204.936223        0.042730
BFGS:   40 21:35:58     -204.937833        0.043612
BFGS:   41 21:35:58     -204.941307        0.043835
BFGS:   42 21:35:58     -204.947745        0.043450
BFGS:   43 21:35:58     -204.956239        0.041546
BFGS:   44 21:35:58     -204.962181        0.039586
BFGS:   45 21:35:58     -204.964342        0.040428
BFGS:   46 21:35:58     -204.965364        0.038475
BFGS:   47 21:35:59     -204.967018        0.034936
BFGS:   48 21:35:59     -204.970846        0.028342
BFGS:   49 21:35:59     -204.977942        0.037253
BFGS:   50 21:35:59     -204.987070        0.038846
BFGS:   51 21:35:59     -204.992832        0.037160
BFGS:   52 21:35:59     -204.994460        0.037012
BFGS:   53 21:35:59     -204.994795        0.036262
BFGS:   54 21:35:59     -204.995081        0.035676
BFGS:   55 21:36:00     -204.996127        0.034165
BFGS:   56 21:36:00     -204.998191        0.032138
BFGS:   57 21:36:00     -205.002253        0.029439
BFGS:   58 21:36:00     -205.006978        0.027847
BFGS:   59 21:36:00     -205.009691        0.028772
BFGS:   60 21:36:00     -205.010468        0.030296
BFGS:   61 21:36:00     -205.010728        0.031053
BFGS:   62 21:36:00     -205.011142        0.031815
BFGS:   63 21:36:01     -205.012020        0.032595
BFGS:   64 21:36:01     -205.013366        0.032675
BFGS:   65 21:36:01     -205.014883        0.049134
BFGS:   66 21:36:01     -205.016237        0.060000
BFGS:   67 21:36:01     -205.017794        0.061555
BFGS:   68 21:36:01     -205.020420        0.054359
BFGS:   69 21:36:01     -205.024828        0.035670
BFGS:   70 21:36:01     -205.030068        0.028936
BFGS:   71 21:36:02     -205.033284        0.027028
BFGS:   72 21:36:02     -205.034060        0.029159
BFGS:   73 21:36:02     -205.034225        0.029704
BFGS:   74 21:36:02     -205.034459        0.030170
BFGS:   75 21:36:02     -205.034985        0.030796
BFGS:   76 21:36:02     -205.035967        0.031498
BFGS:   77 21:36:02     -205.037332        0.031936
BFGS:   78 21:36:02     -205.038549        0.037932
BFGS:   79 21:36:03     -205.039358        0.037188
BFGS:   80 21:36:03     -205.040105        0.031900
BFGS:   81 21:36:03     -205.041308        0.030421
BFGS:   82 21:36:03     -205.043034        0.030445
BFGS:   83 21:36:03     -205.044714        0.031277
BFGS:   84 21:36:03     -205.045855        0.035641
BFGS:   85 21:36:03     -205.046844        0.036846
BFGS:   86 21:36:03     -205.048543        0.036660
BFGS:   87 21:36:04     -205.052180        0.038018
BFGS:   88 21:36:04     -205.058921        0.044495
BFGS:   89 21:36:04     -205.064965        0.043246
BFGS:   90 21:36:04     -205.070375        0.035624
BFGS:   91 21:36:04     -205.074330        0.027598
BFGS:   92 21:36:04     -205.075920        0.025543
BFGS:   93 21:36:04     -205.076340        0.025131
BFGS:   94 21:36:04     -205.078146        0.023755
BFGS:   95 21:36:05     -205.080132        0.028867
BFGS:   96 21:36:05     -205.083062        0.044700
BFGS:   97 21:36:05     -205.085366        0.052606
BFGS:   98 21:36:05     -205.087370        0.052806
BFGS:   99 21:36:05     -205.089908        0.047853
BFGS:  100 21:36:05     -205.094225        0.040921
BFGS:  101 21:36:05     -205.099917        0.045815
BFGS:  102 21:36:05     -205.104529        0.057144
BFGS:  103 21:36:06     -205.106715        0.056519
BFGS:  104 21:36:06     -205.107764        0.049248
BFGS:  105 21:36:06     -205.109079        0.038247
BFGS:  106 21:36:06     -205.111238        0.023125
BFGS:  107 21:36:06     -205.113330        0.024392
BFGS:  108 21:36:06     -205.114268        0.025599
BFGS:  109 21:36:06     -205.114455        0.025849
BFGS:  110 21:36:06     -205.114501        0.025780
BFGS:  111 21:36:07     -205.114577        0.025601
BFGS:  112 21:36:07     -205.114765        0.025193
BFGS:  113 21:36:07     -205.115213        0.024368
BFGS:  114 21:36:07     -205.116213        0.022840
BFGS:  115 21:36:07     -205.118052        0.020819
BFGS:  116 21:36:07     -205.120355        0.026659
BFGS:  117 21:36:07     -205.121897        0.025000
BFGS:  118 21:36:08     -205.122613        0.024473
BFGS:  119 21:36:08     -205.123292        0.024020
BFGS:  120 21:36:08     -205.124535        0.024613
BFGS:  121 21:36:08     -205.126735        0.022457
BFGS:  122 21:36:08     -205.129447        0.018769
BFGS:  123 21:36:08     -205.131182        0.016336
BFGS:  124 21:36:08     -205.131649        0.015688
BFGS:  125 21:36:08     -205.131782        0.015176
BFGS:  126 21:36:09     -205.131997        0.014426
BFGS:  127 21:36:09     -205.132504        0.013106
BFGS:  128 21:36:09     -205.133623        0.015337
BFGS:  129 21:36:09     -205.135609        0.023535
BFGS:  130 21:36:09     -205.137922        0.025868
BFGS:  131 21:36:09     -205.139392        0.020470
BFGS:  132 21:36:09     -205.139955        0.017763
BFGS:  133 21:36:09     -205.140277        0.017113
BFGS:  134 21:36:10     -205.140905        0.014383
BFGS:  135 21:36:10     -205.142091        0.013444
BFGS:  136 21:36:10     -205.143745        0.015696
BFGS:  137 21:36:10     -205.144962        0.015373
BFGS:  138 21:36:10     -205.145396        0.015132
BFGS:  139 21:36:10     -205.145539        0.014368
BFGS:  140 21:36:10     -205.145656        0.013141
BFGS:  141 21:36:10     -205.145927        0.010826
BFGS:  142 21:36:11     -205.146249        0.013001
BFGS:  143 21:36:11     -205.146520        0.018509
BFGS:  144 21:36:11     -205.146674        0.017646
BFGS:  145 21:36:11     -205.146792        0.014719
BFGS:  146 21:36:11     -205.146909        0.012189
BFGS:  147 21:36:11     -205.147015        0.012169
BFGS:  148 21:36:11     -205.147076        0.011731
BFGS:  149 21:36:11     -205.147103        0.011594
BFGS:  150 21:36:12     -205.147125        0.011535
BFGS:  151 21:36:12     -205.147177        0.011380
BFGS:  152 21:36:12     -205.147296        0.011178
BFGS:  153 21:36:12     -205.147518        0.010913
BFGS:  154 21:36:12     -205.147789        0.010773
BFGS:  155 21:36:12     -205.147966        0.010877
BFGS:  156 21:36:12     -205.148044        0.011059
BFGS:  157 21:36:12     -205.148096        0.011377
BFGS:  158 21:36:13     -205.148193        0.011760
BFGS:  159 21:36:13     -205.148410        0.012190
BFGS:  160 21:36:13     -205.148863        0.020756
BFGS:  161 21:36:13     -205.149596        0.034797
BFGS:  162 21:36:13     -205.150403        0.044478
BFGS:  163 21:36:13     -205.151013        0.043721
BFGS:  164 21:36:13     -205.151492        0.036632
BFGS:  165 21:36:13     -205.152043        0.025979
BFGS:  166 21:36:14     -205.152695        0.012562
BFGS:  167 21:36:14     -205.153211        0.012239
BFGS:  168 21:36:14     -205.153486        0.013408
BFGS:  169 21:36:14     -205.153678        0.013567
BFGS:  170 21:36:14     -205.153910        0.011630
BFGS:  171 21:36:14     -205.154248        0.010031
BFGS:  172 21:36:14     -205.154681        0.013877
BFGS:  173 21:36:14     -205.155104        0.019177
BFGS:  174 21:36:15     -205.155543        0.023272
BFGS:  175 21:36:15     -205.156079        0.022854
BFGS:  176 21:36:15     -205.156567        0.016735
BFGS:  177 21:36:15     -205.156674        0.010829
BFGS:  178 21:36:15     -205.156711        0.008714
BFGS:  179 21:36:15     -205.156766        0.008543
BFGS:  180 21:36:15     -205.156807        0.008377
BFGS:  181 21:36:15     -205.156849        0.008201
BFGS:  182 21:36:16     -205.156873        0.008105
BFGS:  183 21:36:16     -205.156900        0.008052
BFGS:  184 21:36:16     -205.156953        0.008852
BFGS:  185 21:36:16     -205.157049        0.009079
BFGS:  186 21:36:16     -205.157180        0.008874
BFGS:  187 21:36:16     -205.157283        0.009786
BFGS:  188 21:36:16     -205.157331        0.008560
BFGS:  189 21:36:16     -205.157357        0.008495
BFGS:  190 21:36:17     -205.157390        0.008501
BFGS:  191 21:36:17     -205.157433        0.008463
BFGS:  192 21:36:17     -205.157469        0.008383
BFGS:  193 21:36:17     -205.157490        0.008319
BFGS:  194 21:36:17     -205.157509        0.008272
BFGS:  195 21:36:17     -205.157546        0.008213
BFGS:  196 21:36:17     -205.157629        0.008123
BFGS:  197 21:36:17     -205.157802        0.011761
BFGS:  198 21:36:18     -205.158089        0.020531
BFGS:  199 21:36:18     -205.158430        0.025998
BFGS:  200 21:36:18     -205.158727        0.029218
BFGS:  201 21:36:18     -205.158997        0.028399
BFGS:  202 21:36:18     -205.159359        0.022009
BFGS:  203 21:36:18     -205.159875        0.015356
BFGS:  204 21:36:18     -205.160386        0.018349
BFGS:  205 21:36:18     -205.160690        0.019490
BFGS:  206 21:36:19     -205.160862        0.019204
BFGS:  207 21:36:19     -205.161059        0.016264
BFGS:  208 21:36:19     -205.161373        0.010941
BFGS:  209 21:36:19     -205.161746        0.021046
BFGS:  210 21:36:19     -205.162043        0.025228
BFGS:  211 21:36:19     -205.162250        0.023058
BFGS:  212 21:36:19     -205.162495        0.018328
BFGS:  213 21:36:19     -205.162937        0.017647
BFGS:  214 21:36:20     -205.163629        0.019501
BFGS:  215 21:36:20     -205.164397        0.027088
BFGS:  216 21:36:20     -205.164948        0.032090
BFGS:  217 21:36:20     -205.165381        0.032932
BFGS:  218 21:36:20     -205.165955        0.029167
BFGS:  219 21:36:20     -205.166818        0.025841
BFGS:  220 21:36:20     -205.167937        0.022273
BFGS:  221 21:36:21     -205.168841        0.026179
BFGS:  222 21:36:21     -205.169532        0.023035
BFGS:  223 21:36:21     -205.170015        0.019881
BFGS:  224 21:36:21     -205.170684        0.022978
BFGS:  225 21:36:21     -205.171183        0.015363
BFGS:  226 21:36:21     -205.171711        0.017176
BFGS:  227 21:36:21     -205.172157        0.022075
BFGS:  228 21:36:21     -205.172792        0.024726
BFGS:  229 21:36:22     -205.173921        0.036559
BFGS:  230 21:36:22     -205.175236        0.038558
BFGS:  231 21:36:22     -205.176322        0.036669
BFGS:  232 21:36:22     -205.177388        0.035517
BFGS:  233 21:36:22     -205.178881        0.032209
BFGS:  234 21:36:22     -205.180677        0.033457
BFGS:  235 21:36:22     -205.180263        0.036620
BFGS:  236 21:36:22     -205.181777        0.029478
BFGS:  237 21:36:23     -205.182250        0.025424
BFGS:  238 21:36:23     -205.183606        0.021763
BFGS:  239 21:36:23     -205.184864        0.019761
BFGS:  240 21:36:23     -205.185721        0.023030
BFGS:  241 21:36:23     -205.186156        0.029128
BFGS:  242 21:36:23     -205.186423        0.020331
BFGS:  243 21:36:23     -205.186877        0.009547
BFGS:  244 21:36:23     -205.187050        0.008601
BFGS:  245 21:36:24     -205.187154        0.006080
BFGS:  246 21:36:24     -205.187184        0.005373
BFGS:  247 21:36:24     -205.187222        0.005484
BFGS:  248 21:36:24     -205.187258        0.005781
BFGS:  249 21:36:24     -205.187323        0.006740
BFGS:  250 21:36:24     -205.187422        0.007920
BFGS:  251 21:36:24     -205.187548        0.008638
BFGS:  252 21:36:24     -205.187642        0.007519
BFGS:  253 21:36:25     -205.187688        0.006318
BFGS:  254 21:36:25     -205.187712        0.006135
BFGS:  255 21:36:25     -205.187738        0.005901
BFGS:  256 21:36:25     -205.187775        0.005435
BFGS:  257 21:36:25     -205.187830        0.005685
BFGS:  258 21:36:25     -205.187883        0.006503
BFGS:  259 21:36:25     -205.187912        0.005650
BFGS:  260 21:36:25     -205.187925        0.005195
BFGS:  261 21:36:26     -205.187936        0.005132
BFGS:  262 21:36:26     -205.187949        0.005075
BFGS:  263 21:36:26     -205.187966        0.005042
BFGS:  264 21:36:26     -205.187980        0.005066
BFGS:  265 21:36:26     -205.187988        0.005117
BFGS:  266 21:36:26     -205.187993        0.005162
BFGS:  267 21:36:26     -205.187999        0.005202
BFGS:  268 21:36:27     -205.188008        0.005236
BFGS:  269 21:36:27     -205.188024        0.005243
BFGS:  270 21:36:27     -205.188040        0.005188
BFGS:  271 21:36:27     -205.188051        0.005098
BFGS:  272 21:36:27     -205.188058        0.005027
BFGS:  273 21:36:27     -205.188067        0.004962
BFGS:  274 21:36:27     -205.188080        0.004895
BFGS:  275 21:36:27     -205.188099        0.004858
BFGS:  276 21:36:28     -205.188115        0.004883
BFGS:  277 21:36:28     -205.188125        0.005264
BFGS:  278 21:36:28     -205.188135        0.005685
BFGS:  279 21:36:28     -205.188153        0.005844
BFGS:  280 21:36:28     -205.188193        0.005673
BFGS:  281 21:36:28     -205.188275        0.008342
BFGS:  282 21:36:28     -205.188402        0.010527
BFGS:  283 21:36:28     -205.188526        0.012558
BFGS:  284 21:36:29     -205.188599        0.011112
BFGS:  285 21:36:29     -205.188646        0.008588
BFGS:  286 21:36:29     -205.188710        0.006398
BFGS:  287 21:36:29     -205.188820        0.005892
BFGS:  288 21:36:29     -205.188961        0.008898
BFGS:  289 21:36:29     -205.189077        0.012692
BFGS:  290 21:36:29     -205.189145        0.012578
BFGS:  291 21:36:29     -205.189203        0.011909
BFGS:  292 21:36:30     -205.189297        0.011324
BFGS:  293 21:36:30     -205.189438        0.010194
BFGS:  294 21:36:30     -205.189569        0.009741
BFGS:  295 21:36:30     -205.189633        0.010145
BFGS:  296 21:36:30     -205.189665        0.008466
BFGS:  297 21:36:30     -205.189703        0.005978
BFGS:  298 21:36:30     -205.189773        0.005352
BFGS:  299 21:36:30     -205.189890        0.006363
BFGS:  300 21:36:31     -205.190027        0.007576
BFGS:  301 21:36:31     -205.190122        0.007607
BFGS:  302 21:36:31     -205.190161        0.006988
BFGS:  303 21:36:31     -205.190175        0.005580
BFGS:  304 21:36:31     -205.190188        0.003918
BFGS:  305 21:36:31     -205.190202        0.002930
BFGS:  306 21:36:31     -205.190212        0.002725
BFGS:  307 21:36:31     -205.190218        0.003187
BFGS:  308 21:36:32     -205.190222        0.002965
BFGS:  309 21:36:32     -205.190229        0.002199
BFGS:  310 21:36:32     -205.190237        0.002180
BFGS:  311 21:36:32     -205.190244        0.002170
BFGS:  312 21:36:32     -205.190247        0.002165
BFGS:  313 21:36:32     -205.190248        0.002176
BFGS:  314 21:36:32     -205.190249        0.002184
BFGS:  315 21:36:32     -205.190251        0.002199
BFGS:  316 21:36:33     -205.190254        0.002207
BFGS:  317 21:36:33     -205.190257        0.002204
BFGS:  318 21:36:33     -205.190259        0.002186
BFGS:  319 21:36:33     -205.190260        0.002174
BFGS:  320 21:36:33     -205.190261        0.002159
BFGS:  321 21:36:33     -205.190264        0.002147
BFGS:  322 21:36:33     -205.190268        0.002143
BFGS:  323 21:36:33     -205.190270        0.002157
BFGS:  324 21:36:34     -205.190271        0.002174
BFGS:  325 21:36:34     -205.190272        0.002188
BFGS:  326 21:36:34     -205.190274        0.002203
BFGS:  327 21:36:34     -205.190276        0.002219
BFGS:  328 21:36:34     -205.190280        0.002480
BFGS:  329 21:36:34     -205.190284        0.003215
BFGS:  330 21:36:34     -205.190287        0.003110
BFGS:  331 21:36:34     -205.190290        0.003026
BFGS:  332 21:36:35     -205.190294        0.002499
BFGS:  333 21:36:35     -205.190300        0.002328
BFGS:  334 21:36:35     -205.190308        0.002576
BFGS:  335 21:36:35     -205.190313        0.002854
BFGS:  336 21:36:35     -205.190316        0.002447
BFGS:  337 21:36:35     -205.190320        0.002564
BFGS:  338 21:36:35     -205.190327        0.002429
BFGS:  339 21:36:36     -205.190340        0.002864
BFGS:  340 21:36:36     -205.190357        0.003407
BFGS:  341 21:36:36     -205.190370        0.003594
BFGS:  342 21:36:36     -205.190379        0.004170
BFGS:  343 21:36:36     -205.190391        0.004503
BFGS:  344 21:36:36     -205.190418        0.005346
BFGS:  345 21:36:36     -205.190485        0.008696
BFGS:  346 21:36:36     -205.190684        0.017423
BFGS:  347 21:36:37     -205.191113        0.033362
BFGS:  348 21:36:37     -205.190988        0.045810
BFGS:  349 21:36:37     -205.191730        0.035360
BFGS:  350 21:36:37     -205.192127        0.027306
BFGS:  351 21:36:37     -205.192810        0.031031
BFGS:  352 21:36:37     -205.193383        0.032674
BFGS:  353 21:36:37     -205.193835        0.027897
BFGS:  354 21:36:37     -205.196075        0.030121
BFGS:  355 21:36:38     -205.197764        0.048331
BFGS:  356 21:36:38     -205.199258        0.059320
BFGS:  357 21:36:38     -205.200896        0.070711
BFGS:  358 21:36:38     -205.202880        0.083493
BFGS:  359 21:36:38     -205.204972        0.088441
BFGS:  360 21:36:38     -205.207452        0.077304
BFGS:  361 21:36:38     -205.212594        0.065813
BFGS:  362 21:36:38     -205.220554        0.049730
BFGS:  363 21:36:39     -205.227944        0.063196
BFGS:  364 21:36:39     -205.232290        0.067252
BFGS:  365 21:36:39     -205.235226        0.057565
BFGS:  366 21:36:39     -205.238381        0.052926
BFGS:  367 21:36:39     -205.242695        0.055325
BFGS:  368 21:36:39     -205.250530        0.054761
BFGS:  369 21:36:39     -205.260758        0.051830
BFGS:  370 21:36:39     -205.269140        0.057261
BFGS:  371 21:36:40     -205.273596        0.060522
BFGS:  372 21:36:40     -205.276371        0.056246
BFGS:  373 21:36:40     -205.278671        0.054666
BFGS:  374 21:36:40     -205.280314        0.047121
BFGS:  375 21:36:40     -205.283222        0.046725
BFGS:  376 21:36:40     -205.286731        0.050826
BFGS:  377 21:36:40     -205.291125        0.066703
BFGS:  378 21:36:40     -205.294144        0.062082
BFGS:  379 21:36:41     -205.295677        0.062085
BFGS:  380 21:36:41     -205.298067        0.060384
BFGS:  381 21:36:41     -205.301343        0.054961
BFGS:  382 21:36:41     -205.304688        0.041886
BFGS:  383 21:36:41     -205.306937        0.041746
BFGS:  384 21:36:41     -205.308074        0.040429
BFGS:  385 21:36:45     -205.308756        0.034430
BFGS:  386 21:36:45     -205.309694        0.032731
BFGS:  387 21:36:45     -205.311181        0.034024
BFGS:  388 21:36:45     -205.312986        0.040420
BFGS:  389 21:36:45     -205.314385        0.045048
BFGS:  390 21:36:45     -205.315177        0.041803
BFGS:  391 21:36:46     -205.315749        0.035040
BFGS:  392 21:36:46     -205.316485        0.026864
BFGS:  393 21:36:46     -205.317533        0.022157
BFGS:  394 21:36:46     -205.318512        0.019256
BFGS:  395 21:36:46     -205.319034        0.020893
BFGS:  396 21:36:46     -205.319245        0.019040
BFGS:  397 21:36:46     -205.319420        0.016911
BFGS:  398 21:36:46     -205.319742        0.012519
BFGS:  399 21:36:47     -205.320315        0.011025
BFGS:  400 21:36:47     -205.320880        0.015645
BFGS:  401 21:36:47     -205.321186        0.016884
BFGS:  402 21:36:47     -205.321295        0.014013
BFGS:  403 21:36:47     -205.321364        0.010382
BFGS:  404 21:36:47     -205.321466        0.007776
BFGS:  405 21:36:47     -205.321596        0.008319
BFGS:  406 21:36:48     -205.321699        0.010850
BFGS:  407 21:36:48     -205.321755        0.012516
BFGS:  408 21:36:48     -205.321794        0.011476
BFGS:  409 21:36:48     -205.321847        0.008622
BFGS:  410 21:36:48     -205.321927        0.006173
BFGS:  411 21:36:48     -205.322012        0.005766
BFGS:  412 21:36:48     -205.322065        0.006626
BFGS:  413 21:36:48     -205.322090        0.006645
BFGS:  414 21:36:49     -205.322108        0.005532
BFGS:  415 21:36:49     -205.322132        0.005018
BFGS:  416 21:36:49     -205.322167        0.005013
BFGS:  417 21:36:49     -205.322206        0.004925
BFGS:  418 21:36:49     -205.322236        0.004888
BFGS:  419 21:36:49     -205.322252        0.004912
BFGS:  420 21:36:49     -205.322263        0.004751
BFGS:  421 21:36:49     -205.322277        0.004772
BFGS:  422 21:36:50     -205.322296        0.004810
BFGS:  423 21:36:50     -205.322316        0.004838
BFGS:  424 21:36:50     -205.322327        0.004835
BFGS:  425 21:36:50     -205.322333        0.004812
BFGS:  426 21:36:50     -205.322338        0.004788
BFGS:  427 21:36:50     -205.322346        0.004757
BFGS:  428 21:36:50     -205.322362        0.004727
BFGS:  429 21:36:50     -205.322383        0.004718
BFGS:  430 21:36:51     -205.322403        0.004744
BFGS:  431 21:36:51     -205.322415        0.004784
BFGS:  432 21:36:51     -205.322422        0.004808
BFGS:  433 21:36:51     -205.322430        0.004822
BFGS:  434 21:36:51     -205.322442        0.004820
BFGS:  435 21:36:51     -205.322454        0.004796
BFGS:  436 21:36:51     -205.322461        0.004771
BFGS:  437 21:36:51     -205.322464        0.004759
BFGS:  438 21:36:52     -205.322469        0.004754
BFGS:  439 21:36:52     -205.322479        0.004753
BFGS:  440 21:36:52     -205.322496        0.004756
BFGS:  441 21:36:52     -205.322516        0.004758
BFGS:  442 21:36:52     -205.322529        0.004753
BFGS:  443 21:36:52     -205.322534        0.004742
BFGS:  444 21:36:52     -205.322538        0.004731
BFGS:  445 21:36:52     -205.322544        0.004713
BFGS:  446 21:36:53     -205.322554        0.004689
BFGS:  447 21:36:53     -205.322568        0.004670
BFGS:  448 21:36:53     -205.322580        0.005208
BFGS:  449 21:36:53     -205.322587        0.005138
BFGS:  450 21:36:53     -205.322592        0.004711
BFGS:  451 21:36:53     -205.322601        0.004732
BFGS:  452 21:36:53     -205.322615        0.004742
BFGS:  453 21:36:53     -205.322629        0.004722
BFGS:  454 21:36:54     -205.322636        0.004684
BFGS:  455 21:36:54     -205.322640        0.004655
BFGS:  456 21:36:54     -205.322644        0.004629
BFGS:  457 21:36:54     -205.322652        0.004594
BFGS:  458 21:36:54     -205.322667        0.004557
BFGS:  459 21:36:54     -205.322686        0.004670
BFGS:  460 21:36:54     -205.322700        0.004861
BFGS:  461 21:36:55     -205.322708        0.004598
BFGS:  462 21:36:55     -205.322714        0.004624
BFGS:  463 21:36:55     -205.322724        0.004645
BFGS:  464 21:36:55     -205.322740        0.004645
BFGS:  465 21:36:55     -205.322758        0.004607
BFGS:  466 21:36:55     -205.322770        0.004781
BFGS:  467 21:36:55     -205.322778        0.004505
BFGS:  468 21:36:55     -205.322790        0.004458
BFGS:  469 21:36:56     -205.322814        0.005178
BFGS:  470 21:36:56     -205.322851        0.004852
BFGS:  471 21:36:56     -205.322891        0.005401
BFGS:  472 21:36:56     -205.322916        0.005068
BFGS:  473 21:36:56     -205.322929        0.005098
BFGS:  474 21:36:56     -205.322946        0.005882
BFGS:  475 21:36:56     -205.322982        0.007324
BFGS:  476 21:36:56     -205.323053        0.007874
BFGS:  477 21:36:57     -205.323167        0.010510
BFGS:  478 21:36:57     -205.323284        0.010916
BFGS:  479 21:36:57     -205.323366        0.011482
BFGS:  480 21:36:57     -205.323429        0.011335
BFGS:  481 21:36:57     -205.323523        0.011308
BFGS:  482 21:36:57     -205.323699        0.011532
BFGS:  483 21:36:57     -205.323964        0.013416
BFGS:  484 21:36:57     -205.324241        0.017644
BFGS:  485 21:36:58     -205.324462        0.019324
BFGS:  486 21:36:58     -205.324696        0.021568
BFGS:  487 21:36:58     -205.325142        0.027132
BFGS:  488 21:36:58     -205.325922        0.038400
BFGS:  489 21:36:58     -205.327022        0.040828
BFGS:  490 21:36:58     -205.327505        0.057944
BFGS:  491 21:36:58     -205.328208        0.049462
BFGS:  492 21:36:58     -205.331064        0.027918
BFGS:  493 21:36:59     -205.332561        0.033323
BFGS:  494 21:36:59     -205.333467        0.033028
BFGS:  495 21:36:59     -205.335344        0.045823
BFGS:  496 21:36:59     -205.336424        0.046471
BFGS:  497 21:36:59     -205.338780        0.044863
BFGS:  498 21:36:59     -205.340481        0.040357
BFGS:  499 21:36:59     -205.342529        0.047339
BFGS:  500 21:37:00     -205.343642        0.051439
BFGS:  501 21:37:00     -205.344724        0.056479
BFGS:  502 21:37:00     -205.346346        0.054781
BFGS:  503 21:37:00     -205.348869        0.043077
BFGS:  504 21:37:00     -205.351374        0.035174
BFGS:  505 21:37:00     -205.352745        0.038495
BFGS:  506 21:37:00     -205.353600        0.033234
BFGS:  507 21:37:00     -205.354168        0.030368
BFGS:  508 21:37:01     -205.355858        0.028178
BFGS:  509 21:37:01     -205.358464        0.029981
BFGS:  510 21:37:01     -205.362723        0.048599
BFGS:  511 21:37:01     -205.366342        0.058765
BFGS:  512 21:37:01     -205.368545        0.051900
BFGS:  513 21:37:01     -205.369695        0.043218
BFGS:  514 21:37:01     -205.371307        0.036854
BFGS:  515 21:37:01     -205.374172        0.033676
BFGS:  516 21:37:02     -205.378016        0.057612
BFGS:  517 21:37:02     -205.381316        0.085678
BFGS:  518 21:37:02     -205.383342        0.087592
BFGS:  519 21:37:02     -205.385001        0.075621
BFGS:  520 21:37:02     -205.387643        0.062186
BFGS:  521 21:37:02     -205.391656        0.044870
BFGS:  522 21:37:02     -205.395527        0.044223
BFGS:  523 21:37:02     -205.398023        0.058714
BFGS:  524 21:37:03     -205.399240        0.048733
BFGS:  525 21:37:03     -205.400372        0.039894
BFGS:  526 21:37:03     -205.402474        0.037710
BFGS:  527 21:37:03     -205.408004        0.041528
BFGS:  528 21:37:03     -205.412855        0.052095
BFGS:  529 21:37:03     -205.415243        0.062332
BFGS:  530 21:37:03     -205.416451        0.061590
BFGS:  531 21:37:03     -205.418120        0.053892
BFGS:  532 21:37:04     -205.421147        0.043154
BFGS:  533 21:37:04     -205.425012        0.047395
BFGS:  534 21:37:04     -205.427836        0.057391
BFGS:  535 21:37:04     -205.429122        0.050484
BFGS:  536 21:37:04     -205.429998        0.046950
BFGS:  537 21:37:04     -205.431351        0.040644
BFGS:  538 21:37:04     -205.434444        0.036676
BFGS:  539 21:37:04     -205.437419        0.058492
BFGS:  540 21:37:05     -205.439552        0.061126
BFGS:  541 21:37:05     -205.440910        0.060455
BFGS:  542 21:37:05     -205.442596        0.056150
BFGS:  543 21:37:05     -205.445447        0.056488
BFGS:  544 21:37:05     -205.449294        0.047255
BFGS:  545 21:37:06     -205.452414        0.043018
BFGS:  546 21:37:06     -205.453980        0.045767
BFGS:  547 21:37:06     -205.454976        0.048210
BFGS:  548 21:37:06     -205.456457        0.048966
BFGS:  549 21:37:06     -205.460092        0.049075
BFGS:  550 21:37:06     -205.467451        0.063916
BFGS:  551 21:37:06     -205.474569        0.066167
BFGS:  552 21:37:06     -205.478943        0.051558
BFGS:  553 21:37:07     -205.480888        0.044006
BFGS:  554 21:37:07     -205.481920        0.044054
BFGS:  555 21:37:07     -205.484266        0.043207
BFGS:  556 21:37:07     -205.491444        0.045443
BFGS:  557 21:37:07     -205.500668        0.059798
BFGS:  558 21:37:07     -205.509488        0.070618
BFGS:  559 21:37:07     -205.513342        0.060255
BFGS:  560 21:37:07     -205.516163        0.060100
BFGS:  561 21:37:08     -205.518432        0.060769
BFGS:  562 21:37:08     -205.526643        0.067857
BFGS:  563 21:37:08     -205.539642        0.095552
BFGS:  564 21:37:08     -205.557215        0.101578
BFGS:  565 21:37:08     -205.568611        0.097863
BFGS:  566 21:37:08     -205.572867        0.089488
BFGS:  567 21:37:08     -205.576514        0.094183
BFGS:  568 21:37:08     -205.580623        0.089676
BFGS:  569 21:37:09     -205.604208        0.080991
BFGS:  570 21:37:09     -205.633092        0.106824
BFGS:  571 21:37:09     -205.651065        0.138146
BFGS:  572 21:37:09     -205.660224        0.142085
BFGS:  573 21:37:09     -205.668209        0.124223
BFGS:  574 21:37:09     -205.675217        0.101263
BFGS:  575 21:37:09     -205.688146        0.092910
BFGS:  576 21:37:10     -205.706186        0.097011
BFGS:  577 21:37:10     -205.719866        0.128290
BFGS:  578 21:37:10     -205.730151        0.121443
BFGS:  579 21:37:10     -205.738678        0.114878
BFGS:  580 21:37:10     -205.744521        0.114404
BFGS:  581 21:37:10     -205.755445        0.117451
BFGS:  582 21:37:10     -205.768735        0.112718
BFGS:  583 21:37:10     -205.784938        0.127030
BFGS:  584 21:37:11     -205.797537        0.103993
BFGS:  585 21:37:11     -205.804409        0.109157
BFGS:  586 21:37:11     -205.808662        0.116607
BFGS:  587 21:37:11     -205.814489        0.103548
BFGS:  588 21:37:11     -205.825219        0.085791
BFGS:  589 21:37:11     -205.842434        0.077411
BFGS:  590 21:37:11     -205.863390        0.087888
BFGS:  591 21:37:11     -205.876735        0.100832
BFGS:  592 21:37:12     -205.883168        0.091622
BFGS:  593 21:37:12     -205.886888        0.080225
BFGS:  594 21:37:12     -205.891023        0.076517
BFGS:  595 21:37:12     -205.902574        0.084439
BFGS:  596 21:37:12     -205.922831        0.101281
BFGS:  597 21:37:12     -205.946389        0.130375
BFGS:  598 21:37:12     -205.962226        0.124286
BFGS:  599 21:37:12     -205.972433        0.110371
BFGS:  600 21:37:13     -205.977208        0.091621
BFGS:  601 21:37:13     -205.982668        0.084651
BFGS:  602 21:37:13     -206.001647        0.081785
BFGS:  603 21:37:13     -206.012365        0.086781
BFGS:  604 21:37:13     -206.024833        0.159287
BFGS:  605 21:37:13     -206.033547        0.186360
BFGS:  606 21:37:13     -206.041092        0.179100
BFGS:  607 21:37:13     -206.049504        0.152357
BFGS:  608 21:37:14     -206.061421        0.093003
BFGS:  609 21:37:14     -206.073816        0.057250
BFGS:  610 21:37:14     -206.081778        0.054031
BFGS:  611 21:37:14     -206.084503        0.049460
BFGS:  612 21:37:14     -206.086045        0.048059
BFGS:  613 21:37:14     -206.088126        0.046768
BFGS:  614 21:37:14     -206.091765        0.047678
BFGS:  615 21:37:15     -206.097489        0.064173
BFGS:  616 21:37:15     -206.104774        0.073420
BFGS:  617 21:37:15     -206.110102        0.053386
BFGS:  618 21:37:15     -206.112286        0.040707
BFGS:  619 21:37:15     -206.113165        0.041018
BFGS:  620 21:37:15     -206.114033        0.041126
BFGS:  621 21:37:15     -206.115942        0.037868
BFGS:  622 21:37:15     -206.119127        0.042361
BFGS:  623 21:37:16     -206.123950        0.041776
BFGS:  624 21:37:16     -206.128293        0.035064
BFGS:  625 21:37:16     -206.130436        0.035588
BFGS:  626 21:37:16     -206.131167        0.033371
BFGS:  627 21:37:16     -206.131664        0.031497
BFGS:  628 21:37:16     -206.132760        0.028395
BFGS:  629 21:37:16     -206.134979        0.032710
BFGS:  630 21:37:16     -206.138358        0.038747
BFGS:  631 21:37:17     -206.141499        0.031112
BFGS:  632 21:37:17     -206.143008        0.027458
BFGS:  633 21:37:17     -206.143504        0.025880
BFGS:  634 21:37:17     -206.143837        0.026244
BFGS:  635 21:37:17     -206.144554        0.025611
BFGS:  636 21:37:17     -206.146076        0.023005
BFGS:  637 21:37:17     -206.148233        0.024387
BFGS:  638 21:37:17     -206.150199        0.028495
BFGS:  639 21:37:18     -206.151111        0.025330
BFGS:  640 21:37:18     -206.151413        0.025065
BFGS:  641 21:37:18     -206.151641        0.023829
BFGS:  642 21:37:18     -206.152101        0.022457
BFGS:  643 21:37:18     -206.153073        0.018856
BFGS:  644 21:37:18     -206.154401        0.022785
BFGS:  645 21:37:18     -206.155518        0.021957
BFGS:  646 21:37:18     -206.155994        0.022212
BFGS:  647 21:37:19     -206.156163        0.021598
BFGS:  648 21:37:19     -206.156325        0.020701
BFGS:  649 21:37:19     -206.156671        0.019593
BFGS:  650 21:37:19     -206.157306        0.019751
BFGS:  651 21:37:19     -206.158208        0.023585
BFGS:  652 21:37:19     -206.158937        0.020466
BFGS:  653 21:37:19     -206.159250        0.019486
BFGS:  654 21:37:20     -206.159376        0.019404
BFGS:  655 21:37:20     -206.159523        0.019315
BFGS:  656 21:37:20     -206.159843        0.019241
BFGS:  657 21:37:20     -206.160425        0.025753
BFGS:  658 21:37:20     -206.161162        0.024845
BFGS:  659 21:37:20     -206.161660        0.019648
BFGS:  660 21:37:20     -206.161845        0.019377
BFGS:  661 21:37:20     -206.161925        0.019391
BFGS:  662 21:37:21     -206.162043        0.019383
BFGS:  663 21:37:21     -206.162295        0.020529
BFGS:  664 21:37:21     -206.162756        0.026840
BFGS:  665 21:37:21     -206.163361        0.024543
BFGS:  666 21:37:21     -206.163800        0.019171
BFGS:  667 21:37:21     -206.163977        0.019212
BFGS:  668 21:37:21     -206.164070        0.019255
BFGS:  669 21:37:21     -206.164224        0.019329
BFGS:  670 21:37:22     -206.164548        0.019442
BFGS:  671 21:37:22     -206.165137        0.023903
BFGS:  672 21:37:22     -206.165858        0.020366
BFGS:  673 21:37:22     -206.166331        0.019587
BFGS:  674 21:37:22     -206.166512        0.019445
BFGS:  675 21:37:22     -206.166608        0.019400
BFGS:  676 21:37:22     -206.166792        0.019324
BFGS:  677 21:37:22     -206.167184        0.019300
BFGS:  678 21:37:23     -206.167894        0.019322
BFGS:  679 21:37:23     -206.168736        0.019575
BFGS:  680 21:37:23     -206.169286        0.019761
BFGS:  681 21:37:23     -206.169489        0.020075
BFGS:  682 21:37:23     -206.169601        0.019999
BFGS:  683 21:37:23     -206.169782        0.020108
BFGS:  684 21:37:23     -206.170386        0.020236
BFGS:  685 21:37:23     -206.171358        0.020367
BFGS:  686 21:37:24     -206.172504        0.021525
BFGS:  687 21:37:24     -206.173286        0.022442
BFGS:  688 21:37:24     -206.173623        0.023671
BFGS:  689 21:37:24     -206.173861        0.022740
BFGS:  690 21:37:24     -206.174338        0.022301
BFGS:  691 21:37:24     -206.175338        0.024232
BFGS:  692 21:37:24     -206.177235        0.025639
BFGS:  693 21:37:24     -206.179587        0.029725
BFGS:  694 21:37:25     -206.181168        0.030814
BFGS:  695 21:37:25     -206.182384        0.033052
BFGS:  696 21:37:25     -206.183188        0.028547
BFGS:  697 21:37:25     -206.183543        0.026544
BFGS:  698 21:37:25     -206.184477        0.025450
BFGS:  699 21:37:25     -206.186285        0.025604
BFGS:  700 21:37:25     -206.189335        0.029438
BFGS:  701 21:37:26     -206.192383        0.027820
BFGS:  702 21:37:26     -206.193970        0.026546
BFGS:  703 21:37:26     -206.194478        0.024944
BFGS:  704 21:37:26     -206.194813        0.025914
BFGS:  705 21:37:26     -206.195404        0.026151
BFGS:  706 21:37:26     -206.197545        0.026718
BFGS:  707 21:37:26     -206.199789        0.026612
BFGS:  708 21:37:26     -206.202001        0.026189
BFGS:  709 21:37:27     -206.202930        0.025823
BFGS:  710 21:37:27     -206.203239        0.025569
BFGS:  711 21:37:27     -206.203457        0.025418
BFGS:  712 21:37:30     -206.203961        0.024751
BFGS:  713 21:37:30     -206.205027        0.022967
BFGS:  714 21:37:31     -206.206477        0.020453
BFGS:  715 21:37:31     -206.207705        0.020604
BFGS:  716 21:37:31     -206.208225        0.020479
BFGS:  717 21:37:31     -206.208393        0.020306
BFGS:  718 21:37:31     -206.208532        0.020155
BFGS:  719 21:37:31     -206.208839        0.019877
BFGS:  720 21:37:31     -206.209420        0.019521
BFGS:  721 21:37:32     -206.210272        0.019218
BFGS:  722 21:37:32     -206.210971        0.019261
BFGS:  723 21:37:32     -206.211252        0.019512
BFGS:  724 21:37:32     -206.211343        0.019691
BFGS:  725 21:37:32     -206.211432        0.019837
BFGS:  726 21:37:32     -206.211634        0.020010
BFGS:  727 21:37:32     -206.212018        0.020160
BFGS:  728 21:37:32     -206.212584        0.020100
BFGS:  729 21:37:33     -206.213060        0.019783
BFGS:  730 21:37:33     -206.213257        0.019409
BFGS:  731 21:37:33     -206.213323        0.019265
BFGS:  732 21:37:33     -206.213390        0.019144
BFGS:  733 21:37:33     -206.213540        0.019034
BFGS:  734 21:37:33     -206.213829        0.018888
BFGS:  735 21:37:33     -206.214233        0.018890
BFGS:  736 21:37:33     -206.214540        0.018975
BFGS:  737 21:37:34     -206.214654        0.019135
BFGS:  738 21:37:34     -206.214693        0.019174
BFGS:  739 21:37:34     -206.214742        0.019226
BFGS:  740 21:37:34     -206.214858        0.019226
BFGS:  741 21:37:34     -206.215070        0.019191
BFGS:  742 21:37:34     -206.215342        0.019001
BFGS:  743 21:37:34     -206.215517        0.018815
BFGS:  744 21:37:35     -206.215572        0.018693
BFGS:  745 21:37:35     -206.215591        0.018693
BFGS:  746 21:37:35     -206.215621        0.018670
BFGS:  747 21:37:35     -206.215690        0.018658
BFGS:  748 21:37:35     -206.215821        0.018580
BFGS:  749 21:37:35     -206.215994        0.018490
BFGS:  750 21:37:35     -206.216116        0.018376
BFGS:  751 21:37:35     -206.216161        0.018361
BFGS:  752 21:37:36     -206.216180        0.018340
BFGS:  753 21:37:36     -206.216212        0.018340
BFGS:  754 21:37:36     -206.216282        0.018279
BFGS:  755 21:37:36     -206.216414        0.018210
BFGS:  756 21:37:36     -206.216588        0.018021
BFGS:  757 21:37:36     -206.216711        0.017942
BFGS:  758 21:37:36     -206.216754        0.017856
BFGS:  759 21:37:36     -206.216772        0.017902
BFGS:  760 21:37:37     -206.216797        0.017896
BFGS:  761 21:37:37     -206.216866        0.017896
BFGS:  762 21:37:37     -206.216996        0.017819
BFGS:  763 21:37:37     -206.217170        0.017660
BFGS:  764 21:37:37     -206.217293        0.017473
BFGS:  765 21:37:37     -206.217337        0.017387
BFGS:  766 21:37:37     -206.217356        0.017361
BFGS:  767 21:37:37     -206.217382        0.017343
BFGS:  768 21:37:38     -206.217441        0.017307
BFGS:  769 21:37:38     -206.217551        0.017248
BFGS:  770 21:37:38     -206.217696        0.017160
BFGS:  771 21:37:38     -206.217800        0.017100
BFGS:  772 21:37:38     -206.217838        0.017079
BFGS:  773 21:37:38     -206.217853        0.017079
BFGS:  774 21:37:38     -206.217875        0.017068
BFGS:  775 21:37:39     -206.217926        0.017035
BFGS:  776 21:37:39     -206.218025        0.016938
BFGS:  777 21:37:39     -206.218171        0.016766
BFGS:  778 21:37:39     -206.218297        0.016578
BFGS:  779 21:37:39     -206.218350        0.016501
BFGS:  780 21:37:39     -206.218368        0.016490
BFGS:  781 21:37:39     -206.218387        0.016495
BFGS:  782 21:37:39     -206.218433        0.016489
BFGS:  783 21:37:40     -206.218528        0.016461
BFGS:  784 21:37:40     -206.218686        0.016363
BFGS:  785 21:37:40     -206.218851        0.016215
BFGS:  786 21:37:40     -206.218938        0.016091
BFGS:  787 21:37:40     -206.218967        0.016052
BFGS:  788 21:37:40     -206.218990        0.016026
BFGS:  789 21:37:40     -206.219042        0.015985
BFGS:  790 21:37:40     -206.219145        0.015892
BFGS:  791 21:37:41     -206.219315        0.015734
BFGS:  792 21:37:41     -206.219481        0.015551
BFGS:  793 21:37:41     -206.219564        0.015464
BFGS:  794 21:37:41     -206.219591        0.015448
BFGS:  795 21:37:41     -206.219614        0.015450
BFGS:  796 21:37:41     -206.219667        0.015434
BFGS:  797 21:37:41     -206.219777        0.015379
BFGS:  798 21:37:41     -206.219970        0.015224
BFGS:  799 21:37:42     -206.220181        0.014991
BFGS:  800 21:37:42     -206.220299        0.014803
BFGS:  801 21:37:42     -206.220341        0.014742
BFGS:  802 21:37:42     -206.220372        0.014714
BFGS:  803 21:37:42     -206.220441        0.014665
BFGS:  804 21:37:42     -206.220592        0.014538
BFGS:  805 21:37:42     -206.220879        0.014379
BFGS:  806 21:37:43     -206.221248        0.013838
BFGS:  807 21:37:43     -206.221509        0.014370
BFGS:  808 21:37:43     -206.221610        0.014171
BFGS:  809 21:37:43     -206.221664        0.013347
BFGS:  810 21:37:43     -206.221760        0.013281
BFGS:  811 21:37:43     -206.221969        0.013873
BFGS:  812 21:37:43     -206.222364        0.016617
BFGS:  813 21:37:43     -206.222876        0.014056
BFGS:  814 21:37:44     -206.223238        0.013106
BFGS:  815 21:37:44     -206.223383        0.011704
BFGS:  816 21:37:44     -206.223459        0.011468
BFGS:  817 21:37:44     -206.223579        0.011579
BFGS:  818 21:37:44     -206.223828        0.011679
BFGS:  819 21:37:44     -206.224320        0.011536
BFGS:  820 21:37:44     -206.225119        0.011885
BFGS:  821 21:37:44     -206.225768        0.013601
BFGS:  822 21:37:45     -206.226012        0.015221
BFGS:  823 21:37:45     -206.226124        0.015372
BFGS:  824 21:37:45     -206.226240        0.014892
BFGS:  825 21:37:45     -206.226469        0.013409
BFGS:  826 21:37:45     -206.226882        0.011018
BFGS:  827 21:37:45     -206.227540        0.011912
BFGS:  828 21:37:45     -206.228401        0.014522
BFGS:  829 21:37:45     -206.228998        0.016746
BFGS:  830 21:37:46     -206.229163        0.017275
BFGS:  831 21:37:46     -206.229276        0.016485
BFGS:  832 21:37:46     -206.229501        0.014693
BFGS:  833 21:37:46     -206.229888        0.012757
BFGS:  834 21:37:46     -206.230575        0.016985
BFGS:  835 21:37:46     -206.231293        0.015023
BFGS:  836 21:37:46     -206.231690        0.013005
BFGS:  837 21:37:46     -206.231810        0.012369
BFGS:  838 21:37:47     -206.231874        0.011229
BFGS:  839 21:37:47     -206.232001        0.010179
BFGS:  840 21:37:50     -206.232250        0.009275
BFGS:  841 21:37:50     -206.232641        0.011097
BFGS:  842 21:37:51     -206.232999        0.009421
BFGS:  843 21:37:51     -206.233152        0.007509
BFGS:  844 21:37:51     -206.233189        0.007098
BFGS:  845 21:37:51     -206.233212        0.006590
BFGS:  846 21:37:51     -206.233265        0.005668
BFGS:  847 21:37:51     -206.233363        0.005089
BFGS:  848 21:37:51     -206.233508        0.006422
BFGS:  849 21:37:52     -206.233627        0.006456
BFGS:  850 21:37:52     -206.233676        0.005451
BFGS:  851 21:37:52     -206.233692        0.004814
BFGS:  852 21:37:52     -206.233709        0.004640
BFGS:  853 21:37:52     -206.233746        0.004809
BFGS:  854 21:37:52     -206.233812        0.004706
BFGS:  855 21:37:52     -206.233903        0.003889
BFGS:  856 21:37:52     -206.233973        0.003078
BFGS:  857 21:37:53     -206.233998        0.002955
BFGS:  858 21:37:53     -206.234006        0.002791
BFGS:  859 21:37:53     -206.234012        0.002578
BFGS:  860 21:37:53     -206.234024        0.002323
BFGS:  861 21:37:53     -206.234046        0.002297
BFGS:  862 21:37:53     -206.234076        0.002535
BFGS:  863 21:37:53     -206.234103        0.002567
BFGS:  864 21:37:53     -206.234115        0.002420
BFGS:  865 21:37:54     -206.234118        0.002252
BFGS:  866 21:37:54     -206.234121        0.002142
BFGS:  867 21:37:54     -206.234126        0.001950
BFGS:  868 21:37:54     -206.234136        0.001655
BFGS:  869 21:37:54     -206.234153        0.002102
BFGS:  870 21:37:54     -206.234167        0.001831
BFGS:  871 21:37:54     -206.234174        0.001664
BFGS:  872 21:37:55     -206.234175        0.001539
BFGS:  873 21:37:55     -206.234177        0.001362
BFGS:  874 21:37:55     -206.234179        0.001144
BFGS:  875 21:37:55     -206.234184        0.001242
BFGS:  876 21:37:55     -206.234192        0.001134
BFGS:  877 21:37:55     -206.234197        0.000865
