      Step     Time          Energy          fmax
BFGS:    0 21:40:28     -195.595989        0.916027
BFGS:    1 21:40:28     -196.149984        0.890341
BFGS:    2 21:40:28     -201.438318        0.416981
BFGS:    3 21:40:28     -201.557148        0.348608
BFGS:    4 21:40:28     -201.598262        0.342776
BFGS:    5 21:40:28     -201.672766        0.366165
BFGS:    6 21:40:28     -201.853461        0.393533
BFGS:    7 21:40:29     -202.121057        0.393876
BFGS:    8 21:40:29     -202.276523        0.354458
BFGS:    9 21:40:29     -202.306589        0.331284
BFGS:   10 21:40:29     -202.330994        0.309211
BFGS:   11 21:40:29     -202.352856        0.296037
BFGS:   12 21:40:29     -202.415076        0.270824
BFGS:   13 21:40:29     -202.562324        0.229023
BFGS:   14 21:40:29     -202.735249        0.236581
BFGS:   15 21:40:30     -202.919759        0.262216
BFGS:   16 21:40:30     -203.112925        0.280037
BFGS:   17 21:40:30     -203.307086        0.285204
BFGS:   18 21:40:30     -203.497039        0.280764
BFGS:   19 21:40:30     -203.677169        0.268383
BFGS:   20 21:40:30     -203.841843        0.248895
BFGS:   21 21:40:30     -203.985692        0.222533
BFGS:   22 21:40:30     -204.102871        0.189629
BFGS:   23 21:40:31     -204.186688        0.195029
BFGS:   24 21:40:31     -204.228880        0.210267
BFGS:   25 21:40:31     -204.242822        0.216458
BFGS:   26 21:40:31     -204.298309        0.236554
BFGS:   27 21:40:31     -204.339834        0.237347
BFGS:   28 21:40:31     -204.442826        0.214836
BFGS:   29 21:40:31     -204.528957        0.172006
BFGS:   30 21:40:31     -204.570098        0.135236
BFGS:   31 21:40:32     -204.580865        0.122801
BFGS:   32 21:40:32     -204.587108        0.118104
BFGS:   33 21:40:32     -204.599298        0.111511
BFGS:   34 21:40:32     -204.628338        0.100849
BFGS:   35 21:40:32     -204.686358        0.110397
BFGS:   36 21:40:32     -204.751753        0.113624
BFGS:   37 21:40:32     -204.821590        0.103095
BFGS:   38 21:40:32     -204.852285        0.083466
BFGS:   39 21:40:33     -204.856546        0.079183
BFGS:   40 21:40:33     -204.860017        0.077460
BFGS:   41 21:40:33     -204.866908        0.074076
BFGS:   42 21:40:33     -204.879317        0.066794
BFGS:   43 21:40:33     -204.894367        0.055609
BFGS:   44 21:40:33     -204.903468        0.054351
BFGS:   45 21:40:33     -204.905891        0.058177
BFGS:   46 21:40:33     -204.906603        0.059949
BFGS:   47 21:40:34     -204.907728        0.061750
BFGS:   48 21:40:34     -204.910576        0.064283
BFGS:   49 21:40:34     -204.916986        0.066829
BFGS:   50 21:40:34     -204.929278        0.067219
BFGS:   51 21:40:34     -204.945248        0.062437
BFGS:   52 21:40:34     -204.955341        0.054219
BFGS:   53 21:40:34     -204.958210        0.048208
BFGS:   54 21:40:34     -204.959267        0.045517
BFGS:   55 21:40:35     -204.960712        0.043495
BFGS:   56 21:40:35     -204.964083        0.041198
BFGS:   57 21:40:35     -204.969766        0.040301
BFGS:   58 21:40:35     -204.976247        0.042671
BFGS:   59 21:40:35     -204.979758        0.046407
BFGS:   60 21:40:35     -204.980736        0.048193
BFGS:   61 21:40:35     -204.981165        0.048775
BFGS:   62 21:40:35     -204.981990        0.049264
BFGS:   63 21:40:36     -204.983605        0.049361
BFGS:   64 21:40:36     -204.986176        0.048375
BFGS:   65 21:40:36     -204.988965        0.056534
BFGS:   66 21:40:36     -204.991081        0.065388
BFGS:   67 21:40:36     -204.992804        0.062497
BFGS:   68 21:40:36     -204.995535        0.051283
BFGS:   69 21:40:36     -205.000229        0.040846
BFGS:   70 21:40:36     -205.005641        0.041341
BFGS:   71 21:40:37     -205.008837        0.040448
BFGS:   72 21:40:37     -205.009861        0.039391
BFGS:   73 21:40:37     -205.010274        0.038756
BFGS:   74 21:40:37     -205.010999        0.037809
BFGS:   75 21:40:37     -205.012789        0.035814
BFGS:   76 21:40:37     -205.016624        0.035457
BFGS:   77 21:40:37     -205.023055        0.041912
BFGS:   78 21:40:38     -205.029010        0.030062
BFGS:   79 21:40:38     -205.031613        0.027921
BFGS:   80 21:40:38     -205.032394        0.027895
BFGS:   81 21:40:38     -205.032890        0.027987
BFGS:   82 21:40:38     -205.034208        0.028468
BFGS:   83 21:40:38     -205.036894        0.029826
BFGS:   84 21:40:38     -205.041699        0.035458
BFGS:   85 21:40:38     -205.047090        0.035746
BFGS:   86 21:40:39     -205.050122        0.037156
BFGS:   87 21:40:39     -205.050788        0.037101
BFGS:   88 21:40:39     -205.051008        0.036831
BFGS:   89 21:40:39     -205.051405        0.036316
BFGS:   90 21:40:39     -205.052030        0.035690
BFGS:   91 21:40:39     -205.052873        0.035154
BFGS:   92 21:40:39     -205.053596        0.035081
BFGS:   93 21:40:39     -205.054185        0.038373
BFGS:   94 21:40:40     -205.054969        0.039040
BFGS:   95 21:40:40     -205.056540        0.037622
BFGS:   96 21:40:40     -205.059609        0.034631
BFGS:   97 21:40:40     -205.064219        0.030623
BFGS:   98 21:40:40     -205.068313        0.026215
BFGS:   99 21:40:40     -205.070007        0.022899
BFGS:  100 21:40:40     -205.070557        0.022366
BFGS:  101 21:40:40     -205.071195        0.022121
BFGS:  102 21:40:41     -205.072517        0.021721
BFGS:  103 21:40:41     -205.074706        0.021724
BFGS:  104 21:40:41     -205.077004        0.021986
BFGS:  105 21:40:41     -205.078243        0.022118
BFGS:  106 21:40:41     -205.078722        0.022102
BFGS:  107 21:40:41     -205.079174        0.022009
BFGS:  108 21:40:41     -205.080288        0.021749
BFGS:  109 21:40:41     -205.082937        0.026230
BFGS:  110 21:40:42     -205.088240        0.040816
BFGS:  111 21:40:42     -205.094571        0.053171
BFGS:  112 21:40:45     -205.102013        0.063358
BFGS:  113 21:40:45     -205.110365        0.071631
BFGS:  114 21:40:46     -205.119258        0.077669
BFGS:  115 21:40:46     -205.127185        0.079440
BFGS:  116 21:40:46     -205.129500        0.070382
BFGS:  117 21:40:46     -205.132299        0.049824
BFGS:  118 21:40:46     -205.134779        0.030328
BFGS:  119 21:40:46     -205.136960        0.017219
BFGS:  120 21:40:46     -205.137835        0.016888
BFGS:  121 21:40:46     -205.138023        0.017191
BFGS:  122 21:40:47     -205.138073        0.017166
BFGS:  123 21:40:47     -205.138139        0.016970
BFGS:  124 21:40:47     -205.138281        0.016590
BFGS:  125 21:40:47     -205.138524        0.016090
BFGS:  126 21:40:47     -205.138813        0.015780
BFGS:  127 21:40:47     -205.139005        0.015945
BFGS:  128 21:40:47     -205.139085        0.016296
BFGS:  129 21:40:48     -205.139140        0.016554
BFGS:  130 21:40:48     -205.139259        0.016884
BFGS:  131 21:40:48     -205.139550        0.017238
BFGS:  132 21:40:48     -205.140253        0.017376
BFGS:  133 21:40:48     -205.141735        0.017574
BFGS:  134 21:40:48     -205.144018        0.024363
BFGS:  135 21:40:48     -205.145857        0.021695
BFGS:  136 21:40:48     -205.146536        0.014841
BFGS:  137 21:40:49     -205.146760        0.014008
BFGS:  138 21:40:49     -205.147016        0.013666
BFGS:  139 21:40:49     -205.147586        0.013604
BFGS:  140 21:40:49     -205.148619        0.016970
BFGS:  141 21:40:49     -205.150005        0.026101
BFGS:  142 21:40:49     -205.151078        0.027054
BFGS:  143 21:40:49     -205.151484        0.022795
BFGS:  144 21:40:49     -205.151621        0.019465
BFGS:  145 21:40:50     -205.151777        0.012906
BFGS:  146 21:40:50     -205.151954        0.012530
BFGS:  147 21:40:50     -205.152089        0.012483
BFGS:  148 21:40:50     -205.152164        0.012374
BFGS:  149 21:40:50     -205.152230        0.012212
BFGS:  150 21:40:50     -205.152351        0.011925
BFGS:  151 21:40:50     -205.152612        0.011641
BFGS:  152 21:40:50     -205.153136        0.011802
BFGS:  153 21:40:51     -205.153921        0.011336
BFGS:  154 21:40:51     -205.154573        0.011646
BFGS:  155 21:40:51     -205.154832        0.010400
BFGS:  156 21:40:51     -205.154913        0.009584
BFGS:  157 21:40:51     -205.154974        0.009839
BFGS:  158 21:40:51     -205.155095        0.010182
BFGS:  159 21:40:51     -205.155295        0.010438
BFGS:  160 21:40:51     -205.155564        0.017229
BFGS:  161 21:40:52     -205.155831        0.023735
BFGS:  162 21:40:52     -205.156049        0.024948
BFGS:  163 21:40:52     -205.156195        0.021176
BFGS:  164 21:40:52     -205.156348        0.014338
BFGS:  165 21:40:52     -205.156534        0.008031
BFGS:  166 21:40:52     -205.156620        0.008534
BFGS:  167 21:40:52     -205.156647        0.009001
BFGS:  168 21:40:52     -205.156659        0.009267
BFGS:  169 21:40:53     -205.156675        0.009515
BFGS:  170 21:40:53     -205.156714        0.009844
BFGS:  171 21:40:53     -205.156793        0.010161
BFGS:  172 21:40:53     -205.156922        0.010202
BFGS:  173 21:40:53     -205.157067        0.012040
BFGS:  174 21:40:53     -205.157177        0.015270
BFGS:  175 21:40:53     -205.157251        0.015284
BFGS:  176 21:40:53     -205.157335        0.013351
BFGS:  177 21:40:54     -205.157502        0.009413
BFGS:  178 21:40:54     -205.157754        0.009607
BFGS:  179 21:40:54     -205.157972        0.015865
BFGS:  180 21:40:54     -205.158098        0.017390
BFGS:  181 21:40:54     -205.158179        0.016145
BFGS:  182 21:40:54     -205.158271        0.013548
BFGS:  183 21:40:54     -205.158449        0.009042
BFGS:  184 21:40:54     -205.158738        0.009413
BFGS:  185 21:40:55     -205.159071        0.014695
BFGS:  186 21:40:55     -205.159286        0.017473
BFGS:  187 21:40:55     -205.159423        0.016255
BFGS:  188 21:40:55     -205.159563        0.013610
BFGS:  189 21:40:55     -205.159735        0.010286
BFGS:  190 21:40:55     -205.160015        0.011370
BFGS:  191 21:40:55     -205.160343        0.021366
BFGS:  192 21:40:55     -205.160630        0.027149
BFGS:  193 21:40:56     -205.161039        0.029473
BFGS:  194 21:40:56     -205.161220        0.028974
BFGS:  195 21:40:56     -205.161439        0.023499
BFGS:  196 21:40:56     -205.161689        0.018690
BFGS:  197 21:40:56     -205.162095        0.012368
BFGS:  198 21:40:56     -205.162453        0.012344
BFGS:  199 21:40:56     -205.162737        0.012113
BFGS:  200 21:40:56     -205.162817        0.011908
BFGS:  201 21:40:57     -205.162858        0.011835
BFGS:  202 21:40:57     -205.162926        0.011970
BFGS:  203 21:40:57     -205.163049        0.012201
BFGS:  204 21:40:57     -205.163199        0.012212
BFGS:  205 21:40:57     -205.163312        0.013002
BFGS:  206 21:40:57     -205.163382        0.012167
BFGS:  207 21:40:57     -205.163460        0.012233
BFGS:  208 21:40:58     -205.163615        0.012382
BFGS:  209 21:40:58     -205.163888        0.012590
BFGS:  210 21:40:58     -205.164214        0.012395
BFGS:  211 21:40:58     -205.164409        0.012138
BFGS:  212 21:40:58     -205.164467        0.011756
BFGS:  213 21:40:58     -205.164490        0.011872
BFGS:  214 21:40:58     -205.164529        0.011918
BFGS:  215 21:40:58     -205.164633        0.012005
BFGS:  216 21:40:59     -205.164801        0.014604
BFGS:  217 21:40:59     -205.165003        0.023809
BFGS:  218 21:40:59     -205.165180        0.027932
BFGS:  219 21:40:59     -205.165364        0.027729
BFGS:  220 21:40:59     -205.165679        0.026237
BFGS:  221 21:40:59     -205.166330        0.022621
BFGS:  222 21:40:59     -205.167520        0.020375
BFGS:  223 21:40:59     -205.169048        0.025758
BFGS:  224 21:41:00     -205.170194        0.027386
BFGS:  225 21:41:00     -205.170753        0.035123
BFGS:  226 21:41:00     -205.171180        0.037108
BFGS:  227 21:41:00     -205.171971        0.037710
BFGS:  228 21:41:00     -205.173284        0.036053
BFGS:  229 21:41:00     -205.174326        0.033167
BFGS:  230 21:41:00     -205.175427        0.047218
BFGS:  231 21:41:00     -205.176123        0.044540
BFGS:  232 21:41:01     -205.176576        0.033183
BFGS:  233 21:41:01     -205.176811        0.026715
BFGS:  234 21:41:01     -205.177214        0.015569
BFGS:  235 21:41:01     -205.177608        0.009193
BFGS:  236 21:41:01     -205.177866        0.010554
BFGS:  237 21:41:01     -205.177964        0.010357
BFGS:  238 21:41:01     -205.178017        0.009188
BFGS:  239 21:41:01     -205.178077        0.007566
BFGS:  240 21:41:02     -205.178168        0.007415
BFGS:  241 21:41:02     -205.178287        0.007122
BFGS:  242 21:41:02     -205.178400        0.007938
BFGS:  243 21:41:02     -205.178474        0.008539
BFGS:  244 21:41:02     -205.178524        0.007902
BFGS:  245 21:41:02     -205.178567        0.007655
BFGS:  246 21:41:02     -205.178615        0.008124
BFGS:  247 21:41:03     -205.178670        0.008641
BFGS:  248 21:41:03     -205.178722        0.009116
BFGS:  249 21:41:03     -205.178765        0.009495
BFGS:  250 21:41:03     -205.178817        0.010903
BFGS:  251 21:41:03     -205.178808        0.017593
BFGS:  252 21:41:03     -205.178891        0.012528
BFGS:  253 21:41:03     -205.178940        0.012476
BFGS:  254 21:41:03     -205.179118        0.011713
BFGS:  255 21:41:04     -205.179257        0.011576
BFGS:  256 21:41:04     -205.179355        0.011685
BFGS:  257 21:41:04     -205.179415        0.011738
BFGS:  258 21:41:04     -205.179560        0.014761
BFGS:  259 21:41:04     -205.179681        0.018642
BFGS:  260 21:41:04     -205.179842        0.020049
BFGS:  261 21:41:04     -205.180021        0.018024
BFGS:  262 21:41:04     -205.180285        0.013282
BFGS:  263 21:41:05     -205.180721        0.015676
BFGS:  264 21:41:05     -205.181191        0.019469
BFGS:  265 21:41:05     -205.181659        0.022725
BFGS:  266 21:41:05     -205.182034        0.025958
BFGS:  267 21:41:05     -205.182433        0.028341
BFGS:  268 21:41:05     -205.182900        0.024208
BFGS:  269 21:41:05     -205.183474        0.020590
BFGS:  270 21:41:05     -205.183994        0.016202
BFGS:  271 21:41:06     -205.184532        0.013678
BFGS:  272 21:41:06     -205.184803        0.012193
BFGS:  273 21:41:06     -205.185101        0.011581
BFGS:  274 21:41:06     -205.185498        0.013492
BFGS:  275 21:41:06     -205.185846        0.017056
BFGS:  276 21:41:06     -205.186307        0.017370
BFGS:  277 21:41:06     -205.187329        0.015845
BFGS:  278 21:41:06     -205.187627        0.020875
BFGS:  279 21:41:07     -205.188029        0.018668
BFGS:  280 21:41:07     -205.188233        0.018339
BFGS:  281 21:41:07     -205.188732        0.017288
BFGS:  282 21:41:07     -205.189008        0.014689
BFGS:  283 21:41:07     -205.189270        0.010109
BFGS:  284 21:41:07     -205.189405        0.008642
BFGS:  285 21:41:07     -205.189545        0.010217
BFGS:  286 21:41:07     -205.189745        0.011761
BFGS:  287 21:41:08     -205.189979        0.012174
BFGS:  288 21:41:08     -205.190159        0.010774
BFGS:  289 21:41:08     -205.190262        0.008538
BFGS:  290 21:41:08     -205.190348        0.007169
BFGS:  291 21:41:08     -205.190498        0.007607
BFGS:  292 21:41:08     -205.190726        0.010678
BFGS:  293 21:41:08     -205.190957        0.010867
BFGS:  294 21:41:08     -205.191081        0.009111
BFGS:  295 21:41:09     -205.191132        0.007955
BFGS:  296 21:41:09     -205.191175        0.007432
BFGS:  297 21:41:09     -205.191243        0.007637
BFGS:  298 21:41:09     -205.191345        0.006856
BFGS:  299 21:41:09     -205.191445        0.006361
BFGS:  300 21:41:09     -205.191493        0.005738
BFGS:  301 21:41:09     -205.191508        0.004368
BFGS:  302 21:41:09     -205.191517        0.003612
BFGS:  303 21:41:10     -205.191529        0.002578
BFGS:  304 21:41:10     -205.191543        0.001506
BFGS:  305 21:41:10     -205.191551        0.001234
BFGS:  306 21:41:10     -205.191555        0.001353
BFGS:  307 21:41:10     -205.191556        0.001402
BFGS:  308 21:41:10     -205.191557        0.001359
BFGS:  309 21:41:10     -205.191561        0.001165
BFGS:  310 21:41:11     -205.191566        0.001143
BFGS:  311 21:41:11     -205.191571        0.001030
BFGS:  312 21:41:11     -205.191573        0.000822
