      Step     Time          Energy          fmax
BFGS:    0 13:59:10      -36.589047        7.901467
BFGS:    1 13:59:10      -41.723675        4.497769
BFGS:    2 13:59:10      -45.138669        2.247012
BFGS:    3 13:59:10      -46.876998        1.241453
BFGS:    4 13:59:10      -48.094391        0.919774
BFGS:    5 13:59:10      -48.931384        0.611546
BFGS:    6 13:59:10      -49.363042        0.550897
BFGS:    7 13:59:10      -49.497904        0.724193
BFGS:    8 13:59:10      -49.581515        0.774912
BFGS:    9 13:59:10      -49.914715        0.754042
BFGS:   10 13:59:10      -50.183291        0.512978
BFGS:   11 13:59:10      -50.404949        0.295538
BFGS:   12 13:59:10      -50.487320        0.368372
BFGS:   13 13:59:10      -50.510554        0.388780
BFGS:   14 13:59:10      -50.550372        0.401774
BFGS:   15 13:59:10      -50.631135        0.405414
BFGS:   16 13:59:10      -50.737849        0.382224
BFGS:   17 13:59:11      -50.809057        0.303307
BFGS:   18 13:59:11      -50.836542        0.243150
BFGS:   19 13:59:11      -50.844668        0.228302
BFGS:   20 13:59:11      -50.870214        0.218651
BFGS:   21 13:59:11      -50.917312        0.222449
BFGS:   22 13:59:11      -51.010347        0.231865
BFGS:   23 13:59:11      -51.109407        0.270858
BFGS:   24 13:59:11      -51.180500        0.204753
BFGS:   25 13:59:11      -51.189093        0.120663
BFGS:   26 13:59:11      -51.191601        0.111144
BFGS:   27 13:59:11      -51.196399        0.115909
BFGS:   28 13:59:11      -51.206365        0.113853
BFGS:   29 13:59:11      -51.221493        0.091358
BFGS:   30 13:59:11      -51.233915        0.079466
BFGS:   31 13:59:11      -51.239548        0.069448
BFGS:   32 13:59:11      -51.240993        0.059226
BFGS:   33 13:59:11      -51.241699        0.057374
BFGS:   34 13:59:11      -51.243726        0.055677
BFGS:   35 13:59:11      -51.247487        0.059155
BFGS:   36 13:59:11      -51.253486        0.062915
BFGS:   37 13:59:11      -51.258390        0.043074
BFGS:   38 13:59:11      -51.259940        0.027985
BFGS:   39 13:59:11      -51.260194        0.026246
BFGS:   40 13:59:12      -51.260313        0.026151
BFGS:   41 13:59:12      -51.260592        0.027044
BFGS:   42 13:59:12      -51.261205        0.028413
BFGS:   43 13:59:12      -51.262401        0.028962
BFGS:   44 13:59:12      -51.263970        0.027128
BFGS:   45 13:59:12      -51.265077        0.029304
BFGS:   46 13:59:12      -51.265495        0.029981
BFGS:   47 13:59:12      -51.265710        0.028038
BFGS:   48 13:59:12      -51.266069        0.024843
BFGS:   49 13:59:12      -51.266859        0.025571
BFGS:   50 13:59:12      -51.268313        0.029488
BFGS:   51 13:59:12      -51.270059        0.029063
BFGS:   52 13:59:12      -51.271055        0.027352
BFGS:   53 13:59:12      -51.271310        0.027843
BFGS:   54 13:59:12      -51.271376        0.027836
BFGS:   55 13:59:12      -51.271473        0.027558
BFGS:   56 13:59:12      -51.271724        0.026898
BFGS:   57 13:59:12      -51.272259        0.025717
BFGS:   58 13:59:12      -51.273205        0.023778
BFGS:   59 13:59:12      -51.274259        0.029468
BFGS:   60 13:59:12      -51.274885        0.029863
BFGS:   61 13:59:12      -51.275129        0.027690
BFGS:   62 13:59:13      -51.275325        0.028012
BFGS:   63 13:59:13      -51.275765        0.026861
BFGS:   64 13:59:13      -51.276675        0.028783
BFGS:   65 13:59:13      -51.278233        0.040670
BFGS:   66 13:59:13      -51.279839        0.065936
BFGS:   67 13:59:13      -51.280762        0.069953
BFGS:   68 13:59:13      -51.281240        0.058843
BFGS:   69 13:59:13      -51.281640        0.042574
BFGS:   70 13:59:13      -51.282253        0.024720
BFGS:   71 13:59:13      -51.282790        0.025492
BFGS:   72 13:59:13      -51.283055        0.026188
BFGS:   73 13:59:13      -51.283170        0.026549
BFGS:   74 13:59:13      -51.283320        0.026708
BFGS:   75 13:59:13      -51.283681        0.026385
BFGS:   76 13:59:13      -51.284452        0.024527
BFGS:   77 13:59:13      -51.285766        0.032330
BFGS:   78 13:59:13      -51.287115        0.029721
BFGS:   79 13:59:13      -51.287775        0.017781
BFGS:   80 13:59:13      -51.287920        0.013549
BFGS:   81 13:59:13      -51.287965        0.013086
BFGS:   82 13:59:13      -51.288054        0.012230
BFGS:   83 13:59:13      -51.288232        0.012837
BFGS:   84 13:59:13      -51.288523        0.021836
BFGS:   85 13:59:14      -51.288838        0.035269
BFGS:   86 13:59:14      -51.289068        0.041638
BFGS:   87 13:59:14      -51.289257        0.041586
BFGS:   88 13:59:14      -51.289551        0.037664
BFGS:   89 13:59:14      -51.290093        0.029031
BFGS:   90 13:59:14      -51.290846        0.017332
BFGS:   91 13:59:14      -51.291411        0.013775
BFGS:   92 13:59:14      -51.291587        0.008242
BFGS:   93 13:59:14      -51.291616        0.008208
BFGS:   94 13:59:14      -51.291631        0.007875
BFGS:   95 13:59:14      -51.291672        0.007438
BFGS:   96 13:59:14      -51.291759        0.007788
BFGS:   97 13:59:14      -51.291900        0.013709
BFGS:   98 13:59:14      -51.292047        0.019624
BFGS:   99 13:59:14      -51.292143        0.021948
BFGS:  100 13:59:14      -51.292200        0.021059
BFGS:  101 13:59:14      -51.292267        0.018405
BFGS:  102 13:59:14      -51.292393        0.013728
BFGS:  103 13:59:14      -51.292563        0.012441
BFGS:  104 13:59:14      -51.292700        0.015980
BFGS:  105 13:59:14      -51.292763        0.016077
BFGS:  106 13:59:14      -51.292800        0.014127
BFGS:  107 13:59:15      -51.292856        0.010941
BFGS:  108 13:59:15      -51.292946        0.008014
BFGS:  109 13:59:15      -51.293036        0.008472
BFGS:  110 13:59:15      -51.293080        0.009167
BFGS:  111 13:59:15      -51.293093        0.009520
BFGS:  112 13:59:15      -51.293103        0.009680
BFGS:  113 13:59:15      -51.293126        0.009833
BFGS:  114 13:59:15      -51.293179        0.009797
BFGS:  115 13:59:15      -51.293292        0.012896
BFGS:  116 13:59:15      -51.293466        0.017005
BFGS:  117 13:59:15      -51.293625        0.014912
BFGS:  118 13:59:15      -51.293690        0.009036
BFGS:  119 13:59:15      -51.293707        0.005766
BFGS:  120 13:59:15      -51.293717        0.005684
BFGS:  121 13:59:15      -51.293742        0.005796
BFGS:  122 13:59:15      -51.293784        0.005890
BFGS:  123 13:59:15      -51.293833        0.005893
BFGS:  124 13:59:15      -51.293861        0.005780
BFGS:  125 13:59:15      -51.293869        0.005678
BFGS:  126 13:59:15      -51.293872        0.005623
BFGS:  127 13:59:15      -51.293878        0.005530
BFGS:  128 13:59:15      -51.293893        0.005337
BFGS:  129 13:59:15      -51.293927        0.004959
BFGS:  130 13:59:16      -51.293995        0.007318
BFGS:  131 13:59:16      -51.294091        0.008279
BFGS:  132 13:59:16      -51.294166        0.006509
BFGS:  133 13:59:16      -51.294193        0.005808
BFGS:  134 13:59:16      -51.294203        0.005408
BFGS:  135 13:59:16      -51.294214        0.005286
BFGS:  136 13:59:16      -51.294240        0.004892
BFGS:  137 13:59:16      -51.294295        0.004486
BFGS:  138 13:59:16      -51.294381        0.005783
BFGS:  139 13:59:16      -51.294461        0.004552
BFGS:  140 13:59:16      -51.294497        0.004445
BFGS:  141 13:59:16      -51.294506        0.004525
BFGS:  142 13:59:16      -51.294511        0.004444
BFGS:  143 13:59:16      -51.294524        0.004190
BFGS:  144 13:59:16      -51.294552        0.004045
BFGS:  145 13:59:16      -51.294609        0.005162
BFGS:  146 13:59:16      -51.294688        0.008095
BFGS:  147 13:59:16      -51.294749        0.009681
BFGS:  148 13:59:16      -51.294770        0.009075
BFGS:  149 13:59:16      -51.294779        0.007702
BFGS:  150 13:59:16      -51.294789        0.005563
BFGS:  151 13:59:16      -51.294801        0.003598
BFGS:  152 13:59:17      -51.294816        0.005030
BFGS:  153 13:59:17      -51.294827        0.006643
BFGS:  154 13:59:17      -51.294835        0.006685
BFGS:  155 13:59:17      -51.294841        0.005523
BFGS:  156 13:59:17      -51.294848        0.003560
BFGS:  157 13:59:17      -51.294854        0.002846
BFGS:  158 13:59:17      -51.294859        0.003083
BFGS:  159 13:59:17      -51.294862        0.003283
BFGS:  160 13:59:17      -51.294867        0.003922
BFGS:  161 13:59:17      -51.294874        0.005563
BFGS:  162 13:59:17      -51.294882        0.006331
BFGS:  163 13:59:17      -51.294888        0.006208
BFGS:  164 13:59:17      -51.294915        0.005765
BFGS:  165 13:59:17      -51.295005        0.006344
BFGS:  166 13:59:17      -51.295384        0.012306
BFGS:  167 13:59:17      -51.292420        0.030960
BFGS:  168 13:59:17      -51.295796        0.012960
BFGS:  169 13:59:17      -51.296177        0.011874
BFGS:  170 13:59:17      -51.296768        0.018693
BFGS:  171 13:59:17      -51.297408        0.009711
BFGS:  172 13:59:17      -51.297623        0.008780
BFGS:  173 13:59:17      -51.297680        0.008150
BFGS:  174 13:59:18      -51.297689        0.007943
BFGS:  175 13:59:18      -51.297707        0.007352
BFGS:  176 13:59:18      -51.297725        0.006665
BFGS:  177 13:59:18      -51.297757        0.005344
BFGS:  178 13:59:18      -51.297794        0.005073
BFGS:  179 13:59:18      -51.297819        0.006127
BFGS:  180 13:59:18      -51.297827        0.005879
BFGS:  181 13:59:18      -51.297830        0.005047
BFGS:  182 13:59:18      -51.297833        0.003504
BFGS:  183 13:59:18      -51.297836        0.001823
BFGS:  184 13:59:18      -51.297840        0.001504
BFGS:  185 13:59:18      -51.297844        0.004051
BFGS:  186 13:59:18      -51.297844        0.008745
BFGS:  187 13:59:18      -51.297852        0.005318
BFGS:  188 13:59:18      -51.297858        0.004512
BFGS:  189 13:59:18      -51.297849        0.001389
BFGS:  190 13:59:18      -51.297870        0.000771
