      Step     Time          Energy          fmax
BFGS:    0 21:48:34      -47.586516        0.975593
BFGS:    1 21:48:34      -47.755915        0.967711
BFGS:    2 21:48:34      -49.823655        0.660998
BFGS:    3 21:48:34      -50.095719        1.339165
BFGS:    4 21:48:34      -50.327908        0.493019
BFGS:    5 21:48:34      -50.361802        0.537055
BFGS:    6 21:48:34      -50.604295        0.674785
BFGS:    7 21:48:34      -50.729100        0.521795
BFGS:    8 21:48:34      -50.880673        0.207192
BFGS:    9 21:48:34      -50.906970        0.241333
BFGS:   10 21:48:34      -50.913068        0.248012
BFGS:   11 21:48:34      -50.921405        0.250137
BFGS:   12 21:48:34      -50.944349        0.244730
BFGS:   13 21:48:34      -50.988385        0.265054
BFGS:   14 21:48:35      -51.061027        0.309127
BFGS:   15 21:48:35      -51.136706        0.222231
BFGS:   16 21:48:35      -51.168600        0.091694
BFGS:   17 21:48:35      -51.172769        0.088693
BFGS:   18 21:48:35      -51.174330        0.087741
BFGS:   19 21:48:35      -51.180377        0.081146
BFGS:   20 21:48:35      -51.189569        0.068051
BFGS:   21 21:48:35      -51.201665        0.057705
BFGS:   22 21:48:35      -51.208600        0.067720
BFGS:   23 21:48:35      -51.210350        0.074364
BFGS:   24 21:48:35      -51.210897        0.075946
BFGS:   25 21:48:35      -51.211772        0.076800
BFGS:   26 21:48:35      -51.213846        0.076541
BFGS:   27 21:48:35      -51.218077        0.072753
BFGS:   28 21:48:35      -51.224391        0.062478
BFGS:   29 21:48:35      -51.229791        0.063747
BFGS:   30 21:48:35      -51.232162        0.052010
BFGS:   31 21:48:35      -51.232926        0.053548
BFGS:   32 21:48:35      -51.233852        0.052332
BFGS:   33 21:48:35      -51.236074        0.050096
BFGS:   34 21:48:35      -51.239824        0.050147
BFGS:   35 21:48:35      -51.243854        0.036628
BFGS:   36 21:48:35      -51.245673        0.024386
BFGS:   37 21:48:35      -51.246077        0.025274
BFGS:   38 21:48:36      -51.246179        0.025664
BFGS:   39 21:48:36      -51.246370        0.026008
BFGS:   40 21:48:36      -51.246843        0.026521
BFGS:   41 21:48:36      -51.247895        0.026892
BFGS:   42 21:48:36      -51.249775        0.030165
BFGS:   43 21:48:36      -51.251859        0.029190
BFGS:   44 21:48:36      -51.252993        0.026116
BFGS:   45 21:48:36      -51.253302        0.025945
BFGS:   46 21:48:36      -51.253403        0.024790
BFGS:   47 21:48:36      -51.253606        0.022782
BFGS:   48 21:48:36      -51.254077        0.020176
BFGS:   49 21:48:36      -51.255055        0.022015
BFGS:   50 21:48:36      -51.256546        0.029457
BFGS:   51 21:48:36      -51.257849        0.036650
BFGS:   52 21:48:36      -51.258423        0.039259
BFGS:   53 21:48:36      -51.258687        0.039072
BFGS:   54 21:48:36      -51.259056        0.038256
BFGS:   55 21:48:36      -51.259968        0.037926
BFGS:   56 21:48:36      -51.262160        0.041939
BFGS:   57 21:48:36      -51.266982        0.052902
BFGS:   58 21:48:36      -51.273601        0.063845
BFGS:   59 21:48:36      -51.279075        0.054151
BFGS:   60 21:48:36      -51.283125        0.040610
BFGS:   61 21:48:37      -51.283414        0.034753
BFGS:   62 21:48:37      -51.283702        0.030224
BFGS:   63 21:48:37      -51.284291        0.027113
BFGS:   64 21:48:37      -51.284957        0.027921
BFGS:   65 21:48:37      -51.285428        0.043447
BFGS:   66 21:48:37      -51.285677        0.046027
BFGS:   67 21:48:37      -51.285923        0.041128
BFGS:   68 21:48:37      -51.286337        0.028318
BFGS:   69 21:48:37      -51.286878        0.016440
BFGS:   70 21:48:37      -51.287268        0.015181
BFGS:   71 21:48:37      -51.287407        0.016027
BFGS:   72 21:48:37      -51.287459        0.016120
BFGS:   73 21:48:37      -51.287537        0.015956
BFGS:   74 21:48:37      -51.287715        0.015420
BFGS:   75 21:48:37      -51.288050        0.017214
BFGS:   76 21:48:37      -51.288518        0.032750
BFGS:   77 21:48:37      -51.288919        0.043871
BFGS:   78 21:48:37      -51.289161        0.044803
BFGS:   79 21:48:37      -51.289366        0.040107
BFGS:   80 21:48:37      -51.289680        0.029875
BFGS:   81 21:48:37      -51.290089        0.015757
BFGS:   82 21:48:37      -51.290386        0.008427
BFGS:   83 21:48:37      -51.290477        0.008159
BFGS:   84 21:48:37      -51.290493        0.008119
BFGS:   85 21:48:38      -51.290503        0.008054
BFGS:   86 21:48:38      -51.290533        0.007903
BFGS:   87 21:48:38      -51.290592        0.008200
BFGS:   88 21:48:38      -51.290705        0.013940
BFGS:   89 21:48:38      -51.290841        0.018177
BFGS:   90 21:48:38      -51.290933        0.018877
BFGS:   91 21:48:38      -51.290973        0.017359
BFGS:   92 21:48:38      -51.291002        0.015061
BFGS:   93 21:48:38      -51.291047        0.011162
BFGS:   94 21:48:38      -51.291105        0.007545
BFGS:   95 21:48:38      -51.291150        0.007528
BFGS:   96 21:48:38      -51.291170        0.007577
BFGS:   97 21:48:38      -51.291183        0.007710
BFGS:   98 21:48:38      -51.291207        0.007831
BFGS:   99 21:48:38      -51.291261        0.008676
BFGS:  100 21:48:38      -51.291360        0.011790
BFGS:  101 21:48:38      -51.291479        0.011996
BFGS:  102 21:48:38      -51.291556        0.009902
BFGS:  103 21:48:38      -51.291588        0.010587
BFGS:  104 21:48:38      -51.291616        0.010288
BFGS:  105 21:48:38      -51.291674        0.010177
BFGS:  106 21:48:38      -51.291782        0.014111
BFGS:  107 21:48:38      -51.291941        0.015238
BFGS:  108 21:48:39      -51.292083        0.010304
BFGS:  109 21:48:39      -51.292144        0.006183
BFGS:  110 21:48:39      -51.292156        0.006397
BFGS:  111 21:48:39      -51.292162        0.006462
BFGS:  112 21:48:39      -51.292175        0.006672
BFGS:  113 21:48:39      -51.292205        0.007156
BFGS:  114 21:48:39      -51.292277        0.008066
BFGS:  115 21:48:39      -51.292461        0.009904
BFGS:  116 21:48:39      -51.292460        0.015270
BFGS:  117 21:48:39      -51.292790        0.017806
BFGS:  118 21:48:39      -51.293017        0.012359
BFGS:  119 21:48:39      -51.293197        0.015634
BFGS:  120 21:48:39      -51.293293        0.018604
BFGS:  121 21:48:39      -51.293369        0.019258
BFGS:  122 21:48:39      -51.293778        0.019891
BFGS:  123 21:48:39      -51.294218        0.017314
BFGS:  124 21:48:39      -51.294695        0.010389
BFGS:  125 21:48:39      -51.295053        0.009221
BFGS:  126 21:48:39      -51.294948        0.012969
BFGS:  127 21:48:39      -51.295141        0.010893
BFGS:  128 21:48:39      -51.295299        0.009261
BFGS:  129 21:48:39      -51.295383        0.009512
BFGS:  130 21:48:39      -51.295422        0.010198
BFGS:  131 21:48:39      -51.295449        0.010183
BFGS:  132 21:48:40      -51.295475        0.010228
BFGS:  133 21:48:40      -51.295498        0.010073
BFGS:  134 21:48:40      -51.295561        0.009373
BFGS:  135 21:48:40      -51.295651        0.008115
BFGS:  136 21:48:40      -51.295772        0.009912
BFGS:  137 21:48:40      -51.295869        0.010660
BFGS:  138 21:48:40      -51.295918        0.010617
BFGS:  139 21:48:40      -51.295937        0.009993
BFGS:  140 21:48:40      -51.295959        0.008237
BFGS:  141 21:48:40      -51.295993        0.005630
BFGS:  142 21:48:40      -51.296032        0.007903
BFGS:  143 21:48:40      -51.296060        0.010055
BFGS:  144 21:48:40      -51.296073        0.009707
BFGS:  145 21:48:40      -51.296083        0.008029
BFGS:  146 21:48:40      -51.296096        0.004712
BFGS:  147 21:48:40      -51.296110        0.002844
BFGS:  148 21:48:40      -51.296117        0.002753
BFGS:  149 21:48:40      -51.296119        0.002744
BFGS:  150 21:48:40      -51.296121        0.002807
BFGS:  151 21:48:40      -51.296125        0.002852
BFGS:  152 21:48:40      -51.296133        0.003120
BFGS:  153 21:48:40      -51.296153        0.003868
BFGS:  154 21:48:40      -51.296189        0.006950
BFGS:  155 21:48:41      -51.296235        0.010033
BFGS:  156 21:48:41      -51.296268        0.010452
BFGS:  157 21:48:41      -51.296284        0.008858
BFGS:  158 21:48:41      -51.296296        0.006791
BFGS:  159 21:48:41      -51.296317        0.005082
BFGS:  160 21:48:41      -51.296354        0.005943
BFGS:  161 21:48:41      -51.296398        0.011202
BFGS:  162 21:48:41      -51.296434        0.015613
BFGS:  163 21:48:41      -51.296460        0.016855
BFGS:  164 21:48:41      -51.296495        0.016294
BFGS:  165 21:48:41      -51.296562        0.013931
BFGS:  166 21:48:41      -51.296677        0.009525
BFGS:  167 21:48:41      -51.296809        0.008111
BFGS:  168 21:48:41      -51.296882        0.004770
BFGS:  169 21:48:41      -51.296895        0.004354
BFGS:  170 21:48:41      -51.296897        0.004376
BFGS:  171 21:48:41      -51.296901        0.004377
BFGS:  172 21:48:41      -51.296909        0.004372
BFGS:  173 21:48:41      -51.296927        0.005240
BFGS:  174 21:48:41      -51.296953        0.007551
BFGS:  175 21:48:41      -51.296976        0.008352
BFGS:  176 21:48:41      -51.296988        0.007734
BFGS:  177 21:48:41      -51.296995        0.007106
BFGS:  178 21:48:42      -51.297004        0.006059
BFGS:  179 21:48:42      -51.297018        0.004567
BFGS:  180 21:48:42      -51.297034        0.004393
BFGS:  181 21:48:42      -51.297043        0.004670
BFGS:  182 21:48:42      -51.297048        0.004314
BFGS:  183 21:48:42      -51.297054        0.004245
BFGS:  184 21:48:42      -51.297067        0.005440
BFGS:  185 21:48:42      -51.297098        0.008199
BFGS:  186 21:48:42      -51.297167        0.012307
BFGS:  187 21:48:42      -51.297285        0.015279
BFGS:  188 21:48:42      -51.297408        0.012750
BFGS:  189 21:48:42      -51.297474        0.009257
BFGS:  190 21:48:42      -51.297493        0.009054
BFGS:  191 21:48:42      -51.297503        0.008532
BFGS:  192 21:48:42      -51.297523        0.007433
BFGS:  193 21:48:42      -51.297565        0.006861
BFGS:  194 21:48:42      -51.297637        0.007968
BFGS:  195 21:48:42      -51.297694        0.008688
BFGS:  196 21:48:42      -51.297715        0.008410
BFGS:  197 21:48:42      -51.297730        0.007613
BFGS:  198 21:48:42      -51.297757        0.007087
BFGS:  199 21:48:42      -51.297792        0.005518
BFGS:  200 21:48:42      -51.297823        0.003595
BFGS:  201 21:48:42      -51.297834        0.002855
BFGS:  202 21:48:43      -51.297837        0.002778
BFGS:  203 21:48:43      -51.297838        0.002706
BFGS:  204 21:48:43      -51.297841        0.002486
BFGS:  205 21:48:43      -51.297845        0.002089
BFGS:  206 21:48:43      -51.297850        0.001674
BFGS:  207 21:48:43      -51.297855        0.001942
BFGS:  208 21:48:43      -51.297859        0.002856
BFGS:  209 21:48:43      -51.297862        0.003039
BFGS:  210 21:48:43      -51.297864        0.002483
BFGS:  211 21:48:43      -51.297866        0.001824
BFGS:  212 21:48:43      -51.297867        0.001995
BFGS:  213 21:48:43      -51.297869        0.002237
BFGS:  214 21:48:43      -51.297873        0.002556
BFGS:  215 21:48:43      -51.297878        0.002153
BFGS:  216 21:48:43      -51.297881        0.001262
BFGS:  217 21:48:43      -51.297882        0.000789
