      Step     Time          Energy          fmax
BFGS:    0 13:53:57       22.695014       17.699510
BFGS:    1 13:53:57      -76.599310        8.260163
BFGS:    2 13:53:57     -132.669274        4.323994
BFGS:    3 13:53:57     -159.833594        2.877662
BFGS:    4 13:53:57     -171.210185        2.348315
BFGS:    5 13:53:58     -175.671997        2.052171
BFGS:    6 13:53:58     -178.653560        1.832349
BFGS:    7 13:53:58     -182.862470        1.580637
BFGS:    8 13:53:58     -186.750146        1.582878
BFGS:    9 13:53:58     -189.163812        1.663307
BFGS:   10 13:53:58     -189.844058        1.673648
BFGS:   11 13:53:58     -191.208764        1.619303
BFGS:   12 13:53:58     -192.526804        1.514583
BFGS:   13 13:53:59     -193.585348        1.410243
BFGS:   14 13:53:59     -194.431891        1.314223
BFGS:   15 13:53:59     -195.105128        1.228431
BFGS:   16 13:53:59     -195.652962        1.151986
BFGS:   17 13:53:59     -196.121006        1.082949
BFGS:   18 13:53:59     -196.540355        1.018082
BFGS:   19 13:53:59     -196.929933        0.955292
BFGS:   20 13:53:59     -197.305210        0.896825
BFGS:   21 13:54:00     -197.667955        0.840754
BFGS:   22 13:54:00     -198.019799        0.787574
BFGS:   23 13:54:00     -198.361362        0.735901
BFGS:   24 13:54:00     -198.690415        0.686616
BFGS:   25 13:54:00     -199.005246        0.682030
BFGS:   26 13:54:01     -199.317699        0.670206
BFGS:   27 13:54:01     -199.634679        0.660010
BFGS:   28 13:54:01     -199.978284        0.663006
BFGS:   29 13:54:01     -200.370446        0.664266
BFGS:   30 13:54:01     -200.815415        0.661001
BFGS:   31 13:54:01     -201.289744        0.651661
BFGS:   32 13:54:01     -201.715564        0.638702
BFGS:   33 13:54:01     -201.955866        0.626754
BFGS:   34 13:54:02     -202.013098        0.617601
BFGS:   35 13:54:02     -202.288758        0.559272
BFGS:   36 13:54:02     -202.568019        0.485105
BFGS:   37 13:54:02     -202.817126        0.414394
BFGS:   38 13:54:02     -203.034594        0.354011
BFGS:   39 13:54:02     -203.229705        0.302488
BFGS:   40 13:54:02     -203.409879        0.287739
BFGS:   41 13:54:02     -203.577101        0.290951
BFGS:   42 13:54:03     -203.732140        0.294348
BFGS:   43 13:54:03     -203.876672        0.289964
BFGS:   44 13:54:03     -204.012356        0.276587
BFGS:   45 13:54:03     -204.141151        0.252419
BFGS:   46 13:54:03     -204.262997        0.214978
BFGS:   47 13:54:03     -204.374541        0.199276
BFGS:   48 13:54:03     -204.467055        0.209165
BFGS:   49 13:54:03     -204.510139        0.199708
BFGS:   50 13:54:04     -204.561706        0.174307
BFGS:   51 13:54:04     -204.603723        0.178981
BFGS:   52 13:54:04     -204.664893        0.171225
BFGS:   53 13:54:04     -204.723348        0.149339
BFGS:   54 13:54:04     -204.764878        0.123425
BFGS:   55 13:54:04     -204.778637        0.112510
BFGS:   56 13:54:04     -204.785172        0.110119
BFGS:   57 13:54:04     -204.795515        0.109226
BFGS:   58 13:54:05     -204.812153        0.108617
BFGS:   59 13:54:05     -204.838726        0.105743
BFGS:   60 13:54:05     -204.870690        0.097742
BFGS:   61 13:54:05     -204.896658        0.086033
BFGS:   62 13:54:05     -204.908437        0.077078
BFGS:   63 13:54:05     -204.911588        0.073388
BFGS:   64 13:54:05     -204.912814        0.071823
BFGS:   65 13:54:05     -204.914276        0.070096
BFGS:   66 13:54:05     -204.917084        0.066964
BFGS:   67 13:54:06     -204.921809        0.061928
BFGS:   68 13:54:06     -204.927693        0.055934
BFGS:   69 13:54:06     -204.931952        0.052153
BFGS:   70 13:54:06     -204.933500        0.051802
BFGS:   71 13:54:06     -204.934145        0.052383
BFGS:   72 13:54:06     -204.935174        0.053120
BFGS:   73 13:54:06     -204.937244        0.053549
BFGS:   74 13:54:06     -204.941340        0.052654
BFGS:   75 13:54:07     -204.947475        0.048979
BFGS:   76 13:54:07     -204.952620        0.043184
BFGS:   77 13:54:07     -204.954630        0.048124
BFGS:   78 13:54:07     -204.955285        0.050717
BFGS:   79 13:54:07     -204.955721        0.051779
BFGS:   80 13:54:07     -204.956664        0.053026
BFGS:   81 13:54:07     -204.958685        0.054470
BFGS:   82 13:54:07     -204.962881        0.055888
BFGS:   83 13:54:08     -204.969550        0.056142
BFGS:   84 13:54:08     -204.976238        0.053715
BFGS:   85 13:54:08     -204.980109        0.049414
BFGS:   86 13:54:08     -204.982105        0.045965
BFGS:   87 13:54:08     -204.984323        0.043054
BFGS:   88 13:54:08     -204.989441        0.038535
BFGS:   89 13:54:08     -205.000753        0.038433
BFGS:   90 13:54:08     -205.016244        0.042492
BFGS:   91 13:54:09     -205.031437        0.045165
BFGS:   92 13:54:09     -205.045138        0.053516
BFGS:   93 13:54:09     -205.056330        0.056754
BFGS:   94 13:54:09     -205.060984        0.049116
BFGS:   95 13:54:09     -205.061901        0.039595
BFGS:   96 13:54:09     -205.062707        0.030278
BFGS:   97 13:54:09     -205.063280        0.029701
BFGS:   98 13:54:09     -205.063892        0.029514
BFGS:   99 13:54:10     -205.064182        0.029906
BFGS:  100 13:54:10     -205.064396        0.030395
BFGS:  101 13:54:10     -205.064743        0.030934
BFGS:  102 13:54:10     -205.065571        0.031523
BFGS:  103 13:54:10     -205.067401        0.031616
BFGS:  104 13:54:10     -205.070842        0.030045
BFGS:  105 13:54:10     -205.075311        0.026180
BFGS:  106 13:54:10     -205.078403        0.024174
BFGS:  107 13:54:11     -205.079207        0.020870
BFGS:  108 13:54:11     -205.079412        0.020598
BFGS:  109 13:54:11     -205.079695        0.020439
BFGS:  110 13:54:11     -205.080115        0.020375
BFGS:  111 13:54:11     -205.080564        0.020471
BFGS:  112 13:54:11     -205.080934        0.026909
BFGS:  113 13:54:11     -205.081320        0.030625
BFGS:  114 13:54:11     -205.082019        0.032210
BFGS:  115 13:54:11     -205.083494        0.031897
BFGS:  116 13:54:12     -205.086159        0.029236
BFGS:  117 13:54:12     -205.089388        0.029148
BFGS:  118 13:54:12     -205.091429        0.029172
BFGS:  119 13:54:12     -205.092058        0.027784
BFGS:  120 13:54:12     -205.092308        0.026930
BFGS:  121 13:54:12     -205.092729        0.026036
BFGS:  122 13:54:12     -205.093414        0.025590
BFGS:  123 13:54:12     -205.094149        0.026409
BFGS:  124 13:54:13     -205.094541        0.028053
BFGS:  125 13:54:13     -205.094670        0.029077
BFGS:  126 13:54:13     -205.094766        0.029621
BFGS:  127 13:54:13     -205.094997        0.030344
BFGS:  128 13:54:13     -205.095544        0.031197
BFGS:  129 13:54:13     -205.096833        0.031973
BFGS:  130 13:54:13     -205.099421        0.039040
BFGS:  131 13:54:13     -205.103358        0.063882
BFGS:  132 13:54:14     -205.107472        0.081162
BFGS:  133 13:54:14     -205.110419        0.079318
BFGS:  134 13:54:14     -205.112718        0.063704
BFGS:  135 13:54:14     -205.115280        0.037838
BFGS:  136 13:54:14     -205.118251        0.023730
BFGS:  137 13:54:14     -205.120287        0.025147
BFGS:  138 13:54:14     -205.121119        0.025672
BFGS:  139 13:54:14     -205.121636        0.025723
BFGS:  140 13:54:15     -205.122546        0.023544
BFGS:  141 13:54:15     -205.123901        0.018414
BFGS:  142 13:54:15     -205.125191        0.017535
BFGS:  143 13:54:15     -205.125778        0.016509
BFGS:  144 13:54:15     -205.125941        0.016046
BFGS:  145 13:54:15     -205.126055        0.015823
BFGS:  146 13:54:15     -205.126314        0.015501
BFGS:  147 13:54:15     -205.126719        0.015209
BFGS:  148 13:54:16     -205.127149        0.015132
BFGS:  149 13:54:16     -205.127359        0.015307
BFGS:  150 13:54:16     -205.127417        0.015453
BFGS:  151 13:54:16     -205.127453        0.015517
BFGS:  152 13:54:16     -205.127540        0.015566
BFGS:  153 13:54:16     -205.127735        0.015512
BFGS:  154 13:54:16     -205.128145        0.015157
BFGS:  155 13:54:16     -205.128775        0.015431
BFGS:  156 13:54:17     -205.129365        0.013577
BFGS:  157 13:54:17     -205.129667        0.012928
BFGS:  158 13:54:17     -205.129816        0.012839
BFGS:  159 13:54:17     -205.130021        0.012757
BFGS:  160 13:54:17     -205.130464        0.012723
BFGS:  161 13:54:17     -205.131236        0.013651
BFGS:  162 13:54:17     -205.132139        0.016007
BFGS:  163 13:54:17     -205.132686        0.014396
BFGS:  164 13:54:17     -205.132877        0.014899
BFGS:  165 13:54:18     -205.132997        0.015171
BFGS:  166 13:54:18     -205.133242        0.015572
BFGS:  167 13:54:18     -205.133698        0.016110
BFGS:  168 13:54:18     -205.134329        0.016561
BFGS:  169 13:54:18     -205.134786        0.016476
BFGS:  170 13:54:18     -205.134947        0.016058
BFGS:  171 13:54:18     -205.135001        0.015775
BFGS:  172 13:54:18     -205.135077        0.015456
BFGS:  173 13:54:19     -205.135268        0.014867
BFGS:  174 13:54:19     -205.135684        0.013930
BFGS:  175 13:54:19     -205.136454        0.014030
BFGS:  176 13:54:19     -205.137395        0.017350
BFGS:  177 13:54:19     -205.137996        0.018830
BFGS:  178 13:54:19     -205.138212        0.016475
BFGS:  179 13:54:19     -205.138352        0.014633
BFGS:  180 13:54:19     -205.138644        0.014576
BFGS:  181 13:54:20     -205.139308        0.015929
BFGS:  182 13:54:20     -205.140649        0.027875
BFGS:  183 13:54:20     -205.142613        0.039449
BFGS:  184 13:54:20     -205.144294        0.041309
BFGS:  185 13:54:20     -205.145011        0.033043
BFGS:  186 13:54:20     -205.145232        0.023746
BFGS:  187 13:54:20     -205.145388        0.013189
BFGS:  188 13:54:20     -205.145545        0.007805
BFGS:  189 13:54:21     -205.145644        0.009551
BFGS:  190 13:54:21     -205.145701        0.011982
BFGS:  191 13:54:21     -205.145765        0.011955
BFGS:  192 13:54:21     -205.145889        0.010125
BFGS:  193 13:54:21     -205.146085        0.007968
BFGS:  194 13:54:21     -205.146280        0.005718
BFGS:  195 13:54:21     -205.146371        0.003945
BFGS:  196 13:54:21     -205.146390        0.003091
BFGS:  197 13:54:22     -205.146394        0.002464
BFGS:  198 13:54:22     -205.146398        0.002100
BFGS:  199 13:54:22     -205.146403        0.002070
BFGS:  200 13:54:22     -205.146409        0.002687
BFGS:  201 13:54:22     -205.146415        0.004058
BFGS:  202 13:54:22     -205.146421        0.004725
BFGS:  203 13:54:22     -205.146430        0.004560
BFGS:  204 13:54:22     -205.146440        0.003766
BFGS:  205 13:54:23     -205.146451        0.003054
BFGS:  206 13:54:23     -205.146459        0.002198
BFGS:  207 13:54:23     -205.146463        0.002143
BFGS:  208 13:54:23     -205.146464        0.002099
BFGS:  209 13:54:23     -205.146465        0.002068
BFGS:  210 13:54:23     -205.146466        0.002040
BFGS:  211 13:54:23     -205.146467        0.002032
BFGS:  212 13:54:23     -205.146468        0.002052
BFGS:  213 13:54:23     -205.146469        0.002091
BFGS:  214 13:54:24     -205.146471        0.002142
BFGS:  215 13:54:24     -205.146474        0.002216
BFGS:  216 13:54:24     -205.146480        0.002321
BFGS:  217 13:54:24     -205.146493        0.002765
BFGS:  218 13:54:24     -205.146511        0.002858
BFGS:  219 13:54:24     -205.146527        0.003310
BFGS:  220 13:54:24     -205.146537        0.003462
BFGS:  221 13:54:24     -205.146543        0.003404
BFGS:  222 13:54:25     -205.146552        0.002730
BFGS:  223 13:54:25     -205.146567        0.002519
BFGS:  224 13:54:25     -205.146584        0.003790
BFGS:  225 13:54:25     -205.146598        0.004527
BFGS:  226 13:54:25     -205.146609        0.005068
BFGS:  227 13:54:25     -205.146625        0.005124
BFGS:  228 13:54:25     -205.146660        0.004835
BFGS:  229 13:54:25     -205.146737        0.005642
BFGS:  230 13:54:26     -205.146877        0.008320
BFGS:  231 13:54:26     -205.147072        0.012687
BFGS:  232 13:54:26     -205.147294        0.017260
BFGS:  233 13:54:26     -205.147646        0.025899
BFGS:  234 13:54:26     -205.146389        0.037836
BFGS:  235 13:54:26     -205.148725        0.021444
BFGS:  236 13:54:26     -205.149431        0.020366
BFGS:  237 13:54:26     -205.150438        0.020671
BFGS:  238 13:54:27     -205.151009        0.019114
BFGS:  239 13:54:27     -205.151466        0.016674
BFGS:  240 13:54:27     -205.151639        0.013529
BFGS:  241 13:54:27     -205.151822        0.013690
BFGS:  242 13:54:27     -205.151978        0.013549
BFGS:  243 13:54:27     -205.152526        0.009944
BFGS:  244 13:54:27     -205.153084        0.010765
BFGS:  245 13:54:27     -205.153444        0.014479
BFGS:  246 13:54:28     -205.153619        0.013508
BFGS:  247 13:54:28     -205.153735        0.012076
BFGS:  248 13:54:28     -205.153919        0.011722
BFGS:  249 13:54:28     -205.154263        0.013383
BFGS:  250 13:54:28     -205.154825        0.019260
BFGS:  251 13:54:28     -205.155463        0.027191
BFGS:  252 13:54:28     -205.155897        0.028764
BFGS:  253 13:54:28     -205.156139        0.024741
BFGS:  254 13:54:29     -205.156411        0.016984
BFGS:  255 13:54:29     -205.157042        0.015542
BFGS:  256 13:54:29     -205.157508        0.022874
BFGS:  257 13:54:29     -205.158140        0.035177
BFGS:  258 13:54:29     -205.159115        0.051687
BFGS:  259 13:54:29     -205.160142        0.063120
BFGS:  260 13:54:29     -205.161336        0.071782
BFGS:  261 13:54:29     -205.162633        0.076585
BFGS:  262 13:54:29     -205.164283        0.076514
BFGS:  263 13:54:30     -205.165319        0.076165
BFGS:  264 13:54:30     -205.166903        0.070882
BFGS:  265 13:54:30     -205.168372        0.066414
BFGS:  266 13:54:30     -205.169869        0.062232
BFGS:  267 13:54:30     -205.171843        0.056776
BFGS:  268 13:54:30     -205.173762        0.047019
BFGS:  269 13:54:30     -205.176359        0.042719
BFGS:  270 13:54:30     -205.178735        0.038419
BFGS:  271 13:54:31     -205.180506        0.040752
BFGS:  272 13:54:31     -205.182236        0.042059
BFGS:  273 13:54:31     -205.183939        0.044200
BFGS:  274 13:54:31     -205.185377        0.054845
BFGS:  275 13:54:31     -205.186080        0.055938
BFGS:  276 13:54:31     -205.186965        0.041839
BFGS:  277 13:54:31     -205.187588        0.019776
BFGS:  278 13:54:31     -205.187779        0.007992
BFGS:  279 13:54:32     -205.187823        0.006658
BFGS:  280 13:54:32     -205.187859        0.006281
BFGS:  281 13:54:32     -205.187913        0.004461
BFGS:  282 13:54:32     -205.187936        0.004288
BFGS:  283 13:54:32     -205.187962        0.006011
BFGS:  284 13:54:32     -205.187988        0.006606
BFGS:  285 13:54:32     -205.188023        0.007804
BFGS:  286 13:54:32     -205.188065        0.007721
BFGS:  287 13:54:33     -205.188111        0.006159
BFGS:  288 13:54:33     -205.188146        0.004845
BFGS:  289 13:54:33     -205.188164        0.004953
BFGS:  290 13:54:33     -205.188174        0.004300
BFGS:  291 13:54:33     -205.188184        0.003233
BFGS:  292 13:54:33     -205.188197        0.002860
BFGS:  293 13:54:33     -205.188210        0.002858
BFGS:  294 13:54:33     -205.188218        0.002811
BFGS:  295 13:54:34     -205.188221        0.002784
BFGS:  296 13:54:34     -205.188222        0.002766
BFGS:  297 13:54:34     -205.188224        0.002764
BFGS:  298 13:54:34     -205.188227        0.002768
BFGS:  299 13:54:34     -205.188229        0.002783
BFGS:  300 13:54:34     -205.188231        0.002793
BFGS:  301 13:54:34     -205.188233        0.002797
BFGS:  302 13:54:34     -205.188235        0.002794
BFGS:  303 13:54:35     -205.188239        0.002785
BFGS:  304 13:54:35     -205.188248        0.002770
BFGS:  305 13:54:35     -205.188260        0.003286
BFGS:  306 13:54:35     -205.188274        0.004305
BFGS:  307 13:54:35     -205.188287        0.005185
BFGS:  308 13:54:35     -205.188302        0.005835
BFGS:  309 13:54:35     -205.188328        0.006196
BFGS:  310 13:54:35     -205.188381        0.006228
BFGS:  311 13:54:36     -205.188471        0.010533
BFGS:  312 13:54:36     -205.188589        0.016654
BFGS:  313 13:54:36     -205.188700        0.019893
BFGS:  314 13:54:36     -205.188800        0.019133
BFGS:  315 13:54:36     -205.188924        0.015131
BFGS:  316 13:54:36     -205.189113        0.011947
BFGS:  317 13:54:36     -205.189339        0.012575
BFGS:  318 13:54:36     -205.189507        0.016754
BFGS:  319 13:54:37     -205.189619        0.016740
BFGS:  320 13:54:37     -205.189734        0.013465
BFGS:  321 13:54:37     -205.189905        0.010028
BFGS:  322 13:54:37     -205.190155        0.009333
BFGS:  323 13:54:37     -205.190386        0.011688
BFGS:  324 13:54:37     -205.190544        0.015133
BFGS:  325 13:54:37     -205.190655        0.014013
BFGS:  326 13:54:37     -205.190774        0.010304
BFGS:  327 13:54:37     -205.190898        0.007277
BFGS:  328 13:54:38     -205.191006        0.006597
BFGS:  329 13:54:38     -205.191075        0.007436
BFGS:  330 13:54:38     -205.191128        0.006908
BFGS:  331 13:54:38     -205.191177        0.005969
BFGS:  332 13:54:38     -205.191217        0.005987
BFGS:  333 13:54:38     -205.191254        0.006820
BFGS:  334 13:54:38     -205.191298        0.006784
BFGS:  335 13:54:38     -205.191351        0.005890
BFGS:  336 13:54:39     -205.191389        0.005681
BFGS:  337 13:54:39     -205.191406        0.006235
BFGS:  338 13:54:39     -205.191420        0.005839
BFGS:  339 13:54:39     -205.191438        0.004908
BFGS:  340 13:54:39     -205.191460        0.003568
BFGS:  341 13:54:39     -205.191479        0.003954
BFGS:  342 13:54:39     -205.191492        0.004671
BFGS:  343 13:54:39     -205.191502        0.004954
BFGS:  344 13:54:40     -205.191512        0.004224
BFGS:  345 13:54:40     -205.191524        0.002566
BFGS:  346 13:54:40     -205.191533        0.001679
BFGS:  347 13:54:40     -205.191538        0.001602
BFGS:  348 13:54:40     -205.191540        0.001558
BFGS:  349 13:54:40     -205.191542        0.001417
BFGS:  350 13:54:40     -205.191544        0.001325
BFGS:  351 13:54:40     -205.191547        0.001278
BFGS:  352 13:54:41     -205.191552        0.001687
BFGS:  353 13:54:41     -205.191558        0.002284
BFGS:  354 13:54:41     -205.191564        0.002376
BFGS:  355 13:54:41     -205.191567        0.002056
BFGS:  356 13:54:41     -205.191570        0.001952
BFGS:  357 13:54:41     -205.191573        0.001837
BFGS:  358 13:54:41     -205.191578        0.001727
BFGS:  359 13:54:41     -205.191583        0.002881
BFGS:  360 13:54:42     -205.191587        0.003240
BFGS:  361 13:54:42     -205.191590        0.002944
BFGS:  362 13:54:42     -205.191594        0.002518
BFGS:  363 13:54:42     -205.191600        0.002106
BFGS:  364 13:54:42     -205.191608        0.001597
BFGS:  365 13:54:42     -205.191614        0.001455
BFGS:  366 13:54:42     -205.191615        0.001349
BFGS:  367 13:54:42     -205.191617        0.001281
BFGS:  368 13:54:43     -205.191618        0.001114
BFGS:  369 13:54:43     -205.191622        0.001149
BFGS:  370 13:54:43     -205.191626        0.001764
BFGS:  371 13:54:43     -205.191629        0.002053
BFGS:  372 13:54:43     -205.191631        0.002159
BFGS:  373 13:54:43     -205.191633        0.002158
BFGS:  374 13:54:43     -205.191637        0.001747
BFGS:  375 13:54:43     -205.191642        0.001613
BFGS:  376 13:54:44     -205.191649        0.002565
BFGS:  377 13:54:44     -205.191654        0.003001
BFGS:  378 13:54:44     -205.191658        0.002770
BFGS:  379 13:54:44     -205.191664        0.002609
BFGS:  380 13:54:44     -205.191677        0.002578
BFGS:  381 13:54:44     -205.191703        0.003477
BFGS:  382 13:54:44     -205.191741        0.005019
BFGS:  383 13:54:44     -205.191777        0.005631
BFGS:  384 13:54:44     -205.191801        0.007368
BFGS:  385 13:54:45     -205.191828        0.008054
BFGS:  386 13:54:45     -205.191872        0.007140
BFGS:  387 13:54:45     -205.191918        0.005641
BFGS:  388 13:54:45     -205.191984        0.007187
BFGS:  389 13:54:45     -205.192148        0.013932
BFGS:  390 13:54:45     -205.192356        0.026906
BFGS:  391 13:54:45     -205.192583        0.038606
BFGS:  392 13:54:46     -205.192951        0.049473
BFGS:  393 13:54:46     -205.193508        0.048144
BFGS:  394 13:54:46     -205.194349        0.035032
BFGS:  395 13:54:46     -205.195231        0.030436
BFGS:  396 13:54:46     -205.196601        0.034385
BFGS:  397 13:54:46     -205.198015        0.039496
BFGS:  398 13:54:46     -205.200107        0.049015
BFGS:  399 13:54:46     -205.203527        0.078070
BFGS:  400 13:54:46     -205.207966        0.123757
BFGS:  401 13:54:47     -205.211642        0.137188
BFGS:  402 13:54:47     -205.217497        0.136711
BFGS:  403 13:54:47     -205.225200        0.107327
BFGS:  404 13:54:47     -205.230799        0.098187
BFGS:  405 13:54:47     -205.237010        0.103110
BFGS:  406 13:54:47     -205.242271        0.101509
BFGS:  407 13:54:47     -205.252018        0.088595
BFGS:  408 13:54:47     -205.265922        0.090216
BFGS:  409 13:54:48     -205.276754        0.107478
BFGS:  410 13:54:48     -205.283201        0.096062
BFGS:  411 13:54:48     -205.291073        0.076718
BFGS:  412 13:54:48     -205.296272        0.062312
BFGS:  413 13:54:48     -205.299192        0.061592
BFGS:  414 13:54:48     -205.306506        0.058609
BFGS:  415 13:54:48     -205.314261        0.056760
BFGS:  416 13:54:48     -205.319735        0.068503
BFGS:  417 13:54:49     -205.324993        0.076471
BFGS:  418 13:54:49     -205.327353        0.081767
BFGS:  419 13:54:49     -205.330822        0.078747
BFGS:  420 13:54:49     -205.336907        0.061412
BFGS:  421 13:54:49     -205.343261        0.056314
BFGS:  422 13:54:49     -205.348951        0.054493
BFGS:  423 13:54:49     -205.351413        0.065544
BFGS:  424 13:54:49     -205.352947        0.062970
BFGS:  425 13:54:50     -205.354940        0.051207
BFGS:  426 13:54:50     -205.358298        0.045437
BFGS:  427 13:54:50     -205.362720        0.059201
BFGS:  428 13:54:50     -205.366663        0.083028
BFGS:  429 13:54:50     -205.369088        0.086500
BFGS:  430 13:54:50     -205.371018        0.075276
BFGS:  431 13:54:50     -205.374390        0.050322
BFGS:  432 13:54:50     -205.378609        0.048108
BFGS:  433 13:54:51     -205.382431        0.047685
BFGS:  434 13:54:51     -205.384861        0.054078
BFGS:  435 13:54:51     -205.386661        0.054202
BFGS:  436 13:54:51     -205.388733        0.054121
BFGS:  437 13:54:51     -205.391801        0.044160
BFGS:  438 13:54:51     -205.395599        0.047880
BFGS:  439 13:54:51     -205.398795        0.050074
BFGS:  440 13:54:51     -205.400632        0.041700
BFGS:  441 13:54:52     -205.401682        0.044866
BFGS:  442 13:54:52     -205.402878        0.045226
BFGS:  443 13:54:52     -205.405015        0.039239
BFGS:  444 13:54:52     -205.408260        0.059805
BFGS:  445 13:54:52     -205.410930        0.061886
BFGS:  446 13:54:52     -205.412261        0.048286
BFGS:  447 13:54:52     -205.413061        0.046041
BFGS:  448 13:54:52     -205.414170        0.036895
BFGS:  449 13:54:53     -205.415959        0.043916
BFGS:  450 13:54:53     -205.418009        0.066696
BFGS:  451 13:54:53     -205.419437        0.064073
BFGS:  452 13:54:53     -205.420311        0.054556
BFGS:  453 13:54:53     -205.421312        0.046917
BFGS:  454 13:54:53     -205.423106        0.033034
BFGS:  455 13:54:53     -205.425542        0.049539
BFGS:  456 13:54:53     -205.427556        0.063326
BFGS:  457 13:54:54     -205.428630        0.052313
BFGS:  458 13:54:54     -205.429388        0.034838
BFGS:  459 13:54:54     -205.430516        0.030953
BFGS:  460 13:54:54     -205.432728        0.032860
BFGS:  461 13:54:54     -205.435535        0.052525
BFGS:  462 13:54:54     -205.437681        0.057617
BFGS:  463 13:54:54     -205.438836        0.042771
BFGS:  464 13:54:54     -205.439628        0.039886
BFGS:  465 13:54:55     -205.440797        0.032728
BFGS:  466 13:54:55     -205.442498        0.025463
BFGS:  467 13:54:55     -205.443952        0.030272
BFGS:  468 13:54:55     -205.444787        0.033380
BFGS:  469 13:54:55     -205.445270        0.028716
BFGS:  470 13:54:55     -205.445816        0.026812
BFGS:  471 13:54:55     -205.446719        0.024062
BFGS:  472 13:54:55     -205.448110        0.026066
BFGS:  473 13:54:56     -205.449682        0.034697
BFGS:  474 13:54:56     -205.450845        0.041266
BFGS:  475 13:54:56     -205.451538        0.040333
BFGS:  476 13:54:56     -205.452173        0.034750
BFGS:  477 13:54:56     -205.453188        0.026884
BFGS:  478 13:54:56     -205.454760        0.037590
BFGS:  479 13:54:56     -205.456623        0.045640
BFGS:  480 13:54:56     -205.458237        0.062512
BFGS:  481 13:54:57     -205.459737        0.068026
BFGS:  482 13:54:57     -205.462160        0.066748
BFGS:  483 13:54:57     -205.465041        0.064654
BFGS:  484 13:54:57     -205.471496        0.094398
BFGS:  485 13:54:57     -205.483611        0.099875
BFGS:  486 13:54:57     -205.494310        0.118206
BFGS:  487 13:54:57     -205.504009        0.147486
BFGS:  488 13:54:57     -205.510085        0.131194
BFGS:  489 13:54:58     -205.529835        0.129467
BFGS:  490 13:54:58     -205.552461        0.138651
BFGS:  491 13:54:58     -205.577036        0.143971
BFGS:  492 13:54:58     -205.619806        0.218693
BFGS:  493 13:54:58     -205.639755        0.233807
BFGS:  494 13:54:58     -205.649487        0.202998
BFGS:  495 13:54:58     -205.665332        0.143258
BFGS:  496 13:54:58     -205.691326        0.108150
BFGS:  497 13:54:59     -205.708433        0.106527
BFGS:  498 13:54:59     -205.720341        0.123906
BFGS:  499 13:54:59     -205.726535        0.115841
BFGS:  500 13:54:59     -205.731806        0.107305
BFGS:  501 13:54:59     -205.744337        0.099186
BFGS:  502 13:54:59     -205.758158        0.102965
BFGS:  503 13:54:59     -205.770501        0.110521
BFGS:  504 13:54:59     -205.778136        0.108891
BFGS:  505 13:55:00     -205.783365        0.107501
BFGS:  506 13:55:00     -205.787933        0.092335
BFGS:  507 13:55:00     -205.794053        0.074975
BFGS:  508 13:55:00     -205.802905        0.074056
BFGS:  509 13:55:00     -205.812074        0.085729
BFGS:  510 13:55:00     -205.818843        0.109696
BFGS:  511 13:55:00     -205.824318        0.117964
BFGS:  512 13:55:00     -205.830084        0.112856
BFGS:  513 13:55:01     -205.839261        0.082357
BFGS:  514 13:55:01     -205.850635        0.076094
BFGS:  515 13:55:01     -205.859118        0.080585
BFGS:  516 13:55:01     -205.862803        0.078221
BFGS:  517 13:55:01     -205.864888        0.072395
BFGS:  518 13:55:01     -205.868245        0.066402
BFGS:  519 13:55:01     -205.875322        0.064188
BFGS:  520 13:55:01     -205.884755        0.075306
BFGS:  521 13:55:01     -205.891798        0.092125
BFGS:  522 13:55:02     -205.894735        0.081447
BFGS:  523 13:55:02     -205.896201        0.064275
BFGS:  524 13:55:02     -205.898103        0.041860
BFGS:  525 13:55:02     -205.901273        0.035948
BFGS:  526 13:55:02     -205.904860        0.061761
BFGS:  527 13:55:02     -205.907230        0.082729
BFGS:  528 13:55:02     -205.908537        0.079991
BFGS:  529 13:55:02     -205.909871        0.066351
BFGS:  530 13:55:03     -205.912101        0.041568
BFGS:  531 13:55:03     -205.915128        0.032460
BFGS:  532 13:55:03     -205.917401        0.044424
BFGS:  533 13:55:03     -205.918534        0.040266
BFGS:  534 13:55:03     -205.919277        0.031816
BFGS:  535 13:55:03     -205.920284        0.033529
BFGS:  536 13:55:03     -205.921890        0.034152
BFGS:  537 13:55:03     -205.923816        0.033484
BFGS:  538 13:55:04     -205.925314        0.043260
BFGS:  539 13:55:04     -205.926157        0.043706
BFGS:  540 13:55:04     -205.926784        0.039810
BFGS:  541 13:55:04     -205.927650        0.032097
BFGS:  542 13:55:04     -205.928814        0.027791
BFGS:  543 13:55:04     -205.929868        0.030952
BFGS:  544 13:55:04     -205.930480        0.035009
BFGS:  545 13:55:04     -205.930856        0.033040
BFGS:  546 13:55:05     -205.931332        0.029046
BFGS:  547 13:55:05     -205.932143        0.024651
BFGS:  548 13:55:05     -205.933183        0.026068
BFGS:  549 13:55:05     -205.933960        0.028811
BFGS:  550 13:55:05     -205.934311        0.029699
BFGS:  551 13:55:05     -205.934529        0.026200
BFGS:  552 13:55:05     -205.934879        0.020921
BFGS:  553 13:55:05     -205.935521        0.017069
BFGS:  554 13:55:06     -205.936318        0.020472
BFGS:  555 13:55:06     -205.936898        0.026822
BFGS:  556 13:55:06     -205.937173        0.025767
BFGS:  557 13:55:06     -205.937366        0.020661
BFGS:  558 13:55:06     -205.937657        0.014604
BFGS:  559 13:55:06     -205.938050        0.013046
BFGS:  560 13:55:06     -205.938399        0.020575
BFGS:  561 13:55:06     -205.938598        0.024660
BFGS:  562 13:55:07     -205.938740        0.022773
BFGS:  563 13:55:07     -205.938954        0.017092
BFGS:  564 13:55:07     -205.939324        0.014307
BFGS:  565 13:55:07     -205.939809        0.013880
BFGS:  566 13:55:07     -205.940192        0.016543
BFGS:  567 13:55:07     -205.940379        0.016458
BFGS:  568 13:55:07     -205.940497        0.014367
BFGS:  569 13:55:07     -205.940685        0.012489
BFGS:  570 13:55:08     -205.941043        0.013844
BFGS:  571 13:55:08     -205.941579        0.018659
BFGS:  572 13:55:08     -205.942087        0.023405
BFGS:  573 13:55:08     -205.942421        0.024109
BFGS:  574 13:55:08     -205.942660        0.022924
BFGS:  575 13:55:08     -205.942970        0.019841
BFGS:  576 13:55:08     -205.943524        0.017459
BFGS:  577 13:55:08     -205.944250        0.020280
BFGS:  578 13:55:09     -205.944854        0.022028
BFGS:  579 13:55:09     -205.945182        0.020309
BFGS:  580 13:55:09     -205.945395        0.018872
BFGS:  581 13:55:09     -205.945710        0.017516
BFGS:  582 13:55:09     -205.946388        0.018399
BFGS:  583 13:55:09     -205.947316        0.028467
BFGS:  584 13:55:09     -205.947985        0.028280
BFGS:  585 13:55:09     -205.948351        0.032805
BFGS:  586 13:55:10     -205.948637        0.033020
BFGS:  587 13:55:10     -205.949105        0.030192
BFGS:  588 13:55:10     -205.949829        0.023324
BFGS:  589 13:55:10     -205.950646        0.026185
BFGS:  590 13:55:10     -205.951279        0.028294
BFGS:  591 13:55:10     -205.951670        0.029401
BFGS:  592 13:55:10     -205.952094        0.028267
BFGS:  593 13:55:10     -205.952865        0.025950
BFGS:  594 13:55:11     -205.953948        0.022527
BFGS:  595 13:55:11     -205.954911        0.030938
BFGS:  596 13:55:11     -205.955375        0.038891
BFGS:  597 13:55:11     -205.955866        0.032512
BFGS:  598 13:55:11     -205.956284        0.023287
BFGS:  599 13:55:11     -205.957516        0.021715
BFGS:  600 13:55:11     -205.958576        0.024334
BFGS:  601 13:55:11     -205.959486        0.034124
BFGS:  602 13:55:12     -205.959959        0.028957
BFGS:  603 13:55:12     -205.960417        0.027676
BFGS:  604 13:55:12     -205.961135        0.025259
BFGS:  605 13:55:12     -205.962440        0.028747
BFGS:  606 13:55:12     -205.964074        0.031850
BFGS:  607 13:55:12     -205.965376        0.040879
BFGS:  608 13:55:12     -205.966100        0.039887
BFGS:  609 13:55:12     -205.966649        0.032895
BFGS:  610 13:55:13     -205.967483        0.025547
BFGS:  611 13:55:13     -205.969395        0.028500
BFGS:  612 13:55:13     -205.971352        0.043440
BFGS:  613 13:55:13     -205.972649        0.046643
BFGS:  614 13:55:13     -205.973795        0.045173
BFGS:  615 13:55:13     -205.974802        0.037901
BFGS:  616 13:55:13     -205.976560        0.042357
BFGS:  617 13:55:13     -205.980042        0.048375
BFGS:  618 13:55:14     -205.985026        0.054360
BFGS:  619 13:55:14     -205.989400        0.069793
BFGS:  620 13:55:14     -205.991966        0.066699
BFGS:  621 13:55:14     -205.994337        0.059874
BFGS:  622 13:55:14     -205.996745        0.045904
BFGS:  623 13:55:14     -206.000456        0.048594
BFGS:  624 13:55:14     -206.008258        0.066454
BFGS:  625 13:55:14     -206.017771        0.098586
BFGS:  626 13:55:15     -206.027142        0.106258
BFGS:  627 13:55:15     -206.033893        0.088507
BFGS:  628 13:55:15     -206.036783        0.078566
BFGS:  629 13:55:15     -206.040826        0.073433
BFGS:  630 13:55:15     -206.046308        0.067975
BFGS:  631 13:55:15     -206.057307        0.054875
BFGS:  632 13:55:15     -206.064067        0.060276
BFGS:  633 13:55:15     -206.068489        0.058517
BFGS:  634 13:55:16     -206.070739        0.060015
BFGS:  635 13:55:16     -206.073499        0.064091
BFGS:  636 13:55:16     -206.079054        0.073186
BFGS:  637 13:55:16     -206.087655        0.058833
BFGS:  638 13:55:16     -206.095405        0.053718
BFGS:  639 13:55:16     -206.098975        0.054400
BFGS:  640 13:55:16     -206.100416        0.042956
BFGS:  641 13:55:16     -206.101662        0.040760
BFGS:  642 13:55:17     -206.104943        0.040783
BFGS:  643 13:55:17     -206.110040        0.046698
BFGS:  644 13:55:17     -206.115073        0.054975
BFGS:  645 13:55:17     -206.117804        0.049378
BFGS:  646 13:55:17     -206.119059        0.043774
BFGS:  647 13:55:17     -206.120165        0.035802
BFGS:  648 13:55:17     -206.122134        0.039015
BFGS:  649 13:55:17     -206.125148        0.053178
BFGS:  650 13:55:18     -206.128137        0.049309
BFGS:  651 13:55:18     -206.129907        0.033776
BFGS:  652 13:55:18     -206.130724        0.032802
BFGS:  653 13:55:18     -206.131501        0.031329
BFGS:  654 13:55:18     -206.132910        0.040075
BFGS:  655 13:55:18     -206.135223        0.055678
BFGS:  656 13:55:18     -206.138065        0.051061
BFGS:  657 13:55:18     -206.140060        0.027911
BFGS:  658 13:55:19     -206.140913        0.030622
BFGS:  659 13:55:19     -206.141395        0.028775
BFGS:  660 13:55:19     -206.142170        0.029421
BFGS:  661 13:55:19     -206.143773        0.041949
BFGS:  662 13:55:19     -206.146415        0.047801
BFGS:  663 13:55:19     -206.149023        0.033778
BFGS:  664 13:55:19     -206.150393        0.034099
BFGS:  665 13:55:19     -206.150892        0.032852
BFGS:  666 13:55:20     -206.151283        0.030271
BFGS:  667 13:55:20     -206.152163        0.026219
BFGS:  668 13:55:20     -206.153862        0.027946
BFGS:  669 13:55:20     -206.156258        0.030363
BFGS:  670 13:55:20     -206.158124        0.028117
BFGS:  671 13:55:20     -206.158914        0.023589
BFGS:  672 13:55:20     -206.159235        0.023195
BFGS:  673 13:55:20     -206.159617        0.022522
BFGS:  674 13:55:21     -206.160462        0.025591
BFGS:  675 13:55:21     -206.162011        0.033509
BFGS:  676 13:55:21     -206.164093        0.031573
BFGS:  677 13:55:21     -206.165602        0.029290
BFGS:  678 13:55:21     -206.166265        0.027572
BFGS:  679 13:55:21     -206.166584        0.025975
BFGS:  680 13:55:21     -206.167044        0.025351
BFGS:  681 13:55:21     -206.168221        0.036935
BFGS:  682 13:55:21     -206.170361        0.048074
BFGS:  683 13:55:22     -206.173333        0.047342
BFGS:  684 13:55:22     -206.175785        0.032792
BFGS:  685 13:55:22     -206.177031        0.032082
BFGS:  686 13:55:22     -206.177542        0.032622
BFGS:  687 13:55:22     -206.178179        0.032878
BFGS:  688 13:55:22     -206.179849        0.034791
BFGS:  689 13:55:22     -206.183818        0.054165
BFGS:  690 13:55:22     -206.189179        0.066362
BFGS:  691 13:55:23     -206.193081        0.050977
BFGS:  692 13:55:23     -206.194696        0.035080
BFGS:  693 13:55:23     -206.195843        0.031065
BFGS:  694 13:55:23     -206.196412        0.028972
BFGS:  695 13:55:23     -206.198014        0.025242
BFGS:  696 13:55:23     -206.200577        0.027714
BFGS:  697 13:55:23     -206.203940        0.029191
BFGS:  698 13:55:23     -206.206362        0.032100
BFGS:  699 13:55:24     -206.207322        0.025389
BFGS:  700 13:55:24     -206.207697        0.023713
BFGS:  701 13:55:24     -206.208081        0.024074
BFGS:  702 13:55:24     -206.209011        0.023098
BFGS:  703 13:55:24     -206.210465        0.020266
BFGS:  704 13:55:24     -206.212345        0.024986
BFGS:  705 13:55:24     -206.213728        0.023167
BFGS:  706 13:55:24     -206.214308        0.021741
BFGS:  707 13:55:25     -206.214568        0.020116
BFGS:  708 13:55:25     -206.214942        0.021541
BFGS:  709 13:55:25     -206.215679        0.027460
BFGS:  710 13:55:25     -206.216963        0.029204
BFGS:  711 13:55:25     -206.218511        0.026732
BFGS:  712 13:55:25     -206.219584        0.028145
BFGS:  713 13:55:25     -206.219999        0.027460
BFGS:  714 13:55:25     -206.220219        0.024368
BFGS:  715 13:55:26     -206.220591        0.020432
BFGS:  716 13:55:26     -206.221313        0.021609
BFGS:  717 13:55:26     -206.222515        0.023181
BFGS:  718 13:55:26     -206.223791        0.021939
BFGS:  719 13:55:26     -206.224548        0.020124
BFGS:  720 13:55:26     -206.224822        0.016851
BFGS:  721 13:55:26     -206.224968        0.015771
BFGS:  722 13:55:26     -206.225201        0.015748
BFGS:  723 13:55:27     -206.225684        0.015185
BFGS:  724 13:55:27     -206.226371        0.013666
BFGS:  725 13:55:27     -206.227101        0.014621
BFGS:  726 13:55:27     -206.227482        0.014997
BFGS:  727 13:55:27     -206.227622        0.014303
BFGS:  728 13:55:27     -206.227718        0.013301
BFGS:  729 13:55:27     -206.227898        0.011982
BFGS:  730 13:55:27     -206.228248        0.013251
BFGS:  731 13:55:28     -206.228762        0.012838
BFGS:  732 13:55:28     -206.229198        0.013266
BFGS:  733 13:55:28     -206.229397        0.015132
BFGS:  734 13:55:28     -206.229485        0.014938
BFGS:  735 13:55:28     -206.229594        0.014628
BFGS:  736 13:55:28     -206.229836        0.012477
BFGS:  737 13:55:28     -206.230292        0.013049
BFGS:  738 13:55:28     -206.230909        0.016640
BFGS:  739 13:55:29     -206.231368        0.014152
BFGS:  740 13:55:29     -206.231547        0.010757
BFGS:  741 13:55:29     -206.231610        0.010281
BFGS:  742 13:55:29     -206.231685        0.009415
BFGS:  743 13:55:29     -206.231848        0.007733
BFGS:  744 13:55:29     -206.232125        0.008691
BFGS:  745 13:55:29     -206.232418        0.008828
BFGS:  746 13:55:29     -206.232578        0.008828
BFGS:  747 13:55:30     -206.232630        0.008128
BFGS:  748 13:55:30     -206.232659        0.007389
BFGS:  749 13:55:30     -206.232708        0.006418
BFGS:  750 13:55:30     -206.232805        0.005418
BFGS:  751 13:55:30     -206.232956        0.005708
BFGS:  752 13:55:30     -206.233108        0.006791
BFGS:  753 13:55:30     -206.233189        0.006127
BFGS:  754 13:55:30     -206.233216        0.006032
BFGS:  755 13:55:31     -206.233234        0.005714
BFGS:  756 13:55:31     -206.233265        0.004970
BFGS:  757 13:55:31     -206.233322        0.005773
BFGS:  758 13:55:31     -206.233413        0.007931
BFGS:  759 13:55:31     -206.233506        0.007160
BFGS:  760 13:55:31     -206.233557        0.005681
BFGS:  761 13:55:31     -206.233577        0.005872
BFGS:  762 13:55:31     -206.233590        0.005584
BFGS:  763 13:55:32     -206.233617        0.004915
BFGS:  764 13:55:32     -206.233671        0.007483
BFGS:  765 13:55:32     -206.233755        0.009503
BFGS:  766 13:55:32     -206.233833        0.007580
BFGS:  767 13:55:32     -206.233870        0.004444
BFGS:  768 13:55:32     -206.233881        0.004223
BFGS:  769 13:55:32     -206.233889        0.003837
BFGS:  770 13:55:32     -206.233904        0.003675
BFGS:  771 13:55:33     -206.233934        0.005879
BFGS:  772 13:55:33     -206.233977        0.006673
BFGS:  773 13:55:33     -206.234011        0.004393
BFGS:  774 13:55:33     -206.234026        0.004111
BFGS:  775 13:55:33     -206.234030        0.003672
BFGS:  776 13:55:33     -206.234035        0.003128
BFGS:  777 13:55:33     -206.234046        0.003209
BFGS:  778 13:55:33     -206.234062        0.004217
BFGS:  779 13:55:34     -206.234082        0.003785
BFGS:  780 13:55:34     -206.234094        0.002002
BFGS:  781 13:55:34     -206.234097        0.002087
BFGS:  782 13:55:34     -206.234099        0.002021
BFGS:  783 13:55:34     -206.234101        0.001867
BFGS:  784 13:55:34     -206.234106        0.001530
BFGS:  785 13:55:34     -206.234115        0.001769
BFGS:  786 13:55:34     -206.234123        0.001728
BFGS:  787 13:55:35     -206.234128        0.001476
BFGS:  788 13:55:35     -206.234130        0.001486
BFGS:  789 13:55:35     -206.234131        0.001488
BFGS:  790 13:55:35     -206.234133        0.001478
BFGS:  791 13:55:35     -206.234136        0.001441
BFGS:  792 13:55:35     -206.234142        0.001331
BFGS:  793 13:55:35     -206.234149        0.001507
BFGS:  794 13:55:35     -206.234152        0.001570
BFGS:  795 13:55:36     -206.234153        0.001439
BFGS:  796 13:55:36     -206.234154        0.001229
BFGS:  797 13:55:36     -206.234156        0.001046
BFGS:  798 13:55:36     -206.234160        0.001350
BFGS:  799 13:55:36     -206.234166        0.001451
BFGS:  800 13:55:36     -206.234171        0.001171
BFGS:  801 13:55:36     -206.234174        0.001171
BFGS:  802 13:55:36     -206.234175        0.001099
BFGS:  803 13:55:37     -206.234175        0.001085
BFGS:  804 13:55:37     -206.234177        0.001041
BFGS:  805 13:55:37     -206.234181        0.001053
BFGS:  806 13:55:37     -206.234185        0.001044
BFGS:  807 13:55:37     -206.234188        0.000980
