      Step     Time          Energy          fmax
BFGS:    0 22:12:34      -36.589047        7.901467
BFGS:    1 22:12:34      -41.723675        4.497769
BFGS:    2 22:12:34      -45.138669        2.247012
BFGS:    3 22:12:35      -46.876998        1.241453
BFGS:    4 22:12:35      -48.094391        0.919774
BFGS:    5 22:12:35      -48.931384        0.611546
BFGS:    6 22:12:35      -49.363042        0.550897
BFGS:    7 22:12:35      -49.497904        0.724193
BFGS:    8 22:12:35      -49.581515        0.774912
BFGS:    9 22:12:35      -49.914715        0.754042
BFGS:   10 22:12:35      -50.183291        0.512978
BFGS:   11 22:12:35      -50.404949        0.295538
BFGS:   12 22:12:35      -50.487320        0.368372
BFGS:   13 22:12:35      -50.510554        0.388780
BFGS:   14 22:12:35      -50.550372        0.401774
BFGS:   15 22:12:35      -50.631135        0.405414
BFGS:   16 22:12:35      -50.737849        0.382224
BFGS:   17 22:12:35      -50.809057        0.303307
BFGS:   18 22:12:35      -50.836542        0.243150
BFGS:   19 22:12:35      -50.844668        0.228302
BFGS:   20 22:12:35      -50.870214        0.218651
BFGS:   21 22:12:35      -50.917312        0.222449
BFGS:   22 22:12:35      -51.010347        0.231865
BFGS:   23 22:12:35      -51.109407        0.270858
BFGS:   24 22:12:35      -51.180500        0.204753
BFGS:   25 22:12:36      -51.189093        0.120663
BFGS:   26 22:12:36      -51.191601        0.111144
BFGS:   27 22:12:36      -51.196399        0.115909
BFGS:   28 22:12:36      -51.206365        0.113853
BFGS:   29 22:12:36      -51.221493        0.091358
BFGS:   30 22:12:36      -51.233915        0.079466
BFGS:   31 22:12:36      -51.239548        0.069448
BFGS:   32 22:12:36      -51.240993        0.059226
BFGS:   33 22:12:36      -51.241699        0.057374
BFGS:   34 22:12:36      -51.243726        0.055677
BFGS:   35 22:12:36      -51.247487        0.059155
BFGS:   36 22:12:36      -51.253486        0.062915
BFGS:   37 22:12:36      -51.258390        0.043074
BFGS:   38 22:12:36      -51.259940        0.027985
BFGS:   39 22:12:36      -51.260194        0.026246
BFGS:   40 22:12:36      -51.260313        0.026151
BFGS:   41 22:12:36      -51.260592        0.027044
BFGS:   42 22:12:36      -51.261205        0.028413
BFGS:   43 22:12:36      -51.262401        0.028962
BFGS:   44 22:12:37      -51.263970        0.027128
BFGS:   45 22:12:37      -51.265077        0.029304
BFGS:   46 22:12:37      -51.265495        0.029981
BFGS:   47 22:12:37      -51.265710        0.028038
BFGS:   48 22:12:37      -51.266069        0.024843
BFGS:   49 22:12:37      -51.266859        0.025571
BFGS:   50 22:12:37      -51.268313        0.029488
BFGS:   51 22:12:37      -51.270059        0.029063
BFGS:   52 22:12:37      -51.271055        0.027352
BFGS:   53 22:12:37      -51.271310        0.027843
BFGS:   54 22:12:37      -51.271376        0.027836
BFGS:   55 22:12:37      -51.271473        0.027558
BFGS:   56 22:12:37      -51.271724        0.026898
BFGS:   57 22:12:37      -51.272259        0.025717
BFGS:   58 22:12:37      -51.273205        0.023778
BFGS:   59 22:12:37      -51.274259        0.029468
BFGS:   60 22:12:37      -51.274885        0.029863
BFGS:   61 22:12:37      -51.275129        0.027690
BFGS:   62 22:12:37      -51.275325        0.028012
BFGS:   63 22:12:37      -51.275765        0.026861
BFGS:   64 22:12:37      -51.276675        0.028783
BFGS:   65 22:12:37      -51.278233        0.040670
BFGS:   66 22:12:37      -51.279839        0.065936
BFGS:   67 22:12:37      -51.280762        0.069953
BFGS:   68 22:12:38      -51.281240        0.058843
BFGS:   69 22:12:38      -51.281640        0.042574
BFGS:   70 22:12:38      -51.282253        0.024720
BFGS:   71 22:12:38      -51.282790        0.025492
BFGS:   72 22:12:38      -51.283055        0.026188
BFGS:   73 22:12:38      -51.283170        0.026549
BFGS:   74 22:12:38      -51.283320        0.026708
BFGS:   75 22:12:38      -51.283681        0.026385
BFGS:   76 22:12:38      -51.284452        0.024527
BFGS:   77 22:12:38      -51.285766        0.032330
BFGS:   78 22:12:38      -51.287115        0.029721
BFGS:   79 22:12:38      -51.287775        0.017781
BFGS:   80 22:12:38      -51.287920        0.013549
BFGS:   81 22:12:38      -51.287965        0.013086
BFGS:   82 22:12:38      -51.288054        0.012230
BFGS:   83 22:12:38      -51.288232        0.012837
BFGS:   84 22:12:38      -51.288523        0.021836
BFGS:   85 22:12:38      -51.288838        0.035269
BFGS:   86 22:12:38      -51.289068        0.041638
BFGS:   87 22:12:38      -51.289257        0.041587
BFGS:   88 22:12:38      -51.289551        0.037664
BFGS:   89 22:12:38      -51.290093        0.029031
BFGS:   90 22:12:38      -51.290846        0.017332
BFGS:   91 22:12:39      -51.291411        0.013775
BFGS:   92 22:12:39      -51.291587        0.008242
BFGS:   93 22:12:39      -51.291616        0.008208
BFGS:   94 22:12:39      -51.291631        0.007875
BFGS:   95 22:12:39      -51.291672        0.007438
BFGS:   96 22:12:39      -51.291759        0.007788
BFGS:   97 22:12:39      -51.291900        0.013709
BFGS:   98 22:12:39      -51.292047        0.019624
BFGS:   99 22:12:39      -51.292143        0.021948
BFGS:  100 22:12:39      -51.292200        0.021059
BFGS:  101 22:12:39      -51.292267        0.018405
BFGS:  102 22:12:39      -51.292393        0.013728
BFGS:  103 22:12:39      -51.292563        0.012441
BFGS:  104 22:12:39      -51.292700        0.015980
BFGS:  105 22:12:39      -51.292763        0.016076
BFGS:  106 22:12:39      -51.292800        0.014126
BFGS:  107 22:12:39      -51.292856        0.010941
BFGS:  108 22:12:39      -51.292946        0.008014
BFGS:  109 22:12:40      -51.293036        0.008472
BFGS:  110 22:12:40      -51.293080        0.009167
BFGS:  111 22:12:40      -51.293093        0.009520
BFGS:  112 22:12:40      -51.293103        0.009680
BFGS:  113 22:12:40      -51.293126        0.009833
BFGS:  114 22:12:40      -51.293179        0.009797
BFGS:  115 22:12:40      -51.293292        0.012896
BFGS:  116 22:12:40      -51.293466        0.017006
BFGS:  117 22:12:40      -51.293625        0.014913
BFGS:  118 22:12:40      -51.293690        0.009037
BFGS:  119 22:12:40      -51.293707        0.005768
BFGS:  120 22:12:40      -51.293717        0.005684
BFGS:  121 22:12:40      -51.293742        0.005796
BFGS:  122 22:12:40      -51.293784        0.005890
BFGS:  123 22:12:40      -51.293833        0.005893
BFGS:  124 22:12:40      -51.293861        0.005780
BFGS:  125 22:12:40      -51.293869        0.005678
BFGS:  126 22:12:40      -51.293872        0.005623
BFGS:  127 22:12:40      -51.293878        0.005530
BFGS:  128 22:12:40      -51.293893        0.005337
BFGS:  129 22:12:40      -51.293927        0.004959
BFGS:  130 22:12:41      -51.293995        0.007335
BFGS:  131 22:12:41      -51.294091        0.008312
BFGS:  132 22:12:41      -51.294166        0.006509
BFGS:  133 22:12:41      -51.294193        0.005808
BFGS:  134 22:12:41      -51.294203        0.005408
BFGS:  135 22:12:41      -51.294214        0.005286
BFGS:  136 22:12:41      -51.294240        0.004894
BFGS:  137 22:12:41      -51.294295        0.004584
BFGS:  138 22:12:41      -51.294381        0.006022
BFGS:  139 22:12:41      -51.294461        0.004887
BFGS:  140 22:12:41      -51.294497        0.004508
BFGS:  141 22:12:41      -51.294506        0.004542
BFGS:  142 22:12:41      -51.294511        0.004450
BFGS:  143 22:12:41      -51.294524        0.004193
BFGS:  144 22:12:41      -51.294552        0.004037
BFGS:  145 22:12:41      -51.294606        0.007130
BFGS:  146 22:12:41      -51.294678        0.011675
BFGS:  147 22:12:41      -51.294732        0.013852
BFGS:  148 22:12:41      -51.294755        0.012718
BFGS:  149 22:12:41      -51.294768        0.010221
BFGS:  150 22:12:41      -51.294783        0.006382
BFGS:  151 22:12:41      -51.294800        0.003794
BFGS:  152 22:12:41      -51.294813        0.005929
BFGS:  153 22:12:41      -51.294821        0.006745
BFGS:  154 22:12:42      -51.294827        0.006169
BFGS:  155 22:12:42      -51.294834        0.004692
BFGS:  156 22:12:42      -51.294843        0.002632
BFGS:  157 22:12:42      -51.294851        0.002852
BFGS:  158 22:12:42      -51.294857        0.003167
BFGS:  159 22:12:42      -51.294861        0.003365
BFGS:  160 22:12:42      -51.294866        0.003416
BFGS:  161 22:12:42      -51.294873        0.003503
BFGS:  162 22:12:42      -51.294877        0.003542
BFGS:  163 22:12:42      -51.294882        0.003452
BFGS:  164 22:12:42      -51.294914        0.003422
BFGS:  165 22:12:42      -51.294983        0.004885
BFGS:  166 22:12:42      -51.295256        0.013650
BFGS:  167 22:12:42      -51.295769        0.017605
BFGS:  168 22:12:42      -51.294964        0.026503
BFGS:  169 22:12:42      -51.293739        0.024712
BFGS:  170 22:12:42      -51.296588        0.012253
BFGS:  171 22:12:42      -51.297246        0.013534
BFGS:  172 22:12:42      -51.297468        0.012585
BFGS:  173 22:12:42      -51.297651        0.009220
BFGS:  174 22:12:42      -51.297683        0.007939
BFGS:  175 22:12:42      -51.297693        0.007525
BFGS:  176 22:12:42      -51.297706        0.007101
BFGS:  177 22:12:43      -51.297727        0.006412
BFGS:  178 22:12:43      -51.297761        0.005176
BFGS:  179 22:12:43      -51.297798        0.006313
BFGS:  180 22:12:43      -51.297821        0.007616
BFGS:  181 22:12:43      -51.297838        0.007450
BFGS:  182 22:12:43      -51.297851        0.005429
BFGS:  183 22:12:43      -51.297857        0.005468
BFGS:  184 22:12:43      -51.297860        0.004686
BFGS:  185 22:12:43      -51.297864        0.002644
BFGS:  186 22:12:43      -51.297866        0.001512
BFGS:  187 22:12:43      -51.297869        0.000947
