      Step     Time          Energy          fmax
BFGS:    0 00:01:01      -70.873971        6.422131
BFGS:    1 00:01:01      -77.368978        4.469021
BFGS:    2 00:01:01      -86.805386        2.849308
BFGS:    3 00:01:01      -91.179190        1.949348
BFGS:    4 00:01:01      -92.599477        1.436849
BFGS:    5 00:01:02      -92.905157        1.212482
BFGS:    6 00:01:02      -93.064936        1.121804
BFGS:    7 00:01:02      -93.425127        1.051880
BFGS:    8 00:01:02      -93.881683        1.017923
BFGS:    9 00:01:02      -94.383486        1.021268
BFGS:   10 00:01:02      -94.893740        1.047800
BFGS:   11 00:01:02      -95.338622        1.072378
BFGS:   12 00:01:02      -95.708551        1.093059
BFGS:   13 00:01:02      -96.038082        1.098982
BFGS:   14 00:01:02      -96.366215        1.088205
BFGS:   15 00:01:02      -96.711264        1.062865
BFGS:   16 00:01:02      -97.075201        1.026019
BFGS:   17 00:01:02      -97.453713        0.980659
BFGS:   18 00:01:02      -97.833631        0.929091
BFGS:   19 00:01:03      -98.210623        0.871203
BFGS:   20 00:01:03      -98.580395        0.808466
BFGS:   21 00:01:03      -98.929752        0.744856
BFGS:   22 00:01:03      -99.249516        0.683479
BFGS:   23 00:01:03      -99.536047        0.624285
BFGS:   24 00:01:03      -99.792621        0.564790
BFGS:   25 00:01:03     -100.026137        0.503988
BFGS:   26 00:01:03     -100.239443        0.455620
BFGS:   27 00:01:03     -100.429816        0.425265
BFGS:   28 00:01:03     -100.596293        0.402402
BFGS:   29 00:01:03     -100.742417        0.385237
BFGS:   30 00:01:03     -100.871970        0.371137
BFGS:   31 00:01:03     -100.988242        0.358226
BFGS:   32 00:01:03     -101.094095        0.366037
BFGS:   33 00:01:03     -101.192206        0.370260
BFGS:   34 00:01:04     -101.285344        0.367728
BFGS:   35 00:01:04     -101.376308        0.358376
BFGS:   36 00:01:04     -101.468301        0.341967
BFGS:   37 00:01:04     -101.567856        0.316629
BFGS:   38 00:01:04     -101.690175        0.275174
BFGS:   39 00:01:04     -101.836407        0.246527
BFGS:   40 00:01:04     -101.956241        0.226300
BFGS:   41 00:01:04     -102.019317        0.204798
BFGS:   42 00:01:04     -102.053824        0.192598
BFGS:   43 00:01:04     -102.075397        0.210549
BFGS:   44 00:01:04     -102.099586        0.224107
BFGS:   45 00:01:04     -102.142519        0.234317
BFGS:   46 00:01:04     -102.184803        0.223859
BFGS:   47 00:01:04     -102.211404        0.193936
BFGS:   48 00:01:05     -102.221177        0.169469
BFGS:   49 00:01:05     -102.225555        0.155483
BFGS:   50 00:01:06     -102.229344        0.146041
BFGS:   51 00:01:06     -102.234033        0.140055
BFGS:   52 00:01:06     -102.242722        0.136127
BFGS:   53 00:01:06     -102.259800        0.136320
BFGS:   54 00:01:06     -102.288869        0.144764
BFGS:   55 00:01:06     -102.319926        0.155544
BFGS:   56 00:01:06     -102.344648        0.165526
BFGS:   57 00:01:06     -102.356554        0.176788
BFGS:   58 00:01:06     -102.365076        0.180145
BFGS:   59 00:01:06     -102.388967        0.182373
BFGS:   60 00:01:06     -102.439418        0.178175
BFGS:   61 00:01:06     -102.492811        0.168475
BFGS:   62 00:01:07     -102.543475        0.158488
BFGS:   63 00:01:07     -102.589870        0.150655
BFGS:   64 00:01:07     -102.632165        0.145798
BFGS:   65 00:01:07     -102.674271        0.138013
BFGS:   66 00:01:07     -102.708709        0.125196
BFGS:   67 00:01:07     -102.733666        0.118542
BFGS:   68 00:01:07     -102.750780        0.127707
BFGS:   69 00:01:07     -102.760597        0.131753
BFGS:   70 00:01:07     -102.767108        0.126266
BFGS:   71 00:01:07     -102.775699        0.112577
BFGS:   72 00:01:07     -102.790897        0.094216
BFGS:   73 00:01:07     -102.818253        0.111011
BFGS:   74 00:01:07     -102.845806        0.108428
BFGS:   75 00:01:11     -102.870017        0.084100
BFGS:   76 00:01:11     -102.889664        0.063756
BFGS:   77 00:01:11     -102.897179        0.067333
BFGS:   78 00:01:11     -102.899063        0.067017
BFGS:   79 00:01:11     -102.901494        0.066402
BFGS:   80 00:01:12     -102.903454        0.066525
BFGS:   81 00:01:12     -102.907658        0.067267
BFGS:   82 00:01:12     -102.911849        0.067120
BFGS:   83 00:01:12     -102.915455        0.065013
BFGS:   84 00:01:12     -102.917135        0.062442
BFGS:   85 00:01:12     -102.917899        0.060849
BFGS:   86 00:01:12     -102.918532        0.059779
BFGS:   87 00:01:12     -102.919845        0.058036
BFGS:   88 00:01:12     -102.922310        0.055191
BFGS:   89 00:01:12     -102.925985        0.051296
BFGS:   90 00:01:12     -102.929405        0.050277
BFGS:   91 00:01:12     -102.931202        0.048177
BFGS:   92 00:01:12     -102.932009        0.048441
BFGS:   93 00:01:12     -102.933087        0.048385
BFGS:   94 00:01:13     -102.934860        0.047310
BFGS:   95 00:01:13     -102.937179        0.065729
BFGS:   96 00:01:13     -102.939707        0.103966
BFGS:   97 00:01:13     -102.942457        0.123340
BFGS:   98 00:01:13     -102.946546        0.126820
BFGS:   99 00:01:13     -102.954586        0.111677
BFGS:  100 00:01:13     -102.965717        0.077737
BFGS:  101 00:01:13     -102.979419        0.073626
BFGS:  102 00:01:13     -102.985995        0.081050
BFGS:  103 00:01:13     -102.989971        0.082599
BFGS:  104 00:01:13     -102.992732        0.078669
BFGS:  105 00:01:13     -102.996755        0.068328
BFGS:  106 00:01:13     -103.003578        0.058376
BFGS:  107 00:01:13     -103.009872        0.043434
BFGS:  108 00:01:14     -103.013340        0.052972
BFGS:  109 00:01:14     -103.014495        0.048089
BFGS:  110 00:01:14     -103.015174        0.048114
BFGS:  111 00:01:14     -103.016374        0.048145
BFGS:  112 00:01:14     -103.017986        0.048485
BFGS:  113 00:01:14     -103.019618        0.049525
BFGS:  114 00:01:14     -103.020768        0.058939
BFGS:  115 00:01:14     -103.021787        0.059525
BFGS:  116 00:01:14     -103.023451        0.054735
BFGS:  117 00:01:14     -103.026663        0.058582
BFGS:  118 00:01:14     -103.031459        0.063340
BFGS:  119 00:01:14     -103.035714        0.063118
BFGS:  120 00:01:14     -103.038006        0.059174
BFGS:  121 00:01:14     -103.038767        0.058725
BFGS:  122 00:01:14     -103.039454        0.057313
BFGS:  123 00:01:15     -103.041274        0.056553
BFGS:  124 00:01:15     -103.045906        0.054190
BFGS:  125 00:01:15     -103.063597        0.071049
BFGS:  126 00:01:15     -103.077081        0.111091
BFGS:  127 00:01:15     -103.086892        0.137829
BFGS:  128 00:01:15     -103.105354        0.127180
BFGS:  129 00:01:15     -103.119150        0.120471
BFGS:  130 00:01:15     -103.129710        0.104690
BFGS:  131 00:01:15     -103.134845        0.105170
BFGS:  132 00:01:15     -103.138096        0.104529
BFGS:  133 00:01:15     -103.140500        0.110453
BFGS:  134 00:01:15     -103.142316        0.113562
BFGS:  135 00:01:15     -103.143979        0.115268
BFGS:  136 00:01:15     -103.145893        0.112539
BFGS:  137 00:01:16     -103.149030        0.103656
BFGS:  138 00:01:16     -103.152883        0.087671
BFGS:  139 00:01:16     -103.155955        0.072229
BFGS:  140 00:01:16     -103.157413        0.064788
BFGS:  141 00:01:16     -103.158097        0.063364
BFGS:  142 00:01:16     -103.158853        0.061828
BFGS:  143 00:01:16     -103.160289        0.059356
BFGS:  144 00:01:16     -103.162129        0.054817
BFGS:  145 00:01:16     -103.163524        0.048776
BFGS:  146 00:01:16     -103.164182        0.042795
BFGS:  147 00:01:16     -103.164644        0.037499
BFGS:  148 00:01:16     -103.165376        0.038276
BFGS:  149 00:01:16     -103.166657        0.037804
BFGS:  150 00:01:16     -103.168354        0.047112
BFGS:  151 00:01:16     -103.169850        0.066564
BFGS:  152 00:01:17     -103.170889        0.069402
BFGS:  153 00:01:17     -103.171782        0.059127
BFGS:  154 00:01:17     -103.172888        0.037216
BFGS:  155 00:01:17     -103.174071        0.014170
BFGS:  156 00:01:17     -103.174672        0.011127
BFGS:  157 00:01:17     -103.174818        0.010487
BFGS:  158 00:01:17     -103.174862        0.008408
BFGS:  159 00:01:17     -103.174916        0.007062
BFGS:  160 00:01:17     -103.175003        0.006073
BFGS:  161 00:01:17     -103.175092        0.004197
BFGS:  162 00:01:17     -103.175142        0.002666
BFGS:  163 00:01:17     -103.175157        0.002050
BFGS:  164 00:01:17     -103.175163        0.001983
BFGS:  165 00:01:17     -103.175168        0.001886
BFGS:  166 00:01:18     -103.175170        0.001712
BFGS:  167 00:01:18     -103.175173        0.001575
BFGS:  168 00:01:18     -103.175174        0.001588
BFGS:  169 00:01:18     -103.175178        0.001718
BFGS:  170 00:01:18     -103.175183        0.001616
BFGS:  171 00:01:18     -103.175187        0.001596
BFGS:  172 00:01:18     -103.175189        0.001573
BFGS:  173 00:01:18     -103.175190        0.001558
BFGS:  174 00:01:18     -103.175190        0.001542
BFGS:  175 00:01:18     -103.175192        0.001515
BFGS:  176 00:01:18     -103.175195        0.001476
BFGS:  177 00:01:18     -103.175199        0.001434
BFGS:  178 00:01:18     -103.175201        0.001417
BFGS:  179 00:01:18     -103.175202        0.001423
BFGS:  180 00:01:18     -103.175202        0.001429
BFGS:  181 00:01:19     -103.175203        0.001433
BFGS:  182 00:01:19     -103.175204        0.001424
BFGS:  183 00:01:19     -103.175206        0.001386
BFGS:  184 00:01:19     -103.175209        0.001313
BFGS:  185 00:01:19     -103.175210        0.001249
BFGS:  186 00:01:19     -103.175210        0.001224
BFGS:  187 00:01:19     -103.175211        0.001209
BFGS:  188 00:01:19     -103.175212        0.001180
BFGS:  189 00:01:19     -103.175215        0.001117
BFGS:  190 00:01:19     -103.175221        0.001426
BFGS:  191 00:01:23     -103.175232        0.001865
BFGS:  192 00:01:23     -103.175242        0.001768
BFGS:  193 00:01:23     -103.175246        0.001348
BFGS:  194 00:01:23     -103.175247        0.001144
BFGS:  195 00:01:24     -103.175248        0.001053
BFGS:  196 00:01:24     -103.175250        0.000990
