      Step     Time          Energy          fmax
BFGS:    0 13:45:39      -89.870043        0.442764
BFGS:    1 13:45:39      -89.933673        0.450890
BFGS:    2 13:45:39      -91.979845        0.655930
BFGS:    3 13:45:39      -93.895457        0.585950
BFGS:    4 13:45:39      -94.604045        0.934211
BFGS:    5 13:45:39      -94.743952        0.510866
BFGS:    6 13:45:39      -94.884284        0.513845
BFGS:    7 13:45:39      -96.937891        0.666578
BFGS:    8 13:45:39      -98.756681        0.621321
BFGS:    9 13:45:39      -99.823397        0.448499
BFGS:   10 13:45:40      -99.925934        0.378546
BFGS:   11 13:45:40      -99.975434        0.410631
BFGS:   12 13:45:40     -100.026520        0.453375
BFGS:   13 13:45:40     -100.049025        0.463498
BFGS:   14 13:45:40     -100.123235        0.473745
BFGS:   15 13:45:40     -100.245578        0.466816
BFGS:   16 13:45:40     -100.414690        0.446052
BFGS:   17 13:45:40     -100.585856        0.422514
BFGS:   18 13:45:40     -100.771539        0.398381
BFGS:   19 13:45:40     -100.963192        0.370293
BFGS:   20 13:45:40     -101.107856        0.330638
BFGS:   21 13:45:40     -101.154317        0.339225
BFGS:   22 13:45:40     -101.184868        0.340761
BFGS:   23 13:45:41     -101.399240        0.328749
BFGS:   24 13:45:41     -101.609034        0.304053
BFGS:   25 13:45:41     -101.805087        0.269707
BFGS:   26 13:45:41     -101.976842        0.228819
BFGS:   27 13:45:41     -102.114657        0.182889
BFGS:   28 13:45:41     -102.206948        0.151386
BFGS:   29 13:45:41     -102.234992        0.154643
BFGS:   30 13:45:41     -102.240854        0.161453
BFGS:   31 13:45:41     -102.270732        0.183757
BFGS:   32 13:45:41     -102.298709        0.181438
BFGS:   33 13:45:41     -102.352751        0.152303
BFGS:   34 13:45:42     -102.391734        0.125506
BFGS:   35 13:45:42     -102.407566        0.092866
BFGS:   36 13:45:42     -102.410915        0.097661
BFGS:   37 13:45:42     -102.412780        0.099909
BFGS:   38 13:45:42     -102.416849        0.101978
BFGS:   39 13:45:42     -102.425904        0.102674
BFGS:   40 13:45:42     -102.442999        0.098359
BFGS:   41 13:45:42     -102.464444        0.083328
BFGS:   42 13:45:42     -102.478909        0.060257
BFGS:   43 13:45:42     -102.482617        0.046713
BFGS:   44 13:45:42     -102.483177        0.046167
BFGS:   45 13:45:42     -102.483744        0.047035
BFGS:   46 13:45:42     -102.485057        0.047949
BFGS:   47 13:45:42     -102.487565        0.048399
BFGS:   48 13:45:43     -102.491351        0.047479
BFGS:   49 13:45:43     -102.494774        0.061855
BFGS:   50 13:45:43     -102.496589        0.063056
BFGS:   51 13:45:43     -102.497433        0.054545
BFGS:   52 13:45:43     -102.498472        0.039640
BFGS:   53 13:45:43     -102.500221        0.038553
BFGS:   54 13:45:43     -102.502043        0.038175
BFGS:   55 13:45:43     -102.503110        0.038770
BFGS:   56 13:45:43     -102.503661        0.039554
BFGS:   57 13:45:43     -102.504262        0.040193
BFGS:   58 13:45:43     -102.505548        0.040734
BFGS:   59 13:45:43     -102.508317        0.040626
BFGS:   60 13:45:43     -102.513094        0.039057
BFGS:   61 13:45:43     -102.518151        0.041168
BFGS:   62 13:45:43     -102.520676        0.034394
BFGS:   63 13:45:44     -102.521350        0.034117
BFGS:   64 13:45:44     -102.521734        0.034565
BFGS:   65 13:45:44     -102.522673        0.035584
BFGS:   66 13:45:44     -102.524681        0.036327
BFGS:   67 13:45:44     -102.528583        0.044088
BFGS:   68 13:45:44     -102.533702        0.063996
BFGS:   69 13:45:44     -102.537341        0.068628
BFGS:   70 13:45:44     -102.538802        0.061496
BFGS:   71 13:45:44     -102.539691        0.051867
BFGS:   72 13:45:44     -102.541058        0.041352
BFGS:   73 13:45:44     -102.543031        0.040049
BFGS:   74 13:45:44     -102.544771        0.038439
BFGS:   75 13:45:44     -102.545655        0.037476
BFGS:   76 13:45:44     -102.546125        0.036910
BFGS:   77 13:45:45     -102.546700        0.036027
BFGS:   78 13:45:45     -102.547939        0.033716
BFGS:   79 13:45:45     -102.550105        0.029240
BFGS:   80 13:45:45     -102.552605        0.029369
BFGS:   81 13:45:45     -102.554009        0.029299
BFGS:   82 13:45:45     -102.554401        0.029611
BFGS:   83 13:45:45     -102.554557        0.029415
BFGS:   84 13:45:45     -102.554848        0.028996
BFGS:   85 13:45:45     -102.555447        0.028280
BFGS:   86 13:45:45     -102.556461        0.033941
BFGS:   87 13:45:45     -102.557626        0.053898
BFGS:   88 13:45:45     -102.558551        0.064209
BFGS:   89 13:45:45     -102.559406        0.065448
BFGS:   90 13:45:45     -102.560765        0.060973
BFGS:   91 13:45:45     -102.563234        0.050423
BFGS:   92 13:45:46     -102.566813        0.042757
BFGS:   93 13:45:46     -102.569780        0.026790
BFGS:   94 13:45:46     -102.570843        0.016620
BFGS:   95 13:45:46     -102.571039        0.015603
BFGS:   96 13:45:46     -102.571166        0.015251
BFGS:   97 13:45:46     -102.571500        0.014433
BFGS:   98 13:45:46     -102.572131        0.020323
BFGS:   99 13:45:46     -102.573117        0.025278
BFGS:  100 13:45:46     -102.573990        0.022625
BFGS:  101 13:45:46     -102.574400        0.017312
BFGS:  102 13:45:46     -102.574564        0.015793
BFGS:  103 13:45:46     -102.574779        0.015975
BFGS:  104 13:45:46     -102.575273        0.020442
BFGS:  105 13:45:46     -102.576212        0.027467
BFGS:  106 13:45:47     -102.577468        0.028407
BFGS:  107 13:45:47     -102.578318        0.017046
BFGS:  108 13:45:47     -102.578570        0.010679
BFGS:  109 13:45:47     -102.578620        0.010151
BFGS:  110 13:45:47     -102.578673        0.009668
BFGS:  111 13:45:47     -102.578827        0.009215
BFGS:  112 13:45:47     -102.579176        0.015770
BFGS:  113 13:45:47     -102.579950        0.025862
BFGS:  114 13:45:47     -102.581223        0.033183
BFGS:  115 13:45:47     -102.582483        0.029283
BFGS:  116 13:45:47     -102.583052        0.017520
BFGS:  117 13:45:47     -102.583198        0.013268
BFGS:  118 13:45:47     -102.583287        0.011687
BFGS:  119 13:45:47     -102.583471        0.011237
BFGS:  120 13:45:48     -102.583814        0.009765
BFGS:  121 13:45:48     -102.584305        0.013809
BFGS:  122 13:45:48     -102.584687        0.012296
BFGS:  123 13:45:48     -102.584836        0.010165
BFGS:  124 13:45:48     -102.584880        0.010347
BFGS:  125 13:45:48     -102.584929        0.010308
BFGS:  126 13:45:48     -102.585054        0.009793
BFGS:  127 13:45:48     -102.585307        0.008886
BFGS:  128 13:45:48     -102.585720        0.012923
BFGS:  129 13:45:48     -102.586092        0.011726
BFGS:  130 13:45:48     -102.586239        0.006549
BFGS:  131 13:45:48     -102.586268        0.005659
BFGS:  132 13:45:48     -102.586276        0.005513
BFGS:  133 13:45:48     -102.586289        0.005354
BFGS:  134 13:45:48     -102.586315        0.005126
BFGS:  135 13:45:49     -102.586352        0.005746
BFGS:  136 13:45:49     -102.586386        0.007401
BFGS:  137 13:45:49     -102.586404        0.007998
BFGS:  138 13:45:49     -102.586417        0.007536
BFGS:  139 13:45:49     -102.586433        0.005865
BFGS:  140 13:45:49     -102.586458        0.006020
BFGS:  141 13:45:49     -102.586484        0.005917
BFGS:  142 13:45:49     -102.586501        0.006150
BFGS:  143 13:45:49     -102.586514        0.006365
BFGS:  144 13:45:49     -102.586531        0.005921
BFGS:  145 13:45:49     -102.586572        0.004956
BFGS:  146 13:45:49     -102.586664        0.003932
BFGS:  147 13:45:49     -102.586830        0.004889
BFGS:  148 13:45:49     -102.587031        0.006490
BFGS:  149 13:45:50     -102.587189        0.009021
BFGS:  150 13:45:50     -102.587262        0.010103
BFGS:  151 13:45:50     -102.587301        0.010183
BFGS:  152 13:45:50     -102.587376        0.010014
BFGS:  153 13:45:50     -102.587557        0.009636
BFGS:  154 13:45:50     -102.587797        0.011724
BFGS:  155 13:45:50     -102.588173        0.012602
BFGS:  156 13:45:50     -102.588724        0.013310
BFGS:  157 13:45:50     -102.589778        0.027903
BFGS:  158 13:45:50     -102.589874        0.024542
BFGS:  159 13:45:50     -102.589942        0.022244
BFGS:  160 13:45:50     -102.590103        0.012045
BFGS:  161 13:45:50     -102.590189        0.010403
BFGS:  162 13:45:50     -102.590244        0.010166
BFGS:  163 13:45:51     -102.590262        0.009847
BFGS:  164 13:45:51     -102.590281        0.009467
BFGS:  165 13:45:51     -102.590318        0.008918
BFGS:  166 13:45:51     -102.590396        0.008103
BFGS:  167 13:45:51     -102.590531        0.014573
BFGS:  168 13:45:51     -102.590695        0.023346
BFGS:  169 13:45:51     -102.590830        0.027583
BFGS:  170 13:45:51     -102.590946        0.026869
BFGS:  171 13:45:51     -102.591109        0.023284
BFGS:  172 13:45:51     -102.591566        0.012720
BFGS:  173 13:45:51     -102.590662        0.014489
BFGS:  174 13:45:51     -102.591851        0.009993
BFGS:  175 13:45:51     -102.591957        0.008828
BFGS:  176 13:45:51     -102.592087        0.008716
BFGS:  177 13:45:51     -102.592165        0.009211
BFGS:  178 13:45:52     -102.592257        0.010763
BFGS:  179 13:45:52     -102.592380        0.015030
BFGS:  180 13:45:52     -102.592515        0.017641
BFGS:  181 13:45:52     -102.592696        0.017973
BFGS:  182 13:45:52     -102.592951        0.015047
BFGS:  183 13:45:52     -102.593263        0.011267
BFGS:  184 13:45:52     -102.593494        0.011772
BFGS:  185 13:45:52     -102.593571        0.010701
BFGS:  186 13:45:52     -102.593596        0.009337
BFGS:  187 13:45:52     -102.593623        0.007068
BFGS:  188 13:45:52     -102.593660        0.005003
BFGS:  189 13:45:52     -102.593697        0.005147
BFGS:  190 13:45:52     -102.593714        0.005252
BFGS:  191 13:45:52     -102.593721        0.005287
BFGS:  192 13:45:53     -102.593727        0.005299
BFGS:  193 13:45:53     -102.593741        0.005301
BFGS:  194 13:45:53     -102.593770        0.005265
BFGS:  195 13:45:53     -102.593819        0.005131
BFGS:  196 13:45:53     -102.593867        0.006402
BFGS:  197 13:45:53     -102.593894        0.007309
BFGS:  198 13:45:53     -102.593905        0.006907
BFGS:  199 13:45:53     -102.593916        0.005934
BFGS:  200 13:45:53     -102.593939        0.004679
BFGS:  201 13:45:53     -102.593970        0.004553
BFGS:  202 13:45:53     -102.593998        0.004583
BFGS:  203 13:45:53     -102.594012        0.004798
BFGS:  204 13:45:53     -102.594019        0.004433
BFGS:  205 13:45:53     -102.594031        0.004439
BFGS:  206 13:45:54     -102.594056        0.004139
BFGS:  207 13:45:54     -102.594105        0.004697
BFGS:  208 13:45:54     -102.594171        0.006316
BFGS:  209 13:45:54     -102.594218        0.006054
BFGS:  210 13:45:54     -102.594237        0.005830
BFGS:  211 13:45:54     -102.594246        0.005339
BFGS:  212 13:45:54     -102.594263        0.005357
BFGS:  213 13:45:54     -102.594299        0.005979
BFGS:  214 13:45:54     -102.594364        0.006368
BFGS:  215 13:45:54     -102.594438        0.005575
BFGS:  216 13:45:54     -102.594478        0.003827
BFGS:  217 13:45:54     -102.594487        0.002773
BFGS:  218 13:45:54     -102.594489        0.002705
BFGS:  219 13:45:54     -102.594492        0.002561
BFGS:  220 13:45:54     -102.594498        0.002602
BFGS:  221 13:45:55     -102.594505        0.002753
BFGS:  222 13:45:55     -102.594511        0.004434
BFGS:  223 13:45:55     -102.594514        0.004895
BFGS:  224 13:45:55     -102.594517        0.004746
BFGS:  225 13:45:55     -102.594523        0.004077
BFGS:  226 13:45:55     -102.594535        0.003403
BFGS:  227 13:45:55     -102.594549        0.003628
BFGS:  228 13:45:55     -102.594559        0.003044
BFGS:  229 13:45:55     -102.594563        0.002748
BFGS:  230 13:45:55     -102.594565        0.002776
BFGS:  231 13:45:55     -102.594569        0.002806
BFGS:  232 13:45:55     -102.594576        0.002838
BFGS:  233 13:45:55     -102.594586        0.003200
BFGS:  234 13:45:55     -102.594594        0.003657
BFGS:  235 13:45:56     -102.594599        0.003085
BFGS:  236 13:45:56     -102.594602        0.002918
BFGS:  237 13:45:56     -102.594607        0.002761
BFGS:  238 13:45:56     -102.594617        0.002786
BFGS:  239 13:45:56     -102.594632        0.003066
BFGS:  240 13:45:56     -102.594645        0.003684
BFGS:  241 13:45:56     -102.594652        0.003802
BFGS:  242 13:45:56     -102.594657        0.003847
BFGS:  243 13:45:56     -102.594664        0.003618
BFGS:  244 13:45:56     -102.594681        0.004303
BFGS:  245 13:45:56     -102.594711        0.006356
BFGS:  246 13:45:56     -102.594751        0.007851
BFGS:  247 13:45:56     -102.594781        0.007562
BFGS:  248 13:45:56     -102.594797        0.007384
BFGS:  249 13:45:57     -102.594811        0.006393
BFGS:  250 13:45:57     -102.594835        0.005731
BFGS:  251 13:45:57     -102.594878        0.005447
BFGS:  252 13:45:57     -102.594931        0.008625
BFGS:  253 13:45:57     -102.594967        0.009101
BFGS:  254 13:45:57     -102.594988        0.008467
BFGS:  255 13:45:57     -102.595012        0.008557
BFGS:  256 13:45:57     -102.595053        0.007919
BFGS:  257 13:45:57     -102.595124        0.006935
BFGS:  258 13:45:57     -102.595213        0.006137
BFGS:  259 13:45:57     -102.595300        0.005902
BFGS:  260 13:45:57     -102.595342        0.006691
BFGS:  261 13:45:57     -102.595374        0.007405
BFGS:  262 13:45:57     -102.595454        0.007247
BFGS:  263 13:45:57     -102.595240        0.005536
BFGS:  264 13:45:58     -102.595507        0.005112
BFGS:  265 13:45:58     -102.595526        0.004339
BFGS:  266 13:45:58     -102.595545        0.004316
BFGS:  267 13:45:58     -102.595553        0.004253
BFGS:  268 13:45:58     -102.595608        0.004559
BFGS:  269 13:45:58     -102.595627        0.004439
BFGS:  270 13:45:58     -102.595643        0.004524
BFGS:  271 13:45:58     -102.595651        0.005149
BFGS:  272 13:45:58     -102.595663        0.005623
BFGS:  273 13:45:58     -102.595678        0.005031
BFGS:  274 13:45:58     -102.595707        0.004036
BFGS:  275 13:45:58     -102.595728        0.004201
BFGS:  276 13:45:58     -102.595736        0.004748
BFGS:  277 13:45:58     -102.595741        0.004976
BFGS:  278 13:45:59     -102.595748        0.004681
BFGS:  279 13:45:59     -102.595758        0.003509
BFGS:  280 13:45:59     -102.595768        0.001701
BFGS:  281 13:45:59     -102.595773        0.001301
BFGS:  282 13:45:59     -102.595774        0.001182
BFGS:  283 13:45:59     -102.595775        0.001054
BFGS:  284 13:45:59     -102.595775        0.000923
