      Step     Time          Energy          fmax
BFGS:    0 13:45:59      -34.190614       13.715102
BFGS:    1 13:45:59      -90.784440        5.717336
BFGS:    2 13:45:59     -110.181282        4.530206
BFGS:    3 13:46:00     -119.646564        3.818760
BFGS:    4 13:46:00     -124.125830        3.509326
BFGS:    5 13:46:00     -128.309375        3.307135
BFGS:    6 13:46:00     -132.008939        3.185711
BFGS:    7 13:46:00     -135.338491        3.109490
BFGS:    8 13:46:00     -138.462720        3.051023
BFGS:    9 13:46:00     -141.541725        2.994116
BFGS:   10 13:46:00     -144.669166        2.928722
BFGS:   11 13:46:01     -147.876216        2.848653
BFGS:   12 13:46:01     -151.167357        2.753275
BFGS:   13 13:46:01     -154.525972        2.729982
BFGS:   14 13:46:01     -157.933012        2.826900
BFGS:   15 13:46:01     -161.360122        2.895573
BFGS:   16 13:46:01     -164.776570        2.937448
BFGS:   17 13:46:01     -168.145711        2.949874
BFGS:   18 13:46:01     -171.426987        2.920929
BFGS:   19 13:46:02     -174.573293        2.830313
BFGS:   20 13:46:02     -177.529360        2.660456
BFGS:   21 13:46:02     -180.271407        2.396609
BFGS:   22 13:46:02     -182.836837        2.021713
BFGS:   23 13:46:02     -185.438804        1.506333
BFGS:   24 13:46:02     -188.507096        1.682222
BFGS:   25 13:46:02     -190.720784        1.295091
BFGS:   26 13:46:02     -191.859859        1.266002
BFGS:   27 13:46:03     -192.699241        1.222352
BFGS:   28 13:46:03     -194.069246        1.120589
BFGS:   29 13:46:03     -195.194876        1.026043
BFGS:   30 13:46:03     -196.000315        0.958319
BFGS:   31 13:46:03     -196.648225        0.905777
BFGS:   32 13:46:03     -197.199841        0.861916
BFGS:   33 13:46:03     -197.690735        0.822905
BFGS:   34 13:46:03     -198.150555        0.786185
BFGS:   35 13:46:04     -198.604368        0.750021
BFGS:   36 13:46:04     -199.067768        0.713143
BFGS:   37 13:46:04     -199.544510        0.673711
BFGS:   38 13:46:04     -200.030856        0.645698
BFGS:   39 13:46:04     -200.522915        0.650515
BFGS:   40 13:46:04     -201.016904        0.638566
BFGS:   41 13:46:04     -201.507780        0.607309
BFGS:   42 13:46:04     -201.988355        0.552153
BFGS:   43 13:46:05     -202.447188        0.496900
BFGS:   44 13:46:05     -202.872615        0.578803
BFGS:   45 13:46:05     -203.253969        0.620792
BFGS:   46 13:46:05     -203.493142        0.570742
BFGS:   47 13:46:05     -203.697171        0.437221
BFGS:   48 13:46:05     -203.862653        0.276026
BFGS:   49 13:46:05     -204.008407        0.255337
BFGS:   50 13:46:05     -204.125489        0.233748
BFGS:   51 13:46:06     -204.181199        0.216675
BFGS:   52 13:46:06     -204.206221        0.204919
BFGS:   53 13:46:06     -204.218952        0.198162
BFGS:   54 13:46:06     -204.230339        0.193562
BFGS:   55 13:46:06     -204.249129        0.187455
BFGS:   56 13:46:06     -204.280403        0.178213
BFGS:   57 13:46:06     -204.335668        0.162419
BFGS:   58 13:46:06     -204.424203        0.141511
BFGS:   59 13:46:07     -204.541477        0.163218
BFGS:   60 13:46:07     -204.647769        0.152235
BFGS:   61 13:46:07     -204.679664        0.131041
BFGS:   62 13:46:07     -204.700177        0.100837
BFGS:   63 13:46:07     -204.708490        0.090625
BFGS:   64 13:46:07     -204.736709        0.090646
BFGS:   65 13:46:07     -204.769137        0.080325
BFGS:   66 13:46:07     -204.806036        0.060333
BFGS:   67 13:46:08     -204.828560        0.058424
BFGS:   68 13:46:08     -204.835494        0.058913
BFGS:   69 13:46:08     -204.837634        0.056480
BFGS:   70 13:46:08     -204.839571        0.052913
BFGS:   71 13:46:08     -204.844131        0.044153
BFGS:   72 13:46:08     -204.852048        0.041593
BFGS:   73 13:46:08     -204.861854        0.036662
BFGS:   74 13:46:08     -204.867487        0.023073
BFGS:   75 13:46:08     -204.868957        0.024068
BFGS:   76 13:46:09     -204.869331        0.023218
BFGS:   77 13:46:09     -204.869796        0.023661
BFGS:   78 13:46:09     -204.870918        0.024420
BFGS:   79 13:46:09     -204.873086        0.024942
BFGS:   80 13:46:09     -204.876228        0.027276
BFGS:   81 13:46:09     -204.878862        0.027073
BFGS:   82 13:46:09     -204.880156        0.025074
BFGS:   83 13:46:09     -204.880805        0.024921
BFGS:   84 13:46:10     -204.881857        0.024663
BFGS:   85 13:46:10     -204.884771        0.029026
BFGS:   86 13:46:10     -204.893305        0.043330
BFGS:   87 13:46:10     -204.910302        0.078584
BFGS:   88 13:46:10     -204.930372        0.068157
BFGS:   89 13:46:10     -204.960185        0.045225
BFGS:   90 13:46:10     -204.965333        0.047745
BFGS:   91 13:46:10     -204.986115        0.026269
BFGS:   92 13:46:11     -204.993257        0.027830
BFGS:   93 13:46:11     -204.993567        0.027263
BFGS:   94 13:46:11     -204.993849        0.027123
BFGS:   95 13:46:11     -204.994764        0.026871
BFGS:   96 13:46:11     -204.995738        0.026886
BFGS:   97 13:46:11     -204.996913        0.041343
BFGS:   98 13:46:11     -204.997972        0.052493
BFGS:   99 13:46:11     -204.999316        0.056270
BFGS:  100 13:46:12     -205.001392        0.051488
BFGS:  101 13:46:12     -205.004449        0.035357
BFGS:  102 13:46:12     -205.007237        0.027575
BFGS:  103 13:46:12     -205.008382        0.027326
BFGS:  104 13:46:12     -205.008642        0.027223
BFGS:  105 13:46:12     -205.008737        0.027176
BFGS:  106 13:46:12     -205.008886        0.027063
BFGS:  107 13:46:12     -205.009192        0.026857
BFGS:  108 13:46:13     -205.009695        0.026546
BFGS:  109 13:46:13     -205.010334        0.035019
BFGS:  110 13:46:13     -205.011016        0.046798
BFGS:  111 13:46:13     -205.011947        0.054272
BFGS:  112 13:46:13     -205.013732        0.059092
BFGS:  113 13:46:13     -205.017556        0.060758
BFGS:  114 13:46:13     -205.024676        0.056737
BFGS:  115 13:46:13     -205.031939        0.049157
BFGS:  116 13:46:13     -205.039208        0.047484
BFGS:  117 13:46:14     -205.046041        0.052714
BFGS:  118 13:46:14     -205.052030        0.053275
BFGS:  119 13:46:14     -205.055359        0.047901
BFGS:  120 13:46:14     -205.057994        0.044030
BFGS:  121 13:46:14     -205.060975        0.037735
BFGS:  122 13:46:14     -205.067784        0.023161
BFGS:  123 13:46:14     -205.076802        0.034276
BFGS:  124 13:46:14     -205.081511        0.044516
BFGS:  125 13:46:15     -205.084817        0.047669
BFGS:  126 13:46:15     -205.087630        0.043629
BFGS:  127 13:46:15     -205.091497        0.044331
BFGS:  128 13:46:15     -205.100155        0.045447
BFGS:  129 13:46:15     -205.107404        0.054760
BFGS:  130 13:46:15     -205.114457        0.062635
BFGS:  131 13:46:15     -205.121757        0.069423
BFGS:  132 13:46:15     -205.128286        0.077504
BFGS:  133 13:46:16     -205.136650        0.081358
BFGS:  134 13:46:16     -205.146970        0.071275
BFGS:  135 13:46:16     -205.152325        0.057108
BFGS:  136 13:46:16     -205.155388        0.036305
BFGS:  137 13:46:16     -205.156967        0.021124
BFGS:  138 13:46:16     -205.157922        0.016890
BFGS:  139 13:46:16     -205.158675        0.017247
BFGS:  140 13:46:16     -205.159259        0.017192
BFGS:  141 13:46:17     -205.159628        0.017794
BFGS:  142 13:46:17     -205.159889        0.018718
BFGS:  143 13:46:17     -205.160193        0.019540
BFGS:  144 13:46:17     -205.160692        0.020425
BFGS:  145 13:46:17     -205.161501        0.020961
BFGS:  146 13:46:17     -205.162611        0.020350
BFGS:  147 13:46:17     -205.163682        0.019129
BFGS:  148 13:46:17     -205.164362        0.021018
BFGS:  149 13:46:18     -205.164774        0.021839
BFGS:  150 13:46:18     -205.165279        0.022692
BFGS:  151 13:46:18     -205.166259        0.021127
BFGS:  152 13:46:18     -205.167962        0.020927
BFGS:  153 13:46:18     -205.170052        0.023749
BFGS:  154 13:46:18     -205.171526        0.023279
BFGS:  155 13:46:18     -205.172142        0.021151
BFGS:  156 13:46:18     -205.172481        0.019382
BFGS:  157 13:46:19     -205.173117        0.016512
BFGS:  158 13:46:19     -205.174335        0.014841
BFGS:  159 13:46:19     -205.176070        0.017145
BFGS:  160 13:46:19     -205.177371        0.012044
BFGS:  161 13:46:19     -205.177808        0.010952
BFGS:  162 13:46:19     -205.177874        0.010697
BFGS:  163 13:46:19     -205.177902        0.010673
BFGS:  164 13:46:19     -205.177982        0.010662
BFGS:  165 13:46:19     -205.178119        0.010675
BFGS:  166 13:46:20     -205.178315        0.010676
BFGS:  167 13:46:20     -205.178455        0.010657
BFGS:  168 13:46:20     -205.178504        0.010606
BFGS:  169 13:46:20     -205.178521        0.010578
BFGS:  170 13:46:20     -205.178546        0.010537
BFGS:  171 13:46:20     -205.178600        0.010478
BFGS:  172 13:46:20     -205.178699        0.010382
BFGS:  173 13:46:20     -205.178826        0.010281
BFGS:  174 13:46:21     -205.178916        0.010216
BFGS:  175 13:46:21     -205.178957        0.010210
BFGS:  176 13:46:21     -205.178988        0.010201
BFGS:  177 13:46:21     -205.179052        0.010163
BFGS:  178 13:46:21     -205.179198        0.010031
BFGS:  179 13:46:21     -205.179510        0.009701
BFGS:  180 13:46:21     -205.180020        0.010215
BFGS:  181 13:46:21     -205.180536        0.010786
BFGS:  182 13:46:22     -205.180799        0.009028
BFGS:  183 13:46:22     -205.180895        0.009338
BFGS:  184 13:46:22     -205.180982        0.009104
BFGS:  185 13:46:22     -205.181188        0.008298
BFGS:  186 13:46:22     -205.181632        0.008143
BFGS:  187 13:46:22     -205.182465        0.009743
BFGS:  188 13:46:22     -205.183497        0.010088
BFGS:  189 13:46:22     -205.184179        0.009699
BFGS:  190 13:46:23     -205.184382        0.010617
BFGS:  191 13:46:23     -205.184430        0.010100
BFGS:  192 13:46:23     -205.184487        0.009279
BFGS:  193 13:46:23     -205.184629        0.007534
BFGS:  194 13:46:23     -205.184922        0.007166
BFGS:  195 13:46:23     -205.185377        0.008862
BFGS:  196 13:46:23     -205.185762        0.009644
BFGS:  197 13:46:23     -205.185912        0.008405
BFGS:  198 13:46:24     -205.185942        0.006655
BFGS:  199 13:46:24     -205.185953        0.006622
BFGS:  200 13:46:24     -205.185968        0.006577
BFGS:  201 13:46:24     -205.185983        0.006565
BFGS:  202 13:46:24     -205.185994        0.006591
BFGS:  203 13:46:24     -205.186005        0.006639
BFGS:  204 13:46:24     -205.186025        0.006714
BFGS:  205 13:46:24     -205.186067        0.006831
BFGS:  206 13:46:24     -205.186145        0.006931
BFGS:  207 13:46:25     -205.186246        0.006935
BFGS:  208 13:46:25     -205.186316        0.006780
BFGS:  209 13:46:25     -205.186339        0.006628
BFGS:  210 13:46:25     -205.186348        0.006560
BFGS:  211 13:46:25     -205.186360        0.006491
BFGS:  212 13:46:25     -205.186385        0.006399
BFGS:  213 13:46:25     -205.186429        0.006307
BFGS:  214 13:46:25     -205.186485        0.009388
BFGS:  215 13:46:26     -205.186536        0.011914
BFGS:  216 13:46:26     -205.186581        0.012085
BFGS:  217 13:46:26     -205.186642        0.010885
BFGS:  218 13:46:26     -205.186745        0.009823
BFGS:  219 13:46:26     -205.186886        0.008443
BFGS:  220 13:46:26     -205.187008        0.010426
BFGS:  221 13:46:26     -205.187076        0.009910
BFGS:  222 13:46:26     -205.187123        0.007521
BFGS:  223 13:46:27     -205.187194        0.006711
BFGS:  224 13:46:27     -205.187309        0.007979
BFGS:  225 13:46:27     -205.187456        0.012579
BFGS:  226 13:46:27     -205.187601        0.017209
BFGS:  227 13:46:27     -205.187755        0.019097
BFGS:  228 13:46:27     -205.187992        0.019999
BFGS:  229 13:46:27     -205.188412        0.019950
BFGS:  230 13:46:27     -205.188995        0.017611
BFGS:  231 13:46:28     -205.189458        0.011853
BFGS:  232 13:46:28     -205.189639        0.009429
BFGS:  233 13:46:28     -205.189698        0.007990
BFGS:  234 13:46:28     -205.189764        0.007504
BFGS:  235 13:46:28     -205.189909        0.010801
BFGS:  236 13:46:28     -205.190154        0.016414
BFGS:  237 13:46:28     -205.190448        0.020319
BFGS:  238 13:46:28     -205.190651        0.024710
BFGS:  239 13:46:29     -205.190759        0.022391
BFGS:  240 13:46:29     -205.190839        0.016727
BFGS:  241 13:46:29     -205.190929        0.009209
BFGS:  242 13:46:29     -205.191009        0.003924
BFGS:  243 13:46:29     -205.191030        0.004100
BFGS:  244 13:46:29     -205.191035        0.002960
BFGS:  245 13:46:29     -205.191038        0.002238
BFGS:  246 13:46:29     -205.191044        0.002150
BFGS:  247 13:46:30     -205.191051        0.002140
BFGS:  248 13:46:30     -205.191057        0.002792
BFGS:  249 13:46:30     -205.191061        0.002933
BFGS:  250 13:46:30     -205.191065        0.002745
BFGS:  251 13:46:30     -205.191070        0.002485
BFGS:  252 13:46:30     -205.191078        0.002851
BFGS:  253 13:46:30     -205.191086        0.003102
BFGS:  254 13:46:30     -205.191091        0.002924
BFGS:  255 13:46:30     -205.191094        0.002434
BFGS:  256 13:46:31     -205.191097        0.002117
BFGS:  257 13:46:31     -205.191100        0.002096
BFGS:  258 13:46:31     -205.191104        0.002108
BFGS:  259 13:46:31     -205.191106        0.002137
BFGS:  260 13:46:31     -205.191107        0.002159
BFGS:  261 13:46:31     -205.191108        0.002174
BFGS:  262 13:46:31     -205.191110        0.002178
BFGS:  263 13:46:31     -205.191112        0.002157
BFGS:  264 13:46:32     -205.191114        0.002114
BFGS:  265 13:46:32     -205.191116        0.002075
BFGS:  266 13:46:32     -205.191117        0.002036
BFGS:  267 13:46:32     -205.191121        0.001978
BFGS:  268 13:46:32     -205.191129        0.001964
BFGS:  269 13:46:32     -205.191142        0.003100
BFGS:  270 13:46:32     -205.191158        0.004983
BFGS:  271 13:46:32     -205.191172        0.005747
BFGS:  272 13:46:33     -205.191185        0.005253
BFGS:  273 13:46:33     -205.191201        0.004719
BFGS:  274 13:46:33     -205.191229        0.004221
BFGS:  275 13:46:33     -205.191265        0.004609
BFGS:  276 13:46:33     -205.191296        0.006862
BFGS:  277 13:46:33     -205.191314        0.007371
BFGS:  278 13:46:33     -205.191328        0.006250
BFGS:  279 13:46:33     -205.191342        0.004125
BFGS:  280 13:46:34     -205.191355        0.002009
BFGS:  281 13:46:34     -205.191366        0.001214
BFGS:  282 13:46:34     -205.191372        0.001393
BFGS:  283 13:46:34     -205.191375        0.001463
BFGS:  284 13:46:34     -205.191378        0.001316
BFGS:  285 13:46:34     -205.191379        0.001118
BFGS:  286 13:46:34     -205.191380        0.000941
