      Step     Time          Energy          fmax
BFGS:    0 00:10:16     -101.958734       11.973739
BFGS:    1 00:10:16     -137.236306        5.954434
BFGS:    2 00:10:16     -161.392036        2.899624
BFGS:    3 00:10:16     -171.162029        1.917492
BFGS:    4 00:10:16     -174.944173        1.420062
BFGS:    5 00:10:17     -176.277473        1.192860
BFGS:    6 00:10:17     -177.109698        1.127038
BFGS:    7 00:10:17     -178.351699        1.053105
BFGS:    8 00:10:17     -179.991594        0.960485
BFGS:    9 00:10:17     -181.690387        0.863788
BFGS:   10 00:10:17     -183.315708        0.795945
BFGS:   11 00:10:17     -184.830967        0.723134
BFGS:   12 00:10:17     -186.107675        0.831474
BFGS:   13 00:10:18     -187.142177        1.017936
BFGS:   14 00:10:18     -187.863511        1.039485
BFGS:   15 00:10:18     -189.090610        1.008391
BFGS:   16 00:10:18     -190.189661        0.880544
BFGS:   17 00:10:18     -192.925243        0.691598
BFGS:   18 00:10:18     -194.467947        0.616828
BFGS:   19 00:10:18     -195.575150        0.555373
BFGS:   20 00:10:18     -196.349229        0.590974
BFGS:   21 00:10:19     -196.789568        0.621152
BFGS:   22 00:10:19     -197.105148        0.605179
BFGS:   23 00:10:19     -197.896289        0.479277
BFGS:   24 00:10:19     -198.421831        0.313389
BFGS:   25 00:10:19     -198.699546        0.260394
BFGS:   26 00:10:19     -198.780669        0.239513
BFGS:   27 00:10:19     -198.892484        0.278047
BFGS:   28 00:10:19     -199.040695        0.301100
BFGS:   29 00:10:20     -199.314926        0.337503
BFGS:   30 00:10:20     -199.620357        0.367621
BFGS:   31 00:10:20     -199.807379        0.345484
BFGS:   32 00:10:20     -199.889395        0.312884
BFGS:   33 00:10:20     -199.924707        0.300838
BFGS:   34 00:10:20     -200.017848        0.281936
BFGS:   35 00:10:20     -200.182029        0.265544
BFGS:   36 00:10:20     -200.411590        0.257530
BFGS:   37 00:10:21     -200.601937        0.260301
BFGS:   38 00:10:21     -200.768381        0.262992
BFGS:   39 00:10:21     -200.911473        0.264755
BFGS:   40 00:10:21     -200.979359        0.265051
BFGS:   41 00:10:21     -201.002064        0.265213
BFGS:   42 00:10:21     -201.048200        0.265767
BFGS:   43 00:10:21     -201.109385        0.259660
BFGS:   44 00:10:21     -201.266052        0.235786
BFGS:   45 00:10:22     -201.467713        0.208810
BFGS:   46 00:10:22     -201.660674        0.227014
BFGS:   47 00:10:22     -201.835083        0.229593
BFGS:   48 00:10:22     -201.999122        0.221154
BFGS:   49 00:10:22     -202.149612        0.194314
BFGS:   50 00:10:22     -202.222999        0.162160
BFGS:   51 00:10:22     -202.257822        0.130511
BFGS:   52 00:10:22     -202.281168        0.139726
BFGS:   53 00:10:23     -202.350513        0.160494
BFGS:   54 00:10:23     -202.431117        0.169832
BFGS:   55 00:10:24     -202.533735        0.173753
BFGS:   56 00:10:24     -202.618958        0.170433
BFGS:   57 00:10:24     -202.665380        0.162199
BFGS:   58 00:10:24     -202.678068        0.157576
BFGS:   59 00:10:24     -202.683735        0.155889
BFGS:   60 00:10:24     -202.691082        0.155486
BFGS:   61 00:10:25     -202.699756        0.155807
BFGS:   62 00:10:25     -202.712196        0.157946
BFGS:   63 00:10:25     -202.725696        0.160992
BFGS:   64 00:10:25     -202.737411        0.164562
BFGS:   65 00:10:25     -202.746434        0.166882
BFGS:   66 00:10:25     -202.755453        0.167543
BFGS:   67 00:10:25     -202.762569        0.166400
BFGS:   68 00:10:25     -202.767039        0.164936
BFGS:   69 00:10:28     -202.771016        0.163923
BFGS:   70 00:10:29     -202.778066        0.162771
BFGS:   71 00:10:29     -202.794302        0.160596
BFGS:   72 00:10:29     -202.828303        0.155457
BFGS:   73 00:10:29     -202.864688        0.149949
BFGS:   74 00:10:29     -202.904454        0.145082
BFGS:   75 00:10:29     -202.946155        0.141107
BFGS:   76 00:10:29     -202.988319        0.137795
BFGS:   77 00:10:29     -203.029785        0.134791
BFGS:   78 00:10:29     -203.069660        0.131669
BFGS:   79 00:10:30     -203.107364        0.128190
BFGS:   80 00:10:30     -203.142490        0.124310
BFGS:   81 00:10:30     -203.174716        0.126029
BFGS:   82 00:10:30     -203.203734        0.127989
BFGS:   83 00:10:30     -203.229273        0.128294
BFGS:   84 00:10:30     -203.251113        0.126602
BFGS:   85 00:10:30     -203.269139        0.122420
BFGS:   86 00:10:30     -203.283385        0.115046
BFGS:   87 00:10:31     -203.294158        0.110222
BFGS:   88 00:10:31     -203.302331        0.123335
BFGS:   89 00:10:31     -203.309280        0.133353
BFGS:   90 00:10:31     -203.318959        0.140134
BFGS:   91 00:10:31     -203.331676        0.140235
BFGS:   92 00:10:31     -203.339484        0.131033
BFGS:   93 00:10:31     -203.343205        0.121346
BFGS:   94 00:10:32     -203.347124        0.116069
BFGS:   95 00:10:32     -203.355894        0.111103
BFGS:   96 00:10:32     -203.372652        0.109780
BFGS:   97 00:10:32     -203.391423        0.116459
BFGS:   98 00:10:32     -203.403513        0.125481
BFGS:   99 00:10:32     -203.412441        0.134987
BFGS:  100 00:10:32     -203.420811        0.144069
BFGS:  101 00:10:32     -203.432649        0.151235
BFGS:  102 00:10:32     -203.449773        0.156097
BFGS:  103 00:10:33     -203.471703        0.158614
BFGS:  104 00:10:33     -203.496660        0.159749
BFGS:  105 00:10:33     -203.523140        0.160306
BFGS:  106 00:10:33     -203.550358        0.160797
BFGS:  107 00:10:33     -203.578214        0.161450
BFGS:  108 00:10:33     -203.607396        0.162079
BFGS:  109 00:10:33     -203.638968        0.162074
BFGS:  110 00:10:33     -203.673722        0.160712
BFGS:  111 00:10:34     -203.711814        0.162133
BFGS:  112 00:10:34     -203.753164        0.166730
BFGS:  113 00:10:34     -203.797693        0.170464
BFGS:  114 00:10:34     -203.844913        0.172280
BFGS:  115 00:10:34     -203.892714        0.170313
BFGS:  116 00:10:34     -203.938377        0.161052
BFGS:  117 00:10:34     -203.977294        0.176189
BFGS:  118 00:10:34     -204.012251        0.175373
BFGS:  119 00:10:35     -204.050752        0.152154
BFGS:  120 00:10:35     -204.076360        0.117697
BFGS:  121 00:10:35     -204.098849        0.115440
BFGS:  122 00:10:39     -204.123408        0.118574
BFGS:  123 00:10:39     -204.147843        0.118800
BFGS:  124 00:10:39     -204.163597        0.114899
BFGS:  125 00:10:39     -204.170228        0.111690
BFGS:  126 00:10:39     -204.173882        0.108461
BFGS:  127 00:10:39     -204.178906        0.106341
BFGS:  128 00:10:39     -204.188347        0.103036
BFGS:  129 00:10:39     -204.213985        0.097129
BFGS:  130 00:10:40     -204.243028        0.092626
BFGS:  131 00:10:40     -204.275093        0.088976
BFGS:  132 00:10:40     -204.307500        0.086126
BFGS:  133 00:10:40     -204.338094        0.084147
BFGS:  134 00:10:41     -204.365411        0.084033
BFGS:  135 00:10:42     -204.388266        0.094308
BFGS:  136 00:10:42     -204.406109        0.103394
BFGS:  137 00:10:42     -204.419537        0.110572
BFGS:  138 00:10:50     -204.430307        0.114954
BFGS:  139 00:10:50     -204.440469        0.116054
BFGS:  140 00:10:50     -204.452567        0.112493
BFGS:  141 00:10:50     -204.472371        0.099424
BFGS:  142 00:10:51     -204.502026        0.081637
BFGS:  143 00:10:51     -204.536709        0.085498
BFGS:  144 00:10:51     -204.565528        0.088729
BFGS:  145 00:10:51     -204.581765        0.091521
BFGS:  146 00:10:51     -204.586155        0.092668
BFGS:  147 00:10:51     -204.589237        0.093695
BFGS:  148 00:10:51     -204.591928        0.094782
BFGS:  149 00:10:51     -204.597243        0.096710
BFGS:  150 00:10:52     -204.605349        0.098693
BFGS:  151 00:10:52     -204.615742        0.099229
BFGS:  152 00:10:52     -204.624018        0.096721
BFGS:  153 00:10:52     -204.628061        0.092891
BFGS:  154 00:10:52     -204.630211        0.090254
BFGS:  155 00:10:52     -204.633562        0.087238
BFGS:  156 00:10:52     -204.640100        0.083387
BFGS:  157 00:10:52     -204.650734        0.079996
BFGS:  158 00:10:53     -204.662471        0.079787
BFGS:  159 00:10:53     -204.668890        0.082103
BFGS:  160 00:10:53     -204.672818        0.085431
BFGS:  161 00:10:53     -204.674753        0.087570
BFGS:  162 00:10:53     -204.677667        0.089440
BFGS:  163 00:10:53     -204.683593        0.090760
BFGS:  164 00:10:53     -204.692471        0.089573
BFGS:  165 00:10:53     -204.701640        0.084756
BFGS:  166 00:10:54     -204.707051        0.078851
BFGS:  167 00:10:54     -204.709229        0.075987
BFGS:  168 00:10:54     -204.711226        0.074619
BFGS:  169 00:10:54     -204.715111        0.073355
BFGS:  170 00:10:54     -204.723000        0.071634
BFGS:  171 00:10:54     -204.736803        0.068522
BFGS:  172 00:10:54     -204.746733        0.066066
BFGS:  173 00:10:54     -204.755279        0.063462
BFGS:  174 00:10:55     -204.761964        0.060353
BFGS:  175 00:10:55     -204.766028        0.056465
BFGS:  176 00:10:55     -204.767648        0.054897
BFGS:  177 00:10:55     -204.774270        0.053361
BFGS:  178 00:10:55     -204.783992        0.051143
BFGS:  179 00:10:55     -204.799215        0.047646
BFGS:  180 00:10:55     -204.815683        0.044191
BFGS:  181 00:10:55     -204.829337        0.065845
BFGS:  182 00:10:55     -204.832738        0.061989
BFGS:  183 00:10:56     -204.834577        0.054400
BFGS:  184 00:10:56     -204.836338        0.047972
BFGS:  185 00:10:56     -204.841041        0.035071
BFGS:  186 00:10:56     -204.847590        0.026136
BFGS:  187 00:10:56     -204.855262        0.021944
BFGS:  188 00:10:56     -204.863054        0.011658
BFGS:  189 00:10:56     -204.866094        0.011120
BFGS:  190 00:10:56     -204.867878        0.012062
BFGS:  191 00:10:57     -204.868315        0.011945
BFGS:  192 00:10:57     -204.868435        0.011757
BFGS:  193 00:10:57     -204.868578        0.011329
BFGS:  194 00:10:57     -204.868761        0.011295
BFGS:  195 00:10:57     -204.869145        0.011302
BFGS:  196 00:10:57     -204.869553        0.011493
BFGS:  197 00:10:57     -204.869808        0.011684
BFGS:  198 00:10:57     -204.869882        0.011889
BFGS:  199 00:10:58     -204.869907        0.011944
BFGS:  200 00:10:58     -204.869939        0.011981
BFGS:  201 00:10:58     -204.870005        0.011998
BFGS:  202 00:10:58     -204.870134        0.011995
BFGS:  203 00:10:58     -204.870370        0.011950
BFGS:  204 00:10:58     -204.870715        0.011890
BFGS:  205 00:10:58     -204.871043        0.011844
BFGS:  206 00:10:58     -204.871192        0.011812
BFGS:  207 00:10:59     -204.871233        0.011784
BFGS:  208 00:10:59     -204.871255        0.011762
BFGS:  209 00:11:00     -204.871294        0.011728
BFGS:  210 00:11:00     -204.871379        0.011674
BFGS:  211 00:11:00     -204.871565        0.011590
BFGS:  212 00:11:00     -204.871909        0.018840
BFGS:  213 00:11:00     -204.872369        0.026537
BFGS:  214 00:11:00     -204.872745        0.026854
BFGS:  215 00:11:01     -204.872936        0.020068
BFGS:  216 00:11:01     -204.873046        0.014171
BFGS:  217 00:11:01     -204.873182        0.010883
BFGS:  218 00:11:01     -204.873344        0.015184
BFGS:  219 00:11:01     -204.873496        0.025376
BFGS:  220 00:11:01     -204.873648        0.029091
BFGS:  221 00:11:01     -204.873872        0.027744
BFGS:  222 00:11:01     -204.874272        0.023804
BFGS:  223 00:11:02     -204.874877        0.022736
BFGS:  224 00:11:05     -204.875488        0.024513
BFGS:  225 00:11:05     -204.875872        0.024039
BFGS:  226 00:11:05     -204.876102        0.021629
BFGS:  227 00:11:05     -204.876376        0.016160
BFGS:  228 00:11:05     -204.876795        0.010618
BFGS:  229 00:11:05     -204.877248        0.016193
BFGS:  230 00:11:05     -204.877584        0.024396
BFGS:  231 00:11:05     -204.877847        0.028285
BFGS:  232 00:11:06     -204.878238        0.029448
BFGS:  233 00:11:06     -204.879038        0.028340
BFGS:  234 00:11:06     -204.880479        0.028110
BFGS:  235 00:11:06     -204.882288        0.039448
BFGS:  236 00:11:06     -204.883616        0.039572
BFGS:  237 00:11:06     -204.884168        0.033110
BFGS:  238 00:11:06     -204.884400        0.024134
BFGS:  239 00:11:06     -204.884630        0.014001
BFGS:  240 00:11:07     -204.884841        0.010289
BFGS:  241 00:11:07     -204.884969        0.015061
BFGS:  242 00:11:07     -204.885053        0.015395
BFGS:  243 00:11:07     -204.885159        0.014148
BFGS:  244 00:11:07     -204.885331        0.014388
BFGS:  245 00:11:07     -204.885551        0.017365
BFGS:  246 00:11:07     -204.885720        0.017647
BFGS:  247 00:11:08     -204.885798        0.015308
BFGS:  248 00:11:08     -204.885846        0.012000
BFGS:  249 00:11:08     -204.885905        0.007521
BFGS:  250 00:11:08     -204.885980        0.004894
BFGS:  251 00:11:08     -204.886044        0.008016
BFGS:  252 00:11:08     -204.886084        0.010867
BFGS:  253 00:11:08     -204.886113        0.011056
BFGS:  254 00:11:08     -204.886155        0.009831
BFGS:  255 00:11:08     -204.886232        0.006793
BFGS:  256 00:11:09     -204.886333        0.006506
BFGS:  257 00:11:09     -204.886404        0.007631
BFGS:  258 00:11:09     -204.886428        0.006471
BFGS:  259 00:11:09     -204.886434        0.005098
BFGS:  260 00:11:09     -204.886439        0.005117
BFGS:  261 00:11:09     -204.886447        0.005119
BFGS:  262 00:11:09     -204.886454        0.005092
BFGS:  263 00:11:09     -204.886461        0.007066
BFGS:  264 00:11:10     -204.886468        0.007756
BFGS:  265 00:11:10     -204.886481        0.007320
BFGS:  266 00:11:10     -204.886504        0.006027
BFGS:  267 00:11:10     -204.886539        0.007270
BFGS:  268 00:11:10     -204.886576        0.010856
BFGS:  269 00:11:10     -204.886611        0.013543
BFGS:  270 00:11:10     -204.886648        0.014056
BFGS:  271 00:11:10     -204.886708        0.012713
BFGS:  272 00:11:11     -204.886808        0.009698
BFGS:  273 00:11:11     -204.886928        0.008034
BFGS:  274 00:11:11     -204.887009        0.010324
BFGS:  275 00:11:11     -204.887044        0.009203
BFGS:  276 00:11:11     -204.887065        0.007495
BFGS:  277 00:11:11     -204.887096        0.004430
BFGS:  278 00:11:11     -204.887142        0.004221
BFGS:  279 00:11:11     -204.887190        0.009261
BFGS:  280 00:11:12     -204.887225        0.011232
BFGS:  281 00:11:12     -204.887254        0.010733
BFGS:  282 00:11:12     -204.887294        0.009244
BFGS:  283 00:11:12     -204.887379        0.008643
BFGS:  284 00:11:12     -204.887545        0.014470
BFGS:  285 00:11:12     -204.887802        0.026904
BFGS:  286 00:11:12     -204.888063        0.035229
BFGS:  287 00:11:12     -204.888267        0.033398
BFGS:  288 00:11:13     -204.888417        0.023377
BFGS:  289 00:11:13     -204.888526        0.010286
BFGS:  290 00:11:13     -204.888607        0.008967
BFGS:  291 00:11:13     -204.888664        0.009462
BFGS:  292 00:11:13     -204.888700        0.011163
BFGS:  293 00:11:13     -204.888721        0.009197
BFGS:  294 00:11:13     -204.888741        0.005725
BFGS:  295 00:11:13     -204.888764        0.002237
BFGS:  296 00:11:15     -204.888778        0.002092
BFGS:  297 00:11:15     -204.888783        0.002039
BFGS:  298 00:11:15     -204.888785        0.002043
BFGS:  299 00:11:15     -204.888786        0.002063
BFGS:  300 00:11:15     -204.888787        0.002095
BFGS:  301 00:11:15     -204.888789        0.002122
BFGS:  302 00:11:15     -204.888791        0.002120
BFGS:  303 00:11:15     -204.888792        0.002094
BFGS:  304 00:11:16     -204.888792        0.002069
BFGS:  305 00:11:16     -204.888793        0.002047
BFGS:  306 00:11:16     -204.888794        0.002021
BFGS:  307 00:11:16     -204.888796        0.002001
BFGS:  308 00:11:16     -204.888799        0.002479
BFGS:  309 00:11:16     -204.888802        0.003054
BFGS:  310 00:11:16     -204.888804        0.003033
BFGS:  311 00:11:19     -204.888806        0.003167
BFGS:  312 00:11:19     -204.888811        0.002953
BFGS:  313 00:11:19     -204.888820        0.003488
BFGS:  314 00:11:20     -204.888832        0.006848
BFGS:  315 00:11:20     -204.888845        0.008988
BFGS:  316 00:11:20     -204.888858        0.008776
BFGS:  317 00:11:20     -204.888873        0.006388
BFGS:  318 00:11:20     -204.888897        0.005164
BFGS:  319 00:11:20     -204.888927        0.005421
BFGS:  320 00:11:20     -204.888954        0.009832
BFGS:  321 00:11:20     -204.888972        0.010439
BFGS:  322 00:11:21     -204.888992        0.008732
BFGS:  323 00:11:21     -204.889025        0.005365
BFGS:  324 00:11:21     -204.889071        0.004753
BFGS:  325 00:11:21     -204.889108        0.005487
BFGS:  326 00:11:21     -204.889125        0.005636
BFGS:  327 00:11:21     -204.889134        0.005269
BFGS:  328 00:11:21     -204.889147        0.004195
BFGS:  329 00:11:21     -204.889167        0.003522
BFGS:  330 00:11:22     -204.889186        0.004140
BFGS:  331 00:11:22     -204.889194        0.002748
BFGS:  332 00:11:22     -204.889197        0.002161
BFGS:  333 00:11:22     -204.889198        0.001816
BFGS:  334 00:11:22     -204.889201        0.001663
BFGS:  335 00:11:22     -204.889204        0.002226
BFGS:  336 00:11:22     -204.889206        0.001741
BFGS:  337 00:11:22     -204.889207        0.001614
BFGS:  338 00:11:23     -204.889207        0.001242
BFGS:  339 00:11:23     -204.889208        0.000851
