      Step     Time          Energy          fmax
BFGS:    0 04:05:21      -34.212590       10.333403
BFGS:    1 04:05:21      -37.980432        4.738614
BFGS:    2 04:05:21      -42.686301        3.509958
BFGS:    3 04:05:21      -45.424841        2.904227
BFGS:    4 04:05:21      -46.932111        2.468379
BFGS:    5 04:05:21      -47.847767        2.122358
BFGS:    6 04:05:21      -48.487142        1.826989
BFGS:    7 04:05:21      -49.052923        1.808501
BFGS:    8 04:05:21      -49.655133        1.687200
BFGS:    9 04:05:21      -50.277398        1.329713
BFGS:   10 04:05:22      -50.849829        1.100104
BFGS:   11 04:05:22      -51.331781        0.989691
BFGS:   12 04:05:22      -51.713240        0.831613
BFGS:   13 04:05:22      -51.974591        0.728995
BFGS:   14 04:05:22      -52.106930        0.959258
BFGS:   15 04:05:22      -52.349149        1.295883
BFGS:   16 04:05:22      -52.715106        1.314450
BFGS:   17 04:05:22      -53.037924        1.161415
BFGS:   18 04:05:22      -53.278785        1.097450
BFGS:   19 04:05:22      -53.422914        1.050100
BFGS:   20 04:05:22      -53.529666        1.017356
BFGS:   21 04:05:22      -53.670336        0.947718
BFGS:   22 04:05:22      -53.823888        0.809557
BFGS:   23 04:05:22      -53.954243        1.034714
BFGS:   24 04:05:22      -54.057092        1.074249
BFGS:   25 04:05:22      -54.160380        0.748383
BFGS:   26 04:05:22      -54.229694        0.569242
BFGS:   27 04:05:22      -54.365573        0.536519
BFGS:   28 04:05:22      -54.469430        0.718537
BFGS:   29 04:05:22      -54.534756        0.744316
BFGS:   30 04:05:22      -54.586561        0.663186
BFGS:   31 04:05:22      -54.631822        0.485615
BFGS:   32 04:05:22      -54.666979        0.278639
BFGS:   33 04:05:23      -54.702906        0.261544
BFGS:   34 04:05:23      -54.742016        0.415511
BFGS:   35 04:05:23      -54.769356        0.374478
BFGS:   36 04:05:23      -54.793000        0.379082
BFGS:   37 04:05:23      -54.837768        0.419387
BFGS:   38 04:05:23      -54.901310        0.449580
BFGS:   39 04:05:23      -54.953146        0.363406
BFGS:   40 04:05:23      -54.986427        0.364462
BFGS:   41 04:05:23      -55.002550        0.358317
BFGS:   42 04:05:23      -55.015145        0.318718
BFGS:   43 04:05:23      -55.040944        0.318744
BFGS:   44 04:05:23      -55.067219        0.321421
BFGS:   45 04:05:23      -55.086171        0.323777
BFGS:   46 04:05:23      -55.099529        0.375792
BFGS:   47 04:05:23      -55.118405        0.395316
BFGS:   48 04:05:23      -55.147721        0.363871
BFGS:   49 04:05:23      -55.180717        0.337336
BFGS:   50 04:05:23      -55.203858        0.288047
BFGS:   51 04:05:23      -55.215640        0.243621
BFGS:   52 04:05:23      -55.223255        0.218994
BFGS:   53 04:05:23      -55.234398        0.210124
BFGS:   54 04:05:23      -55.254382        0.293018
BFGS:   55 04:05:23      -55.277758        0.297088
BFGS:   56 04:05:23      -55.293086        0.238855
BFGS:   57 04:05:24      -55.305107        0.224651
BFGS:   58 04:05:24      -55.322818        0.290799
BFGS:   59 04:05:24      -55.344937        0.342283
BFGS:   60 04:05:24      -55.367293        0.291593
BFGS:   61 04:05:24      -55.385391        0.332052
BFGS:   62 04:05:24      -55.399138        0.310784
BFGS:   63 04:05:24      -55.413070        0.277944
BFGS:   64 04:05:24      -55.437469        0.400816
BFGS:   65 04:05:24      -55.466579        0.366614
BFGS:   66 04:05:24      -55.487079        0.274065
BFGS:   67 04:05:24      -55.503007        0.297528
BFGS:   68 04:05:24      -55.522747        0.278776
BFGS:   69 04:05:24      -55.553615        0.280205
BFGS:   70 04:05:24      -55.592753        0.363864
BFGS:   71 04:05:24      -55.627252        0.366938
BFGS:   72 04:05:24      -55.664222        0.314645
BFGS:   73 04:05:24      -55.687272        0.319545
BFGS:   74 04:05:24      -55.697658        0.285485
BFGS:   75 04:05:24      -55.721905        0.288737
BFGS:   76 04:05:24      -55.751503        0.261544
BFGS:   77 04:05:24      -55.777264        0.287150
BFGS:   78 04:05:24      -55.793938        0.308801
BFGS:   79 04:05:24      -55.810719        0.288136
BFGS:   80 04:05:25      -55.828987        0.302497
BFGS:   81 04:05:25      -55.858267        0.301679
BFGS:   82 04:05:25      -55.897116        0.284334
BFGS:   83 04:05:25      -55.932115        0.286891
BFGS:   84 04:05:25      -55.946540        0.243201
BFGS:   85 04:05:25      -55.957898        0.270640
BFGS:   86 04:05:25      -55.984883        0.279142
BFGS:   87 04:05:25      -56.013431        0.223712
BFGS:   88 04:05:25      -56.035411        0.267979
BFGS:   89 04:05:25      -56.047814        0.269488
BFGS:   90 04:05:25      -56.059555        0.243931
BFGS:   91 04:05:25      -56.075754        0.277301
BFGS:   92 04:05:25      -56.100267        0.288275
BFGS:   93 04:05:25      -56.125129        0.233814
BFGS:   94 04:05:25      -56.139490        0.195338
BFGS:   95 04:05:25      -56.146253        0.200011
BFGS:   96 04:05:25      -56.152126        0.183363
BFGS:   97 04:05:25      -56.162439        0.172139
BFGS:   98 04:05:25      -56.179764        0.151462
BFGS:   99 04:05:25      -56.194345        0.175484
BFGS:  100 04:05:25      -56.202118        0.142960
BFGS:  101 04:05:25      -56.206993        0.132454
BFGS:  102 04:05:25      -56.212518        0.138600
BFGS:  103 04:05:25      -56.220181        0.127770
BFGS:  104 04:05:26      -56.231567        0.177418
BFGS:  105 04:05:26      -56.245482        0.178244
BFGS:  106 04:05:26      -56.256841        0.211207
BFGS:  107 04:05:26      -56.266657        0.233438
BFGS:  108 04:05:26      -56.275438        0.234474
BFGS:  109 04:05:26      -56.282382        0.189489
BFGS:  110 04:05:26      -56.289406        0.152824
BFGS:  111 04:05:26      -56.299809        0.133754
BFGS:  112 04:05:26      -56.312873        0.130680
BFGS:  113 04:05:26      -56.321386        0.148229
BFGS:  114 04:05:26      -56.327598        0.190485
BFGS:  115 04:05:26      -56.332865        0.195005
BFGS:  116 04:05:26      -56.341539        0.169373
BFGS:  117 04:05:26      -56.352121        0.139556
BFGS:  118 04:05:26      -56.362251        0.126512
BFGS:  119 04:05:26      -56.371392        0.178552
BFGS:  120 04:05:26      -56.377035        0.212511
BFGS:  121 04:05:26      -56.381143        0.182086
BFGS:  122 04:05:26      -56.386889        0.134491
BFGS:  123 04:05:26      -56.395399        0.163283
BFGS:  124 04:05:26      -56.405852        0.166052
BFGS:  125 04:05:26      -56.419092        0.143750
BFGS:  126 04:05:26      -56.432406        0.163526
BFGS:  127 04:05:27      -56.441446        0.126412
BFGS:  128 04:05:27      -56.444265        0.099168
BFGS:  129 04:05:27      -56.447425        0.095886
BFGS:  130 04:05:27      -56.450804        0.090631
BFGS:  131 04:05:27      -56.456069        0.103445
BFGS:  132 04:05:27      -56.464282        0.164452
BFGS:  133 04:05:27      -56.472749        0.155504
BFGS:  134 04:05:27      -56.478791        0.101828
BFGS:  135 04:05:27      -56.481018        0.066355
BFGS:  136 04:05:27      -56.482026        0.057656
BFGS:  137 04:05:27      -56.483320        0.058942
BFGS:  138 04:05:27      -56.486313        0.058702
BFGS:  139 04:05:27      -56.489835        0.061943
BFGS:  140 04:05:27      -56.493045        0.055447
BFGS:  141 04:05:27      -56.495017        0.046093
BFGS:  142 04:05:27      -56.496255        0.047575
BFGS:  143 04:05:27      -56.497228        0.046482
BFGS:  144 04:05:27      -56.498356        0.049679
BFGS:  145 04:05:27      -56.499470        0.043715
BFGS:  146 04:05:27      -56.500185        0.039624
BFGS:  147 04:05:27      -56.500888        0.035345
BFGS:  148 04:05:27      -56.501964        0.031200
BFGS:  149 04:05:27      -56.503327        0.040426
BFGS:  150 04:05:28      -56.504446        0.034401
BFGS:  151 04:05:28      -56.504964        0.022557
BFGS:  152 04:05:28      -56.505110        0.023115
BFGS:  153 04:05:28      -56.505199        0.023916
BFGS:  154 04:05:28      -56.505377        0.024477
BFGS:  155 04:05:28      -56.505664        0.024582
BFGS:  156 04:05:28      -56.506031        0.024518
BFGS:  157 04:05:28      -56.506272        0.016316
BFGS:  158 04:05:28      -56.506351        0.012003
BFGS:  159 04:05:28      -56.506377        0.010735
BFGS:  160 04:05:28      -56.506413        0.010041
BFGS:  161 04:05:28      -56.506490        0.009774
BFGS:  162 04:05:28      -56.506634        0.011615
BFGS:  163 04:05:28      -56.506827        0.012653
BFGS:  164 04:05:28      -56.506972        0.012590
BFGS:  165 04:05:28      -56.507023        0.011449
BFGS:  166 04:05:28      -56.507042        0.010393
BFGS:  167 04:05:28      -56.507064        0.009367
BFGS:  168 04:05:28      -56.507110        0.007906
BFGS:  169 04:05:28      -56.507193        0.009022
BFGS:  170 04:05:28      -56.507319        0.008967
BFGS:  171 04:05:28      -56.507441        0.010086
BFGS:  172 04:05:28      -56.507508        0.008507
BFGS:  173 04:05:28      -56.507530        0.007770
BFGS:  174 04:05:29      -56.507542        0.007228
BFGS:  175 04:05:29      -56.507560        0.007414
BFGS:  176 04:05:29      -56.507592        0.008110
BFGS:  177 04:05:29      -56.507643        0.008101
BFGS:  178 04:05:29      -56.507699        0.007529
BFGS:  179 04:05:29      -56.507734        0.005788
BFGS:  180 04:05:29      -56.507745        0.004939
BFGS:  181 04:05:29      -56.507750        0.004544
BFGS:  182 04:05:29      -56.507756        0.004485
BFGS:  183 04:05:29      -56.507769        0.004704
BFGS:  184 04:05:29      -56.507794        0.005467
BFGS:  185 04:05:29      -56.507828        0.005551
BFGS:  186 04:05:29      -56.507857        0.004489
BFGS:  187 04:05:29      -56.507869        0.004850
BFGS:  188 04:05:29      -56.507873        0.004509
BFGS:  189 04:05:29      -56.507876        0.004044
BFGS:  190 04:05:29      -56.507884        0.003401
BFGS:  191 04:05:29      -56.507898        0.004375
BFGS:  192 04:05:29      -56.507917        0.004308
BFGS:  193 04:05:29      -56.507933        0.002678
BFGS:  194 04:05:29      -56.507939        0.002624
BFGS:  195 04:05:29      -56.507940        0.002330
BFGS:  196 04:05:29      -56.507942        0.002088
BFGS:  197 04:05:30      -56.507945        0.002192
BFGS:  198 04:05:30      -56.507952        0.002571
BFGS:  199 04:05:30      -56.507963        0.002460
BFGS:  200 04:05:30      -56.507972        0.001889
BFGS:  201 04:05:30      -56.507976        0.002005
BFGS:  202 04:05:30      -56.507977        0.001948
BFGS:  203 04:05:30      -56.507978        0.001892
BFGS:  204 04:05:30      -56.507980        0.002202
BFGS:  205 04:05:30      -56.507984        0.002726
BFGS:  206 04:05:30      -56.507993        0.002897
BFGS:  207 04:05:30      -56.508002        0.002087
BFGS:  208 04:05:30      -56.508008        0.001802
BFGS:  209 04:05:30      -56.508010        0.001714
BFGS:  210 04:05:30      -56.508010        0.001647
BFGS:  211 04:05:30      -56.508011        0.001534
BFGS:  212 04:05:30      -56.508013        0.001306
BFGS:  213 04:05:30      -56.508016        0.001231
BFGS:  214 04:05:30      -56.508019        0.001198
BFGS:  215 04:05:30      -56.508022        0.001114
BFGS:  216 04:05:30      -56.508022        0.001080
BFGS:  217 04:05:30      -56.508022        0.001038
BFGS:  218 04:05:30      -56.508023        0.001020
BFGS:  219 04:05:30      -56.508024        0.000898
