      Step     Time          Energy          fmax
BFGS:    0 14:49:22      565.008174       38.967447
BFGS:    1 14:49:23      384.898356       32.221104
BFGS:    2 14:49:23      231.100510       28.032071
BFGS:    3 14:49:23      130.280784       20.012103
BFGS:    4 14:49:23       50.224420       13.139047
BFGS:    5 14:49:23       -3.455598        7.892420
BFGS:    6 14:49:23      -34.895324        6.622488
BFGS:    7 14:49:23      -50.043938        6.272577
BFGS:    8 14:49:24      -59.115824        5.995117
BFGS:    9 14:49:24      -66.044512        5.745392
BFGS:   10 14:49:24      -71.930230        5.514099
BFGS:   11 14:49:24      -77.080055        5.292732
BFGS:   12 14:49:24      -81.669150        5.077924
BFGS:   13 14:49:24      -85.848948        4.870905
BFGS:   14 14:49:24      -89.731437        4.673601
BFGS:   15 14:49:25      -93.368851        4.483481
BFGS:   16 14:49:25      -96.796654        4.299806
BFGS:   17 14:49:25     -100.043141        4.137701
BFGS:   18 14:49:25     -103.127806        4.021420
BFGS:   19 14:49:25     -106.065881        3.912186
BFGS:   20 14:49:25     -108.869048        3.807453
BFGS:   21 14:49:25     -111.546333        3.720726
BFGS:   22 14:49:26     -114.107926        3.666920
BFGS:   23 14:49:26     -116.563368        3.613796
BFGS:   24 14:49:26     -118.920382        3.561979
BFGS:   25 14:49:26     -121.184646        3.509500
BFGS:   26 14:49:26     -123.357585        3.453079
BFGS:   27 14:49:26     -125.438844        3.390265
BFGS:   28 14:49:26     -127.429556        3.322414
BFGS:   29 14:49:27     -129.332359        3.254540
BFGS:   30 14:49:27     -131.149752        3.189884
BFGS:   31 14:49:27     -132.884001        3.127736
BFGS:   32 14:49:27     -134.538172        3.065405
BFGS:   33 14:49:27     -136.116620        3.002406
BFGS:   34 14:49:27     -137.624741        2.939026
BFGS:   35 14:49:27     -139.068007        2.874952
BFGS:   36 14:49:27     -140.451829        2.809705
BFGS:   37 14:49:28     -141.782739        2.743477
BFGS:   38 14:49:28     -143.067384        2.676593
BFGS:   39 14:49:28     -144.312345        2.609674
BFGS:   40 14:49:28     -145.523974        2.543348
BFGS:   41 14:49:28     -146.707829        2.477636
BFGS:   42 14:49:28     -147.868283        2.412153
BFGS:   43 14:49:28     -149.008396        2.346215
BFGS:   44 14:49:29     -150.130555        2.279630
BFGS:   45 14:49:29     -151.236712        2.212791
BFGS:   46 14:49:29     -152.327998        2.146155
BFGS:   47 14:49:29     -153.404708        2.080088
BFGS:   48 14:49:29     -154.466172        2.014260
BFGS:   49 14:49:29     -155.511321        1.948580
BFGS:   50 14:49:29     -156.539367        1.883476
BFGS:   51 14:49:29     -157.549743        1.819516
BFGS:   52 14:49:30     -158.541899        1.757052
BFGS:   53 14:49:30     -159.514825        1.696382
BFGS:   54 14:49:30     -160.467015        1.637537
BFGS:   55 14:49:30     -161.396887        1.580290
BFGS:   56 14:49:30     -162.303315        1.524406
BFGS:   57 14:49:30     -163.185162        1.469586
BFGS:   58 14:49:30     -164.041513        1.415797
BFGS:   59 14:49:31     -164.871676        1.363163
BFGS:   60 14:49:31     -165.675102        1.311805
BFGS:   61 14:49:31     -166.451500        1.261825
BFGS:   62 14:49:31     -167.200796        1.213307
BFGS:   63 14:49:31     -167.923162        1.166395
BFGS:   64 14:49:31     -168.618994        1.121195
BFGS:   65 14:49:31     -169.288864        1.077729
BFGS:   66 14:49:31     -169.933543        1.036056
BFGS:   67 14:49:32     -170.553931        0.996339
BFGS:   68 14:49:32     -171.150857        0.962243
BFGS:   69 14:49:32     -171.725051        0.933345
BFGS:   70 14:49:32     -172.277236        0.904943
BFGS:   71 14:49:32     -172.808230        0.876892
BFGS:   72 14:49:32     -173.319082        0.849225
BFGS:   73 14:49:32     -173.810632        0.821890
BFGS:   74 14:49:32     -174.283636        0.794851
BFGS:   75 14:49:33     -174.738787        0.768138
BFGS:   76 14:49:33     -175.176735        0.741846
BFGS:   77 14:49:33     -175.598052        0.716106
BFGS:   78 14:49:33     -176.003294        0.691036
BFGS:   79 14:49:33     -176.393023        0.666692
BFGS:   80 14:49:33     -176.767833        0.643054
BFGS:   81 14:49:33     -177.128362        0.620030
BFGS:   82 14:49:33     -177.475293        0.597491
BFGS:   83 14:49:34     -177.809370        0.575308
BFGS:   84 14:49:34     -178.131373        0.553394
BFGS:   85 14:49:34     -178.442112        0.531702
BFGS:   86 14:49:34     -178.742414        0.510207
BFGS:   87 14:49:34     -179.033063        0.488896
BFGS:   88 14:49:34     -179.314829        0.467779
BFGS:   89 14:49:34     -179.588514        0.446916
BFGS:   90 14:49:35     -179.854925        0.426421
BFGS:   91 14:49:35     -180.114823        0.429029
BFGS:   92 14:49:35     -180.368901        0.441837
BFGS:   93 14:49:35     -180.617933        0.455375
BFGS:   94 14:49:35     -180.862828        0.469249
BFGS:   95 14:49:35     -181.104449        0.483001
BFGS:   96 14:49:35     -181.343383        0.496266
BFGS:   97 14:49:35     -181.579866        0.508870
BFGS:   98 14:49:36     -181.813952        0.520845
BFGS:   99 14:49:36     -182.046027        0.532375
BFGS:  100 14:49:36     -182.277043        0.543752
BFGS:  101 14:49:36     -182.507948        0.555319
BFGS:  102 14:49:36     -182.738958        0.567282
BFGS:  103 14:49:36     -182.969401        0.578751
BFGS:  104 14:49:36     -183.198560        0.589204
BFGS:  105 14:49:36     -183.426778        0.598354
BFGS:  106 14:49:37     -183.654298        0.606006
BFGS:  107 14:49:37     -183.881130        0.611988
BFGS:  108 14:49:37     -184.107243        0.630094
BFGS:  109 14:49:37     -184.332550        0.648775
BFGS:  110 14:49:37     -184.556899        0.666187
BFGS:  111 14:49:37     -184.780088        0.682317
BFGS:  112 14:49:37     -185.001916        0.697171
BFGS:  113 14:49:37     -185.222235        0.710740
BFGS:  114 14:49:38     -185.441013        0.722965
BFGS:  115 14:49:38     -185.658317        0.733648
BFGS:  116 14:49:38     -185.874110        0.742368
BFGS:  117 14:49:38     -186.088195        0.748491
BFGS:  118 14:49:38     -186.300166        0.751418
BFGS:  119 14:49:38     -186.509677        0.750839
BFGS:  120 14:49:38     -186.716488        0.746730
BFGS:  121 14:49:38     -186.920395        0.739235
BFGS:  122 14:49:39     -187.121282        0.728548
BFGS:  123 14:49:39     -187.318858        0.714751
BFGS:  124 14:49:39     -187.512325        0.697899
BFGS:  125 14:49:39     -187.700816        0.676593
BFGS:  126 14:49:39     -187.884335        0.650423
BFGS:  127 14:49:39     -188.064126        0.619620
BFGS:  128 14:49:39     -188.242383        0.585253
BFGS:  129 14:49:39     -188.422086        0.548699
BFGS:  130 14:49:40     -188.606062        0.508294
BFGS:  131 14:49:40     -188.797338        0.463252
BFGS:  132 14:49:40     -189.001903        0.415462
BFGS:  133 14:49:40     -189.226476        0.379972
BFGS:  134 14:49:40     -189.474460        0.378117
BFGS:  135 14:49:40     -189.747195        0.364273
BFGS:  136 14:49:40     -189.953747        0.360186
BFGS:  137 14:49:40     -190.156083        0.422331
BFGS:  138 14:49:40     -190.302041        0.431339
BFGS:  139 14:49:41     -190.431223        0.414777
BFGS:  140 14:49:41     -190.548771        0.382144
BFGS:  141 14:49:41     -190.655608        0.338491
BFGS:  142 14:49:41     -190.752994        0.286791
BFGS:  143 14:49:41     -190.844465        0.254468
BFGS:  144 14:49:41     -190.937165        0.240051
BFGS:  145 14:49:41     -191.045739        0.233601
BFGS:  146 14:49:41     -191.195167        0.217471
BFGS:  147 14:49:42     -191.375320        0.297997
BFGS:  148 14:49:42     -191.535314        0.344306
BFGS:  149 14:49:42     -191.651518        0.357886
BFGS:  150 14:49:42     -191.754086        0.360660
BFGS:  151 14:49:42     -191.852166        0.356462
BFGS:  152 14:49:42     -191.957703        0.347942
BFGS:  153 14:49:42     -192.089291        0.338920
BFGS:  154 14:49:42     -192.278922        0.329415
BFGS:  155 14:49:43     -192.540585        0.400716
BFGS:  156 14:49:43     -192.742963        0.421928
BFGS:  157 14:49:43     -192.867104        0.347565
BFGS:  158 14:49:43     -192.964550        0.278537
BFGS:  159 14:49:43     -193.048194        0.214919
BFGS:  160 14:49:43     -193.104691        0.217485
BFGS:  161 14:49:43     -193.226864        0.226887
BFGS:  162 14:49:43     -193.325358        0.267971
BFGS:  163 14:49:44     -193.415643        0.294327
BFGS:  164 14:49:44     -193.544482        0.328637
BFGS:  165 14:49:44     -193.678694        0.301539
BFGS:  166 14:49:44     -193.781421        0.264935
BFGS:  167 14:49:44     -193.861428        0.235909
BFGS:  168 14:49:44     -193.929415        0.197442
BFGS:  169 14:49:44     -194.042674        0.175327
BFGS:  170 14:49:44     -194.146373        0.216641
BFGS:  171 14:49:45     -194.221433        0.247551
BFGS:  172 14:49:45     -194.288846        0.264108
BFGS:  173 14:49:45     -194.352354        0.275149
BFGS:  174 14:49:45     -194.411478        0.283890
BFGS:  175 14:49:45     -194.467311        0.290089
BFGS:  176 14:49:45     -194.521698        0.292278
BFGS:  177 14:49:45     -194.574978        0.288765
BFGS:  178 14:49:45     -194.627970        0.278543
BFGS:  179 14:49:46     -194.682653        0.261340
BFGS:  180 14:49:46     -194.741343        0.238558
BFGS:  181 14:49:46     -194.804252        0.211553
BFGS:  182 14:49:46     -194.868978        0.174524
BFGS:  183 14:49:46     -194.937182        0.149621
BFGS:  184 14:49:46     -194.995812        0.144780
BFGS:  185 14:49:46     -195.039839        0.129020
BFGS:  186 14:49:46     -195.066927        0.132557
BFGS:  187 14:49:46     -195.085815        0.121892
BFGS:  188 14:49:47     -195.104435        0.103988
BFGS:  189 14:49:47     -195.146519        0.090318
BFGS:  190 14:49:47     -195.188897        0.078825
BFGS:  191 14:49:47     -195.214210        0.080492
BFGS:  192 14:49:47     -195.225660        0.080167
BFGS:  193 14:49:47     -195.234013        0.080151
BFGS:  194 14:49:47     -195.242980        0.080796
BFGS:  195 14:49:47     -195.259459        0.084275
BFGS:  196 14:49:48     -195.290836        0.086914
BFGS:  197 14:49:48     -195.313273        0.103302
BFGS:  198 14:49:48     -195.322119        0.090981
BFGS:  199 14:49:48     -195.327412        0.077861
BFGS:  200 14:49:48     -195.335555        0.078803
BFGS:  201 14:49:48     -195.349515        0.081162
BFGS:  202 14:49:48     -195.369122        0.129317
BFGS:  203 14:49:48     -195.385695        0.143750
BFGS:  204 14:49:49     -195.396262        0.119577
BFGS:  205 14:49:49     -195.404834        0.102364
BFGS:  206 14:49:49     -195.416236        0.105719
BFGS:  207 14:49:49     -195.430512        0.112257
BFGS:  208 14:49:49     -195.445505        0.100773
BFGS:  209 14:49:49     -195.454099        0.079678
BFGS:  210 14:49:49     -195.457595        0.080948
BFGS:  211 14:49:49     -195.460382        0.082434
BFGS:  212 14:49:50     -195.464085        0.084487
BFGS:  213 14:49:50     -195.469502        0.086208
BFGS:  214 14:49:50     -195.476603        0.086847
BFGS:  215 14:49:50     -195.481807        0.086075
BFGS:  216 14:49:50     -195.484283        0.085191
BFGS:  217 14:49:50     -195.486056        0.084153
BFGS:  218 14:49:50     -195.488727        0.082925
BFGS:  219 14:49:50     -195.493895        0.081027
BFGS:  220 14:49:50     -195.502263        0.079202
BFGS:  221 14:49:51     -195.514253        0.079342
BFGS:  222 14:49:51     -195.526835        0.081193
BFGS:  223 14:49:51     -195.534601        0.082177
BFGS:  224 14:49:51     -195.540575        0.082344
BFGS:  225 14:49:51     -195.546093        0.082188
BFGS:  226 14:49:51     -195.554847        0.081342
BFGS:  227 14:49:51     -195.566042        0.079482
BFGS:  228 14:49:51     -195.582441        0.076074
BFGS:  229 14:49:52     -195.599062        0.070582
BFGS:  230 14:49:52     -195.608683        0.066581
BFGS:  231 14:49:52     -195.613448        0.062929
BFGS:  232 14:49:52     -195.615351        0.072492
BFGS:  233 14:49:52     -195.619346        0.062798
BFGS:  234 14:49:52     -195.625033        0.061732
BFGS:  235 14:49:52     -195.645764        0.059040
BFGS:  236 14:49:52     -195.666312        0.070158
BFGS:  237 14:49:53     -195.682151        0.063976
BFGS:  238 14:49:53     -195.692968        0.051848
BFGS:  239 14:49:53     -195.701371        0.055000
BFGS:  240 14:49:53     -195.703262        0.052539
BFGS:  241 14:49:53     -195.705061        0.048634
BFGS:  242 14:49:53     -195.715090        0.038045
BFGS:  243 14:49:53     -195.723080        0.037401
BFGS:  244 14:49:53     -195.730495        0.034420
BFGS:  245 14:49:54     -195.733086        0.034635
BFGS:  246 14:49:54     -195.734188        0.035118
BFGS:  247 14:49:54     -195.735207        0.034884
BFGS:  248 14:49:54     -195.737896        0.034051
BFGS:  249 14:49:54     -195.742132        0.036009
BFGS:  250 14:49:54     -195.747515        0.037419
BFGS:  251 14:49:54     -195.754835        0.033681
BFGS:  252 14:49:54     -195.760051        0.044823
BFGS:  253 14:49:54     -195.761438        0.045538
BFGS:  254 14:49:55     -195.763514        0.041884
BFGS:  255 14:49:55     -195.766557        0.039041
BFGS:  256 14:49:55     -195.771971        0.036618
BFGS:  257 14:49:55     -195.777616        0.033463
BFGS:  258 14:49:55     -195.781086        0.037531
BFGS:  259 14:49:55     -195.782638        0.035030
BFGS:  260 14:49:55     -195.784119        0.035779
BFGS:  261 14:49:55     -195.787229        0.037423
BFGS:  262 14:49:56     -195.793928        0.037100
BFGS:  263 14:49:56     -195.805249        0.048128
BFGS:  264 14:49:56     -195.816492        0.062156
BFGS:  265 14:49:56     -195.824214        0.059261
BFGS:  266 14:49:56     -195.826777        0.051109
BFGS:  267 14:49:56     -195.828663        0.046862
BFGS:  268 14:49:56     -195.834135        0.046199
BFGS:  269 14:49:56     -195.842497        0.047013
BFGS:  270 14:49:57     -195.850194        0.044264
BFGS:  271 14:49:57     -195.857377        0.044265
BFGS:  272 14:49:57     -195.864195        0.044534
BFGS:  273 14:49:57     -195.870626        0.044110
BFGS:  274 14:49:57     -195.876546        0.043165
BFGS:  275 14:49:57     -195.881726        0.042158
BFGS:  276 14:49:57     -195.886224        0.041207
BFGS:  277 14:49:57     -195.890048        0.040247
BFGS:  278 14:49:58     -195.893235        0.039071
BFGS:  279 14:49:58     -195.895872        0.042564
BFGS:  280 14:49:58     -195.898032        0.045469
BFGS:  281 14:49:58     -195.902520        0.048182
BFGS:  282 14:49:58     -195.889453        0.062546
BFGS:  283 14:49:58     -195.909052        0.045794
BFGS:  284 14:49:58     -195.912384        0.045061
BFGS:  285 14:49:58     -195.920310        0.039517
BFGS:  286 14:49:58     -195.925437        0.038733
BFGS:  287 14:49:59     -195.932806        0.037179
BFGS:  288 14:49:59     -195.937021        0.037736
BFGS:  289 14:49:59     -195.940924        0.039385
BFGS:  290 14:49:59     -195.944547        0.041381
BFGS:  291 14:49:59     -195.947897        0.043337
BFGS:  292 14:49:59     -195.951095        0.045346
BFGS:  293 14:49:59     -195.954430        0.047780
BFGS:  294 14:49:59     -195.957783        0.051166
BFGS:  295 14:50:00     -195.959111        0.052330
BFGS:  296 14:50:00     -195.960257        0.052623
BFGS:  297 14:50:00     -195.961511        0.052199
BFGS:  298 14:50:00     -195.963198        0.051215
BFGS:  299 14:50:00     -195.965716        0.050209
BFGS:  300 14:50:00     -195.969917        0.049939
BFGS:  301 14:50:00     -195.976347        0.051840
BFGS:  302 14:50:00     -195.979989        0.054032
BFGS:  303 14:50:01     -195.982823        0.056175
BFGS:  304 14:50:01     -195.984929        0.058454
BFGS:  305 14:50:01     -195.986185        0.060379
BFGS:  306 14:50:01     -195.987354        0.062062
BFGS:  307 14:50:01     -195.988986        0.064612
BFGS:  308 14:50:01     -195.992099        0.067403
BFGS:  309 14:50:01     -195.996429        0.072434
BFGS:  310 14:50:01     -195.996941        0.095507
BFGS:  311 14:50:01     -196.004490        0.071002
BFGS:  312 14:50:02     -196.011693        0.073008
BFGS:  313 14:50:02     -196.020240        0.074800
BFGS:  314 14:50:02     -196.028758        0.076565
BFGS:  315 14:50:02     -196.038436        0.079078
BFGS:  316 14:50:02     -196.049456        0.079125
BFGS:  317 14:50:02     -196.061312        0.079954
BFGS:  318 14:50:02     -196.074001        0.080232
BFGS:  319 14:50:02     -196.087120        0.080214
BFGS:  320 14:50:03     -196.100649        0.079960
BFGS:  321 14:50:03     -196.114266        0.079484
BFGS:  322 14:50:03     -196.127675        0.078806
BFGS:  323 14:50:03     -196.140317        0.077960
BFGS:  324 14:50:03     -196.151862        0.076941
BFGS:  325 14:50:03     -196.162041        0.085583
BFGS:  326 14:50:03     -196.170915        0.100612
BFGS:  327 14:50:03     -196.178105        0.111588
BFGS:  328 14:50:04     -196.183854        0.115166
BFGS:  329 14:50:04     -196.188121        0.118980
BFGS:  330 14:50:04     -196.193898        0.117178
BFGS:  331 14:50:04     -196.197774        0.122472
BFGS:  332 14:50:04     -196.203567        0.122886
BFGS:  333 14:50:04     -196.209389        0.123927
BFGS:  334 14:50:04     -196.215621        0.124061
BFGS:  335 14:50:04     -196.221982        0.124136
BFGS:  336 14:50:05     -196.228344        0.124382
BFGS:  337 14:50:05     -196.234704        0.125049
BFGS:  338 14:50:05     -196.242270        0.125624
BFGS:  339 14:50:05     -196.253019        0.126948
BFGS:  340 14:50:05     -196.270823        0.128749
BFGS:  341 14:50:05     -196.288117        0.131867
BFGS:  342 14:50:05     -196.300961        0.125705
BFGS:  343 14:50:05     -196.313464        0.113931
BFGS:  344 14:50:05     -196.324588        0.100526
BFGS:  345 14:50:06     -196.335676        0.089326
BFGS:  346 14:50:06     -196.346867        0.086067
BFGS:  347 14:50:06     -196.357741        0.080506
BFGS:  348 14:50:06     -196.391114        0.082744
BFGS:  349 14:50:06     -196.398364        0.091549
BFGS:  350 14:50:06     -196.408766        0.086438
BFGS:  351 14:50:06     -196.413488        0.086594
BFGS:  352 14:50:06     -196.421335        0.092121
BFGS:  353 14:50:07     -196.428223        0.096254
BFGS:  354 14:50:07     -196.436393        0.096868
BFGS:  355 14:50:07     -196.446029        0.094017
BFGS:  356 14:50:07     -196.458434        0.089631
BFGS:  357 14:50:07     -196.473618        0.092464
BFGS:  358 14:50:07     -196.491857        0.101346
BFGS:  359 14:50:07     -196.512442        0.116081
BFGS:  360 14:50:07     -196.535012        0.130928
BFGS:  361 14:50:08     -196.559302        0.140269
BFGS:  362 14:50:08     -196.585160        0.145379
BFGS:  363 14:50:08     -196.611997        0.147759
BFGS:  364 14:50:08     -196.640301        0.162928
BFGS:  365 14:50:08     -196.670017        0.191552
BFGS:  366 14:50:08     -196.702869        0.222724
BFGS:  367 14:50:08     -196.735176        0.249232
BFGS:  368 14:50:08     -196.767763        0.268848
BFGS:  369 14:50:09     -196.801581        0.282764
BFGS:  370 14:50:09     -196.836349        0.289039
BFGS:  371 14:50:09     -196.876525        0.283376
BFGS:  372 14:50:09     -196.938527        0.260215
BFGS:  373 14:50:09     -197.005165        0.254281
BFGS:  374 14:50:09     -197.067299        0.243923
BFGS:  375 14:50:09     -197.136290        0.228383
BFGS:  376 14:50:09     -197.170995        0.239698
BFGS:  377 14:50:09     -197.216415        0.197472
BFGS:  378 14:50:10     -197.251014        0.199001
BFGS:  379 14:50:10     -197.279120        0.192524
BFGS:  380 14:50:10     -197.305204        0.185275
BFGS:  381 14:50:10     -197.353917        0.182255
BFGS:  382 14:50:10     -197.404148        0.178920
BFGS:  383 14:50:10     -197.470090        0.221546
BFGS:  384 14:50:10     -197.518309        0.209155
BFGS:  385 14:50:10     -197.551414        0.186975
BFGS:  386 14:50:11     -197.577987        0.185926
BFGS:  387 14:50:11     -197.605460        0.189906
BFGS:  388 14:50:11     -197.637806        0.222215
BFGS:  389 14:50:11     -197.682956        0.229340
BFGS:  390 14:50:11     -197.718451        0.198336
BFGS:  391 14:50:11     -197.760817        0.154062
BFGS:  392 14:50:11     -197.784215        0.175306
BFGS:  393 14:50:11     -197.811630        0.199235
BFGS:  394 14:50:12     -197.836904        0.206283
BFGS:  395 14:50:12     -197.869759        0.182817
BFGS:  396 14:50:12     -197.904211        0.176522
BFGS:  397 14:50:12     -197.939946        0.169951
BFGS:  398 14:50:12     -197.971423        0.153611
BFGS:  399 14:50:12     -197.999172        0.152897
BFGS:  400 14:50:12     -198.026855        0.144667
BFGS:  401 14:50:12     -198.051286        0.147559
BFGS:  402 14:50:13     -198.067585        0.139686
BFGS:  403 14:50:13     -198.090574        0.148983
BFGS:  404 14:50:13     -198.120953        0.153353
BFGS:  405 14:50:13     -198.156581        0.149921
BFGS:  406 14:50:13     -198.195214        0.150999
BFGS:  407 14:50:13     -198.233962        0.176709
BFGS:  408 14:50:13     -198.269745        0.202359
BFGS:  409 14:50:13     -198.296026        0.216028
BFGS:  410 14:50:14     -198.311186        0.198762
BFGS:  411 14:50:14     -198.345296        0.161847
BFGS:  412 14:50:14     -198.370997        0.139707
BFGS:  413 14:50:14     -198.395981        0.127835
BFGS:  414 14:50:14     -198.419308        0.159913
BFGS:  415 14:50:14     -198.430744        0.157205
BFGS:  416 14:50:14     -198.447250        0.130620
BFGS:  417 14:50:14     -198.463237        0.110322
BFGS:  418 14:50:14     -198.483171        0.131877
BFGS:  419 14:50:15     -198.500670        0.112419
BFGS:  420 14:50:15     -198.514269        0.118678
BFGS:  421 14:50:15     -198.521967        0.108442
BFGS:  422 14:50:15     -198.527466        0.095694
BFGS:  423 14:50:15     -198.534345        0.110838
BFGS:  424 14:50:15     -198.542810        0.116278
BFGS:  425 14:50:15     -198.551654        0.101542
BFGS:  426 14:50:15     -198.558519        0.088988
BFGS:  427 14:50:16     -198.563189        0.088832
BFGS:  428 14:50:16     -198.567143        0.088846
BFGS:  429 14:50:16     -198.571974        0.088604
BFGS:  430 14:50:16     -198.577795        0.100929
BFGS:  431 14:50:16     -198.583433        0.113522
BFGS:  432 14:50:16     -198.587575        0.128199
BFGS:  433 14:50:16     -198.591025        0.107612
BFGS:  434 14:50:16     -198.595343        0.113793
BFGS:  435 14:50:17     -198.600810        0.121187
BFGS:  436 14:50:17     -198.605934        0.127423
BFGS:  437 14:50:17     -198.609587        0.118039
BFGS:  438 14:50:17     -198.612559        0.075728
BFGS:  439 14:50:17     -198.616117        0.084758
BFGS:  440 14:50:17     -198.621074        0.144519
BFGS:  441 14:50:17     -198.627206        0.175113
BFGS:  442 14:50:17     -198.633825        0.187542
BFGS:  443 14:50:18     -198.640342        0.146976
BFGS:  444 14:50:18     -198.646390        0.083671
BFGS:  445 14:50:18     -198.651740        0.128094
BFGS:  446 14:50:18     -198.657143        0.143796
BFGS:  447 14:50:18     -198.663978        0.154168
BFGS:  448 14:50:18     -198.673242        0.157669
BFGS:  449 14:50:18     -198.682658        0.123021
BFGS:  450 14:50:18     -198.689693        0.113775
BFGS:  451 14:50:18     -198.695723        0.124968
BFGS:  452 14:50:19     -198.702606        0.154188
BFGS:  453 14:50:19     -198.714079        0.160742
BFGS:  454 14:50:19     -198.728989        0.206821
BFGS:  455 14:50:19     -198.742450        0.210201
BFGS:  456 14:50:19     -198.749906        0.131435
BFGS:  457 14:50:19     -198.754876        0.081646
BFGS:  458 14:50:19     -198.761837        0.122286
BFGS:  459 14:50:19     -198.771592        0.227855
BFGS:  460 14:50:20     -198.782748        0.262922
BFGS:  461 14:50:20     -198.792854        0.196588
BFGS:  462 14:50:20     -198.800820        0.086402
BFGS:  463 14:50:20     -198.806960        0.089305
BFGS:  464 14:50:20     -198.812461        0.148704
BFGS:  465 14:50:20     -198.819821        0.187092
BFGS:  466 14:50:20     -198.831468        0.178484
BFGS:  467 14:50:20     -198.845417        0.128336
BFGS:  468 14:50:21     -198.855488        0.083974
BFGS:  469 14:50:21     -198.860803        0.080818
BFGS:  470 14:50:21     -198.864518        0.076261
BFGS:  471 14:50:21     -198.870203        0.076047
BFGS:  472 14:50:21     -198.878608        0.076010
BFGS:  473 14:50:21     -198.887879        0.090661
BFGS:  474 14:50:21     -198.894950        0.114774
BFGS:  475 14:50:21     -198.899747        0.109166
BFGS:  476 14:50:22     -198.904199        0.093470
BFGS:  477 14:50:22     -198.909610        0.107488
BFGS:  478 14:50:22     -198.917812        0.101365
BFGS:  479 14:50:22     -198.923842        0.117937
BFGS:  480 14:50:22     -198.928609        0.135102
BFGS:  481 14:50:22     -198.932825        0.112733
BFGS:  482 14:50:22     -198.938129        0.077291
BFGS:  483 14:50:22     -198.945379        0.077633
BFGS:  484 14:50:23     -198.950026        0.096737
BFGS:  485 14:50:23     -198.955718        0.110390
BFGS:  486 14:50:23     -198.960978        0.104080
BFGS:  487 14:50:23     -198.966773        0.102636
BFGS:  488 14:50:23     -198.972659        0.116347
BFGS:  489 14:50:23     -198.979840        0.145217
BFGS:  490 14:50:23     -198.987085        0.170293
BFGS:  491 14:50:23     -198.994215        0.181160
BFGS:  492 14:50:23     -199.002139        0.167717
BFGS:  493 14:50:24     -199.006548        0.137498
BFGS:  494 14:50:24     -199.012971        0.098752
BFGS:  495 14:50:24     -199.018584        0.124288
BFGS:  496 14:50:24     -199.023546        0.137366
BFGS:  497 14:50:24     -199.033697        0.134391
BFGS:  498 14:50:24     -199.045187        0.149055
BFGS:  499 14:50:24     -199.056708        0.152325
BFGS:  500 14:50:24     -199.068119        0.110160
BFGS:  501 14:50:25     -199.075499        0.096831
BFGS:  502 14:50:25     -199.079985        0.090630
BFGS:  503 14:50:25     -199.084041        0.093876
BFGS:  504 14:50:25     -199.089292        0.094191
BFGS:  505 14:50:25     -199.096220        0.102908
BFGS:  506 14:50:25     -199.101468        0.071728
BFGS:  507 14:50:25     -199.105534        0.070937
BFGS:  508 14:50:25     -199.108329        0.066580
BFGS:  509 14:50:26     -199.111001        0.062692
BFGS:  510 14:50:26     -199.114373        0.068743
BFGS:  511 14:50:26     -199.118591        0.081357
BFGS:  512 14:50:26     -199.122487        0.079044
BFGS:  513 14:50:26     -199.125405        0.057812
BFGS:  514 14:50:26     -199.127496        0.053966
BFGS:  515 14:50:26     -199.129521        0.054302
BFGS:  516 14:50:26     -199.131824        0.073221
BFGS:  517 14:50:27     -199.134151        0.068382
BFGS:  518 14:50:27     -199.135899        0.045456
BFGS:  519 14:50:27     -199.137009        0.034794
BFGS:  520 14:50:27     -199.137888        0.034786
BFGS:  521 14:50:27     -199.138950        0.044131
BFGS:  522 14:50:27     -199.140292        0.056616
BFGS:  523 14:50:27     -199.141630        0.050889
BFGS:  524 14:50:27     -199.142686        0.035211
BFGS:  525 14:50:27     -199.143607        0.044652
BFGS:  526 14:50:28     -199.144670        0.041997
BFGS:  527 14:50:28     -199.146009        0.062419
BFGS:  528 14:50:28     -199.147413        0.062611
BFGS:  529 14:50:28     -199.148483        0.044379
BFGS:  530 14:50:28     -199.149150        0.038747
BFGS:  531 14:50:28     -199.149655        0.034507
BFGS:  532 14:50:28     -199.150200        0.035320
BFGS:  533 14:50:28     -199.150844        0.037168
BFGS:  534 14:50:29     -199.151503        0.034122
BFGS:  535 14:50:29     -199.152031        0.029411
BFGS:  536 14:50:29     -199.152406        0.026967
BFGS:  537 14:50:29     -199.152731        0.027091
BFGS:  538 14:50:29     -199.153119        0.028622
BFGS:  539 14:50:29     -199.153637        0.042651
BFGS:  540 14:50:29     -199.154232        0.048679
BFGS:  541 14:50:29     -199.154740        0.034518
BFGS:  542 14:50:30     -199.155095        0.029827
BFGS:  543 14:50:30     -199.155384        0.030003
BFGS:  544 14:50:30     -199.155728        0.028514
BFGS:  545 14:50:30     -199.156167        0.033851
BFGS:  546 14:50:30     -199.156638        0.034920
BFGS:  547 14:50:30     -199.157041        0.037800
BFGS:  548 14:50:30     -199.157366        0.034002
BFGS:  549 14:50:30     -199.157671        0.027686
BFGS:  550 14:50:31     -199.157982        0.025782
BFGS:  551 14:50:31     -199.158272        0.022838
BFGS:  552 14:50:31     -199.158527        0.022814
BFGS:  553 14:50:31     -199.158791        0.030090
BFGS:  554 14:50:31     -199.159153        0.035908
BFGS:  555 14:50:31     -199.159680        0.037526
BFGS:  556 14:50:31     -199.160342        0.037741
BFGS:  557 14:50:31     -199.160967        0.033417
BFGS:  558 14:50:32     -199.161428        0.028038
BFGS:  559 14:50:32     -199.161790        0.024530
BFGS:  560 14:50:32     -199.162211        0.033040
BFGS:  561 14:50:32     -199.162805        0.046838
BFGS:  562 14:50:32     -199.163570        0.056592
BFGS:  563 14:50:32     -199.164339        0.045748
BFGS:  564 14:50:32     -199.164909        0.025592
BFGS:  565 14:50:32     -199.165277        0.022284
BFGS:  566 14:50:32     -199.165614        0.026579
BFGS:  567 14:50:33     -199.166083        0.038595
BFGS:  568 14:50:33     -199.166715        0.044314
BFGS:  569 14:50:33     -199.167377        0.039089
BFGS:  570 14:50:33     -199.167860        0.026839
BFGS:  571 14:50:33     -199.168148        0.021879
BFGS:  572 14:50:33     -199.168366        0.021779
BFGS:  573 14:50:33     -199.168630        0.028693
BFGS:  574 14:50:33     -199.168991        0.040058
BFGS:  575 14:50:34     -199.169445        0.041607
BFGS:  576 14:50:34     -199.169912        0.028976
BFGS:  577 14:50:34     -199.170310        0.026912
BFGS:  578 14:50:34     -199.170661        0.029269
BFGS:  579 14:50:34     -199.171093        0.035018
BFGS:  580 14:50:34     -199.171772        0.050280
BFGS:  581 14:50:34     -199.172722        0.056573
BFGS:  582 14:50:34     -199.173657        0.044534
BFGS:  583 14:50:35     -199.174272        0.033035
BFGS:  584 14:50:35     -199.174692        0.029818
BFGS:  585 14:50:35     -199.175199        0.036205
BFGS:  586 14:50:35     -199.176218        0.050491
BFGS:  587 14:50:35     -199.177642        0.058365
BFGS:  588 14:50:35     -199.178947        0.042314
BFGS:  589 14:50:35     -199.179708        0.030856
BFGS:  590 14:50:35     -199.180258        0.027246
BFGS:  591 14:50:36     -199.181037        0.046503
BFGS:  592 14:50:36     -199.182505        0.077196
BFGS:  593 14:50:36     -199.184865        0.098158
BFGS:  594 14:50:36     -199.187553        0.101193
BFGS:  595 14:50:36     -199.189532        0.058607
BFGS:  596 14:50:36     -199.190793        0.056643
BFGS:  597 14:50:36     -199.192108        0.063156
BFGS:  598 14:50:36     -199.194187        0.129104
BFGS:  599 14:50:36     -199.197406        0.177579
BFGS:  600 14:50:37     -199.200896        0.169189
BFGS:  601 14:50:37     -199.203557        0.121008
BFGS:  602 14:50:37     -199.205954        0.069348
BFGS:  603 14:50:37     -199.207826        0.076348
BFGS:  604 14:50:37     -199.209834        0.086398
BFGS:  605 14:50:37     -199.213854        0.119006
BFGS:  606 14:50:37     -199.218049        0.113026
BFGS:  607 14:50:37     -199.222147        0.096288
BFGS:  608 14:50:38     -199.225766        0.095226
BFGS:  609 14:50:38     -199.228904        0.081969
BFGS:  610 14:50:38     -199.231084        0.058501
BFGS:  611 14:50:38     -199.232162        0.049537
BFGS:  612 14:50:38     -199.233793        0.074544
BFGS:  613 14:50:38     -199.236013        0.108601
BFGS:  614 14:50:38     -199.239601        0.110652
BFGS:  615 14:50:38     -199.241581        0.064671
BFGS:  616 14:50:39     -199.242617        0.041654
BFGS:  617 14:50:39     -199.243345        0.037100
BFGS:  618 14:50:39     -199.244292        0.076323
BFGS:  619 14:50:39     -199.245536        0.102264
BFGS:  620 14:50:39     -199.246848        0.086334
BFGS:  621 14:50:39     -199.247682        0.038997
BFGS:  622 14:50:39     -199.248076        0.029270
BFGS:  623 14:50:39     -199.248457        0.037613
BFGS:  624 14:50:40     -199.249035        0.049069
BFGS:  625 14:50:40     -199.249824        0.060010
BFGS:  626 14:50:40     -199.250598        0.058670
BFGS:  627 14:50:40     -199.251211        0.035451
BFGS:  628 14:50:40     -199.251673        0.032126
BFGS:  629 14:50:40     -199.252111        0.031008
BFGS:  630 14:50:40     -199.252654        0.047368
BFGS:  631 14:50:40     -199.253379        0.062359
BFGS:  632 14:50:41     -199.254204        0.061296
BFGS:  633 14:50:41     -199.254891        0.037954
BFGS:  634 14:50:41     -199.255305        0.023241
BFGS:  635 14:50:41     -199.255551        0.021483
BFGS:  636 14:50:41     -199.255775        0.028261
BFGS:  637 14:50:41     -199.256073        0.034276
BFGS:  638 14:50:41     -199.256451        0.039673
BFGS:  639 14:50:41     -199.256809        0.034634
BFGS:  640 14:50:42     -199.257042        0.023000
BFGS:  641 14:50:42     -199.257172        0.017179
BFGS:  642 14:50:42     -199.257279        0.014105
BFGS:  643 14:50:42     -199.257425        0.024397
BFGS:  644 14:50:42     -199.257636        0.035630
BFGS:  645 14:50:42     -199.257891        0.037435
BFGS:  646 14:50:42     -199.258105        0.022847
BFGS:  647 14:50:42     -199.258231        0.018652
BFGS:  648 14:50:42     -199.258315        0.015859
BFGS:  649 14:50:43     -199.258415        0.023033
BFGS:  650 14:50:43     -199.258562        0.028549
BFGS:  651 14:50:43     -199.258739        0.023704
BFGS:  652 14:50:43     -199.258884        0.017714
BFGS:  653 14:50:43     -199.258978        0.018670
BFGS:  654 14:50:43     -199.259060        0.016400
BFGS:  655 14:50:43     -199.259180        0.019116
BFGS:  656 14:50:43     -199.259351        0.020791
BFGS:  657 14:50:44     -199.259520        0.013979
BFGS:  658 14:50:44     -199.259627        0.012598
BFGS:  659 14:50:44     -199.259690        0.012100
BFGS:  660 14:50:44     -199.259763        0.015778
BFGS:  661 14:50:44     -199.259886        0.018680
BFGS:  662 14:50:44     -199.260061        0.016880
BFGS:  663 14:50:44     -199.260227        0.011698
BFGS:  664 14:50:44     -199.260322        0.010799
BFGS:  665 14:50:45     -199.260371        0.008698
BFGS:  666 14:50:45     -199.260424        0.009715
BFGS:  667 14:50:45     -199.260517        0.014008
BFGS:  668 14:50:45     -199.260655        0.017877
BFGS:  669 14:50:45     -199.260802        0.015096
BFGS:  670 14:50:45     -199.260900        0.012198
BFGS:  671 14:50:45     -199.260955        0.010407
BFGS:  672 14:50:45     -199.261011        0.009327
BFGS:  673 14:50:46     -199.261106        0.014967
BFGS:  674 14:50:46     -199.261258        0.017707
BFGS:  675 14:50:46     -199.261431        0.013953
BFGS:  676 14:50:46     -199.261544        0.009129
BFGS:  677 14:50:46     -199.261592        0.006663
BFGS:  678 14:50:46     -199.261625        0.007854
BFGS:  679 14:50:46     -199.261680        0.010845
BFGS:  680 14:50:46     -199.261776        0.013942
BFGS:  681 14:50:47     -199.261912        0.016163
BFGS:  682 14:50:47     -199.262034        0.012924
BFGS:  683 14:50:47     -199.262102        0.009872
BFGS:  684 14:50:47     -199.262143        0.008432
BFGS:  685 14:50:47     -199.262195        0.009083
BFGS:  686 14:50:47     -199.262280        0.014510
BFGS:  687 14:50:47     -199.262390        0.016126
BFGS:  688 14:50:47     -199.262481        0.011983
BFGS:  689 14:50:47     -199.262533        0.009331
BFGS:  690 14:50:48     -199.262568        0.008078
BFGS:  691 14:50:48     -199.262612        0.011165
BFGS:  692 14:50:48     -199.262674        0.015701
BFGS:  693 14:50:48     -199.262740        0.016627
BFGS:  694 14:50:48     -199.262789        0.011134
BFGS:  695 14:50:48     -199.262820        0.009401
BFGS:  696 14:50:48     -199.262847        0.008469
BFGS:  697 14:50:48     -199.262883        0.012598
BFGS:  698 14:50:49     -199.262931        0.016296
BFGS:  699 14:50:49     -199.262986        0.014469
BFGS:  700 14:50:49     -199.263032        0.007429
BFGS:  701 14:50:49     -199.263063        0.007839
BFGS:  702 14:50:49     -199.263090        0.009063
BFGS:  703 14:50:49     -199.263125        0.013323
BFGS:  704 14:50:49     -199.263171        0.014075
BFGS:  705 14:50:49     -199.263218        0.009914
BFGS:  706 14:50:50     -199.263250        0.006732
BFGS:  707 14:50:50     -199.263268        0.005530
BFGS:  708 14:50:50     -199.263288        0.006580
BFGS:  709 14:50:50     -199.263323        0.009272
BFGS:  710 14:50:50     -199.263397        0.012696
BFGS:  711 14:50:50     -199.263805        0.017183
BFGS:  712 14:50:50     -199.265214        0.018676
BFGS:  713 14:50:50     -199.264756        0.026086
BFGS:  714 14:50:51     -199.265795        0.015294
BFGS:  715 14:50:51     -199.266079        0.013519
BFGS:  716 14:50:51     -199.266629        0.024723
BFGS:  717 14:50:51     -199.266781        0.023695
BFGS:  718 14:50:51     -199.267070        0.010597
BFGS:  719 14:50:51     -199.267209        0.013716
BFGS:  720 14:50:51     -199.267394        0.020826
BFGS:  721 14:50:51     -199.267680        0.027167
BFGS:  722 14:50:52     -199.268208        0.035486
BFGS:  723 14:50:52     -199.268880        0.030578
BFGS:  724 14:50:52     -199.269398        0.018892
BFGS:  725 14:50:52     -199.269613        0.015833
BFGS:  726 14:50:52     -199.269719        0.013846
BFGS:  727 14:50:52     -199.269872        0.015741
BFGS:  728 14:50:52     -199.270148        0.017150
BFGS:  729 14:50:52     -199.270553        0.016209
BFGS:  730 14:50:53     -199.270950        0.016691
BFGS:  731 14:50:53     -199.271199        0.018016
BFGS:  732 14:50:53     -199.271340        0.018110
BFGS:  733 14:50:53     -199.271475        0.015920
BFGS:  734 14:50:53     -199.271666        0.011946
BFGS:  735 14:50:53     -199.271925        0.010734
BFGS:  736 14:50:53     -199.272248        0.010947
BFGS:  737 14:50:53     -199.272599        0.015100
BFGS:  738 14:50:53     -199.272913        0.016471
BFGS:  739 14:50:54     -199.273127        0.014149
BFGS:  740 14:50:54     -199.273265        0.013783
BFGS:  741 14:50:54     -199.273397        0.013334
BFGS:  742 14:50:54     -199.273599        0.016504
BFGS:  743 14:50:54     -199.273913        0.023259
BFGS:  744 14:50:54     -199.274268        0.022598
BFGS:  745 14:50:54     -199.274501        0.013375
BFGS:  746 14:50:54     -199.274598        0.013520
BFGS:  747 14:50:55     -199.274660        0.012520
BFGS:  748 14:50:55     -199.274762        0.015750
BFGS:  749 14:50:55     -199.274932        0.024959
BFGS:  750 14:50:55     -199.275140        0.027096
BFGS:  751 14:50:55     -199.275281        0.017728
BFGS:  752 14:50:55     -199.275340        0.011727
BFGS:  753 14:50:55     -199.275377        0.011832
BFGS:  754 14:50:55     -199.275438        0.012846
BFGS:  755 14:50:56     -199.275549        0.018143
BFGS:  756 14:50:56     -199.275711        0.020525
BFGS:  757 14:50:56     -199.275851        0.012243
BFGS:  758 14:50:56     -199.275919        0.011312
BFGS:  759 14:50:56     -199.275956        0.010842
BFGS:  760 14:50:56     -199.276008        0.018719
BFGS:  761 14:50:56     -199.276110        0.027617
BFGS:  762 14:50:56     -199.276282        0.033193
BFGS:  763 14:50:57     -199.276472        0.027815
BFGS:  764 14:50:57     -199.276587        0.014971
BFGS:  765 14:50:57     -199.276640        0.012045
BFGS:  766 14:50:57     -199.276688        0.011101
BFGS:  767 14:50:57     -199.276783        0.015678
BFGS:  768 14:50:57     -199.276947        0.021386
BFGS:  769 14:50:57     -199.277151        0.021297
BFGS:  770 14:50:57     -199.277291        0.013578
BFGS:  771 14:50:58     -199.277354        0.012632
BFGS:  772 14:50:58     -199.277395        0.011509
BFGS:  773 14:50:58     -199.277464        0.015581
BFGS:  774 14:50:58     -199.277578        0.016956
BFGS:  775 14:50:58     -199.277710        0.012474
BFGS:  776 14:50:58     -199.277797        0.009004
BFGS:  777 14:50:58     -199.277836        0.009140
BFGS:  778 14:50:58     -199.277864        0.008622
BFGS:  779 14:50:58     -199.277914        0.012293
BFGS:  780 14:50:59     -199.277997        0.014386
BFGS:  781 14:50:59     -199.278093        0.011858
BFGS:  782 14:50:59     -199.278155        0.006627
BFGS:  783 14:50:59     -199.278180        0.006250
BFGS:  784 14:50:59     -199.278198        0.006050
BFGS:  785 14:50:59     -199.278231        0.008978
BFGS:  786 14:50:59     -199.278282        0.011416
BFGS:  787 14:50:59     -199.278338        0.010660
BFGS:  788 14:51:00     -199.278369        0.006691
BFGS:  789 14:51:00     -199.278380        0.004908
BFGS:  790 14:51:00     -199.278387        0.005145
BFGS:  791 14:51:00     -199.278399        0.006064
BFGS:  792 14:51:00     -199.278419        0.008370
BFGS:  793 14:51:00     -199.278442        0.008150
BFGS:  794 14:51:00     -199.278456        0.005523
BFGS:  795 14:51:00     -199.278463        0.005643
BFGS:  796 14:51:01     -199.278468        0.005249
BFGS:  797 14:51:01     -199.278478        0.005658
BFGS:  798 14:51:01     -199.278496        0.008455
BFGS:  799 14:51:01     -199.278520        0.008862
BFGS:  800 14:51:01     -199.278538        0.004928
BFGS:  801 14:51:01     -199.278545        0.004021
BFGS:  802 14:51:01     -199.278549        0.003790
BFGS:  803 14:51:01     -199.278554        0.004715
BFGS:  804 14:51:02     -199.278563        0.006840
BFGS:  805 14:51:02     -199.278575        0.006979
BFGS:  806 14:51:02     -199.278584        0.004260
BFGS:  807 14:51:02     -199.278587        0.003454
BFGS:  808 14:51:02     -199.278589        0.003251
BFGS:  809 14:51:02     -199.278592        0.003645
BFGS:  810 14:51:02     -199.278597        0.004486
BFGS:  811 14:51:02     -199.278606        0.004700
BFGS:  812 14:51:03     -199.278615        0.003653
BFGS:  813 14:51:03     -199.278619        0.003104
BFGS:  814 14:51:03     -199.278620        0.002999
BFGS:  815 14:51:03     -199.278623        0.003685
BFGS:  816 14:51:03     -199.278627        0.004866
BFGS:  817 14:51:03     -199.278634        0.005502
BFGS:  818 14:51:03     -199.278642        0.004356
BFGS:  819 14:51:03     -199.278646        0.003752
BFGS:  820 14:51:03     -199.278648        0.003481
BFGS:  821 14:51:04     -199.278649        0.003179
BFGS:  822 14:51:04     -199.278652        0.002735
BFGS:  823 14:51:04     -199.278658        0.003573
BFGS:  824 14:51:04     -199.278665        0.003575
BFGS:  825 14:51:04     -199.278669        0.002905
BFGS:  826 14:51:04     -199.278671        0.002818
BFGS:  827 14:51:04     -199.278672        0.002693
BFGS:  828 14:51:04     -199.278674        0.002916
BFGS:  829 14:51:05     -199.278678        0.003293
BFGS:  830 14:51:05     -199.278684        0.003547
BFGS:  831 14:51:05     -199.278688        0.002640
BFGS:  832 14:51:05     -199.278690        0.002299
BFGS:  833 14:51:05     -199.278691        0.002211
BFGS:  834 14:51:05     -199.278692        0.002258
BFGS:  835 14:51:05     -199.278694        0.002525
BFGS:  836 14:51:05     -199.278697        0.002738
BFGS:  837 14:51:06     -199.278700        0.002049
BFGS:  838 14:51:06     -199.278701        0.002261
BFGS:  839 14:51:06     -199.278701        0.002284
BFGS:  840 14:51:06     -199.278702        0.002194
BFGS:  841 14:51:06     -199.278703        0.002418
BFGS:  842 14:51:06     -199.278706        0.002557
BFGS:  843 14:51:06     -199.278708        0.002121
BFGS:  844 14:51:06     -199.278709        0.001841
BFGS:  845 14:51:07     -199.278709        0.001782
BFGS:  846 14:51:07     -199.278709        0.001819
BFGS:  847 14:51:07     -199.278711        0.002603
BFGS:  848 14:51:07     -199.278712        0.003162
BFGS:  849 14:51:07     -199.278714        0.002697
BFGS:  850 14:51:07     -199.278715        0.001900
BFGS:  851 14:51:07     -199.278716        0.001828
BFGS:  852 14:51:07     -199.278716        0.001859
BFGS:  853 14:51:08     -199.278717        0.002022
BFGS:  854 14:51:08     -199.278718        0.002262
BFGS:  855 14:51:08     -199.278720        0.002224
BFGS:  856 14:51:08     -199.278721        0.001886
BFGS:  857 14:51:08     -199.278721        0.001715
BFGS:  858 14:51:08     -199.278721        0.001712
BFGS:  859 14:51:08     -199.278722        0.002275
BFGS:  860 14:51:08     -199.278723        0.003353
BFGS:  861 14:51:09     -199.278725        0.003786
BFGS:  862 14:51:09     -199.278726        0.002758
BFGS:  863 14:51:09     -199.278727        0.001840
BFGS:  864 14:51:09     -199.278728        0.001769
BFGS:  865 14:51:09     -199.278729        0.001871
BFGS:  866 14:51:09     -199.278730        0.002836
BFGS:  867 14:51:09     -199.278732        0.003765
BFGS:  868 14:51:09     -199.278735        0.002957
BFGS:  869 14:51:10     -199.278737        0.001689
BFGS:  870 14:51:10     -199.278737        0.001478
BFGS:  871 14:51:10     -199.278738        0.002411
BFGS:  872 14:51:10     -199.278740        0.004157
BFGS:  873 14:51:10     -199.278743        0.005702
BFGS:  874 14:51:10     -199.278747        0.005595
BFGS:  875 14:51:10     -199.278750        0.003287
BFGS:  876 14:51:10     -199.278751        0.001796
BFGS:  877 14:51:10     -199.278752        0.001673
BFGS:  878 14:51:11     -199.278754        0.002316
BFGS:  879 14:51:11     -199.278757        0.004085
BFGS:  880 14:51:11     -199.278761        0.004850
BFGS:  881 14:51:11     -199.278766        0.003220
BFGS:  882 14:51:11     -199.278768        0.001684
BFGS:  883 14:51:11     -199.278769        0.001706
BFGS:  884 14:51:11     -199.278771        0.002603
BFGS:  885 14:51:11     -199.278773        0.003858
BFGS:  886 14:51:12     -199.278776        0.004288
BFGS:  887 14:51:12     -199.278780        0.003016
BFGS:  888 14:51:12     -199.278782        0.001321
BFGS:  889 14:51:12     -199.278782        0.001231
BFGS:  890 14:51:12     -199.278783        0.001615
BFGS:  891 14:51:12     -199.278785        0.002343
BFGS:  892 14:51:12     -199.278788        0.002861
BFGS:  893 14:51:12     -199.278792        0.002585
BFGS:  894 14:51:13     -199.278794        0.001581
BFGS:  895 14:51:13     -199.278795        0.001596
BFGS:  896 14:51:13     -199.278796        0.001727
BFGS:  897 14:51:13     -199.278798        0.001810
BFGS:  898 14:51:13     -199.278801        0.002852
BFGS:  899 14:51:13     -199.278805        0.003293
BFGS:  900 14:51:13     -199.278808        0.002297
BFGS:  901 14:51:13     -199.278810        0.001429
BFGS:  902 14:51:14     -199.278811        0.001307
BFGS:  903 14:51:14     -199.278812        0.002643
BFGS:  904 14:51:14     -199.278814        0.004279
BFGS:  905 14:51:14     -199.278818        0.005227
BFGS:  906 14:51:14     -199.278822        0.004040
BFGS:  907 14:51:14     -199.278824        0.001473
BFGS:  908 14:51:14     -199.278825        0.001300
BFGS:  909 14:51:14     -199.278826        0.001728
BFGS:  910 14:51:15     -199.278828        0.003411
BFGS:  911 14:51:15     -199.278830        0.004703
BFGS:  912 14:51:15     -199.278834        0.004215
BFGS:  913 14:51:15     -199.278836        0.001874
BFGS:  914 14:51:15     -199.278836        0.001295
BFGS:  915 14:51:15     -199.278837        0.001365
BFGS:  916 14:51:15     -199.278838        0.002723
BFGS:  917 14:51:15     -199.278839        0.003881
BFGS:  918 14:51:15     -199.278841        0.003774
BFGS:  919 14:51:16     -199.278843        0.002026
BFGS:  920 14:51:16     -199.278843        0.001042
BFGS:  921 14:51:16     -199.278844        0.000851
