      Step     Time          Energy          fmax
BFGS:    0 04:20:25      -43.799143       12.837649
BFGS:    1 04:20:25      -58.056206        6.608160
BFGS:    2 04:20:25      -69.707806        5.145373
BFGS:    3 04:20:25      -75.912222        4.497020
BFGS:    4 04:20:25      -80.193162        4.403822
BFGS:    5 04:20:25      -83.625625        3.918345
BFGS:    6 04:20:25      -86.435745        3.233863
BFGS:    7 04:20:25      -88.791762        2.906414
BFGS:    8 04:20:25      -90.808565        2.602333
BFGS:    9 04:20:25      -92.548097        2.324905
BFGS:   10 04:20:25      -94.027370        2.077219
BFGS:   11 04:20:25      -95.258052        1.860792
BFGS:   12 04:20:26      -96.264928        1.674052
BFGS:   13 04:20:26      -97.091840        1.512047
BFGS:   14 04:20:26      -97.791894        1.368371
BFGS:   15 04:20:26      -98.414330        1.238930
BFGS:   16 04:20:26      -98.996679        1.122613
BFGS:   17 04:20:26      -99.562777        1.019030
BFGS:   18 04:20:26     -100.122392        1.002524
BFGS:   19 04:20:26     -100.674418        1.072981
BFGS:   20 04:20:26     -101.211778        1.091050
BFGS:   21 04:20:26     -101.730037        1.030182
BFGS:   22 04:20:26     -102.229059        0.907764
BFGS:   23 04:20:26     -102.704985        0.968670
BFGS:   24 04:20:26     -103.154716        1.011825
BFGS:   25 04:20:26     -103.573556        0.989236
BFGS:   26 04:20:27     -103.956972        0.924149
BFGS:   27 04:20:27     -104.308737        0.876899
BFGS:   28 04:20:27     -104.631243        0.880531
BFGS:   29 04:20:27     -104.931274        0.834671
BFGS:   30 04:20:27     -105.216859        0.748254
BFGS:   31 04:20:27     -105.496492        0.633934
BFGS:   32 04:20:27     -105.779885        0.654735
BFGS:   33 04:20:27     -106.075634        0.730485
BFGS:   34 04:20:27     -106.386094        0.820515
BFGS:   35 04:20:27     -106.701823        0.832495
BFGS:   36 04:20:27     -106.998549        0.720131
BFGS:   37 04:20:27     -107.218596        0.872665
BFGS:   38 04:20:27     -107.418424        0.857045
BFGS:   39 04:20:27     -107.721324        0.615776
BFGS:   40 04:20:28     -107.936940        0.688452
BFGS:   41 04:20:28     -108.173046        0.569365
BFGS:   42 04:20:28     -108.358506        0.558224
BFGS:   43 04:20:28     -108.493140        0.613291
BFGS:   44 04:20:28     -108.616571        0.559503
BFGS:   45 04:20:28     -108.735113        0.522093
BFGS:   46 04:20:28     -108.844789        0.547054
BFGS:   47 04:20:28     -108.943875        0.468495
BFGS:   48 04:20:28     -109.015780        0.402920
BFGS:   49 04:20:28     -109.080083        0.404986
BFGS:   50 04:20:28     -109.136460        0.369884
BFGS:   51 04:20:28     -109.195870        0.441083
BFGS:   52 04:20:28     -109.254129        0.391469
BFGS:   53 04:20:28     -109.304666        0.354474
BFGS:   54 04:20:29     -109.359776        0.389035
BFGS:   55 04:20:29     -109.420781        0.354138
BFGS:   56 04:20:29     -109.488047        0.378183
BFGS:   57 04:20:29     -109.555301        0.387587
BFGS:   58 04:20:29     -109.628505        0.314247
BFGS:   59 04:20:29     -109.680937        0.342410
BFGS:   60 04:20:29     -109.730757        0.309414
BFGS:   61 04:20:29     -109.775920        0.265598
BFGS:   62 04:20:29     -109.812121        0.248857
BFGS:   63 04:20:29     -109.846476        0.226157
BFGS:   64 04:20:29     -109.892373        0.213557
BFGS:   65 04:20:29     -109.946953        0.238629
BFGS:   66 04:20:29     -109.988826        0.206657
BFGS:   67 04:20:29     -110.014648        0.180885
BFGS:   68 04:20:29     -110.039180        0.198813
BFGS:   69 04:20:30     -110.079120        0.217986
BFGS:   70 04:20:30     -110.136634        0.231940
BFGS:   71 04:20:30     -110.193139        0.201456
BFGS:   72 04:20:30     -110.230667        0.211517
BFGS:   73 04:20:30     -110.251611        0.256572
BFGS:   74 04:20:30     -110.272061        0.288426
BFGS:   75 04:20:30     -110.304034        0.259223
BFGS:   76 04:20:30     -110.342227        0.164493
BFGS:   77 04:20:30     -110.370670        0.172161
BFGS:   78 04:20:30     -110.386385        0.163168
BFGS:   79 04:20:30     -110.399378        0.156183
BFGS:   80 04:20:30     -110.424307        0.207020
BFGS:   81 04:20:30     -110.464194        0.248484
BFGS:   82 04:20:30     -110.508668        0.287547
BFGS:   83 04:20:31     -110.538778        0.284844
BFGS:   84 04:20:31     -110.555604        0.232979
BFGS:   85 04:20:31     -110.571503        0.163693
BFGS:   86 04:20:31     -110.595898        0.183037
BFGS:   87 04:20:31     -110.622213        0.179879
BFGS:   88 04:20:31     -110.641834        0.197754
BFGS:   89 04:20:31     -110.652701        0.210306
BFGS:   90 04:20:31     -110.664172        0.180513
BFGS:   91 04:20:31     -110.684980        0.145772
BFGS:   92 04:20:31     -110.712084        0.174540
BFGS:   93 04:20:31     -110.736725        0.233473
BFGS:   94 04:20:31     -110.752420        0.198195
BFGS:   95 04:20:31     -110.763551        0.146513
BFGS:   96 04:20:31     -110.778241        0.147979
BFGS:   97 04:20:32     -110.795929        0.148956
BFGS:   98 04:20:32     -110.811027        0.143584
BFGS:   99 04:20:32     -110.821908        0.159319
BFGS:  100 04:20:32     -110.833941        0.194729
BFGS:  101 04:20:32     -110.853275        0.235685
BFGS:  102 04:20:32     -110.884138        0.242730
BFGS:  103 04:20:32     -110.915961        0.233357
BFGS:  104 04:20:32     -110.933317        0.216383
BFGS:  105 04:20:32     -110.944467        0.189898
BFGS:  106 04:20:32     -110.960244        0.190877
BFGS:  107 04:20:32     -110.985357        0.139917
BFGS:  108 04:20:32     -111.012749        0.172802
BFGS:  109 04:20:32     -111.031797        0.208936
BFGS:  110 04:20:32     -111.044436        0.201573
BFGS:  111 04:20:32     -111.059243        0.175026
BFGS:  112 04:20:33     -111.086455        0.187678
BFGS:  113 04:20:33     -111.126912        0.188662
BFGS:  114 04:20:33     -111.166957        0.253536
BFGS:  115 04:20:33     -111.193791        0.238395
BFGS:  116 04:20:33     -111.210907        0.194226
BFGS:  117 04:20:33     -111.232653        0.180396
BFGS:  118 04:20:33     -111.267609        0.152107
BFGS:  119 04:20:33     -111.305109        0.182875
BFGS:  120 04:20:33     -111.344591        0.190043
BFGS:  121 04:20:33     -111.370479        0.198857
BFGS:  122 04:20:33     -111.389610        0.220220
BFGS:  123 04:20:33     -111.421946        0.301366
BFGS:  124 04:20:33     -111.477749        0.376536
BFGS:  125 04:20:33     -111.531725        0.383621
BFGS:  126 04:20:34     -111.607776        0.391699
BFGS:  127 04:20:34     -111.670398        0.357708
BFGS:  128 04:20:34     -111.745932        0.302877
BFGS:  129 04:20:34     -111.791233        0.242974
BFGS:  130 04:20:34     -111.836728        0.283362
BFGS:  131 04:20:34     -111.865509        0.307112
BFGS:  132 04:20:34     -111.900945        0.306712
BFGS:  133 04:20:34     -111.926582        0.306291
BFGS:  134 04:20:34     -111.967159        0.273767
BFGS:  135 04:20:34     -112.010695        0.283336
BFGS:  136 04:20:34     -112.072265        0.307799
BFGS:  137 04:20:34     -112.150724        0.314948
BFGS:  138 04:20:34     -112.245773        0.317030
BFGS:  139 04:20:34     -112.347986        0.364960
BFGS:  140 04:20:35     -112.395787        0.378101
BFGS:  141 04:20:35     -112.445423        0.338063
BFGS:  142 04:20:35     -112.482337        0.288023
BFGS:  143 04:20:35     -112.522662        0.207750
BFGS:  144 04:20:35     -112.566506        0.186877
BFGS:  145 04:20:35     -112.613889        0.145734
BFGS:  146 04:20:35     -112.643140        0.178885
BFGS:  147 04:20:35     -112.660344        0.191786
BFGS:  148 04:20:35     -112.676211        0.186213
BFGS:  149 04:20:35     -112.702194        0.179745
BFGS:  150 04:20:35     -112.750056        0.195376
BFGS:  151 04:20:35     -112.810968        0.174667
BFGS:  152 04:20:35     -112.851418        0.127028
BFGS:  153 04:20:35     -112.870339        0.112485
BFGS:  154 04:20:35     -112.877270        0.168960
BFGS:  155 04:20:36     -112.883235        0.193291
BFGS:  156 04:20:36     -112.892212        0.200267
BFGS:  157 04:20:36     -112.903663        0.168487
BFGS:  158 04:20:36     -112.915471        0.105719
BFGS:  159 04:20:36     -112.925911        0.096668
BFGS:  160 04:20:36     -112.933492        0.084062
BFGS:  161 04:20:36     -112.938053        0.085090
BFGS:  162 04:20:36     -112.941369        0.084381
BFGS:  163 04:20:36     -112.945713        0.080921
BFGS:  164 04:20:36     -112.951950        0.069984
BFGS:  165 04:20:36     -112.959027        0.062446
BFGS:  166 04:20:36     -112.964509        0.065813
BFGS:  167 04:20:36     -112.968158        0.065709
BFGS:  168 04:20:36     -112.970573        0.059635
BFGS:  169 04:20:37     -112.972243        0.044456
BFGS:  170 04:20:37     -112.974008        0.054775
BFGS:  171 04:20:37     -112.975974        0.061946
BFGS:  172 04:20:37     -112.978348        0.058249
BFGS:  173 04:20:37     -112.981250        0.059284
BFGS:  174 04:20:37     -112.984623        0.061233
BFGS:  175 04:20:37     -112.987663        0.054552
BFGS:  176 04:20:37     -112.989980        0.041175
BFGS:  177 04:20:37     -112.991708        0.035904
BFGS:  178 04:20:37     -112.993071        0.030888
BFGS:  179 04:20:37     -112.994183        0.030710
BFGS:  180 04:20:37     -112.995001        0.032016
BFGS:  181 04:20:37     -112.995771        0.034091
BFGS:  182 04:20:37     -112.996923        0.036046
BFGS:  183 04:20:38     -112.998829        0.036741
BFGS:  184 04:20:38     -113.001185        0.033232
BFGS:  185 04:20:38     -113.002822        0.025536
BFGS:  186 04:20:38     -113.003426        0.023113
BFGS:  187 04:20:38     -113.003661        0.025729
BFGS:  188 04:20:38     -113.003948        0.026421
BFGS:  189 04:20:38     -113.004515        0.025284
BFGS:  190 04:20:38     -113.005473        0.022862
BFGS:  191 04:20:38     -113.006766        0.028394
BFGS:  192 04:20:38     -113.007923        0.028655
BFGS:  193 04:20:38     -113.008586        0.027532
BFGS:  194 04:20:38     -113.008893        0.022267
BFGS:  195 04:20:38     -113.009100        0.019050
BFGS:  196 04:20:38     -113.009373        0.019643
BFGS:  197 04:20:38     -113.009835        0.023358
BFGS:  198 04:20:39     -113.010584        0.022380
BFGS:  199 04:20:39     -113.011475        0.017714
BFGS:  200 04:20:39     -113.012071        0.013551
BFGS:  201 04:20:39     -113.012253        0.011492
BFGS:  202 04:20:39     -113.012303        0.011353
BFGS:  203 04:20:39     -113.012363        0.010833
BFGS:  204 04:20:39     -113.012488        0.011385
BFGS:  205 04:20:39     -113.012718        0.010996
BFGS:  206 04:20:39     -113.013028        0.011608
BFGS:  207 04:20:39     -113.013258        0.009696
BFGS:  208 04:20:39     -113.013342        0.009553
BFGS:  209 04:20:39     -113.013370        0.008631
BFGS:  210 04:20:39     -113.013407        0.007480
BFGS:  211 04:20:39     -113.013484        0.008719
BFGS:  212 04:20:40     -113.013627        0.010900
BFGS:  213 04:20:40     -113.013820        0.011143
BFGS:  214 04:20:40     -113.013968        0.007542
BFGS:  215 04:20:40     -113.014026        0.006890
BFGS:  216 04:20:40     -113.014046        0.006989
BFGS:  217 04:20:40     -113.014063        0.007064
BFGS:  218 04:20:40     -113.014091        0.007174
BFGS:  219 04:20:40     -113.014129        0.007285
BFGS:  220 04:20:40     -113.014183        0.008746
BFGS:  221 04:20:40     -113.014249        0.008628
BFGS:  222 04:20:40     -113.014316        0.006878
BFGS:  223 04:20:40     -113.014362        0.006492
BFGS:  224 04:20:40     -113.014385        0.006322
BFGS:  225 04:20:40     -113.014401        0.006105
BFGS:  226 04:20:41     -113.014428        0.005959
BFGS:  227 04:20:41     -113.014482        0.007562
BFGS:  228 04:20:41     -113.014582        0.009809
BFGS:  229 04:20:41     -113.014720        0.009619
BFGS:  230 04:20:41     -113.014827        0.007751
BFGS:  231 04:20:41     -113.014869        0.007141
BFGS:  232 04:20:41     -113.014885        0.006287
BFGS:  233 04:20:41     -113.014906        0.006247
BFGS:  234 04:20:41     -113.014955        0.005987
BFGS:  235 04:20:41     -113.015040        0.006830
BFGS:  236 04:20:41     -113.015143        0.007257
BFGS:  237 04:20:41     -113.015209        0.007106
BFGS:  238 04:20:41     -113.015234        0.008211
BFGS:  239 04:20:41     -113.015249        0.008463
BFGS:  240 04:20:42     -113.015279        0.008220
BFGS:  241 04:20:42     -113.015340        0.007224
BFGS:  242 04:20:42     -113.015444        0.006655
BFGS:  243 04:20:42     -113.015555        0.006444
BFGS:  244 04:20:42     -113.015612        0.005175
BFGS:  245 04:20:42     -113.015629        0.004769
BFGS:  246 04:20:42     -113.015638        0.004788
BFGS:  247 04:20:42     -113.015660        0.004672
BFGS:  248 04:20:42     -113.015702        0.004580
BFGS:  249 04:20:42     -113.015772        0.004530
BFGS:  250 04:20:42     -113.015838        0.004920
BFGS:  251 04:20:42     -113.015866        0.004102
BFGS:  252 04:20:42     -113.015872        0.003402
BFGS:  253 04:20:42     -113.015874        0.003053
BFGS:  254 04:20:42     -113.015880        0.002969
BFGS:  255 04:20:43     -113.015891        0.002795
BFGS:  256 04:20:43     -113.015911        0.003410
BFGS:  257 04:20:43     -113.015933        0.004065
BFGS:  258 04:20:43     -113.015945        0.003572
BFGS:  259 04:20:43     -113.015950        0.002759
BFGS:  260 04:20:43     -113.015952        0.002111
BFGS:  261 04:20:43     -113.015956        0.001970
BFGS:  262 04:20:43     -113.015961        0.001959
BFGS:  263 04:20:43     -113.015965        0.003042
BFGS:  264 04:20:43     -113.015969        0.003435
BFGS:  265 04:20:43     -113.015972        0.003632
BFGS:  266 04:20:43     -113.015979        0.003236
BFGS:  267 04:20:43     -113.015987        0.002285
BFGS:  268 04:20:43     -113.015993        0.001852
BFGS:  269 04:20:44     -113.015996        0.001835
BFGS:  270 04:20:44     -113.015996        0.001824
BFGS:  271 04:20:44     -113.015997        0.001805
BFGS:  272 04:20:44     -113.015999        0.001751
BFGS:  273 04:20:44     -113.016003        0.002148
BFGS:  274 04:20:44     -113.016008        0.003499
BFGS:  275 04:20:44     -113.016013        0.003972
BFGS:  276 04:20:44     -113.016015        0.003368
BFGS:  277 04:20:44     -113.016018        0.002527
BFGS:  278 04:20:44     -113.016020        0.001521
BFGS:  279 04:20:44     -113.016023        0.001527
BFGS:  280 04:20:44     -113.016025        0.001837
BFGS:  281 04:20:44     -113.016026        0.002071
BFGS:  282 04:20:44     -113.016028        0.002168
BFGS:  283 04:20:45     -113.016031        0.002159
BFGS:  284 04:20:45     -113.016036        0.001874
BFGS:  285 04:20:45     -113.016042        0.001719
BFGS:  286 04:20:45     -113.016045        0.001754
BFGS:  287 04:20:45     -113.016046        0.001513
BFGS:  288 04:20:45     -113.016046        0.001213
BFGS:  289 04:20:45     -113.016047        0.001010
BFGS:  290 04:20:45     -113.016049        0.000888
