      Step     Time          Energy          fmax
BFGS:    0 02:02:19       14.575150       78.224071
BFGS:    1 02:02:19       -4.099738       20.738636
BFGS:    2 02:02:19      -13.405254       13.955471
BFGS:    3 02:02:19      -17.937498        7.265845
BFGS:    4 02:02:19      -20.676069        2.856257
BFGS:    5 02:02:19      -21.793647        1.351120
BFGS:    6 02:02:19      -22.267960        1.054572
BFGS:    7 02:02:19      -22.495890        1.124049
BFGS:    8 02:02:19      -22.697072        1.221312
BFGS:    9 02:02:19      -22.950607        1.239796
BFGS:   10 02:02:19      -23.226386        1.168207
BFGS:   11 02:02:19      -23.535737        1.108874
BFGS:   12 02:02:19      -23.841357        1.058234
BFGS:   13 02:02:19      -23.993540        1.053083
BFGS:   14 02:02:19      -24.107526        1.051102
BFGS:   15 02:02:19      -24.300359        0.729937
BFGS:   16 02:02:20      -24.422233        0.532654
BFGS:   17 02:02:20      -24.561987        0.702167
BFGS:   18 02:02:20      -24.590925        0.678817
BFGS:   19 02:02:20      -24.660359        0.586835
BFGS:   20 02:02:20      -24.739396        0.456973
BFGS:   21 02:02:20      -24.820739        0.466786
BFGS:   22 02:02:20      -24.863629        0.547281
BFGS:   23 02:02:20      -24.885620        0.581195
BFGS:   24 02:02:20      -24.917180        0.510069
BFGS:   25 02:02:20      -24.964463        0.362417
BFGS:   26 02:02:20      -25.026273        0.519542
BFGS:   27 02:02:20      -25.072057        0.464623
BFGS:   28 02:02:20      -25.090262        0.300605
BFGS:   29 02:02:20      -25.104505        0.245222
BFGS:   30 02:02:20      -25.127870        0.236174
BFGS:   31 02:02:20      -25.158769        0.299743
BFGS:   32 02:02:20      -25.186935        0.450080
BFGS:   33 02:02:20      -25.206908        0.406413
BFGS:   34 02:02:20      -25.220332        0.273678
BFGS:   35 02:02:20      -25.230623        0.284293
BFGS:   36 02:02:20      -25.257353        0.284147
BFGS:   37 02:02:20      -25.289193        0.375725
BFGS:   38 02:02:20      -25.319295        0.335661
BFGS:   39 02:02:23      -25.327167        0.242515
BFGS:   40 02:02:23      -25.333930        0.182640
BFGS:   41 02:02:23      -25.345513        0.169763
BFGS:   42 02:02:23      -25.363590        0.195134
BFGS:   43 02:02:23      -25.383398        0.259565
BFGS:   44 02:02:23      -25.395026        0.231220
BFGS:   45 02:02:23      -25.401130        0.195875
BFGS:   46 02:02:23      -25.406760        0.198275
BFGS:   47 02:02:23      -25.415897        0.261323
BFGS:   48 02:02:23      -25.438880        0.411439
BFGS:   49 02:02:23      -25.453823        0.353648
BFGS:   50 02:02:23      -25.467336        0.255801
BFGS:   51 02:02:23      -25.471487        0.221638
BFGS:   52 02:02:23      -25.479071        0.210601
BFGS:   53 02:02:23      -25.490323        0.277486
BFGS:   54 02:02:23      -25.506075        0.305160
BFGS:   55 02:02:23      -25.518846        0.242590
BFGS:   56 02:02:23      -25.526082        0.172056
BFGS:   57 02:02:23      -25.530236        0.185437
BFGS:   58 02:02:23      -25.533704        0.204451
BFGS:   59 02:02:23      -25.548617        0.262672
BFGS:   60 02:02:23      -25.564687        0.251551
BFGS:   61 02:02:23      -25.574943        0.165400
BFGS:   62 02:02:23      -25.579635        0.116213
BFGS:   63 02:02:23      -25.581678        0.119971
BFGS:   64 02:02:23      -25.589138        0.169856
BFGS:   65 02:02:24      -25.598027        0.211533
BFGS:   66 02:02:24      -25.616159        0.252560
BFGS:   67 02:02:24      -25.628666        0.220683
BFGS:   68 02:02:24      -25.636776        0.190595
BFGS:   69 02:02:24      -25.640804        0.178520
BFGS:   70 02:02:24      -25.643703        0.186244
BFGS:   71 02:02:24      -25.650536        0.189720
BFGS:   72 02:02:24      -25.676333        0.140611
BFGS:   73 02:02:24      -25.683583        0.149404
BFGS:   74 02:02:24      -25.687323        0.142817
BFGS:   75 02:02:24      -25.689169        0.136688
BFGS:   76 02:02:24      -25.695302        0.107305
BFGS:   77 02:02:24      -25.703254        0.092783
BFGS:   78 02:02:24      -25.711710        0.098103
BFGS:   79 02:02:24      -25.715832        0.112755
BFGS:   80 02:02:24      -25.717369        0.102521
BFGS:   81 02:02:24      -25.718409        0.091885
BFGS:   82 02:02:24      -25.720155        0.073118
BFGS:   83 02:02:24      -25.723353        0.059281
BFGS:   84 02:02:24      -25.726858        0.065349
BFGS:   85 02:02:24      -25.728706        0.064867
BFGS:   86 02:02:24      -25.729434        0.073906
BFGS:   87 02:02:25      -25.730062        0.082737
BFGS:   88 02:02:25      -25.731349        0.089589
BFGS:   89 02:02:25      -25.733867        0.086821
BFGS:   90 02:02:25      -25.737615        0.081018
BFGS:   91 02:02:25      -25.741125        0.084986
BFGS:   92 02:02:26      -25.743394        0.093383
BFGS:   93 02:02:26      -25.744529        0.093570
BFGS:   94 02:02:26      -25.745947        0.093391
BFGS:   95 02:02:26      -25.748737        0.093697
BFGS:   96 02:02:26      -25.752592        0.085946
BFGS:   97 02:02:26      -25.756070        0.067126
BFGS:   98 02:02:26      -25.757444        0.072115
BFGS:   99 02:02:26      -25.757964        0.070864
BFGS:  100 02:02:26      -25.758712        0.064031
BFGS:  101 02:02:26      -25.760290        0.054956
BFGS:  102 02:02:26      -25.762949        0.059747
BFGS:  103 02:02:26      -25.765331        0.051774
BFGS:  104 02:02:26      -25.766386        0.037209
BFGS:  105 02:02:26      -25.766676        0.040555
BFGS:  106 02:02:26      -25.766893        0.040826
BFGS:  107 02:02:26      -25.767514        0.039718
BFGS:  108 02:02:26      -25.768721        0.044913
BFGS:  109 02:02:26      -25.770671        0.062094
BFGS:  110 02:02:26      -25.773045        0.059865
BFGS:  111 02:02:26      -25.774786        0.046655
BFGS:  112 02:02:26      -25.775186        0.046890
BFGS:  113 02:02:26      -25.775503        0.044224
BFGS:  114 02:02:26      -25.775942        0.041996
BFGS:  115 02:02:26      -25.776690        0.042343
BFGS:  116 02:02:26      -25.777722        0.044946
BFGS:  117 02:02:27      -25.778579        0.048656
BFGS:  118 02:02:27      -25.778914        0.044625
BFGS:  119 02:02:27      -25.779115        0.043931
BFGS:  120 02:02:27      -25.779456        0.041934
BFGS:  121 02:02:27      -25.780147        0.038003
BFGS:  122 02:02:27      -25.781539        0.057159
BFGS:  123 02:02:27      -25.783363        0.073348
BFGS:  124 02:02:27      -25.784534        0.079765
BFGS:  125 02:02:27      -25.785257        0.074218
BFGS:  126 02:02:27      -25.785501        0.074040
BFGS:  127 02:02:27      -25.786239        0.071829
BFGS:  128 02:02:27      -25.787888        0.061813
BFGS:  129 02:02:27      -25.789674        0.051890
BFGS:  130 02:02:27      -25.791051        0.033595
BFGS:  131 02:02:27      -25.791408        0.025904
BFGS:  132 02:02:27      -25.791505        0.025691
BFGS:  133 02:02:27      -25.791602        0.025492
BFGS:  134 02:02:27      -25.791795        0.023492
BFGS:  135 02:02:27      -25.792142        0.018659
BFGS:  136 02:02:27      -25.792496        0.014247
BFGS:  137 02:02:30      -25.792678        0.019582
BFGS:  138 02:02:30      -25.792729        0.019465
BFGS:  139 02:02:31      -25.792749        0.018479
BFGS:  140 02:02:31      -25.792789        0.016194
BFGS:  141 02:02:31      -25.792875        0.012040
BFGS:  142 02:02:31      -25.793022        0.011369
BFGS:  143 02:02:31      -25.793182        0.010730
BFGS:  144 02:02:31      -25.793271        0.013346
BFGS:  145 02:02:31      -25.793301        0.013172
BFGS:  146 02:02:31      -25.793316        0.012183
BFGS:  147 02:02:31      -25.793340        0.010586
BFGS:  148 02:02:31      -25.793390        0.007976
BFGS:  149 02:02:31      -25.793476        0.005406
BFGS:  150 02:02:31      -25.793558        0.005637
BFGS:  151 02:02:31      -25.793593        0.005467
BFGS:  152 02:02:31      -25.793602        0.005164
BFGS:  153 02:02:31      -25.793606        0.004900
BFGS:  154 02:02:31      -25.793610        0.004769
BFGS:  155 02:02:31      -25.793621        0.004689
BFGS:  156 02:02:31      -25.793641        0.004580
BFGS:  157 02:02:31      -25.793671        0.004475
BFGS:  158 02:02:31      -25.793694        0.004575
BFGS:  159 02:02:31      -25.793707        0.004735
BFGS:  160 02:02:31      -25.793719        0.004628
BFGS:  161 02:02:31      -25.793723        0.004139
BFGS:  162 02:02:31      -25.793726        0.003810
BFGS:  163 02:02:31      -25.793735        0.002752
BFGS:  164 02:02:31      -25.793744        0.002770
BFGS:  165 02:02:31      -25.793763        0.003997
BFGS:  166 02:02:31      -25.793777        0.004513
BFGS:  167 02:02:31      -25.793785        0.004151
BFGS:  168 02:02:31      -25.793787        0.003540
BFGS:  169 02:02:31      -25.793789        0.003228
BFGS:  170 02:02:31      -25.793791        0.003495
BFGS:  171 02:02:31      -25.793794        0.003433
BFGS:  172 02:02:31      -25.793797        0.002943
BFGS:  173 02:02:32      -25.793801        0.002667
BFGS:  174 02:02:32      -25.793804        0.002488
BFGS:  175 02:02:32      -25.793808        0.002230
BFGS:  176 02:02:32      -25.793810        0.002001
BFGS:  177 02:02:32      -25.793811        0.001794
BFGS:  178 02:02:32      -25.793811        0.001658
BFGS:  179 02:02:32      -25.793811        0.001445
BFGS:  180 02:02:32      -25.793812        0.001265
BFGS:  181 02:02:32      -25.793814        0.001053
BFGS:  182 02:02:32      -25.793815        0.000663
