      Step     Time          Energy          fmax
BFGS:    0 00:11:40      -50.979367       11.973739
BFGS:    1 00:11:40      -69.142380        5.865511
BFGS:    2 00:11:40      -81.414807        2.794411
BFGS:    3 00:11:40      -86.366036        1.803335
BFGS:    4 00:11:40      -88.295658        1.293859
BFGS:    5 00:11:40      -88.982099        1.053000
BFGS:    6 00:11:40      -89.405760        0.972834
BFGS:    7 00:11:40      -90.007433        0.881999
BFGS:    8 00:11:40      -90.887837        0.759227
BFGS:    9 00:11:40      -91.801010        0.712879
BFGS:   10 00:11:40      -92.697307        0.682927
BFGS:   11 00:11:40      -93.520690        0.797876
BFGS:   12 00:11:41      -94.156497        1.018287
BFGS:   13 00:11:41      -94.468762        1.023309
BFGS:   14 00:11:41      -95.045722        0.868414
BFGS:   15 00:11:41      -95.501006        0.770540
BFGS:   16 00:11:41      -96.651902        0.646479
BFGS:   17 00:11:41      -97.363791        0.614512
BFGS:   18 00:11:41      -97.873259        0.565378
BFGS:   19 00:11:41      -98.245269        0.550868
BFGS:   20 00:11:41      -98.497503        0.584780
BFGS:   21 00:11:41      -98.676396        0.578481
BFGS:   22 00:11:41      -99.072705        0.496151
BFGS:   23 00:11:41      -99.355553        0.360409
BFGS:   24 00:11:41      -99.506916        0.235693
BFGS:   25 00:11:41      -99.554758        0.244183
BFGS:   26 00:11:41      -99.595340        0.244422
BFGS:   27 00:11:42      -99.658225        0.261635
BFGS:   28 00:11:42      -99.765668        0.255344
BFGS:   29 00:11:42      -99.926890        0.240933
BFGS:   30 00:11:42     -100.051180        0.241552
BFGS:   31 00:11:42     -100.117538        0.207606
BFGS:   32 00:11:42     -100.140958        0.189216
BFGS:   33 00:11:42     -100.163915        0.174699
BFGS:   34 00:11:42     -100.218529        0.147104
BFGS:   35 00:11:42     -100.320706        0.150090
BFGS:   36 00:11:42     -100.448111        0.190067
BFGS:   37 00:11:42     -100.523474        0.195652
BFGS:   38 00:11:42     -100.550945        0.176451
BFGS:   39 00:11:42     -100.564729        0.158728
BFGS:   40 00:11:42     -100.577608        0.146958
BFGS:   41 00:11:43     -100.609749        0.131554
BFGS:   42 00:11:43     -100.664635        0.128559
BFGS:   43 00:11:44     -100.755455        0.185162
BFGS:   44 00:11:44     -100.840892        0.202455
BFGS:   45 00:11:44     -100.863883        0.184754
BFGS:   46 00:11:44     -100.878109        0.172033
BFGS:   47 00:11:44     -100.907313        0.145980
BFGS:   48 00:11:44     -100.961435        0.184268
BFGS:   49 00:11:44     -101.053484        0.210179
BFGS:   50 00:11:44     -101.132621        0.264801
BFGS:   51 00:11:44     -101.244073        0.254390
BFGS:   52 00:11:44     -101.291642        0.206625
BFGS:   53 00:11:44     -101.301840        0.203960
BFGS:   54 00:11:45     -101.309817        0.202777
BFGS:   55 00:11:45     -101.327588        0.207585
BFGS:   56 00:11:45     -101.348422        0.230781
BFGS:   57 00:11:45     -101.382387        0.349390
BFGS:   58 00:11:45     -101.422712        0.417344
BFGS:   59 00:11:45     -101.459736        0.370200
BFGS:   60 00:11:45     -101.491257        0.233016
BFGS:   61 00:11:45     -101.514551        0.205547
BFGS:   62 00:11:45     -101.523908        0.201632
BFGS:   63 00:11:45     -101.532784        0.203290
BFGS:   64 00:11:45     -101.539598        0.203967
BFGS:   65 00:11:45     -101.550612        0.204686
BFGS:   66 00:11:45     -101.566361        0.199901
BFGS:   67 00:11:45     -101.588667        0.189353
BFGS:   68 00:11:48     -101.615167        0.195430
BFGS:   69 00:11:48     -101.641055        0.231479
BFGS:   70 00:11:48     -101.660294        0.246488
BFGS:   71 00:11:48     -101.677673        0.239600
BFGS:   72 00:11:49     -101.707105        0.212811
BFGS:   73 00:11:49     -101.747144        0.187941
BFGS:   74 00:11:49     -101.784382        0.181791
BFGS:   75 00:11:49     -101.815165        0.143594
BFGS:   76 00:11:49     -101.836318        0.121594
BFGS:   77 00:11:49     -101.842923        0.122731
BFGS:   78 00:11:49     -101.852166        0.120810
BFGS:   79 00:11:49     -101.866419        0.117629
BFGS:   80 00:11:49     -101.895958        0.126874
BFGS:   81 00:11:49     -101.922527        0.116005
BFGS:   82 00:11:49     -101.933520        0.118193
BFGS:   83 00:11:49     -101.937262        0.119381
BFGS:   84 00:11:49     -101.938894        0.122735
BFGS:   85 00:11:49     -101.942674        0.125968
BFGS:   86 00:11:50     -101.955182        0.133615
BFGS:   87 00:11:50     -101.983842        0.143035
BFGS:   88 00:11:50     -102.013943        0.154029
BFGS:   89 00:11:50     -102.048881        0.165289
BFGS:   90 00:11:50     -102.090372        0.162359
BFGS:   91 00:11:50     -102.129213        0.142723
BFGS:   92 00:11:50     -102.156778        0.112195
BFGS:   93 00:11:50     -102.166805        0.092110
BFGS:   94 00:11:50     -102.170230        0.088145
BFGS:   95 00:11:50     -102.181815        0.079896
BFGS:   96 00:11:50     -102.193447        0.076977
BFGS:   97 00:11:50     -102.206266        0.079733
BFGS:   98 00:11:50     -102.213270        0.086549
BFGS:   99 00:11:50     -102.217217        0.090035
BFGS:  100 00:11:51     -102.220127        0.092361
BFGS:  101 00:11:51     -102.226351        0.093997
BFGS:  102 00:11:51     -102.235659        0.092189
BFGS:  103 00:11:51     -102.249616        0.084559
BFGS:  104 00:11:51     -102.266557        0.074801
BFGS:  105 00:11:51     -102.284358        0.066134
BFGS:  106 00:11:51     -102.300748        0.065019
BFGS:  107 00:11:51     -102.313935        0.081590
BFGS:  108 00:11:51     -102.320759        0.090632
BFGS:  109 00:11:51     -102.328110        0.093146
BFGS:  110 00:11:51     -102.333645        0.084975
BFGS:  111 00:11:51     -102.338206        0.072689
BFGS:  112 00:11:51     -102.345225        0.053275
BFGS:  113 00:11:51     -102.352536        0.053110
BFGS:  114 00:11:52     -102.363122        0.055638
BFGS:  115 00:11:52     -102.369683        0.058989
BFGS:  116 00:11:52     -102.372310        0.061646
BFGS:  117 00:11:52     -102.373203        0.062681
BFGS:  118 00:11:52     -102.374469        0.063764
BFGS:  119 00:11:52     -102.376597        0.064040
BFGS:  120 00:11:52     -102.380428        0.062963
BFGS:  121 00:11:52     -102.385975        0.058626
BFGS:  122 00:11:52     -102.391233        0.052719
BFGS:  123 00:11:52     -102.394136        0.049358
BFGS:  124 00:11:52     -102.395283        0.049293
BFGS:  125 00:11:52     -102.396356        0.049447
BFGS:  126 00:11:52     -102.398929        0.049540
BFGS:  127 00:11:52     -102.403707        0.048036
BFGS:  128 00:11:53     -102.410492        0.044029
BFGS:  129 00:11:53     -102.414557        0.039177
BFGS:  130 00:11:53     -102.415931        0.036271
BFGS:  131 00:11:53     -102.416208        0.034664
BFGS:  132 00:11:53     -102.416372        0.034275
BFGS:  133 00:11:53     -102.416914        0.032754
BFGS:  134 00:11:53     -102.417749        0.031021
BFGS:  135 00:11:53     -102.418873        0.028796
BFGS:  136 00:11:53     -102.419686        0.027644
BFGS:  137 00:11:53     -102.420053        0.027767
BFGS:  138 00:11:53     -102.420303        0.028040
BFGS:  139 00:11:53     -102.420792        0.028205
BFGS:  140 00:11:53     -102.421718        0.027383
BFGS:  141 00:11:53     -102.423182        0.024271
BFGS:  142 00:11:53     -102.424646        0.020095
BFGS:  143 00:11:54     -102.425733        0.023306
BFGS:  144 00:11:54     -102.426295        0.024340
BFGS:  145 00:11:54     -102.426569        0.023282
BFGS:  146 00:11:54     -102.427232        0.019907
BFGS:  147 00:11:54     -102.428367        0.014354
BFGS:  148 00:11:54     -102.429731        0.011487
BFGS:  149 00:11:54     -102.430436        0.011498
BFGS:  150 00:11:54     -102.430656        0.011515
BFGS:  151 00:11:54     -102.430707        0.011461
BFGS:  152 00:11:54     -102.430750        0.011454
BFGS:  153 00:11:54     -102.430857        0.011525
BFGS:  154 00:11:54     -102.431024        0.011722
BFGS:  155 00:11:54     -102.431216        0.012003
BFGS:  156 00:11:54     -102.431326        0.012172
BFGS:  157 00:11:55     -102.431362        0.012193
BFGS:  158 00:11:55     -102.431380        0.012173
BFGS:  159 00:11:55     -102.431423        0.012135
BFGS:  160 00:11:55     -102.431517        0.012103
BFGS:  161 00:11:55     -102.431714        0.012128
BFGS:  162 00:11:55     -102.431997        0.012303
BFGS:  163 00:11:55     -102.432218        0.012621
BFGS:  164 00:11:55     -102.432295        0.012866
BFGS:  165 00:11:55     -102.432315        0.012930
BFGS:  166 00:11:55     -102.432335        0.012942
BFGS:  167 00:11:55     -102.432387        0.012938
BFGS:  168 00:11:55     -102.432513        0.012903
BFGS:  169 00:11:55     -102.432818        0.012808
BFGS:  170 00:11:55     -102.433452        0.023858
BFGS:  171 00:11:55     -102.434471        0.035760
BFGS:  172 00:11:56     -102.435522        0.039220
BFGS:  173 00:11:56     -102.436107        0.030648
BFGS:  174 00:11:56     -102.436337        0.020280
BFGS:  175 00:11:56     -102.436660        0.018411
BFGS:  176 00:11:56     -102.437312        0.026611
BFGS:  177 00:11:56     -102.438400        0.069402
BFGS:  178 00:11:56     -102.439646        0.105558
BFGS:  179 00:11:56     -102.440594        0.107989
BFGS:  180 00:11:56     -102.441322        0.081190
BFGS:  181 00:11:56     -102.441921        0.041190
BFGS:  182 00:11:56     -102.442360        0.017127
BFGS:  183 00:11:56     -102.442594        0.021605
BFGS:  184 00:11:56     -102.442691        0.018621
BFGS:  185 00:11:56     -102.442771        0.014022
BFGS:  186 00:11:57     -102.442914        0.011363
BFGS:  187 00:11:57     -102.443107        0.012141
BFGS:  188 00:11:57     -102.443277        0.020592
BFGS:  189 00:11:57     -102.443381        0.024932
BFGS:  190 00:11:57     -102.443484        0.025931
BFGS:  191 00:11:57     -102.443616        0.022265
BFGS:  192 00:11:57     -102.443737        0.015353
BFGS:  193 00:11:57     -102.443820        0.009181
BFGS:  194 00:11:57     -102.443859        0.008760
BFGS:  195 00:11:57     -102.443877        0.008838
BFGS:  196 00:11:57     -102.443906        0.006455
BFGS:  197 00:11:58     -102.443926        0.005255
BFGS:  198 00:11:58     -102.443939        0.007350
BFGS:  199 00:11:58     -102.443953        0.009531
BFGS:  200 00:11:59     -102.443978        0.011725
BFGS:  201 00:11:59     -102.444014        0.011749
BFGS:  202 00:11:59     -102.444049        0.007606
BFGS:  203 00:11:59     -102.444065        0.003784
BFGS:  204 00:11:59     -102.444069        0.003778
BFGS:  205 00:11:59     -102.444071        0.003794
BFGS:  206 00:11:59     -102.444076        0.003792
BFGS:  207 00:11:59     -102.444083        0.003820
BFGS:  208 00:11:59     -102.444092        0.008082
BFGS:  209 00:11:59     -102.444101        0.011070
BFGS:  210 00:11:59     -102.444114        0.012290
BFGS:  211 00:11:59     -102.444133        0.011138
BFGS:  212 00:11:59     -102.444159        0.006833
BFGS:  213 00:11:59     -102.444181        0.004699
BFGS:  214 00:12:00     -102.444190        0.004496
BFGS:  215 00:12:00     -102.444194        0.004058
BFGS:  216 00:12:00     -102.444198        0.003338
BFGS:  217 00:12:00     -102.444204        0.003335
BFGS:  218 00:12:00     -102.444211        0.003265
BFGS:  219 00:12:00     -102.444216        0.004100
BFGS:  220 00:12:00     -102.444219        0.004491
BFGS:  221 00:12:00     -102.444224        0.004465
BFGS:  222 00:12:00     -102.444233        0.003887
BFGS:  223 00:12:00     -102.444253        0.004231
BFGS:  224 00:12:03     -102.444284        0.005374
BFGS:  225 00:12:03     -102.444316        0.007577
BFGS:  226 00:12:03     -102.444334        0.007619
BFGS:  227 00:12:03     -102.444344        0.006137
BFGS:  228 00:12:03     -102.444355        0.004332
BFGS:  229 00:12:03     -102.444373        0.004106
BFGS:  230 00:12:03     -102.444390        0.005652
BFGS:  231 00:12:04     -102.444400        0.006052
BFGS:  232 00:12:04     -102.444404        0.004903
BFGS:  233 00:12:04     -102.444407        0.002839
BFGS:  234 00:12:04     -102.444411        0.001871
BFGS:  235 00:12:04     -102.444415        0.003169
BFGS:  236 00:12:04     -102.444417        0.004202
BFGS:  237 00:12:04     -102.444420        0.004038
BFGS:  238 00:12:04     -102.444423        0.002893
BFGS:  239 00:12:04     -102.444428        0.002258
BFGS:  240 00:12:04     -102.444432        0.002562
BFGS:  241 00:12:04     -102.444435        0.002916
BFGS:  242 00:12:04     -102.444437        0.002941
BFGS:  243 00:12:04     -102.444441        0.002711
BFGS:  244 00:12:04     -102.444447        0.002455
BFGS:  245 00:12:05     -102.444458        0.002828
BFGS:  246 00:12:05     -102.444466        0.002455
BFGS:  247 00:12:05     -102.444470        0.002437
BFGS:  248 00:12:05     -102.444471        0.002222
BFGS:  249 00:12:05     -102.444473        0.001819
BFGS:  250 00:12:05     -102.444476        0.001812
BFGS:  251 00:12:05     -102.444481        0.001983
BFGS:  252 00:12:05     -102.444486        0.002280
BFGS:  253 00:12:05     -102.444489        0.002519
BFGS:  254 00:12:05     -102.444490        0.002341
BFGS:  255 00:12:05     -102.444493        0.002294
BFGS:  256 00:12:05     -102.444499        0.002577
BFGS:  257 00:12:05     -102.444507        0.002975
BFGS:  258 00:12:05     -102.444513        0.003018
BFGS:  259 00:12:06     -102.444515        0.002432
BFGS:  260 00:12:06     -102.444516        0.001918
BFGS:  261 00:12:06     -102.444517        0.001433
BFGS:  262 00:12:06     -102.444519        0.001204
BFGS:  263 00:12:06     -102.444520        0.001073
BFGS:  264 00:12:06     -102.444521        0.001058
BFGS:  265 00:12:06     -102.444522        0.001048
BFGS:  266 00:12:06     -102.444522        0.001041
BFGS:  267 00:12:06     -102.444522        0.001031
BFGS:  268 00:12:06     -102.444523        0.001016
BFGS:  269 00:12:06     -102.444525        0.001311
BFGS:  270 00:12:06     -102.444526        0.001917
BFGS:  271 00:12:06     -102.444527        0.001982
BFGS:  272 00:12:06     -102.444527        0.001805
BFGS:  273 00:12:07     -102.444529        0.001492
BFGS:  274 00:12:07     -102.444531        0.001959
BFGS:  275 00:12:07     -102.444537        0.003052
BFGS:  276 00:12:07     -102.444548        0.004555
BFGS:  277 00:12:07     -102.444560        0.004867
BFGS:  278 00:12:07     -102.444568        0.004128
BFGS:  279 00:12:07     -102.444572        0.003661
BFGS:  280 00:12:07     -102.444576        0.002972
BFGS:  281 00:12:07     -102.444583        0.002682
BFGS:  282 00:12:07     -102.444592        0.002638
BFGS:  283 00:12:07     -102.444599        0.002285
BFGS:  284 00:12:07     -102.444601        0.001225
BFGS:  285 00:12:07     -102.444602        0.001142
BFGS:  286 00:12:07     -102.444602        0.001106
BFGS:  287 00:12:08     -102.444603        0.000973
