      Step     Time          Energy          fmax
BFGS:    0 04:16:18     -175.196574       12.837649
BFGS:    1 04:16:19     -227.651497        6.704744
BFGS:    2 04:16:19     -267.802683        5.419260
BFGS:    3 04:16:19     -287.530397        4.919442
BFGS:    4 04:16:19     -301.042266        4.550252
BFGS:    5 04:16:20     -312.025831        4.258089
BFGS:    6 04:16:20     -321.140478        4.002424
BFGS:    7 04:16:20     -328.824711        3.764056
BFGS:    8 04:16:20     -335.314639        3.543298
BFGS:    9 04:16:21     -340.694840        3.344631
BFGS:   10 04:16:21     -345.054479        3.171529
BFGS:   11 04:16:21     -348.532366        3.021597
BFGS:   12 04:16:21     -351.334933        2.888990
BFGS:   13 04:16:22     -353.693398        2.769702
BFGS:   14 04:16:22     -355.776023        2.660655
BFGS:   15 04:16:22     -357.683867        2.560698
BFGS:   16 04:16:22     -359.472403        2.469987
BFGS:   17 04:16:23     -361.172422        2.388833
BFGS:   18 04:16:23     -362.799374        2.317236
BFGS:   19 04:16:23     -364.359068        2.254375
BFGS:   20 04:16:23     -365.852413        2.199097
BFGS:   21 04:16:24     -367.279111        2.149987
BFGS:   22 04:16:24     -368.639913        2.105506
BFGS:   23 04:16:24     -369.939618        2.063983
BFGS:   24 04:16:24     -371.186194        2.024052
BFGS:   25 04:16:25     -372.389445        1.984966
BFGS:   26 04:16:25     -373.557996        1.946379
BFGS:   27 04:16:25     -374.698805        1.908131
BFGS:   28 04:16:25     -375.817273        1.870041
BFGS:   29 04:16:26     -376.917343        1.831885
BFGS:   30 04:16:26     -378.001855        1.793456
BFGS:   31 04:16:26     -379.072650        1.754709
BFGS:   32 04:16:27     -380.130743        1.715818
BFGS:   33 04:16:27     -381.176566        1.677027
BFGS:   34 04:16:27     -382.210102        1.639194
BFGS:   35 04:16:27     -383.231046        1.607020
BFGS:   36 04:16:28     -384.238813        1.575992
BFGS:   37 04:16:28     -385.232575        1.545931
BFGS:   38 04:16:28     -386.211406        1.516599
BFGS:   39 04:16:28     -387.174778        1.487850
BFGS:   40 04:16:29     -388.122349        1.459579
BFGS:   41 04:16:29     -389.054056        1.431657
BFGS:   42 04:16:29     -389.970444        1.404002
BFGS:   43 04:16:29     -390.872068        1.376598
BFGS:   44 04:16:30     -391.759307        1.349464
BFGS:   45 04:16:30     -392.632166        1.322649
BFGS:   46 04:16:30     -393.490648        1.296146
BFGS:   47 04:16:30     -394.334670        1.269932
BFGS:   48 04:16:31     -395.164190        1.243982
BFGS:   49 04:16:31     -395.979263        1.218287
BFGS:   50 04:16:31     -396.780138        1.192887
BFGS:   51 04:16:31     -397.566882        1.167842
BFGS:   52 04:16:32     -398.339617        1.143227
BFGS:   53 04:16:32     -399.098715        1.119129
BFGS:   54 04:16:32     -399.844740        1.095620
BFGS:   55 04:16:32     -400.578334        1.072706
BFGS:   56 04:16:33     -401.300153        1.050401
BFGS:   57 04:16:33     -402.010794        1.028703
BFGS:   58 04:16:33     -402.710822        1.007587
BFGS:   59 04:16:33     -403.400835        0.987002
BFGS:   60 04:16:34     -404.081557        0.966908
BFGS:   61 04:16:34     -404.753670        0.947272
BFGS:   62 04:16:34     -405.417772        0.928087
BFGS:   63 04:16:34     -406.074319        0.909365
BFGS:   64 04:16:35     -406.723614        0.891108
BFGS:   65 04:16:35     -407.365842        0.873317
BFGS:   66 04:16:35     -408.001085        0.855986
BFGS:   67 04:16:35     -408.629351        0.839344
BFGS:   68 04:16:36     -409.250659        0.827106
BFGS:   69 04:16:36     -409.865048        0.815236
BFGS:   70 04:16:36     -410.472517        0.803655
BFGS:   71 04:16:36     -411.073086        0.792313
BFGS:   72 04:16:37     -411.666707        0.781182
BFGS:   73 04:16:37     -412.253253        0.770244
BFGS:   74 04:16:37     -412.832541        0.759479
BFGS:   75 04:16:37     -413.404355        0.751877
BFGS:   76 04:16:38     -413.968483        0.760170
BFGS:   77 04:16:38     -414.524764        0.766797
BFGS:   78 04:16:38     -415.073139        0.771811
BFGS:   79 04:16:38     -415.613626        0.775283
BFGS:   80 04:16:39     -416.146323        0.777295
BFGS:   81 04:16:39     -416.671402        0.777929
BFGS:   82 04:16:39     -417.189033        0.777267
BFGS:   83 04:16:39     -417.699412        0.775387
BFGS:   84 04:16:40     -418.202730        0.772370
BFGS:   85 04:16:40     -418.699163        0.768296
BFGS:   86 04:16:40     -419.188881        0.763246
BFGS:   87 04:16:40     -419.672054        0.757298
BFGS:   88 04:16:41     -420.148836        0.750527
BFGS:   89 04:16:41     -420.619431        0.742997
BFGS:   90 04:16:41     -421.084004        0.734768
BFGS:   91 04:16:41     -421.542687        0.725899
BFGS:   92 04:16:42     -421.995588        0.716452
BFGS:   93 04:16:42     -422.442784        0.706478
BFGS:   94 04:16:42     -422.884320        0.696019
BFGS:   95 04:16:42     -423.320207        0.685110
BFGS:   96 04:16:43     -423.750432        0.673772
BFGS:   97 04:16:43     -424.174959        0.662014
BFGS:   98 04:16:43     -424.593724        0.649837
BFGS:   99 04:16:43     -425.006584        0.637245
BFGS:  100 04:16:44     -425.413291        0.624253
BFGS:  101 04:16:44     -425.813511        0.610891
BFGS:  102 04:16:44     -426.206850        0.597210
BFGS:  103 04:16:44     -426.592899        0.583278
BFGS:  104 04:16:45     -426.971273        0.569157
BFGS:  105 04:16:45     -427.341609        0.554863
BFGS:  106 04:16:45     -427.703581        0.540355
BFGS:  107 04:16:45     -428.056941        0.525579
BFGS:  108 04:16:46     -428.401634        0.514769
BFGS:  109 04:16:46     -428.737687        0.510035
BFGS:  110 04:16:46     -429.065172        0.504190
BFGS:  111 04:16:46     -429.384186        0.497206
BFGS:  112 04:16:47     -429.694839        0.489073
BFGS:  113 04:16:47     -429.997235        0.479786
BFGS:  114 04:16:47     -430.291514        0.469314
BFGS:  115 04:16:47     -430.577877        0.457596
BFGS:  116 04:16:48     -430.856506        0.444549
BFGS:  117 04:16:48     -431.127449        0.430103
BFGS:  118 04:16:48     -431.390648        0.414213
BFGS:  119 04:16:48     -431.646109        0.396857
BFGS:  120 04:16:49     -431.894038        0.380385
BFGS:  121 04:16:49     -432.134819        0.369201
BFGS:  122 04:16:49     -432.368954        0.357947
BFGS:  123 04:16:49     -432.596890        0.350153
BFGS:  124 04:16:50     -432.819182        0.358205
BFGS:  125 04:16:50     -433.036567        0.365094
BFGS:  126 04:16:50     -433.249954        0.370432
BFGS:  127 04:16:50     -433.460456        0.373740
BFGS:  128 04:16:51     -433.669456        0.374410
BFGS:  129 04:16:51     -433.878642        0.371662
BFGS:  130 04:16:51     -434.090058        0.364481
BFGS:  131 04:16:51     -434.306054        0.351534
BFGS:  132 04:16:52     -434.528973        0.331094
BFGS:  133 04:16:52     -434.760794        0.314921
BFGS:  134 04:16:52     -435.003897        0.319711
BFGS:  135 04:16:52     -435.264273        0.322033
BFGS:  136 04:16:53     -435.557706        0.323279
BFGS:  137 04:16:53     -435.851109        0.324995
BFGS:  138 04:16:53     -436.114617        0.323312
BFGS:  139 04:16:53     -436.405110        0.313921
BFGS:  140 04:16:54     -436.611385        0.279780
BFGS:  141 04:16:54     -436.758528        0.258731
BFGS:  142 04:16:54     -436.931050        0.235276
BFGS:  143 04:16:54     -437.068717        0.227145
BFGS:  144 04:16:55     -437.186008        0.218664
BFGS:  145 04:16:55     -437.294805        0.210055
BFGS:  146 04:16:55     -437.397851        0.218677
BFGS:  147 04:16:55     -437.496242        0.225992
BFGS:  148 04:16:56     -437.590642        0.231774
BFGS:  149 04:16:56     -437.681602        0.236175
BFGS:  150 04:16:56     -437.769597        0.239327
BFGS:  151 04:16:56     -437.855031        0.241289
BFGS:  152 04:16:56     -437.938324        0.242084
BFGS:  153 04:16:57     -438.019954        0.241680
BFGS:  154 04:16:57     -438.100380        0.240010
BFGS:  155 04:16:57     -438.179919        0.237022
BFGS:  156 04:16:57     -438.258785        0.232672
BFGS:  157 04:16:58     -438.337280        0.226848
BFGS:  158 04:16:58     -438.415917        0.219300
BFGS:  159 04:16:58     -438.495527        0.209652
BFGS:  160 04:16:58     -438.576255        0.200663
BFGS:  161 04:16:59     -438.658057        0.193742
BFGS:  162 04:16:59     -438.741607        0.184616
BFGS:  163 04:16:59     -438.828484        0.172614
BFGS:  164 04:16:59     -438.920748        0.165705
BFGS:  165 04:17:00     -439.021044        0.197537
BFGS:  166 04:17:00     -439.128433        0.261192
BFGS:  167 04:17:00     -439.207171        0.276444
BFGS:  168 04:17:00     -439.301844        0.259575
BFGS:  169 04:17:01     -439.373543        0.226227
BFGS:  170 04:17:01     -439.438502        0.207152
BFGS:  171 04:17:01     -439.505026        0.178734
BFGS:  172 04:17:01     -439.562466        0.135340
BFGS:  173 04:17:02     -439.625789        0.107981
BFGS:  174 04:17:02     -439.665792        0.110672
BFGS:  175 04:17:02     -439.694993        0.114834
BFGS:  176 04:17:02     -439.718482        0.115981
BFGS:  177 04:17:03     -439.738974        0.113283
BFGS:  178 04:17:03     -439.759566        0.106203
BFGS:  179 04:17:03     -439.783177        0.094519
BFGS:  180 04:17:03     -439.811384        0.084721
BFGS:  181 04:17:04     -439.844757        0.094094
BFGS:  182 04:17:04     -439.885733        0.115722
BFGS:  183 04:17:04     -439.927181        0.125801
BFGS:  184 04:17:04     -439.962668        0.122903
BFGS:  185 04:17:05     -439.995467        0.124825
BFGS:  186 04:17:05     -440.021060        0.098914
BFGS:  187 04:17:05     -440.047875        0.079217
BFGS:  188 04:17:05     -440.073250        0.105314
BFGS:  189 04:17:06     -440.093136        0.105723
BFGS:  190 04:17:06     -440.112886        0.084446
BFGS:  191 04:17:06     -440.133351        0.068729
BFGS:  192 04:17:06     -440.149474        0.072833
BFGS:  193 04:17:07     -440.160316        0.083663
BFGS:  194 04:17:07     -440.169586        0.082077
BFGS:  195 04:17:07     -440.180610        0.063460
BFGS:  196 04:17:07     -440.191231        0.059537
BFGS:  197 04:17:08     -440.198237        0.060298
BFGS:  198 04:17:08     -440.201744        0.060394
BFGS:  199 04:17:08     -440.204595        0.060107
BFGS:  200 04:17:08     -440.209022        0.059432
BFGS:  201 04:17:08     -440.215335        0.058472
BFGS:  202 04:17:09     -440.222228        0.059752
BFGS:  203 04:17:09     -440.227542        0.057699
BFGS:  204 04:17:09     -440.231423        0.058171
BFGS:  205 04:17:09     -440.235616        0.058966
BFGS:  206 04:17:10     -440.241752        0.059896
BFGS:  207 04:17:10     -440.249265        0.060415
BFGS:  208 04:17:10     -440.255722        0.060073
BFGS:  209 04:17:10     -440.260175        0.059114
BFGS:  210 04:17:11     -440.264408        0.057854
BFGS:  211 04:17:11     -440.271269        0.055864
BFGS:  212 04:17:11     -440.282509        0.064754
BFGS:  213 04:17:11     -440.296126        0.090017
BFGS:  214 04:17:12     -440.307379        0.093068
BFGS:  215 04:17:12     -440.314677        0.077778
BFGS:  216 04:17:12     -440.321645        0.069039
BFGS:  217 04:17:12     -440.333059        0.059262
BFGS:  218 04:17:13     -440.348351        0.061678
BFGS:  219 04:17:13     -440.362278        0.071856
BFGS:  220 04:17:13     -440.372075        0.072755
BFGS:  221 04:17:13     -440.380908        0.078477
BFGS:  222 04:17:14     -440.392585        0.076200
BFGS:  223 04:17:14     -440.410553        0.066275
BFGS:  224 04:17:14     -440.432238        0.079754
BFGS:  225 04:17:14     -440.449470        0.085348
BFGS:  226 04:17:15     -440.460370        0.088090
BFGS:  227 04:17:15     -440.471360        0.084560
BFGS:  228 04:17:15     -440.487576        0.069688
BFGS:  229 04:17:15     -440.511866        0.084945
BFGS:  230 04:17:16     -440.531644        0.084387
BFGS:  231 04:17:16     -440.544812        0.077328
BFGS:  232 04:17:16     -440.555676        0.073407
BFGS:  233 04:17:16     -440.570721        0.068887
BFGS:  234 04:17:17     -440.585920        0.083158
BFGS:  235 04:17:17     -440.599609        0.075065
BFGS:  236 04:17:17     -440.615525        0.067220
BFGS:  237 04:17:17     -440.621418        0.067469
BFGS:  238 04:17:18     -440.637186        0.067203
BFGS:  239 04:17:18     -440.649784        0.066270
BFGS:  240 04:17:18     -440.663481        0.066143
BFGS:  241 04:17:18     -440.671619        0.067075
BFGS:  242 04:17:19     -440.677538        0.063796
BFGS:  243 04:17:19     -440.684519        0.063812
BFGS:  244 04:17:19     -440.696171        0.064262
BFGS:  245 04:17:19     -440.712838        0.074197
BFGS:  246 04:17:20     -440.730433        0.068090
BFGS:  247 04:17:20     -440.741690        0.063701
BFGS:  248 04:17:20     -440.747356        0.061618
BFGS:  249 04:17:20     -440.754205        0.072613
BFGS:  250 04:17:21     -440.767886        0.088158
BFGS:  251 04:17:21     -440.789130        0.092715
BFGS:  252 04:17:21     -440.808177        0.110088
BFGS:  253 04:17:21     -440.830500        0.123751
BFGS:  254 04:17:21     -440.842263        0.130887
BFGS:  255 04:17:22     -440.858996        0.107268
BFGS:  256 04:17:22     -440.882269        0.091069
BFGS:  257 04:17:22     -440.915078        0.089424
BFGS:  258 04:17:22     -440.937527        0.086248
BFGS:  259 04:17:23     -440.955342        0.096644
BFGS:  260 04:17:23     -440.968995        0.088920
BFGS:  261 04:17:23     -440.987570        0.099829
BFGS:  262 04:17:23     -441.014967        0.108265
BFGS:  263 04:17:24     -441.058129        0.099286
BFGS:  264 04:17:24     -441.102699        0.087356
BFGS:  265 04:17:24     -441.132591        0.102560
BFGS:  266 04:17:24     -441.149993        0.101815
BFGS:  267 04:17:25     -441.160877        0.091921
BFGS:  268 04:17:25     -441.174742        0.074069
BFGS:  269 04:17:25     -441.194034        0.060967
BFGS:  270 04:17:25     -441.221780        0.068570
BFGS:  271 04:17:26     -441.240805        0.080079
BFGS:  272 04:17:26     -441.249984        0.074042
BFGS:  273 04:17:26     -441.259355        0.065042
BFGS:  274 04:17:26     -441.277163        0.057785
BFGS:  275 04:17:27     -441.304887        0.072969
BFGS:  276 04:17:27     -441.334067        0.098271
BFGS:  277 04:17:27     -441.352346        0.115588
BFGS:  278 04:17:27     -441.364892        0.108943
BFGS:  279 04:17:28     -441.381800        0.088715
BFGS:  280 04:17:28     -441.407954        0.076405
BFGS:  281 04:17:28     -441.436549        0.072181
BFGS:  282 04:17:28     -441.461653        0.061507
BFGS:  283 04:17:29     -441.468707        0.067727
BFGS:  284 04:17:29     -441.477415        0.066850
BFGS:  285 04:17:29     -441.491506        0.063309
BFGS:  286 04:17:29     -441.512994        0.061449
BFGS:  287 04:17:30     -441.533219        0.099333
BFGS:  288 04:17:30     -441.545641        0.112765
BFGS:  289 04:17:30     -441.555200        0.108473
BFGS:  290 04:17:30     -441.569684        0.112495
BFGS:  291 04:17:31     -441.591215        0.095338
BFGS:  292 04:17:31     -441.612006        0.069641
BFGS:  293 04:17:31     -441.624679        0.068334
BFGS:  294 04:17:31     -441.632414        0.073151
BFGS:  295 04:17:32     -441.640915        0.074367
BFGS:  296 04:17:32     -441.657025        0.061702
BFGS:  297 04:17:32     -441.677738        0.052750
BFGS:  298 04:17:32     -441.693896        0.055507
BFGS:  299 04:17:33     -441.701214        0.048596
BFGS:  300 04:17:33     -441.705272        0.047753
BFGS:  301 04:17:33     -441.710511        0.047300
BFGS:  302 04:17:33     -441.719579        0.044731
BFGS:  303 04:17:33     -441.733701        0.052267
BFGS:  304 04:17:34     -441.748823        0.052614
BFGS:  305 04:17:34     -441.758191        0.050432
BFGS:  306 04:17:34     -441.763085        0.052554
BFGS:  307 04:17:34     -441.767455        0.052956
BFGS:  308 04:17:35     -441.774176        0.045336
BFGS:  309 04:17:35     -441.785864        0.050999
BFGS:  310 04:17:35     -441.796163        0.050598
BFGS:  311 04:17:35     -441.804675        0.044088
BFGS:  312 04:17:36     -441.811870        0.046888
BFGS:  313 04:17:36     -441.817936        0.055932
BFGS:  314 04:17:36     -441.824433        0.064788
BFGS:  315 04:17:36     -441.832667        0.071282
BFGS:  316 04:17:37     -441.839466        0.070643
BFGS:  317 04:17:37     -441.848010        0.065157
BFGS:  318 04:17:37     -441.858123        0.056860
BFGS:  319 04:17:37     -441.869541        0.047265
BFGS:  320 04:17:38     -441.880502        0.043114
BFGS:  321 04:17:38     -441.889018        0.048065
BFGS:  322 04:17:38     -441.894815        0.051157
BFGS:  323 04:17:38     -441.898632        0.048575
BFGS:  324 04:17:39     -441.901889        0.044464
BFGS:  325 04:17:39     -441.906824        0.041573
BFGS:  326 04:17:39     -441.912813        0.043789
BFGS:  327 04:17:39     -441.920955        0.046151
BFGS:  328 04:17:40     -441.930447        0.048728
BFGS:  329 04:17:40     -441.939953        0.051284
BFGS:  330 04:17:40     -441.949557        0.053588
BFGS:  331 04:17:40     -441.959641        0.055714
BFGS:  332 04:17:41     -441.969642        0.062265
BFGS:  333 04:17:41     -441.981190        0.061930
BFGS:  334 04:17:41     -441.996836        0.061674
BFGS:  335 04:17:41     -442.006023        0.061000
BFGS:  336 04:17:42     -442.012809        0.057732
BFGS:  337 04:17:42     -442.018835        0.057876
BFGS:  338 04:17:42     -442.027760        0.057952
BFGS:  339 04:17:42     -442.037133        0.059016
BFGS:  340 04:17:43     -442.042618        0.059170
BFGS:  341 04:17:43     -442.045234        0.057644
BFGS:  342 04:17:43     -442.047183        0.056567
BFGS:  343 04:17:43     -442.050571        0.056152
BFGS:  344 04:17:43     -442.057177        0.057963
BFGS:  345 04:17:44     -442.067601        0.065272
BFGS:  346 04:17:44     -442.078261        0.070076
BFGS:  347 04:17:44     -442.084540        0.073128
BFGS:  348 04:17:44     -442.087216        0.072453
BFGS:  349 04:17:45     -442.089842        0.070262
BFGS:  350 04:17:45     -442.095249        0.066346
BFGS:  351 04:17:45     -442.104706        0.062854
BFGS:  352 04:17:45     -442.116585        0.063882
BFGS:  353 04:17:46     -442.126679        0.067832
BFGS:  354 04:17:46     -442.130788        0.068278
BFGS:  355 04:17:46     -442.133395        0.067317
BFGS:  356 04:17:46     -442.136652        0.066014
BFGS:  357 04:17:47     -442.142690        0.063629
BFGS:  358 04:17:47     -442.153333        0.059012
BFGS:  359 04:17:47     -442.163123        0.052500
BFGS:  360 04:17:47     -442.168384        0.051762
BFGS:  361 04:17:48     -442.170240        0.052453
BFGS:  362 04:17:48     -442.172227        0.052643
BFGS:  363 04:17:48     -442.175657        0.052019
BFGS:  364 04:17:48     -442.181363        0.050573
BFGS:  365 04:17:49     -442.187074        0.049967
BFGS:  366 04:17:49     -442.191787        0.050967
BFGS:  367 04:17:49     -442.195327        0.053440
BFGS:  368 04:17:49     -442.198060        0.055962
BFGS:  369 04:17:50     -442.200109        0.056820
BFGS:  370 04:17:50     -442.201457        0.054719
BFGS:  371 04:17:50     -442.202481        0.053639
BFGS:  372 04:17:50     -442.205325        0.051989
BFGS:  373 04:17:51     -442.209523        0.054958
BFGS:  374 04:17:51     -442.217225        0.057769
BFGS:  375 04:17:51     -442.224167        0.055607
BFGS:  376 04:17:51     -442.227352        0.051840
BFGS:  377 04:17:52     -442.228069        0.049406
BFGS:  378 04:17:52     -442.228397        0.048777
BFGS:  379 04:17:52     -442.228966        0.047860
BFGS:  380 04:17:52     -442.230499        0.046029
BFGS:  381 04:17:53     -442.232047        0.044443
BFGS:  382 04:17:53     -442.233445        0.043228
BFGS:  383 04:17:53     -442.234349        0.042675
BFGS:  384 04:17:53     -442.235094        0.042205
BFGS:  385 04:17:54     -442.235819        0.041612
BFGS:  386 04:17:54     -442.236457        0.041027
BFGS:  387 04:17:54     -442.237025        0.040769
BFGS:  388 04:17:54     -442.237790        0.040977
BFGS:  389 04:17:55     -442.239155        0.042276
BFGS:  390 04:17:55     -442.241430        0.045651
BFGS:  391 04:17:55     -442.243939        0.050848
BFGS:  392 04:17:55     -442.245601        0.054416
BFGS:  393 04:17:55     -442.246284        0.055414
BFGS:  394 04:17:56     -442.246558        0.055197
BFGS:  395 04:17:56     -442.247295        0.054116
BFGS:  396 04:17:56     -442.248708        0.052132
BFGS:  397 04:17:56     -442.251661        0.048252
BFGS:  398 04:17:57     -442.255663        0.043291
BFGS:  399 04:17:57     -442.258803        0.040233
BFGS:  400 04:17:57     -442.259995        0.041086
BFGS:  401 04:17:57     -442.260333        0.042241
BFGS:  402 04:17:58     -442.260695        0.043388
BFGS:  403 04:17:58     -442.261525        0.045311
BFGS:  404 04:17:58     -442.263200        0.048861
BFGS:  405 04:17:58     -442.266236        0.084991
BFGS:  406 04:17:59     -442.270313        0.114607
BFGS:  407 04:17:59     -442.274589        0.141744
BFGS:  408 04:17:59     -442.281160        0.173786
BFGS:  409 04:17:59     -442.285616        0.197011
BFGS:  410 04:18:00     -442.289686        0.195650
BFGS:  411 04:18:00     -442.294261        0.170609
BFGS:  412 04:18:00     -442.299174        0.123734
BFGS:  413 04:18:00     -442.304788        0.056062
BFGS:  414 04:18:01     -442.310260        0.053914
BFGS:  415 04:18:01     -442.315497        0.102260
BFGS:  416 04:18:01     -442.319303        0.118966
BFGS:  417 04:18:01     -442.324318        0.113862
BFGS:  418 04:18:02     -442.332345        0.084216
BFGS:  419 04:18:02     -442.341112        0.064482
BFGS:  420 04:18:02     -442.348047        0.061540
BFGS:  421 04:18:02     -442.354087        0.056933
BFGS:  422 04:18:03     -442.359434        0.058088
BFGS:  423 04:18:03     -442.364522        0.065967
BFGS:  424 04:18:03     -442.369980        0.067997
BFGS:  425 04:18:03     -442.376470        0.062849
BFGS:  426 04:18:04     -442.384888        0.052018
BFGS:  427 04:18:04     -442.396377        0.048873
BFGS:  428 04:18:04     -442.409276        0.078426
BFGS:  429 04:18:04     -442.418876        0.092006
BFGS:  430 04:18:05     -442.426755        0.097408
BFGS:  431 04:18:05     -442.433465        0.081701
BFGS:  432 04:18:05     -442.442402        0.065253
BFGS:  433 04:18:05     -442.459653        0.069726
BFGS:  434 04:18:06     -442.479796        0.123105
BFGS:  435 04:18:06     -442.504784        0.210150
BFGS:  436 04:18:06     -442.521914        0.242234
BFGS:  437 04:18:06     -442.558713        0.283138
BFGS:  438 04:18:06     -442.579862        0.290415
BFGS:  439 04:18:07     -442.614144        0.290287
BFGS:  440 04:18:07     -442.667686        0.231192
BFGS:  441 04:18:07     -442.702746        0.188502
BFGS:  442 04:18:07     -442.752606        0.128956
BFGS:  443 04:18:08     -442.772090        0.123043
BFGS:  444 04:18:08     -442.800722        0.115665
BFGS:  445 04:18:08     -442.813074        0.100335
BFGS:  446 04:18:08     -442.832289        0.095388
BFGS:  447 04:18:09     -442.852356        0.114021
BFGS:  448 04:18:09     -442.890186        0.172312
BFGS:  449 04:18:09     -442.927562        0.225632
BFGS:  450 04:18:09     -442.953459        0.258989
BFGS:  451 04:18:10     -442.994070        0.269394
BFGS:  452 04:18:10     -443.047999        0.233424
BFGS:  453 04:18:10     -443.071357        0.196460
BFGS:  454 04:18:10     -443.090790        0.151599
BFGS:  455 04:18:11     -443.108771        0.105516
BFGS:  456 04:18:11     -443.121180        0.093544
BFGS:  457 04:18:11     -443.126725        0.089021
BFGS:  458 04:18:11     -443.131644        0.086753
BFGS:  459 04:18:12     -443.134894        0.083935
BFGS:  460 04:18:12     -443.139753        0.082436
BFGS:  461 04:18:12     -443.146081        0.081660
BFGS:  462 04:18:12     -443.154832        0.083749
BFGS:  463 04:18:13     -443.166215        0.117072
BFGS:  464 04:18:13     -443.180900        0.144546
BFGS:  465 04:18:13     -443.197177        0.133427
BFGS:  466 04:18:13     -443.210938        0.097298
BFGS:  467 04:18:14     -443.220990        0.072791
BFGS:  468 04:18:14     -443.228842        0.061694
BFGS:  469 04:18:14     -443.236073        0.065966
BFGS:  470 04:18:14     -443.243068        0.073231
BFGS:  471 04:18:15     -443.249181        0.067279
BFGS:  472 04:18:15     -443.254667        0.067728
BFGS:  473 04:18:15     -443.261449        0.078785
BFGS:  474 04:18:15     -443.270297        0.093666
BFGS:  475 04:18:16     -443.279979        0.095266
BFGS:  476 04:18:16     -443.288564        0.084686
BFGS:  477 04:18:16     -443.295122        0.086627
BFGS:  478 04:18:16     -443.300314        0.069939
BFGS:  479 04:18:16     -443.305970        0.059701
BFGS:  480 04:18:17     -443.312637        0.054539
BFGS:  481 04:18:17     -443.319169        0.069813
BFGS:  482 04:18:17     -443.324475        0.077410
BFGS:  483 04:18:17     -443.328642        0.076499
BFGS:  484 04:18:18     -443.333129        0.068362
BFGS:  485 04:18:18     -443.339566        0.066506
BFGS:  486 04:18:18     -443.348643        0.067127
BFGS:  487 04:18:18     -443.357918        0.073746
BFGS:  488 04:18:19     -443.364004        0.066553
BFGS:  489 04:18:19     -443.367449        0.052659
BFGS:  490 04:18:19     -443.370134        0.040437
BFGS:  491 04:18:19     -443.373183        0.034588
BFGS:  492 04:18:20     -443.376160        0.048206
BFGS:  493 04:18:20     -443.378292        0.056939
BFGS:  494 04:18:20     -443.379868        0.049082
BFGS:  495 04:18:20     -443.381669        0.036639
BFGS:  496 04:18:21     -443.384039        0.031151
BFGS:  497 04:18:21     -443.386512        0.041754
BFGS:  498 04:18:21     -443.388443        0.055067
BFGS:  499 04:18:21     -443.389829        0.049322
BFGS:  500 04:18:22     -443.391118        0.032325
BFGS:  501 04:18:22     -443.392530        0.026497
BFGS:  502 04:18:22     -443.393882        0.024327
BFGS:  503 04:18:22     -443.394967        0.034158
BFGS:  504 04:18:23     -443.395880        0.035020
BFGS:  505 04:18:23     -443.396837        0.028442
BFGS:  506 04:18:23     -443.398001        0.024749
BFGS:  507 04:18:23     -443.399400        0.030573
BFGS:  508 04:18:24     -443.400880        0.035987
BFGS:  509 04:18:24     -443.402249        0.035659
BFGS:  510 04:18:24     -443.403565        0.038037
BFGS:  511 04:18:24     -443.405095        0.036903
BFGS:  512 04:18:25     -443.407035        0.031422
BFGS:  513 04:18:25     -443.409208        0.038768
BFGS:  514 04:18:25     -443.411212        0.048127
BFGS:  515 04:18:25     -443.412996        0.048592
BFGS:  516 04:18:26     -443.415038        0.041863
BFGS:  517 04:18:26     -443.417957        0.036997
BFGS:  518 04:18:26     -443.421658        0.035420
BFGS:  519 04:18:26     -443.425000        0.045287
BFGS:  520 04:18:27     -443.427226        0.045386
BFGS:  521 04:18:27     -443.428923        0.043203
BFGS:  522 04:18:27     -443.430953        0.040052
BFGS:  523 04:18:27     -443.433740        0.039435
BFGS:  524 04:18:27     -443.437159        0.062369
BFGS:  525 04:18:28     -443.440935        0.074862
BFGS:  526 04:18:28     -443.445390        0.074712
BFGS:  527 04:18:28     -443.449596        0.070272
BFGS:  528 04:18:28     -443.453245        0.074774
BFGS:  529 04:18:29     -443.460350        0.063898
BFGS:  530 04:18:29     -443.469731        0.064242
BFGS:  531 04:18:29     -443.476584        0.075546
BFGS:  532 04:18:29     -443.484267        0.097429
BFGS:  533 04:18:30     -443.491999        0.098007
BFGS:  534 04:18:30     -443.503983        0.094923
BFGS:  535 04:18:30     -443.544027        0.096767
BFGS:  536 04:18:30     -443.568872        0.105450
BFGS:  537 04:18:31     -443.597306        0.109126
BFGS:  538 04:18:31     -443.621688        0.111712
BFGS:  539 04:18:31     -443.642895        0.112384
BFGS:  540 04:18:31     -443.662272        0.113514
BFGS:  541 04:18:32     -443.680478        0.112476
BFGS:  542 04:18:32     -443.697528        0.110163
BFGS:  543 04:18:32     -443.713739        0.110529
BFGS:  544 04:18:32     -443.728939        0.111440
BFGS:  545 04:18:33     -443.743675        0.109633
BFGS:  546 04:18:33     -443.757332        0.111059
BFGS:  547 04:18:33     -443.770864        0.106175
BFGS:  548 04:18:33     -443.783011        0.107761
BFGS:  549 04:18:34     -443.795023        0.103639
BFGS:  550 04:18:34     -443.805731        0.101883
BFGS:  551 04:18:34     -443.816179        0.099566
BFGS:  552 04:18:34     -443.825617        0.095606
BFGS:  553 04:18:35     -443.834964        0.091338
BFGS:  554 04:18:35     -443.843435        0.083040
BFGS:  555 04:18:35     -443.852701        0.076809
BFGS:  556 04:18:35     -443.861551        0.071605
BFGS:  557 04:18:36     -443.875497        0.102001
BFGS:  558 04:18:36     -443.893742        0.146170
BFGS:  559 04:18:36     -443.920275        0.193907
BFGS:  560 04:18:36     -443.938012        0.185939
BFGS:  561 04:18:36     -443.956793        0.163825
BFGS:  562 04:18:37     -443.979006        0.125003
BFGS:  563 04:18:37     -444.001510        0.099018
BFGS:  564 04:18:37     -444.016844        0.103253
BFGS:  565 04:18:37     -444.029402        0.112819
BFGS:  566 04:18:38     -444.038337        0.096344
BFGS:  567 04:18:38     -444.046328        0.073178
BFGS:  568 04:18:38     -444.053139        0.060870
BFGS:  569 04:18:38     -444.061373        0.059768
BFGS:  570 04:18:39     -444.066482        0.060518
BFGS:  571 04:18:39     -444.072240        0.063813
BFGS:  572 04:18:39     -444.080163        0.080316
BFGS:  573 04:18:39     -444.088007        0.085690
BFGS:  574 04:18:40     -444.097260        0.084574
BFGS:  575 04:18:40     -444.107454        0.069737
BFGS:  576 04:18:40     -444.118342        0.086186
BFGS:  577 04:18:40     -444.128420        0.084876
BFGS:  578 04:18:41     -444.136838        0.076094
BFGS:  579 04:18:41     -444.144094        0.069288
BFGS:  580 04:18:41     -444.150380        0.070567
BFGS:  581 04:18:41     -444.155210        0.062962
BFGS:  582 04:18:42     -444.158559        0.059953
BFGS:  583 04:18:42     -444.161170        0.062241
BFGS:  584 04:18:42     -444.163569        0.064162
BFGS:  585 04:18:42     -444.165691        0.063557
BFGS:  586 04:18:43     -444.167544        0.061945
BFGS:  587 04:18:43     -444.169216        0.060539
BFGS:  588 04:18:43     -444.171004        0.059180
BFGS:  589 04:18:43     -444.173032        0.058849
BFGS:  590 04:18:44     -444.175178        0.059593
BFGS:  591 04:18:44     -444.177265        0.061362
BFGS:  592 04:18:44     -444.179281        0.062578
BFGS:  593 04:18:44     -444.181388        0.063957
BFGS:  594 04:18:45     -444.183738        0.063667
BFGS:  595 04:18:45     -444.186356        0.063897
BFGS:  596 04:18:45     -444.189062        0.063704
BFGS:  597 04:18:45     -444.191534        0.065889
BFGS:  598 04:18:46     -444.193543        0.068034
BFGS:  599 04:18:46     -444.195502        0.070158
BFGS:  600 04:18:46     -444.197957        0.072486
BFGS:  601 04:18:46     -444.200818        0.074150
BFGS:  602 04:18:47     -444.203913        0.074359
BFGS:  603 04:18:47     -444.206836        0.073091
BFGS:  604 04:18:47     -444.209791        0.071053
BFGS:  605 04:18:47     -444.213384        0.068479
BFGS:  606 04:18:47     -444.217849        0.068017
BFGS:  607 04:18:48     -444.222424        0.071161
BFGS:  608 04:18:48     -444.226914        0.074425
BFGS:  609 04:18:48     -444.230997        0.079241
BFGS:  610 04:18:48     -444.235350        0.082515
BFGS:  611 04:18:49     -444.240609        0.076531
BFGS:  612 04:18:49     -444.245329        0.075845
BFGS:  613 04:18:49     -444.251669        0.077571
BFGS:  614 04:18:49     -444.254756        0.077499
BFGS:  615 04:18:50     -444.259681        0.079860
BFGS:  616 04:18:50     -444.264519        0.083006
BFGS:  617 04:18:50     -444.270600        0.084417
BFGS:  618 04:18:50     -444.274745        0.085126
BFGS:  619 04:18:51     -444.277902        0.086949
BFGS:  620 04:18:51     -444.281191        0.078862
BFGS:  621 04:18:51     -444.285520        0.073536
BFGS:  622 04:18:51     -444.290773        0.070337
BFGS:  623 04:18:52     -444.294704        0.070192
BFGS:  624 04:18:52     -444.299391        0.074316
BFGS:  625 04:18:53     -444.302556        0.074111
BFGS:  626 04:18:53     -444.307857        0.076540
BFGS:  627 04:18:53     -444.312702        0.076708
BFGS:  628 04:18:53     -444.322495        0.092644
BFGS:  629 04:18:54     -444.328490        0.113607
BFGS:  630 04:18:54     -444.339647        0.129670
BFGS:  631 04:18:54     -444.346009        0.114634
BFGS:  632 04:18:54     -444.352869        0.100216
BFGS:  633 04:18:55     -444.358351        0.100062
BFGS:  634 04:18:55     -444.363734        0.100844
BFGS:  635 04:18:55     -444.368913        0.101263
BFGS:  636 04:18:55     -444.374396        0.101918
BFGS:  637 04:18:56     -444.380461        0.103140
BFGS:  638 04:18:56     -444.389248        0.104823
BFGS:  639 04:18:56     -444.397935        0.108732
BFGS:  640 04:18:56     -444.409381        0.116612
BFGS:  641 04:18:56     -444.415385        0.109550
BFGS:  642 04:18:57     -444.430494        0.108261
BFGS:  643 04:18:57     -444.447475        0.110461
BFGS:  644 04:18:57     -444.464046        0.108972
BFGS:  645 04:18:57     -444.475711        0.108941
BFGS:  646 04:18:58     -444.493439        0.099662
BFGS:  647 04:18:58     -444.506950        0.096858
BFGS:  648 04:18:58     -444.518340        0.097891
BFGS:  649 04:18:58     -444.529078        0.099239
BFGS:  650 04:18:59     -444.540850        0.101965
BFGS:  651 04:18:59     -444.552571        0.104132
BFGS:  652 04:18:59     -444.564602        0.106904
BFGS:  653 04:18:59     -444.576035        0.108296
BFGS:  654 04:19:00     -444.587507        0.109581
BFGS:  655 04:19:00     -444.598885        0.109028
BFGS:  656 04:19:00     -444.610605        0.107663
BFGS:  657 04:19:00     -444.622924        0.103908
BFGS:  658 04:19:01     -444.635866        0.098605
BFGS:  659 04:19:01     -444.649913        0.103713
BFGS:  660 04:19:01     -444.663156        0.117318
BFGS:  661 04:19:01     -444.673625        0.109857
BFGS:  662 04:19:02     -444.684964        0.095825
BFGS:  663 04:19:02     -444.694747        0.070772
BFGS:  664 04:19:02     -444.705052        0.072538
BFGS:  665 04:19:02     -444.713386        0.068798
BFGS:  666 04:19:03     -444.721584        0.066274
BFGS:  667 04:19:03     -444.728717        0.067828
BFGS:  668 04:19:03     -444.735937        0.069486
BFGS:  669 04:19:03     -444.743230        0.067303
BFGS:  670 04:19:04     -444.751827        0.066264
BFGS:  671 04:19:04     -444.761873        0.061753
BFGS:  672 04:19:04     -444.774445        0.066970
BFGS:  673 04:19:04     -444.784544        0.064784
BFGS:  674 04:19:05     -444.792915        0.061135
BFGS:  675 04:19:05     -444.798264        0.057081
BFGS:  676 04:19:05     -444.803316        0.052062
BFGS:  677 04:19:05     -444.808484        0.042628
BFGS:  678 04:19:06     -444.813358        0.043586
BFGS:  679 04:19:06     -444.817802        0.051015
BFGS:  680 04:19:06     -444.821982        0.057952
BFGS:  681 04:19:06     -444.824292        0.055961
BFGS:  682 04:19:07     -444.827138        0.041594
BFGS:  683 04:19:07     -444.829261        0.042932
BFGS:  684 04:19:07     -444.831751        0.041932
BFGS:  685 04:19:07     -444.833716        0.041365
BFGS:  686 04:19:08     -444.835233        0.040042
BFGS:  687 04:19:08     -444.836457        0.039839
BFGS:  688 04:19:08     -444.837807        0.040009
BFGS:  689 04:19:08     -444.839273        0.040888
BFGS:  690 04:19:09     -444.840575        0.041930
BFGS:  691 04:19:09     -444.841723        0.042398
BFGS:  692 04:19:09     -444.842751        0.042536
BFGS:  693 04:19:09     -444.843823        0.041896
BFGS:  694 04:19:10     -444.845084        0.041047
BFGS:  695 04:19:10     -444.846538        0.040121
BFGS:  696 04:19:10     -444.847970        0.039556
BFGS:  697 04:19:10     -444.849158        0.039885
BFGS:  698 04:19:11     -444.850115        0.040350
BFGS:  699 04:19:11     -444.851065        0.041171
BFGS:  700 04:19:11     -444.852217        0.041542
BFGS:  701 04:19:11     -444.853460        0.041656
BFGS:  702 04:19:12     -444.854537        0.040964
BFGS:  703 04:19:12     -444.855350        0.040265
BFGS:  704 04:19:12     -444.856052        0.039572
BFGS:  705 04:19:12     -444.856795        0.039135
BFGS:  706 04:19:13     -444.857576        0.039019
BFGS:  707 04:19:13     -444.858343        0.039159
BFGS:  708 04:19:13     -444.859065        0.039531
BFGS:  709 04:19:13     -444.859804        0.039682
BFGS:  710 04:19:13     -444.860663        0.039783
BFGS:  711 04:19:14     -444.861702        0.039386
BFGS:  712 04:19:14     -444.862932        0.038908
BFGS:  713 04:19:14     -444.864348        0.038055
BFGS:  714 04:19:14     -444.865923        0.037678
BFGS:  715 04:19:15     -444.867623        0.047547
BFGS:  716 04:19:15     -444.869483        0.055472
BFGS:  717 04:19:15     -444.871645        0.053061
BFGS:  718 04:19:15     -444.874347        0.038547
BFGS:  719 04:19:16     -444.877772        0.048771
BFGS:  720 04:19:16     -444.881736        0.071759
BFGS:  721 04:19:16     -444.885720        0.086190
BFGS:  722 04:19:16     -444.889508        0.081207
BFGS:  723 04:19:17     -444.893539        0.061498
BFGS:  724 04:19:17     -444.898507        0.051343
BFGS:  725 04:19:17     -444.904194        0.055115
BFGS:  726 04:19:17     -444.910539        0.073401
BFGS:  727 04:19:18     -444.916623        0.097057
BFGS:  728 04:19:18     -444.922987        0.103798
BFGS:  729 04:19:18     -444.928512        0.091949
BFGS:  730 04:19:18     -444.934810        0.082040
BFGS:  731 04:19:19     -444.940784        0.084933
BFGS:  732 04:19:19     -444.946975        0.082127
BFGS:  733 04:19:19     -444.952769        0.076788
BFGS:  734 04:19:19     -444.958097        0.068912
BFGS:  735 04:19:20     -444.962749        0.060190
BFGS:  736 04:19:20     -444.966805        0.054907
BFGS:  737 04:19:20     -444.970440        0.060304
BFGS:  738 04:19:20     -444.973888        0.064880
BFGS:  739 04:19:21     -444.977179        0.069133
BFGS:  740 04:19:21     -444.980236        0.073412
BFGS:  741 04:19:21     -444.983217        0.074865
BFGS:  742 04:19:21     -444.986586        0.071834
BFGS:  743 04:19:22     -444.990648        0.072790
BFGS:  744 04:19:22     -444.995345        0.071445
BFGS:  745 04:19:22     -445.000347        0.066795
BFGS:  746 04:19:22     -445.005300        0.057613
BFGS:  747 04:19:23     -445.009935        0.061951
BFGS:  748 04:19:23     -445.014420        0.065149
BFGS:  749 04:19:23     -445.018274        0.063176
BFGS:  750 04:19:23     -445.023055        0.058360
BFGS:  751 04:19:24     -445.027085        0.052726
BFGS:  752 04:19:24     -445.030229        0.053366
BFGS:  753 04:19:24     -445.033072        0.050782
BFGS:  754 04:19:24     -445.036270        0.052596
BFGS:  755 04:19:25     -445.038148        0.051252
BFGS:  756 04:19:25     -445.039884        0.046888
BFGS:  757 04:19:25     -445.041414        0.043229
BFGS:  758 04:19:25     -445.042953        0.038154
BFGS:  759 04:19:26     -445.044381        0.034140
BFGS:  760 04:19:26     -445.045794        0.035039
BFGS:  761 04:19:26     -445.047157        0.035960
BFGS:  762 04:19:26     -445.048522        0.037937
BFGS:  763 04:19:27     -445.050087        0.040301
BFGS:  764 04:19:27     -445.051946        0.042777
BFGS:  765 04:19:27     -445.054176        0.045448
BFGS:  766 04:19:27     -445.056888        0.047694
BFGS:  767 04:19:28     -445.060273        0.050125
BFGS:  768 04:19:28     -445.063065        0.054549
BFGS:  769 04:19:28     -445.068146        0.058218
BFGS:  770 04:19:28     -445.077739        0.057364
BFGS:  771 04:19:29     -445.082829        0.055426
BFGS:  772 04:19:29     -445.097064        0.056595
BFGS:  773 04:19:29     -445.110603        0.060982
BFGS:  774 04:19:29     -445.122202        0.065310
BFGS:  775 04:19:30     -445.131842        0.067746
BFGS:  776 04:19:30     -445.140064        0.068241
BFGS:  777 04:19:30     -445.147510        0.067478
BFGS:  778 04:19:30     -445.154391        0.066119
BFGS:  779 04:19:31     -445.161123        0.065041
BFGS:  780 04:19:31     -445.184916        0.063980
BFGS:  781 04:19:31     -445.188999        0.081652
BFGS:  782 04:19:31     -445.204818        0.066227
BFGS:  783 04:19:32     -445.216705        0.065650
BFGS:  784 04:19:32     -445.226367        0.065295
BFGS:  785 04:19:32     -445.235111        0.064899
BFGS:  786 04:19:32     -445.243133        0.064645
BFGS:  787 04:19:32     -445.250425        0.064304
BFGS:  788 04:19:33     -445.257143        0.064126
BFGS:  789 04:19:33     -445.263197        0.063822
BFGS:  790 04:19:33     -445.268836        0.063685
BFGS:  791 04:19:33     -445.273934        0.063451
BFGS:  792 04:19:34     -445.278758        0.063300
BFGS:  793 04:19:34     -445.283220        0.063167
BFGS:  794 04:19:34     -445.287529        0.063007
BFGS:  795 04:19:34     -445.291649        0.062978
BFGS:  796 04:19:35     -445.295719        0.063005
BFGS:  797 04:19:35     -445.299732        0.062984
BFGS:  798 04:19:35     -445.303770        0.063035
BFGS:  799 04:19:35     -445.307825        0.062936
BFGS:  800 04:19:36     -445.311929        0.063053
BFGS:  801 04:19:36     -445.316064        0.063033
BFGS:  802 04:19:36     -445.320211        0.063287
BFGS:  803 04:19:36     -445.324348        0.063423
BFGS:  804 04:19:37     -445.328402        0.063813
BFGS:  805 04:19:37     -445.332349        0.064000
BFGS:  806 04:19:37     -445.336095        0.064443
BFGS:  807 04:19:37     -445.339662        0.064585
BFGS:  808 04:19:38     -445.342987        0.065052
BFGS:  809 04:19:38     -445.346217        0.064960
BFGS:  810 04:19:38     -445.349015        0.065549
BFGS:  811 04:19:38     -445.351856        0.065113
BFGS:  812 04:19:39     -445.354674        0.065572
BFGS:  813 04:19:39     -445.357932        0.065507
BFGS:  814 04:19:39     -445.361374        0.065631
BFGS:  815 04:19:39     -445.364951        0.065730
BFGS:  816 04:19:40     -445.368516        0.065726
BFGS:  817 04:19:40     -445.371946        0.065815
BFGS:  818 04:19:40     -445.375226        0.065728
BFGS:  819 04:19:40     -445.378247        0.065720
BFGS:  820 04:19:41     -445.381019        0.065563
BFGS:  821 04:19:41     -445.383483        0.065428
BFGS:  822 04:19:41     -445.385659        0.065190
BFGS:  823 04:19:41     -445.387584        0.064936
BFGS:  824 04:19:42     -445.389336        0.064621
BFGS:  825 04:19:42     -445.391041        0.064268
BFGS:  826 04:19:42     -445.392761        0.063932
BFGS:  827 04:19:42     -445.394685        0.063564
BFGS:  828 04:19:43     -445.397200        0.063283
BFGS:  829 04:19:43     -445.401136        0.062873
BFGS:  830 04:19:43     -445.406386        0.062800
BFGS:  831 04:19:43     -445.412649        0.074157
BFGS:  832 04:19:44     -445.416670        0.069426
BFGS:  833 04:19:44     -445.420515        0.063136
BFGS:  834 04:19:44     -445.424461        0.062852
BFGS:  835 04:19:44     -445.428614        0.062755
BFGS:  836 04:19:44     -445.433023        0.062538
BFGS:  837 04:19:45     -445.437950        0.062179
BFGS:  838 04:19:45     -445.443528        0.061571
BFGS:  839 04:19:45     -445.450194        0.070964
BFGS:  840 04:19:45     -445.457357        0.078925
BFGS:  841 04:19:46     -445.462952        0.081538
BFGS:  842 04:19:46     -445.468153        0.080541
BFGS:  843 04:19:46     -445.473560        0.078682
BFGS:  844 04:19:46     -445.479846        0.074991
BFGS:  845 04:19:47     -445.487482        0.071028
BFGS:  846 04:19:47     -445.496750        0.072722
BFGS:  847 04:19:47     -445.508521        0.091140
BFGS:  848 04:19:47     -445.521541        0.102136
BFGS:  849 04:19:48     -445.531081        0.110794
BFGS:  850 04:19:48     -445.540253        0.115809
BFGS:  851 04:19:48     -445.549254        0.120294
BFGS:  852 04:19:48     -445.558491        0.125567
BFGS:  853 04:19:49     -445.567789        0.129247
BFGS:  854 04:19:49     -445.577484        0.131793
BFGS:  855 04:19:49     -445.587280        0.132859
BFGS:  856 04:19:49     -445.597529        0.132849
BFGS:  857 04:19:50     -445.607825        0.131388
BFGS:  858 04:19:50     -445.618551        0.128864
BFGS:  859 04:19:50     -445.629232        0.125035
BFGS:  860 04:19:50     -445.640314        0.120204
BFGS:  861 04:19:51     -445.651298        0.114247
BFGS:  862 04:19:51     -445.662698        0.107314
BFGS:  863 04:19:51     -445.673992        0.099358
BFGS:  864 04:19:51     -445.685759        0.096222
BFGS:  865 04:19:52     -445.697386        0.104957
BFGS:  866 04:19:52     -445.709479        0.111856
BFGS:  867 04:19:52     -445.721257        0.117554
BFGS:  868 04:19:52     -445.733417        0.120604
BFGS:  869 04:19:53     -445.745096        0.122089
BFGS:  870 04:19:53     -445.757071        0.120198
BFGS:  871 04:19:53     -445.768531        0.116485
BFGS:  872 04:19:53     -445.780003        0.110880
BFGS:  873 04:19:54     -445.791357        0.114689
BFGS:  874 04:19:54     -445.802122        0.116718
BFGS:  875 04:19:54     -445.813113        0.114194
BFGS:  876 04:19:54     -445.824063        0.108899
BFGS:  877 04:19:55     -445.835904        0.100132
BFGS:  878 04:19:55     -445.848781        0.102414
BFGS:  879 04:19:55     -445.864042        0.113213
BFGS:  880 04:19:55     -445.882856        0.139793
BFGS:  881 04:19:55     -445.897663        0.142618
BFGS:  882 04:19:56     -445.910807        0.132650
BFGS:  883 04:19:56     -445.923653        0.111880
BFGS:  884 04:19:56     -445.936329        0.093083
BFGS:  885 04:19:56     -445.947828        0.091244
BFGS:  886 04:19:57     -445.956701        0.085250
BFGS:  887 04:19:57     -445.964457        0.077613
BFGS:  888 04:19:57     -445.971736        0.076606
BFGS:  889 04:19:57     -445.978679        0.077466
BFGS:  890 04:19:58     -445.985579        0.077525
BFGS:  891 04:19:58     -445.992388        0.082696
BFGS:  892 04:19:58     -445.999315        0.088835
BFGS:  893 04:19:58     -446.006364        0.092189
BFGS:  894 04:19:59     -446.013752        0.093194
BFGS:  895 04:19:59     -446.021572        0.090547
BFGS:  896 04:19:59     -446.030191        0.084469
BFGS:  897 04:19:59     -446.039971        0.075629
BFGS:  898 04:20:00     -446.051887        0.073690
BFGS:  899 04:20:00     -446.065541        0.083831
BFGS:  900 04:20:00     -446.077018        0.090253
BFGS:  901 04:20:00     -446.087980        0.085846
BFGS:  902 04:20:01     -446.097131        0.074934
BFGS:  903 04:20:01     -446.104267        0.067163
BFGS:  904 04:20:01     -446.111561        0.057216
BFGS:  905 04:20:01     -446.117905        0.060695
BFGS:  906 04:20:02     -446.123333        0.065957
BFGS:  907 04:20:02     -446.128422        0.066054
BFGS:  908 04:20:02     -446.133319        0.061995
BFGS:  909 04:20:02     -446.138074        0.053921
BFGS:  910 04:20:03     -446.143080        0.050384
BFGS:  911 04:20:03     -446.148743        0.047952
BFGS:  912 04:20:03     -446.154192        0.056858
BFGS:  913 04:20:03     -446.160893        0.059010
BFGS:  914 04:20:04     -446.165493        0.053685
BFGS:  915 04:20:04     -446.169195        0.048977
BFGS:  916 04:20:04     -446.171784        0.044352
BFGS:  917 04:20:04     -446.176091        0.038115
BFGS:  918 04:20:05     -446.179388        0.044341
BFGS:  919 04:20:05     -446.182153        0.052159
BFGS:  920 04:20:05     -446.184762        0.053112
BFGS:  921 04:20:05     -446.186842        0.044990
BFGS:  922 04:20:06     -446.189291        0.036478
BFGS:  923 04:20:06     -446.191375        0.035325
BFGS:  924 04:20:06     -446.193134        0.036434
BFGS:  925 04:20:06     -446.195022        0.037673
BFGS:  926 04:20:06     -446.197345        0.035991
BFGS:  927 04:20:07     -446.199612        0.039472
BFGS:  928 04:20:07     -446.201530        0.039245
BFGS:  929 04:20:07     -446.203283        0.033236
BFGS:  930 04:20:07     -446.205128        0.036360
BFGS:  931 04:20:08     -446.206985        0.040919
BFGS:  932 04:20:08     -446.208624        0.041230
BFGS:  933 04:20:08     -446.210069        0.040674
BFGS:  934 04:20:08     -446.211556        0.042130
BFGS:  935 04:20:09     -446.213122        0.040794
BFGS:  936 04:20:09     -446.214585        0.035371
BFGS:  937 04:20:09     -446.215824        0.034383
BFGS:  938 04:20:09     -446.216903        0.035239
BFGS:  939 04:20:10     -446.217911        0.035366
BFGS:  940 04:20:10     -446.218869        0.036322
BFGS:  941 04:20:10     -446.219800        0.034902
BFGS:  942 04:20:10     -446.220733        0.032964
BFGS:  943 04:20:11     -446.221612        0.029726
BFGS:  944 04:20:11     -446.222364        0.030113
BFGS:  945 04:20:11     -446.223017        0.030222
BFGS:  946 04:20:11     -446.223651        0.029660
BFGS:  947 04:20:12     -446.224276        0.028390
BFGS:  948 04:20:12     -446.224843        0.026393
BFGS:  949 04:20:12     -446.225351        0.027837
BFGS:  950 04:20:12     -446.225864        0.029280
BFGS:  951 04:20:13     -446.226411        0.030633
BFGS:  952 04:20:13     -446.226937        0.031088
BFGS:  953 04:20:13     -446.227377        0.030765
BFGS:  954 04:20:13     -446.227749        0.029686
BFGS:  955 04:20:14     -446.228110        0.028604
BFGS:  956 04:20:14     -446.228480        0.027862
BFGS:  957 04:20:14     -446.228832        0.027773
BFGS:  958 04:20:14     -446.229144        0.028095
BFGS:  959 04:20:15     -446.229421        0.028286
BFGS:  960 04:20:15     -446.229681        0.028109
BFGS:  961 04:20:15     -446.229934        0.027344
BFGS:  962 04:20:15     -446.230178        0.026285
BFGS:  963 04:20:16     -446.230402        0.025573
BFGS:  964 04:20:16     -446.230600        0.025001
BFGS:  965 04:20:16     -446.230774        0.024671
BFGS:  966 04:20:16     -446.230939        0.024348
BFGS:  967 04:20:16     -446.231100        0.025005
BFGS:  968 04:20:17     -446.231251        0.025427
BFGS:  969 04:20:17     -446.231382        0.025768
BFGS:  970 04:20:17     -446.231489        0.025915
BFGS:  971 04:20:17     -446.231580        0.026118
BFGS:  972 04:20:18     -446.231665        0.026215
BFGS:  973 04:20:18     -446.231750        0.026334
BFGS:  974 04:20:18     -446.231837        0.026314
BFGS:  975 04:20:18     -446.231923        0.026159
BFGS:  976 04:20:19     -446.232005        0.025795
BFGS:  977 04:20:19     -446.232085        0.025374
BFGS:  978 04:20:19     -446.232168        0.025271
BFGS:  979 04:20:19     -446.232257        0.025438
BFGS:  980 04:20:20     -446.232350        0.025477
BFGS:  981 04:20:20     -446.232443        0.025286
BFGS:  982 04:20:20     -446.232539        0.025077
BFGS:  983 04:20:20     -446.232641        0.024807
BFGS:  984 04:20:21     -446.232749        0.024877
BFGS:  985 04:20:21     -446.232857        0.024746
BFGS:  986 04:20:21     -446.232965        0.024378
BFGS:  987 04:20:21     -446.233077        0.023678
BFGS:  988 04:20:22     -446.233188        0.022880
BFGS:  989 04:20:22     -446.233291        0.023183
BFGS:  990 04:20:22     -446.233380        0.023934
BFGS:  991 04:20:22     -446.233463        0.024458
BFGS:  992 04:20:23     -446.233549        0.024839
BFGS:  993 04:20:23     -446.233638        0.024945
BFGS:  994 04:20:23     -446.233727        0.024798
BFGS:  995 04:20:23     -446.233813        0.024419
BFGS:  996 04:20:24     -446.233894        0.023971
BFGS:  997 04:20:24     -446.233975        0.023602
BFGS:  998 04:20:24     -446.234057        0.023406
BFGS:  999 04:20:24     -446.234140        0.023452
BFGS:  1000 04:20:25     -446.234218        0.023638
