      Step     Time          Energy          fmax
BFGS:    0 21:38:19     -200.484080        0.952624
BFGS:    1 21:38:19     -200.947506        0.893423
BFGS:    2 21:38:19     -203.720341        0.463686
BFGS:    3 21:38:19     -203.815291        0.304757
BFGS:    4 21:38:19     -203.849387        0.277727
BFGS:    5 21:38:19     -204.161468        0.082477
BFGS:    6 21:38:19     -204.180295        0.073475
BFGS:    7 21:38:20     -204.184822        0.075361
BFGS:    8 21:38:20     -204.198012        0.084489
BFGS:    9 21:38:20     -204.227427        0.105425
BFGS:   10 21:38:20     -204.289797        0.137598
BFGS:   11 21:38:20     -204.375220        0.157630
BFGS:   12 21:38:20     -204.431024        0.146870
BFGS:   13 21:38:20     -204.461988        0.124651
BFGS:   14 21:38:20     -204.474350        0.113973
BFGS:   15 21:38:21     -204.487605        0.110671
BFGS:   16 21:38:21     -204.533235        0.115833
BFGS:   17 21:38:21     -204.609940        0.134137
BFGS:   18 21:38:21     -204.698599        0.134941
BFGS:   19 21:38:21     -204.759534        0.087654
BFGS:   20 21:38:21     -204.784294        0.082080
BFGS:   21 21:38:21     -204.786339        0.084569
BFGS:   22 21:38:21     -204.787961        0.085365
BFGS:   23 21:38:22     -204.794054        0.087678
BFGS:   24 21:38:22     -204.805605        0.089790
BFGS:   25 21:38:22     -204.825435        0.090987
BFGS:   26 21:38:22     -204.844250        0.088214
BFGS:   27 21:38:22     -204.854201        0.083029
BFGS:   28 21:38:22     -204.857950        0.080005
BFGS:   29 21:38:22     -204.861894        0.079803
BFGS:   30 21:38:22     -204.871865        0.077956
BFGS:   31 21:38:23     -204.889084        0.072397
BFGS:   32 21:38:23     -204.908952        0.061122
BFGS:   33 21:38:23     -204.919372        0.050889
BFGS:   34 21:38:23     -204.922233        0.052712
BFGS:   35 21:38:23     -204.922893        0.054533
BFGS:   36 21:38:23     -204.923876        0.055929
BFGS:   37 21:38:23     -204.926594        0.057703
BFGS:   38 21:38:23     -204.932389        0.058077
BFGS:   39 21:38:24     -204.943018        0.054325
BFGS:   40 21:38:24     -204.954916        0.049540
BFGS:   41 21:38:24     -204.961361        0.042174
BFGS:   42 21:38:24     -204.963414        0.043555
BFGS:   43 21:38:24     -204.964592        0.042300
BFGS:   44 21:38:24     -204.967215        0.038816
BFGS:   45 21:38:24     -204.972679        0.032098
BFGS:   46 21:38:24     -204.982099        0.043401
BFGS:   47 21:38:25     -204.991978        0.043639
BFGS:   48 21:38:25     -204.997018        0.035175
BFGS:   49 21:38:25     -204.998072        0.036471
BFGS:   50 21:38:25     -204.998400        0.036557
BFGS:   51 21:38:25     -204.999051        0.036510
BFGS:   52 21:38:25     -205.000250        0.036354
BFGS:   53 21:38:25     -205.002037        0.036040
BFGS:   54 21:38:25     -205.003801        0.049683
BFGS:   55 21:38:26     -205.005160        0.056375
BFGS:   56 21:38:26     -205.006550        0.054225
BFGS:   57 21:38:26     -205.009054        0.043938
BFGS:   58 21:38:26     -205.013178        0.034665
BFGS:   59 21:38:26     -205.017577        0.031542
BFGS:   60 21:38:26     -205.019926        0.030179
BFGS:   61 21:38:26     -205.020689        0.029809
BFGS:   62 21:38:26     -205.021175        0.029691
BFGS:   63 21:38:27     -205.022230        0.029275
BFGS:   64 21:38:27     -205.024341        0.028153
BFGS:   65 21:38:27     -205.027596        0.027473
BFGS:   66 21:38:27     -205.030293        0.025753
BFGS:   67 21:38:27     -205.031292        0.026756
BFGS:   68 21:38:27     -205.031577        0.027243
BFGS:   69 21:38:27     -205.031840        0.027618
BFGS:   70 21:38:28     -205.032511        0.028370
BFGS:   71 21:38:28     -205.033901        0.029658
BFGS:   72 21:38:28     -205.036382        0.032913
BFGS:   73 21:38:28     -205.039311        0.045974
BFGS:   74 21:38:28     -205.041324        0.049517
BFGS:   75 21:38:28     -205.042306        0.044692
BFGS:   76 21:38:28     -205.043191        0.035525
BFGS:   77 21:38:28     -205.044445        0.032621
BFGS:   78 21:38:29     -205.045637        0.033095
BFGS:   79 21:38:29     -205.046275        0.033929
BFGS:   80 21:38:29     -205.046521        0.034513
BFGS:   81 21:38:29     -205.046736        0.034896
BFGS:   82 21:38:29     -205.047231        0.035344
BFGS:   83 21:38:29     -205.048390        0.035701
BFGS:   84 21:38:29     -205.050983        0.035425
BFGS:   85 21:38:29     -205.055722        0.046533
BFGS:   86 21:38:33     -205.061589        0.053756
BFGS:   87 21:38:33     -205.066662        0.048418
BFGS:   88 21:38:33     -205.069204        0.050371
BFGS:   89 21:38:33     -205.071675        0.050507
BFGS:   90 21:38:33     -205.075225        0.042509
BFGS:   91 21:38:34     -205.079481        0.040434
BFGS:   92 21:38:34     -205.082454        0.051242
BFGS:   93 21:38:34     -205.083779        0.049491
BFGS:   94 21:38:34     -205.084577        0.043459
BFGS:   95 21:38:34     -205.085868        0.033341
BFGS:   96 21:38:34     -205.087917        0.023650
BFGS:   97 21:38:34     -205.089995        0.025727
BFGS:   98 21:38:35     -205.091098        0.026827
BFGS:   99 21:38:35     -205.091576        0.023748
BFGS:  100 21:38:35     -205.092140        0.021040
BFGS:  101 21:38:35     -205.093506        0.022931
BFGS:  102 21:38:35     -205.096629        0.036191
BFGS:  103 21:38:35     -205.102923        0.055975
BFGS:  104 21:38:35     -205.109632        0.060637
BFGS:  105 21:38:35     -205.115942        0.049211
BFGS:  106 21:38:36     -205.120183        0.021402
BFGS:  107 21:38:36     -205.120496        0.020753
BFGS:  108 21:38:36     -205.120609        0.020348
BFGS:  109 21:38:36     -205.120721        0.019887
BFGS:  110 21:38:36     -205.120956        0.019314
BFGS:  111 21:38:36     -205.121329        0.018725
BFGS:  112 21:38:36     -205.121747        0.018911
BFGS:  113 21:38:36     -205.121983        0.019401
BFGS:  114 21:38:37     -205.122083        0.020145
BFGS:  115 21:38:37     -205.122172        0.020475
BFGS:  116 21:38:37     -205.122392        0.021010
BFGS:  117 21:38:37     -205.122962        0.021598
BFGS:  118 21:38:37     -205.124252        0.021975
BFGS:  119 21:38:37     -205.126739        0.022854
BFGS:  120 21:38:37     -205.129787        0.026164
BFGS:  121 21:38:37     -205.131767        0.022275
BFGS:  122 21:38:38     -205.132861        0.020224
BFGS:  123 21:38:38     -205.133307        0.018755
BFGS:  124 21:38:38     -205.133975        0.017722
BFGS:  125 21:38:38     -205.135379        0.016268
BFGS:  126 21:38:38     -205.137885        0.020213
BFGS:  127 21:38:38     -205.140624        0.034668
BFGS:  128 21:38:38     -205.141888        0.037818
BFGS:  129 21:38:38     -205.142415        0.032241
BFGS:  130 21:38:39     -205.142679        0.024027
BFGS:  131 21:38:39     -205.142936        0.013283
BFGS:  132 21:38:39     -205.143197        0.009792
BFGS:  133 21:38:39     -205.143349        0.011607
BFGS:  134 21:38:39     -205.143417        0.012069
BFGS:  135 21:38:39     -205.143478        0.010744
BFGS:  136 21:38:39     -205.143590        0.009723
BFGS:  137 21:38:39     -205.143730        0.009752
BFGS:  138 21:38:40     -205.143829        0.009722
BFGS:  139 21:38:40     -205.143861        0.009617
BFGS:  140 21:38:40     -205.143872        0.009575
BFGS:  141 21:38:40     -205.143885        0.009506
BFGS:  142 21:38:40     -205.143917        0.009383
BFGS:  143 21:38:40     -205.143977        0.009171
BFGS:  144 21:38:40     -205.144063        0.010049
BFGS:  145 21:38:41     -205.144143        0.012515
BFGS:  146 21:38:41     -205.144200        0.012342
BFGS:  147 21:38:41     -205.144254        0.011211
BFGS:  148 21:38:41     -205.144329        0.008576
BFGS:  149 21:38:41     -205.144425        0.008321
BFGS:  150 21:38:41     -205.144507        0.009913
BFGS:  151 21:38:41     -205.144564        0.011797
BFGS:  152 21:38:41     -205.144626        0.011953
BFGS:  153 21:38:42     -205.144747        0.011165
BFGS:  154 21:38:42     -205.144997        0.010296
BFGS:  155 21:38:42     -205.145421        0.012792
BFGS:  156 21:38:42     -205.145881        0.016603
BFGS:  157 21:38:42     -205.146145        0.017701
BFGS:  158 21:38:42     -205.146243        0.016696
BFGS:  159 21:38:42     -205.146307        0.013891
BFGS:  160 21:38:42     -205.146392        0.008285
BFGS:  161 21:38:43     -205.146471        0.004326
BFGS:  162 21:38:43     -205.146508        0.004442
BFGS:  163 21:38:43     -205.146519        0.004531
BFGS:  164 21:38:43     -205.146526        0.004583
BFGS:  165 21:38:43     -205.146543        0.004642
BFGS:  166 21:38:43     -205.146574        0.004686
BFGS:  167 21:38:43     -205.146619        0.006109
BFGS:  168 21:38:43     -205.146659        0.006895
BFGS:  169 21:38:44     -205.146681        0.006035
BFGS:  170 21:38:44     -205.146690        0.004482
BFGS:  171 21:38:44     -205.146694        0.004304
BFGS:  172 21:38:44     -205.146701        0.004315
BFGS:  173 21:38:44     -205.146707        0.004329
BFGS:  174 21:38:44     -205.146711        0.004319
BFGS:  175 21:38:44     -205.146713        0.004289
BFGS:  176 21:38:44     -205.146716        0.004241
BFGS:  177 21:38:45     -205.146720        0.004157
BFGS:  178 21:38:45     -205.146729        0.003994
BFGS:  179 21:38:45     -205.146748        0.003696
BFGS:  180 21:38:45     -205.146779        0.005163
BFGS:  181 21:38:45     -205.146813        0.006523
BFGS:  182 21:38:45     -205.146836        0.006466
BFGS:  183 21:38:45     -205.146849        0.005524
BFGS:  184 21:38:45     -205.146862        0.003787
BFGS:  185 21:38:46     -205.146877        0.002652
BFGS:  186 21:38:46     -205.146888        0.002712
BFGS:  187 21:38:46     -205.146894        0.002728
BFGS:  188 21:38:46     -205.146897        0.002727
BFGS:  189 21:38:46     -205.146902        0.002749
BFGS:  190 21:38:46     -205.146913        0.002853
BFGS:  191 21:38:46     -205.146934        0.003132
BFGS:  192 21:38:46     -205.146960        0.004567
BFGS:  193 21:38:47     -205.146980        0.004861
BFGS:  194 21:38:47     -205.146991        0.004727
BFGS:  195 21:38:47     -205.147000        0.004581
BFGS:  196 21:38:47     -205.147016        0.004586
BFGS:  197 21:38:47     -205.147037        0.004864
BFGS:  198 21:38:47     -205.147054        0.005116
BFGS:  199 21:38:47     -205.147062        0.005221
BFGS:  200 21:38:47     -205.147066        0.005249
BFGS:  201 21:38:48     -205.147073        0.005290
BFGS:  202 21:38:48     -205.147086        0.005401
BFGS:  203 21:38:48     -205.147109        0.005641
BFGS:  204 21:38:48     -205.147135        0.006357
BFGS:  205 21:38:48     -205.147153        0.006731
BFGS:  206 21:38:48     -205.147165        0.006377
BFGS:  207 21:38:48     -205.147181        0.006527
BFGS:  208 21:38:48     -205.147214        0.006816
BFGS:  209 21:38:49     -205.147271        0.007345
BFGS:  210 21:38:49     -205.147341        0.009933
BFGS:  211 21:38:49     -205.147394        0.010943
BFGS:  212 21:38:49     -205.147430        0.010383
BFGS:  213 21:38:49     -205.147471        0.009001
BFGS:  214 21:38:49     -205.147551        0.009439
BFGS:  215 21:38:49     -205.147689        0.010372
BFGS:  216 21:38:49     -205.147861        0.013406
BFGS:  217 21:38:50     -205.148001        0.014694
BFGS:  218 21:38:50     -205.148104        0.013724
BFGS:  219 21:38:50     -205.148227        0.014579
BFGS:  220 21:38:50     -205.148501        0.016468
BFGS:  221 21:38:50     -205.148968        0.024511
BFGS:  222 21:38:50     -205.149776        0.036812
BFGS:  223 21:38:50     -205.150691        0.050622
BFGS:  224 21:38:50     -205.152304        0.064847
BFGS:  225 21:38:51     -205.153460        0.062540
BFGS:  226 21:38:51     -205.154831        0.053709
BFGS:  227 21:38:51     -205.156607        0.038559
BFGS:  228 21:38:51     -205.158786        0.041276
BFGS:  229 21:38:51     -205.161181        0.049519
BFGS:  230 21:38:51     -205.163105        0.054902
BFGS:  231 21:38:51     -205.164616        0.057608
BFGS:  232 21:38:52     -205.165824        0.057853
BFGS:  233 21:38:52     -205.167080        0.054821
BFGS:  234 21:38:52     -205.168684        0.042810
BFGS:  235 21:38:52     -205.169975        0.033517
BFGS:  236 21:38:52     -205.171446        0.026202
BFGS:  237 21:38:52     -205.172428        0.023560
BFGS:  238 21:38:52     -205.173333        0.021476
BFGS:  239 21:38:52     -205.174107        0.024897
BFGS:  240 21:38:53     -205.174638        0.029942
BFGS:  241 21:38:53     -205.175236        0.027295
BFGS:  242 21:38:53     -205.175837        0.021975
BFGS:  243 21:38:53     -205.176363        0.016768
BFGS:  244 21:38:53     -205.176774        0.015311
BFGS:  245 21:38:53     -205.178075        0.015657
BFGS:  246 21:38:53     -205.178988        0.020021
BFGS:  247 21:38:53     -205.180078        0.027052
BFGS:  248 21:38:54     -205.180708        0.033911
BFGS:  249 21:38:54     -205.181298        0.034905
BFGS:  250 21:38:54     -205.181987        0.029414
BFGS:  251 21:38:54     -205.182752        0.021191
BFGS:  252 21:38:54     -205.183323        0.023092
BFGS:  253 21:38:54     -205.183611        0.023506
BFGS:  254 21:38:54     -205.183759        0.021190
BFGS:  255 21:38:54     -205.183909        0.016836
BFGS:  256 21:38:55     -205.184102        0.009144
BFGS:  257 21:38:55     -205.184268        0.007711
BFGS:  258 21:38:58     -205.184352        0.009766
BFGS:  259 21:38:58     -205.184389        0.008881
BFGS:  260 21:38:58     -205.184422        0.006646
BFGS:  261 21:38:59     -205.184467        0.006583
BFGS:  262 21:38:59     -205.184509        0.006654
BFGS:  263 21:38:59     -205.184529        0.006503
BFGS:  264 21:38:59     -205.184537        0.006361
BFGS:  265 21:38:59     -205.184544        0.006259
BFGS:  266 21:38:59     -205.184560        0.006127
BFGS:  267 21:38:59     -205.184589        0.006182
BFGS:  268 21:39:00     -205.184630        0.006161
BFGS:  269 21:39:00     -205.184663        0.006012
BFGS:  270 21:39:00     -205.184680        0.006105
BFGS:  271 21:39:00     -205.184690        0.006190
BFGS:  272 21:39:00     -205.184706        0.006276
BFGS:  273 21:39:00     -205.184739        0.006350
BFGS:  274 21:39:00     -205.184789        0.007943
BFGS:  275 21:39:00     -205.184841        0.010119
BFGS:  276 21:39:01     -205.184878        0.009285
BFGS:  277 21:39:01     -205.184909        0.007530
BFGS:  278 21:39:01     -205.184963        0.009124
BFGS:  279 21:39:01     -205.185072        0.010266
BFGS:  280 21:39:01     -205.185258        0.011381
BFGS:  281 21:39:01     -205.185467        0.014474
BFGS:  282 21:39:01     -205.185597        0.011896
BFGS:  283 21:39:01     -205.185659        0.010227
BFGS:  284 21:39:02     -205.185721        0.010188
BFGS:  285 21:39:02     -205.185844        0.009819
BFGS:  286 21:39:02     -205.186056        0.018261
BFGS:  287 21:39:02     -205.186324        0.025421
BFGS:  288 21:39:02     -205.186539        0.024180
BFGS:  289 21:39:02     -205.186680        0.019180
BFGS:  290 21:39:02     -205.186832        0.019907
BFGS:  291 21:39:02     -205.187103        0.019118
BFGS:  292 21:39:03     -205.187512        0.017265
BFGS:  293 21:39:03     -205.187901        0.021416
BFGS:  294 21:39:03     -205.188116        0.016283
BFGS:  295 21:39:03     -205.188225        0.013608
BFGS:  296 21:39:03     -205.188356        0.013750
BFGS:  297 21:39:03     -205.188627        0.012134
BFGS:  298 21:39:03     -205.189064        0.019021
BFGS:  299 21:39:03     -205.189516        0.021846
BFGS:  300 21:39:04     -205.189757        0.020216
BFGS:  301 21:39:04     -205.189906        0.017433
BFGS:  302 21:39:04     -205.189990        0.013934
BFGS:  303 21:39:04     -205.190192        0.008144
BFGS:  304 21:39:04     -205.190367        0.007986
BFGS:  305 21:39:04     -205.190511        0.012496
BFGS:  306 21:39:04     -205.190579        0.014368
BFGS:  307 21:39:04     -205.190643        0.013680
BFGS:  308 21:39:05     -205.190733        0.010979
BFGS:  309 21:39:05     -205.190869        0.008388
BFGS:  310 21:39:05     -205.191055        0.006523
BFGS:  311 21:39:05     -205.191198        0.006289
BFGS:  312 21:39:05     -205.191258        0.006563
BFGS:  313 21:39:05     -205.191281        0.005870
BFGS:  314 21:39:05     -205.191315        0.005238
BFGS:  315 21:39:05     -205.191359        0.005659
BFGS:  316 21:39:06     -205.191412        0.005031
BFGS:  317 21:39:06     -205.191454        0.003729
BFGS:  318 21:39:06     -205.191481        0.004204
BFGS:  319 21:39:06     -205.191497        0.004142
BFGS:  320 21:39:06     -205.191511        0.003523
BFGS:  321 21:39:06     -205.191524        0.002232
BFGS:  322 21:39:06     -205.191530        0.002194
BFGS:  323 21:39:07     -205.191534        0.001996
BFGS:  324 21:39:10     -205.191539        0.001809
BFGS:  325 21:39:10     -205.191546        0.001791
BFGS:  326 21:39:10     -205.191553        0.002251
BFGS:  327 21:39:11     -205.191556        0.002417
BFGS:  328 21:39:11     -205.191557        0.002079
BFGS:  329 21:39:11     -205.191559        0.001520
BFGS:  330 21:39:11     -205.191561        0.001194
BFGS:  331 21:39:11     -205.191563        0.001065
BFGS:  332 21:39:11     -205.191565        0.001839
BFGS:  333 21:39:11     -205.191566        0.001864
BFGS:  334 21:39:12     -205.191567        0.001589
BFGS:  335 21:39:12     -205.191568        0.001381
BFGS:  336 21:39:12     -205.191570        0.001352
BFGS:  337 21:39:12     -205.191572        0.000933
