      Step     Time          Energy          fmax
BFGS:    0 00:46:07      -98.173865        0.771214
BFGS:    1 00:46:07      -98.325120        0.742528
BFGS:    2 00:46:07     -100.124435        0.536874
BFGS:    3 00:46:07     -100.630182        0.554385
BFGS:    4 00:46:07     -100.759107        0.535473
BFGS:    5 00:46:07     -100.835480        0.508251
BFGS:    6 00:46:07     -101.034503        0.414462
BFGS:    7 00:46:07     -101.239183        0.311859
BFGS:    8 00:46:07     -101.385763        0.241178
BFGS:    9 00:46:07     -101.402382        0.240888
BFGS:   10 00:46:07     -101.430316        0.260051
BFGS:   11 00:46:07     -101.474065        0.276451
BFGS:   12 00:46:08     -101.534999        0.280637
BFGS:   13 00:46:08     -101.580328        0.264816
BFGS:   14 00:46:08     -101.600770        0.243232
BFGS:   15 00:46:08     -101.612607        0.229692
BFGS:   16 00:46:08     -101.636990        0.208256
BFGS:   17 00:46:08     -101.682935        0.177130
BFGS:   18 00:46:08     -101.763545        0.205039
BFGS:   19 00:46:08     -101.837669        0.186019
BFGS:   20 00:46:08     -101.882892        0.149061
BFGS:   21 00:46:08     -101.896526        0.159481
BFGS:   22 00:46:08     -101.914488        0.174066
BFGS:   23 00:46:08     -101.933384        0.183593
BFGS:   24 00:46:08     -101.984572        0.197932
BFGS:   25 00:46:08     -102.055199        0.201336
BFGS:   26 00:46:09     -102.108870        0.187342
BFGS:   27 00:46:09     -102.141714        0.158929
BFGS:   28 00:46:09     -102.148544        0.147032
BFGS:   29 00:46:09     -102.157291        0.134291
BFGS:   30 00:46:09     -102.172084        0.120718
BFGS:   31 00:46:09     -102.211362        0.110112
BFGS:   32 00:46:09     -102.283493        0.140939
BFGS:   33 00:46:09     -102.355875        0.159533
BFGS:   34 00:46:09     -102.429722        0.155194
BFGS:   35 00:46:09     -102.497588        0.131954
BFGS:   36 00:46:09     -102.548544        0.107712
BFGS:   37 00:46:09     -102.577349        0.112531
BFGS:   38 00:46:09     -102.586538        0.122305
BFGS:   39 00:46:09     -102.592341        0.122995
BFGS:   40 00:46:09     -102.619546        0.125239
BFGS:   41 00:46:10     -102.658997        0.132108
BFGS:   42 00:46:10     -102.722289        0.146262
BFGS:   43 00:46:10     -102.782346        0.200076
BFGS:   44 00:46:10     -102.829052        0.212971
BFGS:   45 00:46:10     -102.848028        0.174244
BFGS:   46 00:46:10     -102.853417        0.141630
BFGS:   47 00:46:10     -102.861845        0.133197
BFGS:   48 00:46:10     -102.870113        0.133355
BFGS:   49 00:46:10     -102.876080        0.125137
BFGS:   50 00:46:10     -102.878741        0.118437
BFGS:   51 00:46:10     -102.881061        0.113533
BFGS:   52 00:46:10     -102.886211        0.107600
BFGS:   53 00:46:10     -102.895478        0.101251
BFGS:   54 00:46:10     -102.907377        0.096468
BFGS:   55 00:46:11     -102.915143        0.102682
BFGS:   56 00:46:11     -102.918493        0.105997
BFGS:   57 00:46:11     -102.921483        0.108555
BFGS:   58 00:46:11     -102.927982        0.109967
BFGS:   59 00:46:11     -102.942143        0.110302
BFGS:   60 00:46:11     -102.968471        0.104917
BFGS:   61 00:46:11     -102.994003        0.122960
BFGS:   62 00:46:11     -103.017099        0.141346
BFGS:   63 00:46:11     -103.033303        0.144640
BFGS:   64 00:46:11     -103.039034        0.134857
BFGS:   65 00:46:11     -103.042826        0.118552
BFGS:   66 00:46:11     -103.051317        0.076685
BFGS:   67 00:46:11     -103.059983        0.078142
BFGS:   68 00:46:11     -103.065398        0.073192
BFGS:   69 00:46:11     -103.067215        0.068701
BFGS:   70 00:46:12     -103.068342        0.065792
BFGS:   71 00:46:12     -103.070139        0.064093
BFGS:   72 00:46:12     -103.073917        0.061120
BFGS:   73 00:46:12     -103.080363        0.059762
BFGS:   74 00:46:12     -103.087725        0.063779
BFGS:   75 00:46:12     -103.091790        0.070106
BFGS:   76 00:46:12     -103.092871        0.073203
BFGS:   77 00:46:12     -103.093467        0.074339
BFGS:   78 00:46:12     -103.094650        0.075065
BFGS:   79 00:46:12     -103.096978        0.074921
BFGS:   80 00:46:12     -103.101019        0.072517
BFGS:   81 00:46:12     -103.105627        0.080757
BFGS:   82 00:46:13     -103.108970        0.090239
BFGS:   83 00:46:14     -103.111376        0.087817
BFGS:   84 00:46:14     -103.114569        0.079240
BFGS:   85 00:46:14     -103.120423        0.065919
BFGS:   86 00:46:14     -103.129986        0.059483
BFGS:   87 00:46:14     -103.139951        0.064512
BFGS:   88 00:46:14     -103.145537        0.067342
BFGS:   89 00:46:14     -103.147343        0.059634
BFGS:   90 00:46:14     -103.148735        0.050037
BFGS:   91 00:46:14     -103.151735        0.042319
BFGS:   92 00:46:14     -103.156479        0.039276
BFGS:   93 00:46:14     -103.161561        0.044767
BFGS:   94 00:46:14     -103.163906        0.036992
BFGS:   95 00:46:14     -103.164530        0.025662
BFGS:   96 00:46:14     -103.164939        0.026630
BFGS:   97 00:46:15     -103.165775        0.028304
BFGS:   98 00:46:15     -103.167234        0.028804
BFGS:   99 00:46:15     -103.168893        0.028406
BFGS:  100 00:46:15     -103.169793        0.017722
BFGS:  101 00:46:15     -103.170035        0.016854
BFGS:  102 00:46:15     -103.170139        0.016650
BFGS:  103 00:46:15     -103.170346        0.015968
BFGS:  104 00:46:15     -103.170750        0.016323
BFGS:  105 00:46:15     -103.171349        0.019707
BFGS:  106 00:46:15     -103.171825        0.014624
BFGS:  107 00:46:15     -103.171987        0.015897
BFGS:  108 00:46:18     -103.172013        0.016020
BFGS:  109 00:46:18     -103.172026        0.015957
BFGS:  110 00:46:18     -103.172064        0.015741
BFGS:  111 00:46:18     -103.172152        0.015293
BFGS:  112 00:46:19     -103.172372        0.014251
BFGS:  113 00:46:19     -103.172831        0.019533
BFGS:  114 00:46:19     -103.173568        0.021898
BFGS:  115 00:46:19     -103.174237        0.015366
BFGS:  116 00:46:19     -103.174504        0.007653
BFGS:  117 00:46:19     -103.174555        0.007426
BFGS:  118 00:46:19     -103.174578        0.007367
BFGS:  119 00:46:19     -103.174628        0.006865
BFGS:  120 00:46:19     -103.174725        0.005637
BFGS:  121 00:46:19     -103.174872        0.006139
BFGS:  122 00:46:19     -103.174991        0.004322
BFGS:  123 00:46:19     -103.175033        0.003767
BFGS:  124 00:46:19     -103.175041        0.003516
BFGS:  125 00:46:19     -103.175044        0.003293
BFGS:  126 00:46:19     -103.175054        0.002902
BFGS:  127 00:46:20     -103.175071        0.002905
BFGS:  128 00:46:20     -103.175096        0.002956
BFGS:  129 00:46:20     -103.175115        0.002971
BFGS:  130 00:46:20     -103.175121        0.002906
BFGS:  131 00:46:20     -103.175123        0.002863
BFGS:  132 00:46:20     -103.175124        0.002826
BFGS:  133 00:46:20     -103.175127        0.002755
BFGS:  134 00:46:20     -103.175134        0.002644
BFGS:  135 00:46:20     -103.175146        0.002495
BFGS:  136 00:46:20     -103.175157        0.002390
BFGS:  137 00:46:20     -103.175163        0.002393
BFGS:  138 00:46:20     -103.175165        0.002428
BFGS:  139 00:46:20     -103.175167        0.002449
BFGS:  140 00:46:20     -103.175172        0.002442
BFGS:  141 00:46:21     -103.175182        0.002331
BFGS:  142 00:46:21     -103.175200        0.002952
BFGS:  143 00:46:21     -103.175222        0.004055
BFGS:  144 00:46:21     -103.175234        0.004426
BFGS:  145 00:46:21     -103.175238        0.003913
BFGS:  146 00:46:21     -103.175239        0.003167
BFGS:  147 00:46:21     -103.175241        0.001858
BFGS:  148 00:46:21     -103.175244        0.001436
BFGS:  149 00:46:21     -103.175245        0.002650
BFGS:  150 00:46:21     -103.175246        0.002958
BFGS:  151 00:46:21     -103.175248        0.002742
BFGS:  152 00:46:21     -103.175250        0.002257
BFGS:  153 00:46:21     -103.175253        0.001392
BFGS:  154 00:46:21     -103.175256        0.000811
