      Step     Time          Energy          fmax
BFGS:    0 13:32:31      -93.430758        0.905753
BFGS:    1 13:32:31      -93.650847        0.917537
BFGS:    2 13:32:31      -96.981744        0.900784
BFGS:    3 13:32:31      -98.681991        0.550170
BFGS:    4 13:32:31      -98.711542        0.528350
BFGS:    5 13:32:31      -98.882910        0.466666
BFGS:    6 13:32:31      -99.185767        0.480653
BFGS:    7 13:32:31      -99.486110        0.381344
BFGS:    8 13:32:31      -99.824782        0.359608
BFGS:    9 13:32:31     -100.002166        0.393730
BFGS:   10 13:32:32     -100.043939        0.406730
BFGS:   11 13:32:32     -100.087605        0.409683
BFGS:   12 13:32:32     -100.187626        0.403848
BFGS:   13 13:32:32     -100.328682        0.411924
BFGS:   14 13:32:32     -100.507209        0.464165
BFGS:   15 13:32:32     -100.723394        0.495668
BFGS:   16 13:32:32     -100.967135        0.507687
BFGS:   17 13:32:32     -101.228147        0.500663
BFGS:   18 13:32:32     -101.494190        0.474430
BFGS:   19 13:32:32     -101.751120        0.427914
BFGS:   20 13:32:32     -101.982796        0.358748
BFGS:   21 13:32:32     -102.170255        0.263513
BFGS:   22 13:32:32     -102.291467        0.150193
BFGS:   23 13:32:32     -102.324948        0.119985
BFGS:   24 13:32:33     -102.327476        0.113513
BFGS:   25 13:32:33     -102.332821        0.102969
BFGS:   26 13:32:33     -102.336989        0.098087
BFGS:   27 13:32:33     -102.349849        0.087206
BFGS:   28 13:32:33     -102.367147        0.077299
BFGS:   29 13:32:33     -102.384519        0.073341
BFGS:   30 13:32:33     -102.391605        0.076957
BFGS:   31 13:32:33     -102.393427        0.080065
BFGS:   32 13:32:33     -102.394910        0.081923
BFGS:   33 13:32:33     -102.398618        0.083937
BFGS:   34 13:32:33     -102.406468        0.084006
BFGS:   35 13:32:33     -102.420628        0.078142
BFGS:   36 13:32:33     -102.436423        0.076639
BFGS:   37 13:32:33     -102.446217        0.055807
BFGS:   38 13:32:33     -102.448781        0.043394
BFGS:   39 13:32:34     -102.449522        0.044904
BFGS:   40 13:32:34     -102.451485        0.044611
BFGS:   41 13:32:34     -102.455104        0.040246
BFGS:   42 13:32:34     -102.460986        0.038454
BFGS:   43 13:32:34     -102.465949        0.042890
BFGS:   44 13:32:34     -102.467846        0.032624
BFGS:   45 13:32:34     -102.468379        0.032506
BFGS:   46 13:32:34     -102.468881        0.032614
BFGS:   47 13:32:34     -102.470219        0.032868
BFGS:   48 13:32:34     -102.473216        0.033094
BFGS:   49 13:32:34     -102.479239        0.046693
BFGS:   50 13:32:34     -102.487205        0.051513
BFGS:   51 13:32:34     -102.493251        0.034366
BFGS:   52 13:32:34     -102.495397        0.029642
BFGS:   53 13:32:35     -102.495621        0.026937
BFGS:   54 13:32:35     -102.495710        0.026020
BFGS:   55 13:32:35     -102.496019        0.024230
BFGS:   56 13:32:35     -102.496543        0.023184
BFGS:   57 13:32:35     -102.497412        0.026094
BFGS:   58 13:32:35     -102.498247        0.042676
BFGS:   59 13:32:35     -102.498845        0.049675
BFGS:   60 13:32:35     -102.499391        0.048556
BFGS:   61 13:32:35     -102.500278        0.041802
BFGS:   62 13:32:35     -102.501832        0.046676
BFGS:   63 13:32:35     -102.503914        0.049591
BFGS:   64 13:32:35     -102.505576        0.048167
BFGS:   65 13:32:35     -102.506341        0.044679
BFGS:   66 13:32:35     -102.506856        0.041740
BFGS:   67 13:32:36     -102.507972        0.037055
BFGS:   68 13:32:36     -102.510560        0.034812
BFGS:   69 13:32:36     -102.516483        0.044719
BFGS:   70 13:32:36     -102.525104        0.051966
BFGS:   71 13:32:36     -102.533068        0.050565
BFGS:   72 13:32:36     -102.539600        0.039489
BFGS:   73 13:32:36     -102.542718        0.038558
BFGS:   74 13:32:36     -102.543414        0.037944
BFGS:   75 13:32:36     -102.543801        0.036839
BFGS:   76 13:32:36     -102.544507        0.035914
BFGS:   77 13:32:36     -102.546039        0.034314
BFGS:   78 13:32:36     -102.548420        0.044348
BFGS:   79 13:32:36     -102.550784        0.071392
BFGS:   80 13:32:36     -102.552357        0.080582
BFGS:   81 13:32:37     -102.553612        0.075881
BFGS:   82 13:32:37     -102.555279        0.061358
BFGS:   83 13:32:37     -102.558004        0.035268
BFGS:   84 13:32:37     -102.561220        0.027771
BFGS:   85 13:32:37     -102.563192        0.028804
BFGS:   86 13:32:37     -102.563773        0.028487
BFGS:   87 13:32:37     -102.564193        0.027568
BFGS:   88 13:32:37     -102.565147        0.025600
BFGS:   89 13:32:37     -102.566889        0.028358
BFGS:   90 13:32:37     -102.569297        0.034687
BFGS:   91 13:32:37     -102.571063        0.039044
BFGS:   92 13:32:37     -102.571753        0.036420
BFGS:   93 13:32:37     -102.572025        0.032467
BFGS:   94 13:32:37     -102.572331        0.026648
BFGS:   95 13:32:37     -102.572879        0.017570
BFGS:   96 13:32:38     -102.573406        0.015325
BFGS:   97 13:32:38     -102.573656        0.016248
BFGS:   98 13:32:38     -102.573766        0.014865
BFGS:   99 13:32:38     -102.573924        0.013192
BFGS:  100 13:32:38     -102.574290        0.013753
BFGS:  101 13:32:38     -102.575044        0.020286
BFGS:  102 13:32:38     -102.576230        0.028098
BFGS:  103 13:32:38     -102.577316        0.026864
BFGS:  104 13:32:38     -102.577828        0.017422
BFGS:  105 13:32:38     -102.577990        0.016688
BFGS:  106 13:32:38     -102.578116        0.015214
BFGS:  107 13:32:38     -102.578408        0.011834
BFGS:  108 13:32:38     -102.578864        0.011961
BFGS:  109 13:32:38     -102.579328        0.011215
BFGS:  110 13:32:39     -102.579530        0.006909
BFGS:  111 13:32:39     -102.579572        0.007017
BFGS:  112 13:32:39     -102.579588        0.007056
BFGS:  113 13:32:39     -102.579624        0.007096
BFGS:  114 13:32:39     -102.579708        0.007149
BFGS:  115 13:32:39     -102.579888        0.009772
BFGS:  116 13:32:39     -102.580174        0.011910
BFGS:  117 13:32:39     -102.580443        0.008966
BFGS:  118 13:32:39     -102.580553        0.007803
BFGS:  119 13:32:39     -102.580574        0.007794
BFGS:  120 13:32:39     -102.580583        0.007732
BFGS:  121 13:32:39     -102.580604        0.007607
BFGS:  122 13:32:39     -102.580652        0.007414
BFGS:  123 13:32:39     -102.580749        0.007131
BFGS:  124 13:32:40     -102.580890        0.007951
BFGS:  125 13:32:40     -102.581010        0.008330
BFGS:  126 13:32:40     -102.581065        0.007891
BFGS:  127 13:32:40     -102.581094        0.007391
BFGS:  128 13:32:40     -102.581140        0.007523
BFGS:  129 13:32:40     -102.581241        0.007662
BFGS:  130 13:32:40     -102.581432        0.007779
BFGS:  131 13:32:40     -102.581680        0.007683
BFGS:  132 13:32:40     -102.581841        0.007162
BFGS:  133 13:32:40     -102.581882        0.006847
BFGS:  134 13:32:40     -102.581888        0.006746
BFGS:  135 13:32:40     -102.581893        0.006700
BFGS:  136 13:32:40     -102.581906        0.006606
BFGS:  137 13:32:40     -102.581934        0.006464
BFGS:  138 13:32:40     -102.581995        0.007974
BFGS:  139 13:32:41     -102.582096        0.012904
BFGS:  140 13:32:41     -102.582213        0.018488
BFGS:  141 13:32:41     -102.582304        0.022842
BFGS:  142 13:32:41     -102.582378        0.023099
BFGS:  143 13:32:41     -102.582477        0.020200
BFGS:  144 13:32:41     -102.582641        0.013308
BFGS:  145 13:32:41     -102.582843        0.018639
BFGS:  146 13:32:41     -102.583004        0.024805
BFGS:  147 13:32:41     -102.583107        0.024478
BFGS:  148 13:32:41     -102.583222        0.021180
BFGS:  149 13:32:41     -102.583449        0.016053
BFGS:  150 13:32:41     -102.583869        0.013690
BFGS:  151 13:32:41     -102.584413        0.011351
BFGS:  152 13:32:41     -102.584776        0.011536
BFGS:  153 13:32:42     -102.584883        0.007440
BFGS:  154 13:32:42     -102.584910        0.007079
BFGS:  155 13:32:42     -102.584944        0.006665
BFGS:  156 13:32:42     -102.585023        0.007521
BFGS:  157 13:32:42     -102.585180        0.010353
BFGS:  158 13:32:42     -102.585412        0.012242
BFGS:  159 13:32:42     -102.585570        0.008947
BFGS:  160 13:32:42     -102.585614        0.007858
BFGS:  161 13:32:42     -102.585624        0.007946
BFGS:  162 13:32:42     -102.585637        0.007939
BFGS:  163 13:32:42     -102.585672        0.007978
BFGS:  164 13:32:42     -102.585740        0.010834
BFGS:  165 13:32:42     -102.585844        0.019589
BFGS:  166 13:32:42     -102.585951        0.025306
BFGS:  167 13:32:43     -102.586039        0.025530
BFGS:  168 13:32:43     -102.586139        0.025178
BFGS:  169 13:32:43     -102.586321        0.029071
BFGS:  170 13:32:43     -102.586670        0.030134
BFGS:  171 13:32:43     -102.587177        0.024567
BFGS:  172 13:32:43     -102.587631        0.023180
BFGS:  173 13:32:43     -102.587836        0.020197
BFGS:  174 13:32:43     -102.587869        0.015178
BFGS:  175 13:32:43     -102.587981        0.013374
BFGS:  176 13:32:43     -102.588109        0.012524
BFGS:  177 13:32:43     -102.588416        0.010423
BFGS:  178 13:32:43     -102.588829        0.018046
BFGS:  179 13:32:43     -102.589372        0.033378
BFGS:  180 13:32:43     -102.590089        0.049142
BFGS:  181 13:32:44     -102.590490        0.048617
BFGS:  182 13:32:44     -102.590178        0.028712
BFGS:  183 13:32:44     -102.591190        0.031837
BFGS:  184 13:32:44     -102.591443        0.027653
BFGS:  185 13:32:44     -102.591852        0.015678
BFGS:  186 13:32:44     -102.592291        0.010522
BFGS:  187 13:32:44     -102.592546        0.015430
BFGS:  188 13:32:44     -102.592744        0.015205
BFGS:  189 13:32:44     -102.592811        0.011056
BFGS:  190 13:32:44     -102.592844        0.009223
BFGS:  191 13:32:44     -102.592882        0.009113
BFGS:  192 13:32:44     -102.592943        0.009075
BFGS:  193 13:32:44     -102.593014        0.009134
BFGS:  194 13:32:44     -102.593070        0.009942
BFGS:  195 13:32:45     -102.593103        0.010633
BFGS:  196 13:32:45     -102.593133        0.011085
BFGS:  197 13:32:45     -102.593184        0.010468
BFGS:  198 13:32:45     -102.593273        0.008821
BFGS:  199 13:32:45     -102.593394        0.008264
BFGS:  200 13:32:45     -102.593491        0.007959
BFGS:  201 13:32:45     -102.593534        0.007648
BFGS:  202 13:32:45     -102.593552        0.007753
BFGS:  203 13:32:45     -102.593574        0.007905
BFGS:  204 13:32:45     -102.593614        0.008063
BFGS:  205 13:32:45     -102.593675        0.008030
BFGS:  206 13:32:45     -102.593742        0.008977
BFGS:  207 13:32:45     -102.593790        0.010868
BFGS:  208 13:32:45     -102.593823        0.010721
BFGS:  209 13:32:45     -102.593859        0.009557
BFGS:  210 13:32:46     -102.593924        0.007952
BFGS:  211 13:32:46     -102.594045        0.006336
BFGS:  212 13:32:46     -102.594210        0.011077
BFGS:  213 13:32:46     -102.594338        0.014548
BFGS:  214 13:32:46     -102.594399        0.014381
BFGS:  215 13:32:46     -102.594433        0.012791
BFGS:  216 13:32:46     -102.594478        0.010272
BFGS:  217 13:32:46     -102.594546        0.006497
BFGS:  218 13:32:46     -102.594618        0.006261
BFGS:  219 13:32:46     -102.594665        0.007833
BFGS:  220 13:32:46     -102.594681        0.007423
BFGS:  221 13:32:46     -102.594686        0.006470
BFGS:  222 13:32:46     -102.594694        0.004679
BFGS:  223 13:32:46     -102.594705        0.002062
BFGS:  224 13:32:47     -102.594716        0.002086
BFGS:  225 13:32:47     -102.594722        0.002738
BFGS:  226 13:32:47     -102.594725        0.002728
BFGS:  227 13:32:47     -102.594728        0.002420
BFGS:  228 13:32:47     -102.594733        0.002436
BFGS:  229 13:32:47     -102.594742        0.002157
BFGS:  230 13:32:47     -102.594754        0.002202
BFGS:  231 13:32:47     -102.594762        0.002702
BFGS:  232 13:32:47     -102.594766        0.002815
BFGS:  233 13:32:47     -102.594769        0.002626
BFGS:  234 13:32:47     -102.594774        0.002835
BFGS:  235 13:32:47     -102.594787        0.003067
BFGS:  236 13:32:47     -102.594811        0.003163
BFGS:  237 13:32:47     -102.594841        0.004237
BFGS:  238 13:32:48     -102.594862        0.004564
BFGS:  239 13:32:48     -102.594870        0.004083
BFGS:  240 13:32:48     -102.594873        0.003412
BFGS:  241 13:32:48     -102.594879        0.002631
BFGS:  242 13:32:48     -102.594888        0.002158
BFGS:  243 13:32:48     -102.594901        0.003998
BFGS:  244 13:32:48     -102.594910        0.005938
BFGS:  245 13:32:48     -102.594917        0.006325
BFGS:  246 13:32:48     -102.594923        0.005912
BFGS:  247 13:32:48     -102.594936        0.004843
BFGS:  248 13:32:48     -102.594962        0.003668
BFGS:  249 13:32:48     -102.595007        0.004454
BFGS:  250 13:32:48     -102.595050        0.005319
BFGS:  251 13:32:48     -102.595074        0.005510
BFGS:  252 13:32:49     -102.595088        0.005082
BFGS:  253 13:32:49     -102.595104        0.004621
BFGS:  254 13:32:49     -102.595142        0.004654
BFGS:  255 13:32:49     -102.595175        0.006067
BFGS:  256 13:32:49     -102.595209        0.004928
BFGS:  257 13:32:49     -102.595244        0.005106
BFGS:  258 13:32:49     -102.595256        0.005534
BFGS:  259 13:32:49     -102.595289        0.005100
BFGS:  260 13:32:49     -102.595316        0.004951
BFGS:  261 13:32:49     -102.595416        0.005800
BFGS:  262 13:32:49     -102.595465        0.006224
BFGS:  263 13:32:49     -102.595519        0.006799
BFGS:  264 13:32:49     -102.595552        0.007478
BFGS:  265 13:32:49     -102.595577        0.008015
BFGS:  266 13:32:50     -102.595596        0.007495
BFGS:  267 13:32:50     -102.595621        0.005957
BFGS:  268 13:32:50     -102.595661        0.004558
BFGS:  269 13:32:50     -102.595683        0.004657
BFGS:  270 13:32:50     -102.595691        0.004344
BFGS:  271 13:32:50     -102.595697        0.003957
BFGS:  272 13:32:50     -102.595705        0.003445
BFGS:  273 13:32:50     -102.595718        0.002977
BFGS:  274 13:32:50     -102.595734        0.002100
BFGS:  275 13:32:50     -102.595746        0.002101
BFGS:  276 13:32:50     -102.595751        0.002177
BFGS:  277 13:32:50     -102.595752        0.002069
BFGS:  278 13:32:50     -102.595754        0.001925
BFGS:  279 13:32:50     -102.595758        0.001669
BFGS:  280 13:32:50     -102.595765        0.001552
BFGS:  281 13:32:51     -102.595773        0.002432
BFGS:  282 13:32:51     -102.595778        0.002923
BFGS:  283 13:32:51     -102.595779        0.002779
BFGS:  284 13:32:51     -102.595780        0.002340
BFGS:  285 13:32:51     -102.595782        0.001618
BFGS:  286 13:32:51     -102.595784        0.000887
