      Step     Time          Energy          fmax
BFGS:    0 03:53:42      -23.571494        1.578936
BFGS:    1 03:53:42      -23.660781        1.537103
BFGS:    2 03:53:42      -24.352904        1.204551
BFGS:    3 03:53:42      -24.890598        0.934098
BFGS:    4 03:53:42      -25.296024        0.805292
BFGS:    5 03:53:42      -25.593951        0.851060
BFGS:    6 03:53:42      -25.807426        0.917971
BFGS:    7 03:53:42      -25.954297        0.989999
BFGS:    8 03:53:42      -26.051016        1.056839
BFGS:    9 03:53:42      -26.117882        1.110711
BFGS:   10 03:53:42      -26.180667        1.147537
BFGS:   11 03:53:42      -26.266525        1.162855
BFGS:   12 03:53:42      -26.379167        1.152773
BFGS:   13 03:53:42      -26.514674        1.135635
BFGS:   14 03:53:42      -26.668302        1.108453
BFGS:   15 03:53:42      -26.832581        1.056176
BFGS:   16 03:53:42      -27.002594        0.981514
BFGS:   17 03:53:42      -27.173290        0.885745
BFGS:   18 03:53:42      -27.337527        0.766860
BFGS:   19 03:53:42      -27.488247        0.628626
BFGS:   20 03:53:42      -27.610463        0.451729
BFGS:   21 03:53:43      -27.690812        0.323421
BFGS:   22 03:53:43      -27.711516        0.377266
BFGS:   23 03:53:43      -27.719516        0.374980
BFGS:   24 03:53:43      -27.734848        0.337614
BFGS:   25 03:53:43      -27.740830        0.316883
BFGS:   26 03:53:43      -27.775741        0.213877
BFGS:   27 03:53:43      -27.817932        0.147992
BFGS:   28 03:53:43      -27.859106        0.158876
BFGS:   29 03:53:43      -27.874081        0.185466
BFGS:   30 03:53:43      -27.877272        0.180260
BFGS:   31 03:53:43      -27.879354        0.166403
BFGS:   32 03:53:43      -27.881325        0.154841
BFGS:   33 03:53:43      -27.887777        0.152962
BFGS:   34 03:53:43      -27.900581        0.152052
BFGS:   35 03:53:43      -27.923693        0.128520
BFGS:   36 03:53:43      -27.946240        0.081655
BFGS:   37 03:53:43      -27.957095        0.055513
BFGS:   38 03:53:43      -27.958739        0.049689
BFGS:   39 03:53:43      -27.958991        0.045014
BFGS:   40 03:53:43      -27.959228        0.038640
BFGS:   41 03:53:43      -27.959713        0.033018
BFGS:   42 03:53:43      -27.960263        0.028298
BFGS:   43 03:53:43      -27.960606        0.022824
BFGS:   44 03:53:43      -27.960691        0.022395
BFGS:   45 03:53:43      -27.960717        0.022336
BFGS:   46 03:53:43      -27.960758        0.021872
BFGS:   47 03:53:43      -27.960845        0.019854
BFGS:   48 03:53:43      -27.960998        0.014546
BFGS:   49 03:53:43      -27.961162        0.008160
BFGS:   50 03:53:43      -27.961243        0.006511
BFGS:   51 03:53:43      -27.961261        0.006239
BFGS:   52 03:53:43      -27.961266        0.006176
BFGS:   53 03:53:43      -27.961273        0.006177
BFGS:   54 03:53:43      -27.961288        0.006094
BFGS:   55 03:53:44      -27.961311        0.005838
BFGS:   56 03:53:44      -27.961331        0.005554
BFGS:   57 03:53:44      -27.961340        0.005536
BFGS:   58 03:53:44      -27.961345        0.005585
BFGS:   59 03:53:44      -27.961352        0.005583
BFGS:   60 03:53:44      -27.961368        0.005396
BFGS:   61 03:53:44      -27.961399        0.005550
BFGS:   62 03:53:44      -27.961447        0.005784
BFGS:   63 03:53:44      -27.961486        0.003573
BFGS:   64 03:53:44      -27.961499        0.001989
BFGS:   65 03:53:44      -27.961501        0.001604
BFGS:   66 03:53:44      -27.961501        0.001508
BFGS:   67 03:53:44      -27.961501        0.001514
BFGS:   68 03:53:44      -27.961502        0.001545
BFGS:   69 03:53:44      -27.961504        0.001622
BFGS:   70 03:53:44      -27.961506        0.001742
BFGS:   71 03:53:44      -27.961507        0.002087
BFGS:   72 03:53:44      -27.961508        0.002415
BFGS:   73 03:53:44      -27.961509        0.002665
BFGS:   74 03:53:44      -27.961512        0.003131
BFGS:   75 03:53:44      -27.961523        0.004455
BFGS:   76 03:53:44      -27.961578        0.010896
BFGS:   77 03:53:44      -27.961089        0.036616
BFGS:   78 03:53:44      -27.961689        0.015294
BFGS:   79 03:53:44      -27.961815        0.017913
BFGS:   80 03:53:44      -27.964468        0.024996
BFGS:   81 03:53:44      -27.965744        0.019968
BFGS:   82 03:53:44      -27.962718        0.046044
BFGS:   83 03:53:44      -27.966662        0.010917
BFGS:   84 03:53:44      -27.966813        0.009871
BFGS:   85 03:53:44      -27.966863        0.009141
BFGS:   86 03:53:44      -27.966897        0.008739
BFGS:   87 03:53:44      -27.966907        0.008696
BFGS:   88 03:53:44      -27.966945        0.008433
BFGS:   89 03:53:45      -27.967004        0.007850
BFGS:   90 03:53:45      -27.967130        0.006221
BFGS:   91 03:53:45      -27.967277        0.003857
BFGS:   92 03:53:45      -27.967372        0.002541
BFGS:   93 03:53:45      -27.967392        0.002544
BFGS:   94 03:53:45      -27.967394        0.002547
BFGS:   95 03:53:45      -27.967394        0.002507
BFGS:   96 03:53:45      -27.967397        0.002368
BFGS:   97 03:53:45      -27.967402        0.002117
BFGS:   98 03:53:45      -27.967413        0.002322
BFGS:   99 03:53:45      -27.967434        0.002473
BFGS:  100 03:53:45      -27.967460        0.002134
BFGS:  101 03:53:45      -27.967474        0.001627
BFGS:  102 03:53:45      -27.967477        0.001481
BFGS:  103 03:53:45      -27.967478        0.001418
BFGS:  104 03:53:45      -27.967478        0.001443
BFGS:  105 03:53:45      -27.967480        0.001528
BFGS:  106 03:53:45      -27.967483        0.001609
BFGS:  107 03:53:45      -27.967491        0.001614
BFGS:  108 03:53:45      -27.967504        0.001740
BFGS:  109 03:53:45      -27.967519        0.002194
BFGS:  110 03:53:45      -27.967527        0.002444
BFGS:  111 03:53:45      -27.967529        0.002468
BFGS:  112 03:53:45      -27.967529        0.002448
BFGS:  113 03:53:45      -27.967530        0.002420
BFGS:  114 03:53:45      -27.967533        0.002400
BFGS:  115 03:53:45      -27.967540        0.002430
BFGS:  116 03:53:45      -27.967560        0.003449
BFGS:  117 03:53:45      -27.967632        0.009310
BFGS:  118 03:53:45      -27.964885        0.047477
BFGS:  119 03:53:45      -27.967725        0.012367
BFGS:  120 03:53:45      -27.967823        0.014384
BFGS:  121 03:53:45      -27.964152        0.039474
BFGS:  122 03:53:45      -27.968098        0.015712
BFGS:  123 03:53:45      -27.968292        0.016200
BFGS:  124 03:53:46      -27.968227        0.014935
BFGS:  125 03:53:46      -27.968509        0.013321
BFGS:  126 03:53:46      -27.968537        0.011560
BFGS:  127 03:53:46      -27.968559        0.007878
BFGS:  128 03:53:46      -27.968566        0.005926
BFGS:  129 03:53:46      -27.968570        0.003411
BFGS:  130 03:53:46      -27.968573        0.002185
BFGS:  131 03:53:46      -27.968576        0.002618
BFGS:  132 03:53:46      -27.968577        0.003071
BFGS:  133 03:53:46      -27.968578        0.003119
BFGS:  134 03:53:46      -27.968581        0.002952
BFGS:  135 03:53:46      -27.968586        0.002817
BFGS:  136 03:53:46      -27.968599        0.003445
BFGS:  137 03:53:46      -27.968621        0.004222
BFGS:  138 03:53:46      -27.968646        0.004576
BFGS:  139 03:53:46      -27.968657        0.003995
BFGS:  140 03:53:46      -27.968660        0.003188
BFGS:  141 03:53:46      -27.968661        0.002590
BFGS:  142 03:53:46      -27.968661        0.001694
BFGS:  143 03:53:46      -27.968662        0.000795
