      Step     Time          Energy          fmax
BFGS:    0 22:16:51      -17.255409        5.758990
BFGS:    1 22:16:51      -19.324647        3.747866
BFGS:    2 22:16:52      -21.218533        2.573926
BFGS:    3 22:16:52      -21.909346        2.065979
BFGS:    4 22:16:52      -22.438228        1.542988
BFGS:    5 22:16:52      -22.783649        1.044897
BFGS:    6 22:16:52      -22.984188        0.752208
BFGS:    7 22:16:52      -23.113736        0.756900
BFGS:    8 22:16:52      -23.226694        0.714510
BFGS:    9 22:16:52      -23.344190        0.677406
BFGS:   10 22:16:52      -23.442488        0.776174
BFGS:   11 22:16:52      -23.509237        0.760243
BFGS:   12 22:16:52      -23.570320        0.652916
BFGS:   13 22:16:52      -23.656968        0.491316
BFGS:   14 22:16:52      -23.727354        0.394207
BFGS:   15 22:16:52      -23.763599        0.291478
BFGS:   16 22:16:52      -23.784952        0.294344
BFGS:   17 22:16:52      -23.798878        0.305318
BFGS:   18 22:16:52      -23.823949        0.317562
BFGS:   19 22:16:52      -23.868122        0.345715
BFGS:   20 22:16:52      -23.943546        0.373679
BFGS:   21 22:16:52      -24.003922        0.414644
BFGS:   22 22:16:52      -24.054508        0.482902
BFGS:   23 22:16:52      -24.103966        0.539073
BFGS:   24 22:16:52      -24.165630        0.506966
BFGS:   25 22:16:52      -24.311942        0.522151
BFGS:   26 22:16:52      -24.432816        0.535892
BFGS:   27 22:16:52      -24.552104        0.522233
BFGS:   28 22:16:52      -24.698689        0.443285
BFGS:   29 22:16:52      -24.877396        0.411878
BFGS:   30 22:16:52      -24.920451        0.286314
BFGS:   31 22:16:52      -24.937339        0.283804
BFGS:   32 22:16:52      -24.949296        0.253394
BFGS:   33 22:16:52      -24.958741        0.229944
BFGS:   34 22:16:52      -24.978041        0.206438
BFGS:   35 22:16:52      -25.007663        0.200644
BFGS:   36 22:16:53      -25.047433        0.168032
BFGS:   37 22:16:53      -25.069624        0.159590
BFGS:   38 22:16:53      -25.081448        0.162433
BFGS:   39 22:16:53      -25.086131        0.163415
BFGS:   40 22:16:53      -25.090012        0.161760
BFGS:   41 22:16:53      -25.097491        0.157470
BFGS:   42 22:16:53      -25.112845        0.193518
BFGS:   43 22:16:53      -25.137057        0.233705
BFGS:   44 22:16:53      -25.164830        0.205351
BFGS:   45 22:16:53      -25.177850        0.162980
BFGS:   46 22:16:53      -25.183776        0.168889
BFGS:   47 22:16:53      -25.190471        0.184104
BFGS:   48 22:16:53      -25.202288        0.237858
BFGS:   49 22:16:53      -25.239553        0.355693
BFGS:   50 22:16:53      -25.297855        0.433155
BFGS:   51 22:16:53      -25.342707        0.417024
BFGS:   52 22:16:53      -25.392733        0.261925
BFGS:   53 22:16:53      -25.415625        0.184065
BFGS:   54 22:16:53      -25.420511        0.186495
BFGS:   55 22:16:53      -25.424795        0.180001
BFGS:   56 22:16:53      -25.441993        0.155262
BFGS:   57 22:16:53      -25.455947        0.146941
BFGS:   58 22:16:53      -25.479964        0.145452
BFGS:   59 22:16:53      -25.506097        0.132745
BFGS:   60 22:16:53      -25.531488        0.147284
BFGS:   61 22:16:53      -25.567391        0.173825
BFGS:   62 22:16:53      -25.574585        0.162006
BFGS:   63 22:16:53      -25.576743        0.150523
BFGS:   64 22:16:53      -25.579582        0.137303
BFGS:   65 22:16:53      -25.583202        0.123286
BFGS:   66 22:16:53      -25.591834        0.105840
BFGS:   67 22:16:53      -25.603632        0.120543
BFGS:   68 22:16:53      -25.613465        0.077375
BFGS:   69 22:16:54      -25.616373        0.055213
BFGS:   70 22:16:54      -25.616890        0.046682
BFGS:   71 22:16:54      -25.617150        0.036487
BFGS:   72 22:16:54      -25.617548        0.033679
BFGS:   73 22:16:54      -25.618148        0.032414
BFGS:   74 22:16:54      -25.618834        0.056491
BFGS:   75 22:16:54      -25.619427        0.080653
BFGS:   76 22:16:54      -25.619940        0.087164
BFGS:   77 22:16:54      -25.620635        0.083433
BFGS:   78 22:16:54      -25.621863        0.070246
BFGS:   79 22:16:54      -25.623695        0.054527
BFGS:   80 22:16:54      -25.625633        0.055333
BFGS:   81 22:16:54      -25.626865        0.057653
BFGS:   82 22:16:54      -25.627366        0.045885
BFGS:   83 22:16:54      -25.627590        0.039963
BFGS:   84 22:16:54      -25.627878        0.032665
BFGS:   85 22:16:54      -25.628328        0.027974
BFGS:   86 22:16:54      -25.628951        0.065331
BFGS:   87 22:16:54      -25.629615        0.095920
BFGS:   88 22:16:54      -25.630147        0.099169
BFGS:   89 22:16:54      -25.630559        0.080136
BFGS:   90 22:16:54      -25.631019        0.044860
BFGS:   91 22:16:54      -25.631533        0.055132
BFGS:   92 22:16:54      -25.631960        0.062964
BFGS:   93 22:16:54      -25.632307        0.057742
BFGS:   94 22:16:54      -25.632673        0.047756
BFGS:   95 22:16:54      -25.633081        0.027437
BFGS:   96 22:16:54      -25.633411        0.028570
BFGS:   97 22:16:54      -25.633600        0.031516
BFGS:   98 22:16:54      -25.633744        0.033941
BFGS:   99 22:16:54      -25.633997        0.036836
BFGS:  100 22:16:54      -25.634550        0.040732
BFGS:  101 22:16:54      -25.635642        0.043415
BFGS:  102 22:16:55      -25.637230        0.039164
BFGS:  103 22:16:55      -25.638614        0.025896
BFGS:  104 22:16:55      -25.639140        0.018309
BFGS:  105 22:16:55      -25.639225        0.018223
BFGS:  106 22:16:55      -25.639268        0.017892
BFGS:  107 22:16:55      -25.639380        0.017553
BFGS:  108 22:16:55      -25.639607        0.018541
BFGS:  109 22:16:55      -25.640058        0.019360
BFGS:  110 22:16:55      -25.640637        0.021851
BFGS:  111 22:16:55      -25.641036        0.024575
BFGS:  112 22:16:55      -25.641211        0.025563
BFGS:  113 22:16:55      -25.641299        0.023700
BFGS:  114 22:16:58      -25.641441        0.019644
BFGS:  115 22:16:58      -25.641716        0.016187
BFGS:  116 22:16:59      -25.642061        0.013645
BFGS:  117 22:16:59      -25.642289        0.012346
BFGS:  118 22:16:59      -25.642360        0.011541
BFGS:  119 22:16:59      -25.642380        0.011221
BFGS:  120 22:16:59      -25.642403        0.010772
BFGS:  121 22:16:59      -25.642457        0.010278
BFGS:  122 22:16:59      -25.642542        0.010209
BFGS:  123 22:16:59      -25.642638        0.010101
BFGS:  124 22:16:59      -25.642698        0.013896
BFGS:  125 22:16:59      -25.642729        0.014456
BFGS:  126 22:16:59      -25.642762        0.014131
BFGS:  127 22:16:59      -25.642834        0.014766
BFGS:  128 22:16:59      -25.642980        0.013815
BFGS:  129 22:16:59      -25.643207        0.010149
BFGS:  130 22:16:59      -25.643401        0.006827
BFGS:  131 22:16:59      -25.643471        0.004235
BFGS:  132 22:16:59      -25.643481        0.002671
BFGS:  133 22:16:59      -25.643482        0.002499
BFGS:  134 22:16:59      -25.643483        0.002287
BFGS:  135 22:16:59      -25.643486        0.002109
BFGS:  136 22:16:59      -25.643489        0.001907
BFGS:  137 22:16:59      -25.643494        0.002455
BFGS:  138 22:16:59      -25.643496        0.003371
BFGS:  139 22:16:59      -25.643497        0.003369
BFGS:  140 22:16:59      -25.643499        0.003065
BFGS:  141 22:16:59      -25.643501        0.002671
BFGS:  142 22:16:59      -25.643507        0.003210
BFGS:  143 22:16:59      -25.643519        0.004574
BFGS:  144 22:16:59      -25.643536        0.006166
BFGS:  145 22:16:59      -25.643549        0.006926
BFGS:  146 22:16:59      -25.643557        0.006680
BFGS:  147 22:16:59      -25.643562        0.006145
BFGS:  148 22:16:59      -25.643572        0.006241
BFGS:  149 22:17:00      -25.643598        0.006545
BFGS:  150 22:17:00      -25.643676        0.007526
BFGS:  151 22:17:00      -25.643959        0.015495
BFGS:  152 22:17:00      -25.644231        0.021166
BFGS:  153 22:17:00      -25.644839        0.032114
BFGS:  154 22:17:00      -25.645544        0.025765
BFGS:  155 22:17:00      -25.645283        0.024280
BFGS:  156 22:17:00      -25.646328        0.018449
BFGS:  157 22:17:00      -25.646620        0.020715
BFGS:  158 22:17:00      -25.646919        0.014695
BFGS:  159 22:17:00      -25.647272        0.017743
BFGS:  160 22:17:00      -25.646362        0.037515
BFGS:  161 22:17:00      -25.647737        0.017744
BFGS:  162 22:17:00      -25.648091        0.018487
BFGS:  163 22:17:00      -25.648207        0.021179
BFGS:  164 22:17:00      -25.648488        0.016900
BFGS:  165 22:17:00      -25.648568        0.014138
BFGS:  166 22:17:00      -25.648599        0.013392
BFGS:  167 22:17:00      -25.648625        0.013001
BFGS:  168 22:17:00      -25.648679        0.011520
BFGS:  169 22:17:00      -25.648745        0.009133
BFGS:  170 22:17:00      -25.648812        0.007356
BFGS:  171 22:17:00      -25.648861        0.005279
BFGS:  172 22:17:00      -25.648887        0.004574
BFGS:  173 22:17:00      -25.648891        0.004505
BFGS:  174 22:17:00      -25.648894        0.004371
BFGS:  175 22:17:00      -25.648898        0.004069
BFGS:  176 22:17:00      -25.648907        0.003365
BFGS:  177 22:17:01      -25.648918        0.002564
BFGS:  178 22:17:01      -25.648928        0.002189
BFGS:  179 22:17:01      -25.648931        0.001586
BFGS:  180 22:17:01      -25.648932        0.001256
BFGS:  181 22:17:01      -25.648932        0.001154
BFGS:  182 22:17:01      -25.648932        0.001033
BFGS:  183 22:17:01      -25.648933        0.000967
