      Step     Time          Energy          fmax
BFGS:    0 13:44:57     -179.740086        0.442764
BFGS:    1 13:44:57     -179.862641        0.450370
BFGS:    2 13:44:57     -183.739710        0.651875
BFGS:    3 13:44:57     -187.395352        0.610972
BFGS:    4 13:44:57     -189.057506        0.735663
BFGS:    5 13:44:57     -189.253220        0.528167
BFGS:    6 13:44:57     -189.691580        0.546865
BFGS:    7 13:44:57     -193.288231        0.641757
BFGS:    8 13:44:57     -196.446928        0.639349
BFGS:    9 13:44:58     -198.395295        0.518318
BFGS:   10 13:44:58     -198.566590        0.429146
BFGS:   11 13:44:58     -198.663749        0.467211
BFGS:   12 13:44:58     -198.757441        0.498129
BFGS:   13 13:44:58     -198.884246        0.533340
BFGS:   14 13:44:58     -198.952790        0.536495
BFGS:   15 13:44:58     -199.009725        0.526088
BFGS:   16 13:44:58     -199.077884        0.511326
BFGS:   17 13:44:59     -199.236587        0.480964
BFGS:   18 13:44:59     -199.454387        0.455198
BFGS:   19 13:44:59     -199.712456        0.438168
BFGS:   20 13:44:59     -199.993584        0.423485
BFGS:   21 13:44:59     -200.271777        0.411079
BFGS:   22 13:44:59     -200.501890        0.401013
BFGS:   23 13:44:59     -200.655625        0.394050
BFGS:   24 13:44:59     -200.749587        0.389587
BFGS:   25 13:45:00     -200.819957        0.385080
BFGS:   26 13:45:00     -200.893353        0.391204
BFGS:   27 13:45:00     -200.981923        0.393745
BFGS:   28 13:45:00     -201.093279        0.393015
BFGS:   29 13:45:00     -201.231516        0.390725
BFGS:   30 13:45:00     -201.396364        0.387716
BFGS:   31 13:45:00     -201.585428        0.383957
BFGS:   32 13:45:00     -201.796266        0.379001
BFGS:   33 13:45:00     -202.027069        0.372363
BFGS:   34 13:45:01     -202.276262        0.363731
BFGS:   35 13:45:01     -202.541477        0.353009
BFGS:   36 13:45:01     -202.817907        0.340135
BFGS:   37 13:45:01     -203.097064        0.324746
BFGS:   38 13:45:01     -203.367264        0.306259
BFGS:   39 13:45:01     -203.613342        0.284051
BFGS:   40 13:45:01     -203.813237        0.257431
BFGS:   41 13:45:01     -203.932189        0.225065
BFGS:   42 13:45:02     -203.957473        0.216569
BFGS:   43 13:45:02     -203.999012        0.208870
BFGS:   44 13:45:02     -204.088075        0.194512
BFGS:   45 13:45:02     -204.234114        0.185690
BFGS:   46 13:45:02     -204.390158        0.161696
BFGS:   47 13:45:02     -204.486601        0.120609
BFGS:   48 13:45:02     -204.542937        0.096846
BFGS:   49 13:45:02     -204.568471        0.100648
BFGS:   50 13:45:03     -204.575012        0.102120
BFGS:   51 13:45:03     -204.587221        0.104365
BFGS:   52 13:45:03     -204.599118        0.105283
BFGS:   53 13:45:03     -204.632054        0.105665
BFGS:   54 13:45:03     -204.687807        0.103163
BFGS:   55 13:45:03     -204.772799        0.119615
BFGS:   56 13:45:03     -204.852950        0.096187
BFGS:   57 13:45:03     -204.881372        0.092929
BFGS:   58 13:45:04     -204.885112        0.091509
BFGS:   59 13:45:04     -204.886154        0.091092
BFGS:   60 13:45:04     -204.889644        0.089798
BFGS:   61 13:45:04     -204.895903        0.087239
BFGS:   62 13:45:04     -204.906753        0.082222
BFGS:   63 13:45:04     -204.917397        0.077294
BFGS:   64 13:45:04     -204.922749        0.075445
BFGS:   65 13:45:04     -204.924390        0.075093
BFGS:   66 13:45:05     -204.925820        0.074594
BFGS:   67 13:45:05     -204.928784        0.073059
BFGS:   68 13:45:05     -204.933424        0.069921
BFGS:   69 13:45:05     -204.938194        0.065848
BFGS:   70 13:45:05     -204.941135        0.064494
BFGS:   71 13:45:05     -204.943243        0.063036
BFGS:   72 13:45:05     -204.946031        0.060567
BFGS:   73 13:45:05     -204.951282        0.057886
BFGS:   74 13:45:05     -204.959484        0.052867
BFGS:   75 13:45:06     -204.967371        0.047403
BFGS:   76 13:45:06     -204.970980        0.053084
BFGS:   77 13:45:06     -204.971931        0.055873
BFGS:   78 13:45:06     -204.972816        0.057453
BFGS:   79 13:45:06     -204.975230        0.059854
BFGS:   80 13:45:06     -204.980507        0.062692
BFGS:   81 13:45:06     -204.991212        0.065609
BFGS:   82 13:45:06     -205.004948        0.066655
BFGS:   83 13:45:07     -205.016813        0.067771
BFGS:   84 13:45:07     -205.023605        0.063818
BFGS:   85 13:45:07     -205.025289        0.058602
BFGS:   86 13:45:07     -205.027214        0.055883
BFGS:   87 13:45:07     -205.029860        0.053618
BFGS:   88 13:45:07     -205.032906        0.052975
BFGS:   89 13:45:07     -205.034748        0.054680
BFGS:   90 13:45:07     -205.035707        0.056574
BFGS:   91 13:45:08     -205.036747        0.057859
BFGS:   92 13:45:08     -205.039101        0.058514
BFGS:   93 13:45:08     -205.044042        0.056460
BFGS:   94 13:45:08     -205.052486        0.048305
BFGS:   95 13:45:08     -205.061314        0.035109
BFGS:   96 13:45:08     -205.065842        0.035560
BFGS:   97 13:45:08     -205.067008        0.035629
BFGS:   98 13:45:08     -205.067547        0.035591
BFGS:   99 13:45:09     -205.068756        0.035541
BFGS:  100 13:45:09     -205.071332        0.035552
BFGS:  101 13:45:09     -205.076102        0.035553
BFGS:  102 13:45:09     -205.081501        0.035003
BFGS:  103 13:45:09     -205.084526        0.033928
BFGS:  104 13:45:09     -205.085360        0.033238
BFGS:  105 13:45:09     -205.085613        0.033034
BFGS:  106 13:45:09     -205.086025        0.032872
BFGS:  107 13:45:10     -205.086759        0.032663
BFGS:  108 13:45:10     -205.087664        0.032375
BFGS:  109 13:45:10     -205.088352        0.032206
BFGS:  110 13:45:10     -205.088777        0.032231
BFGS:  111 13:45:10     -205.089270        0.032281
BFGS:  112 13:45:10     -205.090357        0.032281
BFGS:  113 13:45:10     -205.092726        0.031984
BFGS:  114 13:45:10     -205.097093        0.030669
BFGS:  115 13:45:11     -205.102355        0.036144
BFGS:  116 13:45:11     -205.105736        0.043230
BFGS:  117 13:45:11     -205.107076        0.040461
BFGS:  118 13:45:11     -205.107924        0.035831
BFGS:  119 13:45:11     -205.109544        0.028508
BFGS:  120 13:45:11     -205.112537        0.022251
BFGS:  121 13:45:11     -205.116385        0.021158
BFGS:  122 13:45:11     -205.118811        0.019370
BFGS:  123 13:45:11     -205.119440        0.017666
BFGS:  124 13:45:12     -205.119562        0.017759
BFGS:  125 13:45:12     -205.119688        0.017860
BFGS:  126 13:45:12     -205.120060        0.018050
BFGS:  127 13:45:12     -205.120935        0.018315
BFGS:  128 13:45:12     -205.123039        0.025227
BFGS:  129 13:45:12     -205.127221        0.038697
BFGS:  130 13:45:12     -205.133205        0.046266
BFGS:  131 13:45:12     -205.137974        0.042807
BFGS:  132 13:45:13     -205.140178        0.042840
BFGS:  133 13:45:13     -205.141334        0.039743
BFGS:  134 13:45:13     -205.143092        0.034621
BFGS:  135 13:45:13     -205.146716        0.028284
BFGS:  136 13:45:13     -205.152424        0.031647
BFGS:  137 13:45:13     -205.157684        0.025372
BFGS:  138 13:45:13     -205.159896        0.012167
BFGS:  139 13:45:13     -205.160255        0.012317
BFGS:  140 13:45:14     -205.160303        0.012435
BFGS:  141 13:45:14     -205.160375        0.012505
BFGS:  142 13:45:14     -205.160545        0.012533
BFGS:  143 13:45:14     -205.160859        0.012387
BFGS:  144 13:45:14     -205.161266        0.011916
BFGS:  145 13:45:14     -205.161551        0.013142
BFGS:  146 13:45:14     -205.161664        0.012460
BFGS:  147 13:45:14     -205.161724        0.010824
BFGS:  148 13:45:15     -205.161827        0.010506
BFGS:  149 13:45:15     -205.162018        0.010142
BFGS:  150 13:45:15     -205.162283        0.015747
BFGS:  151 13:45:15     -205.162517        0.020629
BFGS:  152 13:45:15     -205.162667        0.021326
BFGS:  153 13:45:15     -205.162801        0.019845
BFGS:  154 13:45:15     -205.162998        0.014575
BFGS:  155 13:45:15     -205.163251        0.008682
BFGS:  156 13:45:16     -205.163442        0.008252
BFGS:  157 13:45:16     -205.163521        0.007991
BFGS:  158 13:45:16     -205.163562        0.007884
BFGS:  159 13:45:16     -205.163634        0.007768
BFGS:  160 13:45:16     -205.163803        0.007575
BFGS:  161 13:45:16     -205.164174        0.011854
BFGS:  162 13:45:16     -205.164826        0.020378
BFGS:  163 13:45:16     -205.165582        0.025021
BFGS:  164 13:45:16     -205.166091        0.023050
BFGS:  165 13:45:17     -205.166314        0.018794
BFGS:  166 13:45:17     -205.166467        0.015254
BFGS:  167 13:45:17     -205.166708        0.009474
BFGS:  168 13:45:17     -205.166978        0.009301
BFGS:  169 13:45:17     -205.167171        0.012584
BFGS:  170 13:45:17     -205.167278        0.015228
BFGS:  171 13:45:17     -205.167390        0.015512
BFGS:  172 13:45:17     -205.167612        0.014472
BFGS:  173 13:45:18     -205.168012        0.012422
BFGS:  174 13:45:18     -205.168524        0.012315
BFGS:  175 13:45:18     -205.168877        0.012066
BFGS:  176 13:45:18     -205.168991        0.009425
BFGS:  177 13:45:18     -205.169020        0.009657
BFGS:  178 13:45:18     -205.169049        0.009908
BFGS:  179 13:45:18     -205.169096        0.010305
BFGS:  180 13:45:18     -205.169155        0.010736
BFGS:  181 13:45:19     -205.169210        0.010963
BFGS:  182 13:45:19     -205.169254        0.010838
BFGS:  183 13:45:19     -205.169298        0.010405
BFGS:  184 13:45:19     -205.169344        0.010586
BFGS:  185 13:45:19     -205.169403        0.010785
BFGS:  186 13:45:19     -205.169505        0.010427
BFGS:  187 13:45:19     -205.169676        0.009480
BFGS:  188 13:45:19     -205.169885        0.009741
BFGS:  189 13:45:20     -205.170088        0.010215
BFGS:  190 13:45:20     -205.170217        0.011195
BFGS:  191 13:45:20     -205.170263        0.011889
BFGS:  192 13:45:20     -205.170318        0.012786
BFGS:  193 13:45:20     -205.170439        0.013952
BFGS:  194 13:45:20     -205.170595        0.017610
BFGS:  195 13:45:20     -205.170924        0.015514
BFGS:  196 13:45:20     -205.171338        0.017947
BFGS:  197 13:45:21     -205.172742        0.048166
BFGS:  198 13:45:21     -205.173157        0.049779
BFGS:  199 13:45:21     -205.173858        0.050393
BFGS:  200 13:45:21     -205.175004        0.039438
BFGS:  201 13:45:21     -205.175657        0.030516
BFGS:  202 13:45:21     -205.176477        0.015192
BFGS:  203 13:45:21     -205.176840        0.013179
BFGS:  204 13:45:21     -205.176963        0.012261
BFGS:  205 13:45:21     -205.177031        0.010447
BFGS:  206 13:45:22     -205.177164        0.009689
BFGS:  207 13:45:22     -205.177384        0.009701
BFGS:  208 13:45:22     -205.177646        0.009923
BFGS:  209 13:45:22     -205.177822        0.013579
BFGS:  210 13:45:22     -205.177906        0.014187
BFGS:  211 13:45:22     -205.177973        0.013424
BFGS:  212 13:45:22     -205.178097        0.010608
BFGS:  213 13:45:22     -205.178280        0.005694
BFGS:  214 13:45:23     -205.178444        0.008973
BFGS:  215 13:45:23     -205.178512        0.008782
BFGS:  216 13:45:23     -205.178531        0.006682
BFGS:  217 13:45:23     -205.178544        0.005928
BFGS:  218 13:45:23     -205.178570        0.005872
BFGS:  219 13:45:23     -205.178601        0.005892
BFGS:  220 13:45:23     -205.178623        0.005867
BFGS:  221 13:45:23     -205.178632        0.005922
BFGS:  222 13:45:24     -205.178636        0.005960
BFGS:  223 13:45:24     -205.178645        0.006009
BFGS:  224 13:45:24     -205.178662        0.006062
BFGS:  225 13:45:24     -205.178692        0.006085
BFGS:  226 13:45:24     -205.178729        0.007239
BFGS:  227 13:45:24     -205.178757        0.007755
BFGS:  228 13:45:24     -205.178779        0.007771
BFGS:  229 13:45:24     -205.178808        0.008081
BFGS:  230 13:45:25     -205.178867        0.007931
BFGS:  231 13:45:25     -205.178981        0.007015
BFGS:  232 13:45:25     -205.179141        0.010188
BFGS:  233 13:45:25     -205.179270        0.009972
BFGS:  234 13:45:25     -205.179329        0.010925
BFGS:  235 13:45:25     -205.179358        0.010052
BFGS:  236 13:45:25     -205.179400        0.008220
BFGS:  237 13:45:25     -205.179469        0.006732
BFGS:  238 13:45:26     -205.179546        0.006227
BFGS:  239 13:45:26     -205.179597        0.007439
BFGS:  240 13:45:26     -205.179623        0.008051
BFGS:  241 13:45:26     -205.179652        0.007586
BFGS:  242 13:45:26     -205.179713        0.007987
BFGS:  243 13:45:26     -205.179830        0.011339
BFGS:  244 13:45:26     -205.179999        0.012459
BFGS:  245 13:45:26     -205.180156        0.011957
BFGS:  246 13:45:27     -205.180271        0.013850
BFGS:  247 13:45:27     -205.180454        0.015883
BFGS:  248 13:45:27     -205.180550        0.015131
BFGS:  249 13:45:27     -205.180609        0.009421
BFGS:  250 13:45:27     -205.180809        0.009792
BFGS:  251 13:45:27     -205.180890        0.010354
BFGS:  252 13:45:27     -205.181120        0.010542
BFGS:  253 13:45:27     -205.181435        0.014815
BFGS:  254 13:45:27     -205.181838        0.017049
BFGS:  255 13:45:28     -205.182073        0.015886
BFGS:  256 13:45:28     -205.182164        0.014947
BFGS:  257 13:45:28     -205.182216        0.014136
BFGS:  258 13:45:28     -205.182287        0.010277
BFGS:  259 13:45:28     -205.182370        0.005672
BFGS:  260 13:45:28     -205.182420        0.005223
BFGS:  261 13:45:28     -205.182439        0.004722
BFGS:  262 13:45:28     -205.182452        0.004491
BFGS:  263 13:45:29     -205.182478        0.004241
BFGS:  264 13:45:29     -205.182523        0.004917
BFGS:  265 13:45:29     -205.182580        0.006607
BFGS:  266 13:45:29     -205.182621        0.008338
BFGS:  267 13:45:29     -205.182640        0.007956
BFGS:  268 13:45:29     -205.182652        0.006616
BFGS:  269 13:45:29     -205.182669        0.004093
BFGS:  270 13:45:29     -205.182691        0.003109
BFGS:  271 13:45:30     -205.182707        0.003245
BFGS:  272 13:45:30     -205.182714        0.003463
BFGS:  273 13:45:30     -205.182718        0.003628
BFGS:  274 13:45:30     -205.182724        0.003823
BFGS:  275 13:45:30     -205.182737        0.004087
BFGS:  276 13:45:30     -205.182759        0.004327
BFGS:  277 13:45:30     -205.182785        0.004310
BFGS:  278 13:45:30     -205.182802        0.003987
BFGS:  279 13:45:31     -205.182810        0.003675
BFGS:  280 13:45:31     -205.182816        0.003464
BFGS:  281 13:45:31     -205.182829        0.003223
BFGS:  282 13:45:31     -205.182853        0.003357
BFGS:  283 13:45:31     -205.182889        0.003459
BFGS:  284 13:45:31     -205.182919        0.003972
BFGS:  285 13:45:31     -205.182935        0.004370
BFGS:  286 13:45:31     -205.182945        0.004322
BFGS:  287 13:45:32     -205.182961        0.004476
BFGS:  288 13:45:32     -205.182995        0.004879
BFGS:  289 13:45:32     -205.183050        0.005107
BFGS:  290 13:45:32     -205.183109        0.004831
BFGS:  291 13:45:32     -205.183144        0.005021
BFGS:  292 13:45:32     -205.183161        0.005157
BFGS:  293 13:45:32     -205.183184        0.005109
BFGS:  294 13:45:32     -205.183237        0.005342
BFGS:  295 13:45:33     -205.183365        0.006595
BFGS:  296 13:45:33     -205.183641        0.009842
BFGS:  297 13:45:33     -205.184076        0.017941
BFGS:  298 13:45:33     -205.184458        0.023546
BFGS:  299 13:45:33     -205.184816        0.022878
BFGS:  300 13:45:33     -205.184966        0.018425
BFGS:  301 13:45:33     -205.185101        0.014474
BFGS:  302 13:45:33     -205.185315        0.012285
BFGS:  303 13:45:33     -205.185725        0.011659
BFGS:  304 13:45:34     -205.186136        0.022841
BFGS:  305 13:45:34     -205.186400        0.027044
BFGS:  306 13:45:34     -205.186536        0.024868
BFGS:  307 13:45:34     -205.186687        0.020476
BFGS:  308 13:45:34     -205.186994        0.012458
BFGS:  309 13:45:34     -205.187517        0.009684
BFGS:  310 13:45:34     -205.188093        0.014470
BFGS:  311 13:45:34     -205.188450        0.016834
BFGS:  312 13:45:35     -205.188584        0.014598
BFGS:  313 13:45:35     -205.188673        0.012321
BFGS:  314 13:45:35     -205.188835        0.011544
BFGS:  315 13:45:35     -205.189157        0.010586
BFGS:  316 13:45:35     -205.189778        0.009474
BFGS:  317 13:45:35     -205.190110        0.010902
BFGS:  318 13:45:35     -205.190211        0.011249
BFGS:  319 13:45:35     -205.190284        0.010244
BFGS:  320 13:45:36     -205.190477        0.008225
BFGS:  321 13:45:36     -205.190711        0.006723
BFGS:  322 13:45:36     -205.190780        0.008601
BFGS:  323 13:45:36     -205.190872        0.005772
BFGS:  324 13:45:36     -205.190909        0.005418
BFGS:  325 13:45:36     -205.190960        0.005553
BFGS:  326 13:45:36     -205.191036        0.006488
BFGS:  327 13:45:36     -205.191140        0.005853
BFGS:  328 13:45:37     -205.191227        0.005629
BFGS:  329 13:45:37     -205.191274        0.005328
BFGS:  330 13:45:37     -205.191299        0.005380
BFGS:  331 13:45:37     -205.191325        0.004936
BFGS:  332 13:45:37     -205.191362        0.004202
BFGS:  333 13:45:37     -205.191407        0.003783
BFGS:  334 13:45:37     -205.191450        0.006419
BFGS:  335 13:45:37     -205.191484        0.007908
BFGS:  336 13:45:38     -205.191502        0.007632
BFGS:  337 13:45:38     -205.191513        0.006562
BFGS:  338 13:45:38     -205.191529        0.004337
BFGS:  339 13:45:38     -205.191546        0.001797
BFGS:  340 13:45:38     -205.191557        0.001815
BFGS:  341 13:45:38     -205.191561        0.001956
BFGS:  342 13:45:38     -205.191562        0.001858
BFGS:  343 13:45:38     -205.191563        0.001626
BFGS:  344 13:45:39     -205.191566        0.001083
BFGS:  345 13:45:39     -205.191569        0.000786
