      Step     Time          Energy          fmax
BFGS:    0 22:41:58      110.642185       92.017814
BFGS:    1 22:41:58       75.594026       49.313626
BFGS:    2 22:41:58       56.723505       22.113171
BFGS:    3 22:41:58       43.410095       18.988260
BFGS:    4 22:41:59       29.894949       24.567115
BFGS:    5 22:41:59       16.716259       27.126730
BFGS:    6 22:41:59        5.349083       23.709808
BFGS:    7 22:41:59       -3.071084       17.061452
BFGS:    8 22:41:59       -8.744935       11.308863
BFGS:    9 22:41:59      -12.678428        7.214539
BFGS:   10 22:41:59      -15.452546        4.253216
BFGS:   11 22:41:59      -17.395339        2.338449
BFGS:   12 22:41:59      -18.806844        2.190646
BFGS:   13 22:41:59      -19.875066        1.974742
BFGS:   14 22:41:59      -20.671954        1.516914
BFGS:   15 22:41:59      -21.216917        0.926283
BFGS:   16 22:41:59      -21.525993        0.855229
BFGS:   17 22:41:59      -21.635287        0.950587
BFGS:   18 22:41:59      -21.721207        1.033012
BFGS:   19 22:41:59      -21.951134        0.949072
BFGS:   20 22:41:59      -22.117786        1.029084
BFGS:   21 22:41:59      -22.262634        0.999207
BFGS:   22 22:41:59      -22.473085        0.935884
BFGS:   23 22:41:59      -22.629387        1.273809
BFGS:   24 22:41:59      -22.721137        1.382800
BFGS:   25 22:41:59      -22.928660        1.395548
BFGS:   26 22:41:59      -23.149356        0.762844
BFGS:   27 22:41:59      -23.279488        0.549508
BFGS:   28 22:41:59      -23.302197        0.290584
BFGS:   29 22:41:59      -23.311892        0.304531
BFGS:   30 22:41:59      -23.396571        0.336468
BFGS:   31 22:41:59      -23.473634        0.358676
BFGS:   32 22:41:59      -23.591624        0.361027
BFGS:   33 22:41:59      -23.700595        0.385382
BFGS:   34 22:41:59      -23.803839        0.439513
BFGS:   35 22:41:59      -23.886499        0.646186
BFGS:   36 22:41:59      -23.936507        0.776719
BFGS:   37 22:41:59      -23.987503        0.694801
BFGS:   38 22:42:00      -24.084558        0.683728
BFGS:   39 22:42:00      -24.232082        0.671961
BFGS:   40 22:42:00      -24.387067        0.629474
BFGS:   41 22:42:00      -24.503134        1.158057
BFGS:   42 22:42:00      -24.640169        0.664152
BFGS:   43 22:42:00      -24.808464        0.445982
BFGS:   44 22:42:00      -24.872693        0.253927
BFGS:   45 22:42:00      -24.894201        0.230395
BFGS:   46 22:42:00      -24.906654        0.271680
BFGS:   47 22:42:00      -24.919519        0.294219
BFGS:   48 22:42:00      -24.954363        0.294019
BFGS:   49 22:42:00      -25.000935        0.248505
BFGS:   50 22:42:00      -25.044545        0.257016
BFGS:   51 22:42:00      -25.063356        0.219456
BFGS:   52 22:42:00      -25.071762        0.194969
BFGS:   53 22:42:00      -25.076671        0.187451
BFGS:   54 22:42:00      -25.082218        0.167668
BFGS:   55 22:42:00      -25.092861        0.120464
BFGS:   56 22:42:00      -25.106977        0.122039
BFGS:   57 22:42:00      -25.119161        0.121623
BFGS:   58 22:42:00      -25.125068        0.109445
BFGS:   59 22:42:00      -25.127334        0.106776
BFGS:   60 22:42:00      -25.128417        0.108741
BFGS:   61 22:42:00      -25.130321        0.111060
BFGS:   62 22:42:00      -25.133944        0.113325
BFGS:   63 22:42:00      -25.141782        0.145078
BFGS:   64 22:42:00      -25.155551        0.188340
BFGS:   65 22:42:00      -25.169064        0.181273
BFGS:   66 22:42:00      -25.178053        0.127447
BFGS:   67 22:42:00      -25.182674        0.096311
BFGS:   68 22:42:00      -25.183520        0.104144
BFGS:   69 22:42:00      -25.184951        0.123585
BFGS:   70 22:42:00      -25.186833        0.140468
BFGS:   71 22:42:01      -25.190828        0.148769
BFGS:   72 22:42:01      -25.207850        0.176277
BFGS:   73 22:42:01      -25.219026        0.318538
BFGS:   74 22:42:01      -25.224045        0.256916
BFGS:   75 22:42:01      -25.229860        0.143531
BFGS:   76 22:42:01      -25.233212        0.103620
BFGS:   77 22:42:01      -25.236813        0.092034
BFGS:   78 22:42:01      -25.239526        0.127108
BFGS:   79 22:42:01      -25.241703        0.160288
BFGS:   80 22:42:01      -25.243635        0.150835
BFGS:   81 22:42:01      -25.245645        0.095493
BFGS:   82 22:42:01      -25.248023        0.082902
BFGS:   83 22:42:01      -25.250243        0.077789
BFGS:   84 22:42:01      -25.251895        0.102004
BFGS:   85 22:42:01      -25.253216        0.109271
BFGS:   86 22:42:01      -25.254867        0.122606
BFGS:   87 22:42:01      -25.256830        0.127166
BFGS:   88 22:42:01      -25.258782        0.119689
BFGS:   89 22:42:01      -25.260413        0.138424
BFGS:   90 22:42:01      -25.261441        0.135360
BFGS:   91 22:42:01      -25.262183        0.123583
BFGS:   92 22:42:01      -25.263000        0.109960
BFGS:   93 22:42:01      -25.264200        0.094180
BFGS:   94 22:42:01      -25.265604        0.079738
BFGS:   95 22:42:01      -25.266520        0.072205
BFGS:   96 22:42:01      -25.266833        0.079262
BFGS:   97 22:42:01      -25.266958        0.082671
BFGS:   98 22:42:01      -25.267145        0.084774
BFGS:   99 22:42:01      -25.267591        0.086608
BFGS:  100 22:42:01      -25.268537        0.086287
BFGS:  101 22:42:01      -25.270246        0.110671
BFGS:  102 22:42:01      -25.272548        0.174265
BFGS:  103 22:42:01      -25.274901        0.211677
BFGS:  104 22:42:02      -25.277301        0.214065
BFGS:  105 22:42:02      -25.280529        0.185270
BFGS:  106 22:42:02      -25.284851        0.122739
BFGS:  107 22:42:02      -25.288691        0.082359
BFGS:  108 22:42:02      -25.291920        0.078343
BFGS:  109 22:42:02      -25.293017        0.075436
BFGS:  110 22:42:02      -25.293751        0.075789
BFGS:  111 22:42:02      -25.295328        0.077816
BFGS:  112 22:42:02      -25.298990        0.085029
BFGS:  113 22:42:02      -25.306153        0.097741
BFGS:  114 22:42:02      -25.311531        0.125185
BFGS:  115 22:42:02      -25.320481        0.154214
BFGS:  116 22:42:02      -25.331387        0.166757
BFGS:  117 22:42:02      -25.334142        0.165277
BFGS:  118 22:42:02      -25.336532        0.138668
BFGS:  119 22:42:02      -25.338698        0.121525
BFGS:  120 22:42:02      -25.342082        0.099813
BFGS:  121 22:42:02      -25.344029        0.122305
BFGS:  122 22:42:02      -25.344862        0.143591
BFGS:  123 22:42:02      -25.345470        0.148536
BFGS:  124 22:42:02      -25.346673        0.148527
BFGS:  125 22:42:02      -25.349376        0.134555
BFGS:  126 22:42:02      -25.354068        0.097643
BFGS:  127 22:42:02      -25.359670        0.117509
BFGS:  128 22:42:02      -25.365963        0.132366
BFGS:  129 22:42:02      -25.370767        0.144618
BFGS:  130 22:42:02      -25.374371        0.139675
BFGS:  131 22:42:02      -25.378853        0.130068
BFGS:  132 22:42:02      -25.385203        0.132654
BFGS:  133 22:42:02      -25.394439        0.119377
BFGS:  134 22:42:02      -25.403241        0.132033
BFGS:  135 22:42:02      -25.410960        0.114031
BFGS:  136 22:42:02      -25.417032        0.101706
BFGS:  137 22:42:03      -25.419111        0.091889
BFGS:  138 22:42:03      -25.419793        0.101591
BFGS:  139 22:42:03      -25.420409        0.101570
BFGS:  140 22:42:03      -25.421905        0.108690
BFGS:  141 22:42:03      -25.424942        0.110246
BFGS:  142 22:42:03      -25.429788        0.114953
BFGS:  143 22:42:03      -25.434211        0.101623
BFGS:  144 22:42:03      -25.435904        0.100009
BFGS:  145 22:42:03      -25.436352        0.095340
BFGS:  146 22:42:03      -25.436751        0.095959
BFGS:  147 22:42:03      -25.437578        0.089933
BFGS:  148 22:42:03      -25.439352        0.080617
BFGS:  149 22:42:03      -25.441477        0.069902
BFGS:  150 22:42:03      -25.442981        0.066147
BFGS:  151 22:42:03      -25.443515        0.066510
BFGS:  152 22:42:03      -25.443631        0.067890
BFGS:  153 22:42:03      -25.443727        0.067943
BFGS:  154 22:42:03      -25.443938        0.067930
BFGS:  155 22:42:03      -25.444262        0.064694
BFGS:  156 22:42:03      -25.444701        0.061892
BFGS:  157 22:42:03      -25.445090        0.060972
BFGS:  158 22:42:03      -25.445326        0.059251
BFGS:  159 22:42:03      -25.445443        0.055735
BFGS:  160 22:42:03      -25.445524        0.053289
BFGS:  161 22:42:03      -25.445625        0.048901
BFGS:  162 22:42:03      -25.445794        0.044019
BFGS:  163 22:42:03      -25.446087        0.036167
BFGS:  164 22:42:03      -25.446500        0.037567
BFGS:  165 22:42:03      -25.446862        0.035645
BFGS:  166 22:42:03      -25.447020        0.034845
BFGS:  167 22:42:03      -25.447078        0.031985
BFGS:  168 22:42:03      -25.447141        0.030023
BFGS:  169 22:42:03      -25.447264        0.025530
BFGS:  170 22:42:04      -25.447454        0.024507
BFGS:  171 22:42:04      -25.447635        0.021039
BFGS:  172 22:42:04      -25.447718        0.016611
BFGS:  173 22:42:04      -25.447739        0.014260
BFGS:  174 22:42:04      -25.447751        0.014479
BFGS:  175 22:42:04      -25.447781        0.015193
BFGS:  176 22:42:04      -25.447844        0.015666
BFGS:  177 22:42:04      -25.447969        0.016579
BFGS:  178 22:42:04      -25.448135        0.018316
BFGS:  179 22:42:04      -25.448253        0.011723
BFGS:  180 22:42:04      -25.448290        0.008471
BFGS:  181 22:42:04      -25.448297        0.008618
BFGS:  182 22:42:04      -25.448304        0.008685
BFGS:  183 22:42:04      -25.448322        0.008715
BFGS:  184 22:42:04      -25.448357        0.008526
BFGS:  185 22:42:04      -25.448414        0.009253
BFGS:  186 22:42:04      -25.448467        0.007110
BFGS:  187 22:42:04      -25.448488        0.004289
BFGS:  188 22:42:04      -25.448491        0.004031
BFGS:  189 22:42:04      -25.448492        0.003964
BFGS:  190 22:42:04      -25.448493        0.003852
BFGS:  191 22:42:04      -25.448496        0.003797
BFGS:  192 22:42:04      -25.448502        0.003609
BFGS:  193 22:42:04      -25.448510        0.003158
BFGS:  194 22:42:04      -25.448517        0.002470
BFGS:  195 22:42:04      -25.448520        0.001984
BFGS:  196 22:42:04      -25.448520        0.001858
BFGS:  197 22:42:04      -25.448520        0.001855
BFGS:  198 22:42:04      -25.448521        0.001873
BFGS:  199 22:42:04      -25.448522        0.001840
BFGS:  200 22:42:04      -25.448524        0.001636
BFGS:  201 22:42:04      -25.448527        0.001126
BFGS:  202 22:42:05      -25.448529        0.000766
