      Step     Time          Energy          fmax
BFGS:    0 04:36:44     -138.648336       17.121807
BFGS:    1 04:36:44     -210.918943        7.585285
BFGS:    2 04:36:45     -259.231023        4.980907
BFGS:    3 04:36:45     -287.871553        4.093934
BFGS:    4 04:36:45     -306.169977        3.486577
BFGS:    5 04:36:45     -319.776250        3.258569
BFGS:    6 04:36:46     -331.623090        3.479560
BFGS:    7 04:36:46     -342.210942        3.146849
BFGS:    8 04:36:46     -350.842015        2.474261
BFGS:    9 04:36:46     -357.098936        2.201469
BFGS:   10 04:36:47     -361.234766        2.051181
BFGS:   11 04:36:47     -363.844962        1.964100
BFGS:   12 04:36:47     -366.230905        1.909139
BFGS:   13 04:36:47     -368.476212        1.860899
BFGS:   14 04:36:48     -370.018345        1.812501
BFGS:   15 04:36:48     -371.851346        1.739595
BFGS:   16 04:36:48     -373.411585        1.670978
BFGS:   17 04:36:48     -374.694928        1.608609
BFGS:   18 04:36:49     -375.808637        1.552067
BFGS:   19 04:36:49     -376.868683        1.500278
BFGS:   20 04:36:49     -377.937220        1.452072
BFGS:   21 04:36:50     -379.042485        1.407141
BFGS:   22 04:36:50     -380.192649        1.365905
BFGS:   23 04:36:50     -381.384269        1.328849
BFGS:   24 04:36:50     -382.608449        1.296050
BFGS:   25 04:36:51     -383.855015        1.267494
BFGS:   26 04:36:51     -385.114911        1.242968
BFGS:   27 04:36:51     -386.377961        1.222366
BFGS:   28 04:36:51     -387.636239        1.205626
BFGS:   29 04:36:52     -388.885448        1.192627
BFGS:   30 04:36:52     -390.122056        1.182818
BFGS:   31 04:36:52     -391.348394        1.175550
BFGS:   32 04:36:52     -392.572257        1.170936
BFGS:   33 04:36:53     -393.804558        1.169291
BFGS:   34 04:36:53     -395.061298        1.170689
BFGS:   35 04:36:53     -396.371520        1.175439
BFGS:   36 04:36:53     -397.768385        1.183581
BFGS:   37 04:36:54     -399.281817        1.194123
BFGS:   38 04:36:54     -400.928171        1.203528
BFGS:   39 04:36:54     -402.684169        1.203641
BFGS:   40 04:36:54     -404.454424        1.185585
BFGS:   41 04:36:55     -406.071376        1.149752
BFGS:   42 04:36:55     -407.424624        1.107353
BFGS:   43 04:36:55     -408.546772        1.066910
BFGS:   44 04:36:55     -409.518867        1.047210
BFGS:   45 04:36:56     -410.397949        1.107286
BFGS:   46 04:36:56     -411.214284        1.099776
BFGS:   47 04:36:56     -411.987214        1.048634
BFGS:   48 04:36:56     -412.727903        0.971480
BFGS:   49 04:36:57     -413.441716        0.880055
BFGS:   50 04:36:57     -414.130903        0.839592
BFGS:   51 04:36:57     -414.801770        0.815537
BFGS:   52 04:36:57     -415.459201        0.793199
BFGS:   53 04:36:58     -416.094379        0.773388
BFGS:   54 04:36:58     -416.692129        0.757534
BFGS:   55 04:36:58     -417.244593        0.746756
BFGS:   56 04:36:58     -417.749894        0.742233
BFGS:   57 04:36:59     -418.218362        0.744249
BFGS:   58 04:36:59     -418.684038        0.749787
BFGS:   59 04:36:59     -419.185589        0.753694
BFGS:   60 04:36:59     -419.716287        0.751877
BFGS:   61 04:37:00     -420.233782        0.742893
BFGS:   62 04:37:00     -420.700758        0.728037
BFGS:   63 04:37:00     -421.109523        0.710081
BFGS:   64 04:37:00     -421.469227        0.691180
BFGS:   65 04:37:01     -421.792494        0.672314
BFGS:   66 04:37:01     -422.090735        0.653716
BFGS:   67 04:37:01     -422.372856        0.635303
BFGS:   68 04:37:01     -422.645333        0.616964
BFGS:   69 04:37:02     -422.912064        0.598720
BFGS:   70 04:37:02     -423.174245        0.580590
BFGS:   71 04:37:02     -423.433567        0.562538
BFGS:   72 04:37:02     -423.691034        0.554551
BFGS:   73 04:37:03     -423.947247        0.561103
BFGS:   74 04:37:03     -424.202407        0.560588
BFGS:   75 04:37:03     -424.456218        0.553688
BFGS:   76 04:37:03     -424.708387        0.541091
BFGS:   77 04:37:04     -424.958380        0.523482
BFGS:   78 04:37:04     -425.205558        0.501526
BFGS:   79 04:37:04     -425.449397        0.475786
BFGS:   80 04:37:04     -425.689834        0.446631
BFGS:   81 04:37:05     -425.927021        0.414350
BFGS:   82 04:37:05     -426.160811        0.381300
BFGS:   83 04:37:05     -426.390847        0.410508
BFGS:   84 04:37:05     -426.617100        0.435307
BFGS:   85 04:37:06     -426.839851        0.455038
BFGS:   86 04:37:06     -427.059411        0.468686
BFGS:   87 04:37:06     -427.276090        0.474794
BFGS:   88 04:37:06     -427.490605        0.471285
BFGS:   89 04:37:07     -427.705384        0.454961
BFGS:   90 04:37:07     -427.926416        0.420685
BFGS:   91 04:37:07     -428.162405        0.359959
BFGS:   92 04:37:07     -428.427712        0.406540
BFGS:   93 04:37:08     -428.700400        0.465996
BFGS:   94 04:37:08     -428.985812        0.457281
BFGS:   95 04:37:08     -429.367948        0.467352
BFGS:   96 04:37:08     -429.698396        0.421013
BFGS:   97 04:37:09     -430.000211        0.278375
BFGS:   98 04:37:09     -430.161919        0.223635
BFGS:   99 04:37:09     -430.288242        0.217711
BFGS:  100 04:37:09     -430.397802        0.212436
BFGS:  101 04:37:10     -430.496124        0.219371
BFGS:  102 04:37:10     -430.586527        0.230238
BFGS:  103 04:37:10     -430.672242        0.238723
BFGS:  104 04:37:10     -430.756414        0.244981
BFGS:  105 04:37:10     -430.842518        0.248807
BFGS:  106 04:37:11     -430.933673        0.249785
BFGS:  107 04:37:11     -431.032340        0.247490
BFGS:  108 04:37:11     -431.139712        0.241658
BFGS:  109 04:37:11     -431.256875        0.232081
BFGS:  110 04:37:12     -431.384905        0.224009
BFGS:  111 04:37:12     -431.524575        0.220724
BFGS:  112 04:37:12     -431.675064        0.218695
BFGS:  113 04:37:12     -431.832849        0.223308
BFGS:  114 04:37:13     -431.995981        0.243528
BFGS:  115 04:37:13     -432.142912        0.282230
BFGS:  116 04:37:13     -432.232404        0.270234
BFGS:  117 04:37:13     -432.360156        0.217880
BFGS:  118 04:37:14     -432.438171        0.212280
BFGS:  119 04:37:14     -432.546409        0.201344
BFGS:  120 04:37:14     -432.675883        0.189150
BFGS:  121 04:37:14     -432.755000        0.183901
BFGS:  122 04:37:15     -432.823696        0.181552
BFGS:  123 04:37:15     -432.888678        0.181550
BFGS:  124 04:37:15     -432.955169        0.183866
BFGS:  125 04:37:15     -433.032096        0.189118
BFGS:  126 04:37:16     -433.116846        0.197149
BFGS:  127 04:37:16     -433.213228        0.208980
BFGS:  128 04:37:16     -433.310914        0.211480
BFGS:  129 04:37:16     -433.387064        0.206560
BFGS:  130 04:37:17     -433.459277        0.194130
BFGS:  131 04:37:17     -433.542456        0.186546
BFGS:  132 04:37:17     -433.608053        0.184444
BFGS:  133 04:37:17     -433.656088        0.171639
BFGS:  134 04:37:18     -433.700177        0.156057
BFGS:  135 04:37:18     -433.746654        0.156303
BFGS:  136 04:37:18     -433.798465        0.159696
BFGS:  137 04:37:18     -433.855464        0.164145
BFGS:  138 04:37:19     -433.921112        0.167125
BFGS:  139 04:37:19     -434.011718        0.192995
BFGS:  140 04:37:19     -434.095817        0.213940
BFGS:  141 04:37:19     -434.177134        0.230501
BFGS:  142 04:37:20     -434.257377        0.214440
BFGS:  143 04:37:20     -434.375106        0.169549
BFGS:  144 04:37:20     -434.486494        0.147501
BFGS:  145 04:37:20     -434.540383        0.151572
BFGS:  146 04:37:21     -434.583350        0.157268
BFGS:  147 04:37:21     -434.622271        0.161246
BFGS:  148 04:37:21     -434.660517        0.159982
BFGS:  149 04:37:21     -434.702218        0.154167
BFGS:  150 04:37:22     -434.752774        0.151848
BFGS:  151 04:37:22     -434.824491        0.175976
BFGS:  152 04:37:22     -434.923387        0.192113
BFGS:  153 04:37:22     -435.023931        0.181026
BFGS:  154 04:37:23     -435.109005        0.175595
BFGS:  155 04:37:23     -435.162901        0.175270
BFGS:  156 04:37:23     -435.228586        0.174245
BFGS:  157 04:37:23     -435.317677        0.184248
BFGS:  158 04:37:24     -435.449348        0.199630
BFGS:  159 04:37:24     -435.535466        0.200186
BFGS:  160 04:37:24     -435.610287        0.209183
BFGS:  161 04:37:24     -435.692431        0.204915
BFGS:  162 04:37:25     -435.794100        0.192973
BFGS:  163 04:37:25     -435.891779        0.196251
BFGS:  164 04:37:25     -436.006301        0.224376
BFGS:  165 04:37:25     -436.133991        0.209755
BFGS:  166 04:37:26     -436.232965        0.174330
BFGS:  167 04:37:26     -436.314002        0.136728
BFGS:  168 04:37:26     -436.387450        0.130761
BFGS:  169 04:37:26     -436.439971        0.160380
BFGS:  170 04:37:26     -436.490706        0.176726
BFGS:  171 04:37:27     -436.572802        0.196104
BFGS:  172 04:37:27     -436.790899        0.247954
BFGS:  173 04:37:27     -436.990457        0.244164
BFGS:  174 04:37:27     -437.162872        0.252813
BFGS:  175 04:37:28     -437.257724        0.215355
BFGS:  176 04:37:28     -437.314524        0.182504
BFGS:  177 04:37:28     -437.366600        0.168502
BFGS:  178 04:37:28     -437.425704        0.158515
BFGS:  179 04:37:29     -437.515745        0.128346
BFGS:  180 04:37:29     -437.576478        0.138411
BFGS:  181 04:37:29     -437.619804        0.161296
BFGS:  182 04:37:29     -437.657949        0.151448
BFGS:  183 04:37:30     -437.700555        0.119705
BFGS:  184 04:37:30     -437.755025        0.113585
BFGS:  185 04:37:30     -437.805551        0.107240
BFGS:  186 04:37:30     -437.841895        0.105606
BFGS:  187 04:37:31     -437.869723        0.104329
BFGS:  188 04:37:31     -437.904958        0.111488
BFGS:  189 04:37:31     -437.952696        0.114421
BFGS:  190 04:37:31     -438.011699        0.121554
BFGS:  191 04:37:32     -438.075837        0.115953
BFGS:  192 04:37:32     -438.134844        0.140831
BFGS:  193 04:37:32     -438.183383        0.148286
BFGS:  194 04:37:32     -438.235492        0.176821
BFGS:  195 04:37:33     -438.297567        0.195426
BFGS:  196 04:37:33     -438.368871        0.200216
BFGS:  197 04:37:33     -438.467689        0.199759
BFGS:  198 04:37:33     -438.610398        0.215602
BFGS:  199 04:37:34     -438.776244        0.250189
BFGS:  200 04:37:34     -438.926474        0.269593
BFGS:  201 04:37:34     -439.110095        0.312831
BFGS:  202 04:37:34     -439.294579        0.357906
BFGS:  203 04:37:35     -439.506642        0.364681
BFGS:  204 04:37:35     -439.655868        0.338679
BFGS:  205 04:37:35     -439.811698        0.342714
BFGS:  206 04:37:35     -439.933549        0.343882
BFGS:  207 04:37:36     -440.194836        0.286752
BFGS:  208 04:37:36     -440.522802        0.221796
BFGS:  209 04:37:36     -440.662584        0.211424
BFGS:  210 04:37:36     -440.763880        0.252735
BFGS:  211 04:37:37     -440.843051        0.232734
BFGS:  212 04:37:37     -440.993810        0.193766
BFGS:  213 04:37:37     -441.187362        0.185215
BFGS:  214 04:37:37     -441.360788        0.142609
BFGS:  215 04:37:38     -441.445806        0.134692
BFGS:  216 04:37:38     -441.481615        0.106678
BFGS:  217 04:37:38     -441.500092        0.101222
BFGS:  218 04:37:38     -441.520433        0.093560
BFGS:  219 04:37:38     -441.555062        0.080836
BFGS:  220 04:37:39     -441.611670        0.114200
BFGS:  221 04:37:39     -441.675911        0.126909
BFGS:  222 04:37:39     -441.711087        0.101595
BFGS:  223 04:37:39     -441.724036        0.096107
BFGS:  224 04:37:40     -441.735265        0.094097
BFGS:  225 04:37:40     -441.754831        0.092202
BFGS:  226 04:37:40     -441.790539        0.092205
BFGS:  227 04:37:40     -441.837932        0.100077
BFGS:  228 04:37:41     -441.876892        0.103651
BFGS:  229 04:37:41     -441.900155        0.109239
BFGS:  230 04:37:41     -441.916216        0.111942
BFGS:  231 04:37:41     -441.938941        0.112765
BFGS:  232 04:37:42     -441.982237        0.110900
BFGS:  233 04:37:42     -442.045110        0.110653
BFGS:  234 04:37:42     -442.096786        0.101198
BFGS:  235 04:37:42     -442.127237        0.087527
BFGS:  236 04:37:43     -442.139704        0.086843
BFGS:  237 04:37:43     -442.151364        0.088022
BFGS:  238 04:37:43     -442.168949        0.091267
BFGS:  239 04:37:43     -442.195459        0.094361
BFGS:  240 04:37:44     -442.229062        0.098858
BFGS:  241 04:37:44     -442.262787        0.096214
BFGS:  242 04:37:44     -442.293188        0.087976
BFGS:  243 04:37:44     -442.312699        0.078710
BFGS:  244 04:37:45     -442.322883        0.076018
BFGS:  245 04:37:45     -442.333022        0.075311
BFGS:  246 04:37:45     -442.346803        0.074099
BFGS:  247 04:37:45     -442.368626        0.071711
BFGS:  248 04:37:46     -442.396098        0.068202
BFGS:  249 04:37:46     -442.418003        0.065609
BFGS:  250 04:37:46     -442.429190        0.065320
BFGS:  251 04:37:46     -442.434501        0.066036
BFGS:  252 04:37:47     -442.441071        0.067287
BFGS:  253 04:37:47     -442.452723        0.068790
BFGS:  254 04:37:47     -442.469401        0.070098
BFGS:  255 04:37:47     -442.486102        0.069236
BFGS:  256 04:37:48     -442.496655        0.067657
BFGS:  257 04:37:48     -442.502685        0.066213
BFGS:  258 04:37:48     -442.507645        0.065469
BFGS:  259 04:37:48     -442.514647        0.064638
BFGS:  260 04:37:49     -442.526546        0.063802
BFGS:  261 04:37:49     -442.546943        0.070356
BFGS:  262 04:37:49     -442.575863        0.081697
BFGS:  263 04:37:49     -442.598406        0.068509
BFGS:  264 04:37:49     -442.608393        0.058697
BFGS:  265 04:37:50     -442.612413        0.056921
BFGS:  266 04:37:50     -442.615078        0.055326
BFGS:  267 04:37:50     -442.620709        0.052654
BFGS:  268 04:37:50     -442.630965        0.049121
BFGS:  269 04:37:51     -442.651844        0.058867
BFGS:  270 04:37:51     -442.678414        0.067200
BFGS:  271 04:37:51     -442.707997        0.069745
BFGS:  272 04:37:51     -442.738732        0.082605
BFGS:  273 04:37:52     -442.750229        0.075575
BFGS:  274 04:37:52     -442.757464        0.062689
BFGS:  275 04:37:52     -442.763596        0.055652
BFGS:  276 04:37:52     -442.778348        0.057187
BFGS:  277 04:37:53     -442.807961        0.071169
BFGS:  278 04:37:53     -442.846166        0.071341
BFGS:  279 04:37:53     -442.881544        0.064206
BFGS:  280 04:37:53     -442.910951        0.060065
BFGS:  281 04:37:54     -442.919127        0.061883
BFGS:  282 04:37:54     -442.925307        0.054886
BFGS:  283 04:37:54     -442.930932        0.051848
BFGS:  284 04:37:54     -442.946386        0.049713
BFGS:  285 04:37:55     -442.965541        0.050588
BFGS:  286 04:37:55     -442.980725        0.046644
BFGS:  287 04:37:55     -442.988509        0.041971
BFGS:  288 04:37:55     -442.992300        0.039061
BFGS:  289 04:37:56     -442.994650        0.037543
BFGS:  290 04:37:56     -442.998201        0.039836
BFGS:  291 04:37:56     -443.005528        0.052822
BFGS:  292 04:37:56     -443.020637        0.065892
BFGS:  293 04:37:57     -443.043994        0.066883
BFGS:  294 04:37:57     -443.064979        0.050149
BFGS:  295 04:37:57     -443.073448        0.038973
BFGS:  296 04:37:57     -443.075878        0.039063
BFGS:  297 04:37:58     -443.077552        0.039037
BFGS:  298 04:37:58     -443.081344        0.039309
BFGS:  299 04:37:58     -443.088047        0.038994
BFGS:  300 04:37:58     -443.097353        0.039680
BFGS:  301 04:37:59     -443.104588        0.038597
BFGS:  302 04:37:59     -443.107494        0.038465
BFGS:  303 04:37:59     -443.108325        0.038272
BFGS:  304 04:37:59     -443.108986        0.038156
BFGS:  305 04:38:00     -443.110282        0.037808
BFGS:  306 04:38:00     -443.112752        0.037232
BFGS:  307 04:38:00     -443.117102        0.036068
BFGS:  308 04:38:00     -443.122587        0.034520
BFGS:  309 04:38:00     -443.126677        0.035656
BFGS:  310 04:38:01     -443.128368        0.036932
BFGS:  311 04:38:01     -443.129176        0.034874
BFGS:  312 04:38:01     -443.130428        0.033045
BFGS:  313 04:38:01     -443.133032        0.032657
BFGS:  314 04:38:02     -443.137720        0.031428
BFGS:  315 04:38:02     -443.143479        0.034571
BFGS:  316 04:38:02     -443.147279        0.036031
BFGS:  317 04:38:02     -443.148698        0.030083
BFGS:  318 04:38:03     -443.149518        0.026357
BFGS:  319 04:38:03     -443.151059        0.026412
BFGS:  320 04:38:03     -443.154392        0.030210
BFGS:  321 04:38:03     -443.160828        0.049629
BFGS:  322 04:38:04     -443.169211        0.066655
BFGS:  323 04:38:04     -443.176579        0.069682
BFGS:  324 04:38:04     -443.180790        0.055343
BFGS:  325 04:38:04     -443.182297        0.042857
BFGS:  326 04:38:05     -443.184105        0.037811
BFGS:  327 04:38:05     -443.186521        0.029269
BFGS:  328 04:38:05     -443.189985        0.067418
BFGS:  329 04:38:05     -443.193502        0.094187
BFGS:  330 04:38:06     -443.196620        0.096489
BFGS:  331 04:38:06     -443.199581        0.082176
BFGS:  332 04:38:06     -443.203278        0.084022
BFGS:  333 04:38:06     -443.207820        0.073855
BFGS:  334 04:38:07     -443.211936        0.046511
BFGS:  335 04:38:07     -443.214234        0.029699
BFGS:  336 04:38:07     -443.215145        0.030252
BFGS:  337 04:38:07     -443.215663        0.025149
BFGS:  338 04:38:08     -443.216347        0.022881
BFGS:  339 04:38:08     -443.217526        0.025644
BFGS:  340 04:38:08     -443.219374        0.041131
BFGS:  341 04:38:08     -443.221552        0.067385
BFGS:  342 04:38:09     -443.223323        0.081522
BFGS:  343 04:38:09     -443.224510        0.073350
BFGS:  344 04:38:09     -443.225538        0.051863
BFGS:  345 04:38:09     -443.226647        0.020502
BFGS:  346 04:38:10     -443.227481        0.021289
BFGS:  347 04:38:10     -443.227876        0.027935
BFGS:  348 04:38:10     -443.228108        0.025742
BFGS:  349 04:38:10     -443.228459        0.019228
BFGS:  350 04:38:11     -443.229142        0.015448
BFGS:  351 04:38:11     -443.230190        0.024582
BFGS:  352 04:38:11     -443.231209        0.028297
BFGS:  353 04:38:11     -443.231781        0.024877
BFGS:  354 04:38:11     -443.232073        0.020488
BFGS:  355 04:38:12     -443.232372        0.017598
BFGS:  356 04:38:12     -443.232743        0.010654
BFGS:  357 04:38:12     -443.233036        0.012093
BFGS:  358 04:38:12     -443.233180        0.012260
BFGS:  359 04:38:13     -443.233270        0.010709
BFGS:  360 04:38:13     -443.233413        0.009879
BFGS:  361 04:38:13     -443.233682        0.010351
BFGS:  362 04:38:13     -443.234067        0.012481
BFGS:  363 04:38:14     -443.234402        0.011796
BFGS:  364 04:38:14     -443.234579        0.012969
BFGS:  365 04:38:14     -443.234685        0.013414
BFGS:  366 04:38:14     -443.234822        0.011986
BFGS:  367 04:38:15     -443.235008        0.009557
BFGS:  368 04:38:15     -443.235172        0.009433
BFGS:  369 04:38:15     -443.235259        0.009260
BFGS:  370 04:38:15     -443.235312        0.009141
BFGS:  371 04:38:16     -443.235384        0.009031
BFGS:  372 04:38:16     -443.235510        0.008946
BFGS:  373 04:38:16     -443.235676        0.008968
BFGS:  374 04:38:16     -443.235825        0.014647
BFGS:  375 04:38:17     -443.235934        0.016793
BFGS:  376 04:38:17     -443.236047        0.015368
BFGS:  377 04:38:17     -443.236218        0.010168
BFGS:  378 04:38:17     -443.236438        0.009832
BFGS:  379 04:38:18     -443.236617        0.011444
BFGS:  380 04:38:18     -443.236714        0.013114
BFGS:  381 04:38:18     -443.236785        0.011599
BFGS:  382 04:38:18     -443.236896        0.009533
BFGS:  383 04:38:19     -443.237075        0.009609
BFGS:  384 04:38:19     -443.237287        0.011824
BFGS:  385 04:38:19     -443.237451        0.013095
BFGS:  386 04:38:19     -443.237571        0.013996
BFGS:  387 04:38:20     -443.237717        0.012372
BFGS:  388 04:38:20     -443.237962        0.010577
BFGS:  389 04:38:20     -443.238282        0.010448
BFGS:  390 04:38:20     -443.238536        0.011328
BFGS:  391 04:38:21     -443.238657        0.010467
BFGS:  392 04:38:21     -443.238732        0.010525
BFGS:  393 04:38:21     -443.238846        0.010610
BFGS:  394 04:38:21     -443.239038        0.010743
BFGS:  395 04:38:22     -443.239271        0.013354
BFGS:  396 04:38:22     -443.239453        0.013227
BFGS:  397 04:38:22     -443.239577        0.011484
BFGS:  398 04:38:22     -443.239720        0.010812
BFGS:  399 04:38:23     -443.239973        0.010741
BFGS:  400 04:38:23     -443.240363        0.014444
BFGS:  401 04:38:23     -443.240778        0.019378
BFGS:  402 04:38:23     -443.241069        0.018055
BFGS:  403 04:38:23     -443.241288        0.016925
BFGS:  404 04:38:24     -443.241589        0.017244
BFGS:  405 04:38:24     -443.242100        0.015075
BFGS:  406 04:38:24     -443.242750        0.016274
BFGS:  407 04:38:24     -443.243260        0.018111
BFGS:  408 04:38:25     -443.243549        0.017907
BFGS:  409 04:38:25     -443.243808        0.017656
BFGS:  410 04:38:25     -443.244253        0.015523
BFGS:  411 04:38:25     -443.244964        0.019822
BFGS:  412 04:38:26     -443.245753        0.024713
BFGS:  413 04:38:26     -443.246288        0.021692
BFGS:  414 04:38:26     -443.246604        0.016745
BFGS:  415 04:38:26     -443.246940        0.016670
BFGS:  416 04:38:27     -443.247465        0.015291
BFGS:  417 04:38:27     -443.248059        0.015751
BFGS:  418 04:38:27     -443.248463        0.016275
BFGS:  419 04:38:27     -443.248674        0.015150
BFGS:  420 04:38:28     -443.248881        0.012090
BFGS:  421 04:38:28     -443.249257        0.013073
BFGS:  422 04:38:28     -443.249849        0.014554
BFGS:  423 04:38:28     -443.250495        0.022045
BFGS:  424 04:38:29     -443.250936        0.025639
BFGS:  425 04:38:29     -443.251223        0.022792
BFGS:  426 04:38:29     -443.251558        0.020782
BFGS:  427 04:38:29     -443.252050        0.014761
BFGS:  428 04:38:30     -443.252545        0.012497
BFGS:  429 04:38:30     -443.252830        0.014797
BFGS:  430 04:38:30     -443.252961        0.011884
BFGS:  431 04:38:30     -443.253085        0.009389
BFGS:  432 04:38:31     -443.253280        0.009212
BFGS:  433 04:38:31     -443.253493        0.008448
BFGS:  434 04:38:31     -443.253635        0.008463
BFGS:  435 04:38:31     -443.253706        0.008367
BFGS:  436 04:38:32     -443.253774        0.008113
BFGS:  437 04:38:32     -443.253894        0.008043
BFGS:  438 04:38:32     -443.254059        0.008155
BFGS:  439 04:38:32     -443.254204        0.009468
BFGS:  440 04:38:33     -443.254279        0.008787
BFGS:  441 04:38:33     -443.254325        0.007900
BFGS:  442 04:38:33     -443.254388        0.006835
BFGS:  443 04:38:33     -443.254483        0.006087
BFGS:  444 04:38:34     -443.254576        0.007671
BFGS:  445 04:38:34     -443.254623        0.006024
BFGS:  446 04:38:34     -443.254639        0.005204
BFGS:  447 04:38:34     -443.254652        0.005185
BFGS:  448 04:38:35     -443.254672        0.005152
BFGS:  449 04:38:35     -443.254694        0.005116
BFGS:  450 04:38:35     -443.254708        0.005099
BFGS:  451 04:38:35     -443.254716        0.005102
BFGS:  452 04:38:35     -443.254723        0.005112
BFGS:  453 04:38:36     -443.254736        0.005128
BFGS:  454 04:38:36     -443.254755        0.005138
BFGS:  455 04:38:36     -443.254775        0.005125
BFGS:  456 04:38:36     -443.254789        0.005090
BFGS:  457 04:38:37     -443.254802        0.005048
BFGS:  458 04:38:37     -443.254822        0.004994
BFGS:  459 04:38:37     -443.254857        0.004925
BFGS:  460 04:38:37     -443.254902        0.005097
BFGS:  461 04:38:38     -443.254940        0.005396
BFGS:  462 04:38:38     -443.254961        0.006001
BFGS:  463 04:38:38     -443.254978        0.005277
BFGS:  464 04:38:38     -443.255005        0.005051
BFGS:  465 04:38:39     -443.255048        0.005072
BFGS:  466 04:38:39     -443.255099        0.005267
BFGS:  467 04:38:39     -443.255141        0.007982
BFGS:  468 04:38:39     -443.255173        0.008731
BFGS:  469 04:38:40     -443.255214        0.008058
BFGS:  470 04:38:40     -443.255286        0.005700
BFGS:  471 04:38:40     -443.255397        0.005803
BFGS:  472 04:38:40     -443.255516        0.010453
BFGS:  473 04:38:41     -443.255604        0.011648
BFGS:  474 04:38:41     -443.255675        0.009917
BFGS:  475 04:38:41     -443.255773        0.008795
BFGS:  476 04:38:41     -443.255946        0.007323
BFGS:  477 04:38:42     -443.256199        0.009218
BFGS:  478 04:38:42     -443.256449        0.015174
BFGS:  479 04:38:42     -443.256634        0.016303
BFGS:  480 04:38:42     -443.256799        0.015902
BFGS:  481 04:38:43     -443.257007        0.012948
BFGS:  482 04:38:43     -443.257355        0.010319
BFGS:  483 04:38:43     -443.257895        0.015410
BFGS:  484 04:38:43     -443.258380        0.021246
BFGS:  485 04:38:44     -443.258804        0.023610
BFGS:  486 04:38:44     -443.259214        0.025386
BFGS:  487 04:38:44     -443.259638        0.027273
BFGS:  488 04:38:44     -443.260204        0.028757
BFGS:  489 04:38:45     -443.260963        0.029718
BFGS:  490 04:38:45     -443.261950        0.030244
BFGS:  491 04:38:45     -443.263210        0.030433
BFGS:  492 04:38:45     -443.264799        0.030348
BFGS:  493 04:38:46     -443.266778        0.030032
BFGS:  494 04:38:46     -443.269213        0.029514
BFGS:  495 04:38:46     -443.272181        0.028810
BFGS:  496 04:38:46     -443.275762        0.027925
BFGS:  497 04:38:47     -443.280045        0.026849
BFGS:  498 04:38:47     -443.285138        0.025575
BFGS:  499 04:38:47     -443.291123        0.024124
BFGS:  500 04:38:47     -443.298001        0.023889
BFGS:  501 04:38:48     -443.305664        0.025525
BFGS:  502 04:38:48     -443.313888        0.027150
BFGS:  503 04:38:48     -443.322379        0.028710
BFGS:  504 04:38:48     -443.330964        0.030185
BFGS:  505 04:38:48     -443.339577        0.031553
BFGS:  506 04:38:49     -443.348194        0.032826
BFGS:  507 04:38:49     -443.356846        0.033991
BFGS:  508 04:38:49     -443.365597        0.035063
BFGS:  509 04:38:49     -443.374585        0.036005
BFGS:  510 04:38:50     -443.383961        0.036817
BFGS:  511 04:38:50     -443.393925        0.037431
BFGS:  512 04:38:50     -443.404555        0.037885
BFGS:  513 04:38:50     -443.415785        0.038213
BFGS:  514 04:38:51     -443.427307        0.038757
BFGS:  515 04:38:51     -443.438214        0.042117
BFGS:  516 04:38:51     -443.450642        0.043868
BFGS:  517 04:38:51     -443.461231        0.046270
BFGS:  518 04:38:52     -443.472021        0.048223
BFGS:  519 04:38:52     -443.482744        0.049941
BFGS:  520 04:38:52     -443.493635        0.051649
BFGS:  521 04:38:52     -443.504657        0.053323
BFGS:  522 04:38:53     -443.516283        0.054949
BFGS:  523 04:38:53     -443.529449        0.056207
BFGS:  524 04:38:53     -443.551520        0.056080
BFGS:  525 04:38:53     -443.576111        0.060760
BFGS:  526 04:38:54     -443.594715        0.063885
BFGS:  527 04:38:54     -443.612466        0.065169
BFGS:  528 04:38:54     -443.630344        0.067015
BFGS:  529 04:38:54     -443.647718        0.067872
BFGS:  530 04:38:55     -443.665248        0.068334
BFGS:  531 04:38:55     -443.683810        0.069720
BFGS:  532 04:38:55     -443.703766        0.068735
BFGS:  533 04:38:55     -443.720191        0.070068
BFGS:  534 04:38:56     -443.742951        0.071408
BFGS:  535 04:38:56     -443.763966        0.074012
BFGS:  536 04:38:56     -443.780328        0.076511
BFGS:  537 04:38:56     -443.795043        0.079264
BFGS:  538 04:38:57     -443.808310        0.080992
BFGS:  539 04:38:57     -443.820044        0.082727
BFGS:  540 04:38:57     -443.830628        0.083213
BFGS:  541 04:38:57     -443.840534        0.083586
BFGS:  542 04:38:58     -443.850413        0.082843
BFGS:  543 04:38:58     -443.860375        0.082220
BFGS:  544 04:38:58     -443.870629        0.081902
BFGS:  545 04:38:58     -443.881057        0.081458
BFGS:  546 04:38:58     -443.891751        0.081001
BFGS:  547 04:38:59     -443.902561        0.080465
BFGS:  548 04:38:59     -443.913510        0.079915
BFGS:  549 04:38:59     -443.924453        0.079298
BFGS:  550 04:38:59     -443.935425        0.078666
BFGS:  551 04:39:00     -443.946320        0.077965
BFGS:  552 04:39:00     -443.957175        0.077887
BFGS:  553 04:39:00     -443.967911        0.077997
BFGS:  554 04:39:00     -443.978567        0.078078
BFGS:  555 04:39:01     -443.989086        0.078083
BFGS:  556 04:39:01     -443.999511        0.078057
BFGS:  557 04:39:01     -444.009801        0.077950
BFGS:  558 04:39:01     -444.020005        0.077812
BFGS:  559 04:39:02     -444.030091        0.077591
BFGS:  560 04:39:02     -444.040112        0.077337
BFGS:  561 04:39:02     -444.050036        0.076992
BFGS:  562 04:39:02     -444.059911        0.076598
BFGS:  563 04:39:03     -444.069692        0.076083
BFGS:  564 04:39:03     -444.079417        0.075503
BFGS:  565 04:39:03     -444.089015        0.074785
BFGS:  566 04:39:03     -444.098512        0.073982
BFGS:  567 04:39:04     -444.107802        0.073003
BFGS:  568 04:39:04     -444.116906        0.071934
BFGS:  569 04:39:04     -444.125685        0.070686
BFGS:  570 04:39:04     -444.134190        0.069395
BFGS:  571 04:39:05     -444.142262        0.067944
BFGS:  572 04:39:05     -444.150039        0.066491
BFGS:  573 04:39:05     -444.157362        0.064843
BFGS:  574 04:39:05     -444.164480        0.063264
BFGS:  575 04:39:06     -444.171147        0.062247
BFGS:  576 04:39:06     -444.177737        0.061895
BFGS:  577 04:39:06     -444.183882        0.061977
BFGS:  578 04:39:06     -444.190076        0.061410
BFGS:  579 04:39:07     -444.195904        0.061350
BFGS:  580 04:39:07     -444.202146        0.060570
BFGS:  581 04:39:07     -444.208612        0.060249
BFGS:  582 04:39:07     -444.216918        0.059061
BFGS:  583 04:39:07     -444.227304        0.058118
BFGS:  584 04:39:08     -444.243740        0.055444
BFGS:  585 04:39:08     -444.255298        0.053809
BFGS:  586 04:39:08     -444.266024        0.052793
BFGS:  587 04:39:08     -444.275304        0.051491
BFGS:  588 04:39:09     -444.283767        0.050682
BFGS:  589 04:39:09     -444.291542        0.049542
BFGS:  590 04:39:09     -444.298788        0.048545
BFGS:  591 04:39:09     -444.305436        0.047323
BFGS:  592 04:39:10     -444.311543        0.046092
BFGS:  593 04:39:10     -444.317035        0.044697
BFGS:  594 04:39:10     -444.321913        0.045073
BFGS:  595 04:39:10     -444.326126        0.046121
BFGS:  596 04:39:11     -444.329707        0.047320
BFGS:  597 04:39:11     -444.332796        0.048809
BFGS:  598 04:39:11     -444.335936        0.050528
BFGS:  599 04:39:11     -444.340112        0.052503
BFGS:  600 04:39:12     -444.345771        0.054009
BFGS:  601 04:39:12     -444.352521        0.059785
BFGS:  602 04:39:12     -444.360157        0.068240
BFGS:  603 04:39:12     -444.368890        0.075624
BFGS:  604 04:39:13     -444.379234        0.081894
BFGS:  605 04:39:13     -444.390191        0.085931
BFGS:  606 04:39:13     -444.401129        0.088579
BFGS:  607 04:39:13     -444.412135        0.089638
BFGS:  608 04:39:14     -444.423441        0.090429
BFGS:  609 04:39:14     -444.435024        0.089519
BFGS:  610 04:39:14     -444.447309        0.089131
BFGS:  611 04:39:14     -444.460132        0.091477
BFGS:  612 04:39:15     -444.474176        0.092082
BFGS:  613 04:39:15     -444.488275        0.093568
BFGS:  614 04:39:15     -444.503240        0.094772
BFGS:  615 04:39:15     -444.517617        0.098223
BFGS:  616 04:39:15     -444.531375        0.102362
BFGS:  617 04:39:16     -444.551589        0.105442
BFGS:  618 04:39:16     -444.583466        0.101031
BFGS:  619 04:39:16     -444.609746        0.097347
BFGS:  620 04:39:16     -444.630990        0.103471
BFGS:  621 04:39:17     -444.651221        0.108731
BFGS:  622 04:39:17     -444.677127        0.114346
BFGS:  623 04:39:17     -444.702757        0.121904
BFGS:  624 04:39:17     -444.736296        0.129705
BFGS:  625 04:39:18     -444.774364        0.133139
BFGS:  626 04:39:18     -444.809390        0.133165
BFGS:  627 04:39:18     -444.839177        0.122967
BFGS:  628 04:39:18     -444.871153        0.111195
BFGS:  629 04:39:19     -444.903291        0.098108
BFGS:  630 04:39:19     -444.951683        0.097046
BFGS:  631 04:39:19     -445.002368        0.093681
BFGS:  632 04:39:19     -445.029790        0.105107
BFGS:  633 04:39:20     -445.049541        0.107561
BFGS:  634 04:39:20     -445.067464        0.106803
BFGS:  635 04:39:20     -445.084432        0.105973
BFGS:  636 04:39:20     -445.100014        0.103409
BFGS:  637 04:39:21     -445.115578        0.101284
BFGS:  638 04:39:21     -445.129401        0.097537
BFGS:  639 04:39:21     -445.143781        0.094224
BFGS:  640 04:39:21     -445.156251        0.089489
BFGS:  641 04:39:22     -445.169041        0.085581
BFGS:  642 04:39:22     -445.180336        0.085637
BFGS:  643 04:39:22     -445.191317        0.085221
BFGS:  644 04:39:22     -445.201321        0.084625
BFGS:  645 04:39:23     -445.210780        0.083687
BFGS:  646 04:39:23     -445.219569        0.082839
BFGS:  647 04:39:23     -445.227896        0.081861
BFGS:  648 04:39:23     -445.235837        0.080999
BFGS:  649 04:39:24     -445.243660        0.079820
BFGS:  650 04:39:24     -445.251614        0.078267
BFGS:  651 04:39:24     -445.259970        0.075644
BFGS:  652 04:39:24     -445.268740        0.072108
BFGS:  653 04:39:25     -445.277958        0.066968
BFGS:  654 04:39:25     -445.287389        0.061312
BFGS:  655 04:39:25     -445.297086        0.061366
BFGS:  656 04:39:25     -445.306716        0.061772
BFGS:  657 04:39:26     -445.316476        0.061746
BFGS:  658 04:39:26     -445.326032        0.065805
BFGS:  659 04:39:26     -445.335573        0.070426
BFGS:  660 04:39:26     -445.344804        0.075210
BFGS:  661 04:39:26     -445.353893        0.079775
BFGS:  662 04:39:27     -445.362791        0.084035
BFGS:  663 04:39:27     -445.371705        0.087862
BFGS:  664 04:39:27     -445.380440        0.091435
BFGS:  665 04:39:27     -445.389579        0.093751
BFGS:  666 04:39:28     -445.400696        0.093053
BFGS:  667 04:39:28     -445.413083        0.082521
BFGS:  668 04:39:28     -445.429957        0.075635
BFGS:  669 04:39:28     -445.444399        0.066353
BFGS:  670 04:39:29     -445.462827        0.063300
BFGS:  671 04:39:29     -445.486829        0.084652
BFGS:  672 04:39:29     -445.504595        0.086986
BFGS:  673 04:39:29     -445.512241        0.087694
BFGS:  674 04:39:30     -445.520087        0.081777
BFGS:  675 04:39:30     -445.527061        0.070800
BFGS:  676 04:39:30     -445.533334        0.052433
BFGS:  677 04:39:30     -445.539055        0.055312
BFGS:  678 04:39:31     -445.545439        0.045671
BFGS:  679 04:39:31     -445.550356        0.043946
BFGS:  680 04:39:31     -445.553594        0.038760
BFGS:  681 04:39:31     -445.555761        0.029127
BFGS:  682 04:39:32     -445.557725        0.025729
BFGS:  683 04:39:32     -445.559445        0.026289
BFGS:  684 04:39:32     -445.561121        0.026343
BFGS:  685 04:39:32     -445.562691        0.022779
BFGS:  686 04:39:33     -445.564149        0.020358
BFGS:  687 04:39:33     -445.565268        0.022097
BFGS:  688 04:39:33     -445.566360        0.026573
BFGS:  689 04:39:33     -445.567325        0.025572
BFGS:  690 04:39:34     -445.568809        0.021587
BFGS:  691 04:39:34     -445.569778        0.020239
BFGS:  692 04:39:34     -445.571102        0.021793
BFGS:  693 04:39:34     -445.571927        0.021951
BFGS:  694 04:39:35     -445.573149        0.025549
BFGS:  695 04:39:35     -445.573952        0.023674
BFGS:  696 04:39:35     -445.575066        0.022724
BFGS:  697 04:39:35     -445.575951        0.022587
BFGS:  698 04:39:36     -445.577630        0.020487
BFGS:  699 04:39:36     -445.578944        0.022529
BFGS:  700 04:39:36     -445.580874        0.028345
BFGS:  701 04:39:36     -445.582289        0.029319
BFGS:  702 04:39:37     -445.584615        0.032376
BFGS:  703 04:39:37     -445.586991        0.034639
BFGS:  704 04:39:37     -445.590276        0.036335
BFGS:  705 04:39:37     -445.593427        0.039073
BFGS:  706 04:39:37     -445.596872        0.040080
BFGS:  707 04:39:38     -445.599956        0.040450
BFGS:  708 04:39:38     -445.603022        0.039986
BFGS:  709 04:39:38     -445.606027        0.036234
BFGS:  710 04:39:38     -445.609716        0.036946
BFGS:  711 04:39:39     -445.613447        0.040060
BFGS:  712 04:39:39     -445.617348        0.042521
BFGS:  713 04:39:39     -445.621318        0.043882
BFGS:  714 04:39:39     -445.625381        0.044245
BFGS:  715 04:39:40     -445.629610        0.045483
BFGS:  716 04:39:40     -445.634144        0.047238
BFGS:  717 04:39:40     -445.639044        0.048450
BFGS:  718 04:39:40     -445.644212        0.052521
BFGS:  719 04:39:41     -445.649360        0.055825
BFGS:  720 04:39:41     -445.654251        0.058012
BFGS:  721 04:39:41     -445.658980        0.058568
BFGS:  722 04:39:41     -445.663807        0.056810
BFGS:  723 04:39:42     -445.669009        0.058718
BFGS:  724 04:39:42     -445.674841        0.055883
BFGS:  725 04:39:42     -445.681716        0.045384
BFGS:  726 04:39:42     -445.687580        0.042000
BFGS:  727 04:39:43     -445.692920        0.043760
BFGS:  728 04:39:43     -445.697880        0.050615
BFGS:  729 04:39:43     -445.702359        0.054701
BFGS:  730 04:39:43     -445.706517        0.054879
BFGS:  731 04:39:44     -445.710435        0.053962
BFGS:  732 04:39:44     -445.714233        0.053918
BFGS:  733 04:39:44     -445.718984        0.047719
BFGS:  734 04:39:44     -445.721932        0.043576
BFGS:  735 04:39:45     -445.726626        0.035668
BFGS:  736 04:39:45     -445.731110        0.036248
BFGS:  737 04:39:45     -445.734796        0.037298
BFGS:  738 04:39:45     -445.737712        0.039374
BFGS:  739 04:39:46     -445.740378        0.039425
BFGS:  740 04:39:46     -445.742813        0.034843
BFGS:  741 04:39:46     -445.744743        0.028564
BFGS:  742 04:39:46     -445.746516        0.024079
BFGS:  743 04:39:47     -445.748219        0.021166
BFGS:  744 04:39:47     -445.749373        0.017636
BFGS:  745 04:39:47     -445.750161        0.018170
BFGS:  746 04:39:47     -445.750915        0.018756
BFGS:  747 04:39:48     -445.751673        0.017488
BFGS:  748 04:39:48     -445.752441        0.014999
BFGS:  749 04:39:48     -445.753100        0.014916
BFGS:  750 04:39:48     -445.753620        0.014821
BFGS:  751 04:39:49     -445.753991        0.014660
BFGS:  752 04:39:49     -445.754302        0.014556
BFGS:  753 04:39:49     -445.754589        0.014480
BFGS:  754 04:39:49     -445.754878        0.014402
BFGS:  755 04:39:49     -445.755154        0.014317
BFGS:  756 04:39:50     -445.755397        0.014208
BFGS:  757 04:39:50     -445.755633        0.014030
BFGS:  758 04:39:50     -445.755882        0.013728
BFGS:  759 04:39:50     -445.756123        0.013296
BFGS:  760 04:39:51     -445.756340        0.012882
BFGS:  761 04:39:51     -445.756546        0.012495
BFGS:  762 04:39:51     -445.756756        0.012248
BFGS:  763 04:39:51     -445.756962        0.012085
BFGS:  764 04:39:52     -445.757157        0.012068
BFGS:  765 04:39:52     -445.757353        0.012057
BFGS:  766 04:39:52     -445.757570        0.012108
BFGS:  767 04:39:52     -445.757811        0.012307
BFGS:  768 04:39:53     -445.758051        0.012415
BFGS:  769 04:39:53     -445.758261        0.012346
BFGS:  770 04:39:53     -445.758435        0.012144
BFGS:  771 04:39:53     -445.758591        0.011874
BFGS:  772 04:39:54     -445.758741        0.011613
BFGS:  773 04:39:54     -445.758893        0.011421
BFGS:  774 04:39:54     -445.759050        0.011343
BFGS:  775 04:39:54     -445.759210        0.011385
BFGS:  776 04:39:55     -445.759370        0.011516
BFGS:  777 04:39:55     -445.759529        0.011678
BFGS:  778 04:39:55     -445.759684        0.011811
BFGS:  779 04:39:55     -445.759828        0.011878
BFGS:  780 04:39:56     -445.759964        0.011878
BFGS:  781 04:39:56     -445.760101        0.011834
BFGS:  782 04:39:56     -445.760258        0.011765
BFGS:  783 04:39:56     -445.760447        0.011685
BFGS:  784 04:39:57     -445.760662        0.011612
BFGS:  785 04:39:57     -445.760883        0.011564
BFGS:  786 04:39:57     -445.761090        0.011540
BFGS:  787 04:39:57     -445.761292        0.011522
BFGS:  788 04:39:58     -445.761517        0.011498
BFGS:  789 04:39:58     -445.761795        0.012521
BFGS:  790 04:39:58     -445.762140        0.013852
BFGS:  791 04:39:58     -445.762525        0.013309
BFGS:  792 04:39:59     -445.762905        0.013863
BFGS:  793 04:39:59     -445.763260        0.012808
BFGS:  794 04:39:59     -445.763615        0.011058
BFGS:  795 04:39:59     -445.764027        0.012123
BFGS:  796 04:40:00     -445.764524        0.014449
BFGS:  797 04:40:00     -445.765061        0.016381
BFGS:  798 04:40:00     -445.765549        0.016895
BFGS:  799 04:40:00     -445.765979        0.015939
BFGS:  800 04:40:01     -445.766414        0.014295
BFGS:  801 04:40:01     -445.766923        0.014640
BFGS:  802 04:40:01     -445.767538        0.016568
BFGS:  803 04:40:01     -445.768189        0.014990
BFGS:  804 04:40:02     -445.768737        0.015948
BFGS:  805 04:40:02     -445.769166        0.015858
BFGS:  806 04:40:02     -445.769592        0.014287
BFGS:  807 04:40:02     -445.770122        0.014471
BFGS:  808 04:40:03     -445.770746        0.013899
BFGS:  809 04:40:03     -445.771296        0.013946
BFGS:  810 04:40:03     -445.771659        0.013517
BFGS:  811 04:40:03     -445.771926        0.011832
BFGS:  812 04:40:03     -445.772241        0.011377
BFGS:  813 04:40:04     -445.772669        0.011814
BFGS:  814 04:40:04     -445.773127        0.014541
BFGS:  815 04:40:04     -445.773442        0.014100
BFGS:  816 04:40:04     -445.773615        0.011121
BFGS:  817 04:40:05     -445.773756        0.010111
BFGS:  818 04:40:05     -445.773944        0.008904
BFGS:  819 04:40:05     -445.774172        0.009510
BFGS:  820 04:40:05     -445.774372        0.010918
BFGS:  821 04:40:06     -445.774504        0.010789
BFGS:  822 04:40:06     -445.774604        0.009002
BFGS:  823 04:40:06     -445.774716        0.007734
BFGS:  824 04:40:06     -445.774845        0.006138
BFGS:  825 04:40:07     -445.774958        0.007776
BFGS:  826 04:40:07     -445.775037        0.008873
BFGS:  827 04:40:07     -445.775100        0.008869
BFGS:  828 04:40:07     -445.775171        0.007160
BFGS:  829 04:40:08     -445.775256        0.005300
BFGS:  830 04:40:08     -445.775337        0.006067
BFGS:  831 04:40:08     -445.775395        0.007428
BFGS:  832 04:40:08     -445.775436        0.007078
BFGS:  833 04:40:09     -445.775477        0.005641
BFGS:  834 04:40:09     -445.775533        0.005196
BFGS:  835 04:40:09     -445.775606        0.005398
BFGS:  836 04:40:09     -445.775681        0.005969
BFGS:  837 04:40:10     -445.775738        0.007477
BFGS:  838 04:40:10     -445.775779        0.007425
BFGS:  839 04:40:10     -445.775820        0.006125
BFGS:  840 04:40:10     -445.775874        0.004867
BFGS:  841 04:40:11     -445.775940        0.006667
BFGS:  842 04:40:11     -445.775998        0.007189
BFGS:  843 04:40:11     -445.776037        0.006685
BFGS:  844 04:40:11     -445.776066        0.006302
BFGS:  845 04:40:12     -445.776100        0.004659
BFGS:  846 04:40:12     -445.776140        0.003905
BFGS:  847 04:40:12     -445.776177        0.004529
BFGS:  848 04:40:12     -445.776201        0.004824
BFGS:  849 04:40:13     -445.776218        0.004557
BFGS:  850 04:40:13     -445.776235        0.003646
BFGS:  851 04:40:13     -445.776257        0.002678
BFGS:  852 04:40:13     -445.776281        0.002746
BFGS:  853 04:40:14     -445.776299        0.003368
BFGS:  854 04:40:14     -445.776309        0.003698
BFGS:  855 04:40:14     -445.776317        0.003570
BFGS:  856 04:40:14     -445.776326        0.002781
BFGS:  857 04:40:15     -445.776337        0.001889
BFGS:  858 04:40:15     -445.776346        0.003026
BFGS:  859 04:40:15     -445.776351        0.003153
BFGS:  860 04:40:15     -445.776356        0.002508
BFGS:  861 04:40:16     -445.776361        0.002148
BFGS:  862 04:40:16     -445.776368        0.001838
BFGS:  863 04:40:16     -445.776374        0.001973
BFGS:  864 04:40:16     -445.776380        0.002387
BFGS:  865 04:40:17     -445.776384        0.002238
BFGS:  866 04:40:17     -445.776389        0.001795
BFGS:  867 04:40:17     -445.776395        0.001433
BFGS:  868 04:40:17     -445.776400        0.001299
BFGS:  869 04:40:17     -445.776404        0.001507
BFGS:  870 04:40:18     -445.776407        0.001516
BFGS:  871 04:40:18     -445.776410        0.001423
BFGS:  872 04:40:18     -445.776414        0.001142
BFGS:  873 04:40:18     -445.776418        0.001088
BFGS:  874 04:40:19     -445.776422        0.001135
BFGS:  875 04:40:19     -445.776424        0.001228
BFGS:  876 04:40:19     -445.776425        0.001136
BFGS:  877 04:40:19     -445.776427        0.001082
BFGS:  878 04:40:20     -445.776429        0.000932
