      Step     Time          Energy          fmax
BFGS:    0 03:21:31     -180.701883        2.875076
BFGS:    1 03:21:31     -182.779310        2.009497
BFGS:    2 03:21:31     -186.685007        0.841407
BFGS:    3 03:21:31     -188.132031        0.843265
BFGS:    4 03:21:31     -189.001412        0.884334
BFGS:    5 03:21:31     -189.560478        1.135223
BFGS:    6 03:21:32     -190.502055        1.328717
BFGS:    7 03:21:32     -191.770826        1.158880
BFGS:    8 03:21:32     -192.711255        0.771619
BFGS:    9 03:21:32     -193.657972        0.665004
BFGS:   10 03:21:32     -194.098543        0.525247
BFGS:   11 03:21:32     -194.220628        0.508357
BFGS:   12 03:21:32     -194.773671        0.483766
BFGS:   13 03:21:32     -195.006505        0.420959
BFGS:   14 03:21:33     -195.313084        0.486927
BFGS:   15 03:21:33     -195.378097        0.506733
BFGS:   16 03:21:33     -195.481053        0.518001
BFGS:   17 03:21:33     -195.639939        0.508890
BFGS:   18 03:21:33     -195.801719        0.468851
BFGS:   19 03:21:33     -195.897106        0.477744
BFGS:   20 03:21:33     -196.011372        0.541349
BFGS:   21 03:21:33     -196.213938        0.454843
BFGS:   22 03:21:33     -196.393400        0.335784
BFGS:   23 03:21:34     -196.544879        0.361184
BFGS:   24 03:21:34     -196.677657        0.394164
BFGS:   25 03:21:34     -196.839700        0.456281
BFGS:   26 03:21:34     -197.025479        0.530228
BFGS:   27 03:21:34     -197.223663        0.571572
BFGS:   28 03:21:34     -197.453516        0.585315
BFGS:   29 03:21:34     -197.704908        0.573105
BFGS:   30 03:21:34     -197.973475        0.538728
BFGS:   31 03:21:35     -198.251906        0.476780
BFGS:   32 03:21:35     -198.530621        0.370057
BFGS:   33 03:21:35     -198.781480        0.254226
BFGS:   34 03:21:35     -198.860770        0.271336
BFGS:   35 03:21:35     -198.899193        0.262999
BFGS:   36 03:21:35     -199.086643        0.231533
BFGS:   37 03:21:35     -199.258475        0.245039
BFGS:   38 03:21:35     -199.446833        0.255996
BFGS:   39 03:21:36     -199.637472        0.229034
BFGS:   40 03:21:36     -199.819569        0.196212
BFGS:   41 03:21:36     -199.953867        0.143983
BFGS:   42 03:21:36     -199.999747        0.162205
BFGS:   43 03:21:36     -200.019815        0.158066
BFGS:   44 03:21:36     -200.073107        0.144011
BFGS:   45 03:21:36     -200.123857        0.146221
BFGS:   46 03:21:36     -200.197431        0.162176
BFGS:   47 03:21:36     -200.261477        0.181255
BFGS:   48 03:21:37     -200.302204        0.178727
BFGS:   49 03:21:37     -200.324268        0.154088
BFGS:   50 03:21:37     -200.363577        0.147144
BFGS:   51 03:21:37     -200.432666        0.160982
BFGS:   52 03:21:37     -200.523954        0.177300
BFGS:   53 03:21:37     -200.611197        0.213307
BFGS:   54 03:21:37     -200.671605        0.211006
BFGS:   55 03:21:37     -200.702103        0.177033
BFGS:   56 03:21:38     -200.739925        0.167995
BFGS:   57 03:21:38     -200.822928        0.167166
BFGS:   58 03:21:38     -200.912046        0.170363
BFGS:   59 03:21:38     -201.008651        0.173220
BFGS:   60 03:21:38     -201.083318        0.173143
BFGS:   61 03:21:38     -201.095954        0.170517
BFGS:   62 03:21:38     -201.107972        0.167243
BFGS:   63 03:21:38     -201.125374        0.164173
BFGS:   64 03:21:39     -201.165468        0.157939
BFGS:   65 03:21:39     -201.228133        0.148334
BFGS:   66 03:21:39     -201.284967        0.136404
BFGS:   67 03:21:39     -201.329368        0.122603
BFGS:   68 03:21:39     -201.351322        0.115082
BFGS:   69 03:21:39     -201.360290        0.112890
BFGS:   70 03:21:39     -201.384852        0.108765
BFGS:   71 03:21:39     -201.430567        0.128734
BFGS:   72 03:21:40     -201.482626        0.135568
BFGS:   73 03:21:40     -201.545923        0.132559
BFGS:   74 03:21:40     -201.612462        0.157636
BFGS:   75 03:21:40     -201.679138        0.176446
BFGS:   76 03:21:40     -201.740827        0.189311
BFGS:   77 03:21:40     -201.795017        0.196635
BFGS:   78 03:21:40     -201.842077        0.194653
BFGS:   79 03:21:40     -201.867438        0.178091
BFGS:   80 03:21:40     -201.878365        0.164474
BFGS:   81 03:21:41     -201.921474        0.109049
BFGS:   82 03:21:41     -201.967107        0.103806
BFGS:   83 03:21:41     -202.019890        0.089577
BFGS:   84 03:21:41     -202.045384        0.082744
BFGS:   85 03:21:41     -202.053714        0.071935
BFGS:   86 03:21:41     -202.056556        0.066750
BFGS:   87 03:21:41     -202.059964        0.063150
BFGS:   88 03:21:41     -202.067712        0.059308
BFGS:   89 03:21:42     -202.083595        0.056743
BFGS:   90 03:21:42     -202.112570        0.072802
BFGS:   91 03:21:42     -202.145218        0.072813
BFGS:   92 03:21:42     -202.159334        0.071556
BFGS:   93 03:21:42     -202.165323        0.074629
BFGS:   94 03:21:42     -202.168536        0.075521
BFGS:   95 03:21:42     -202.177343        0.076361
BFGS:   96 03:21:42     -202.193959        0.076404
BFGS:   97 03:21:43     -202.221356        0.074796
BFGS:   98 03:21:43     -202.244931        0.072607
BFGS:   99 03:21:43     -202.260239        0.069981
BFGS:  100 03:21:43     -202.264564        0.069473
BFGS:  101 03:21:43     -202.266980        0.069586
BFGS:  102 03:21:43     -202.272523        0.070184
BFGS:  103 03:21:43     -202.283341        0.068771
BFGS:  104 03:21:43     -202.304197        0.063452
BFGS:  105 03:21:44     -202.327628        0.050121
BFGS:  106 03:21:44     -202.342057        0.048620
BFGS:  107 03:21:44     -202.346136        0.042328
BFGS:  108 03:21:44     -202.347459        0.038881
BFGS:  109 03:21:44     -202.350199        0.038894
BFGS:  110 03:21:44     -202.355848        0.042852
BFGS:  111 03:21:44     -202.365733        0.047054
BFGS:  112 03:21:44     -202.376420        0.046719
BFGS:  113 03:21:45     -202.382852        0.042921
BFGS:  114 03:21:45     -202.384958        0.042976
BFGS:  115 03:21:45     -202.385987        0.043507
BFGS:  116 03:21:45     -202.388223        0.044372
BFGS:  117 03:21:45     -202.393015        0.045981
BFGS:  118 03:21:45     -202.403042        0.048765
BFGS:  119 03:21:45     -202.418879        0.052463
BFGS:  120 03:21:45     -202.433453        0.052597
BFGS:  121 03:21:45     -202.439431        0.050142
BFGS:  122 03:21:46     -202.442011        0.050755
BFGS:  123 03:21:46     -202.444238        0.051082
BFGS:  124 03:21:46     -202.449951        0.051583
BFGS:  125 03:21:46     -202.461500        0.057693
BFGS:  126 03:21:46     -202.474985        0.064284
BFGS:  127 03:21:46     -202.491086        0.070960
BFGS:  128 03:21:46     -202.508933        0.077615
BFGS:  129 03:21:46     -202.527989        0.084255
BFGS:  130 03:21:47     -202.547452        0.089972
BFGS:  131 03:21:47     -202.556058        0.087208
BFGS:  132 03:21:47     -202.559803        0.083424
BFGS:  133 03:21:47     -202.569272        0.072963
BFGS:  134 03:21:47     -202.575170        0.069876
BFGS:  135 03:21:47     -202.590556        0.070043
BFGS:  136 03:21:47     -202.637644        0.074054
BFGS:  137 03:21:47     -202.659804        0.077630
BFGS:  138 03:21:48     -202.672487        0.080641
BFGS:  139 03:21:48     -202.677458        0.083182
BFGS:  140 03:21:48     -202.680879        0.085174
BFGS:  141 03:21:48     -202.686071        0.088482
BFGS:  142 03:21:48     -202.698209        0.092849
BFGS:  143 03:21:48     -202.706455        0.094390
BFGS:  144 03:21:48     -202.714906        0.092113
BFGS:  145 03:21:48     -202.727593        0.092141
BFGS:  146 03:21:49     -202.746079        0.100682
BFGS:  147 03:21:49     -202.758857        0.119583
BFGS:  148 03:21:49     -202.764630        0.097487
BFGS:  149 03:21:49     -202.783304        0.111139
BFGS:  150 03:21:49     -202.799597        0.118390
BFGS:  151 03:21:49     -202.816735        0.124389
BFGS:  152 03:21:49     -202.842650        0.128123
BFGS:  153 03:21:49     -202.883284        0.138599
BFGS:  154 03:21:50     -202.946775        0.150432
BFGS:  155 03:21:50     -203.039520        0.164435
BFGS:  156 03:21:50     -203.171398        0.190482
BFGS:  157 03:21:50     -203.347766        0.222235
BFGS:  158 03:21:50     -203.541386        0.230818
BFGS:  159 03:21:50     -203.698144        0.234570
BFGS:  160 03:21:50     -203.785180        0.244886
BFGS:  161 03:21:50     -203.845657        0.245216
BFGS:  162 03:21:51     -203.903529        0.242141
BFGS:  163 03:21:51     -203.966255        0.244316
BFGS:  164 03:21:51     -204.026625        0.226365
BFGS:  165 03:21:51     -204.090443        0.216372
BFGS:  166 03:21:51     -204.139831        0.215129
BFGS:  167 03:21:51     -204.181108        0.224600
BFGS:  168 03:21:51     -204.213854        0.232558
BFGS:  169 03:21:51     -204.239131        0.236851
BFGS:  170 03:21:51     -204.274372        0.238436
BFGS:  171 03:21:52     -204.328159        0.240611
BFGS:  172 03:21:52     -204.404735        0.241229
BFGS:  173 03:21:52     -204.471989        0.244556
BFGS:  174 03:21:52     -204.518124        0.247150
BFGS:  175 03:21:55     -204.539759        0.254191
BFGS:  176 03:21:55     -204.551351        0.258292
BFGS:  177 03:21:55     -204.565441        0.264489
BFGS:  178 03:21:56     -204.584331        0.267611
BFGS:  179 03:21:56     -204.608487        0.264809
BFGS:  180 03:21:56     -204.638435        0.252779
BFGS:  181 03:21:56     -204.666828        0.238319
BFGS:  182 03:21:56     -204.694251        0.223019
BFGS:  183 03:21:56     -204.718421        0.207452
BFGS:  184 03:21:56     -204.737613        0.192122
BFGS:  185 03:21:56     -204.751619        0.177379
BFGS:  186 03:21:57     -204.761870        0.163246
BFGS:  187 03:21:57     -204.771569        0.169058
BFGS:  188 03:21:57     -204.790701        0.179603
BFGS:  189 03:21:57     -204.824133        0.188687
BFGS:  190 03:21:57     -204.862257        0.186956
BFGS:  191 03:21:57     -204.896654        0.171333
BFGS:  192 03:21:57     -204.922933        0.186556
BFGS:  193 03:21:57     -204.939108        0.191015
BFGS:  194 03:21:58     -204.949517        0.185487
BFGS:  195 03:21:58     -204.956143        0.176781
BFGS:  196 03:21:58     -204.963161        0.167255
BFGS:  197 03:21:58     -204.976631        0.155309
BFGS:  198 03:21:58     -205.005188        0.146117
BFGS:  199 03:21:58     -205.045453        0.143724
BFGS:  200 03:21:58     -205.092075        0.139531
BFGS:  201 03:22:02     -205.143574        0.157141
BFGS:  202 03:22:02     -205.197514        0.171158
BFGS:  203 03:22:02     -205.252148        0.181471
BFGS:  204 03:22:03     -205.305366        0.186623
BFGS:  205 03:22:03     -205.355176        0.186843
BFGS:  206 03:22:03     -205.399000        0.191016
BFGS:  207 03:22:03     -205.433385        0.199836
BFGS:  208 03:22:03     -205.451780        0.188123
BFGS:  209 03:22:03     -205.461684        0.161098
BFGS:  210 03:22:03     -205.490511        0.131718
BFGS:  211 03:22:03     -205.514811        0.134266
BFGS:  212 03:22:04     -205.540781        0.203064
BFGS:  213 03:22:04     -205.559820        0.280325
BFGS:  214 03:22:04     -205.577812        0.301593
BFGS:  215 03:22:04     -205.601447        0.300123
BFGS:  216 03:22:04     -205.629956        0.252842
BFGS:  217 03:22:04     -205.661913        0.211250
BFGS:  218 03:22:04     -205.693404        0.161555
BFGS:  219 03:22:04     -205.722455        0.155330
BFGS:  220 03:22:05     -205.741185        0.156320
BFGS:  221 03:22:05     -205.751146        0.138493
BFGS:  222 03:22:05     -205.760059        0.106254
BFGS:  223 03:22:05     -205.770482        0.092596
BFGS:  224 03:22:05     -205.787454        0.119843
BFGS:  225 03:22:05     -205.811293        0.189647
BFGS:  226 03:22:05     -205.836955        0.260973
BFGS:  227 03:22:05     -205.864309        0.309975
BFGS:  228 03:22:06     -205.886249        0.322404
BFGS:  229 03:22:06     -205.907242        0.299006
BFGS:  230 03:22:06     -205.934970        0.235258
BFGS:  231 03:22:06     -205.967699        0.157089
BFGS:  232 03:22:06     -205.992597        0.110612
BFGS:  233 03:22:06     -206.003920        0.095021
BFGS:  234 03:22:06     -206.010491        0.103681
BFGS:  235 03:22:06     -206.016445        0.098856
BFGS:  236 03:22:07     -206.026822        0.089339
BFGS:  237 03:22:07     -206.043438        0.091616
BFGS:  238 03:22:07     -206.064340        0.096562
BFGS:  239 03:22:07     -206.080143        0.117366
BFGS:  240 03:22:07     -206.088665        0.120415
BFGS:  241 03:22:07     -206.094737        0.110836
BFGS:  242 03:22:07     -206.104260        0.094371
BFGS:  243 03:22:07     -206.118993        0.068270
BFGS:  244 03:22:08     -206.134468        0.082591
BFGS:  245 03:22:08     -206.143263        0.111279
BFGS:  246 03:22:08     -206.146445        0.101615
BFGS:  247 03:22:08     -206.148377        0.078854
BFGS:  248 03:22:08     -206.151757        0.070136
BFGS:  249 03:22:08     -206.155854        0.068064
BFGS:  250 03:22:08     -206.159062        0.077981
BFGS:  251 03:22:08     -206.160827        0.087880
BFGS:  252 03:22:08     -206.162312        0.079169
BFGS:  253 03:22:09     -206.164749        0.067266
BFGS:  254 03:22:09     -206.168692        0.067628
BFGS:  255 03:22:09     -206.173181        0.066418
BFGS:  256 03:22:09     -206.176379        0.066599
BFGS:  257 03:22:09     -206.178431        0.071866
BFGS:  258 03:22:09     -206.180816        0.069691
BFGS:  259 03:22:09     -206.185698        0.059264
BFGS:  260 03:22:09     -206.195351        0.056706
BFGS:  261 03:22:10     -206.209553        0.080940
BFGS:  262 03:22:10     -206.221842        0.111041
BFGS:  263 03:22:10     -206.228330        0.114522
BFGS:  264 03:22:10     -206.232236        0.100642
BFGS:  265 03:22:10     -206.236885        0.073680
BFGS:  266 03:22:10     -206.244483        0.049609
BFGS:  267 03:22:10     -206.253987        0.083266
BFGS:  268 03:22:10     -206.261460        0.132515
BFGS:  269 03:22:11     -206.266566        0.144628
BFGS:  270 03:22:11     -206.271619        0.133890
BFGS:  271 03:22:11     -206.278163        0.109610
BFGS:  272 03:22:11     -206.287722        0.072803
BFGS:  273 03:22:11     -206.296733        0.050649
BFGS:  274 03:22:11     -206.301370        0.054170
BFGS:  275 03:22:11     -206.302865        0.043875
BFGS:  276 03:22:11     -206.303618        0.044298
BFGS:  277 03:22:12     -206.304680        0.045967
BFGS:  278 03:22:12     -206.306144        0.046845
BFGS:  279 03:22:12     -206.307386        0.046345
BFGS:  280 03:22:12     -206.308101        0.044825
BFGS:  281 03:22:12     -206.308510        0.043595
BFGS:  282 03:22:12     -206.308944        0.042598
BFGS:  283 03:22:12     -206.309609        0.041922
BFGS:  284 03:22:12     -206.310482        0.041892
BFGS:  285 03:22:13     -206.311251        0.042662
BFGS:  286 03:22:13     -206.311710        0.043428
BFGS:  287 03:22:13     -206.312057        0.043813
BFGS:  288 03:22:13     -206.312630        0.043841
BFGS:  289 03:22:13     -206.313824        0.043198
BFGS:  290 03:22:13     -206.316040        0.041127
BFGS:  291 03:22:13     -206.319022        0.052501
BFGS:  292 03:22:13     -206.321494        0.063971
BFGS:  293 03:22:13     -206.322967        0.058478
BFGS:  294 03:22:14     -206.324306        0.052944
BFGS:  295 03:22:14     -206.326703        0.046074
BFGS:  296 03:22:14     -206.330893        0.042332
BFGS:  297 03:22:14     -206.335970        0.069720
BFGS:  298 03:22:14     -206.339102        0.076356
BFGS:  299 03:22:14     -206.340233        0.059324
BFGS:  300 03:22:14     -206.340732        0.042772
BFGS:  301 03:22:14     -206.341473        0.028791
BFGS:  302 03:22:15     -206.342621        0.022414
BFGS:  303 03:22:15     -206.343721        0.045698
BFGS:  304 03:22:15     -206.344360        0.052371
BFGS:  305 03:22:15     -206.344727        0.045950
BFGS:  306 03:22:15     -206.345190        0.033323
BFGS:  307 03:22:15     -206.345936        0.019129
BFGS:  308 03:22:15     -206.346762        0.017949
BFGS:  309 03:22:15     -206.347242        0.017685
BFGS:  310 03:22:16     -206.347398        0.016234
BFGS:  311 03:22:16     -206.347483        0.015458
BFGS:  312 03:22:16     -206.347636        0.013209
BFGS:  313 03:22:16     -206.347886        0.010208
BFGS:  314 03:22:16     -206.348159        0.010594
BFGS:  315 03:22:16     -206.348305        0.012462
BFGS:  316 03:22:16     -206.348347        0.010333
BFGS:  317 03:22:16     -206.348366        0.007847
BFGS:  318 03:22:17     -206.348399        0.007983
BFGS:  319 03:22:17     -206.348447        0.008042
BFGS:  320 03:22:17     -206.348491        0.009527
BFGS:  321 03:22:17     -206.348517        0.010962
BFGS:  322 03:22:17     -206.348533        0.009861
BFGS:  323 03:22:17     -206.348555        0.007487
BFGS:  324 03:22:17     -206.348596        0.007322
BFGS:  325 03:22:17     -206.348653        0.007174
BFGS:  326 03:22:18     -206.348703        0.009171
BFGS:  327 03:22:18     -206.348733        0.009930
BFGS:  328 03:22:18     -206.348758        0.008833
BFGS:  329 03:22:18     -206.348801        0.007246
BFGS:  330 03:22:18     -206.348886        0.007107
BFGS:  331 03:22:18     -206.349018        0.007226
BFGS:  332 03:22:18     -206.349145        0.009698
BFGS:  333 03:22:18     -206.349214        0.010591
BFGS:  334 03:22:19     -206.349249        0.010955
BFGS:  335 03:22:19     -206.349292        0.009910
BFGS:  336 03:22:19     -206.349368        0.006878
BFGS:  337 03:22:19     -206.349466        0.008639
BFGS:  338 03:22:19     -206.349542        0.010265
BFGS:  339 03:22:19     -206.349579        0.011061
BFGS:  340 03:22:19     -206.349603        0.010140
BFGS:  341 03:22:19     -206.349641        0.007127
BFGS:  342 03:22:20     -206.349698        0.005359
BFGS:  343 03:22:20     -206.349751        0.007380
BFGS:  344 03:22:20     -206.349780        0.009118
BFGS:  345 03:22:20     -206.349796        0.008488
BFGS:  346 03:22:20     -206.349816        0.006663
BFGS:  347 03:22:20     -206.349851        0.004415
BFGS:  348 03:22:20     -206.349897        0.005022
BFGS:  349 03:22:20     -206.349931        0.005094
BFGS:  350 03:22:20     -206.349946        0.005596
BFGS:  351 03:22:21     -206.349954        0.005208
BFGS:  352 03:22:21     -206.349969        0.004176
BFGS:  353 03:22:21     -206.349997        0.003773
BFGS:  354 03:22:21     -206.350035        0.006076
BFGS:  355 03:22:21     -206.350066        0.006585
BFGS:  356 03:22:21     -206.350079        0.004915
BFGS:  357 03:22:21     -206.350086        0.003652
BFGS:  358 03:22:21     -206.350095        0.003416
BFGS:  359 03:22:22     -206.350109        0.003469
BFGS:  360 03:22:22     -206.350125        0.004444
BFGS:  361 03:22:22     -206.350135        0.004427
BFGS:  362 03:22:22     -206.350140        0.003349
BFGS:  363 03:22:22     -206.350143        0.003065
BFGS:  364 03:22:22     -206.350151        0.002960
BFGS:  365 03:22:22     -206.350161        0.002963
BFGS:  366 03:22:22     -206.350171        0.003762
BFGS:  367 03:22:23     -206.350176        0.003087
BFGS:  368 03:22:23     -206.350179        0.003162
BFGS:  369 03:22:23     -206.350183        0.003222
BFGS:  370 03:22:23     -206.350190        0.003262
BFGS:  371 03:22:23     -206.350199        0.003775
BFGS:  372 03:22:23     -206.350208        0.003841
BFGS:  373 03:22:23     -206.350213        0.002962
BFGS:  374 03:22:23     -206.350216        0.002873
BFGS:  375 03:22:24     -206.350222        0.002771
BFGS:  376 03:22:24     -206.350233        0.002897
BFGS:  377 03:22:24     -206.350250        0.004464
BFGS:  378 03:22:24     -206.350267        0.003953
BFGS:  379 03:22:24     -206.350276        0.002937
BFGS:  380 03:22:24     -206.350281        0.003055
BFGS:  381 03:22:24     -206.350286        0.002882
BFGS:  382 03:22:24     -206.350297        0.004019
BFGS:  383 03:22:25     -206.350317        0.005832
BFGS:  384 03:22:25     -206.350341        0.006017
BFGS:  385 03:22:25     -206.350358        0.005574
BFGS:  386 03:22:25     -206.350365        0.004584
BFGS:  387 03:22:25     -206.350371        0.003475
BFGS:  388 03:22:25     -206.350379        0.002163
BFGS:  389 03:22:25     -206.350392        0.003324
BFGS:  390 03:22:29     -206.350407        0.004475
BFGS:  391 03:22:29     -206.350417        0.005533
BFGS:  392 03:22:29     -206.350423        0.005157
BFGS:  393 03:22:30     -206.350429        0.004183
BFGS:  394 03:22:30     -206.350437        0.002477
BFGS:  395 03:22:30     -206.350450        0.001732
BFGS:  396 03:22:30     -206.350461        0.001900
BFGS:  397 03:22:30     -206.350468        0.002559
BFGS:  398 03:22:30     -206.350471        0.002443
BFGS:  399 03:22:30     -206.350474        0.002204
BFGS:  400 03:22:30     -206.350480        0.001918
BFGS:  401 03:22:31     -206.350490        0.001996
BFGS:  402 03:22:31     -206.350501        0.002418
BFGS:  403 03:22:31     -206.350507        0.001843
BFGS:  404 03:22:31     -206.350510        0.001742
BFGS:  405 03:22:31     -206.350511        0.001533
BFGS:  406 03:22:31     -206.350514        0.001527
BFGS:  407 03:22:31     -206.350518        0.002207
BFGS:  408 03:22:31     -206.350522        0.002347
BFGS:  409 03:22:32     -206.350524        0.002071
BFGS:  410 03:22:32     -206.350525        0.001649
BFGS:  411 03:22:32     -206.350526        0.001678
BFGS:  412 03:22:32     -206.350528        0.001401
BFGS:  413 03:22:32     -206.350529        0.001431
BFGS:  414 03:22:32     -206.350531        0.001480
BFGS:  415 03:22:32     -206.350532        0.001347
BFGS:  416 03:22:32     -206.350532        0.001350
BFGS:  417 03:22:33     -206.350533        0.001178
BFGS:  418 03:22:33     -206.350534        0.000733
