      Step     Time          Energy          fmax
BFGS:    0 00:11:23      -12.744842       11.973739
BFGS:    1 00:11:23      -18.032827        5.352272
BFGS:    2 00:11:23      -21.174287        2.315223
BFGS:    3 00:11:23      -22.416775        1.320713
BFGS:    4 00:11:23      -22.865166        0.780897
BFGS:    5 00:11:23      -23.009857        0.577747
BFGS:    6 00:11:23      -23.095029        0.670116
BFGS:    7 00:11:23      -23.219299        0.729967
BFGS:    8 00:11:23      -23.421649        0.735188
BFGS:    9 00:11:23      -23.689514        0.684560
BFGS:   10 00:11:23      -23.889793        0.868713
BFGS:   11 00:11:23      -23.958275        0.894873
BFGS:   12 00:11:23      -24.065771        0.741099
BFGS:   13 00:11:23      -24.146047        0.569109
BFGS:   14 00:11:23      -24.321174        0.406253
BFGS:   15 00:11:23      -24.426477        0.436629
BFGS:   16 00:11:23      -24.466835        0.389523
BFGS:   17 00:11:23      -24.500190        0.399852
BFGS:   18 00:11:23      -24.554961        0.460750
BFGS:   19 00:11:23      -24.633416        0.511802
BFGS:   20 00:11:23      -24.821428        0.490466
BFGS:   21 00:11:23      -24.908787        0.416507
BFGS:   22 00:11:23      -24.952851        0.435722
BFGS:   23 00:11:23      -24.967654        0.384331
BFGS:   24 00:11:23      -24.990166        0.327980
BFGS:   25 00:11:24      -25.010843        0.319416
BFGS:   26 00:11:24      -25.071408        0.265002
BFGS:   27 00:11:24      -25.121365        0.213707
BFGS:   28 00:11:24      -25.149545        0.139680
BFGS:   29 00:11:24      -25.155258        0.153584
BFGS:   30 00:11:24      -25.157509        0.149970
BFGS:   31 00:11:24      -25.163333        0.141499
BFGS:   32 00:11:24      -25.174255        0.149250
BFGS:   33 00:11:24      -25.192767        0.158862
BFGS:   34 00:11:24      -25.211782        0.152651
BFGS:   35 00:11:24      -25.222286        0.156002
BFGS:   36 00:11:24      -25.224814        0.147282
BFGS:   37 00:11:24      -25.228435        0.135421
BFGS:   38 00:11:24      -25.236456        0.141361
BFGS:   39 00:11:24      -25.253578        0.242076
BFGS:   40 00:11:24      -25.293445        0.360940
BFGS:   41 00:11:24      -25.324267        0.436472
BFGS:   42 00:11:24      -25.358140        0.457759
BFGS:   43 00:11:24      -25.386391        0.371632
BFGS:   44 00:11:24      -25.404126        0.268340
BFGS:   45 00:11:24      -25.417102        0.285253
BFGS:   46 00:11:24      -25.430808        0.301445
BFGS:   47 00:11:24      -25.470392        0.315415
BFGS:   48 00:11:24      -25.513579        0.350088
BFGS:   49 00:11:24      -25.537221        0.250899
BFGS:   50 00:11:24      -25.547062        0.193886
BFGS:   51 00:11:24      -25.551677        0.193863
BFGS:   52 00:11:24      -25.557714        0.155730
BFGS:   53 00:11:24      -25.563719        0.125938
BFGS:   54 00:11:24      -25.570811        0.144725
BFGS:   55 00:11:24      -25.576537        0.210863
BFGS:   56 00:11:24      -25.580112        0.208563
BFGS:   57 00:11:24      -25.582605        0.166741
BFGS:   58 00:11:24      -25.585592        0.086091
BFGS:   59 00:11:24      -25.588258        0.069935
BFGS:   60 00:11:25      -25.590262        0.073276
BFGS:   61 00:11:25      -25.591706        0.104708
BFGS:   62 00:11:25      -25.593452        0.118225
BFGS:   63 00:11:25      -25.596568        0.120887
BFGS:   64 00:11:25      -25.601974        0.107738
BFGS:   65 00:11:25      -25.608804        0.078462
BFGS:   66 00:11:25      -25.614780        0.073683
BFGS:   67 00:11:25      -25.618253        0.060947
BFGS:   68 00:11:25      -25.619060        0.049729
BFGS:   69 00:11:25      -25.619399        0.046814
BFGS:   70 00:11:25      -25.620334        0.044741
BFGS:   71 00:11:25      -25.621873        0.048398
BFGS:   72 00:11:25      -25.624707        0.122931
BFGS:   73 00:11:25      -25.627914        0.193409
BFGS:   74 00:11:25      -25.630904        0.223389
BFGS:   75 00:11:25      -25.633105        0.195672
BFGS:   76 00:11:25      -25.635105        0.124607
BFGS:   77 00:11:25      -25.636857        0.060909
BFGS:   78 00:11:25      -25.638119        0.055173
BFGS:   79 00:11:25      -25.638824        0.057867
BFGS:   80 00:11:25      -25.639350        0.060921
BFGS:   81 00:11:25      -25.640395        0.065026
BFGS:   82 00:11:25      -25.642544        0.068352
BFGS:   83 00:11:25      -25.645845        0.064113
BFGS:   84 00:11:25      -25.649031        0.065207
BFGS:   85 00:11:25      -25.651170        0.079577
BFGS:   86 00:11:25      -25.652144        0.076697
BFGS:   87 00:11:25      -25.652943        0.068973
BFGS:   88 00:11:25      -25.654235        0.052856
BFGS:   89 00:11:25      -25.655986        0.038604
BFGS:   90 00:11:25      -25.657686        0.034016
BFGS:   91 00:11:25      -25.658527        0.045033
BFGS:   92 00:11:25      -25.658822        0.041373
BFGS:   93 00:11:25      -25.658954        0.035880
BFGS:   94 00:11:26      -25.659169        0.026833
BFGS:   95 00:11:26      -25.659595        0.022107
BFGS:   96 00:11:26      -25.660272        0.021121
BFGS:   97 00:11:26      -25.660934        0.027882
BFGS:   98 00:11:26      -25.661199        0.026275
BFGS:   99 00:11:26      -25.661267        0.020361
BFGS:  100 00:11:26      -25.661320        0.016565
BFGS:  101 00:11:26      -25.661428        0.015779
BFGS:  102 00:11:26      -25.661629        0.015792
BFGS:  103 00:11:26      -25.661880        0.019756
BFGS:  104 00:11:26      -25.662054        0.024055
BFGS:  105 00:11:26      -25.662133        0.026572
BFGS:  106 00:11:26      -25.662206        0.027037
BFGS:  107 00:11:26      -25.662348        0.026839
BFGS:  108 00:11:26      -25.662657        0.025779
BFGS:  109 00:11:26      -25.663221        0.028933
BFGS:  110 00:11:26      -25.664038        0.044239
BFGS:  111 00:11:26      -25.665480        0.073708
BFGS:  112 00:11:26      -25.662287        0.160678
BFGS:  113 00:11:26      -25.666883        0.092290
BFGS:  114 00:11:26      -25.667457        0.100684
BFGS:  115 00:11:26      -25.668102        0.106528
BFGS:  116 00:11:26      -25.668866        0.098322
BFGS:  117 00:11:26      -25.670942        0.056762
BFGS:  118 00:11:26      -25.671639        0.038355
BFGS:  119 00:11:26      -25.672811        0.031096
BFGS:  120 00:11:26      -25.673606        0.025113
BFGS:  121 00:11:26      -25.674021        0.021659
BFGS:  122 00:11:26      -25.674225        0.021479
BFGS:  123 00:11:26      -25.674339        0.022551
BFGS:  124 00:11:26      -25.674488        0.023953
BFGS:  125 00:11:26      -25.674736        0.025677
BFGS:  126 00:11:26      -25.675202        0.027163
BFGS:  127 00:11:26      -25.675959        0.027143
BFGS:  128 00:11:27      -25.676678        0.029104
BFGS:  129 00:11:27      -25.677069        0.033114
BFGS:  130 00:11:27      -25.677256        0.034204
BFGS:  131 00:11:27      -25.677576        0.037993
BFGS:  132 00:11:27      -25.678222        0.040735
BFGS:  133 00:11:27      -25.679492        0.042703
BFGS:  134 00:11:27      -25.681086        0.036671
BFGS:  135 00:11:27      -25.682011        0.030571
BFGS:  136 00:11:27      -25.682473        0.029383
BFGS:  137 00:11:27      -25.682559        0.027221
BFGS:  138 00:11:27      -25.682621        0.025432
BFGS:  139 00:11:27      -25.682898        0.019033
BFGS:  140 00:11:27      -25.683320        0.016977
BFGS:  141 00:11:27      -25.683909        0.019319
BFGS:  142 00:11:27      -25.684274        0.018697
BFGS:  143 00:11:27      -25.684385        0.019729
BFGS:  144 00:11:27      -25.684430        0.019242
BFGS:  145 00:11:27      -25.684506        0.017725
BFGS:  146 00:11:27      -25.684679        0.017748
BFGS:  147 00:11:27      -25.685006        0.017425
BFGS:  148 00:11:27      -25.685399        0.016236
BFGS:  149 00:11:27      -25.685641        0.015087
BFGS:  150 00:11:27      -25.685715        0.014996
BFGS:  151 00:11:27      -25.685749        0.014326
BFGS:  152 00:11:27      -25.685819        0.014288
BFGS:  153 00:11:27      -25.685973        0.015520
BFGS:  154 00:11:27      -25.686272        0.018783
BFGS:  155 00:11:27      -25.686654        0.017426
BFGS:  156 00:11:27      -25.686904        0.015820
BFGS:  157 00:11:27      -25.686982        0.014057
BFGS:  158 00:11:27      -25.687004        0.012783
BFGS:  159 00:11:27      -25.687029        0.011689
BFGS:  160 00:11:27      -25.687090        0.011291
BFGS:  161 00:11:27      -25.687199        0.010071
BFGS:  162 00:11:28      -25.687337        0.008483
BFGS:  163 00:11:28      -25.687419        0.007635
BFGS:  164 00:11:28      -25.687441        0.006930
BFGS:  165 00:11:28      -25.687446        0.006510
BFGS:  166 00:11:28      -25.687452        0.005825
BFGS:  167 00:11:28      -25.687468        0.004632
BFGS:  168 00:11:28      -25.687498        0.004826
BFGS:  169 00:11:28      -25.687536        0.004790
BFGS:  170 00:11:28      -25.687560        0.004319
BFGS:  171 00:11:28      -25.687566        0.003796
BFGS:  172 00:11:28      -25.687568        0.003365
BFGS:  173 00:11:28      -25.687571        0.002942
BFGS:  174 00:11:28      -25.687577        0.002644
BFGS:  175 00:11:28      -25.687588        0.002682
BFGS:  176 00:11:28      -25.687603        0.002308
BFGS:  177 00:11:28      -25.687613        0.001550
BFGS:  178 00:11:29      -25.687616        0.001200
BFGS:  179 00:11:29      -25.687616        0.001147
BFGS:  180 00:11:29      -25.687616        0.001104
BFGS:  181 00:11:29      -25.687617        0.000984
