      Step     Time          Energy          fmax
BFGS:    0 15:14:43     -154.923793        4.452608
BFGS:    1 15:14:43     -161.407120        3.505512
BFGS:    2 15:14:43     -175.114527        1.850238
BFGS:    3 15:14:43     -181.634543        1.196413
BFGS:    4 15:14:43     -183.899775        0.877499
BFGS:    5 15:14:44     -184.919475        0.878674
BFGS:    6 15:14:44     -185.705741        0.803888
BFGS:    7 15:14:44     -186.744251        0.754387
BFGS:    8 15:14:44     -188.135209        0.739830
BFGS:    9 15:14:44     -190.054363        0.631964
BFGS:   10 15:14:44     -190.944591        0.689197
BFGS:   11 15:14:44     -191.167089        0.661624
BFGS:   12 15:14:44     -191.975538        0.580198
BFGS:   13 15:14:45     -192.627529        0.533946
BFGS:   14 15:14:45     -193.338296        0.644230
BFGS:   15 15:14:45     -193.742041        0.723335
BFGS:   16 15:14:45     -194.028043        0.725527
BFGS:   17 15:14:45     -194.520176        0.671405
BFGS:   18 15:14:45     -195.293769        0.516795
BFGS:   19 15:14:45     -195.774391        0.406981
BFGS:   20 15:14:45     -196.108598        0.344179
BFGS:   21 15:14:46     -196.406322        0.372568
BFGS:   22 15:14:46     -196.502615        0.368211
BFGS:   23 15:14:46     -197.129110        0.358287
BFGS:   24 15:14:46     -197.630220        0.318248
BFGS:   25 15:14:46     -198.033325        0.259278
BFGS:   26 15:14:46     -198.292316        0.258788
BFGS:   27 15:14:46     -198.415315        0.312877
BFGS:   28 15:14:46     -198.513335        0.352459
BFGS:   29 15:14:46     -198.810668        0.394384
BFGS:   30 15:14:47     -199.039368        0.458452
BFGS:   31 15:14:47     -199.270215        0.526726
BFGS:   32 15:14:47     -199.475752        0.498058
BFGS:   33 15:14:47     -199.595203        0.425217
BFGS:   34 15:14:47     -199.740024        0.331855
BFGS:   35 15:14:47     -199.937411        0.297215
BFGS:   36 15:14:47     -200.060383        0.375236
BFGS:   37 15:14:47     -200.153384        0.396806
BFGS:   38 15:14:48     -200.274063        0.347780
BFGS:   39 15:14:48     -200.428331        0.234402
BFGS:   40 15:14:48     -200.623422        0.201243
BFGS:   41 15:14:48     -200.796429        0.232003
BFGS:   42 15:14:48     -200.900170        0.200092
BFGS:   43 15:14:48     -200.934944        0.176428
BFGS:   44 15:14:48     -200.969045        0.176026
BFGS:   45 15:14:48     -201.032643        0.169837
BFGS:   46 15:14:49     -201.171994        0.233261
BFGS:   47 15:14:49     -201.363732        0.273870
BFGS:   48 15:14:49     -201.445417        0.160561
BFGS:   49 15:14:49     -201.478665        0.147479
BFGS:   50 15:14:49     -201.498683        0.137918
BFGS:   51 15:14:49     -201.533752        0.128247
BFGS:   52 15:14:49     -201.610306        0.186337
BFGS:   53 15:14:49     -201.726806        0.191476
BFGS:   54 15:14:50     -201.799493        0.133795
BFGS:   55 15:14:50     -201.832172        0.132516
BFGS:   56 15:14:50     -201.846074        0.120725
BFGS:   57 15:14:50     -201.867662        0.108754
BFGS:   58 15:14:50     -201.908905        0.123186
BFGS:   59 15:14:50     -201.971146        0.109764
BFGS:   60 15:14:50     -202.028653        0.170762
BFGS:   61 15:14:50     -202.057561        0.185107
BFGS:   62 15:14:50     -202.078210        0.177506
BFGS:   63 15:14:51     -202.115395        0.163824
BFGS:   64 15:14:51     -202.199101        0.148350
BFGS:   65 15:14:51     -202.354918        0.151919
BFGS:   66 15:14:51     -202.513014        0.168157
BFGS:   67 15:14:51     -202.649075        0.164156
BFGS:   68 15:14:51     -202.688728        0.138688
BFGS:   69 15:14:51     -202.710345        0.120479
BFGS:   70 15:14:51     -202.729842        0.115966
BFGS:   71 15:14:52     -202.814266        0.123984
BFGS:   72 15:14:52     -202.913445        0.144392
BFGS:   73 15:14:52     -203.019901        0.136870
BFGS:   74 15:14:52     -203.067177        0.127212
BFGS:   75 15:14:52     -203.108511        0.106677
BFGS:   76 15:14:52     -203.117713        0.104433
BFGS:   77 15:14:52     -203.126055        0.103507
BFGS:   78 15:14:52     -203.144148        0.107755
BFGS:   79 15:14:53     -203.172200        0.114585
BFGS:   80 15:14:53     -203.214748        0.121801
BFGS:   81 15:14:53     -203.253619        0.129248
BFGS:   82 15:14:53     -203.269975        0.130996
BFGS:   83 15:14:53     -203.274551        0.124749
BFGS:   84 15:14:53     -203.276966        0.123854
BFGS:   85 15:14:53     -203.280458        0.122263
BFGS:   86 15:14:53     -203.289345        0.121245
BFGS:   87 15:14:53     -203.305989        0.120845
BFGS:   88 15:14:54     -203.335483        0.122800
BFGS:   89 15:14:54     -203.365970        0.126733
BFGS:   90 15:14:54     -203.380872        0.132107
BFGS:   91 15:14:54     -203.385299        0.133704
BFGS:   92 15:14:54     -203.388965        0.135547
BFGS:   93 15:14:54     -203.395813        0.136276
BFGS:   94 15:14:54     -203.411341        0.137132
BFGS:   95 15:14:54     -203.431787        0.135641
BFGS:   96 15:14:55     -203.452552        0.133214
BFGS:   97 15:14:55     -203.473165        0.130039
BFGS:   98 15:14:55     -203.493479        0.126311
BFGS:   99 15:14:55     -203.514376        0.121797
BFGS:  100 15:14:55     -203.536329        0.116831
BFGS:  101 15:14:55     -203.559489        0.124267
BFGS:  102 15:14:55     -203.584606        0.138903
BFGS:  103 15:14:55     -203.614058        0.153513
BFGS:  104 15:14:56     -203.644761        0.163337
BFGS:  105 15:14:56     -203.661578        0.151641
BFGS:  106 15:14:56     -203.689798        0.133747
BFGS:  107 15:14:56     -203.714664        0.130746
BFGS:  108 15:14:56     -203.779347        0.105372
BFGS:  109 15:14:56     -203.855594        0.093107
BFGS:  110 15:14:56     -203.918291        0.093297
BFGS:  111 15:14:56     -203.994915        0.105785
BFGS:  112 15:14:57     -204.060251        0.106179
BFGS:  113 15:14:57     -204.079585        0.116669
BFGS:  114 15:14:57     -204.089270        0.111833
BFGS:  115 15:14:57     -204.101978        0.114566
BFGS:  116 15:14:57     -204.124696        0.111444
BFGS:  117 15:14:57     -204.173779        0.143799
BFGS:  118 15:14:57     -204.271092        0.148683
BFGS:  119 15:14:57     -204.373277        0.152593
BFGS:  120 15:14:57     -204.455342        0.166825
BFGS:  121 15:14:58     -204.476565        0.167811
BFGS:  122 15:14:58     -204.488509        0.166771
BFGS:  123 15:14:58     -204.497453        0.165482
BFGS:  124 15:14:58     -204.531650        0.158839
BFGS:  125 15:14:58     -204.559932        0.158773
BFGS:  126 15:14:58     -204.584376        0.156409
BFGS:  127 15:14:58     -204.602712        0.164131
BFGS:  128 15:14:58     -204.623935        0.162196
BFGS:  129 15:14:59     -204.662578        0.158119
BFGS:  130 15:14:59     -204.696522        0.146053
BFGS:  131 15:14:59     -204.711527        0.137813
BFGS:  132 15:14:59     -204.719475        0.132673
BFGS:  133 15:14:59     -204.723499        0.129692
BFGS:  134 15:14:59     -204.726747        0.128216
BFGS:  135 15:14:59     -204.729286        0.127220
BFGS:  136 15:14:59     -204.733330        0.126256
BFGS:  137 15:15:00     -204.741963        0.123014
BFGS:  138 15:15:00     -204.761172        0.115206
BFGS:  139 15:15:00     -204.786804        0.103872
BFGS:  140 15:15:00     -204.813369        0.092161
BFGS:  141 15:15:00     -204.840271        0.079978
BFGS:  142 15:15:00     -204.867237        0.067865
BFGS:  143 15:15:00     -204.892421        0.059795
BFGS:  144 15:15:00     -204.912229        0.063923
BFGS:  145 15:15:01     -204.919053        0.065570
BFGS:  146 15:15:01     -204.921219        0.065146
BFGS:  147 15:15:01     -204.927194        0.063282
BFGS:  148 15:15:01     -204.932907        0.062415
BFGS:  149 15:15:01     -204.950412        0.062714
BFGS:  150 15:15:01     -204.971432        0.065777
BFGS:  151 15:15:01     -204.989779        0.069399
BFGS:  152 15:15:01     -205.006236        0.073234
BFGS:  153 15:15:02     -205.019820        0.077172
BFGS:  154 15:15:02     -205.029419        0.081162
BFGS:  155 15:15:02     -205.034249        0.085200
BFGS:  156 15:15:02     -205.035130        0.086450
BFGS:  157 15:15:02     -205.036474        0.087669
BFGS:  158 15:15:02     -205.039874        0.089929
BFGS:  159 15:15:02     -205.048145        0.094832
BFGS:  160 15:15:02     -205.060538        0.102824
BFGS:  161 15:15:03     -205.078205        0.107225
BFGS:  162 15:15:03     -205.097595        0.111382
BFGS:  163 15:15:03     -205.115951        0.114145
BFGS:  164 15:15:03     -205.137832        0.114317
BFGS:  165 15:15:03     -205.162636        0.111289
BFGS:  166 15:15:03     -205.186120        0.103289
BFGS:  167 15:15:03     -205.196332        0.098795
BFGS:  168 15:15:03     -205.200462        0.100368
BFGS:  169 15:15:04     -205.208690        0.104809
BFGS:  170 15:15:04     -205.218692        0.107770
BFGS:  171 15:15:04     -205.244564        0.113090
BFGS:  172 15:15:04     -205.279405        0.112211
BFGS:  173 15:15:04     -205.321664        0.108924
BFGS:  174 15:15:04     -205.372729        0.098979
BFGS:  175 15:15:04     -205.427330        0.086869
BFGS:  176 15:15:04     -205.471424        0.073951
BFGS:  177 15:15:05     -205.487308        0.068641
BFGS:  178 15:15:05     -205.488361        0.064701
BFGS:  179 15:15:05     -205.495691        0.065767
BFGS:  180 15:15:05     -205.499519        0.067467
BFGS:  181 15:15:05     -205.507480        0.067723
BFGS:  182 15:15:05     -205.518533        0.067664
BFGS:  183 15:15:05     -205.539960        0.063940
BFGS:  184 15:15:05     -205.565912        0.062563
BFGS:  185 15:15:05     -205.587067        0.063155
BFGS:  186 15:15:06     -205.604861        0.063993
BFGS:  187 15:15:06     -205.617651        0.064180
BFGS:  188 15:15:06     -205.622941        0.064640
BFGS:  189 15:15:06     -205.625043        0.064320
BFGS:  190 15:15:06     -205.626655        0.063948
BFGS:  191 15:15:06     -205.627476        0.063661
BFGS:  192 15:15:06     -205.628276        0.063589
BFGS:  193 15:15:06     -205.629953        0.063524
BFGS:  194 15:15:07     -205.633704        0.063099
BFGS:  195 15:15:07     -205.642054        0.061829
BFGS:  196 15:15:07     -205.653810        0.068484
BFGS:  197 15:15:07     -205.668963        0.075157
BFGS:  198 15:15:07     -205.686728        0.084104
BFGS:  199 15:15:07     -205.703904        0.090472
BFGS:  200 15:15:07     -205.710612        0.081152
BFGS:  201 15:15:07     -205.712733        0.071718
BFGS:  202 15:15:08     -205.715012        0.055471
BFGS:  203 15:15:08     -205.717136        0.043668
BFGS:  204 15:15:08     -205.719526        0.043105
BFGS:  205 15:15:08     -205.721455        0.052612
BFGS:  206 15:15:08     -205.723203        0.066847
BFGS:  207 15:15:08     -205.725493        0.073673
BFGS:  208 15:15:08     -205.729655        0.091238
BFGS:  209 15:15:08     -205.737588        0.115336
BFGS:  210 15:15:09     -205.747977        0.134261
BFGS:  211 15:15:09     -205.759380        0.140792
BFGS:  212 15:15:09     -205.770843        0.136567
BFGS:  213 15:15:09     -205.781360        0.120144
BFGS:  214 15:15:09     -205.789927        0.110958
BFGS:  215 15:15:09     -205.795767        0.090989
BFGS:  216 15:15:09     -205.798064        0.062925
BFGS:  217 15:15:09     -205.800200        0.044767
BFGS:  218 15:15:10     -205.802004        0.044388
BFGS:  219 15:15:10     -205.803912        0.065702
BFGS:  220 15:15:10     -205.806827        0.102974
BFGS:  221 15:15:10     -205.811631        0.136346
BFGS:  222 15:15:10     -205.819781        0.158857
BFGS:  223 15:15:10     -205.829549        0.150917
BFGS:  224 15:15:10     -205.842490        0.120489
BFGS:  225 15:15:10     -205.854023        0.092263
BFGS:  226 15:15:11     -205.859230        0.074333
BFGS:  227 15:15:11     -205.862724        0.068698
BFGS:  228 15:15:11     -205.865109        0.064166
BFGS:  229 15:15:11     -205.869127        0.072173
BFGS:  230 15:15:11     -205.874840        0.125278
BFGS:  231 15:15:11     -205.882113        0.170234
BFGS:  232 15:15:11     -205.890146        0.148467
BFGS:  233 15:15:11     -205.896997        0.114281
BFGS:  234 15:15:12     -205.900963        0.072007
BFGS:  235 15:15:12     -205.904007        0.071538
BFGS:  236 15:15:12     -205.906760        0.079387
BFGS:  237 15:15:12     -205.908986        0.084852
BFGS:  238 15:15:12     -205.911369        0.068707
BFGS:  239 15:15:12     -205.913600        0.053944
BFGS:  240 15:15:12     -205.915474        0.044886
BFGS:  241 15:15:12     -205.916851        0.049943
BFGS:  242 15:15:12     -205.917967        0.043559
BFGS:  243 15:15:13     -205.919066        0.040078
BFGS:  244 15:15:13     -205.920046        0.032501
BFGS:  245 15:15:13     -205.920708        0.033723
BFGS:  246 15:15:13     -205.921102        0.034855
BFGS:  247 15:15:13     -205.921360        0.035404
BFGS:  248 15:15:13     -205.921582        0.035282
BFGS:  249 15:15:13     -205.921860        0.034694
BFGS:  250 15:15:13     -205.922296        0.033493
BFGS:  251 15:15:14     -205.923022        0.048141
BFGS:  252 15:15:14     -205.924156        0.068947
BFGS:  253 15:15:14     -205.925705        0.082374
BFGS:  254 15:15:14     -205.927491        0.078060
BFGS:  255 15:15:14     -205.929295        0.055129
BFGS:  256 15:15:14     -205.931015        0.026826
BFGS:  257 15:15:14     -205.933193        0.035829
BFGS:  258 15:15:14     -205.935835        0.084913
BFGS:  259 15:15:15     -205.937575        0.093578
BFGS:  260 15:15:15     -205.939901        0.058204
BFGS:  261 15:15:15     -205.942177        0.054098
BFGS:  262 15:15:15     -205.944198        0.052754
BFGS:  263 15:15:15     -205.947600        0.069648
BFGS:  264 15:15:15     -205.954060        0.109512
BFGS:  265 15:15:15     -205.959075        0.090411
BFGS:  266 15:15:15     -205.965461        0.047681
BFGS:  267 15:15:16     -205.969450        0.038780
BFGS:  268 15:15:16     -205.970730        0.040370
BFGS:  269 15:15:16     -205.971198        0.040016
BFGS:  270 15:15:16     -205.971807        0.040721
BFGS:  271 15:15:16     -205.972857        0.040632
BFGS:  272 15:15:16     -205.975102        0.067117
BFGS:  273 15:15:16     -205.978561        0.103607
BFGS:  274 15:15:16     -205.982874        0.124043
BFGS:  275 15:15:17     -205.986807        0.106354
BFGS:  276 15:15:17     -205.989752        0.080352
BFGS:  277 15:15:17     -205.992323        0.083126
BFGS:  278 15:15:17     -205.995341        0.080812
BFGS:  279 15:15:17     -205.998446        0.111552
BFGS:  280 15:15:17     -206.001489        0.118507
BFGS:  281 15:15:17     -206.005091        0.092654
BFGS:  282 15:15:17     -206.009687        0.081899
BFGS:  283 15:15:18     -206.014798        0.093223
BFGS:  284 15:15:18     -206.019451        0.140181
BFGS:  285 15:15:18     -206.022784        0.127872
BFGS:  286 15:15:18     -206.025119        0.074198
BFGS:  287 15:15:18     -206.027455        0.046946
BFGS:  288 15:15:18     -206.029218        0.071857
BFGS:  289 15:15:18     -206.030315        0.085120
BFGS:  290 15:15:18     -206.031212        0.067663
BFGS:  291 15:15:19     -206.032060        0.028899
BFGS:  292 15:15:19     -206.032816        0.028073
BFGS:  293 15:15:19     -206.033500        0.054010
BFGS:  294 15:15:19     -206.034220        0.068101
BFGS:  295 15:15:19     -206.035151        0.065449
BFGS:  296 15:15:19     -206.036221        0.041366
BFGS:  297 15:15:19     -206.036974        0.027334
BFGS:  298 15:15:19     -206.037302        0.027415
BFGS:  299 15:15:20     -206.037485        0.027420
BFGS:  300 15:15:20     -206.037740        0.027283
BFGS:  301 15:15:20     -206.038251        0.026953
BFGS:  302 15:15:20     -206.039233        0.035666
BFGS:  303 15:15:20     -206.040861        0.057129
BFGS:  304 15:15:20     -206.042902        0.071531
BFGS:  305 15:15:20     -206.044680        0.066761
BFGS:  306 15:15:20     -206.045862        0.045662
BFGS:  307 15:15:21     -206.046764        0.045648
BFGS:  308 15:15:21     -206.047726        0.044719
BFGS:  309 15:15:21     -206.048803        0.044124
BFGS:  310 15:15:21     -206.050018        0.068726
BFGS:  311 15:15:21     -206.051547        0.084854
BFGS:  312 15:15:21     -206.053727        0.090943
BFGS:  313 15:15:21     -206.056750        0.082634
BFGS:  314 15:15:21     -206.060215        0.078445
BFGS:  315 15:15:22     -206.063056        0.060899
BFGS:  316 15:15:22     -206.064642        0.046870
BFGS:  317 15:15:22     -206.065429        0.045551
BFGS:  318 15:15:22     -206.066052        0.041449
BFGS:  319 15:15:22     -206.066881        0.037865
BFGS:  320 15:15:22     -206.068106        0.048626
BFGS:  321 15:15:22     -206.069637        0.064140
BFGS:  322 15:15:22     -206.070979        0.055258
BFGS:  323 15:15:23     -206.071749        0.031150
BFGS:  324 15:15:23     -206.072096        0.024680
BFGS:  325 15:15:23     -206.072277        0.016723
BFGS:  326 15:15:23     -206.072392        0.013236
BFGS:  327 15:15:23     -206.072478        0.013211
BFGS:  328 15:15:23     -206.072566        0.011082
BFGS:  329 15:15:23     -206.072667        0.012134
BFGS:  330 15:15:23     -206.072767        0.015426
BFGS:  331 15:15:24     -206.072854        0.015394
BFGS:  332 15:15:24     -206.072935        0.012990
BFGS:  333 15:15:24     -206.073019        0.011297
BFGS:  334 15:15:24     -206.073088        0.009069
BFGS:  335 15:15:24     -206.073127        0.008063
BFGS:  336 15:15:24     -206.073149        0.006389
BFGS:  337 15:15:24     -206.073169        0.004172
BFGS:  338 15:15:24     -206.073193        0.003655
BFGS:  339 15:15:25     -206.073211        0.004103
BFGS:  340 15:15:25     -206.073223        0.005461
BFGS:  341 15:15:25     -206.073234        0.005757
BFGS:  342 15:15:25     -206.073254        0.005246
BFGS:  343 15:15:25     -206.073284        0.004118
BFGS:  344 15:15:25     -206.073315        0.005036
BFGS:  345 15:15:25     -206.073331        0.004117
BFGS:  346 15:15:25     -206.073337        0.003432
BFGS:  347 15:15:26     -206.073342        0.003417
BFGS:  348 15:15:26     -206.073349        0.003388
BFGS:  349 15:15:26     -206.073360        0.005313
BFGS:  350 15:15:26     -206.073372        0.007762
BFGS:  351 15:15:26     -206.073385        0.008262
BFGS:  352 15:15:26     -206.073398        0.006817
BFGS:  353 15:15:26     -206.073413        0.004517
BFGS:  354 15:15:26     -206.073425        0.003176
BFGS:  355 15:15:27     -206.073432        0.003156
BFGS:  356 15:15:27     -206.073437        0.003127
BFGS:  357 15:15:27     -206.073444        0.003086
BFGS:  358 15:15:27     -206.073454        0.003701
BFGS:  359 15:15:27     -206.073469        0.005697
BFGS:  360 15:15:27     -206.073488        0.007211
BFGS:  361 15:15:27     -206.073508        0.006969
BFGS:  362 15:15:27     -206.073526        0.004827
BFGS:  363 15:15:28     -206.073539        0.003527
BFGS:  364 15:15:28     -206.073547        0.003623
BFGS:  365 15:15:28     -206.073554        0.003162
BFGS:  366 15:15:28     -206.073563        0.003185
BFGS:  367 15:15:28     -206.073580        0.004472
BFGS:  368 15:15:28     -206.073604        0.005696
BFGS:  369 15:15:28     -206.073628        0.006960
BFGS:  370 15:15:28     -206.073648        0.006938
BFGS:  371 15:15:29     -206.073666        0.006225
BFGS:  372 15:15:29     -206.073688        0.005112
BFGS:  373 15:15:29     -206.073713        0.005787
BFGS:  374 15:15:29     -206.073731        0.006090
BFGS:  375 15:15:29     -206.073741        0.004636
BFGS:  376 15:15:29     -206.073750        0.004615
BFGS:  377 15:15:29     -206.073762        0.003692
BFGS:  378 15:15:29     -206.073777        0.005283
BFGS:  379 15:15:30     -206.073793        0.006928
BFGS:  380 15:15:30     -206.073808        0.007080
BFGS:  381 15:15:30     -206.073827        0.007426
BFGS:  382 15:15:30     -206.073854        0.006837
BFGS:  383 15:15:30     -206.073883        0.006714
BFGS:  384 15:15:30     -206.073901        0.006468
BFGS:  385 15:15:30     -206.073909        0.004040
BFGS:  386 15:15:30     -206.073914        0.003456
BFGS:  387 15:15:31     -206.073922        0.003007
BFGS:  388 15:15:31     -206.073933        0.007583
BFGS:  389 15:15:31     -206.073946        0.010565
BFGS:  390 15:15:31     -206.073959        0.010006
BFGS:  391 15:15:31     -206.073971        0.005887
BFGS:  392 15:15:31     -206.073978        0.002072
BFGS:  393 15:15:31     -206.073981        0.001883
BFGS:  394 15:15:31     -206.073983        0.002347
BFGS:  395 15:15:32     -206.073985        0.002076
BFGS:  396 15:15:32     -206.073989        0.002024
BFGS:  397 15:15:32     -206.073995        0.002717
BFGS:  398 15:15:32     -206.074002        0.003530
BFGS:  399 15:15:32     -206.074007        0.003130
BFGS:  400 15:15:32     -206.074009        0.002234
BFGS:  401 15:15:32     -206.074010        0.001271
BFGS:  402 15:15:32     -206.074012        0.001224
BFGS:  403 15:15:33     -206.074013        0.001593
BFGS:  404 15:15:33     -206.074014        0.002258
BFGS:  405 15:15:33     -206.074015        0.002433
BFGS:  406 15:15:33     -206.074017        0.002205
BFGS:  407 15:15:33     -206.074020        0.001909
BFGS:  408 15:15:33     -206.074023        0.001586
BFGS:  409 15:15:33     -206.074025        0.000844
