      Step     Time          Energy          fmax
BFGS:    0 05:22:43      -33.966023       17.357873
BFGS:    1 05:22:44      -83.088219        9.134535
BFGS:    2 05:22:44     -112.169712        6.121019
BFGS:    3 05:22:44     -131.511483        4.682015
BFGS:    4 05:22:44     -145.114043        3.847166
BFGS:    5 05:22:44     -154.707496        3.408550
BFGS:    6 05:22:44     -161.379645        3.179802
BFGS:    7 05:22:44     -166.454973        2.936598
BFGS:    8 05:22:45     -170.538323        2.704018
BFGS:    9 05:22:45     -173.847799        2.501852
BFGS:   10 05:22:45     -176.503244        2.336425
BFGS:   11 05:22:45     -178.673929        2.190881
BFGS:   12 05:22:45     -180.649362        2.047567
BFGS:   13 05:22:45     -182.717348        2.314694
BFGS:   14 05:22:45     -184.720066        2.274210
BFGS:   15 05:22:45     -186.470044        2.073198
BFGS:   16 05:22:46     -188.031494        1.790911
BFGS:   17 05:22:46     -189.462969        1.646521
BFGS:   18 05:22:46     -190.771902        1.612629
BFGS:   19 05:22:46     -191.936312        1.562291
BFGS:   20 05:22:46     -192.933900        1.495972
BFGS:   21 05:22:46     -193.777529        1.416343
BFGS:   22 05:22:46     -194.528076        1.328804
BFGS:   23 05:22:46     -195.258706        1.238947
BFGS:   24 05:22:47     -196.000074        1.151008
BFGS:   25 05:22:47     -196.742945        1.068529
BFGS:   26 05:22:47     -197.469465        0.993443
BFGS:   27 05:22:47     -198.168781        0.926273
BFGS:   28 05:22:47     -198.835833        0.896807
BFGS:   29 05:22:47     -199.469189        0.873761
BFGS:   30 05:22:47     -200.070745        0.833015
BFGS:   31 05:22:48     -200.647603        0.779884
BFGS:   32 05:22:48     -201.207356        0.761247
BFGS:   33 05:22:48     -201.750893        0.802904
BFGS:   34 05:22:48     -202.277280        0.828947
BFGS:   35 05:22:48     -202.788307        0.841144
BFGS:   36 05:22:48     -203.285866        0.841315
BFGS:   37 05:22:48     -203.771289        0.831140
BFGS:   38 05:22:48     -204.246053        0.812349
BFGS:   39 05:22:49     -204.711765        0.795736
BFGS:   40 05:22:49     -205.170613        0.853989
BFGS:   41 05:22:49     -205.625813        0.911107
BFGS:   42 05:22:49     -206.080697        0.964678
BFGS:   43 05:22:49     -206.537688        1.012134
BFGS:   44 05:22:49     -206.998388        1.051245
BFGS:   45 05:22:49     -207.465265        1.079863
BFGS:   46 05:22:49     -207.939841        1.096299
BFGS:   47 05:22:50     -208.421939        1.100054
BFGS:   48 05:22:50     -208.912017        1.091303
BFGS:   49 05:22:50     -209.408188        1.070993
BFGS:   50 05:22:50     -209.906302        1.040512
BFGS:   51 05:22:50     -210.405037        1.000473
BFGS:   52 05:22:50     -210.907602        0.950323
BFGS:   53 05:22:50     -211.414014        0.890117
BFGS:   54 05:22:50     -211.919340        0.821031
BFGS:   55 05:22:51     -212.417429        0.789454
BFGS:   56 05:22:51     -212.903736        0.754001
BFGS:   57 05:22:51     -213.378140        0.701779
BFGS:   58 05:22:51     -213.841808        0.659323
BFGS:   59 05:22:51     -214.290692        0.632578
BFGS:   60 05:22:51     -214.726051        0.570998
BFGS:   61 05:22:51     -215.069202        0.497863
BFGS:   62 05:22:51     -215.354049        0.548792
BFGS:   63 05:22:52     -215.636414        0.519119
BFGS:   64 05:22:52     -215.807807        0.454535
BFGS:   65 05:22:52     -216.019380        0.323603
BFGS:   66 05:22:52     -216.237607        0.308093
BFGS:   67 05:22:52     -216.388558        0.324448
BFGS:   68 05:22:52     -216.489175        0.285075
BFGS:   69 05:22:52     -216.544345        0.294519
BFGS:   70 05:22:52     -216.602108        0.259418
BFGS:   71 05:22:53     -216.655938        0.213746
BFGS:   72 05:22:53     -216.704481        0.184777
BFGS:   73 05:22:53     -216.762882        0.227101
BFGS:   74 05:22:53     -216.823376        0.208081
BFGS:   75 05:22:53     -216.871567        0.225117
BFGS:   76 05:22:53     -216.911007        0.228027
BFGS:   77 05:22:53     -216.946854        0.198677
BFGS:   78 05:22:53     -216.982847        0.152676
BFGS:   79 05:22:54     -217.017880        0.184166
BFGS:   80 05:22:54     -217.041808        0.179688
BFGS:   81 05:22:54     -217.061678        0.148743
BFGS:   82 05:22:54     -217.090869        0.166788
BFGS:   83 05:22:54     -217.134133        0.172655
BFGS:   84 05:22:54     -217.184991        0.171342
BFGS:   85 05:22:54     -217.228903        0.209282
BFGS:   86 05:22:54     -217.258545        0.196060
BFGS:   87 05:22:55     -217.283275        0.184318
BFGS:   88 05:22:55     -217.321507        0.151585
BFGS:   89 05:22:55     -217.367715        0.195518
BFGS:   90 05:22:55     -217.406909        0.195967
BFGS:   91 05:22:55     -217.436835        0.188078
BFGS:   92 05:22:55     -217.468585        0.166480
BFGS:   93 05:22:55     -217.515532        0.184145
BFGS:   94 05:22:55     -217.578805        0.200249
BFGS:   95 05:22:56     -217.635412        0.210924
BFGS:   96 05:22:56     -217.681167        0.175494
BFGS:   97 05:22:56     -217.711229        0.157267
BFGS:   98 05:22:56     -217.738636        0.183501
BFGS:   99 05:22:56     -217.780372        0.189365
BFGS:  100 05:22:56     -217.817676        0.157566
BFGS:  101 05:22:56     -217.851940        0.129493
BFGS:  102 05:22:56     -217.877224        0.100237
BFGS:  103 05:22:57     -217.894844        0.165545
BFGS:  104 05:22:57     -217.909450        0.184285
BFGS:  105 05:22:57     -217.926882        0.166560
BFGS:  106 05:22:57     -217.952833        0.114232
BFGS:  107 05:22:57     -217.986363        0.100284
BFGS:  108 05:22:57     -218.015879        0.130153
BFGS:  109 05:22:57     -218.033585        0.142224
BFGS:  110 05:22:57     -218.046336        0.137095
BFGS:  111 05:22:58     -218.064450        0.123305
BFGS:  112 05:22:58     -218.092900        0.152930
BFGS:  113 05:22:58     -218.127247        0.145304
BFGS:  114 05:22:58     -218.153395        0.132755
BFGS:  115 05:22:58     -218.166871        0.125308
BFGS:  116 05:22:58     -218.177744        0.103345
BFGS:  117 05:22:58     -218.196239        0.093430
BFGS:  118 05:22:58     -218.227116        0.132348
BFGS:  119 05:22:59     -218.265831        0.175068
BFGS:  120 05:22:59     -218.295377        0.179336
BFGS:  121 05:22:59     -218.316893        0.175495
BFGS:  122 05:22:59     -218.344037        0.146658
BFGS:  123 05:22:59     -218.383895        0.157758
BFGS:  124 05:22:59     -218.430273        0.154196
BFGS:  125 05:22:59     -218.463784        0.162357
BFGS:  126 05:22:59     -218.483304        0.143671
BFGS:  127 05:23:00     -218.491488        0.105106
BFGS:  128 05:23:00     -218.501505        0.113422
BFGS:  129 05:23:00     -218.531065        0.134307
BFGS:  130 05:23:00     -218.559848        0.144882
BFGS:  131 05:23:00     -218.582213        0.140882
BFGS:  132 05:23:00     -218.596074        0.134285
BFGS:  133 05:23:00     -218.610371        0.147182
BFGS:  134 05:23:00     -218.633091        0.152525
BFGS:  135 05:23:01     -218.675263        0.165305
BFGS:  136 05:23:01     -218.728115        0.161036
BFGS:  137 05:23:01     -218.766972        0.154457
BFGS:  138 05:23:01     -218.787297        0.136378
BFGS:  139 05:23:01     -218.799980        0.151720
BFGS:  140 05:23:01     -218.822020        0.151642
BFGS:  141 05:23:01     -218.862586        0.128365
BFGS:  142 05:23:01     -218.917451        0.122254
BFGS:  143 05:23:02     -218.956150        0.124012
BFGS:  144 05:23:02     -218.973211        0.125986
BFGS:  145 05:23:02     -218.987482        0.128635
BFGS:  146 05:23:02     -219.009044        0.137132
BFGS:  147 05:23:02     -219.052379        0.164844
BFGS:  148 05:23:02     -219.116969        0.166012
BFGS:  149 05:23:02     -219.165969        0.166909
BFGS:  150 05:23:02     -219.194625        0.166490
BFGS:  151 05:23:03     -219.210532        0.141144
BFGS:  152 05:23:03     -219.229095        0.141364
BFGS:  153 05:23:03     -219.271867        0.119482
BFGS:  154 05:23:03     -219.327499        0.133114
BFGS:  155 05:23:03     -219.378076        0.145625
BFGS:  156 05:23:03     -219.400259        0.137682
BFGS:  157 05:23:03     -219.410669        0.116676
BFGS:  158 05:23:03     -219.423928        0.091158
BFGS:  159 05:23:04     -219.445917        0.086314
BFGS:  160 05:23:04     -219.478888        0.089537
BFGS:  161 05:23:04     -219.509426        0.094506
BFGS:  162 05:23:04     -219.524946        0.099716
BFGS:  163 05:23:04     -219.534358        0.108406
BFGS:  164 05:23:04     -219.545028        0.109868
BFGS:  165 05:23:04     -219.573568        0.107270
BFGS:  166 05:23:05     -219.624210        0.131273
BFGS:  167 05:23:05     -219.700558        0.143296
BFGS:  168 05:23:05     -219.759189        0.124454
BFGS:  169 05:23:05     -219.793430        0.139831
BFGS:  170 05:23:05     -219.808351        0.134648
BFGS:  171 05:23:05     -219.823369        0.132322
BFGS:  172 05:23:05     -219.862943        0.127813
BFGS:  173 05:23:05     -219.924408        0.143615
BFGS:  174 05:23:06     -219.998837        0.133046
BFGS:  175 05:23:06     -220.054545        0.106676
BFGS:  176 05:23:06     -220.074992        0.135464
BFGS:  177 05:23:06     -220.079073        0.138730
BFGS:  178 05:23:06     -220.090022        0.128544
BFGS:  179 05:23:06     -220.098474        0.114775
BFGS:  180 05:23:06     -220.119244        0.121410
BFGS:  181 05:23:06     -220.148001        0.130102
BFGS:  182 05:23:07     -220.175596        0.113269
BFGS:  183 05:23:07     -220.189175        0.096377
BFGS:  184 05:23:07     -220.196757        0.088898
BFGS:  185 05:23:07     -220.208836        0.093689
BFGS:  186 05:23:07     -220.231727        0.101617
BFGS:  187 05:23:07     -220.273111        0.148597
BFGS:  188 05:23:07     -220.319438        0.160602
BFGS:  189 05:23:07     -220.349059        0.167767
BFGS:  190 05:23:08     -220.361595        0.150768
BFGS:  191 05:23:08     -220.368073        0.132316
BFGS:  192 05:23:08     -220.377190        0.115391
BFGS:  193 05:23:08     -220.400557        0.084887
BFGS:  194 05:23:08     -220.430699        0.096384
BFGS:  195 05:23:08     -220.453767        0.094315
BFGS:  196 05:23:08     -220.466046        0.095505
BFGS:  197 05:23:08     -220.474539        0.092763
BFGS:  198 05:23:09     -220.485793        0.088452
BFGS:  199 05:23:09     -220.503436        0.080151
BFGS:  200 05:23:09     -220.527808        0.088905
BFGS:  201 05:23:09     -220.549642        0.081564
BFGS:  202 05:23:09     -220.561637        0.080446
BFGS:  203 05:23:09     -220.568172        0.080704
BFGS:  204 05:23:09     -220.574110        0.077966
BFGS:  205 05:23:09     -220.585668        0.072062
BFGS:  206 05:23:10     -220.607052        0.076282
BFGS:  207 05:23:10     -220.624017        0.066201
BFGS:  208 05:23:10     -220.635438        0.066298
BFGS:  209 05:23:10     -220.640274        0.060477
BFGS:  210 05:23:10     -220.643765        0.060056
BFGS:  211 05:23:10     -220.649867        0.058687
BFGS:  212 05:23:10     -220.660912        0.068609
BFGS:  213 05:23:10     -220.677612        0.065067
BFGS:  214 05:23:11     -220.694315        0.052321
BFGS:  215 05:23:11     -220.701929        0.053382
BFGS:  216 05:23:11     -220.703858        0.054710
BFGS:  217 05:23:11     -220.705132        0.055301
BFGS:  218 05:23:11     -220.706884        0.055870
BFGS:  219 05:23:11     -220.710541        0.056372
BFGS:  220 05:23:11     -220.716120        0.056822
BFGS:  221 05:23:11     -220.721577        0.056290
BFGS:  222 05:23:12     -220.725318        0.058520
BFGS:  223 05:23:12     -220.727971        0.063152
BFGS:  224 05:23:12     -220.730498        0.061938
BFGS:  225 05:23:12     -220.735134        0.055198
BFGS:  226 05:23:12     -220.743841        0.052477
BFGS:  227 05:23:12     -220.755304        0.067902
BFGS:  228 05:23:12     -220.765177        0.075646
BFGS:  229 05:23:12     -220.769865        0.081496
BFGS:  230 05:23:13     -220.773344        0.081161
BFGS:  231 05:23:13     -220.779919        0.081794
BFGS:  232 05:23:13     -220.792521        0.078921
BFGS:  233 05:23:13     -220.813500        0.071722
BFGS:  234 05:23:13     -220.841828        0.088361
BFGS:  235 05:23:13     -220.870642        0.125404
BFGS:  236 05:23:13     -220.885516        0.126270
BFGS:  237 05:23:13     -220.895813        0.120444
BFGS:  238 05:23:14     -220.905931        0.104098
BFGS:  239 05:23:14     -220.927503        0.082305
BFGS:  240 05:23:14     -220.962129        0.088103
BFGS:  241 05:23:14     -220.991463        0.111588
BFGS:  242 05:23:14     -221.016920        0.101011
BFGS:  243 05:23:14     -221.031560        0.100509
BFGS:  244 05:23:14     -221.044908        0.101277
BFGS:  245 05:23:14     -221.057134        0.098658
BFGS:  246 05:23:15     -221.069991        0.091857
BFGS:  247 05:23:15     -221.089413        0.102793
BFGS:  248 05:23:15     -221.112056        0.099356
BFGS:  249 05:23:15     -221.155390        0.104364
BFGS:  250 05:23:15     -221.197500        0.110392
BFGS:  251 05:23:15     -221.246144        0.145135
BFGS:  252 05:23:15     -221.276286        0.154817
BFGS:  253 05:23:15     -221.301163        0.115162
BFGS:  254 05:23:16     -221.318722        0.113611
BFGS:  255 05:23:16     -221.327270        0.112692
BFGS:  256 05:23:16     -221.336376        0.110504
BFGS:  257 05:23:16     -221.347456        0.111560
BFGS:  258 05:23:16     -221.369318        0.113324
BFGS:  259 05:23:16     -221.401117        0.118024
BFGS:  260 05:23:16     -221.435129        0.123541
BFGS:  261 05:23:16     -221.469790        0.127648
BFGS:  262 05:23:17     -221.508640        0.141574
BFGS:  263 05:23:17     -221.540321        0.173820
BFGS:  264 05:23:17     -221.561497        0.171879
BFGS:  265 05:23:17     -221.581917        0.169685
BFGS:  266 05:23:17     -221.597908        0.173298
BFGS:  267 05:23:17     -221.631173        0.176758
BFGS:  268 05:23:17     -221.666937        0.194353
BFGS:  269 05:23:17     -221.704943        0.205632
BFGS:  270 05:23:18     -221.751425        0.220874
BFGS:  271 05:23:18     -221.799176        0.232447
BFGS:  272 05:23:18     -221.850632        0.241959
BFGS:  273 05:23:18     -221.900490        0.250394
BFGS:  274 05:23:18     -221.960152        0.249952
BFGS:  275 05:23:18     -222.011848        0.250050
BFGS:  276 05:23:18     -222.076833        0.234626
BFGS:  277 05:23:18     -222.136476        0.224114
BFGS:  278 05:23:19     -222.208148        0.188124
BFGS:  279 05:23:19     -222.255214        0.182693
BFGS:  280 05:23:19     -222.310199        0.185956
BFGS:  281 05:23:19     -222.331555        0.184961
BFGS:  282 05:23:19     -222.354450        0.174140
BFGS:  283 05:23:19     -222.390943        0.142604
BFGS:  284 05:23:19     -222.427575        0.139721
BFGS:  285 05:23:19     -222.475571        0.136275
BFGS:  286 05:23:20     -222.538461        0.162881
BFGS:  287 05:23:20     -222.584631        0.198075
BFGS:  288 05:23:20     -222.614864        0.168878
BFGS:  289 05:23:20     -222.641060        0.127748
BFGS:  290 05:23:20     -222.657261        0.097281
BFGS:  291 05:23:20     -222.665785        0.097486
BFGS:  292 05:23:20     -222.675668        0.095248
BFGS:  293 05:23:20     -222.690107        0.085732
BFGS:  294 05:23:21     -222.704477        0.090751
BFGS:  295 05:23:21     -222.721070        0.092185
BFGS:  296 05:23:21     -222.740053        0.102866
BFGS:  297 05:23:21     -222.756622        0.107569
BFGS:  298 05:23:21     -222.767598        0.097929
BFGS:  299 05:23:21     -222.776065        0.088400
BFGS:  300 05:23:21     -222.783826        0.078088
BFGS:  301 05:23:21     -222.792492        0.061569
BFGS:  302 05:23:22     -222.801162        0.062718
BFGS:  303 05:23:22     -222.808550        0.062911
BFGS:  304 05:23:22     -222.815060        0.067473
BFGS:  305 05:23:22     -222.821952        0.084606
BFGS:  306 05:23:22     -222.829094        0.085659
BFGS:  307 05:23:22     -222.837191        0.084113
BFGS:  308 05:23:22     -222.846309        0.089434
BFGS:  309 05:23:22     -222.856151        0.078986
BFGS:  310 05:23:23     -222.865985        0.078378
BFGS:  311 05:23:23     -222.873298        0.075244
BFGS:  312 05:23:23     -222.878054        0.078652
BFGS:  313 05:23:23     -222.882023        0.072105
BFGS:  314 05:23:23     -222.886549        0.066777
BFGS:  315 05:23:23     -222.892534        0.061960
BFGS:  316 05:23:23     -222.898994        0.057797
BFGS:  317 05:23:23     -222.906022        0.063776
BFGS:  318 05:23:24     -222.912010        0.072150
BFGS:  319 05:23:24     -222.916779        0.081163
BFGS:  320 05:23:24     -222.921384        0.077753
BFGS:  321 05:23:24     -222.927611        0.067521
BFGS:  322 05:23:24     -222.936197        0.069763
BFGS:  323 05:23:24     -222.945372        0.066975
BFGS:  324 05:23:24     -222.952802        0.074449
BFGS:  325 05:23:24     -222.958402        0.079212
BFGS:  326 05:23:25     -222.963006        0.070954
BFGS:  327 05:23:25     -222.968302        0.074940
BFGS:  328 05:23:25     -222.974826        0.074099
BFGS:  329 05:23:25     -222.980771        0.067708
BFGS:  330 05:23:25     -222.985446        0.067893
BFGS:  331 05:23:25     -222.989092        0.062372
BFGS:  332 05:23:25     -222.992354        0.053986
BFGS:  333 05:23:25     -222.996053        0.050384
BFGS:  334 05:23:26     -223.000246        0.048200
BFGS:  335 05:23:26     -223.004036        0.043154
BFGS:  336 05:23:26     -223.006567        0.045625
BFGS:  337 05:23:26     -223.008098        0.044792
BFGS:  338 05:23:26     -223.009261        0.039532
BFGS:  339 05:23:26     -223.010371        0.031505
BFGS:  340 05:23:26     -223.011796        0.020490
BFGS:  341 05:23:26     -223.012763        0.019606
BFGS:  342 05:23:27     -223.013567        0.022719
BFGS:  343 05:23:27     -223.014073        0.023455
BFGS:  344 05:23:27     -223.014482        0.021554
BFGS:  345 05:23:27     -223.014942        0.021271
BFGS:  346 05:23:27     -223.015587        0.021590
BFGS:  347 05:23:27     -223.016381        0.022184
BFGS:  348 05:23:27     -223.017141        0.029988
BFGS:  349 05:23:27     -223.017726        0.035711
BFGS:  350 05:23:28     -223.018247        0.035636
BFGS:  351 05:23:28     -223.018919        0.030131
BFGS:  352 05:23:28     -223.019882        0.027469
BFGS:  353 05:23:28     -223.021070        0.025247
BFGS:  354 05:23:28     -223.022188        0.028686
BFGS:  355 05:23:28     -223.023020        0.032566
BFGS:  356 05:23:28     -223.023611        0.031144
BFGS:  357 05:23:28     -223.024133        0.027571
BFGS:  358 05:23:29     -223.024725        0.028111
BFGS:  359 05:23:29     -223.025397        0.028700
BFGS:  360 05:23:29     -223.026063        0.029008
BFGS:  361 05:23:29     -223.026628        0.029157
BFGS:  362 05:23:29     -223.027127        0.029122
BFGS:  363 05:23:29     -223.027746        0.029191
BFGS:  364 05:23:29     -223.028792        0.030436
BFGS:  365 05:23:29     -223.030561        0.033079
BFGS:  366 05:23:30     -223.032975        0.045533
BFGS:  367 05:23:30     -223.035340        0.055239
BFGS:  368 05:23:30     -223.037248        0.059101
BFGS:  369 05:23:30     -223.039072        0.060082
BFGS:  370 05:23:30     -223.041483        0.049803
BFGS:  371 05:23:30     -223.044842        0.040531
BFGS:  372 05:23:30     -223.048305        0.039587
BFGS:  373 05:23:30     -223.050829        0.052240
BFGS:  374 05:23:31     -223.052645        0.053088
BFGS:  375 05:23:31     -223.054448        0.046948
BFGS:  376 05:23:31     -223.056584        0.041384
BFGS:  377 05:23:31     -223.058920        0.043152
BFGS:  378 05:23:31     -223.061322        0.054830
BFGS:  379 05:23:31     -223.064051        0.068320
BFGS:  380 05:23:31     -223.067485        0.074344
BFGS:  381 05:23:31     -223.071398        0.066482
BFGS:  382 05:23:32     -223.075279        0.061406
BFGS:  383 05:23:32     -223.079058        0.060183
BFGS:  384 05:23:32     -223.083060        0.059366
BFGS:  385 05:23:32     -223.087116        0.054575
BFGS:  386 05:23:32     -223.090165        0.049043
BFGS:  387 05:23:32     -223.092079        0.050276
BFGS:  388 05:23:32     -223.093709        0.045440
BFGS:  389 05:23:33     -223.095927        0.036543
BFGS:  390 05:23:33     -223.098983        0.036310
BFGS:  391 05:23:33     -223.101638        0.042865
BFGS:  392 05:23:33     -223.103454        0.055467
BFGS:  393 05:23:33     -223.104951        0.055091
BFGS:  394 05:23:33     -223.107022        0.049147
BFGS:  395 05:23:33     -223.110406        0.033738
BFGS:  396 05:23:33     -223.114224        0.037689
BFGS:  397 05:23:34     -223.117380        0.045045
BFGS:  398 05:23:34     -223.119271        0.053349
BFGS:  399 05:23:34     -223.120496        0.049164
BFGS:  400 05:23:34     -223.121885        0.036518
BFGS:  401 05:23:34     -223.123628        0.026575
BFGS:  402 05:23:34     -223.125373        0.030737
BFGS:  403 05:23:34     -223.126728        0.036797
BFGS:  404 05:23:34     -223.127705        0.041507
BFGS:  405 05:23:35     -223.128575        0.038924
BFGS:  406 05:23:35     -223.129540        0.032009
BFGS:  407 05:23:35     -223.130612        0.025189
BFGS:  408 05:23:35     -223.131700        0.026316
BFGS:  409 05:23:35     -223.132715        0.032471
BFGS:  410 05:23:35     -223.133603        0.035714
BFGS:  411 05:23:35     -223.134363        0.032465
BFGS:  412 05:23:35     -223.135114        0.024866
BFGS:  413 05:23:36     -223.135890        0.022806
BFGS:  414 05:23:36     -223.136534        0.023458
BFGS:  415 05:23:36     -223.136942        0.023988
BFGS:  416 05:23:36     -223.137212        0.024294
BFGS:  417 05:23:36     -223.137504        0.024488
BFGS:  418 05:23:36     -223.137963        0.024741
BFGS:  419 05:23:36     -223.138617        0.024981
BFGS:  420 05:23:36     -223.139274        0.025251
BFGS:  421 05:23:37     -223.139718        0.025256
BFGS:  422 05:23:37     -223.140048        0.025291
BFGS:  423 05:23:37     -223.140491        0.025209
BFGS:  424 05:23:37     -223.141264        0.026036
BFGS:  425 05:23:37     -223.142391        0.026899
BFGS:  426 05:23:37     -223.143518        0.032255
BFGS:  427 05:23:37     -223.144299        0.035122
BFGS:  428 05:23:37     -223.144829        0.029539
BFGS:  429 05:23:38     -223.145440        0.027717
BFGS:  430 05:23:38     -223.146343        0.028500
BFGS:  431 05:23:38     -223.147303        0.030077
BFGS:  432 05:23:38     -223.148081        0.038664
BFGS:  433 05:23:38     -223.148720        0.039260
BFGS:  434 05:23:38     -223.149503        0.040766
BFGS:  435 05:23:38     -223.150808        0.036766
BFGS:  436 05:23:38     -223.152830        0.036796
BFGS:  437 05:23:39     -223.155098        0.061925
BFGS:  438 05:23:39     -223.157034        0.073603
BFGS:  439 05:23:39     -223.158805        0.071625
BFGS:  440 05:23:39     -223.161071        0.059355
BFGS:  441 05:23:39     -223.164819        0.052897
BFGS:  442 05:23:39     -223.168065        0.056368
BFGS:  443 05:23:39     -223.171915        0.062785
BFGS:  444 05:23:39     -223.175088        0.067409
BFGS:  445 05:23:40     -223.178125        0.071774
BFGS:  446 05:23:40     -223.180692        0.077332
BFGS:  447 05:23:40     -223.183271        0.079385
BFGS:  448 05:23:40     -223.185754        0.079197
BFGS:  449 05:23:40     -223.188303        0.077730
BFGS:  450 05:23:40     -223.191032        0.075184
BFGS:  451 05:23:40     -223.194411        0.070454
BFGS:  452 05:23:40     -223.198429        0.066439
BFGS:  453 05:23:41     -223.203235        0.067058
BFGS:  454 05:23:41     -223.207838        0.067255
BFGS:  455 05:23:41     -223.213943        0.064158
BFGS:  456 05:23:41     -223.217177        0.063631
BFGS:  457 05:23:41     -223.223271        0.085589
BFGS:  458 05:23:41     -223.226981        0.087807
BFGS:  459 05:23:41     -223.232852        0.081180
BFGS:  460 05:23:41     -223.239322        0.078380
BFGS:  461 05:23:42     -223.244880        0.072797
BFGS:  462 05:23:42     -223.252427        0.062885
BFGS:  463 05:23:42     -223.260446        0.080724
BFGS:  464 05:23:42     -223.265646        0.094905
BFGS:  465 05:23:42     -223.269780        0.101987
BFGS:  466 05:23:42     -223.273395        0.107378
BFGS:  467 05:23:42     -223.276799        0.111170
BFGS:  468 05:23:42     -223.280867        0.111293
BFGS:  469 05:23:43     -223.286557        0.109329
BFGS:  470 05:23:43     -223.293815        0.102899
BFGS:  471 05:23:43     -223.302339        0.099589
BFGS:  472 05:23:43     -223.312345        0.113321
BFGS:  473 05:23:43     -223.324662        0.128788
BFGS:  474 05:23:43     -223.337620        0.130086
BFGS:  475 05:23:43     -223.351476        0.125598
BFGS:  476 05:23:43     -223.360157        0.111716
BFGS:  477 05:23:44     -223.366772        0.085857
BFGS:  478 05:23:44     -223.372962        0.062521
BFGS:  479 05:23:44     -223.378069        0.055590
BFGS:  480 05:23:44     -223.381990        0.050754
BFGS:  481 05:23:44     -223.384639        0.047042
BFGS:  482 05:23:44     -223.387306        0.044085
BFGS:  483 05:23:44     -223.390329        0.044111
BFGS:  484 05:23:44     -223.393301        0.045046
BFGS:  485 05:23:45     -223.396208        0.049017
BFGS:  486 05:23:45     -223.399438        0.048662
BFGS:  487 05:23:45     -223.402775        0.045063
BFGS:  488 05:23:45     -223.405549        0.055742
BFGS:  489 05:23:45     -223.407620        0.060904
BFGS:  490 05:23:45     -223.409748        0.055143
BFGS:  491 05:23:45     -223.412763        0.044315
BFGS:  492 05:23:45     -223.416544        0.045332
BFGS:  493 05:23:46     -223.420044        0.050473
BFGS:  494 05:23:46     -223.422569        0.059932
BFGS:  495 05:23:46     -223.424714        0.063168
BFGS:  496 05:23:46     -223.427613        0.057210
BFGS:  497 05:23:46     -223.432194        0.046656
BFGS:  498 05:23:46     -223.437722        0.059820
BFGS:  499 05:23:46     -223.441987        0.070139
BFGS:  500 05:23:46     -223.444919        0.064076
BFGS:  501 05:23:47     -223.447625        0.053242
BFGS:  502 05:23:47     -223.450630        0.046496
BFGS:  503 05:23:47     -223.454115        0.043789
BFGS:  504 05:23:47     -223.458349        0.048070
BFGS:  505 05:23:47     -223.462668        0.056214
BFGS:  506 05:23:47     -223.466254        0.068497
BFGS:  507 05:23:47     -223.469200        0.075261
BFGS:  508 05:23:48     -223.472203        0.075284
BFGS:  509 05:23:48     -223.476155        0.067239
BFGS:  510 05:23:48     -223.482111        0.047805
BFGS:  511 05:23:48     -223.487937        0.059507
BFGS:  512 05:23:48     -223.491521        0.065233
BFGS:  513 05:23:48     -223.493717        0.067147
BFGS:  514 05:23:48     -223.495963        0.070547
BFGS:  515 05:23:48     -223.499430        0.062263
BFGS:  516 05:23:49     -223.504977        0.052622
BFGS:  517 05:23:49     -223.510028        0.074664
BFGS:  518 05:23:49     -223.514622        0.099024
BFGS:  519 05:23:49     -223.516728        0.089565
BFGS:  520 05:23:49     -223.519238        0.073017
BFGS:  521 05:23:49     -223.522195        0.068708
BFGS:  522 05:23:49     -223.527621        0.062182
BFGS:  523 05:23:49     -223.534102        0.066519
BFGS:  524 05:23:50     -223.537870        0.070399
BFGS:  525 05:23:50     -223.540236        0.058162
BFGS:  526 05:23:50     -223.542241        0.056572
BFGS:  527 05:23:50     -223.543761        0.052408
BFGS:  528 05:23:50     -223.546160        0.047276
BFGS:  529 05:23:50     -223.550961        0.039417
BFGS:  530 05:23:50     -223.553080        0.051511
BFGS:  531 05:23:50     -223.554766        0.050009
BFGS:  532 05:23:51     -223.556083        0.045646
BFGS:  533 05:23:51     -223.557703        0.038049
BFGS:  534 05:23:51     -223.559999        0.037656
BFGS:  535 05:23:51     -223.562475        0.041426
BFGS:  536 05:23:51     -223.564430        0.050194
BFGS:  537 05:23:51     -223.565723        0.043063
BFGS:  538 05:23:51     -223.566710        0.045372
BFGS:  539 05:23:51     -223.567842        0.039967
BFGS:  540 05:23:52     -223.569197        0.038116
BFGS:  541 05:23:52     -223.570561        0.038581
BFGS:  542 05:23:52     -223.571819        0.038896
BFGS:  543 05:23:52     -223.572848        0.039238
BFGS:  544 05:23:52     -223.573620        0.039035
BFGS:  545 05:23:52     -223.574240        0.038266
BFGS:  546 05:23:52     -223.574892        0.037223
BFGS:  547 05:23:52     -223.575659        0.036214
BFGS:  548 05:23:53     -223.576539        0.035183
BFGS:  549 05:23:53     -223.577366        0.034752
BFGS:  550 05:23:53     -223.577989        0.034790
BFGS:  551 05:23:53     -223.578473        0.034979
BFGS:  552 05:23:53     -223.579061        0.034838
BFGS:  553 05:23:53     -223.579935        0.033973
BFGS:  554 05:23:53     -223.581023        0.032007
BFGS:  555 05:23:53     -223.582003        0.029535
BFGS:  556 05:23:54     -223.582677        0.032634
BFGS:  557 05:23:54     -223.583195        0.031894
BFGS:  558 05:23:54     -223.583828        0.030131
BFGS:  559 05:23:54     -223.584737        0.025326
BFGS:  560 05:23:54     -223.585844        0.026774
BFGS:  561 05:23:54     -223.586922        0.027523
BFGS:  562 05:23:54     -223.587790        0.027370
BFGS:  563 05:23:54     -223.588449        0.028074
BFGS:  564 05:23:55     -223.589095        0.027048
BFGS:  565 05:23:55     -223.589927        0.029875
BFGS:  566 05:23:55     -223.591014        0.027155
BFGS:  567 05:23:55     -223.592254        0.025005
BFGS:  568 05:23:55     -223.593341        0.033759
BFGS:  569 05:23:55     -223.594073        0.033315
BFGS:  570 05:23:55     -223.594639        0.026993
BFGS:  571 05:23:55     -223.595338        0.023567
BFGS:  572 05:23:56     -223.596292        0.023914
BFGS:  573 05:23:56     -223.597478        0.025990
BFGS:  574 05:23:56     -223.598510        0.026010
BFGS:  575 05:23:56     -223.599108        0.023591
BFGS:  576 05:23:56     -223.599418        0.020466
BFGS:  577 05:23:56     -223.599686        0.018509
BFGS:  578 05:23:56     -223.600019        0.017228
BFGS:  579 05:23:56     -223.600351        0.014732
BFGS:  580 05:23:57     -223.600569        0.011200
BFGS:  581 05:23:57     -223.600668        0.011355
BFGS:  582 05:23:57     -223.600727        0.010710
BFGS:  583 05:23:57     -223.600794        0.008332
BFGS:  584 05:23:57     -223.600876        0.008213
BFGS:  585 05:23:57     -223.600954        0.007207
BFGS:  586 05:23:57     -223.601002        0.006241
BFGS:  587 05:23:57     -223.601028        0.005758
BFGS:  588 05:23:58     -223.601047        0.005213
BFGS:  589 05:23:58     -223.601071        0.004935
BFGS:  590 05:23:58     -223.601101        0.004627
BFGS:  591 05:23:58     -223.601134        0.004593
BFGS:  592 05:23:58     -223.601157        0.005178
BFGS:  593 05:23:58     -223.601171        0.004565
BFGS:  594 05:23:58     -223.601181        0.003569
BFGS:  595 05:23:58     -223.601195        0.003773
BFGS:  596 05:23:59     -223.601217        0.003845
BFGS:  597 05:23:59     -223.601245        0.003969
BFGS:  598 05:23:59     -223.601267        0.004278
BFGS:  599 05:23:59     -223.601277        0.003597
BFGS:  600 05:23:59     -223.601283        0.002867
BFGS:  601 05:23:59     -223.601290        0.002623
BFGS:  602 05:23:59     -223.601302        0.002562
BFGS:  603 05:24:00     -223.601316        0.002475
BFGS:  604 05:24:00     -223.601325        0.002583
BFGS:  605 05:24:00     -223.601330        0.002382
BFGS:  606 05:24:00     -223.601333        0.002376
BFGS:  607 05:24:00     -223.601337        0.002367
BFGS:  608 05:24:00     -223.601343        0.002347
BFGS:  609 05:24:00     -223.601351        0.002309
BFGS:  610 05:24:00     -223.601357        0.002268
BFGS:  611 05:24:01     -223.601360        0.002240
BFGS:  612 05:24:01     -223.601363        0.002226
BFGS:  613 05:24:01     -223.601365        0.002208
BFGS:  614 05:24:01     -223.601370        0.002179
BFGS:  615 05:24:01     -223.601377        0.002364
BFGS:  616 05:24:01     -223.601385        0.002186
BFGS:  617 05:24:01     -223.601390        0.002054
BFGS:  618 05:24:01     -223.601393        0.002237
BFGS:  619 05:24:02     -223.601397        0.002355
BFGS:  620 05:24:02     -223.601402        0.002151
BFGS:  621 05:24:02     -223.601410        0.002509
BFGS:  622 05:24:02     -223.601419        0.002806
BFGS:  623 05:24:02     -223.601428        0.002565
BFGS:  624 05:24:02     -223.601433        0.002616
BFGS:  625 05:24:02     -223.601439        0.002569
BFGS:  626 05:24:02     -223.601446        0.002424
BFGS:  627 05:24:03     -223.601456        0.002736
BFGS:  628 05:24:03     -223.601471        0.003653
BFGS:  629 05:24:03     -223.601486        0.003860
BFGS:  630 05:24:03     -223.601499        0.003124
BFGS:  631 05:24:03     -223.601508        0.003110
BFGS:  632 05:24:03     -223.601516        0.003403
BFGS:  633 05:24:03     -223.601525        0.003823
BFGS:  634 05:24:03     -223.601540        0.003677
BFGS:  635 05:24:04     -223.601559        0.003232
BFGS:  636 05:24:04     -223.601575        0.003065
BFGS:  637 05:24:04     -223.601583        0.003523
BFGS:  638 05:24:04     -223.601589        0.003532
BFGS:  639 05:24:04     -223.601598        0.002925
BFGS:  640 05:24:04     -223.601612        0.002975
BFGS:  641 05:24:04     -223.601629        0.002883
BFGS:  642 05:24:04     -223.601643        0.003428
BFGS:  643 05:24:05     -223.601650        0.003421
BFGS:  644 05:24:05     -223.601656        0.003040
BFGS:  645 05:24:05     -223.601664        0.002440
BFGS:  646 05:24:05     -223.601676        0.002260
BFGS:  647 05:24:05     -223.601691        0.003014
BFGS:  648 05:24:05     -223.601701        0.003562
BFGS:  649 05:24:05     -223.601706        0.003006
BFGS:  650 05:24:05     -223.601710        0.002359
BFGS:  651 05:24:06     -223.601716        0.002016
BFGS:  652 05:24:06     -223.601725        0.002074
BFGS:  653 05:24:06     -223.601732        0.002437
BFGS:  654 05:24:06     -223.601736        0.001987
BFGS:  655 05:24:06     -223.601738        0.001718
BFGS:  656 05:24:06     -223.601740        0.001470
BFGS:  657 05:24:06     -223.601743        0.001553
BFGS:  658 05:24:06     -223.601746        0.001715
BFGS:  659 05:24:07     -223.601749        0.001793
BFGS:  660 05:24:07     -223.601750        0.001531
BFGS:  661 05:24:07     -223.601751        0.001321
BFGS:  662 05:24:07     -223.601752        0.001184
BFGS:  663 05:24:07     -223.601754        0.001268
BFGS:  664 05:24:07     -223.601756        0.001233
BFGS:  665 05:24:07     -223.601758        0.001144
BFGS:  666 05:24:08     -223.601758        0.001111
BFGS:  667 05:24:08     -223.601759        0.000951
