      Step     Time          Energy          fmax
BFGS:    0 03:15:26      -24.465098       21.894614
BFGS:    1 03:15:26      -35.694309        6.564504
BFGS:    2 03:15:26      -39.735449        3.743935
BFGS:    3 03:15:26      -43.275461        1.505210
BFGS:    4 03:15:26      -44.402990        1.196402
BFGS:    5 03:15:26      -44.980575        1.472653
BFGS:    6 03:15:26      -45.417390        1.585761
BFGS:    7 03:15:26      -45.965130        1.563935
BFGS:    8 03:15:26      -46.567188        1.325265
BFGS:    9 03:15:26      -47.141322        1.125180
BFGS:   10 03:15:26      -48.011266        0.998824
BFGS:   11 03:15:26      -48.458777        0.827986
BFGS:   12 03:15:27      -48.561425        0.755470
BFGS:   13 03:15:27      -49.132231        0.508428
BFGS:   14 03:15:27      -49.403061        0.523306
BFGS:   15 03:15:27      -49.540694        0.694135
BFGS:   16 03:15:27      -49.574991        0.535871
BFGS:   17 03:15:27      -49.700012        0.417301
BFGS:   18 03:15:27      -49.880263        0.396391
BFGS:   19 03:15:27      -49.980503        0.499196
BFGS:   20 03:15:27      -50.030785        0.515738
BFGS:   21 03:15:27      -50.098340        0.449288
BFGS:   22 03:15:27      -50.178499        0.467822
BFGS:   23 03:15:27      -50.270869        0.418701
BFGS:   24 03:15:27      -50.377221        0.359508
BFGS:   25 03:15:27      -50.452818        0.411010
BFGS:   26 03:15:27      -50.484025        0.417070
BFGS:   27 03:15:27      -50.519066        0.385147
BFGS:   28 03:15:27      -50.584057        0.292308
BFGS:   29 03:15:27      -50.663485        0.449363
BFGS:   30 03:15:27      -50.740881        0.555618
BFGS:   31 03:15:27      -50.800058        0.508588
BFGS:   32 03:15:27      -50.833784        0.454819
BFGS:   33 03:15:27      -50.896154        0.430156
BFGS:   34 03:15:27      -51.001487        0.450349
BFGS:   35 03:15:27      -51.084140        0.450280
BFGS:   36 03:15:27      -51.139296        0.428985
BFGS:   37 03:15:28      -51.162443        0.358405
BFGS:   38 03:15:28      -51.185561        0.307537
BFGS:   39 03:15:28      -51.226267        0.308735
BFGS:   40 03:15:28      -51.290034        0.385600
BFGS:   41 03:15:28      -51.355641        0.388027
BFGS:   42 03:15:28      -51.396566        0.210749
BFGS:   43 03:15:28      -51.405284        0.197940
BFGS:   44 03:15:28      -51.414381        0.188702
BFGS:   45 03:15:28      -51.438805        0.185244
BFGS:   46 03:15:28      -51.471900        0.287406
BFGS:   47 03:15:28      -51.504533        0.264402
BFGS:   48 03:15:28      -51.520003        0.128842
BFGS:   49 03:15:28      -51.523621        0.117662
BFGS:   50 03:15:28      -51.525617        0.108362
BFGS:   51 03:15:28      -51.530354        0.103148
BFGS:   52 03:15:28      -51.538991        0.148769
BFGS:   53 03:15:28      -51.551956        0.176586
BFGS:   54 03:15:28      -51.561224        0.115293
BFGS:   55 03:15:28      -51.564113        0.060529
BFGS:   56 03:15:28      -51.565017        0.061948
BFGS:   57 03:15:28      -51.565866        0.061335
BFGS:   58 03:15:28      -51.567648        0.056101
BFGS:   59 03:15:28      -51.570585        0.067428
BFGS:   60 03:15:28      -51.574254        0.063992
BFGS:   61 03:15:29      -51.576615        0.044268
BFGS:   62 03:15:29      -51.577493        0.038734
BFGS:   63 03:15:29      -51.577884        0.037706
BFGS:   64 03:15:29      -51.578322        0.035609
BFGS:   65 03:15:29      -51.579122        0.033162
BFGS:   66 03:15:29      -51.580301        0.041778
BFGS:   67 03:15:29      -51.581440        0.034433
BFGS:   68 03:15:29      -51.582014        0.023702
BFGS:   69 03:15:29      -51.582230        0.023493
BFGS:   70 03:15:29      -51.582412        0.022514
BFGS:   71 03:15:29      -51.582770        0.026030
BFGS:   72 03:15:29      -51.583357        0.032409
BFGS:   73 03:15:29      -51.584013        0.027127
BFGS:   74 03:15:29      -51.584374        0.024436
BFGS:   75 03:15:29      -51.584495        0.021536
BFGS:   76 03:15:29      -51.584575        0.020346
BFGS:   77 03:15:29      -51.584729        0.021758
BFGS:   78 03:15:29      -51.585005        0.025940
BFGS:   79 03:15:29      -51.585355        0.021955
BFGS:   80 03:15:29      -51.585586        0.013734
BFGS:   81 03:15:29      -51.585662        0.013527
BFGS:   82 03:15:29      -51.585692        0.013131
BFGS:   83 03:15:29      -51.585749        0.012495
BFGS:   84 03:15:29      -51.585875        0.016826
BFGS:   85 03:15:30      -51.586119        0.021929
BFGS:   86 03:15:30      -51.586446        0.021107
BFGS:   87 03:15:30      -51.586679        0.013112
BFGS:   88 03:15:30      -51.586760        0.011978
BFGS:   89 03:15:30      -51.586793        0.010627
BFGS:   90 03:15:30      -51.586841        0.009294
BFGS:   91 03:15:30      -51.586944        0.011848
BFGS:   92 03:15:30      -51.587116        0.013588
BFGS:   93 03:15:30      -51.587292        0.010832
BFGS:   94 03:15:30      -51.587379        0.010026
BFGS:   95 03:15:30      -51.587401        0.009019
BFGS:   96 03:15:30      -51.587413        0.007931
BFGS:   97 03:15:30      -51.587438        0.005888
BFGS:   98 03:15:30      -51.587475        0.004996
BFGS:   99 03:15:30      -51.587513        0.003889
BFGS:  100 03:15:30      -51.587530        0.002774
BFGS:  101 03:15:30      -51.587533        0.002070
BFGS:  102 03:15:30      -51.587534        0.001962
BFGS:  103 03:15:30      -51.587537        0.001910
BFGS:  104 03:15:30      -51.587543        0.002204
BFGS:  105 03:15:30      -51.587552        0.002158
BFGS:  106 03:15:30      -51.587560        0.001898
BFGS:  107 03:15:30      -51.587563        0.001875
BFGS:  108 03:15:30      -51.587564        0.001961
BFGS:  109 03:15:31      -51.587565        0.001999
BFGS:  110 03:15:31      -51.587566        0.002045
BFGS:  111 03:15:31      -51.587569        0.002068
BFGS:  112 03:15:31      -51.587574        0.002012
BFGS:  113 03:15:31      -51.587579        0.001837
BFGS:  114 03:15:31      -51.587582        0.001719
BFGS:  115 03:15:31      -51.587583        0.001591
BFGS:  116 03:15:31      -51.587583        0.001512
BFGS:  117 03:15:31      -51.587585        0.001665
BFGS:  118 03:15:31      -51.587588        0.001950
BFGS:  119 03:15:31      -51.587595        0.002037
BFGS:  120 03:15:31      -51.587603        0.002314
BFGS:  121 03:15:31      -51.587609        0.002251
BFGS:  122 03:15:31      -51.587611        0.001939
BFGS:  123 03:15:31      -51.587612        0.001776
BFGS:  124 03:15:31      -51.587613        0.001638
BFGS:  125 03:15:31      -51.587615        0.001583
BFGS:  126 03:15:31      -51.587619        0.001753
BFGS:  127 03:15:31      -51.587623        0.001836
BFGS:  128 03:15:31      -51.587625        0.001510
BFGS:  129 03:15:31      -51.587626        0.001503
BFGS:  130 03:15:31      -51.587626        0.001573
BFGS:  131 03:15:31      -51.587627        0.001527
BFGS:  132 03:15:31      -51.587629        0.001258
BFGS:  133 03:15:32      -51.587631        0.000841
