      Step     Time          Energy          fmax
BFGS:    0 02:04:35     -125.929311       17.880458
BFGS:    1 02:04:35     -157.249252        3.803405
BFGS:    2 02:04:35     -162.556362        2.297844
BFGS:    3 02:04:35     -170.017672        1.207307
BFGS:    4 02:04:35     -172.578674        0.821987
BFGS:    5 02:04:36     -173.821392        0.836871
BFGS:    6 02:04:36     -174.647643        0.901039
BFGS:    7 02:04:36     -175.833286        0.952362
BFGS:    8 02:04:36     -177.441019        1.004153
BFGS:    9 02:04:36     -178.896478        1.045584
BFGS:   10 02:04:36     -181.512926        0.891827
BFGS:   11 02:04:36     -183.898473        0.712103
BFGS:   12 02:04:36     -184.288201        0.787243
BFGS:   13 02:04:37     -184.759435        0.709077
BFGS:   14 02:04:37     -186.016677        0.667214
BFGS:   15 02:04:37     -187.162327        0.801805
BFGS:   16 02:04:41     -188.135596        1.128877
BFGS:   17 02:04:41     -188.918381        1.046230
BFGS:   18 02:04:41     -189.393152        0.806615
BFGS:   19 02:04:41     -189.965134        0.651950
BFGS:   20 02:04:41     -191.747347        0.487002
BFGS:   21 02:04:42     -192.000270        0.606631
BFGS:   22 02:04:43     -192.197649        0.567891
BFGS:   23 02:04:43     -192.632063        0.699021
BFGS:   24 02:04:43     -193.204019        0.586200
BFGS:   25 02:04:43     -193.739318        0.490076
BFGS:   26 02:04:44     -193.935615        0.378739
BFGS:   27 02:04:44     -193.982549        0.369300
BFGS:   28 02:04:45     -194.220204        0.312022
BFGS:   29 02:04:45     -194.453492        0.254014
BFGS:   30 02:04:45     -194.671365        0.293814
BFGS:   31 02:04:45     -194.781299        0.298511
BFGS:   32 02:04:45     -194.868350        0.334339
BFGS:   33 02:04:45     -194.998903        0.362163
BFGS:   34 02:04:45     -195.255116        0.400171
BFGS:   35 02:04:45     -195.599791        0.493379
BFGS:   36 02:04:46     -195.928347        0.529756
BFGS:   37 02:04:46     -196.275631        0.464764
BFGS:   38 02:04:46     -196.493341        0.418498
BFGS:   39 02:04:46     -196.608237        0.419904
BFGS:   40 02:04:46     -196.928331        0.487268
BFGS:   41 02:04:50     -197.342006        0.544444
BFGS:   42 02:04:50     -197.733878        0.539245
BFGS:   43 02:04:50     -198.034866        0.473311
BFGS:   44 02:04:50     -198.291980        0.262173
BFGS:   45 02:04:51     -198.353371        0.250856
BFGS:   46 02:04:51     -198.498377        0.264536
BFGS:   47 02:04:51     -198.545137        0.263305
BFGS:   48 02:04:51     -198.818059        0.279339
BFGS:   49 02:04:51     -198.957060        0.268008
BFGS:   50 02:04:51     -199.031314        0.283052
BFGS:   51 02:04:51     -199.064376        0.292345
BFGS:   52 02:04:51     -199.091926        0.293350
BFGS:   53 02:04:52     -199.154615        0.287862
BFGS:   54 02:04:52     -199.245938        0.272637
BFGS:   55 02:04:52     -199.364985        0.248788
BFGS:   56 02:04:52     -199.480237        0.223697
BFGS:   57 02:04:52     -199.557500        0.211977
BFGS:   58 02:04:52     -199.612941        0.212510
BFGS:   59 02:04:52     -199.652237        0.220253
BFGS:   60 02:04:52     -199.698660        0.231053
BFGS:   61 02:04:53     -199.761433        0.242304
BFGS:   62 02:04:53     -199.869442        0.254126
BFGS:   63 02:04:53     -199.982167        0.260402
BFGS:   64 02:04:53     -200.089951        0.262626
BFGS:   65 02:04:53     -200.201305        0.257413
BFGS:   66 02:04:53     -200.231680        0.248074
BFGS:   67 02:04:53     -200.256745        0.237539
BFGS:   68 02:04:53     -200.291262        0.226923
BFGS:   69 02:04:54     -200.379364        0.209125
BFGS:   70 02:04:54     -200.464133        0.234445
BFGS:   71 02:04:54     -200.558703        0.230374
BFGS:   72 02:04:54     -200.662580        0.199865
BFGS:   73 02:04:54     -200.752834        0.196567
BFGS:   74 02:04:54     -200.823344        0.195710
BFGS:   75 02:04:54     -200.877867        0.194759
BFGS:   76 02:04:54     -200.916682        0.194051
BFGS:   77 02:04:55     -200.941086        0.193630
BFGS:   78 02:04:55     -200.954562        0.193350
BFGS:   79 02:04:55     -200.974744        0.192807
BFGS:   80 02:04:55     -201.022435        0.190754
BFGS:   81 02:04:55     -201.089696        0.187245
BFGS:   82 02:04:56     -201.168655        0.183889
BFGS:   83 02:04:56     -201.229556        0.183587
BFGS:   84 02:04:56     -201.252754        0.183913
BFGS:   85 02:04:57     -201.261693        0.184822
BFGS:   86 02:04:57     -201.277128        0.184549
BFGS:   87 02:04:57     -201.302550        0.182647
BFGS:   88 02:04:57     -201.352437        0.173979
BFGS:   89 02:04:57     -201.414164        0.163803
BFGS:   90 02:04:57     -201.469940        0.153688
BFGS:   91 02:04:57     -201.494475        0.147602
BFGS:   92 02:04:58     -201.502875        0.144393
BFGS:   93 02:04:58     -201.512535        0.141003
BFGS:   94 02:04:58     -201.529917        0.133157
BFGS:   95 02:04:58     -201.557225        0.121405
BFGS:   96 02:04:58     -201.584902        0.112380
BFGS:   97 02:04:58     -201.620050        0.106215
BFGS:   98 02:04:58     -201.654592        0.103994
BFGS:   99 02:04:58     -201.684548        0.104799
BFGS:  100 02:04:59     -201.707549        0.106921
BFGS:  101 02:04:59     -201.725003        0.109063
BFGS:  102 02:04:59     -201.738451        0.111414
BFGS:  103 02:04:59     -201.749144        0.113761
BFGS:  104 02:04:59     -201.765090        0.115168
BFGS:  105 02:04:59     -201.792282        0.115033
BFGS:  106 02:04:59     -201.825989        0.112411
BFGS:  107 02:04:59     -201.870661        0.109060
BFGS:  108 02:05:02     -201.922102        0.108531
BFGS:  109 02:05:02     -201.980665        0.105074
BFGS:  110 02:05:02     -202.041744        0.098594
BFGS:  111 02:05:02     -202.104206        0.089048
BFGS:  112 02:05:02     -202.155860        0.086422
BFGS:  113 02:05:02     -202.189782        0.084663
BFGS:  114 02:05:02     -202.215101        0.082383
BFGS:  115 02:05:03     -202.237179        0.077403
BFGS:  116 02:05:03     -202.252139        0.080357
BFGS:  117 02:05:03     -202.263509        0.087485
BFGS:  118 02:05:03     -202.269284        0.091197
BFGS:  119 02:05:03     -202.277334        0.096844
BFGS:  120 02:05:03     -202.285586        0.100215
BFGS:  121 02:05:03     -202.294713        0.103212
BFGS:  122 02:05:04     -202.304138        0.105982
BFGS:  123 02:05:04     -202.314106        0.108639
BFGS:  124 02:05:04     -202.324937        0.111022
BFGS:  125 02:05:04     -202.336688        0.112603
BFGS:  126 02:05:04     -202.347454        0.113027
BFGS:  127 02:05:04     -202.356322        0.112351
BFGS:  128 02:05:04     -202.362921        0.111202
BFGS:  129 02:05:05     -202.368701        0.110117
BFGS:  130 02:05:09     -202.375466        0.109998
BFGS:  131 02:05:09     -202.392147        0.111959
BFGS:  132 02:05:09     -202.410357        0.115759
BFGS:  133 02:05:09     -202.429348        0.120611
BFGS:  134 02:05:10     -202.441440        0.122537
BFGS:  135 02:05:10     -202.450380        0.123228
BFGS:  136 02:05:10     -202.456687        0.121961
BFGS:  137 02:05:10     -202.461551        0.121014
BFGS:  138 02:05:10     -202.469175        0.116969
BFGS:  139 02:05:16     -202.481175        0.113172
BFGS:  140 02:05:16     -202.505047        0.107849
BFGS:  141 02:05:16     -202.541756        0.106463
BFGS:  142 02:05:16     -202.574573        0.108042
BFGS:  143 02:05:16     -202.589166        0.114622
BFGS:  144 02:05:16     -202.594993        0.119250
BFGS:  145 02:05:17     -202.598003        0.121241
BFGS:  146 02:05:17     -202.603461        0.122795
BFGS:  147 02:05:17     -202.619123        0.122024
BFGS:  148 02:05:17     -202.641095        0.117781
BFGS:  149 02:05:17     -202.674031        0.106143
BFGS:  150 02:05:17     -202.696607        0.097582
BFGS:  151 02:05:17     -202.715184        0.089620
BFGS:  152 02:05:18     -202.724450        0.081673
BFGS:  153 02:05:18     -202.729424        0.078069
BFGS:  154 02:05:18     -202.732784        0.077143
BFGS:  155 02:05:18     -202.735638        0.076829
BFGS:  156 02:05:18     -202.739290        0.075271
BFGS:  157 02:05:18     -202.745064        0.073758
BFGS:  158 02:05:18     -202.759516        0.070136
BFGS:  159 02:05:18     -202.769590        0.068479
BFGS:  160 02:05:19     -202.775404        0.068574
BFGS:  161 02:05:21     -202.776901        0.069265
BFGS:  162 02:05:21     -202.777856        0.069826
BFGS:  163 02:05:21     -202.779627        0.070555
BFGS:  164 02:05:21     -202.783414        0.071037
BFGS:  165 02:05:22     -202.791011        0.070105
BFGS:  166 02:05:22     -202.803910        0.065534
BFGS:  167 02:05:22     -202.818834        0.058536
BFGS:  168 02:05:22     -202.832386        0.052442
BFGS:  169 02:05:22     -202.837275        0.053070
BFGS:  170 02:05:22     -202.838615        0.055589
BFGS:  171 02:05:22     -202.839882        0.057137
BFGS:  172 02:05:23     -202.842746        0.058923
BFGS:  173 02:05:23     -202.848742        0.060116
BFGS:  174 02:05:23     -202.861059        0.058824
BFGS:  175 02:05:23     -202.874709        0.059872
BFGS:  176 02:05:23     -202.887110        0.058597
BFGS:  177 02:05:23     -202.897853        0.051069
BFGS:  178 02:05:23     -202.906053        0.040499
BFGS:  179 02:05:24     -202.911342        0.031510
BFGS:  180 02:05:24     -202.914015        0.035246
BFGS:  181 02:05:24     -202.915379        0.036781
BFGS:  182 02:05:24     -202.919163        0.039230
BFGS:  183 02:05:24     -202.923671        0.042332
BFGS:  184 02:05:24     -202.928663        0.045425
BFGS:  185 02:05:28     -202.933883        0.048397
BFGS:  186 02:05:30     -202.938896        0.051764
BFGS:  187 02:05:30     -202.964558        0.055150
BFGS:  188 02:05:30     -202.977563        0.058682
BFGS:  189 02:05:30     -202.987827        0.060765
BFGS:  190 02:05:31     -202.997761        0.060138
BFGS:  191 02:05:31     -203.007090        0.059044
BFGS:  192 02:05:31     -203.015574        0.057287
BFGS:  193 02:05:31     -203.023092        0.055280
BFGS:  194 02:05:31     -203.029620        0.053033
BFGS:  195 02:05:31     -203.035206        0.050809
BFGS:  196 02:05:31     -203.039991        0.048702
BFGS:  197 02:05:32     -203.044156        0.046959
BFGS:  198 02:05:32     -203.047872        0.049479
BFGS:  199 02:05:32     -203.051307        0.052807
BFGS:  200 02:05:32     -203.054598        0.056193
BFGS:  201 02:05:39     -203.057793        0.059604
BFGS:  202 02:05:39     -203.060862        0.062999
BFGS:  203 02:05:40     -203.063767        0.066326
BFGS:  204 02:05:40     -203.066579        0.069540
BFGS:  205 02:05:40     -203.069579        0.072563
BFGS:  206 02:05:40     -203.073269        0.075242
BFGS:  207 02:05:40     -203.078220        0.077596
BFGS:  208 02:05:40     -203.085097        0.079668
BFGS:  209 02:05:40     -203.094605        0.080929
BFGS:  210 02:05:41     -203.107463        0.091430
BFGS:  211 02:05:41     -203.124224        0.123771
BFGS:  212 02:05:41     -203.144094        0.162101
BFGS:  213 02:05:43     -203.162987        0.197593
BFGS:  214 02:05:43     -203.178346        0.215329
BFGS:  215 02:05:43     -203.188415        0.189772
BFGS:  216 02:05:43     -203.201999        0.119619
BFGS:  217 02:05:43     -203.209046        0.062358
BFGS:  218 02:05:43     -203.213782        0.036994
BFGS:  219 02:05:44     -203.218840        0.038884
BFGS:  220 02:05:44     -203.223035        0.051775
BFGS:  221 02:05:44     -203.227081        0.072896
BFGS:  222 02:05:44     -203.231182        0.090925
BFGS:  223 02:05:44     -203.235391        0.105143
BFGS:  224 02:05:44     -203.239708        0.115487
BFGS:  225 02:05:44     -203.244104        0.122356
BFGS:  226 02:05:44     -203.248618        0.126542
BFGS:  227 02:05:45     -203.253325        0.128880
BFGS:  228 02:05:48     -203.258298        0.130026
BFGS:  229 02:05:48     -203.263605        0.130301
BFGS:  230 02:05:49     -203.269168        0.129592
BFGS:  231 02:05:49     -203.275151        0.125561
BFGS:  232 02:05:49     -203.282423        0.115298
BFGS:  233 02:05:49     -203.291374        0.103183
BFGS:  234 02:05:49     -203.301585        0.095829
BFGS:  235 02:05:49     -203.312301        0.088201
BFGS:  236 02:05:49     -203.323714        0.085183
BFGS:  237 02:05:50     -203.336761        0.096048
BFGS:  238 02:05:50     -203.343027        0.101510
BFGS:  239 02:05:50     -203.350639        0.073150
BFGS:  240 02:05:50     -203.354868        0.062253
BFGS:  241 02:05:50     -203.358234        0.043747
BFGS:  242 02:05:50     -203.360447        0.038826
BFGS:  243 02:05:50     -203.363183        0.037589
BFGS:  244 02:05:51     -203.365894        0.052351
BFGS:  245 02:05:51     -203.367901        0.061590
BFGS:  246 02:05:51     -203.370449        0.070630
BFGS:  247 02:05:51     -203.375860        0.082754
BFGS:  248 02:05:51     -203.384308        0.098135
BFGS:  249 02:05:51     -203.401178        0.125113
BFGS:  250 02:05:51     -203.410817        0.133088
BFGS:  251 02:05:51     -203.424791        0.132063
BFGS:  252 02:05:52     -203.436830        0.130081
BFGS:  253 02:05:52     -203.447566        0.130651
BFGS:  254 02:05:52     -203.457228        0.131061
BFGS:  255 02:05:52     -203.466286        0.129484
BFGS:  256 02:05:52     -203.475265        0.131248
BFGS:  257 02:05:52     -203.484316        0.135940
BFGS:  258 02:05:52     -203.493315        0.139224
BFGS:  259 02:05:52     -203.502582        0.141650
BFGS:  260 02:05:53     -203.512239        0.143100
BFGS:  261 02:05:53     -203.522325        0.144384
BFGS:  262 02:05:53     -203.533076        0.161500
BFGS:  263 02:05:53     -203.543316        0.184148
BFGS:  264 02:05:53     -203.552688        0.201945
BFGS:  265 02:05:53     -203.561855        0.204733
BFGS:  266 02:05:53     -203.571942        0.206361
BFGS:  267 02:05:54     -203.583408        0.209781
BFGS:  268 02:05:54     -203.596315        0.212899
BFGS:  269 02:05:54     -203.610590        0.203521
BFGS:  270 02:05:54     -203.626853        0.191076
BFGS:  271 02:05:54     -203.645651        0.168597
BFGS:  272 02:05:54     -203.665317        0.148716
BFGS:  273 02:05:54     -203.689737        0.182351
BFGS:  274 02:05:54     -203.716558        0.206696
BFGS:  275 02:05:55     -203.742566        0.236830
BFGS:  276 02:05:55     -203.769825        0.272201
BFGS:  277 02:05:55     -203.807833        0.313439
BFGS:  278 02:05:55     -203.866029        0.368280
BFGS:  279 02:05:55     -203.945866        0.422995
BFGS:  280 02:06:00     -204.011057        0.457804
BFGS:  281 02:06:00     -204.045616        0.506971
BFGS:  282 02:06:00     -204.084455        0.440406
BFGS:  283 02:06:00     -204.131344        0.391793
BFGS:  284 02:06:00     -204.171475        0.392956
BFGS:  285 02:06:00     -204.217435        0.379099
BFGS:  286 02:06:00     -204.255194        0.379672
BFGS:  287 02:06:01     -204.294857        0.368448
BFGS:  288 02:06:03     -204.332725        0.361836
BFGS:  289 02:06:03     -204.365103        0.347243
BFGS:  290 02:06:03     -204.393956        0.334450
BFGS:  291 02:06:03     -204.420486        0.312834
BFGS:  292 02:06:03     -204.445360        0.292566
BFGS:  293 02:06:03     -204.469056        0.262872
BFGS:  294 02:06:04     -204.491436        0.235796
BFGS:  295 02:06:04     -204.512703        0.198702
BFGS:  296 02:06:04     -204.532303        0.164849
BFGS:  297 02:06:04     -204.550280        0.120105
BFGS:  298 02:06:04     -204.565219        0.101777
BFGS:  299 02:06:04     -204.576545        0.105128
BFGS:  300 02:06:04     -204.586139        0.110614
BFGS:  301 02:06:05     -204.603115        0.117856
BFGS:  302 02:06:05     -204.615020        0.123324
BFGS:  303 02:06:05     -204.625378        0.127479
BFGS:  304 02:06:05     -204.636453        0.130658
BFGS:  305 02:06:09     -204.648563        0.134125
BFGS:  306 02:06:09     -204.662049        0.136767
BFGS:  307 02:06:10     -204.676339        0.143821
BFGS:  308 02:06:10     -204.691828        0.160244
BFGS:  309 02:06:10     -204.708655        0.175170
BFGS:  310 02:06:10     -204.727205        0.190698
BFGS:  311 02:06:10     -204.747475        0.205067
BFGS:  312 02:06:10     -204.769591        0.219457
BFGS:  313 02:06:10     -204.793463        0.232055
BFGS:  314 02:06:11     -204.819710        0.243698
BFGS:  315 02:06:11     -204.849749        0.252484
BFGS:  316 02:06:11     -204.887760        0.258974
BFGS:  317 02:06:11     -204.921917        0.255119
BFGS:  318 02:06:11     -204.952433        0.241974
BFGS:  319 02:06:11     -204.978494        0.214521
BFGS:  320 02:06:11     -204.995186        0.184767
BFGS:  321 02:06:11     -205.009050        0.142065
BFGS:  322 02:06:12     -205.020790        0.108855
BFGS:  323 02:06:12     -205.030738        0.105610
BFGS:  324 02:06:12     -205.036941        0.101669
BFGS:  325 02:06:12     -205.045525        0.094829
BFGS:  326 02:06:13     -205.053286        0.100039
BFGS:  327 02:06:13     -205.061064        0.103570
BFGS:  328 02:06:13     -205.069122        0.104102
BFGS:  329 02:06:13     -205.075637        0.100999
BFGS:  330 02:06:13     -205.079800        0.096772
BFGS:  331 02:06:13     -205.083813        0.093036
BFGS:  332 02:06:13     -205.089487        0.089489
BFGS:  333 02:06:13     -205.097029        0.087669
BFGS:  334 02:06:14     -205.105726        0.091054
BFGS:  335 02:06:14     -205.113942        0.126162
BFGS:  336 02:06:14     -205.120547        0.131917
BFGS:  337 02:06:14     -205.128623        0.123636
BFGS:  338 02:06:14     -205.139568        0.116372
BFGS:  339 02:06:14     -205.154976        0.108922
BFGS:  340 02:06:14     -205.172271        0.126902
BFGS:  341 02:06:14     -205.187819        0.168240
BFGS:  342 02:06:15     -205.201685        0.188122
BFGS:  343 02:06:15     -205.214506        0.184682
BFGS:  344 02:06:16     -205.229613        0.154646
BFGS:  345 02:06:16     -205.250321        0.109509
BFGS:  346 02:06:16     -205.276588        0.140995
BFGS:  347 02:06:16     -205.300049        0.191233
BFGS:  348 02:06:16     -205.316841        0.197349
BFGS:  349 02:06:16     -205.335569        0.171326
BFGS:  350 02:06:17     -205.356066        0.149533
BFGS:  351 02:06:17     -205.376648        0.126592
BFGS:  352 02:06:17     -205.397116        0.114007
BFGS:  353 02:06:17     -205.415765        0.134243
BFGS:  354 02:06:17     -205.434017        0.148540
BFGS:  355 02:06:17     -205.452415        0.150152
BFGS:  356 02:06:17     -205.473114        0.136527
BFGS:  357 02:06:17     -205.495946        0.121911
BFGS:  358 02:06:18     -205.512182        0.153842
BFGS:  359 02:06:18     -205.523595        0.162489
BFGS:  360 02:06:18     -205.536074        0.158991
BFGS:  361 02:06:18     -205.551068        0.142068
BFGS:  362 02:06:18     -205.567956        0.106063
BFGS:  363 02:06:18     -205.584525        0.110431
BFGS:  364 02:06:18     -205.595142        0.113259
BFGS:  365 02:06:18     -205.602234        0.108993
BFGS:  366 02:06:20     -205.607368        0.083189
BFGS:  367 02:06:20     -205.613321        0.059304
BFGS:  368 02:06:20     -205.618890        0.062234
BFGS:  369 02:06:20     -205.623403        0.102380
BFGS:  370 02:06:20     -205.627022        0.120854
BFGS:  371 02:06:20     -205.630991        0.119577
BFGS:  372 02:06:20     -205.636107        0.091588
BFGS:  373 02:06:21     -205.640666        0.048592
BFGS:  374 02:06:21     -205.643562        0.033693
BFGS:  375 02:06:21     -205.645656        0.036436
BFGS:  376 02:06:21     -205.647398        0.038510
BFGS:  377 02:06:21     -205.649909        0.039048
BFGS:  378 02:06:21     -205.651806        0.044498
BFGS:  379 02:06:21     -205.653204        0.037121
BFGS:  380 02:06:21     -205.655467        0.038650
BFGS:  381 02:06:24     -205.656890        0.038576
BFGS:  382 02:06:24     -205.659567        0.038599
BFGS:  383 02:06:24     -205.661342        0.037072
BFGS:  384 02:06:24     -205.663414        0.040984
BFGS:  385 02:06:24     -205.665377        0.040619
BFGS:  386 02:06:25     -205.667196        0.035862
BFGS:  387 02:06:25     -205.668515        0.031275
BFGS:  388 02:06:25     -205.669631        0.034044
BFGS:  389 02:06:25     -205.670773        0.038496
BFGS:  390 02:06:25     -205.671737        0.035087
BFGS:  391 02:06:25     -205.672434        0.031686
BFGS:  392 02:06:25     -205.673142        0.032888
BFGS:  393 02:06:26     -205.673734        0.032771
BFGS:  394 02:06:26     -205.674330        0.031738
BFGS:  395 02:06:26     -205.674882        0.030112
BFGS:  396 02:06:26     -205.675419        0.028972
BFGS:  397 02:06:26     -205.676001        0.028655
BFGS:  398 02:06:26     -205.676577        0.029753
BFGS:  399 02:06:26     -205.677084        0.031670
BFGS:  400 02:06:26     -205.677522        0.033557
BFGS:  401 02:06:27     -205.677994        0.034883
BFGS:  402 02:06:27     -205.678521        0.035241
BFGS:  403 02:06:27     -205.679077        0.034421
BFGS:  404 02:06:27     -205.679690        0.032855
BFGS:  405 02:06:27     -205.680407        0.033637
BFGS:  406 02:06:27     -205.681150        0.034052
BFGS:  407 02:06:27     -205.681758        0.029948
BFGS:  408 02:06:27     -205.682273        0.030625
BFGS:  409 02:06:28     -205.682942        0.031448
BFGS:  410 02:06:28     -205.684029        0.032033
BFGS:  411 02:06:28     -205.685552        0.048032
BFGS:  412 02:06:28     -205.687085        0.055719
BFGS:  413 02:06:28     -205.688261        0.051402
BFGS:  414 02:06:28     -205.689306        0.043157
BFGS:  415 02:06:28     -205.690781        0.040120
BFGS:  416 02:06:28     -205.693081        0.056938
BFGS:  417 02:06:29     -205.695852        0.082077
BFGS:  418 02:06:29     -205.698211        0.091853
BFGS:  419 02:06:29     -205.699937        0.086316
BFGS:  420 02:06:29     -205.701529        0.070608
BFGS:  421 02:06:29     -205.703298        0.042903
BFGS:  422 02:06:29     -205.705086        0.031578
BFGS:  423 02:06:29     -205.706502        0.032865
BFGS:  424 02:06:30     -205.707490        0.039415
BFGS:  425 02:06:30     -205.708355        0.044657
BFGS:  426 02:06:30     -205.709359        0.049169
BFGS:  427 02:06:30     -205.710557        0.051040
BFGS:  428 02:06:30     -205.711871        0.045333
BFGS:  429 02:06:30     -205.712977        0.031480
BFGS:  430 02:06:30     -205.713639        0.028960
BFGS:  431 02:06:31     -205.714026        0.026344
BFGS:  432 02:06:31     -205.714427        0.023848
BFGS:  433 02:06:31     -205.715069        0.027498
BFGS:  434 02:06:31     -205.716075        0.028501
BFGS:  435 02:06:31     -205.717222        0.035208
BFGS:  436 02:06:31     -205.718050        0.038018
BFGS:  437 02:06:31     -205.718546        0.035118
BFGS:  438 02:06:31     -205.719024        0.030709
BFGS:  439 02:06:32     -205.719723        0.024088
BFGS:  440 02:06:32     -205.720614        0.037690
BFGS:  441 02:06:32     -205.721442        0.058274
BFGS:  442 02:06:32     -205.722108        0.064241
BFGS:  443 02:06:32     -205.722815        0.058084
BFGS:  444 02:06:32     -205.723836        0.039906
BFGS:  445 02:06:32     -205.725086        0.027172
BFGS:  446 02:06:32     -205.726042        0.027558
BFGS:  447 02:06:33     -205.726543        0.029782
BFGS:  448 02:06:33     -205.726927        0.026366
BFGS:  449 02:06:33     -205.727542        0.024853
BFGS:  450 02:06:33     -205.728573        0.030628
BFGS:  451 02:06:33     -205.729863        0.039280
BFGS:  452 02:06:33     -205.730902        0.041158
BFGS:  453 02:06:33     -205.731567        0.035170
BFGS:  454 02:06:37     -205.732182        0.027467
BFGS:  455 02:06:37     -205.733106        0.029297
BFGS:  456 02:06:37     -205.734415        0.033530
BFGS:  457 02:06:37     -205.735784        0.061782
BFGS:  458 02:06:37     -205.736957        0.076540
BFGS:  459 02:06:37     -205.738041        0.073375
BFGS:  460 02:06:37     -205.739187        0.055119
BFGS:  461 02:06:38     -205.740522        0.024946
BFGS:  462 02:06:38     -205.741565        0.024193
BFGS:  463 02:06:38     -205.742160        0.027682
BFGS:  464 02:06:38     -205.742594        0.031117
BFGS:  465 02:06:38     -205.743100        0.026033
BFGS:  466 02:06:38     -205.744278        0.020900
BFGS:  467 02:06:38     -205.745435        0.021096
BFGS:  468 02:06:39     -205.746565        0.031879
BFGS:  469 02:06:39     -205.747208        0.036012
BFGS:  470 02:06:39     -205.747576        0.032685
BFGS:  471 02:06:39     -205.747901        0.024975
BFGS:  472 02:06:41     -205.748411        0.023275
BFGS:  473 02:06:41     -205.749061        0.019073
BFGS:  474 02:06:42     -205.749652        0.035214
BFGS:  475 02:06:42     -205.750006        0.038533
BFGS:  476 02:06:46     -205.750233        0.031879
BFGS:  477 02:06:46     -205.750481        0.019728
BFGS:  478 02:06:47     -205.750808        0.020027
BFGS:  479 02:06:47     -205.751142        0.027079
BFGS:  480 02:06:47     -205.751391        0.037851
BFGS:  481 02:06:47     -205.751575        0.037983
BFGS:  482 02:06:47     -205.751781        0.031446
BFGS:  483 02:06:47     -205.752062        0.018976
BFGS:  484 02:06:47     -205.752361        0.015044
BFGS:  485 02:06:47     -205.752560        0.016269
BFGS:  486 02:06:48     -205.752655        0.016377
BFGS:  487 02:06:48     -205.752721        0.017005
BFGS:  488 02:06:48     -205.752820        0.017562
BFGS:  489 02:06:48     -205.752981        0.017878
BFGS:  490 02:06:48     -205.753190        0.018331
BFGS:  491 02:06:48     -205.753369        0.025603
BFGS:  492 02:06:48     -205.753483        0.025321
BFGS:  493 02:06:48     -205.753572        0.019757
BFGS:  494 02:06:49     -205.753678        0.014764
BFGS:  495 02:06:49     -205.753803        0.014888
BFGS:  496 02:06:49     -205.753910        0.017497
BFGS:  497 02:06:49     -205.753982        0.020351
BFGS:  498 02:06:49     -205.754047        0.018326
BFGS:  499 02:06:49     -205.754141        0.016058
BFGS:  500 02:06:49     -205.754274        0.015712
BFGS:  501 02:06:49     -205.754408        0.015062
BFGS:  502 02:06:50     -205.754500        0.014514
BFGS:  503 02:06:50     -205.754563        0.014262
BFGS:  504 02:06:50     -205.754637        0.014171
BFGS:  505 02:06:50     -205.754752        0.014173
BFGS:  506 02:06:50     -205.754919        0.014189
BFGS:  507 02:06:50     -205.755121        0.014077
BFGS:  508 02:06:50     -205.755306        0.013702
BFGS:  509 02:06:50     -205.755442        0.013124
BFGS:  510 02:06:51     -205.755522        0.012597
BFGS:  511 02:06:51     -205.755569        0.012313
BFGS:  512 02:06:51     -205.755619        0.012157
BFGS:  513 02:06:51     -205.755696        0.012077
BFGS:  514 02:06:51     -205.755817        0.012066
BFGS:  515 02:06:51     -205.755965        0.012664
BFGS:  516 02:06:51     -205.756084        0.013617
BFGS:  517 02:06:51     -205.756156        0.012386
BFGS:  518 02:06:52     -205.756221        0.011919
BFGS:  519 02:06:52     -205.756325        0.011613
BFGS:  520 02:06:52     -205.756479        0.016139
BFGS:  521 02:06:52     -205.756648        0.024375
BFGS:  522 02:06:52     -205.756778        0.026736
BFGS:  523 02:06:52     -205.756881        0.023924
BFGS:  524 02:06:52     -205.757006        0.017434
BFGS:  525 02:06:53     -205.757170        0.010576
BFGS:  526 02:06:53     -205.757327        0.013180
BFGS:  527 02:06:53     -205.757426        0.017472
BFGS:  528 02:06:53     -205.757486        0.017228
BFGS:  529 02:06:53     -205.757557        0.014200
BFGS:  530 02:06:53     -205.757677        0.008608
BFGS:  531 02:06:53     -205.757838        0.013577
BFGS:  532 02:06:53     -205.757984        0.018247
BFGS:  533 02:06:54     -205.758073        0.017453
BFGS:  534 02:06:54     -205.758137        0.013446
BFGS:  535 02:06:54     -205.758214        0.009488
BFGS:  536 02:06:54     -205.758313        0.008765
BFGS:  537 02:06:54     -205.758407        0.015873
BFGS:  538 02:06:54     -205.758473        0.020746
BFGS:  539 02:06:54     -205.758523        0.020368
BFGS:  540 02:06:54     -205.758587        0.016258
BFGS:  541 02:06:55     -205.758675        0.008204
BFGS:  542 02:06:55     -205.758757        0.006659
BFGS:  543 02:06:55     -205.758803        0.007031
BFGS:  544 02:06:55     -205.758826        0.007116
BFGS:  545 02:06:55     -205.758854        0.007253
BFGS:  546 02:06:55     -205.758903        0.007295
BFGS:  547 02:06:55     -205.758978        0.007102
BFGS:  548 02:06:55     -205.759053        0.007459
BFGS:  549 02:06:56     -205.759095        0.007798
BFGS:  550 02:06:56     -205.759116        0.007106
BFGS:  551 02:06:56     -205.759138        0.006236
BFGS:  552 02:06:56     -205.759177        0.005935
BFGS:  553 02:06:56     -205.759233        0.010598
BFGS:  554 02:06:56     -205.759283        0.013634
BFGS:  555 02:06:56     -205.759314        0.012656
BFGS:  556 02:06:56     -205.759336        0.009586
BFGS:  557 02:06:57     -205.759363        0.005912
BFGS:  558 02:06:57     -205.759397        0.005776
BFGS:  559 02:06:57     -205.759428        0.010391
BFGS:  560 02:06:57     -205.759449        0.012516
BFGS:  561 02:06:57     -205.759468        0.011903
BFGS:  562 02:06:57     -205.759497        0.009044
BFGS:  563 02:06:57     -205.759536        0.005501
BFGS:  564 02:06:57     -205.759567        0.005373
BFGS:  565 02:06:58     -205.759580        0.005254
BFGS:  566 02:06:58     -205.759587        0.005183
BFGS:  567 02:06:58     -205.759595        0.005103
BFGS:  568 02:06:58     -205.759609        0.005005
BFGS:  569 02:06:58     -205.759625        0.007458
BFGS:  570 02:06:58     -205.759638        0.009327
BFGS:  571 02:06:58     -205.759647        0.009073
BFGS:  572 02:06:58     -205.759656        0.007493
BFGS:  573 02:06:59     -205.759671        0.005155
BFGS:  574 02:06:59     -205.759687        0.005158
BFGS:  575 02:06:59     -205.759699        0.005158
BFGS:  576 02:06:59     -205.759705        0.005485
BFGS:  577 02:06:59     -205.759711        0.005589
BFGS:  578 02:06:59     -205.759720        0.005273
BFGS:  579 02:06:59     -205.759734        0.004791
BFGS:  580 02:07:00     -205.759746        0.004787
BFGS:  581 02:07:00     -205.759752        0.004798
BFGS:  582 02:07:00     -205.759754        0.004811
BFGS:  583 02:07:00     -205.759758        0.004840
BFGS:  584 02:07:00     -205.759765        0.004912
BFGS:  585 02:07:00     -205.759777        0.004927
BFGS:  586 02:07:00     -205.759789        0.004860
BFGS:  587 02:07:00     -205.759796        0.004821
BFGS:  588 02:07:01     -205.759799        0.004787
BFGS:  589 02:07:01     -205.759802        0.004758
BFGS:  590 02:07:01     -205.759808        0.004722
BFGS:  591 02:07:01     -205.759815        0.004694
BFGS:  592 02:07:01     -205.759822        0.005169
BFGS:  593 02:07:04     -205.759826        0.004722
BFGS:  594 02:07:04     -205.759828        0.004743
BFGS:  595 02:07:05     -205.759832        0.004757
BFGS:  596 02:07:05     -205.759837        0.004748
BFGS:  597 02:07:05     -205.759842        0.004706
BFGS:  598 02:07:05     -205.759846        0.004652
BFGS:  599 02:07:05     -205.759849        0.004606
BFGS:  600 02:07:05     -205.759854        0.004560
BFGS:  601 02:07:05     -205.759863        0.004526
BFGS:  602 02:07:05     -205.759872        0.004531
BFGS:  603 02:07:07     -205.759878        0.004576
BFGS:  604 02:07:08     -205.759882        0.004618
BFGS:  605 02:07:08     -205.759886        0.004646
BFGS:  606 02:07:08     -205.759893        0.004654
BFGS:  607 02:07:08     -205.759905        0.004608
BFGS:  608 02:07:08     -205.759917        0.004653
BFGS:  609 02:07:08     -205.759925        0.005756
BFGS:  610 02:07:08     -205.759930        0.005562
BFGS:  611 02:07:08     -205.759936        0.004447
BFGS:  612 02:07:09     -205.759945        0.004168
BFGS:  613 02:07:09     -205.759956        0.005221
BFGS:  614 02:07:09     -205.759964        0.006168
BFGS:  615 02:07:09     -205.759970        0.006149
BFGS:  616 02:07:09     -205.759978        0.005456
BFGS:  617 02:07:09     -205.759991        0.004231
BFGS:  618 02:07:09     -205.760007        0.004148
BFGS:  619 02:07:10     -205.760019        0.004018
BFGS:  620 02:07:10     -205.760025        0.003923
BFGS:  621 02:07:10     -205.760030        0.004004
BFGS:  622 02:07:10     -205.760039        0.005012
BFGS:  623 02:07:14     -205.760056        0.005924
BFGS:  624 02:07:18     -205.760078        0.005562
BFGS:  625 02:07:18     -205.760094        0.003832
BFGS:  626 02:07:18     -205.760101        0.004034
BFGS:  627 02:07:19     -205.760105        0.003810
BFGS:  628 02:07:19     -205.760113        0.003591
BFGS:  629 02:07:19     -205.760129        0.003569
BFGS:  630 02:07:19     -205.760151        0.003798
BFGS:  631 02:07:19     -205.760171        0.003362
BFGS:  632 02:07:19     -205.760179        0.003776
BFGS:  633 02:07:19     -205.760184        0.003668
BFGS:  634 02:07:20     -205.760190        0.003291
BFGS:  635 02:07:20     -205.760203        0.004673
BFGS:  636 02:07:20     -205.760222        0.005132
BFGS:  637 02:07:20     -205.760240        0.003632
BFGS:  638 02:07:20     -205.760248        0.002686
BFGS:  639 02:07:20     -205.760252        0.002682
BFGS:  640 02:07:20     -205.760256        0.002700
BFGS:  641 02:07:21     -205.760265        0.002735
BFGS:  642 02:07:21     -205.760280        0.003378
BFGS:  643 02:07:27     -205.760296        0.002878
BFGS:  644 02:07:29     -205.760305        0.002561
BFGS:  645 02:07:29     -205.760309        0.002296
BFGS:  646 02:07:29     -205.760312        0.002252
BFGS:  647 02:07:29     -205.760319        0.002505
BFGS:  648 02:07:29     -205.760331        0.003561
BFGS:  649 02:07:29     -205.760347        0.003683
BFGS:  650 02:07:29     -205.760358        0.003118
BFGS:  651 02:07:30     -205.760363        0.002910
BFGS:  652 02:07:35     -205.760367        0.002856
BFGS:  653 02:07:35     -205.760373        0.002470
BFGS:  654 02:07:35     -205.760385        0.002151
BFGS:  655 02:07:35     -205.760398        0.002619
BFGS:  656 02:07:35     -205.760407        0.002573
BFGS:  657 02:07:35     -205.760410        0.002054
BFGS:  658 02:07:36     -205.760413        0.002106
BFGS:  659 02:07:36     -205.760418        0.002640
BFGS:  660 02:07:36     -205.760428        0.003341
BFGS:  661 02:07:36     -205.760442        0.003207
BFGS:  662 02:07:36     -205.760454        0.002888
BFGS:  663 02:07:36     -205.760459        0.002191
BFGS:  664 02:07:36     -205.760462        0.002053
BFGS:  665 02:07:37     -205.760466        0.002247
BFGS:  666 02:07:37     -205.760474        0.002242
BFGS:  667 02:07:37     -205.760487        0.002518
BFGS:  668 02:07:40     -205.760499        0.002826
BFGS:  669 02:07:40     -205.760505        0.002094
BFGS:  670 02:07:40     -205.760507        0.002084
BFGS:  671 02:07:40     -205.760509        0.001873
BFGS:  672 02:07:40     -205.760512        0.001413
BFGS:  673 02:07:41     -205.760518        0.001845
BFGS:  674 02:07:41     -205.760525        0.002598
BFGS:  675 02:07:41     -205.760529        0.002268
BFGS:  676 02:07:41     -205.760531        0.001716
BFGS:  677 02:07:41     -205.760532        0.001709
BFGS:  678 02:07:41     -205.760535        0.001558
BFGS:  679 02:07:41     -205.760540        0.001418
BFGS:  680 02:07:47     -205.760546        0.001919
BFGS:  681 02:07:47     -205.760550        0.001491
BFGS:  682 02:07:47     -205.760551        0.001190
BFGS:  683 02:07:47     -205.760552        0.001143
BFGS:  684 02:07:47     -205.760554        0.001079
BFGS:  685 02:07:47     -205.760556        0.001327
BFGS:  686 02:07:48     -205.760559        0.001465
BFGS:  687 02:07:48     -205.760560        0.001048
BFGS:  688 02:07:48     -205.760561        0.001185
BFGS:  689 02:07:48     -205.760562        0.001246
BFGS:  690 02:07:48     -205.760563        0.001132
BFGS:  691 02:07:48     -205.760566        0.001461
BFGS:  692 02:07:48     -205.760569        0.001381
BFGS:  693 02:07:49     -205.760571        0.001187
BFGS:  694 02:07:49     -205.760572        0.001115
BFGS:  695 02:07:49     -205.760572        0.001084
BFGS:  696 02:07:49     -205.760573        0.000910
