      Step     Time          Energy          fmax
BFGS:    0 04:26:29      -52.666880       23.439990
BFGS:    1 04:26:29      -90.938181       11.824706
BFGS:    2 04:26:29     -117.347345        7.017483
BFGS:    3 04:26:29     -134.249963        5.715282
BFGS:    4 04:26:29     -145.180472        4.859638
BFGS:    5 04:26:29     -153.457794        4.189493
BFGS:    6 04:26:29     -160.016238        3.621281
BFGS:    7 04:26:30     -165.370720        3.123617
BFGS:    8 04:26:30     -169.937591        2.679372
BFGS:    9 04:26:30     -173.986560        2.283840
BFGS:   10 04:26:30     -177.650164        2.095744
BFGS:   11 04:26:30     -180.978539        1.948029
BFGS:   12 04:26:30     -183.969866        1.739746
BFGS:   13 04:26:30     -186.633923        1.538540
BFGS:   14 04:26:30     -189.011818        1.443209
BFGS:   15 04:26:31     -191.157106        1.457984
BFGS:   16 04:26:31     -193.169582        1.548315
BFGS:   17 04:26:31     -195.189159        1.508738
BFGS:   18 04:26:31     -197.390254        1.434663
BFGS:   19 04:26:31     -198.974734        1.457113
BFGS:   20 04:26:31     -200.259251        1.166798
BFGS:   21 04:26:31     -201.329705        1.171702
BFGS:   22 04:26:31     -203.788421        0.965176
BFGS:   23 04:26:32     -205.486570        0.901894
BFGS:   24 04:26:32     -206.730956        0.915143
BFGS:   25 04:26:32     -207.685798        0.961460
BFGS:   26 04:26:32     -208.427668        0.907340
BFGS:   27 04:26:32     -208.979466        0.790731
BFGS:   28 04:26:32     -209.623221        0.766910
BFGS:   29 04:26:32     -210.500989        0.728476
BFGS:   30 04:26:32     -211.435626        0.683750
BFGS:   31 04:26:33     -211.932690        0.674050
BFGS:   32 04:26:33     -212.180177        0.663718
BFGS:   33 04:26:33     -212.558945        0.630984
BFGS:   34 04:26:33     -212.998863        0.589106
BFGS:   35 04:26:33     -213.475468        0.576573
BFGS:   36 04:26:33     -213.980033        0.728495
BFGS:   37 04:26:33     -214.312801        0.845001
BFGS:   38 04:26:33     -214.490751        0.785129
BFGS:   39 04:26:34     -214.960571        0.467002
BFGS:   40 04:26:34     -215.294832        0.450821
BFGS:   41 04:26:34     -215.595222        0.472049
BFGS:   42 04:26:34     -215.807611        0.516374
BFGS:   43 04:26:34     -215.931573        0.450021
BFGS:   44 04:26:34     -216.220161        0.483262
BFGS:   45 04:26:34     -216.540732        0.519620
BFGS:   46 04:26:34     -216.890579        0.501875
BFGS:   47 04:26:35     -217.255156        0.482963
BFGS:   48 04:26:35     -217.631968        0.559781
BFGS:   49 04:26:35     -217.997867        0.636278
BFGS:   50 04:26:35     -218.220974        0.647447
BFGS:   51 04:26:35     -218.523158        0.612887
BFGS:   52 04:26:35     -219.023538        0.592311
BFGS:   53 04:26:35     -219.457388        0.551429
BFGS:   54 04:26:36     -219.798868        0.446036
BFGS:   55 04:26:36     -219.937787        0.436063
BFGS:   56 04:26:36     -220.018944        0.331977
BFGS:   57 04:26:36     -220.139828        0.397243
BFGS:   58 04:26:36     -220.361489        0.288736
BFGS:   59 04:26:36     -220.552643        0.321717
BFGS:   60 04:26:36     -220.705487        0.310070
BFGS:   61 04:26:36     -220.807631        0.261332
BFGS:   62 04:26:37     -220.861161        0.257383
BFGS:   63 04:26:37     -220.923545        0.240080
BFGS:   64 04:26:37     -221.030235        0.221417
BFGS:   65 04:26:37     -221.148102        0.276704
BFGS:   66 04:26:37     -221.257049        0.221871
BFGS:   67 04:26:37     -221.298437        0.167951
BFGS:   68 04:26:37     -221.318139        0.158343
BFGS:   69 04:26:37     -221.357255        0.152715
BFGS:   70 04:26:38     -221.421306        0.195551
BFGS:   71 04:26:38     -221.510809        0.286294
BFGS:   72 04:26:38     -221.588800        0.305943
BFGS:   73 04:26:38     -221.656434        0.258313
BFGS:   74 04:26:38     -221.704860        0.241390
BFGS:   75 04:26:38     -221.748663        0.223319
BFGS:   76 04:26:38     -221.804547        0.214856
BFGS:   77 04:26:38     -221.885931        0.249729
BFGS:   78 04:26:39     -221.980870        0.218041
BFGS:   79 04:26:39     -222.018918        0.234683
BFGS:   80 04:26:39     -222.047494        0.225767
BFGS:   81 04:26:39     -222.090587        0.181406
BFGS:   82 04:26:39     -222.154315        0.233713
BFGS:   83 04:26:39     -222.232634        0.251760
BFGS:   84 04:26:39     -222.300391        0.218152
BFGS:   85 04:26:39     -222.344966        0.200631
BFGS:   86 04:26:40     -222.367149        0.152006
BFGS:   87 04:26:40     -222.396084        0.137923
BFGS:   88 04:26:40     -222.442096        0.148092
BFGS:   89 04:26:40     -222.489255        0.156578
BFGS:   90 04:26:40     -222.516943        0.157592
BFGS:   91 04:26:40     -222.530447        0.155024
BFGS:   92 04:26:40     -222.542506        0.151627
BFGS:   93 04:26:40     -222.563072        0.145015
BFGS:   94 04:26:41     -222.597627        0.134704
BFGS:   95 04:26:41     -222.632040        0.126524
BFGS:   96 04:26:41     -222.656970        0.124824
BFGS:   97 04:26:41     -222.668368        0.127057
BFGS:   98 04:26:41     -222.677609        0.129485
BFGS:   99 04:26:41     -222.693292        0.132108
BFGS:  100 04:26:41     -222.716865        0.134460
BFGS:  101 04:26:41     -222.743383        0.135159
BFGS:  102 04:26:42     -222.762113        0.134314
BFGS:  103 04:26:42     -222.773510        0.146623
BFGS:  104 04:26:42     -222.784078        0.137348
BFGS:  105 04:26:42     -222.802235        0.120226
BFGS:  106 04:26:42     -222.829624        0.123539
BFGS:  107 04:26:42     -222.854463        0.113132
BFGS:  108 04:26:42     -222.866770        0.104332
BFGS:  109 04:26:42     -222.874273        0.100470
BFGS:  110 04:26:43     -222.885606        0.100590
BFGS:  111 04:26:43     -222.906823        0.102424
BFGS:  112 04:26:43     -222.938438        0.133097
BFGS:  113 04:26:43     -222.967896        0.131874
BFGS:  114 04:26:43     -222.984590        0.154900
BFGS:  115 04:26:43     -222.994710        0.152459
BFGS:  116 04:26:43     -223.009793        0.138758
BFGS:  117 04:26:43     -223.041312        0.143865
BFGS:  118 04:26:44     -223.085759        0.173582
BFGS:  119 04:26:44     -223.134659        0.149318
BFGS:  120 04:26:44     -223.165539        0.112318
BFGS:  121 04:26:44     -223.176657        0.109694
BFGS:  122 04:26:44     -223.185653        0.094146
BFGS:  123 04:26:44     -223.199922        0.089505
BFGS:  124 04:26:44     -223.234125        0.111015
BFGS:  125 04:26:44     -223.287727        0.129184
BFGS:  126 04:26:45     -223.335187        0.128608
BFGS:  127 04:26:45     -223.367097        0.128881
BFGS:  128 04:26:45     -223.383379        0.129903
BFGS:  129 04:26:45     -223.401858        0.130907
BFGS:  130 04:26:45     -223.435648        0.131238
BFGS:  131 04:26:45     -223.474626        0.117566
BFGS:  132 04:26:45     -223.514029        0.126034
BFGS:  133 04:26:45     -223.532925        0.138957
BFGS:  134 04:26:46     -223.544220        0.127512
BFGS:  135 04:26:46     -223.558922        0.104352
BFGS:  136 04:26:46     -223.593512        0.118440
BFGS:  137 04:26:46     -223.634243        0.137456
BFGS:  138 04:26:46     -223.673171        0.130953
BFGS:  139 04:26:46     -223.701803        0.138839
BFGS:  140 04:26:46     -223.718109        0.134577
BFGS:  141 04:26:46     -223.738208        0.136507
BFGS:  142 04:26:47     -223.773701        0.128232
BFGS:  143 04:26:47     -223.814366        0.112261
BFGS:  144 04:26:47     -223.860352        0.105474
BFGS:  145 04:26:47     -223.907004        0.131321
BFGS:  146 04:26:47     -223.935848        0.155207
BFGS:  147 04:26:47     -223.946222        0.148065
BFGS:  148 04:26:47     -223.970770        0.115363
BFGS:  149 04:26:47     -223.999544        0.119070
BFGS:  150 04:26:48     -224.046758        0.143745
BFGS:  151 04:26:48     -224.082185        0.136300
BFGS:  152 04:26:48     -224.108469        0.115874
BFGS:  153 04:26:48     -224.119648        0.123525
BFGS:  154 04:26:48     -224.139636        0.126271
BFGS:  155 04:26:48     -224.170893        0.121262
BFGS:  156 04:26:48     -224.222753        0.137649
BFGS:  157 04:26:48     -224.257048        0.132511
BFGS:  158 04:26:49     -224.290854        0.122063
BFGS:  159 04:26:49     -224.301077        0.117631
BFGS:  160 04:26:49     -224.311165        0.106191
BFGS:  161 04:26:49     -224.345193        0.097603
BFGS:  162 04:26:49     -224.385711        0.126609
BFGS:  163 04:26:49     -224.419516        0.136439
BFGS:  164 04:26:49     -224.449247        0.132462
BFGS:  165 04:26:49     -224.474599        0.120822
BFGS:  166 04:26:50     -224.494282        0.104315
BFGS:  167 04:26:50     -224.507902        0.104048
BFGS:  168 04:26:50     -224.516794        0.107037
BFGS:  169 04:26:50     -224.524055        0.116347
BFGS:  170 04:26:50     -224.543149        0.126024
BFGS:  171 04:26:50     -224.567725        0.128468
BFGS:  172 04:26:50     -224.597580        0.125090
BFGS:  173 04:26:50     -224.631839        0.127047
BFGS:  174 04:26:51     -224.669192        0.125631
BFGS:  175 04:26:51     -224.707644        0.121539
BFGS:  176 04:26:51     -224.744962        0.115901
BFGS:  177 04:26:51     -224.779668        0.115911
BFGS:  178 04:26:51     -224.811428        0.121658
BFGS:  179 04:26:51     -224.839924        0.124992
BFGS:  180 04:26:51     -224.865287        0.137329
BFGS:  181 04:26:51     -224.889081        0.157353
BFGS:  182 04:26:52     -224.915179        0.173021
BFGS:  183 04:26:52     -224.947410        0.183545
BFGS:  184 04:26:52     -224.988135        0.189167
BFGS:  185 04:26:52     -225.038767        0.200503
BFGS:  186 04:26:52     -225.100489        0.211639
BFGS:  187 04:26:52     -225.175162        0.219200
BFGS:  188 04:26:52     -225.265209        0.222903
BFGS:  189 04:26:53     -225.374845        0.221836
BFGS:  190 04:26:53     -225.505944        0.215063
BFGS:  191 04:26:53     -225.662100        0.199063
BFGS:  192 04:26:53     -225.810039        0.191846
BFGS:  193 04:26:53     -225.871345        0.187465
BFGS:  194 04:26:53     -225.898759        0.189104
BFGS:  195 04:26:53     -225.931715        0.211855
BFGS:  196 04:26:53     -225.967985        0.194910
BFGS:  197 04:26:54     -226.008808        0.166095
BFGS:  198 04:26:54     -226.103457        0.176267
BFGS:  199 04:26:54     -226.176258        0.142072
BFGS:  200 04:26:54     -226.228787        0.128709
BFGS:  201 04:26:54     -226.271555        0.099687
BFGS:  202 04:26:54     -226.285834        0.104514
BFGS:  203 04:26:54     -226.302889        0.090083
BFGS:  204 04:26:54     -226.317378        0.098402
BFGS:  205 04:26:55     -226.334387        0.087156
BFGS:  206 04:26:55     -226.347394        0.063979
BFGS:  207 04:26:55     -226.356618        0.060615
BFGS:  208 04:26:55     -226.364663        0.064558
BFGS:  209 04:26:55     -226.376653        0.064062
BFGS:  210 04:26:55     -226.392142        0.073698
BFGS:  211 04:26:55     -226.408276        0.069603
BFGS:  212 04:26:55     -226.418442        0.049115
BFGS:  213 04:26:56     -226.423169        0.044654
BFGS:  214 04:26:56     -226.426130        0.042621
BFGS:  215 04:26:56     -226.428591        0.041948
BFGS:  216 04:26:56     -226.430627        0.041975
BFGS:  217 04:26:56     -226.432647        0.042033
BFGS:  218 04:26:56     -226.435211        0.041646
BFGS:  219 04:26:56     -226.438617        0.040356
BFGS:  220 04:26:56     -226.442367        0.038001
BFGS:  221 04:26:57     -226.445571        0.035201
BFGS:  222 04:26:57     -226.447852        0.032854
BFGS:  223 04:26:57     -226.449259        0.031440
BFGS:  224 04:26:57     -226.450057        0.030810
BFGS:  225 04:26:57     -226.450557        0.030523
BFGS:  226 04:26:57     -226.451061        0.030192
BFGS:  227 04:26:57     -226.451958        0.029427
BFGS:  228 04:26:57     -226.453686        0.027673
BFGS:  229 04:26:58     -226.456315        0.027054
BFGS:  230 04:26:58     -226.458675        0.027341
BFGS:  231 04:26:58     -226.459689        0.026647
BFGS:  232 04:26:58     -226.459952        0.025952
BFGS:  233 04:26:58     -226.460128        0.025569
BFGS:  234 04:26:58     -226.460563        0.025109
BFGS:  235 04:26:58     -226.461416        0.024920
BFGS:  236 04:26:58     -226.462846        0.025540
BFGS:  237 04:26:59     -226.464275        0.027198
BFGS:  238 04:26:59     -226.465000        0.028722
BFGS:  239 04:26:59     -226.465206        0.029146
BFGS:  240 04:26:59     -226.465320        0.029066
BFGS:  241 04:26:59     -226.465551        0.028606
BFGS:  242 04:26:59     -226.466000        0.027520
BFGS:  243 04:26:59     -226.466810        0.025471
BFGS:  244 04:26:59     -226.467877        0.022848
BFGS:  245 04:27:00     -226.468771        0.023112
BFGS:  246 04:27:00     -226.469233        0.025299
BFGS:  247 04:27:00     -226.469499        0.024261
BFGS:  248 04:27:00     -226.469836        0.022305
BFGS:  249 04:27:00     -226.470421        0.023204
BFGS:  250 04:27:00     -226.471287        0.023660
BFGS:  251 04:27:00     -226.472167        0.027569
BFGS:  252 04:27:00     -226.472712        0.025787
BFGS:  253 04:27:01     -226.473002        0.023805
BFGS:  254 04:27:01     -226.473287        0.022089
BFGS:  255 04:27:01     -226.473723        0.018979
BFGS:  256 04:27:01     -226.474254        0.025237
BFGS:  257 04:27:01     -226.474698        0.029236
BFGS:  258 04:27:01     -226.474996        0.026294
BFGS:  259 04:27:01     -226.475289        0.020910
BFGS:  260 04:27:02     -226.475724        0.018308
BFGS:  261 04:27:02     -226.476275        0.019247
BFGS:  262 04:27:02     -226.476718        0.024352
BFGS:  263 04:27:02     -226.476946        0.024728
BFGS:  264 04:27:02     -226.477095        0.022452
BFGS:  265 04:27:02     -226.477299        0.017369
BFGS:  266 04:27:02     -226.477567        0.012898
BFGS:  267 04:27:02     -226.477782        0.016529
BFGS:  268 04:27:03     -226.477883        0.014406
BFGS:  269 04:27:03     -226.477939        0.010990
BFGS:  270 04:27:03     -226.478023        0.010153
BFGS:  271 04:27:03     -226.478172        0.009810
BFGS:  272 04:27:03     -226.478359        0.012119
BFGS:  273 04:27:03     -226.478491        0.011588
BFGS:  274 04:27:03     -226.478546        0.009155
BFGS:  275 04:27:03     -226.478578        0.008459
BFGS:  276 04:27:04     -226.478627        0.006181
BFGS:  277 04:27:04     -226.478695        0.005294
BFGS:  278 04:27:04     -226.478753        0.005451
BFGS:  279 04:27:04     -226.478780        0.004774
BFGS:  280 04:27:04     -226.478795        0.004602
BFGS:  281 04:27:04     -226.478816        0.004532
BFGS:  282 04:27:04     -226.478859        0.005704
BFGS:  283 04:27:04     -226.478924        0.007402
BFGS:  284 04:27:05     -226.478985        0.006552
BFGS:  285 04:27:05     -226.479013        0.004607
BFGS:  286 04:27:05     -226.479024        0.004554
BFGS:  287 04:27:05     -226.479035        0.004431
BFGS:  288 04:27:05     -226.479056        0.004330
BFGS:  289 04:27:05     -226.479080        0.004266
BFGS:  290 04:27:05     -226.479099        0.004604
BFGS:  291 04:27:05     -226.479109        0.004472
BFGS:  292 04:27:06     -226.479117        0.004355
BFGS:  293 04:27:06     -226.479131        0.004345
BFGS:  294 04:27:06     -226.479150        0.004242
BFGS:  295 04:27:06     -226.479167        0.004057
BFGS:  296 04:27:06     -226.479175        0.003915
BFGS:  297 04:27:06     -226.479179        0.003846
BFGS:  298 04:27:06     -226.479184        0.003785
BFGS:  299 04:27:06     -226.479194        0.003706
BFGS:  300 04:27:07     -226.479207        0.003633
BFGS:  301 04:27:07     -226.479218        0.003610
BFGS:  302 04:27:07     -226.479223        0.003899
BFGS:  303 04:27:07     -226.479228        0.003940
BFGS:  304 04:27:07     -226.479238        0.003670
BFGS:  305 04:27:07     -226.479256        0.003661
BFGS:  306 04:27:07     -226.479283        0.003616
BFGS:  307 04:27:07     -226.479307        0.004018
BFGS:  308 04:27:08     -226.479318        0.003463
BFGS:  309 04:27:08     -226.479324        0.003235
BFGS:  310 04:27:08     -226.479331        0.003171
BFGS:  311 04:27:08     -226.479347        0.003061
BFGS:  312 04:27:08     -226.479371        0.003881
BFGS:  313 04:27:08     -226.479395        0.006078
BFGS:  314 04:27:08     -226.479409        0.006445
BFGS:  315 04:27:09     -226.479417        0.005731
BFGS:  316 04:27:09     -226.479428        0.004636
BFGS:  317 04:27:09     -226.479449        0.003505
BFGS:  318 04:27:09     -226.479476        0.003729
BFGS:  319 04:27:09     -226.479498        0.003811
BFGS:  320 04:27:09     -226.479508        0.002927
BFGS:  321 04:27:09     -226.479513        0.003190
BFGS:  322 04:27:09     -226.479521        0.003554
BFGS:  323 04:27:10     -226.479538        0.003593
BFGS:  324 04:27:10     -226.479565        0.003762
BFGS:  325 04:27:10     -226.479595        0.004829
BFGS:  326 04:27:10     -226.479614        0.005011
BFGS:  327 04:27:10     -226.479625        0.004754
BFGS:  328 04:27:10     -226.479640        0.004467
BFGS:  329 04:27:10     -226.479667        0.004442
BFGS:  330 04:27:10     -226.479703        0.004131
BFGS:  331 04:27:11     -226.479731        0.003050
BFGS:  332 04:27:11     -226.479741        0.002748
BFGS:  333 04:27:11     -226.479744        0.002427
BFGS:  334 04:27:11     -226.479749        0.002274
BFGS:  335 04:27:11     -226.479758        0.002626
BFGS:  336 04:27:11     -226.479774        0.003740
BFGS:  337 04:27:11     -226.479791        0.004349
BFGS:  338 04:27:11     -226.479801        0.004280
BFGS:  339 04:27:12     -226.479806        0.003437
BFGS:  340 04:27:12     -226.479811        0.002869
BFGS:  341 04:27:12     -226.479818        0.002244
BFGS:  342 04:27:12     -226.479826        0.002107
BFGS:  343 04:27:12     -226.479829        0.001917
BFGS:  344 04:27:12     -226.479831        0.001733
BFGS:  345 04:27:12     -226.479832        0.001645
BFGS:  346 04:27:12     -226.479835        0.001558
BFGS:  347 04:27:13     -226.479838        0.001596
BFGS:  348 04:27:13     -226.479842        0.001919
BFGS:  349 04:27:13     -226.479844        0.002178
BFGS:  350 04:27:13     -226.479845        0.002057
BFGS:  351 04:27:13     -226.479846        0.001698
BFGS:  352 04:27:13     -226.479848        0.001345
BFGS:  353 04:27:13     -226.479850        0.001030
BFGS:  354 04:27:13     -226.479851        0.000907
