      Step     Time          Energy          fmax
BFGS:    0 13:30:38     -195.595989        0.916027
BFGS:    1 13:30:39     -196.149984        0.890341
BFGS:    2 13:30:39     -201.438318        0.416981
BFGS:    3 13:30:39     -201.557148        0.348608
BFGS:    4 13:30:39     -201.598262        0.342776
BFGS:    5 13:30:39     -201.672766        0.366165
BFGS:    6 13:30:39     -201.853461        0.393533
BFGS:    7 13:30:39     -202.121057        0.393876
BFGS:    8 13:30:39     -202.276523        0.354458
BFGS:    9 13:30:40     -202.306589        0.331284
BFGS:   10 13:30:40     -202.330994        0.309211
BFGS:   11 13:30:40     -202.352856        0.296037
BFGS:   12 13:30:40     -202.415076        0.270824
BFGS:   13 13:30:40     -202.562324        0.229023
BFGS:   14 13:30:40     -202.735249        0.236581
BFGS:   15 13:30:40     -202.919759        0.262216
BFGS:   16 13:30:40     -203.112925        0.280037
BFGS:   17 13:30:41     -203.307086        0.285204
BFGS:   18 13:30:41     -203.497039        0.280764
BFGS:   19 13:30:41     -203.677169        0.268383
BFGS:   20 13:30:41     -203.841843        0.248895
BFGS:   21 13:30:41     -203.985692        0.222533
BFGS:   22 13:30:41     -204.102871        0.189629
BFGS:   23 13:30:41     -204.186688        0.195029
BFGS:   24 13:30:41     -204.228880        0.210267
BFGS:   25 13:30:42     -204.242822        0.216458
BFGS:   26 13:30:42     -204.298309        0.236554
BFGS:   27 13:30:42     -204.339834        0.237347
BFGS:   28 13:30:42     -204.442826        0.214836
BFGS:   29 13:30:42     -204.528957        0.172006
BFGS:   30 13:30:42     -204.570098        0.135236
BFGS:   31 13:30:42     -204.580865        0.122801
BFGS:   32 13:30:42     -204.587108        0.118104
BFGS:   33 13:30:43     -204.599298        0.111511
BFGS:   34 13:30:43     -204.628338        0.100849
BFGS:   35 13:30:43     -204.686358        0.110397
BFGS:   36 13:30:43     -204.751753        0.113624
BFGS:   37 13:30:43     -204.821590        0.103095
BFGS:   38 13:30:43     -204.852285        0.083466
BFGS:   39 13:30:43     -204.856546        0.079183
BFGS:   40 13:30:43     -204.860017        0.077460
BFGS:   41 13:30:44     -204.866908        0.074076
BFGS:   42 13:30:44     -204.879317        0.066794
BFGS:   43 13:30:44     -204.894367        0.055609
BFGS:   44 13:30:44     -204.903468        0.054351
BFGS:   45 13:30:44     -204.905891        0.058177
BFGS:   46 13:30:44     -204.906603        0.059949
BFGS:   47 13:30:44     -204.907728        0.061750
BFGS:   48 13:30:44     -204.910576        0.064283
BFGS:   49 13:30:44     -204.916986        0.066829
BFGS:   50 13:30:45     -204.929278        0.067219
BFGS:   51 13:30:45     -204.945248        0.062437
BFGS:   52 13:30:45     -204.955341        0.054218
BFGS:   53 13:30:45     -204.958210        0.048208
BFGS:   54 13:30:45     -204.959267        0.045517
BFGS:   55 13:30:45     -204.960712        0.043495
BFGS:   56 13:30:45     -204.964083        0.041198
BFGS:   57 13:30:46     -204.969766        0.040301
BFGS:   58 13:30:46     -204.976247        0.042671
BFGS:   59 13:30:46     -204.979758        0.046407
BFGS:   60 13:30:46     -204.980736        0.048193
BFGS:   61 13:30:46     -204.981165        0.048775
BFGS:   62 13:30:46     -204.981990        0.049264
BFGS:   63 13:30:46     -204.983605        0.049361
BFGS:   64 13:30:46     -204.986176        0.048375
BFGS:   65 13:30:46     -204.988965        0.056534
BFGS:   66 13:30:47     -204.991081        0.065388
BFGS:   67 13:30:47     -204.992804        0.062497
BFGS:   68 13:30:47     -204.995535        0.051283
BFGS:   69 13:30:47     -205.000229        0.040846
BFGS:   70 13:30:47     -205.005641        0.041341
BFGS:   71 13:30:47     -205.008837        0.040448
BFGS:   72 13:30:47     -205.009861        0.039391
BFGS:   73 13:30:47     -205.010274        0.038756
BFGS:   74 13:30:48     -205.010999        0.037809
BFGS:   75 13:30:48     -205.012789        0.035814
BFGS:   76 13:30:48     -205.016624        0.035457
BFGS:   77 13:30:48     -205.023055        0.041912
BFGS:   78 13:30:48     -205.029010        0.030062
BFGS:   79 13:30:48     -205.031613        0.027921
BFGS:   80 13:30:48     -205.032393        0.027895
BFGS:   81 13:30:48     -205.032890        0.027987
BFGS:   82 13:30:49     -205.034208        0.028468
BFGS:   83 13:30:49     -205.036894        0.029826
BFGS:   84 13:30:49     -205.041699        0.035458
BFGS:   85 13:30:49     -205.047090        0.035746
BFGS:   86 13:30:49     -205.050122        0.037156
BFGS:   87 13:30:49     -205.050788        0.037101
BFGS:   88 13:30:49     -205.051008        0.036831
BFGS:   89 13:30:49     -205.051405        0.036316
BFGS:   90 13:30:50     -205.052030        0.035690
BFGS:   91 13:30:50     -205.052873        0.035154
BFGS:   92 13:30:50     -205.053596        0.035081
BFGS:   93 13:30:50     -205.054185        0.038375
BFGS:   94 13:30:50     -205.054969        0.039042
BFGS:   95 13:30:50     -205.056540        0.037622
BFGS:   96 13:30:50     -205.059609        0.034630
BFGS:   97 13:30:50     -205.064219        0.030623
BFGS:   98 13:30:51     -205.068313        0.026216
BFGS:   99 13:30:51     -205.070007        0.022899
BFGS:  100 13:30:51     -205.070557        0.022366
BFGS:  101 13:30:51     -205.071195        0.022121
BFGS:  102 13:30:51     -205.072517        0.021721
BFGS:  103 13:30:51     -205.074706        0.021724
BFGS:  104 13:30:51     -205.077004        0.021986
BFGS:  105 13:30:51     -205.078243        0.022118
BFGS:  106 13:30:52     -205.078722        0.022102
BFGS:  107 13:30:52     -205.079174        0.022009
BFGS:  108 13:30:52     -205.080288        0.021749
BFGS:  109 13:30:52     -205.082937        0.026241
BFGS:  110 13:30:52     -205.088240        0.040812
BFGS:  111 13:30:52     -205.094571        0.053130
BFGS:  112 13:30:52     -205.102013        0.063269
BFGS:  113 13:30:52     -205.110364        0.071516
BFGS:  114 13:30:53     -205.119258        0.077545
BFGS:  115 13:30:53     -205.127184        0.079474
BFGS:  116 13:30:53     -205.129498        0.070463
BFGS:  117 13:30:53     -205.132300        0.049908
BFGS:  118 13:30:53     -205.134780        0.030332
BFGS:  119 13:30:53     -205.136961        0.017219
BFGS:  120 13:30:53     -205.137836        0.016888
BFGS:  121 13:30:53     -205.138023        0.017191
BFGS:  122 13:30:53     -205.138073        0.017166
BFGS:  123 13:30:54     -205.138139        0.016970
BFGS:  124 13:30:54     -205.138281        0.016589
BFGS:  125 13:30:54     -205.138524        0.016090
BFGS:  126 13:30:54     -205.138813        0.015780
BFGS:  127 13:30:54     -205.139005        0.015945
BFGS:  128 13:30:54     -205.139085        0.016296
BFGS:  129 13:30:54     -205.139140        0.016555
BFGS:  130 13:30:54     -205.139260        0.016885
BFGS:  131 13:30:55     -205.139550        0.017238
BFGS:  132 13:30:55     -205.140252        0.017374
BFGS:  133 13:30:55     -205.141728        0.017512
BFGS:  134 13:30:55     -205.143990        0.023947
BFGS:  135 13:30:55     -205.145808        0.023427
BFGS:  136 13:30:55     -205.146490        0.017840
BFGS:  137 13:30:55     -205.146728        0.014710
BFGS:  138 13:30:55     -205.147003        0.013665
BFGS:  139 13:30:56     -205.147576        0.013602
BFGS:  140 13:30:56     -205.148517        0.023314
BFGS:  141 13:30:56     -205.149636        0.038529
BFGS:  142 13:30:56     -205.150450        0.044220
BFGS:  143 13:30:56     -205.150868        0.039770
BFGS:  144 13:30:56     -205.151213        0.030097
BFGS:  145 13:30:56     -205.151643        0.014234
BFGS:  146 13:30:56     -205.151949        0.012478
BFGS:  147 13:30:57     -205.152070        0.012454
BFGS:  148 13:30:57     -205.152118        0.012389
BFGS:  149 13:30:57     -205.152175        0.012263
BFGS:  150 13:30:57     -205.152302        0.011991
BFGS:  151 13:30:57     -205.152579        0.011446
BFGS:  152 13:30:57     -205.153130        0.012074
BFGS:  153 13:30:57     -205.153914        0.018272
BFGS:  154 13:30:57     -205.154504        0.020410
BFGS:  155 13:30:58     -205.154744        0.017647
BFGS:  156 13:30:58     -205.154845        0.013628
BFGS:  157 13:30:58     -205.154936        0.010005
BFGS:  158 13:30:58     -205.155076        0.010264
BFGS:  159 13:30:58     -205.155242        0.012378
BFGS:  160 13:30:58     -205.155405        0.020750
BFGS:  161 13:30:58     -205.155546        0.024373
BFGS:  162 13:30:58     -205.155677        0.023501
BFGS:  163 13:30:59     -205.155885        0.019086
BFGS:  164 13:30:59     -205.156232        0.009838
BFGS:  165 13:30:59     -205.156519        0.007899
BFGS:  166 13:30:59     -205.156619        0.008628
BFGS:  167 13:30:59     -205.156645        0.009093
BFGS:  168 13:30:59     -205.156655        0.009292
BFGS:  169 13:30:59     -205.156676        0.009535
BFGS:  170 13:30:59     -205.156719        0.009809
BFGS:  171 13:30:59     -205.156797        0.009983
BFGS:  172 13:31:00     -205.156899        0.010538
BFGS:  173 13:31:00     -205.156992        0.013149
BFGS:  174 13:31:00     -205.157063        0.014842
BFGS:  175 13:31:00     -205.157136        0.015145
BFGS:  176 13:31:00     -205.157273        0.013607
BFGS:  177 13:31:00     -205.157522        0.009290
BFGS:  178 13:31:00     -205.157800        0.012412
BFGS:  179 13:31:00     -205.157972        0.015001
BFGS:  180 13:31:01     -205.158068        0.014861
BFGS:  181 13:31:01     -205.158138        0.013022
BFGS:  182 13:31:01     -205.158247        0.009848
BFGS:  183 13:31:01     -205.158446        0.009238
BFGS:  184 13:31:01     -205.158732        0.010951
BFGS:  185 13:31:01     -205.159004        0.018695
BFGS:  186 13:31:01     -205.159182        0.020827
BFGS:  187 13:31:01     -205.159325        0.018738
BFGS:  188 13:31:02     -205.159481        0.014065
BFGS:  189 13:31:02     -205.159720        0.009313
BFGS:  190 13:31:02     -205.160063        0.012559
BFGS:  191 13:31:02     -205.160370        0.019125
BFGS:  192 13:31:02     -205.160645        0.021124
BFGS:  193 13:31:02     -205.160987        0.020420
BFGS:  194 13:31:02     -205.161149        0.018639
BFGS:  195 13:31:02     -205.161280        0.015576
BFGS:  196 13:31:03     -205.161553        0.012766
BFGS:  197 13:31:03     -205.161916        0.012021
BFGS:  198 13:31:03     -205.162462        0.012538
BFGS:  199 13:31:03     -205.162662        0.015304
BFGS:  200 13:31:03     -205.162739        0.014391
BFGS:  201 13:31:03     -205.162799        0.011803
BFGS:  202 13:31:03     -205.162922        0.011991
BFGS:  203 13:31:03     -205.163065        0.012094
BFGS:  204 13:31:04     -205.163178        0.012044
BFGS:  205 13:31:04     -205.163235        0.012093
BFGS:  206 13:31:04     -205.163287        0.012232
BFGS:  207 13:31:04     -205.163386        0.012565
BFGS:  208 13:31:04     -205.163582        0.012946
BFGS:  209 13:31:04     -205.163886        0.013097
BFGS:  210 13:31:04     -205.164167        0.012733
BFGS:  211 13:31:04     -205.164304        0.012102
BFGS:  212 13:31:05     -205.164353        0.011832
BFGS:  213 13:31:05     -205.164399        0.011882
BFGS:  214 13:31:05     -205.164493        0.011915
BFGS:  215 13:31:05     -205.164628        0.011847
BFGS:  216 13:31:05     -205.164756        0.011659
BFGS:  217 13:31:05     -205.164831        0.012288
BFGS:  218 13:31:05     -205.164890        0.012261
BFGS:  219 13:31:05     -205.164990        0.012041
BFGS:  220 13:31:06     -205.165200        0.012354
BFGS:  221 13:31:06     -205.165592        0.012426
BFGS:  222 13:31:06     -205.166129        0.022083
BFGS:  223 13:31:06     -205.166627        0.030151
BFGS:  224 13:31:06     -205.167004        0.035214
BFGS:  225 13:31:06     -205.167386        0.037215
BFGS:  226 13:31:06     -205.168094        0.037069
BFGS:  227 13:31:06     -205.169540        0.033804
BFGS:  228 13:31:06     -205.171714        0.031241
BFGS:  229 13:31:07     -205.173633        0.039563
BFGS:  230 13:31:07     -205.174741        0.037810
BFGS:  231 13:31:07     -205.175566        0.032771
BFGS:  232 13:31:07     -205.176020        0.024149
BFGS:  233 13:31:07     -205.175860        0.019241
BFGS:  234 13:31:07     -205.176562        0.017854
BFGS:  235 13:31:07     -205.176834        0.015406
BFGS:  236 13:31:07     -205.177203        0.012946
BFGS:  237 13:31:08     -205.177464        0.015280
BFGS:  238 13:31:08     -205.177636        0.022223
BFGS:  239 13:31:08     -205.177778        0.025791
BFGS:  240 13:31:08     -205.177910        0.025110
BFGS:  241 13:31:08     -205.178044        0.020295
BFGS:  242 13:31:08     -205.178198        0.011697
BFGS:  243 13:31:08     -205.178335        0.007182
BFGS:  244 13:31:08     -205.178410        0.007510
BFGS:  245 13:31:09     -205.178445        0.007677
BFGS:  246 13:31:09     -205.178469        0.007836
BFGS:  247 13:31:09     -205.178506        0.007941
BFGS:  248 13:31:09     -205.178568        0.008092
BFGS:  249 13:31:09     -205.178645        0.009236
BFGS:  250 13:31:09     -205.178707        0.013308
BFGS:  251 13:31:09     -205.178745        0.013999
BFGS:  252 13:31:09     -205.178780        0.012547
BFGS:  253 13:31:10     -205.178838        0.008670
BFGS:  254 13:31:10     -205.178921        0.007630
BFGS:  255 13:31:10     -205.178991        0.007806
BFGS:  256 13:31:10     -205.179029        0.008080
BFGS:  257 13:31:10     -205.179053        0.008326
BFGS:  258 13:31:10     -205.179095        0.008808
BFGS:  259 13:31:10     -205.179257        0.010050
BFGS:  260 13:31:10     -205.179426        0.011414
BFGS:  261 13:31:11     -205.179578        0.010894
BFGS:  262 13:31:11     -205.179781        0.011341
BFGS:  263 13:31:11     -205.180003        0.011981
BFGS:  264 13:31:11     -205.180264        0.013045
BFGS:  265 13:31:11     -205.180572        0.013953
BFGS:  266 13:31:11     -205.180872        0.014655
BFGS:  267 13:31:11     -205.181043        0.015061
BFGS:  268 13:31:11     -205.181200        0.014521
BFGS:  269 13:31:12     -205.181454        0.014298
BFGS:  270 13:31:12     -205.181682        0.014191
BFGS:  271 13:31:12     -205.182350        0.013591
BFGS:  272 13:31:12     -205.183177        0.013820
BFGS:  273 13:31:12     -205.183908        0.014968
BFGS:  274 13:31:12     -205.184822        0.015632
BFGS:  275 13:31:12     -205.185115        0.015943
BFGS:  276 13:31:12     -205.185330        0.015784
BFGS:  277 13:31:13     -205.185764        0.014357
BFGS:  278 13:31:13     -205.186323        0.012930
BFGS:  279 13:31:13     -205.186893        0.014872
BFGS:  280 13:31:13     -205.187200        0.016775
BFGS:  281 13:31:13     -205.187568        0.015913
BFGS:  282 13:31:13     -205.187798        0.014439
BFGS:  283 13:31:13     -205.187970        0.014060
BFGS:  284 13:31:13     -205.188301        0.012037
BFGS:  285 13:31:13     -205.188703        0.010037
BFGS:  286 13:31:14     -205.189139        0.011816
BFGS:  287 13:31:14     -205.189420        0.013398
BFGS:  288 13:31:14     -205.189568        0.014397
BFGS:  289 13:31:14     -205.189690        0.014616
BFGS:  290 13:31:14     -205.189880        0.013026
BFGS:  291 13:31:14     -205.190176        0.009527
BFGS:  292 13:31:14     -205.190524        0.011878
BFGS:  293 13:31:14     -205.190765        0.013452
BFGS:  294 13:31:15     -205.190878        0.012496
BFGS:  295 13:31:15     -205.190973        0.010762
BFGS:  296 13:31:15     -205.191087        0.007942
BFGS:  297 13:31:15     -205.191164        0.006480
BFGS:  298 13:31:15     -205.191235        0.004839
BFGS:  299 13:31:15     -205.191253        0.004230
BFGS:  300 13:31:15     -205.191298        0.003831
BFGS:  301 13:31:15     -205.191333        0.004777
BFGS:  302 13:31:16     -205.191370        0.007225
BFGS:  303 13:31:16     -205.191398        0.007767
BFGS:  304 13:31:16     -205.191425        0.006954
BFGS:  305 13:31:16     -205.191457        0.005069
BFGS:  306 13:31:16     -205.191484        0.003871
BFGS:  307 13:31:16     -205.191498        0.003411
BFGS:  308 13:31:16     -205.191505        0.002883
BFGS:  309 13:31:16     -205.191511        0.002311
BFGS:  310 13:31:17     -205.191521        0.001787
BFGS:  311 13:31:17     -205.191536        0.001775
BFGS:  312 13:31:17     -205.191549        0.002209
BFGS:  313 13:31:17     -205.191554        0.002069
BFGS:  314 13:31:17     -205.191556        0.001970
BFGS:  315 13:31:17     -205.191559        0.001795
BFGS:  316 13:31:17     -205.191563        0.001266
BFGS:  317 13:31:17     -205.191568        0.000828
