      Step     Time          Energy          fmax
BFGS:    0 13:51:03      -41.158988        2.854312
BFGS:    1 13:51:04      -41.919659        2.190024
BFGS:    2 13:51:04      -43.411905        0.815795
BFGS:    3 13:51:04      -43.818130        0.605143
BFGS:    4 13:51:04      -44.060274        0.694671
BFGS:    5 13:51:04      -44.220094        0.787600
BFGS:    6 13:51:04      -44.409016        0.821933
BFGS:    7 13:51:04      -44.650504        0.750711
BFGS:    8 13:51:04      -44.863889        0.548443
BFGS:    9 13:51:04      -44.960030        0.416704
BFGS:   10 13:51:04      -45.089978        0.317835
BFGS:   11 13:51:04      -45.124998        0.325021
BFGS:   12 13:51:04      -45.141508        0.293378
BFGS:   13 13:51:04      -45.171598        0.255538
BFGS:   14 13:51:04      -45.252569        0.220341
BFGS:   15 13:51:04      -45.388890        0.245259
BFGS:   16 13:51:04      -45.538176        0.364010
BFGS:   17 13:51:04      -45.619789        0.382309
BFGS:   18 13:51:04      -45.681847        0.364397
BFGS:   19 13:51:04      -45.717118        0.301294
BFGS:   20 13:51:04      -45.771154        0.316520
BFGS:   21 13:51:04      -45.863208        0.303634
BFGS:   22 13:51:04      -45.980712        0.315962
BFGS:   23 13:51:04      -46.048577        0.301026
BFGS:   24 13:51:05      -46.124013        0.307880
BFGS:   25 13:51:05      -46.173514        0.439729
BFGS:   26 13:51:05      -46.218319        0.368035
BFGS:   27 13:51:05      -46.362885        0.296139
BFGS:   28 13:51:05      -46.479326        0.300630
BFGS:   29 13:51:05      -46.612420        0.353306
BFGS:   30 13:51:05      -46.783742        0.472917
BFGS:   31 13:51:05      -46.929029        0.693442
BFGS:   32 13:51:05      -47.181476        0.874985
BFGS:   33 13:51:05      -47.482347        0.979892
BFGS:   34 13:51:05      -47.820814        0.984060
BFGS:   35 13:51:05      -48.120551        0.908051
BFGS:   36 13:51:05      -48.353535        0.816001
BFGS:   37 13:51:05      -48.558332        0.719582
BFGS:   38 13:51:05      -48.818177        0.613998
BFGS:   39 13:51:05      -49.270679        0.559582
BFGS:   40 13:51:05      -49.633334        0.526558
BFGS:   41 13:51:05      -49.768756        0.461993
BFGS:   42 13:51:05      -49.822635        0.441121
BFGS:   43 13:51:05      -50.060192        0.372469
BFGS:   44 13:51:05      -50.211021        0.498400
BFGS:   45 13:51:05      -50.311047        0.586208
BFGS:   46 13:51:06      -50.440745        0.597604
BFGS:   47 13:51:06      -50.618739        0.434518
BFGS:   48 13:51:06      -50.710742        0.354987
BFGS:   49 13:51:06      -50.808350        0.226354
BFGS:   50 13:51:06      -50.861125        0.220485
BFGS:   51 13:51:06      -50.888457        0.225644
BFGS:   52 13:51:06      -50.909172        0.197579
BFGS:   53 13:51:06      -50.919147        0.181617
BFGS:   54 13:51:06      -50.930512        0.179048
BFGS:   55 13:51:06      -50.936114        0.168501
BFGS:   56 13:51:06      -50.957047        0.174836
BFGS:   57 13:51:06      -50.992762        0.174786
BFGS:   58 13:51:06      -51.040657        0.142583
BFGS:   59 13:51:06      -51.063514        0.124487
BFGS:   60 13:51:06      -51.081481        0.096386
BFGS:   61 13:51:06      -51.084477        0.080079
BFGS:   62 13:51:06      -51.086680        0.074951
BFGS:   63 13:51:06      -51.092090        0.070771
BFGS:   64 13:51:06      -51.104906        0.065922
BFGS:   65 13:51:06      -51.133928        0.058899
BFGS:   66 13:51:06      -51.165333        0.108952
BFGS:   67 13:51:06      -51.170414        0.151616
BFGS:   68 13:51:06      -51.181017        0.085417
BFGS:   69 13:51:07      -51.184000        0.082219
BFGS:   70 13:51:07      -51.185500        0.083302
BFGS:   71 13:51:07      -51.187026        0.083526
BFGS:   72 13:51:07      -51.191931        0.081984
BFGS:   73 13:51:07      -51.200794        0.080472
BFGS:   74 13:51:07      -51.214521        0.071117
BFGS:   75 13:51:07      -51.224920        0.065691
BFGS:   76 13:51:07      -51.228701        0.054871
BFGS:   77 13:51:07      -51.229697        0.045604
BFGS:   78 13:51:07      -51.230358        0.040246
BFGS:   79 13:51:07      -51.232210        0.041714
BFGS:   80 13:51:07      -51.236004        0.045410
BFGS:   81 13:51:07      -51.242606        0.055688
BFGS:   82 13:51:07      -51.249197        0.058465
BFGS:   83 13:51:07      -51.254222        0.060605
BFGS:   84 13:51:07      -51.257259        0.057875
BFGS:   85 13:51:07      -51.258326        0.051950
BFGS:   86 13:51:07      -51.258687        0.048632
BFGS:   87 13:51:07      -51.259542        0.048818
BFGS:   88 13:51:07      -51.260853        0.048226
BFGS:   89 13:51:07      -51.261567        0.046562
BFGS:   90 13:51:07      -51.262298        0.055624
BFGS:   91 13:51:08      -51.262888        0.063736
BFGS:   92 13:51:08      -51.263866        0.068063
BFGS:   93 13:51:08      -51.265366        0.066305
BFGS:   94 13:51:08      -51.267985        0.074106
BFGS:   95 13:51:08      -51.271915        0.069775
BFGS:   96 13:51:08      -51.275741        0.039779
BFGS:   97 13:51:08      -51.277404        0.032535
BFGS:   98 13:51:08      -51.277704        0.030173
BFGS:   99 13:51:08      -51.277842        0.029620
BFGS:  100 13:51:08      -51.278104        0.029175
BFGS:  101 13:51:08      -51.278500        0.028818
BFGS:  102 13:51:08      -51.279056        0.030333
BFGS:  103 13:51:08      -51.279708        0.053254
BFGS:  104 13:51:08      -51.280237        0.065879
BFGS:  105 13:51:08      -51.280792        0.069406
BFGS:  106 13:51:08      -51.281697        0.065814
BFGS:  107 13:51:08      -51.283074        0.052140
BFGS:  108 13:51:08      -51.284737        0.028686
BFGS:  109 13:51:08      -51.285975        0.022878
BFGS:  110 13:51:08      -51.287023        0.021617
BFGS:  111 13:51:08      -51.287513        0.017879
BFGS:  112 13:51:08      -51.287656        0.017374
BFGS:  113 13:51:08      -51.287787        0.016609
BFGS:  114 13:51:09      -51.287893        0.017167
BFGS:  115 13:51:09      -51.288286        0.020557
BFGS:  116 13:51:09      -51.288844        0.027198
BFGS:  117 13:51:09      -51.289554        0.047552
BFGS:  118 13:51:09      -51.290066        0.058133
BFGS:  119 13:51:09      -51.290415        0.057612
BFGS:  120 13:51:09      -51.290801        0.050513
BFGS:  121 13:51:09      -51.291437        0.035387
BFGS:  122 13:51:09      -51.292146        0.026216
BFGS:  123 13:51:09      -51.292540        0.015835
BFGS:  124 13:51:09      -51.292647        0.014376
BFGS:  125 13:51:09      -51.292687        0.013835
BFGS:  126 13:51:09      -51.292752        0.013268
BFGS:  127 13:51:09      -51.292878        0.012632
BFGS:  128 13:51:09      -51.293047        0.012221
BFGS:  129 13:51:09      -51.293174        0.012364
BFGS:  130 13:51:09      -51.293223        0.012720
BFGS:  131 13:51:09      -51.293246        0.012933
BFGS:  132 13:51:09      -51.293284        0.013038
BFGS:  133 13:51:09      -51.293377        0.012892
BFGS:  134 13:51:09      -51.293580        0.014639
BFGS:  135 13:51:09      -51.293935        0.018506
BFGS:  136 13:51:10      -51.294314        0.015386
BFGS:  137 13:51:10      -51.294512        0.008841
BFGS:  138 13:51:10      -51.294553        0.007601
BFGS:  139 13:51:10      -51.294560        0.006709
BFGS:  140 13:51:10      -51.294569        0.006361
BFGS:  141 13:51:10      -51.294598        0.005047
BFGS:  142 13:51:10      -51.294645        0.004526
BFGS:  143 13:51:10      -51.294708        0.004294
BFGS:  144 13:51:10      -51.294754        0.004738
BFGS:  145 13:51:10      -51.294769        0.005275
BFGS:  146 13:51:10      -51.294774        0.005448
BFGS:  147 13:51:10      -51.294783        0.005661
BFGS:  148 13:51:10      -51.294804        0.005952
BFGS:  149 13:51:10      -51.294850        0.006365
BFGS:  150 13:51:10      -51.294922        0.006707
BFGS:  151 13:51:10      -51.294996        0.007689
BFGS:  152 13:51:10      -51.295037        0.008414
BFGS:  153 13:51:10      -51.295061        0.009307
BFGS:  154 13:51:10      -51.295097        0.009817
BFGS:  155 13:51:10      -51.295184        0.010225
BFGS:  156 13:51:10      -51.295380        0.010226
BFGS:  157 13:51:10      -51.295710        0.010341
BFGS:  158 13:51:10      -51.296031        0.010422
BFGS:  159 13:51:11      -51.296261        0.011153
BFGS:  160 13:51:11      -51.296297        0.010064
BFGS:  161 13:51:11      -51.296316        0.010402
BFGS:  162 13:51:11      -51.296325        0.010408
BFGS:  163 13:51:11      -51.296364        0.010343
BFGS:  164 13:51:11      -51.296440        0.009967
BFGS:  165 13:51:11      -51.296609        0.008934
BFGS:  166 13:51:11      -51.296863        0.007309
BFGS:  167 13:51:11      -51.297094        0.007918
BFGS:  168 13:51:11      -51.297179        0.007023
BFGS:  169 13:51:11      -51.297197        0.006923
BFGS:  170 13:51:11      -51.297211        0.006621
BFGS:  171 13:51:11      -51.297242        0.005867
BFGS:  172 13:51:11      -51.297299        0.006132
BFGS:  173 13:51:11      -51.297377        0.005668
BFGS:  174 13:51:11      -51.297450        0.004910
BFGS:  175 13:51:11      -51.297493        0.005592
BFGS:  176 13:51:11      -51.297499        0.005071
BFGS:  177 13:51:11      -51.297502        0.004425
BFGS:  178 13:51:11      -51.297507        0.003233
BFGS:  179 13:51:11      -51.297514        0.002711
BFGS:  180 13:51:11      -51.297522        0.004053
BFGS:  181 13:51:12      -51.297527        0.004852
BFGS:  182 13:51:12      -51.297529        0.004509
BFGS:  183 13:51:12      -51.297532        0.003547
BFGS:  184 13:51:12      -51.297534        0.002009
BFGS:  185 13:51:12      -51.297537        0.001705
BFGS:  186 13:51:12      -51.297539        0.001721
BFGS:  187 13:51:12      -51.297540        0.001908
BFGS:  188 13:51:12      -51.297540        0.001931
BFGS:  189 13:51:12      -51.297542        0.001998
BFGS:  190 13:51:12      -51.297547        0.002056
BFGS:  191 13:51:12      -51.297556        0.002071
BFGS:  192 13:51:12      -51.297575        0.002409
BFGS:  193 13:51:12      -51.297598        0.003422
BFGS:  194 13:51:12      -51.297611        0.003332
BFGS:  195 13:51:12      -51.297615        0.002716
BFGS:  196 13:51:12      -51.297617        0.002408
BFGS:  197 13:51:12      -51.297618        0.002230
BFGS:  198 13:51:12      -51.297621        0.002006
BFGS:  199 13:51:12      -51.297625        0.001910
BFGS:  200 13:51:12      -51.297632        0.003804
BFGS:  201 13:51:12      -51.297638        0.005591
BFGS:  202 13:51:12      -51.297644        0.006560
BFGS:  203 13:51:13      -51.297649        0.006534
BFGS:  204 13:51:13      -51.297653        0.005735
BFGS:  205 13:51:13      -51.297665        0.003052
BFGS:  206 13:51:13      -51.297676        0.002261
BFGS:  207 13:51:13      -51.297682        0.002287
BFGS:  208 13:51:13      -51.297684        0.002285
BFGS:  209 13:51:13      -51.297684        0.002274
BFGS:  210 13:51:13      -51.297685        0.002259
BFGS:  211 13:51:13      -51.297688        0.002226
BFGS:  212 13:51:13      -51.297693        0.002782
BFGS:  213 13:51:13      -51.297704        0.004141
BFGS:  214 13:51:13      -51.297718        0.006946
BFGS:  215 13:51:13      -51.297732        0.008746
BFGS:  216 13:51:13      -51.297741        0.008853
BFGS:  217 13:51:13      -51.297749        0.008027
BFGS:  218 13:51:13      -51.297762        0.005905
BFGS:  219 13:51:13      -51.297780        0.002926
BFGS:  220 13:51:13      -51.297795        0.002965
BFGS:  221 13:51:13      -51.297801        0.002427
BFGS:  222 13:51:13      -51.297803        0.002452
BFGS:  223 13:51:13      -51.297805        0.002433
BFGS:  224 13:51:13      -51.297810        0.002324
BFGS:  225 13:51:13      -51.297822        0.003132
BFGS:  226 13:51:14      -51.297840        0.004089
BFGS:  227 13:51:14      -51.297857        0.003615
BFGS:  228 13:51:14      -51.297865        0.002914
BFGS:  229 13:51:14      -51.297867        0.002801
BFGS:  230 13:51:14      -51.297868        0.002655
BFGS:  231 13:51:14      -51.297869        0.002346
BFGS:  232 13:51:14      -51.297873        0.001773
BFGS:  233 13:51:14      -51.297879        0.002190
BFGS:  234 13:51:14      -51.297886        0.001994
BFGS:  235 13:51:14      -51.297890        0.001714
BFGS:  236 13:51:14      -51.297891        0.001397
BFGS:  237 13:51:14      -51.297891        0.001376
BFGS:  238 13:51:14      -51.297892        0.001198
BFGS:  239 13:51:14      -51.297893        0.000839
