      Step     Time          Energy          fmax
BFGS:    0 22:17:01      -34.510817        5.758990
BFGS:    1 22:17:01      -38.284803        3.924465
BFGS:    2 22:17:01      -41.718909        2.971190
BFGS:    3 22:17:01      -42.831047        2.612147
BFGS:    4 22:17:01      -43.842150        2.166604
BFGS:    5 22:17:01      -44.560495        1.724690
BFGS:    6 22:17:01      -45.101172        1.309810
BFGS:    7 22:17:01      -45.522702        0.936238
BFGS:    8 22:17:01      -45.873464        0.741577
BFGS:    9 22:17:01      -46.146211        0.759243
BFGS:   10 22:17:01      -46.379266        0.853668
BFGS:   11 22:17:01      -46.530787        0.847195
BFGS:   12 22:17:01      -46.715756        0.777382
BFGS:   13 22:17:01      -46.999592        0.669627
BFGS:   14 22:17:01      -47.216646        0.598121
BFGS:   15 22:17:01      -47.334525        0.426848
BFGS:   16 22:17:01      -47.421089        0.341143
BFGS:   17 22:17:01      -47.461635        0.341173
BFGS:   18 22:17:01      -47.537849        0.338949
BFGS:   19 22:17:02      -47.612344        0.360598
BFGS:   20 22:17:02      -47.721609        0.389974
BFGS:   21 22:17:02      -47.865395        0.418506
BFGS:   22 22:17:02      -47.941300        0.431765
BFGS:   23 22:17:02      -48.005196        0.425300
BFGS:   24 22:17:02      -48.042557        0.411848
BFGS:   25 22:17:02      -48.119724        0.394610
BFGS:   26 22:17:02      -48.256482        0.398890
BFGS:   27 22:17:02      -48.446763        0.413544
BFGS:   28 22:17:02      -48.627820        0.404028
BFGS:   29 22:17:02      -48.797122        0.442064
BFGS:   30 22:17:02      -48.939384        0.493503
BFGS:   31 22:17:02      -49.072450        0.567423
BFGS:   32 22:17:02      -49.225197        0.566869
BFGS:   33 22:17:02      -49.318342        0.399975
BFGS:   34 22:17:02      -49.374834        0.369986
BFGS:   35 22:17:02      -49.487309        0.394116
BFGS:   36 22:17:02      -49.556389        0.353490
BFGS:   37 22:17:02      -49.612849        0.328773
BFGS:   38 22:17:02      -49.661781        0.370185
BFGS:   39 22:17:02      -49.811854        0.560592
BFGS:   40 22:17:02      -49.929341        0.638228
BFGS:   41 22:17:02      -50.031757        0.531209
BFGS:   42 22:17:02      -50.100024        0.388617
BFGS:   43 22:17:03      -50.162892        0.245549
BFGS:   44 22:17:03      -50.182689        0.222415
BFGS:   45 22:17:03      -50.207640        0.213194
BFGS:   46 22:17:03      -50.248187        0.204186
BFGS:   47 22:17:03      -50.305193        0.212568
BFGS:   48 22:17:03      -50.369808        0.238780
BFGS:   49 22:17:03      -50.409560        0.239253
BFGS:   50 22:17:03      -50.426497        0.208128
BFGS:   51 22:17:03      -50.432703        0.195355
BFGS:   52 22:17:03      -50.445471        0.180110
BFGS:   53 22:17:03      -50.463201        0.169138
BFGS:   54 22:17:03      -50.489053        0.160978
BFGS:   55 22:17:03      -50.524307        0.142314
BFGS:   56 22:17:03      -50.546357        0.149932
BFGS:   57 22:17:03      -50.565328        0.132723
BFGS:   58 22:17:03      -50.573159        0.124927
BFGS:   59 22:17:03      -50.575617        0.115869
BFGS:   60 22:17:03      -50.579742        0.103416
BFGS:   61 22:17:03      -50.589226        0.108885
BFGS:   62 22:17:03      -50.605871        0.107791
BFGS:   63 22:17:03      -50.624961        0.109339
BFGS:   64 22:17:03      -50.635392        0.096553
BFGS:   65 22:17:03      -50.638157        0.100131
BFGS:   66 22:17:04      -50.639085        0.100702
BFGS:   67 22:17:04      -50.640892        0.100355
BFGS:   68 22:17:04      -50.645408        0.097361
BFGS:   69 22:17:04      -50.655517        0.095054
BFGS:   70 22:17:04      -50.674410        0.121293
BFGS:   71 22:17:04      -50.695756        0.118967
BFGS:   72 22:17:04      -50.710599        0.092827
BFGS:   73 22:17:04      -50.714436        0.078733
BFGS:   74 22:17:04      -50.715947        0.081705
BFGS:   75 22:17:04      -50.718633        0.084724
BFGS:   76 22:17:04      -50.724616        0.082228
BFGS:   77 22:17:04      -50.734919        0.079653
BFGS:   78 22:17:04      -50.746910        0.109450
BFGS:   79 22:17:04      -50.753566        0.115679
BFGS:   80 22:17:04      -50.755386        0.097115
BFGS:   81 22:17:04      -50.756454        0.072543
BFGS:   82 22:17:04      -50.757967        0.060703
BFGS:   83 22:17:04      -50.759969        0.061169
BFGS:   84 22:17:04      -50.761653        0.083282
BFGS:   85 22:17:04      -50.762739        0.094930
BFGS:   86 22:17:04      -50.764148        0.092452
BFGS:   87 22:17:04      -50.767242        0.080686
BFGS:   88 22:17:04      -50.773319        0.083287
BFGS:   89 22:17:05      -50.782594        0.144300
BFGS:   90 22:17:05      -50.793984        0.216137
BFGS:   91 22:17:05      -50.802449        0.234710
BFGS:   92 22:17:05      -50.807656        0.211367
BFGS:   93 22:17:05      -50.815314        0.154181
BFGS:   94 22:17:08      -50.824130        0.088429
BFGS:   95 22:17:08      -50.829430        0.075797
BFGS:   96 22:17:09      -50.832837        0.080380
BFGS:   97 22:17:09      -50.833878        0.082488
BFGS:   98 22:17:09      -50.835211        0.085034
BFGS:   99 22:17:09      -50.838295        0.085471
BFGS:  100 22:17:09      -50.845051        0.079487
BFGS:  101 22:17:09      -50.854834        0.087743
BFGS:  102 22:17:09      -50.863821        0.090985
BFGS:  103 22:17:09      -50.867221        0.090812
BFGS:  104 22:17:09      -50.868415        0.087876
BFGS:  105 22:17:09      -50.869997        0.080693
BFGS:  106 22:17:09      -50.872098        0.067882
BFGS:  107 22:17:09      -50.875097        0.047421
BFGS:  108 22:17:09      -50.877256        0.033250
BFGS:  109 22:17:09      -50.877896        0.032372
BFGS:  110 22:17:09      -50.878041        0.033140
BFGS:  111 22:17:09      -50.878263        0.033264
BFGS:  112 22:17:09      -50.878712        0.032901
BFGS:  113 22:17:09      -50.879446        0.031006
BFGS:  114 22:17:09      -50.880252        0.031250
BFGS:  115 22:17:09      -50.880804        0.043179
BFGS:  116 22:17:09      -50.881156        0.046719
BFGS:  117 22:17:09      -50.881592        0.045824
BFGS:  118 22:17:09      -50.882494        0.039943
BFGS:  119 22:17:10      -50.884130        0.027138
BFGS:  120 22:17:10      -50.886216        0.029418
BFGS:  121 22:17:10      -50.887628        0.026025
BFGS:  122 22:17:10      -50.888046        0.022723
BFGS:  123 22:17:10      -50.888125        0.021659
BFGS:  124 22:17:10      -50.888192        0.020624
BFGS:  125 22:17:10      -50.888327        0.018086
BFGS:  126 22:17:10      -50.888527        0.013056
BFGS:  127 22:17:10      -50.888717        0.010323
BFGS:  128 22:17:10      -50.888802        0.010802
BFGS:  129 22:17:10      -50.888825        0.010985
BFGS:  130 22:17:10      -50.888840        0.010998
BFGS:  131 22:17:10      -50.888876        0.010957
BFGS:  132 22:17:10      -50.888949        0.010742
BFGS:  133 22:17:10      -50.889084        0.013925
BFGS:  134 22:17:10      -50.889248        0.016551
BFGS:  135 22:17:10      -50.889364        0.015454
BFGS:  136 22:17:10      -50.889422        0.013247
BFGS:  137 22:17:10      -50.889475        0.011688
BFGS:  138 22:17:10      -50.889588        0.013629
BFGS:  139 22:17:10      -50.889835        0.019449
BFGS:  140 22:17:11      -50.890304        0.024826
BFGS:  141 22:17:11      -50.890890        0.024142
BFGS:  142 22:17:11      -50.891253        0.018297
BFGS:  143 22:17:11      -50.891396        0.017396
BFGS:  144 22:17:11      -50.891460        0.016349
BFGS:  145 22:17:11      -50.891582        0.015560
BFGS:  146 22:17:11      -50.891885        0.020962
BFGS:  147 22:17:11      -50.892520        0.026826
BFGS:  148 22:17:11      -50.893458        0.032269
BFGS:  149 22:17:11      -50.894171        0.025883
BFGS:  150 22:17:11      -50.894471        0.015482
BFGS:  151 22:17:11      -50.894546        0.013646
BFGS:  152 22:17:11      -50.894606        0.012703
BFGS:  153 22:17:11      -50.894766        0.012716
BFGS:  154 22:17:11      -50.895215        0.015235
BFGS:  155 22:17:11      -50.895796        0.018947
BFGS:  156 22:17:11      -50.896180        0.014176
BFGS:  157 22:17:11      -50.896289        0.007715
BFGS:  158 22:17:11      -50.896310        0.007622
BFGS:  159 22:17:11      -50.896329        0.007683
BFGS:  160 22:17:11      -50.896382        0.007527
BFGS:  161 22:17:11      -50.896480        0.009887
BFGS:  162 22:17:11      -50.896625        0.014225
BFGS:  163 22:17:11      -50.896733        0.012896
BFGS:  164 22:17:12      -50.896768        0.008014
BFGS:  165 22:17:12      -50.896774        0.005440
BFGS:  166 22:17:12      -50.896778        0.004408
BFGS:  167 22:17:12      -50.896783        0.003476
BFGS:  168 22:17:12      -50.896788        0.004157
BFGS:  169 22:17:12      -50.896792        0.005533
BFGS:  170 22:17:12      -50.896795        0.006528
BFGS:  171 22:17:12      -50.896801        0.007264
BFGS:  172 22:17:12      -50.896813        0.006946
BFGS:  173 22:17:12      -50.896829        0.004820
BFGS:  174 22:17:12      -50.896843        0.003435
BFGS:  175 22:17:12      -50.896849        0.004040
BFGS:  176 22:17:12      -50.896852        0.003881
BFGS:  177 22:17:12      -50.896858        0.003840
BFGS:  178 22:17:12      -50.896870        0.004627
BFGS:  179 22:17:12      -50.896897        0.005789
BFGS:  180 22:17:12      -50.896940        0.006964
BFGS:  181 22:17:12      -50.896981        0.007078
BFGS:  182 22:17:12      -50.897001        0.005892
BFGS:  183 22:17:12      -50.897006        0.005147
BFGS:  184 22:17:12      -50.897008        0.004278
BFGS:  185 22:17:12      -50.897013        0.002575
BFGS:  186 22:17:12      -50.897017        0.001890
BFGS:  187 22:17:13      -50.897020        0.002132
BFGS:  188 22:17:13      -50.897021        0.002166
BFGS:  189 22:17:13      -50.897022        0.001913
BFGS:  190 22:17:13      -50.897024        0.001783
BFGS:  191 22:17:13      -50.897029        0.001846
BFGS:  192 22:17:13      -50.897037        0.002163
BFGS:  193 22:17:13      -50.897045        0.001716
BFGS:  194 22:17:13      -50.897049        0.001041
BFGS:  195 22:17:13      -50.897050        0.000877
