      Step     Time          Energy          fmax
BFGS:    0 02:20:55      -88.611166        4.649669
BFGS:    1 02:20:55      -91.519447        3.433939
BFGS:    2 02:20:55      -96.890385        1.374955
BFGS:    3 02:20:55      -98.354285        0.924006
BFGS:    4 02:20:56      -98.745768        0.689406
BFGS:    5 02:20:56      -98.871961        0.592258
BFGS:    6 02:20:56      -99.050538        0.499612
BFGS:    7 02:20:56      -99.312148        0.459253
BFGS:    8 02:20:56      -99.644649        0.418708
BFGS:    9 02:20:56      -99.860887        0.359574
BFGS:   10 02:20:56      -99.952368        0.376906
BFGS:   11 02:20:56     -100.001001        0.415700
BFGS:   12 02:20:56     -100.072920        0.452784
BFGS:   13 02:20:56     -100.188689        0.471881
BFGS:   14 02:20:56     -100.321912        0.433502
BFGS:   15 02:20:56     -100.393844        0.360292
BFGS:   16 02:20:56     -100.414478        0.323125
BFGS:   17 02:20:56     -100.440031        0.288348
BFGS:   18 02:20:57     -100.488342        0.245305
BFGS:   19 02:20:57     -100.555459        0.215489
BFGS:   20 02:20:57     -100.627444        0.221884
BFGS:   21 02:20:57     -100.671616        0.262489
BFGS:   22 02:20:57     -100.692076        0.290161
BFGS:   23 02:20:57     -100.724433        0.317634
BFGS:   24 02:20:57     -100.781013        0.336081
BFGS:   25 02:20:57     -100.864280        0.407560
BFGS:   26 02:20:57     -100.944160        0.525363
BFGS:   27 02:20:57     -101.015507        0.544837
BFGS:   28 02:20:57     -101.072561        0.510328
BFGS:   29 02:20:57     -101.122639        0.439961
BFGS:   30 02:20:57     -101.173212        0.337325
BFGS:   31 02:20:57     -101.229068        0.211755
BFGS:   32 02:20:57     -101.289764        0.274888
BFGS:   33 02:20:58     -101.322819        0.299490
BFGS:   34 02:20:58     -101.358781        0.333841
BFGS:   35 02:20:58     -101.413446        0.344879
BFGS:   36 02:20:58     -101.503285        0.261710
BFGS:   37 02:20:58     -101.594710        0.212995
BFGS:   38 02:20:58     -101.661106        0.209478
BFGS:   39 02:20:58     -101.716133        0.206840
BFGS:   40 02:20:58     -101.761370        0.205490
BFGS:   41 02:20:58     -101.796226        0.205737
BFGS:   42 02:20:58     -101.821095        0.208084
BFGS:   43 02:20:58     -101.837514        0.211171
BFGS:   44 02:20:58     -101.865218        0.215293
BFGS:   45 02:20:58     -101.917833        0.218915
BFGS:   46 02:20:58     -101.991617        0.217190
BFGS:   47 02:20:59     -102.051279        0.210526
BFGS:   48 02:20:59     -102.074856        0.210083
BFGS:   49 02:20:59     -102.087327        0.211006
BFGS:   50 02:20:59     -102.101444        0.210180
BFGS:   51 02:20:59     -102.132385        0.205673
BFGS:   52 02:20:59     -102.175316        0.197936
BFGS:   53 02:20:59     -102.218400        0.247663
BFGS:   54 02:20:59     -102.245418        0.235890
BFGS:   55 02:20:59     -102.259198        0.193496
BFGS:   56 02:20:59     -102.274559        0.193416
BFGS:   57 02:20:59     -102.307534        0.190003
BFGS:   58 02:20:59     -102.348568        0.204012
BFGS:   59 02:20:59     -102.381457        0.186864
BFGS:   60 02:20:59     -102.405363        0.172797
BFGS:   61 02:21:00     -102.416134        0.169396
BFGS:   62 02:21:00     -102.429911        0.165210
BFGS:   63 02:21:00     -102.455598        0.193269
BFGS:   64 02:21:00     -102.495142        0.234767
BFGS:   65 02:21:00     -102.533374        0.238321
BFGS:   66 02:21:00     -102.567482        0.239126
BFGS:   67 02:21:00     -102.597168        0.237095
BFGS:   68 02:21:00     -102.630847        0.210690
BFGS:   69 02:21:00     -102.670691        0.204543
BFGS:   70 02:21:00     -102.681338        0.205712
BFGS:   71 02:21:00     -102.732558        0.271341
BFGS:   72 02:21:00     -102.774387        0.290368
BFGS:   73 02:21:00     -102.813263        0.289193
BFGS:   74 02:21:00     -102.856536        0.255231
BFGS:   75 02:21:01     -102.898002        0.172237
BFGS:   76 02:21:01     -102.912041        0.134129
BFGS:   77 02:21:01     -102.920870        0.114426
BFGS:   78 02:21:01     -102.928954        0.096566
BFGS:   79 02:21:01     -102.948338        0.112200
BFGS:   80 02:21:02     -102.970957        0.106900
BFGS:   81 02:21:02     -102.987990        0.072229
BFGS:   82 02:21:02     -102.994210        0.058882
BFGS:   83 02:21:02     -102.996202        0.057015
BFGS:   84 02:21:02     -102.997579        0.054668
BFGS:   85 02:21:02     -103.000794        0.049182
BFGS:   86 02:21:02     -103.006259        0.046419
BFGS:   87 02:21:02     -103.014425        0.043096
BFGS:   88 02:21:02     -103.020116        0.039264
BFGS:   89 02:21:03     -103.021848        0.036922
BFGS:   90 02:21:03     -103.022585        0.035906
BFGS:   91 02:21:03     -103.023274        0.034946
BFGS:   92 02:21:03     -103.024443        0.037141
BFGS:   93 02:21:03     -103.026236        0.041411
BFGS:   94 02:21:03     -103.028997        0.044544
BFGS:   95 02:21:03     -103.031701        0.044301
BFGS:   96 02:21:03     -103.032836        0.042068
BFGS:   97 02:21:03     -103.033653        0.039959
BFGS:   98 02:21:03     -103.034698        0.038150
BFGS:   99 02:21:03     -103.036841        0.036474
BFGS:  100 02:21:03     -103.040958        0.040223
BFGS:  101 02:21:03     -103.046686        0.047132
BFGS:  102 02:21:04     -103.050343        0.051535
BFGS:  103 02:21:04     -103.052157        0.057405
BFGS:  104 02:21:04     -103.053086        0.056442
BFGS:  105 02:21:07     -103.054564        0.056289
BFGS:  106 02:21:07     -103.058304        0.052780
BFGS:  107 02:21:07     -103.064638        0.048127
BFGS:  108 02:21:07     -103.071541        0.043188
BFGS:  109 02:21:07     -103.075494        0.038111
BFGS:  110 02:21:07     -103.076925        0.044685
BFGS:  111 02:21:07     -103.077876        0.048046
BFGS:  112 02:21:07     -103.080921        0.053505
BFGS:  113 02:21:07     -103.087027        0.065258
BFGS:  114 02:21:08     -103.089014        0.078770
BFGS:  115 02:21:08     -103.102230        0.060784
BFGS:  116 02:21:08     -103.113799        0.073654
BFGS:  117 02:21:08     -103.117193        0.064307
BFGS:  118 02:21:08     -103.118850        0.068416
BFGS:  119 02:21:08     -103.120735        0.073085
BFGS:  120 02:21:11     -103.121849        0.077645
BFGS:  121 02:21:11     -103.129214        0.096049
BFGS:  122 02:21:11     -103.136035        0.095875
BFGS:  123 02:21:11     -103.143780        0.071557
BFGS:  124 02:21:11     -103.146423        0.049747
BFGS:  125 02:21:11     -103.147177        0.045225
BFGS:  126 02:21:11     -103.147841        0.041547
BFGS:  127 02:21:11     -103.149131        0.040372
BFGS:  128 02:21:11     -103.151564        0.038648
BFGS:  129 02:21:12     -103.155119        0.036873
BFGS:  130 02:21:12     -103.157901        0.036352
BFGS:  131 02:21:12     -103.158918        0.037160
BFGS:  132 02:21:12     -103.159209        0.037913
BFGS:  133 02:21:12     -103.159484        0.038397
BFGS:  134 02:21:12     -103.160176        0.038738
BFGS:  135 02:21:12     -103.161646        0.037989
BFGS:  136 02:21:12     -103.164307        0.034293
BFGS:  137 02:21:12     -103.167179        0.026869
BFGS:  138 02:21:12     -103.168532        0.020739
BFGS:  139 02:21:12     -103.168850        0.019209
BFGS:  140 02:21:12     -103.168952        0.019126
BFGS:  141 02:21:13     -103.169095        0.019022
BFGS:  142 02:21:13     -103.169442        0.018523
BFGS:  143 02:21:13     -103.170123        0.017181
BFGS:  144 02:21:13     -103.171092        0.014674
BFGS:  145 02:21:13     -103.171743        0.012984
BFGS:  146 02:21:13     -103.171939        0.012532
BFGS:  147 02:21:13     -103.171986        0.012036
BFGS:  148 02:21:13     -103.172022        0.012193
BFGS:  149 02:21:13     -103.172105        0.012443
BFGS:  150 02:21:13     -103.172255        0.012625
BFGS:  151 02:21:13     -103.172476        0.012478
BFGS:  152 02:21:13     -103.172661        0.011874
BFGS:  153 02:21:13     -103.172754        0.011648
BFGS:  154 02:21:13     -103.172789        0.011206
BFGS:  155 02:21:13     -103.172819        0.010738
BFGS:  156 02:21:14     -103.172889        0.010501
BFGS:  157 02:21:14     -103.173030        0.011024
BFGS:  158 02:21:14     -103.173255        0.011235
BFGS:  159 02:21:14     -103.173436        0.010570
BFGS:  160 02:21:14     -103.173506        0.009990
BFGS:  161 02:21:14     -103.173529        0.010169
BFGS:  162 02:21:14     -103.173547        0.010262
BFGS:  163 02:21:14     -103.173586        0.010330
BFGS:  164 02:21:14     -103.173665        0.010256
BFGS:  165 02:21:14     -103.173802        0.009617
BFGS:  166 02:21:14     -103.173947        0.008649
BFGS:  167 02:21:14     -103.174039        0.008708
BFGS:  168 02:21:14     -103.174083        0.008466
BFGS:  169 02:21:14     -103.174098        0.008208
BFGS:  170 02:21:15     -103.174116        0.007900
BFGS:  171 02:21:15     -103.174168        0.008049
BFGS:  172 02:21:15     -103.174265        0.011663
BFGS:  173 02:21:15     -103.174395        0.016082
BFGS:  174 02:21:15     -103.174479        0.017413
BFGS:  175 02:21:15     -103.174518        0.015640
BFGS:  176 02:21:15     -103.174539        0.012808
BFGS:  177 02:21:15     -103.174556        0.009545
BFGS:  178 02:21:15     -103.174582        0.008563
BFGS:  179 02:21:15     -103.174617        0.013294
BFGS:  180 02:21:15     -103.174659        0.018184
BFGS:  181 02:21:15     -103.174701        0.020609
BFGS:  182 02:21:15     -103.174740        0.019614
BFGS:  183 02:21:15     -103.174794        0.015604
BFGS:  184 02:21:16     -103.174873        0.007767
BFGS:  185 02:21:16     -103.174917        0.003649
BFGS:  186 02:21:16     -103.174931        0.003473
BFGS:  187 02:21:16     -103.174935        0.003392
BFGS:  188 02:21:16     -103.174937        0.003396
BFGS:  189 02:21:18     -103.174942        0.003473
BFGS:  190 02:21:18     -103.174952        0.003633
BFGS:  191 02:21:18     -103.174970        0.005554
BFGS:  192 02:21:18     -103.174986        0.006408
BFGS:  193 02:21:18     -103.174995        0.005508
BFGS:  194 02:21:18     -103.174999        0.004115
BFGS:  195 02:21:18     -103.175000        0.003313
BFGS:  196 02:21:18     -103.175003        0.003259
BFGS:  197 02:21:19     -103.175005        0.003240
BFGS:  198 02:21:19     -103.175007        0.003258
BFGS:  199 02:21:19     -103.175007        0.003276
BFGS:  200 02:21:19     -103.175008        0.003280
BFGS:  201 02:21:19     -103.175010        0.003245
BFGS:  202 02:21:19     -103.175013        0.003128
BFGS:  203 02:21:19     -103.175015        0.002956
BFGS:  204 02:21:19     -103.175017        0.002836
BFGS:  205 02:21:19     -103.175017        0.002784
BFGS:  206 02:21:19     -103.175018        0.002742
BFGS:  207 02:21:19     -103.175020        0.002692
BFGS:  208 02:21:19     -103.175022        0.002660
BFGS:  209 02:21:19     -103.175024        0.003904
BFGS:  210 02:21:20     -103.175025        0.004522
BFGS:  211 02:21:20     -103.175028        0.004778
BFGS:  212 02:21:20     -103.175032        0.004865
BFGS:  213 02:21:20     -103.175043        0.004722
BFGS:  214 02:21:24     -103.175062        0.004454
BFGS:  215 02:21:24     -103.175083        0.005186
BFGS:  216 02:21:24     -103.175094        0.003805
BFGS:  217 02:21:24     -103.175096        0.002724
BFGS:  218 02:21:24     -103.175097        0.002755
BFGS:  219 02:21:24     -103.175098        0.002759
BFGS:  220 02:21:24     -103.175100        0.002744
BFGS:  221 02:21:24     -103.175102        0.003185
BFGS:  222 02:21:24     -103.175104        0.003677
BFGS:  223 02:21:24     -103.175105        0.003594
BFGS:  224 02:21:24     -103.175107        0.003058
BFGS:  225 02:21:24     -103.175111        0.002838
BFGS:  226 02:21:24     -103.175115        0.003249
BFGS:  227 02:21:24     -103.175119        0.004748
BFGS:  228 02:21:25     -103.175122        0.005637
BFGS:  229 02:21:25     -103.175124        0.005466
BFGS:  230 02:21:25     -103.175126        0.004479
BFGS:  231 02:21:25     -103.175128        0.002699
BFGS:  232 02:21:25     -103.175130        0.002498
BFGS:  233 02:21:25     -103.175130        0.002505
BFGS:  234 02:21:25     -103.175130        0.002511
BFGS:  235 02:21:25     -103.175130        0.002517
BFGS:  236 02:21:25     -103.175131        0.002520
BFGS:  237 02:21:25     -103.175131        0.002512
BFGS:  238 02:21:25     -103.175132        0.002489
BFGS:  239 02:21:25     -103.175132        0.002465
BFGS:  240 02:21:25     -103.175132        0.002445
BFGS:  241 02:21:26     -103.175133        0.002421
BFGS:  242 02:21:26     -103.175133        0.002385
BFGS:  243 02:21:26     -103.175134        0.002347
BFGS:  244 02:21:26     -103.175135        0.002326
BFGS:  245 02:21:26     -103.175136        0.002323
BFGS:  246 02:21:26     -103.175136        0.002323
BFGS:  247 02:21:26     -103.175137        0.002313
BFGS:  248 02:21:26     -103.175139        0.002379
BFGS:  249 02:21:26     -103.175141        0.002521
BFGS:  250 02:21:26     -103.175143        0.002309
BFGS:  251 02:21:26     -103.175144        0.002000
BFGS:  252 02:21:26     -103.175144        0.001977
BFGS:  253 02:21:26     -103.175145        0.001950
BFGS:  254 02:21:26     -103.175147        0.001960
BFGS:  255 02:21:27     -103.175150        0.002671
BFGS:  256 02:21:27     -103.175155        0.002948
BFGS:  257 02:21:27     -103.175158        0.003147
BFGS:  258 02:21:27     -103.175160        0.002916
BFGS:  259 02:21:27     -103.175161        0.002537
BFGS:  260 02:21:27     -103.175162        0.001942
BFGS:  261 02:21:27     -103.175164        0.001660
BFGS:  262 02:21:27     -103.175166        0.001700
BFGS:  263 02:21:27     -103.175166        0.001777
BFGS:  264 02:21:27     -103.175167        0.001817
BFGS:  265 02:21:27     -103.175167        0.001837
BFGS:  266 02:21:27     -103.175167        0.001857
BFGS:  267 02:21:27     -103.175167        0.001863
BFGS:  268 02:21:27     -103.175168        0.001844
BFGS:  269 02:21:27     -103.175168        0.001812
BFGS:  270 02:21:28     -103.175168        0.001786
BFGS:  271 02:21:28     -103.175169        0.001758
BFGS:  272 02:21:28     -103.175169        0.001721
BFGS:  273 02:21:28     -103.175170        0.001702
BFGS:  274 02:21:28     -103.175171        0.001985
BFGS:  275 02:21:28     -103.175172        0.002572
BFGS:  276 02:21:28     -103.175173        0.002838
BFGS:  277 02:21:28     -103.175174        0.002869
BFGS:  278 02:21:28     -103.175176        0.002780
BFGS:  279 02:21:28     -103.175181        0.002913
BFGS:  280 02:21:28     -103.175188        0.003821
BFGS:  281 02:21:28     -103.175195        0.003535
BFGS:  282 02:21:28     -103.175199        0.003366
BFGS:  283 02:21:28     -103.175201        0.003102
BFGS:  284 02:21:29     -103.175204        0.002817
BFGS:  285 02:21:29     -103.175211        0.003181
BFGS:  286 02:21:29     -103.175220        0.004248
BFGS:  287 02:21:29     -103.175227        0.003435
BFGS:  288 02:21:29     -103.175229        0.001653
BFGS:  289 02:21:29     -103.175230        0.001671
BFGS:  290 02:21:29     -103.175231        0.001605
BFGS:  291 02:21:29     -103.175232        0.001413
BFGS:  292 02:21:29     -103.175235        0.001445
BFGS:  293 02:21:29     -103.175236        0.001553
BFGS:  294 02:21:29     -103.175236        0.001397
BFGS:  295 02:21:29     -103.175236        0.001268
BFGS:  296 02:21:29     -103.175236        0.001082
BFGS:  297 02:21:29     -103.175237        0.000879
