      Step     Time          Energy          fmax
BFGS:    0 04:22:28      -52.060815       12.932262
BFGS:    1 04:22:29      -62.179299        6.924947
BFGS:    2 04:22:29      -71.425533        5.493870
BFGS:    3 04:22:29      -78.386676        4.393541
BFGS:    4 04:22:29      -83.149199        3.255710
BFGS:    5 04:22:29      -86.238165        3.134664
BFGS:    6 04:22:29      -88.526071        3.190340
BFGS:    7 04:22:29      -90.454116        2.721598
BFGS:    8 04:22:29      -92.067567        1.984634
BFGS:    9 04:22:29      -93.353146        1.465011
BFGS:   10 04:22:29      -94.358139        1.330674
BFGS:   11 04:22:29      -95.183103        1.236372
BFGS:   12 04:22:29      -95.943309        1.178570
BFGS:   13 04:22:29      -96.704529        1.225536
BFGS:   14 04:22:29      -97.443072        1.464028
BFGS:   15 04:22:30      -98.105273        1.576226
BFGS:   16 04:22:30      -98.722865        1.560163
BFGS:   17 04:22:30      -99.416575        1.372089
BFGS:   18 04:22:30     -100.270409        1.024467
BFGS:   19 04:22:30     -100.907714        1.052243
BFGS:   20 04:22:30     -101.253228        1.010375
BFGS:   21 04:22:30     -101.503193        0.945196
BFGS:   22 04:22:30     -101.762026        0.874123
BFGS:   23 04:22:30     -102.006531        0.891430
BFGS:   24 04:22:30     -102.257714        0.866316
BFGS:   25 04:22:30     -102.519610        0.812033
BFGS:   26 04:22:30     -102.790008        0.735884
BFGS:   27 04:22:30     -103.062772        0.651138
BFGS:   28 04:22:30     -103.324511        0.623304
BFGS:   29 04:22:31     -103.568609        0.599703
BFGS:   30 04:22:31     -103.792677        0.607537
BFGS:   31 04:22:31     -103.997350        0.626089
BFGS:   32 04:22:31     -104.185663        0.687719
BFGS:   33 04:22:31     -104.360980        0.779929
BFGS:   34 04:22:31     -104.532124        0.838179
BFGS:   35 04:22:31     -104.702863        0.849259
BFGS:   36 04:22:31     -104.872095        0.813378
BFGS:   37 04:22:31     -105.038988        0.738965
BFGS:   38 04:22:31     -105.203007        0.639041
BFGS:   39 04:22:31     -105.365834        0.524424
BFGS:   40 04:22:31     -105.536714        0.398908
BFGS:   41 04:22:31     -105.731318        0.374703
BFGS:   42 04:22:31     -105.939940        0.350501
BFGS:   43 04:22:32     -106.075131        0.414478
BFGS:   44 04:22:32     -106.137022        0.479198
BFGS:   45 04:22:32     -106.244464        0.522358
BFGS:   46 04:22:32     -106.419967        0.500060
BFGS:   47 04:22:32     -106.719233        0.513916
BFGS:   48 04:22:32     -106.966989        0.458024
BFGS:   49 04:22:32     -107.137824        0.476144
BFGS:   50 04:22:32     -107.338186        0.571276
BFGS:   51 04:22:32     -107.549964        0.561368
BFGS:   52 04:22:32     -107.621782        0.473147
BFGS:   53 04:22:32     -107.698041        0.385433
BFGS:   54 04:22:32     -107.853456        0.289341
BFGS:   55 04:22:32     -107.959605        0.260881
BFGS:   56 04:22:32     -108.037343        0.302747
BFGS:   57 04:22:32     -108.086332        0.337037
BFGS:   58 04:22:33     -108.126870        0.341969
BFGS:   59 04:22:33     -108.193819        0.324528
BFGS:   60 04:22:33     -108.299122        0.288700
BFGS:   61 04:22:33     -108.428375        0.325901
BFGS:   62 04:22:33     -108.557949        0.311392
BFGS:   63 04:22:33     -108.674655        0.390275
BFGS:   64 04:22:33     -108.704307        0.414365
BFGS:   65 04:22:33     -108.772395        0.397646
BFGS:   66 04:22:33     -108.863653        0.362252
BFGS:   67 04:22:33     -109.000062        0.535246
BFGS:   68 04:22:33     -109.135840        0.609938
BFGS:   69 04:22:33     -109.247830        0.595278
BFGS:   70 04:22:33     -109.332581        0.561481
BFGS:   71 04:22:33     -109.423340        0.547184
BFGS:   72 04:22:34     -109.610120        0.553219
BFGS:   73 04:22:34     -109.807476        0.569584
BFGS:   74 04:22:34     -109.907437        0.526443
BFGS:   75 04:22:34     -109.968430        0.508723
BFGS:   76 04:22:34     -110.026404        0.435370
BFGS:   77 04:22:34     -110.103918        0.303615
BFGS:   78 04:22:34     -110.196136        0.248010
BFGS:   79 04:22:34     -110.239787        0.223741
BFGS:   80 04:22:34     -110.273711        0.261383
BFGS:   81 04:22:34     -110.291776        0.263115
BFGS:   82 04:22:34     -110.313290        0.275109
BFGS:   83 04:22:34     -110.347296        0.238929
BFGS:   84 04:22:34     -110.402628        0.257655
BFGS:   85 04:22:34     -110.464609        0.264861
BFGS:   86 04:22:35     -110.507310        0.184727
BFGS:   87 04:22:35     -110.528867        0.200050
BFGS:   88 04:22:35     -110.547965        0.223642
BFGS:   89 04:22:35     -110.582024        0.221319
BFGS:   90 04:22:35     -110.643162        0.225109
BFGS:   91 04:22:35     -110.708991        0.239032
BFGS:   92 04:22:35     -110.764070        0.286477
BFGS:   93 04:22:35     -110.790998        0.286303
BFGS:   94 04:22:35     -110.810858        0.243970
BFGS:   95 04:22:35     -110.837672        0.178372
BFGS:   96 04:22:35     -110.872632        0.188949
BFGS:   97 04:22:35     -110.915183        0.266070
BFGS:   98 04:22:35     -110.950122        0.299641
BFGS:   99 04:22:35     -110.969364        0.286302
BFGS:  100 04:22:35     -110.987288        0.245852
BFGS:  101 04:22:36     -111.019273        0.179532
BFGS:  102 04:22:36     -111.066770        0.208606
BFGS:  103 04:22:36     -111.117064        0.228571
BFGS:  104 04:22:36     -111.147854        0.205971
BFGS:  105 04:22:36     -111.164354        0.181318
BFGS:  106 04:22:36     -111.179098        0.139622
BFGS:  107 04:22:36     -111.200870        0.159731
BFGS:  108 04:22:36     -111.227439        0.139318
BFGS:  109 04:22:36     -111.248359        0.127321
BFGS:  110 04:22:36     -111.259462        0.121826
BFGS:  111 04:22:36     -111.264649        0.116668
BFGS:  112 04:22:36     -111.270823        0.107021
BFGS:  113 04:22:36     -111.283879        0.108090
BFGS:  114 04:22:36     -111.301229        0.107224
BFGS:  115 04:22:37     -111.314807        0.162760
BFGS:  116 04:22:37     -111.322438        0.186176
BFGS:  117 04:22:37     -111.329175        0.181555
BFGS:  118 04:22:37     -111.339790        0.162094
BFGS:  119 04:22:37     -111.354427        0.120935
BFGS:  120 04:22:37     -111.367410        0.116606
BFGS:  121 04:22:37     -111.374608        0.092409
BFGS:  122 04:22:37     -111.378406        0.102650
BFGS:  123 04:22:37     -111.382975        0.110911
BFGS:  124 04:22:37     -111.391948        0.112325
BFGS:  125 04:22:37     -111.403666        0.090461
BFGS:  126 04:22:37     -111.412797        0.081375
BFGS:  127 04:22:37     -111.417259        0.074408
BFGS:  128 04:22:37     -111.419524        0.073793
BFGS:  129 04:22:38     -111.423288        0.078428
BFGS:  130 04:22:38     -111.430686        0.092409
BFGS:  131 04:22:38     -111.442942        0.112956
BFGS:  132 04:22:38     -111.456289        0.116097
BFGS:  133 04:22:38     -111.463991        0.094495
BFGS:  134 04:22:38     -111.468534        0.077934
BFGS:  135 04:22:38     -111.471841        0.079661
BFGS:  136 04:22:38     -111.480222        0.080271
BFGS:  137 04:22:38     -111.498118        0.109274
BFGS:  138 04:22:38     -111.520262        0.133068
BFGS:  139 04:22:38     -111.535866        0.149990
BFGS:  140 04:22:38     -111.545378        0.130315
BFGS:  141 04:22:38     -111.550218        0.119567
BFGS:  142 04:22:38     -111.558013        0.099759
BFGS:  143 04:22:39     -111.577249        0.109714
BFGS:  144 04:22:39     -111.592691        0.127323
BFGS:  145 04:22:39     -111.611080        0.123601
BFGS:  146 04:22:39     -111.623146        0.096076
BFGS:  147 04:22:39     -111.628170        0.091420
BFGS:  148 04:22:39     -111.631895        0.096947
BFGS:  149 04:22:39     -111.642695        0.104251
BFGS:  150 04:22:39     -111.657860        0.100919
BFGS:  151 04:22:39     -111.674312        0.119523
BFGS:  152 04:22:39     -111.681605        0.135746
BFGS:  153 04:22:39     -111.684672        0.125252
BFGS:  154 04:22:39     -111.687546        0.106634
BFGS:  155 04:22:39     -111.692420        0.073685
BFGS:  156 04:22:39     -111.699563        0.067549
BFGS:  157 04:22:39     -111.706468        0.067751
BFGS:  158 04:22:40     -111.710119        0.062405
BFGS:  159 04:22:40     -111.711983        0.063672
BFGS:  160 04:22:40     -111.714044        0.061787
BFGS:  161 04:22:40     -111.717569        0.056492
BFGS:  162 04:22:40     -111.723076        0.067182
BFGS:  163 04:22:40     -111.729019        0.074498
BFGS:  164 04:22:40     -111.732610        0.055043
BFGS:  165 04:22:40     -111.733980        0.049882
BFGS:  166 04:22:40     -111.735007        0.048532
BFGS:  167 04:22:40     -111.737007        0.042346
BFGS:  168 04:22:40     -111.739978        0.037144
BFGS:  169 04:22:40     -111.743165        0.039555
BFGS:  170 04:22:40     -111.744900        0.036327
BFGS:  171 04:22:40     -111.745508        0.030259
BFGS:  172 04:22:41     -111.745880        0.028557
BFGS:  173 04:22:41     -111.746465        0.035780
BFGS:  174 04:22:41     -111.747521        0.040112
BFGS:  175 04:22:41     -111.749111        0.035273
BFGS:  176 04:22:41     -111.750618        0.027160
BFGS:  177 04:22:41     -111.751327        0.027699
BFGS:  178 04:22:41     -111.751553        0.026464
BFGS:  179 04:22:41     -111.751726        0.024628
BFGS:  180 04:22:41     -111.752071        0.020942
BFGS:  181 04:22:41     -111.752746        0.025751
BFGS:  182 04:22:41     -111.753804        0.031931
BFGS:  183 04:22:41     -111.754815        0.028443
BFGS:  184 04:22:41     -111.755306        0.023149
BFGS:  185 04:22:41     -111.755468        0.020924
BFGS:  186 04:22:42     -111.755612        0.017929
BFGS:  187 04:22:42     -111.755947        0.016465
BFGS:  188 04:22:42     -111.756611        0.023894
BFGS:  189 04:22:42     -111.757706        0.027938
BFGS:  190 04:22:42     -111.758811        0.025851
BFGS:  191 04:22:42     -111.759385        0.024478
BFGS:  192 04:22:42     -111.759584        0.021240
BFGS:  193 04:22:42     -111.759756        0.017546
BFGS:  194 04:22:42     -111.760126        0.016577
BFGS:  195 04:22:42     -111.760830        0.023973
BFGS:  196 04:22:42     -111.761860        0.027822
BFGS:  197 04:22:42     -111.762708        0.022661
BFGS:  198 04:22:42     -111.763044        0.014230
BFGS:  199 04:22:42     -111.763136        0.012982
BFGS:  200 04:22:43     -111.763217        0.013044
BFGS:  201 04:22:43     -111.763399        0.012992
BFGS:  202 04:22:43     -111.763712        0.017964
BFGS:  203 04:22:43     -111.764140        0.023380
BFGS:  204 04:22:43     -111.764498        0.026026
BFGS:  205 04:22:43     -111.764708        0.025067
BFGS:  206 04:22:43     -111.764860        0.021797
BFGS:  207 04:22:43     -111.765046        0.015783
BFGS:  208 04:22:43     -111.765257        0.012296
BFGS:  209 04:22:43     -111.765422        0.020721
BFGS:  210 04:22:43     -111.765532        0.022320
BFGS:  211 04:22:43     -111.765648        0.019814
BFGS:  212 04:22:43     -111.765842        0.015561
BFGS:  213 04:22:43     -111.766138        0.012465
BFGS:  214 04:22:44     -111.766425        0.011716
BFGS:  215 04:22:44     -111.766569        0.010995
BFGS:  216 04:22:44     -111.766618        0.009119
BFGS:  217 04:22:44     -111.766659        0.008807
BFGS:  218 04:22:44     -111.766743        0.009319
BFGS:  219 04:22:44     -111.766891        0.011118
BFGS:  220 04:22:44     -111.767086        0.016744
BFGS:  221 04:22:44     -111.767233        0.017004
BFGS:  222 04:22:44     -111.767303        0.012931
BFGS:  223 04:22:44     -111.767346        0.011669
BFGS:  224 04:22:44     -111.767403        0.009551
BFGS:  225 04:22:44     -111.767473        0.007767
BFGS:  226 04:22:44     -111.767532        0.010842
BFGS:  227 04:22:44     -111.767571        0.010238
BFGS:  228 04:22:44     -111.767611        0.010598
BFGS:  229 04:22:45     -111.767687        0.011045
BFGS:  230 04:22:45     -111.767826        0.012165
BFGS:  231 04:22:45     -111.768016        0.012059
BFGS:  232 04:22:45     -111.768158        0.009692
BFGS:  233 04:22:45     -111.768214        0.008169
BFGS:  234 04:22:45     -111.768238        0.007667
BFGS:  235 04:22:45     -111.768267        0.006704
BFGS:  236 04:22:45     -111.768317        0.007365
BFGS:  237 04:22:45     -111.768376        0.008676
BFGS:  238 04:22:45     -111.768423        0.012264
BFGS:  239 04:22:45     -111.768459        0.013407
BFGS:  240 04:22:45     -111.768501        0.012446
BFGS:  241 04:22:45     -111.768568        0.009691
BFGS:  242 04:22:45     -111.768646        0.007162
BFGS:  243 04:22:46     -111.768697        0.007766
BFGS:  244 04:22:46     -111.768718        0.007177
BFGS:  245 04:22:46     -111.768733        0.006488
BFGS:  246 04:22:46     -111.768764        0.006642
BFGS:  247 04:22:46     -111.768825        0.009178
BFGS:  248 04:22:46     -111.768928        0.011508
BFGS:  249 04:22:46     -111.769038        0.012125
BFGS:  250 04:22:46     -111.769107        0.010818
BFGS:  251 04:22:46     -111.769141        0.010282
BFGS:  252 04:22:46     -111.769177        0.009182
BFGS:  253 04:22:46     -111.769240        0.007643
BFGS:  254 04:22:46     -111.769324        0.009135
BFGS:  255 04:22:46     -111.769395        0.009507
BFGS:  256 04:22:46     -111.769434        0.010560
BFGS:  257 04:22:47     -111.769465        0.011096
BFGS:  258 04:22:47     -111.769516        0.010585
BFGS:  259 04:22:47     -111.769601        0.008758
BFGS:  260 04:22:47     -111.769697        0.008684
BFGS:  261 04:22:47     -111.769758        0.008343
BFGS:  262 04:22:47     -111.769787        0.008168
BFGS:  263 04:22:47     -111.769812        0.007557
BFGS:  264 04:22:47     -111.769854        0.007746
BFGS:  265 04:22:47     -111.769912        0.007913
BFGS:  266 04:22:47     -111.769962        0.008559
BFGS:  267 04:22:47     -111.769989        0.008748
BFGS:  268 04:22:47     -111.770007        0.007819
BFGS:  269 04:22:47     -111.770036        0.006482
BFGS:  270 04:22:47     -111.770089        0.006396
BFGS:  271 04:22:48     -111.770158        0.008878
BFGS:  272 04:22:48     -111.770211        0.010752
BFGS:  273 04:22:48     -111.770237        0.009594
BFGS:  274 04:22:48     -111.770255        0.007689
BFGS:  275 04:22:48     -111.770285        0.006456
BFGS:  276 04:22:48     -111.770336        0.006617
BFGS:  277 04:22:48     -111.770399        0.009941
BFGS:  278 04:22:48     -111.770449        0.011705
BFGS:  279 04:22:48     -111.770482        0.011285
BFGS:  280 04:22:48     -111.770521        0.010368
BFGS:  281 04:22:48     -111.770597        0.009617
BFGS:  282 04:22:48     -111.770733        0.010316
BFGS:  283 04:22:48     -111.770905        0.014970
BFGS:  284 04:22:48     -111.771033        0.015864
BFGS:  285 04:22:49     -111.771100        0.017295
BFGS:  286 04:22:49     -111.771163        0.016763
BFGS:  287 04:22:49     -111.771288        0.016617
BFGS:  288 04:22:49     -111.771603        0.023578
BFGS:  289 04:22:49     -111.772085        0.048285
BFGS:  290 04:22:49     -111.772624        0.046292
BFGS:  291 04:22:49     -111.773518        0.050612
BFGS:  292 04:22:49     -111.774115        0.052569
BFGS:  293 04:22:49     -111.775224        0.056982
BFGS:  294 04:22:49     -111.778916        0.068820
BFGS:  295 04:22:49     -111.777673        0.084479
BFGS:  296 04:22:49     -111.781590        0.064190
BFGS:  297 04:22:49     -111.781121        0.055974
BFGS:  298 04:22:49     -111.785375        0.057295
BFGS:  299 04:22:49     -111.789628        0.069999
BFGS:  300 04:22:50     -111.796820        0.095814
BFGS:  301 04:22:50     -111.805498        0.140521
BFGS:  302 04:22:50     -111.811763        0.153905
BFGS:  303 04:22:50     -111.815833        0.145817
BFGS:  304 04:22:50     -111.822424        0.125947
BFGS:  305 04:22:50     -111.833268        0.150962
BFGS:  306 04:22:50     -111.849470        0.207740
BFGS:  307 04:22:50     -111.877248        0.293106
BFGS:  308 04:22:50     -111.927708        0.439144
BFGS:  309 04:22:50     -111.957136        0.468517
BFGS:  310 04:22:50     -112.006362        0.450651
BFGS:  311 04:22:50     -112.049016        0.448217
BFGS:  312 04:22:50     -112.101038        0.463777
BFGS:  313 04:22:50     -112.165284        0.437731
BFGS:  314 04:22:51     -112.272778        0.431144
BFGS:  315 04:22:51     -112.378707        0.368718
BFGS:  316 04:22:51     -112.422961        0.329801
BFGS:  317 04:22:51     -112.444801        0.301132
BFGS:  318 04:22:51     -112.487877        0.254598
BFGS:  319 04:22:51     -112.509374        0.251489
BFGS:  320 04:22:51     -112.539150        0.232918
BFGS:  321 04:22:51     -112.571738        0.237620
BFGS:  322 04:22:51     -112.594306        0.247817
BFGS:  323 04:22:51     -112.629345        0.276605
BFGS:  324 04:22:51     -112.671659        0.233866
BFGS:  325 04:22:51     -112.719333        0.189254
BFGS:  326 04:22:51     -112.762376        0.211348
BFGS:  327 04:22:51     -112.790129        0.205786
BFGS:  328 04:22:52     -112.817096        0.223438
BFGS:  329 04:22:52     -112.845938        0.234724
BFGS:  330 04:22:52     -112.877411        0.221588
BFGS:  331 04:22:52     -112.910609        0.219612
BFGS:  332 04:22:52     -112.940049        0.253553
BFGS:  333 04:22:52     -112.967250        0.216423
BFGS:  334 04:22:52     -112.986073        0.169538
BFGS:  335 04:22:52     -113.002745        0.137658
BFGS:  336 04:22:52     -113.018479        0.115093
BFGS:  337 04:22:52     -113.030660        0.110983
BFGS:  338 04:22:52     -113.039667        0.111733
BFGS:  339 04:22:52     -113.051550        0.090264
BFGS:  340 04:22:52     -113.063152        0.111088
BFGS:  341 04:22:52     -113.073610        0.119398
BFGS:  342 04:22:53     -113.081189        0.125592
BFGS:  343 04:22:53     -113.086260        0.112921
BFGS:  344 04:22:53     -113.091413        0.099190
BFGS:  345 04:22:53     -113.098158        0.114617
BFGS:  346 04:22:53     -113.106855        0.115244
BFGS:  347 04:22:53     -113.116652        0.097433
BFGS:  348 04:22:53     -113.125946        0.084585
BFGS:  349 04:22:53     -113.132601        0.075285
BFGS:  350 04:22:53     -113.136417        0.068788
BFGS:  351 04:22:53     -113.138834        0.063384
BFGS:  352 04:22:53     -113.141404        0.062877
BFGS:  353 04:22:53     -113.145228        0.072457
BFGS:  354 04:22:53     -113.150513        0.098877
BFGS:  355 04:22:53     -113.156044        0.097870
BFGS:  356 04:22:54     -113.159941        0.077066
BFGS:  357 04:22:54     -113.162175        0.074296
BFGS:  358 04:22:54     -113.163787        0.069429
BFGS:  359 04:22:54     -113.165743        0.059670
BFGS:  360 04:22:54     -113.168545        0.055865
BFGS:  361 04:22:54     -113.172194        0.059060
BFGS:  362 04:22:54     -113.176241        0.053953
BFGS:  363 04:22:54     -113.179672        0.063288
BFGS:  364 04:22:54     -113.181852        0.066860
BFGS:  365 04:22:54     -113.183184        0.060579
BFGS:  366 04:22:54     -113.184380        0.057417
BFGS:  367 04:22:54     -113.185960        0.057151
BFGS:  368 04:22:54     -113.188249        0.057531
BFGS:  369 04:22:54     -113.190983        0.052510
BFGS:  370 04:22:55     -113.193187        0.056333
BFGS:  371 04:22:55     -113.194395        0.059724
BFGS:  372 04:22:55     -113.195218        0.061425
BFGS:  373 04:22:55     -113.196365        0.063207
BFGS:  374 04:22:55     -113.198432        0.065085
BFGS:  375 04:22:55     -113.201952        0.065339
BFGS:  376 04:22:55     -113.206297        0.059336
BFGS:  377 04:22:55     -113.209399        0.052221
BFGS:  378 04:22:55     -113.210665        0.053896
BFGS:  379 04:22:55     -113.211187        0.051452
BFGS:  380 04:22:55     -113.211747        0.052595
BFGS:  381 04:22:55     -113.212737        0.052994
BFGS:  382 04:22:55     -113.214343        0.050303
BFGS:  383 04:22:55     -113.216389        0.048130
BFGS:  384 04:22:56     -113.218021        0.043677
BFGS:  385 04:22:56     -113.218793        0.050793
BFGS:  386 04:22:56     -113.219123        0.054089
BFGS:  387 04:22:56     -113.219425        0.054198
BFGS:  388 04:22:56     -113.219912        0.052815
BFGS:  389 04:22:56     -113.220701        0.047628
BFGS:  390 04:22:56     -113.221733        0.047996
BFGS:  391 04:22:56     -113.222566        0.051515
BFGS:  392 04:22:56     -113.222935        0.049984
BFGS:  393 04:22:56     -113.223082        0.047625
BFGS:  394 04:22:56     -113.223233        0.045127
BFGS:  395 04:22:56     -113.223517        0.041650
BFGS:  396 04:22:56     -113.224017        0.039275
BFGS:  397 04:22:56     -113.224670        0.038710
BFGS:  398 04:22:57     -113.225149        0.037241
BFGS:  399 04:22:57     -113.225339        0.035449
BFGS:  400 04:22:57     -113.225424        0.036776
BFGS:  401 04:22:57     -113.225546        0.038129
BFGS:  402 04:22:57     -113.225795        0.039381
BFGS:  403 04:22:57     -113.226247        0.039840
BFGS:  404 04:22:57     -113.226816        0.038698
BFGS:  405 04:22:57     -113.227218        0.036308
BFGS:  406 04:22:57     -113.227389        0.033897
BFGS:  407 04:22:57     -113.227494        0.032227
BFGS:  408 04:22:57     -113.227666        0.033893
BFGS:  409 04:22:57     -113.227967        0.035006
BFGS:  410 04:22:57     -113.228373        0.034442
BFGS:  411 04:22:57     -113.228698        0.032467
BFGS:  412 04:22:58     -113.228852        0.033288
BFGS:  413 04:22:58     -113.228933        0.034258
BFGS:  414 04:22:58     -113.229037        0.034352
BFGS:  415 04:22:58     -113.229227        0.033482
BFGS:  416 04:22:58     -113.229540        0.033149
BFGS:  417 04:22:58     -113.229914        0.032734
BFGS:  418 04:22:58     -113.230182        0.030175
BFGS:  419 04:22:58     -113.230306        0.028077
BFGS:  420 04:22:58     -113.230382        0.028449
BFGS:  421 04:22:58     -113.230500        0.029686
BFGS:  422 04:22:58     -113.230724        0.031415
BFGS:  423 04:22:58     -113.231087        0.032916
BFGS:  424 04:22:58     -113.231482        0.032936
BFGS:  425 04:22:58     -113.231718        0.032890
BFGS:  426 04:22:59     -113.231812        0.031476
BFGS:  427 04:22:59     -113.231883        0.029816
BFGS:  428 04:22:59     -113.232017        0.028116
BFGS:  429 04:22:59     -113.232266        0.025824
BFGS:  430 04:22:59     -113.232630        0.024462
BFGS:  431 04:22:59     -113.232942        0.024117
BFGS:  432 04:22:59     -113.233081        0.023850
BFGS:  433 04:22:59     -113.233129        0.023896
BFGS:  434 04:22:59     -113.233175        0.024049
BFGS:  435 04:22:59     -113.233265        0.024206
BFGS:  436 04:22:59     -113.233413        0.023959
BFGS:  437 04:22:59     -113.233591        0.022836
BFGS:  438 04:22:59     -113.233709        0.023017
BFGS:  439 04:22:59     -113.233755        0.023418
BFGS:  440 04:23:00     -113.233777        0.023780
BFGS:  441 04:23:00     -113.233809        0.024358
BFGS:  442 04:23:00     -113.233873        0.025265
BFGS:  443 04:23:00     -113.233980        0.026224
BFGS:  444 04:23:00     -113.234106        0.026223
BFGS:  445 04:23:00     -113.234191        0.024731
BFGS:  446 04:23:00     -113.234230        0.023054
BFGS:  447 04:23:00     -113.234259        0.021729
BFGS:  448 04:23:00     -113.234311        0.021645
BFGS:  449 04:23:00     -113.234399        0.023176
BFGS:  450 04:23:00     -113.234504        0.023713
BFGS:  451 04:23:00     -113.234568        0.022540
BFGS:  452 04:23:00     -113.234590        0.021140
BFGS:  453 04:23:00     -113.234600        0.020331
BFGS:  454 04:23:01     -113.234617        0.021260
BFGS:  455 04:23:01     -113.234649        0.022403
BFGS:  456 04:23:01     -113.234701        0.023332
BFGS:  457 04:23:01     -113.234753        0.023228
BFGS:  458 04:23:01     -113.234782        0.022187
BFGS:  459 04:23:01     -113.234795        0.021247
BFGS:  460 04:23:01     -113.234808        0.020402
BFGS:  461 04:23:01     -113.234837        0.019698
BFGS:  462 04:23:01     -113.234894        0.020676
BFGS:  463 04:23:01     -113.234991        0.021049
BFGS:  464 04:23:01     -113.235100        0.020081
BFGS:  465 04:23:01     -113.235168        0.018435
BFGS:  466 04:23:01     -113.235197        0.017394
BFGS:  467 04:23:01     -113.235219        0.017364
BFGS:  468 04:23:02     -113.235260        0.018491
BFGS:  469 04:23:02     -113.235343        0.019729
BFGS:  470 04:23:02     -113.235491        0.020230
BFGS:  471 04:23:02     -113.235676        0.018592
BFGS:  472 04:23:02     -113.235807        0.017644
BFGS:  473 04:23:02     -113.235861        0.017362
BFGS:  474 04:23:02     -113.235890        0.017260
BFGS:  475 04:23:02     -113.235936        0.017144
BFGS:  476 04:23:02     -113.236031        0.016695
BFGS:  477 04:23:02     -113.236213        0.015207
BFGS:  478 04:23:02     -113.236468        0.013871
BFGS:  479 04:23:02     -113.236674        0.012530
BFGS:  480 04:23:02     -113.236757        0.012676
BFGS:  481 04:23:02     -113.236786        0.013000
BFGS:  482 04:23:03     -113.236818        0.013150
BFGS:  483 04:23:03     -113.236888        0.013034
BFGS:  484 04:23:03     -113.237017        0.013693
BFGS:  485 04:23:03     -113.237197        0.012001
BFGS:  486 04:23:03     -113.237339        0.012778
BFGS:  487 04:23:03     -113.237401        0.011956
BFGS:  488 04:23:03     -113.237430        0.012145
BFGS:  489 04:23:03     -113.237473        0.011978
BFGS:  490 04:23:03     -113.237566        0.011198
BFGS:  491 04:23:03     -113.237745        0.010706
BFGS:  492 04:23:03     -113.238000        0.010467
BFGS:  493 04:23:03     -113.238208        0.012216
BFGS:  494 04:23:03     -113.238296        0.012625
BFGS:  495 04:23:04     -113.238332        0.012080
BFGS:  496 04:23:04     -113.238378        0.011153
BFGS:  497 04:23:04     -113.238476        0.009836
BFGS:  498 04:23:04     -113.238657        0.010474
BFGS:  499 04:23:04     -113.238901        0.009202
BFGS:  500 04:23:04     -113.239084        0.008486
BFGS:  501 04:23:04     -113.239153        0.008963
BFGS:  502 04:23:04     -113.239177        0.008363
BFGS:  503 04:23:04     -113.239206        0.007375
BFGS:  504 04:23:04     -113.239268        0.005927
BFGS:  505 04:23:04     -113.239378        0.006035
BFGS:  506 04:23:04     -113.239519        0.006747
BFGS:  507 04:23:04     -113.239615        0.005345
BFGS:  508 04:23:04     -113.239645        0.004921
BFGS:  509 04:23:05     -113.239653        0.004713
BFGS:  510 04:23:05     -113.239662        0.004501
BFGS:  511 04:23:05     -113.239681        0.004146
BFGS:  512 04:23:05     -113.239719        0.004385
BFGS:  513 04:23:05     -113.239778        0.004517
BFGS:  514 04:23:05     -113.239831        0.004112
BFGS:  515 04:23:05     -113.239853        0.003959
BFGS:  516 04:23:05     -113.239858        0.003492
BFGS:  517 04:23:05     -113.239862        0.003212
BFGS:  518 04:23:05     -113.239869        0.003071
BFGS:  519 04:23:05     -113.239883        0.002557
BFGS:  520 04:23:05     -113.239903        0.002367
BFGS:  521 04:23:05     -113.239916        0.002498
BFGS:  522 04:23:05     -113.239921        0.002056
BFGS:  523 04:23:06     -113.239922        0.001765
BFGS:  524 04:23:06     -113.239923        0.001541
BFGS:  525 04:23:06     -113.239924        0.001300
BFGS:  526 04:23:06     -113.239927        0.001344
BFGS:  527 04:23:06     -113.239931        0.001026
BFGS:  528 04:23:06     -113.239933        0.000848
