      Step     Time          Energy          fmax
BFGS:    0 23:19:01      156.509594       59.032619
BFGS:    1 23:19:01       37.499607       21.950868
BFGS:    2 23:19:01      -10.507994       11.552809
BFGS:    3 23:19:01      -37.768106        6.328573
BFGS:    4 23:19:01      -52.298995        3.847408
BFGS:    5 23:19:01      -61.017609        3.331065
BFGS:    6 23:19:01      -66.875903        2.991941
BFGS:    7 23:19:01      -70.344123        2.917689
BFGS:    8 23:19:01      -72.852897        2.818428
BFGS:    9 23:19:01      -75.139361        2.641889
BFGS:   10 23:19:01      -77.250532        2.421640
BFGS:   11 23:19:01      -79.116157        2.196014
BFGS:   12 23:19:01      -80.732079        1.978778
BFGS:   13 23:19:02      -82.145185        1.791007
BFGS:   14 23:19:02      -83.410261        1.635535
BFGS:   15 23:19:02      -84.552684        1.506173
BFGS:   16 23:19:02      -85.576448        1.406575
BFGS:   17 23:19:02      -86.498693        1.483832
BFGS:   18 23:19:02      -87.394723        1.479773
BFGS:   19 23:19:02      -88.426313        1.298874
BFGS:   20 23:19:02      -89.436561        1.121714
BFGS:   21 23:19:04      -89.988104        1.060016
BFGS:   22 23:19:04      -90.600335        0.970565
BFGS:   23 23:19:04      -91.210846        0.892523
BFGS:   24 23:19:04      -91.829379        0.805056
BFGS:   25 23:19:04      -92.453898        0.708238
BFGS:   26 23:19:04      -93.063976        0.599534
BFGS:   27 23:19:04      -93.630366        0.481133
BFGS:   28 23:19:04      -94.105763        0.445813
BFGS:   29 23:19:04      -94.385847        0.447620
BFGS:   30 23:19:04      -94.479672        0.414307
BFGS:   31 23:19:04      -94.778144        0.449624
BFGS:   32 23:19:04      -94.872251        0.454659
BFGS:   33 23:19:04      -95.243653        0.449752
BFGS:   34 23:19:04      -95.546305        0.433570
BFGS:   35 23:19:05      -95.796265        0.414453
BFGS:   36 23:19:05      -96.005983        0.396805
BFGS:   37 23:19:05      -96.181931        0.379367
BFGS:   38 23:19:05      -96.325461        0.360342
BFGS:   39 23:19:05      -96.437879        0.341066
BFGS:   40 23:19:05      -96.523736        0.321664
BFGS:   41 23:19:05      -96.588317        0.323373
BFGS:   42 23:19:05      -96.637444        0.333918
BFGS:   43 23:19:05      -96.679308        0.330138
BFGS:   44 23:19:05      -96.726192        0.310301
BFGS:   45 23:19:05      -96.786213        0.275439
BFGS:   46 23:19:05      -96.860181        0.248267
BFGS:   47 23:19:08      -96.960085        0.293448
BFGS:   48 23:19:08      -97.013443        0.325540
BFGS:   49 23:19:08      -97.052951        0.321358
BFGS:   50 23:19:08      -97.079889        0.291947
BFGS:   51 23:19:08      -97.155307        0.188518
BFGS:   52 23:19:09      -97.232788        0.210229
BFGS:   53 23:19:09      -97.277365        0.223220
BFGS:   54 23:19:09      -97.302033        0.214452
BFGS:   55 23:19:09      -97.317157        0.199547
BFGS:   56 23:19:09      -97.324535        0.188359
BFGS:   57 23:19:09      -97.331918        0.182309
BFGS:   58 23:19:09      -97.359245        0.170215
BFGS:   59 23:19:09      -97.396198        0.161298
BFGS:   60 23:19:09      -97.425581        0.155050
BFGS:   61 23:19:09      -97.453129        0.150421
BFGS:   62 23:19:09      -97.482346        0.149875
BFGS:   63 23:19:09      -97.517550        0.144087
BFGS:   64 23:19:09      -97.575704        0.153366
BFGS:   65 23:19:09      -97.677513        0.153231
BFGS:   66 23:19:10      -97.739852        0.149972
BFGS:   67 23:19:10      -97.834498        0.172690
BFGS:   68 23:19:10      -97.866592        0.188930
BFGS:   69 23:19:10      -97.890020        0.193678
BFGS:   70 23:19:10      -97.903293        0.182129
BFGS:   71 23:19:10      -97.921021        0.160628
BFGS:   72 23:19:10      -97.935071        0.153044
BFGS:   73 23:19:10      -97.991955        0.153885
BFGS:   74 23:19:10      -98.068093        0.187153
BFGS:   75 23:19:10      -98.151321        0.221831
BFGS:   76 23:19:10      -98.210965        0.224637
BFGS:   77 23:19:10      -98.256427        0.202294
BFGS:   78 23:19:10      -98.289259        0.179605
BFGS:   79 23:19:11      -98.302937        0.196008
BFGS:   80 23:19:11      -98.310393        0.196044
BFGS:   81 23:19:11      -98.322297        0.199529
BFGS:   82 23:19:11      -98.345525        0.191289
BFGS:   83 23:19:11      -98.384229        0.196268
BFGS:   84 23:19:11      -98.425300        0.192412
BFGS:   85 23:19:11      -98.453366        0.187436
BFGS:   86 23:19:11      -98.469887        0.179794
BFGS:   87 23:19:11      -98.481819        0.175614
BFGS:   88 23:19:11      -98.513227        0.167080
BFGS:   89 23:19:11      -98.550367        0.159318
BFGS:   90 23:19:11      -98.592377        0.152975
BFGS:   91 23:19:11      -98.637086        0.155411
BFGS:   92 23:19:11      -98.681439        0.161753
BFGS:   93 23:19:12      -98.718804        0.166723
BFGS:   94 23:19:12      -98.731092        0.168752
BFGS:   95 23:19:12      -98.748316        0.168871
BFGS:   96 23:19:12      -98.775615        0.209539
BFGS:   97 23:19:12      -98.827572        0.266736
BFGS:   98 23:19:12      -98.892248        0.296638
BFGS:   99 23:19:12      -98.961403        0.299374
BFGS:  100 23:19:12      -99.036104        0.291124
BFGS:  101 23:19:12      -99.115878        0.272178
BFGS:  102 23:19:12      -99.198228        0.236756
BFGS:  103 23:19:12      -99.278223        0.219190
BFGS:  104 23:19:12      -99.344743        0.219065
BFGS:  105 23:19:12      -99.364208        0.216273
BFGS:  106 23:19:12      -99.373887        0.218147
BFGS:  107 23:19:13      -99.397664        0.217672
BFGS:  108 23:19:13      -99.428775        0.218297
BFGS:  109 23:19:13      -99.467939        0.237585
BFGS:  110 23:19:13      -99.518699        0.255961
BFGS:  111 23:19:13      -99.574097        0.278014
BFGS:  112 23:19:13      -99.637520        0.290043
BFGS:  113 23:19:13      -99.705168        0.301121
BFGS:  114 23:19:13      -99.776579        0.306092
BFGS:  115 23:19:13      -99.852783        0.306892
BFGS:  116 23:19:13      -99.932170        0.300098
BFGS:  117 23:19:13     -100.020077        0.284068
BFGS:  118 23:19:13     -100.117415        0.255123
BFGS:  119 23:19:13     -100.227818        0.213305
BFGS:  120 23:19:13     -100.330834        0.199325
BFGS:  121 23:19:13     -100.442414        0.190034
BFGS:  122 23:19:14     -100.520881        0.188050
BFGS:  123 23:19:14     -100.618293        0.205607
BFGS:  124 23:19:14     -100.668978        0.210650
BFGS:  125 23:19:14     -100.723659        0.224164
BFGS:  126 23:19:14     -100.759459        0.227610
BFGS:  127 23:19:14     -100.793200        0.233887
BFGS:  128 23:19:14     -100.818272        0.233933
BFGS:  129 23:19:14     -100.836889        0.232258
BFGS:  130 23:19:14     -100.853011        0.222990
BFGS:  131 23:19:14     -100.873299        0.214714
BFGS:  132 23:19:14     -100.896420        0.205257
BFGS:  133 23:19:14     -100.916073        0.201955
BFGS:  134 23:19:14     -100.942474        0.197734
BFGS:  135 23:19:14     -100.968301        0.195096
BFGS:  136 23:19:15     -101.003613        0.198930
BFGS:  137 23:19:15     -101.052842        0.197227
BFGS:  138 23:19:15     -101.087005        0.182758
BFGS:  139 23:19:15     -101.120189        0.163505
BFGS:  140 23:19:15     -101.161246        0.139425
BFGS:  141 23:19:15     -101.186509        0.118648
BFGS:  142 23:19:15     -101.201302        0.120389
BFGS:  143 23:19:15     -101.207754        0.116922
BFGS:  144 23:19:15     -101.210309        0.118320
BFGS:  145 23:19:15     -101.212377        0.116483
BFGS:  146 23:19:15     -101.215533        0.115409
BFGS:  147 23:19:15     -101.221157        0.112432
BFGS:  148 23:19:15     -101.234237        0.105472
BFGS:  149 23:19:16     -101.260480        0.107031
BFGS:  150 23:19:20     -101.294148        0.120787
BFGS:  151 23:19:20     -101.327790        0.172453
BFGS:  152 23:19:20     -101.356974        0.221474
BFGS:  153 23:19:20     -101.380977        0.257837
BFGS:  154 23:19:20     -101.400759        0.254199
BFGS:  155 23:19:20     -101.435950        0.218866
BFGS:  156 23:19:20     -101.466399        0.180824
BFGS:  157 23:19:20     -101.493219        0.154743
BFGS:  158 23:19:20     -101.515990        0.144075
BFGS:  159 23:19:20     -101.533429        0.142736
BFGS:  160 23:19:20     -101.544878        0.141076
BFGS:  161 23:19:20     -101.551647        0.129309
BFGS:  162 23:19:20     -101.555687        0.109267
BFGS:  163 23:19:21     -101.562344        0.059530
BFGS:  164 23:19:21     -101.566609        0.047045
BFGS:  165 23:19:23     -101.569188        0.046386
BFGS:  166 23:19:23     -101.570124        0.044635
BFGS:  167 23:19:23     -101.570485        0.043583
BFGS:  168 23:19:23     -101.571061        0.042207
BFGS:  169 23:19:23     -101.572032        0.041064
BFGS:  170 23:19:23     -101.573582        0.040560
BFGS:  171 23:19:23     -101.575201        0.042076
BFGS:  172 23:19:23     -101.576268        0.044218
BFGS:  173 23:19:23     -101.576849        0.046142
BFGS:  174 23:19:23     -101.577421        0.047047
BFGS:  175 23:19:23     -101.578493        0.048478
BFGS:  176 23:19:23     -101.580505        0.073145
BFGS:  177 23:19:24     -101.584057        0.129974
BFGS:  178 23:19:24     -101.589827        0.186250
BFGS:  179 23:19:24     -101.599173        0.222797
BFGS:  180 23:19:24     -101.610032        0.214925
BFGS:  181 23:19:24     -101.622225        0.183611
BFGS:  182 23:19:24     -101.633988        0.152130
BFGS:  183 23:19:24     -101.645119        0.139379
BFGS:  184 23:19:24     -101.654841        0.150505
BFGS:  185 23:19:24     -101.663988        0.175436
BFGS:  186 23:19:24     -101.672491        0.203516
BFGS:  187 23:19:24     -101.681138        0.231338
BFGS:  188 23:19:24     -101.689717        0.255994
BFGS:  189 23:19:27     -101.698667        0.278094
BFGS:  190 23:19:28     -101.707622        0.297261
BFGS:  191 23:19:28     -101.716734        0.315353
BFGS:  192 23:19:28     -101.725917        0.332761
BFGS:  193 23:19:28     -101.735314        0.349952
BFGS:  194 23:19:28     -101.744796        0.366336
BFGS:  195 23:19:28     -101.754360        0.382228
BFGS:  196 23:19:28     -101.763968        0.398496
BFGS:  197 23:19:28     -101.773992        0.417607
BFGS:  198 23:19:28     -101.785620        0.441531
BFGS:  199 23:19:28     -101.797740        0.464069
BFGS:  200 23:19:28     -101.809699        0.482372
BFGS:  201 23:19:28     -101.825703        0.501256
BFGS:  202 23:19:28     -101.842398        0.516110
BFGS:  203 23:19:28     -101.857383        0.537001
BFGS:  204 23:19:29     -101.870199        0.544000
BFGS:  205 23:19:29     -101.883306        0.568182
BFGS:  206 23:19:29     -101.896908        0.580215
BFGS:  207 23:19:29     -101.912234        0.582649
BFGS:  208 23:19:29     -101.925905        0.584726
BFGS:  209 23:19:29     -101.938611        0.586659
BFGS:  210 23:19:29     -101.951444        0.589753
BFGS:  211 23:19:29     -101.964420        0.592757
BFGS:  212 23:19:29     -101.977450        0.596339
BFGS:  213 23:19:29     -101.991130        0.598938
BFGS:  214 23:19:29     -102.005985        0.600029
BFGS:  215 23:19:29     -102.022422        0.599237
BFGS:  216 23:19:29     -102.040808        0.596928
BFGS:  217 23:19:29     -102.061220        0.593532
BFGS:  218 23:19:30     -102.083090        0.590341
BFGS:  219 23:19:30     -102.105699        0.588146
BFGS:  220 23:19:30     -102.128661        0.587449
BFGS:  221 23:19:30     -102.151580        0.586970
BFGS:  222 23:19:30     -102.174395        0.585630
BFGS:  223 23:19:30     -102.196993        0.583286
BFGS:  224 23:19:30     -102.219257        0.580107
BFGS:  225 23:19:30     -102.241057        0.576459
BFGS:  226 23:19:30     -102.262301        0.572455
BFGS:  227 23:19:30     -102.282878        0.567701
BFGS:  228 23:19:30     -102.302649        0.561538
BFGS:  229 23:19:30     -102.321558        0.553665
BFGS:  230 23:19:30     -102.339597        0.544129
BFGS:  231 23:19:31     -102.357089        0.532941
BFGS:  232 23:19:31     -102.374341        0.521473
BFGS:  233 23:19:31     -102.391548        0.509838
BFGS:  234 23:19:31     -102.408165        0.497687
BFGS:  235 23:19:31     -102.424133        0.485613
BFGS:  236 23:19:31     -102.440224        0.471634
BFGS:  237 23:19:31     -102.457141        0.455852
BFGS:  238 23:19:31     -102.475275        0.435470
BFGS:  239 23:19:31     -102.494902        0.414302
BFGS:  240 23:19:31     -102.516465        0.387266
BFGS:  241 23:19:31     -102.541046        0.358771
BFGS:  242 23:19:31     -102.570535        0.317565
BFGS:  243 23:19:31     -102.606796        0.271627
BFGS:  244 23:19:31     -102.658523        0.184017
BFGS:  245 23:19:32     -102.719385        0.158864
BFGS:  246 23:19:32     -102.757240        0.169063
BFGS:  247 23:19:32     -102.787972        0.170266
BFGS:  248 23:19:32     -102.814981        0.168736
BFGS:  249 23:19:32     -102.836154        0.162971
BFGS:  250 23:19:32     -102.854222        0.155591
BFGS:  251 23:19:32     -102.869592        0.146905
BFGS:  252 23:19:32     -102.883417        0.138311
BFGS:  253 23:19:32     -102.895878        0.130378
BFGS:  254 23:19:32     -102.907550        0.122916
BFGS:  255 23:19:32     -102.917835        0.115712
BFGS:  256 23:19:32     -102.926375        0.108659
BFGS:  257 23:19:32     -102.934163        0.104181
BFGS:  258 23:19:32     -102.942425        0.103691
BFGS:  259 23:19:33     -102.951009        0.105119
BFGS:  260 23:19:33     -102.957691        0.107474
BFGS:  261 23:19:33     -102.963946        0.107882
BFGS:  262 23:19:33     -102.970346        0.102996
BFGS:  263 23:19:33     -102.976681        0.093137
BFGS:  264 23:19:33     -102.982516        0.080431
BFGS:  265 23:19:33     -102.987897        0.064922
BFGS:  266 23:19:33     -102.993258        0.052550
BFGS:  267 23:19:33     -102.998888        0.050011
BFGS:  268 23:19:33     -103.007752        0.051683
BFGS:  269 23:19:33     -103.013129        0.056412
BFGS:  270 23:19:33     -103.018040        0.056091
BFGS:  271 23:19:33     -103.021719        0.051429
BFGS:  272 23:19:33     -103.023625        0.051640
BFGS:  273 23:19:34     -103.027076        0.055745
BFGS:  274 23:19:34     -103.030194        0.057152
BFGS:  275 23:19:34     -103.037604        0.055638
BFGS:  276 23:19:34     -103.044886        0.062887
BFGS:  277 23:19:34     -103.050832        0.066454
BFGS:  278 23:19:34     -103.056422        0.065019
BFGS:  279 23:19:34     -103.059888        0.069111
BFGS:  280 23:19:34     -103.063813        0.067877
BFGS:  281 23:19:34     -103.066268        0.057732
BFGS:  282 23:19:34     -103.069925        0.052620
BFGS:  283 23:19:34     -103.074933        0.042561
BFGS:  284 23:19:34     -103.080338        0.047986
BFGS:  285 23:19:34     -103.084350        0.055729
BFGS:  286 23:19:34     -103.086351        0.053193
BFGS:  287 23:19:35     -103.087456        0.048534
BFGS:  288 23:19:35     -103.088469        0.044474
BFGS:  289 23:19:35     -103.089673        0.044145
BFGS:  290 23:19:35     -103.090868        0.046165
BFGS:  291 23:19:35     -103.092050        0.044805
BFGS:  292 23:19:35     -103.093152        0.036873
BFGS:  293 23:19:35     -103.094070        0.024469
BFGS:  294 23:19:35     -103.094678        0.017826
BFGS:  295 23:19:35     -103.095025        0.019443
BFGS:  296 23:19:35     -103.095273        0.020238
BFGS:  297 23:19:35     -103.095531        0.017532
BFGS:  298 23:19:35     -103.095834        0.014861
BFGS:  299 23:19:35     -103.096159        0.014473
BFGS:  300 23:19:35     -103.096451        0.014632
BFGS:  301 23:19:36     -103.096688        0.019334
BFGS:  302 23:19:36     -103.096893        0.020967
BFGS:  303 23:19:36     -103.097122        0.021732
BFGS:  304 23:19:36     -103.097438        0.024293
BFGS:  305 23:19:36     -103.097892        0.029236
BFGS:  306 23:19:36     -103.098406        0.032013
BFGS:  307 23:19:36     -103.098776        0.027948
BFGS:  308 23:19:36     -103.098941        0.020707
BFGS:  309 23:19:36     -103.099032        0.016121
BFGS:  310 23:19:36     -103.099170        0.011939
BFGS:  311 23:19:36     -103.099415        0.010236
BFGS:  312 23:19:36     -103.099763        0.011034
BFGS:  313 23:19:36     -103.100068        0.008723
BFGS:  314 23:19:36     -103.100220        0.009277
BFGS:  315 23:19:37     -103.100286        0.009415
BFGS:  316 23:19:37     -103.100349        0.009090
BFGS:  317 23:19:37     -103.100469        0.009150
BFGS:  318 23:19:37     -103.100672        0.009982
BFGS:  319 23:19:37     -103.100933        0.011747
BFGS:  320 23:19:37     -103.101125        0.010891
BFGS:  321 23:19:37     -103.101203        0.008309
BFGS:  322 23:19:37     -103.101231        0.007393
BFGS:  323 23:19:37     -103.101258        0.007381
BFGS:  324 23:19:37     -103.101307        0.007357
BFGS:  325 23:19:37     -103.101377        0.007341
BFGS:  326 23:19:37     -103.101443        0.007282
BFGS:  327 23:19:37     -103.101478        0.007263
BFGS:  328 23:19:37     -103.101495        0.007203
BFGS:  329 23:19:38     -103.101515        0.007130
BFGS:  330 23:19:38     -103.101558        0.008453
BFGS:  331 23:19:38     -103.101647        0.011694
BFGS:  332 23:19:38     -103.101789        0.012720
BFGS:  333 23:19:38     -103.101923        0.008547
BFGS:  334 23:19:38     -103.101981        0.005814
BFGS:  335 23:19:38     -103.101995        0.005902
BFGS:  336 23:19:38     -103.102004        0.005954
BFGS:  337 23:19:38     -103.102026        0.006025
BFGS:  338 23:19:38     -103.102074        0.006020
BFGS:  339 23:19:38     -103.102169        0.007970
BFGS:  340 23:19:38     -103.102299        0.008614
BFGS:  341 23:19:39     -103.102395        0.006261
BFGS:  342 23:19:39     -103.102426        0.006389
BFGS:  343 23:19:39     -103.102435        0.006245
BFGS:  344 23:19:39     -103.102446        0.005976
BFGS:  345 23:19:39     -103.102473        0.005390
BFGS:  346 23:19:43     -103.102533        0.004334
BFGS:  347 23:19:44     -103.102640        0.005660
BFGS:  348 23:19:44     -103.102763        0.005256
BFGS:  349 23:19:44     -103.102829        0.004400
BFGS:  350 23:19:44     -103.102842        0.004480
BFGS:  351 23:19:44     -103.102844        0.004487
BFGS:  352 23:19:44     -103.102846        0.004483
BFGS:  353 23:19:44     -103.102850        0.004450
BFGS:  354 23:19:44     -103.102859        0.004367
BFGS:  355 23:19:44     -103.102875        0.004521
BFGS:  356 23:19:44     -103.102896        0.007164
BFGS:  357 23:19:44     -103.102918        0.008409
BFGS:  358 23:19:44     -103.102937        0.008169
BFGS:  359 23:19:45     -103.102957        0.006431
BFGS:  360 23:19:45     -103.102978        0.003410
BFGS:  361 23:19:45     -103.102991        0.002785
BFGS:  362 23:19:45     -103.102997        0.002841
BFGS:  363 23:19:45     -103.102999        0.002621
BFGS:  364 23:19:45     -103.103001        0.002581
BFGS:  365 23:19:45     -103.103006        0.002491
BFGS:  366 23:19:45     -103.103013        0.005054
BFGS:  367 23:19:45     -103.103023        0.007338
BFGS:  368 23:19:45     -103.103034        0.008201
BFGS:  369 23:19:45     -103.103049        0.007510
BFGS:  370 23:19:45     -103.103072        0.006463
BFGS:  371 23:19:46     -103.103100        0.004329
BFGS:  372 23:19:50     -103.103120        0.002576
BFGS:  373 23:19:50     -103.103125        0.001893
BFGS:  374 23:19:50     -103.103126        0.001122
BFGS:  375 23:19:50     -103.103126        0.000665
