      Step     Time          Energy          fmax
BFGS:    0 04:46:31      -84.658572        3.243104
BFGS:    1 04:46:31      -86.265264        2.610571
BFGS:    2 04:46:31      -90.837555        2.127961
BFGS:    3 04:46:31      -92.126589        1.878991
BFGS:    4 04:46:31      -92.871921        1.711963
BFGS:    5 04:46:31      -93.928687        1.566639
BFGS:    6 04:46:31      -94.945785        1.478883
BFGS:    7 04:46:31      -95.895611        1.289469
BFGS:    8 04:46:31      -96.733144        1.052805
BFGS:    9 04:46:31      -97.443302        0.944799
BFGS:   10 04:46:31      -98.039568        0.977446
BFGS:   11 04:46:31      -98.557727        1.208613
BFGS:   12 04:46:31      -99.052508        1.214094
BFGS:   13 04:46:31      -99.570014        1.088198
BFGS:   14 04:46:32     -100.147100        1.109060
BFGS:   15 04:46:32     -100.786093        1.080505
BFGS:   16 04:46:32     -101.464142        0.959212
BFGS:   17 04:46:32     -101.979145        0.809920
BFGS:   18 04:46:32     -102.239294        0.985296
BFGS:   19 04:46:32     -102.657560        0.969316
BFGS:   20 04:46:32     -103.045802        0.651157
BFGS:   21 04:46:32     -103.402440        0.659710
BFGS:   22 04:46:32     -103.655676        0.494111
BFGS:   23 04:46:32     -103.792382        0.480618
BFGS:   24 04:46:32     -103.879731        0.512810
BFGS:   25 04:46:32     -104.009325        0.471933
BFGS:   26 04:46:32     -104.249453        0.449681
BFGS:   27 04:46:32     -104.495876        0.524956
BFGS:   28 04:46:33     -104.734264        0.495168
BFGS:   29 04:46:33     -104.938510        0.477304
BFGS:   30 04:46:33     -105.092366        0.550358
BFGS:   31 04:46:33     -105.196140        0.581326
BFGS:   32 04:46:33     -105.262354        0.544580
BFGS:   33 04:46:33     -105.328968        0.453094
BFGS:   34 04:46:33     -105.476924        0.326825
BFGS:   35 04:46:33     -105.648681        0.369059
BFGS:   36 04:46:33     -105.800865        0.385169
BFGS:   37 04:46:33     -105.872223        0.430011
BFGS:   38 04:46:33     -105.921693        0.361472
BFGS:   39 04:46:33     -105.997140        0.308481
BFGS:   40 04:46:33     -106.127672        0.363349
BFGS:   41 04:46:33     -106.246167        0.369232
BFGS:   42 04:46:34     -106.360804        0.353561
BFGS:   43 04:46:34     -106.469268        0.328164
BFGS:   44 04:46:34     -106.568841        0.299491
BFGS:   45 04:46:34     -106.658034        0.279315
BFGS:   46 04:46:34     -106.736733        0.263461
BFGS:   47 04:46:34     -106.805940        0.248488
BFGS:   48 04:46:34     -106.867298        0.236048
BFGS:   49 04:46:34     -106.922592        0.245664
BFGS:   50 04:46:34     -106.973319        0.257697
BFGS:   51 04:46:34     -107.020381        0.278366
BFGS:   52 04:46:34     -107.065007        0.297036
BFGS:   53 04:46:34     -107.109011        0.312409
BFGS:   54 04:46:34     -107.154616        0.323083
BFGS:   55 04:46:34     -107.205540        0.327023
BFGS:   56 04:46:34     -107.266873        0.322108
BFGS:   57 04:46:35     -107.341593        0.337148
BFGS:   58 04:46:35     -107.431625        0.357430
BFGS:   59 04:46:35     -107.545141        0.321994
BFGS:   60 04:46:35     -107.612305        0.221793
BFGS:   61 04:46:35     -107.664933        0.207813
BFGS:   62 04:46:35     -107.683849        0.205508
BFGS:   63 04:46:35     -107.699216        0.184670
BFGS:   64 04:46:35     -107.736043        0.207672
BFGS:   65 04:46:35     -107.786823        0.257562
BFGS:   66 04:46:35     -107.843339        0.313187
BFGS:   67 04:46:35     -107.893147        0.349300
BFGS:   68 04:46:35     -107.942006        0.372544
BFGS:   69 04:46:35     -107.989667        0.384458
BFGS:   70 04:46:35     -108.035526        0.389706
BFGS:   71 04:46:36     -108.080561        0.449910
BFGS:   72 04:46:36     -108.128807        0.507437
BFGS:   73 04:46:36     -108.185489        0.567302
BFGS:   74 04:46:36     -108.252925        0.630722
BFGS:   75 04:46:36     -108.333385        0.689349
BFGS:   76 04:46:36     -108.431475        0.725352
BFGS:   77 04:46:36     -108.549863        0.685779
BFGS:   78 04:46:36     -108.683746        0.675428
BFGS:   79 04:46:36     -108.780983        0.555698
BFGS:   80 04:46:36     -108.865227        0.499266
BFGS:   81 04:46:36     -108.946333        0.443917
BFGS:   82 04:46:36     -109.028803        0.387612
BFGS:   83 04:46:36     -109.112566        0.286627
BFGS:   84 04:46:36     -109.174557        0.272576
BFGS:   85 04:46:37     -109.259147        0.232008
BFGS:   86 04:46:37     -109.368331        0.283134
BFGS:   87 04:46:37     -109.438890        0.322734
BFGS:   88 04:46:37     -109.485884        0.323949
BFGS:   89 04:46:37     -109.508267        0.297182
BFGS:   90 04:46:37     -109.563037        0.287068
BFGS:   91 04:46:37     -109.641298        0.254142
BFGS:   92 04:46:37     -109.764514        0.356983
BFGS:   93 04:46:37     -109.889077        0.564710
BFGS:   94 04:46:37     -110.003609        0.679159
BFGS:   95 04:46:37     -110.094166        0.692234
BFGS:   96 04:46:37     -110.157891        0.690367
BFGS:   97 04:46:37     -110.234942        0.673223
BFGS:   98 04:46:37     -110.327239        0.652774
BFGS:   99 04:46:37     -110.447963        0.621345
BFGS:  100 04:46:38     -110.598769        0.584682
BFGS:  101 04:46:38     -110.787145        0.494392
BFGS:  102 04:46:38     -110.937614        0.413373
BFGS:  103 04:46:38     -111.003618        0.364074
BFGS:  104 04:46:38     -111.077165        0.298456
BFGS:  105 04:46:38     -111.129430        0.251347
BFGS:  106 04:46:38     -111.154928        0.252147
BFGS:  107 04:46:38     -111.221202        0.224530
BFGS:  108 04:46:38     -111.273927        0.223398
BFGS:  109 04:46:38     -111.317048        0.235452
BFGS:  110 04:46:38     -111.349260        0.240647
BFGS:  111 04:46:38     -111.362464        0.220193
BFGS:  112 04:46:38     -111.378510        0.193134
BFGS:  113 04:46:38     -111.404082        0.146733
BFGS:  114 04:46:39     -111.441045        0.171190
BFGS:  115 04:46:39     -111.476460        0.237325
BFGS:  116 04:46:39     -111.497821        0.292023
BFGS:  117 04:46:39     -111.512647        0.269864
BFGS:  118 04:46:39     -111.533256        0.222065
BFGS:  119 04:46:39     -111.567496        0.154886
BFGS:  120 04:46:39     -111.608260        0.151021
BFGS:  121 04:46:39     -111.636663        0.185814
BFGS:  122 04:46:39     -111.649349        0.192508
BFGS:  123 04:46:39     -111.661035        0.176310
BFGS:  124 04:46:39     -111.684220        0.182470
BFGS:  125 04:46:39     -111.716075        0.205272
BFGS:  126 04:46:39     -111.743069        0.150556
BFGS:  127 04:46:39     -111.756809        0.145032
BFGS:  128 04:46:39     -111.766061        0.144971
BFGS:  129 04:46:40     -111.777422        0.173487
BFGS:  130 04:46:40     -111.800756        0.224533
BFGS:  131 04:46:40     -111.839319        0.259961
BFGS:  132 04:46:40     -111.878588        0.259928
BFGS:  133 04:46:40     -111.920394        0.231554
BFGS:  134 04:46:40     -111.963320        0.216996
BFGS:  135 04:46:40     -112.004939        0.282877
BFGS:  136 04:46:40     -112.030917        0.295737
BFGS:  137 04:46:40     -112.058122        0.261701
BFGS:  138 04:46:40     -112.091354        0.186733
BFGS:  139 04:46:40     -112.132004        0.191504
BFGS:  140 04:46:40     -112.167159        0.169548
BFGS:  141 04:46:40     -112.189676        0.172642
BFGS:  142 04:46:40     -112.205821        0.169818
BFGS:  143 04:46:41     -112.217660        0.194780
BFGS:  144 04:46:41     -112.230912        0.214568
BFGS:  145 04:46:41     -112.270202        0.231659
BFGS:  146 04:46:41     -112.304476        0.187736
BFGS:  147 04:46:41     -112.347073        0.139914
BFGS:  148 04:46:41     -112.371818        0.136259
BFGS:  149 04:46:41     -112.382089        0.132329
BFGS:  150 04:46:41     -112.389515        0.143810
BFGS:  151 04:46:41     -112.404429        0.144805
BFGS:  152 04:46:41     -112.429255        0.131211
BFGS:  153 04:46:41     -112.469511        0.146045
BFGS:  154 04:46:41     -112.506317        0.271226
BFGS:  155 04:46:41     -112.523816        0.321363
BFGS:  156 04:46:41     -112.535047        0.303386
BFGS:  157 04:46:42     -112.552026        0.229104
BFGS:  158 04:46:42     -112.574300        0.113803
BFGS:  159 04:46:42     -112.600796        0.114221
BFGS:  160 04:46:42     -112.615610        0.164268
BFGS:  161 04:46:42     -112.623691        0.181577
BFGS:  162 04:46:42     -112.633255        0.157872
BFGS:  163 04:46:42     -112.655914        0.148104
BFGS:  164 04:46:42     -112.691179        0.178270
BFGS:  165 04:46:42     -112.734633        0.155128
BFGS:  166 04:46:42     -112.772725        0.124485
BFGS:  167 04:46:42     -112.786733        0.117279
BFGS:  168 04:46:42     -112.795111        0.111507
BFGS:  169 04:46:42     -112.801439        0.100674
BFGS:  170 04:46:42     -112.811219        0.113665
BFGS:  171 04:46:43     -112.824510        0.124410
BFGS:  172 04:46:43     -112.837668        0.123958
BFGS:  173 04:46:43     -112.851681        0.106423
BFGS:  174 04:46:43     -112.870161        0.125100
BFGS:  175 04:46:43     -112.880228        0.128915
BFGS:  176 04:46:43     -112.884765        0.114588
BFGS:  177 04:46:43     -112.892968        0.093700
BFGS:  178 04:46:43     -112.899033        0.076333
BFGS:  179 04:46:43     -112.909438        0.070220
BFGS:  180 04:46:43     -112.924549        0.075306
BFGS:  181 04:46:43     -112.933976        0.075672
BFGS:  182 04:46:43     -112.939600        0.069919
BFGS:  183 04:46:43     -112.943605        0.073122
BFGS:  184 04:46:43     -112.947539        0.089644
BFGS:  185 04:46:43     -112.953600        0.100447
BFGS:  186 04:46:44     -112.961829        0.095110
BFGS:  187 04:46:44     -112.969763        0.073430
BFGS:  188 04:46:44     -112.975199        0.081895
BFGS:  189 04:46:44     -112.978842        0.078263
BFGS:  190 04:46:44     -112.982231        0.054884
BFGS:  191 04:46:44     -112.985908        0.045807
BFGS:  192 04:46:44     -112.989266        0.043146
BFGS:  193 04:46:44     -112.992024        0.044056
BFGS:  194 04:46:44     -112.993817        0.036231
BFGS:  195 04:46:44     -112.994859        0.034184
BFGS:  196 04:46:44     -112.995982        0.035630
BFGS:  197 04:46:44     -112.997755        0.045056
BFGS:  198 04:46:44     -113.000675        0.052594
BFGS:  199 04:46:44     -113.004122        0.049394
BFGS:  200 04:46:45     -113.006405        0.033824
BFGS:  201 04:46:45     -113.007284        0.025461
BFGS:  202 04:46:45     -113.007603        0.022148
BFGS:  203 04:46:45     -113.007941        0.024737
BFGS:  204 04:46:45     -113.008640        0.027026
BFGS:  205 04:46:45     -113.009685        0.026122
BFGS:  206 04:46:45     -113.010773        0.023107
BFGS:  207 04:46:45     -113.011350        0.017374
BFGS:  208 04:46:45     -113.011532        0.016751
BFGS:  209 04:46:45     -113.011629        0.015710
BFGS:  210 04:46:45     -113.011770        0.013959
BFGS:  211 04:46:45     -113.012025        0.015956
BFGS:  212 04:46:45     -113.012449        0.017326
BFGS:  213 04:46:45     -113.012927        0.014447
BFGS:  214 04:46:46     -113.013205        0.008886
BFGS:  215 04:46:46     -113.013286        0.009049
BFGS:  216 04:46:46     -113.013314        0.009121
BFGS:  217 04:46:46     -113.013356        0.009118
BFGS:  218 04:46:46     -113.013450        0.009027
BFGS:  219 04:46:46     -113.013630        0.009682
BFGS:  220 04:46:46     -113.013887        0.010000
BFGS:  221 04:46:46     -113.014093        0.009274
BFGS:  222 04:46:46     -113.014169        0.008146
BFGS:  223 04:46:46     -113.014189        0.008207
BFGS:  224 04:46:46     -113.014208        0.008257
BFGS:  225 04:46:46     -113.014256        0.008284
BFGS:  226 04:46:46     -113.014352        0.008160
BFGS:  227 04:46:46     -113.014514        0.007679
BFGS:  228 04:46:47     -113.014673        0.007584
BFGS:  229 04:46:47     -113.014749        0.007521
BFGS:  230 04:46:47     -113.014772        0.006825
BFGS:  231 04:46:47     -113.014789        0.006241
BFGS:  232 04:46:47     -113.014828        0.006062
BFGS:  233 04:46:47     -113.014911        0.006660
BFGS:  234 04:46:47     -113.015056        0.007333
BFGS:  235 04:46:47     -113.015215        0.006915
BFGS:  236 04:46:47     -113.015300        0.005908
BFGS:  237 04:46:47     -113.015323        0.006212
BFGS:  238 04:46:47     -113.015335        0.005997
BFGS:  239 04:46:47     -113.015359        0.005361
BFGS:  240 04:46:47     -113.015410        0.005577
BFGS:  241 04:46:47     -113.015499        0.008520
BFGS:  242 04:46:47     -113.015600        0.011741
BFGS:  243 04:46:48     -113.015662        0.011121
BFGS:  244 04:46:48     -113.015687        0.008457
BFGS:  245 04:46:48     -113.015704        0.006061
BFGS:  246 04:46:48     -113.015727        0.004314
BFGS:  247 04:46:48     -113.015749        0.003990
BFGS:  248 04:46:48     -113.015764        0.005312
BFGS:  249 04:46:48     -113.015773        0.005655
BFGS:  250 04:46:48     -113.015785        0.006083
BFGS:  251 04:46:48     -113.015810        0.006075
BFGS:  252 04:46:48     -113.015853        0.005176
BFGS:  253 04:46:48     -113.015903        0.004251
BFGS:  254 04:46:48     -113.015931        0.004141
BFGS:  255 04:46:48     -113.015938        0.003349
BFGS:  256 04:46:48     -113.015941        0.003080
BFGS:  257 04:46:49     -113.015946        0.002557
BFGS:  258 04:46:49     -113.015955        0.002340
BFGS:  259 04:46:49     -113.015968        0.004456
BFGS:  260 04:46:49     -113.015978        0.005782
BFGS:  261 04:46:49     -113.015985        0.005545
BFGS:  262 04:46:49     -113.015990        0.004321
BFGS:  263 04:46:49     -113.015997        0.002653
BFGS:  264 04:46:49     -113.016004        0.002179
BFGS:  265 04:46:49     -113.016007        0.001852
BFGS:  266 04:46:49     -113.016009        0.001765
BFGS:  267 04:46:49     -113.016010        0.001868
BFGS:  268 04:46:49     -113.016013        0.002076
BFGS:  269 04:46:49     -113.016017        0.001975
BFGS:  270 04:46:49     -113.016024        0.002380
BFGS:  271 04:46:50     -113.016029        0.002855
BFGS:  272 04:46:50     -113.016031        0.002627
BFGS:  273 04:46:50     -113.016032        0.002117
BFGS:  274 04:46:50     -113.016034        0.001441
BFGS:  275 04:46:50     -113.016036        0.001236
BFGS:  276 04:46:50     -113.016038        0.001748
BFGS:  277 04:46:50     -113.016040        0.001987
BFGS:  278 04:46:50     -113.016041        0.001736
BFGS:  279 04:46:50     -113.016042        0.001445
BFGS:  280 04:46:50     -113.016044        0.001660
BFGS:  281 04:46:50     -113.016047        0.001548
BFGS:  282 04:46:50     -113.016050        0.001423
BFGS:  283 04:46:50     -113.016051        0.001538
BFGS:  284 04:46:50     -113.016052        0.001407
BFGS:  285 04:46:50     -113.016052        0.001119
BFGS:  286 04:46:51     -113.016053        0.000859
