      Step     Time          Energy          fmax
BFGS:    0 01:58:21      116.601201       78.224071
BFGS:    1 01:58:21      -27.916320       21.345838
BFGS:    2 01:58:22      -96.686458       14.668043
BFGS:    3 01:58:23     -131.082854        7.867544
BFGS:    4 01:58:23     -151.962545        3.347101
BFGS:    5 01:58:23     -160.544552        2.052542
BFGS:    6 01:58:23     -164.312328        1.737625
BFGS:    7 01:58:23     -166.732821        1.549340
BFGS:    8 01:58:23     -169.518060        1.693442
BFGS:    9 01:58:23     -172.205162        1.769565
BFGS:   10 01:58:24     -174.879402        1.702578
BFGS:   11 01:58:24     -177.629389        1.550033
BFGS:   12 01:58:24     -180.501286        1.199349
BFGS:   13 01:58:24     -182.897006        0.948241
BFGS:   14 01:58:24     -183.693155        0.865769
BFGS:   15 01:58:24     -184.377657        0.853955
BFGS:   16 01:58:25     -185.278238        0.772510
BFGS:   17 01:58:25     -186.252143        0.925084
BFGS:   18 01:58:25     -187.180045        0.994312
BFGS:   19 01:58:25     -187.818376        0.876354
BFGS:   20 01:58:25     -188.310557        0.725760
BFGS:   21 01:58:25     -189.015538        0.716614
BFGS:   22 01:58:26     -189.838780        0.721677
BFGS:   23 01:58:26     -190.367904        0.735184
BFGS:   24 01:58:26     -190.662070        0.747805
BFGS:   25 01:58:26     -190.955483        0.760399
BFGS:   26 01:58:26     -191.384331        0.768499
BFGS:   27 01:58:26     -191.945378        0.758725
BFGS:   28 01:58:26     -192.401405        0.738046
BFGS:   29 01:58:27     -192.792834        0.706591
BFGS:   30 01:58:27     -193.105229        0.669439
BFGS:   31 01:58:28     -193.345603        0.626531
BFGS:   32 01:58:28     -193.528228        0.579497
BFGS:   33 01:58:28     -193.706496        0.534949
BFGS:   34 01:58:28     -193.932344        0.497168
BFGS:   35 01:58:28     -194.211060        0.463049
BFGS:   36 01:58:29     -194.534828        0.429379
BFGS:   37 01:58:29     -194.894235        0.480520
BFGS:   38 01:58:29     -195.237466        0.510868
BFGS:   39 01:58:29     -195.519942        0.518473
BFGS:   40 01:58:31     -195.721984        0.501655
BFGS:   41 01:58:31     -195.867154        0.467342
BFGS:   42 01:58:31     -196.078693        0.417147
BFGS:   43 01:58:35     -196.318653        0.425182
BFGS:   44 01:58:36     -196.620716        0.428554
BFGS:   45 01:58:36     -197.045771        0.428366
BFGS:   46 01:58:36     -197.468509        0.449796
BFGS:   47 01:58:36     -197.699154        0.441484
BFGS:   48 01:58:37     -197.827523        0.385560
BFGS:   49 01:58:38     -197.972715        0.372537
BFGS:   50 01:58:38     -198.123852        0.347076
BFGS:   51 01:58:38     -198.272305        0.300511
BFGS:   52 01:58:38     -198.415464        0.338871
BFGS:   53 01:58:38     -198.551041        0.369893
BFGS:   54 01:58:38     -198.676297        0.372090
BFGS:   55 01:58:38     -198.792568        0.337752
BFGS:   56 01:58:39     -198.910715        0.351148
BFGS:   57 01:58:39     -199.045365        0.322408
BFGS:   58 01:58:39     -199.235070        0.305042
BFGS:   59 01:58:39     -199.485425        0.457007
BFGS:   60 01:58:39     -199.676421        0.517718
BFGS:   61 01:58:39     -199.820983        0.491955
BFGS:   62 01:58:40     -199.940471        0.434069
BFGS:   63 01:58:40     -200.050887        0.355941
BFGS:   64 01:58:40     -200.168680        0.344745
BFGS:   65 01:58:40     -200.319606        0.336426
BFGS:   66 01:58:40     -200.536593        0.282105
BFGS:   67 01:58:41     -200.735824        0.302442
BFGS:   68 01:58:42     -200.942602        0.283379
BFGS:   69 01:58:42     -201.068292        0.287901
BFGS:   70 01:58:42     -201.154522        0.238930
BFGS:   71 01:58:42     -201.201220        0.227508
BFGS:   72 01:58:42     -201.278327        0.228425
BFGS:   73 01:58:42     -201.368093        0.230581
BFGS:   74 01:58:42     -201.435295        0.236939
BFGS:   75 01:58:43     -201.470389        0.235358
BFGS:   76 01:58:43     -201.487579        0.236228
BFGS:   77 01:58:43     -201.517184        0.236998
BFGS:   78 01:58:43     -201.578467        0.241901
BFGS:   79 01:58:43     -201.697555        0.253443
BFGS:   80 01:58:43     -201.794915        0.255756
BFGS:   81 01:58:43     -201.888302        0.251015
BFGS:   82 01:58:44     -201.976927        0.245768
BFGS:   83 01:58:44     -202.055866        0.238500
BFGS:   84 01:58:45     -202.111332        0.233881
BFGS:   85 01:58:46     -202.159173        0.248305
BFGS:   86 01:58:46     -202.207767        0.253301
BFGS:   87 01:58:46     -202.285603        0.258812
BFGS:   88 01:58:46     -202.358720        0.259728
BFGS:   89 01:58:46     -202.446750        0.276284
BFGS:   90 01:58:46     -202.499625        0.236701
BFGS:   91 01:58:46     -202.556288        0.177820
BFGS:   92 01:58:48     -202.585822        0.154750
BFGS:   93 01:58:48     -202.607456        0.135752
BFGS:   94 01:58:48     -202.627207        0.134195
BFGS:   95 01:58:49     -202.658677        0.137497
BFGS:   96 01:58:49     -202.707818        0.126151
BFGS:   97 01:58:49     -202.752769        0.106991
BFGS:   98 01:58:49     -202.777652        0.101116
BFGS:   99 01:58:49     -202.794861        0.101584
BFGS:  100 01:58:49     -202.804890        0.091681
BFGS:  101 01:58:49     -202.810779        0.093217
BFGS:  102 01:58:49     -202.821751        0.093637
BFGS:  103 01:58:50     -202.841192        0.092839
BFGS:  104 01:58:50     -202.867296        0.089376
BFGS:  105 01:58:50     -202.888717        0.085509
BFGS:  106 01:58:50     -202.899149        0.083562
BFGS:  107 01:58:50     -202.903495        0.083284
BFGS:  108 01:58:53     -202.906452        0.083228
BFGS:  109 01:58:54     -202.910913        0.082886
BFGS:  110 01:58:54     -202.917602        0.081806
BFGS:  111 01:58:54     -202.927382        0.079780
BFGS:  112 01:58:55     -202.940179        0.077059
BFGS:  113 01:58:55     -202.955202        0.074199
BFGS:  114 01:58:56     -202.971466        0.072273
BFGS:  115 01:58:56     -202.981521        0.072848
BFGS:  116 01:58:56     -202.986542        0.074630
BFGS:  117 01:58:56     -202.991977        0.077008
BFGS:  118 01:58:56     -202.999445        0.079350
BFGS:  119 01:58:56     -203.016409        0.083123
BFGS:  120 01:58:57     -203.042970        0.085846
BFGS:  121 01:58:58     -203.064312        0.081836
BFGS:  122 01:58:58     -203.082637        0.071686
BFGS:  123 01:58:58     -203.090513        0.065671
BFGS:  124 01:58:58     -203.092122        0.065563
BFGS:  125 01:58:58     -203.095223        0.065506
BFGS:  126 01:58:59     -203.101435        0.066513
BFGS:  127 01:59:00     -203.115200        0.084121
BFGS:  128 01:59:00     -203.136679        0.083991
BFGS:  129 01:59:06     -203.153009        0.073431
BFGS:  130 01:59:06     -203.164597        0.074954
BFGS:  131 01:59:06     -203.170763        0.068608
BFGS:  132 01:59:06     -203.173768        0.067106
BFGS:  133 01:59:06     -203.181715        0.061406
BFGS:  134 01:59:07     -203.191866        0.059943
BFGS:  135 01:59:07     -203.206465        0.044424
BFGS:  136 01:59:07     -203.213991        0.036860
BFGS:  137 01:59:07     -203.215789        0.036154
BFGS:  138 01:59:07     -203.216342        0.036512
BFGS:  139 01:59:07     -203.217084        0.036851
BFGS:  140 01:59:07     -203.218490        0.036982
BFGS:  141 01:59:08     -203.220272        0.036615
BFGS:  142 01:59:10     -203.221548        0.036034
BFGS:  143 01:59:10     -203.221988        0.035658
BFGS:  144 01:59:10     -203.222117        0.035501
BFGS:  145 01:59:10     -203.222273        0.035360
BFGS:  146 01:59:10     -203.222670        0.035036
BFGS:  147 01:59:11     -203.223547        0.034348
BFGS:  148 01:59:11     -203.225314        0.032947
BFGS:  149 01:59:11     -203.227894        0.030926
BFGS:  150 01:59:11     -203.230201        0.035005
BFGS:  151 01:59:11     -203.231504        0.035532
BFGS:  152 01:59:11     -203.232485        0.032930
BFGS:  153 01:59:11     -203.234227        0.028340
BFGS:  154 01:59:11     -203.238250        0.030527
BFGS:  155 01:59:12     -203.246305        0.037249
BFGS:  156 01:59:12     -203.254948        0.044364
BFGS:  157 01:59:12     -203.264410        0.051202
BFGS:  158 01:59:12     -203.272149        0.057812
BFGS:  159 01:59:17     -203.281168        0.052226
BFGS:  160 01:59:17     -203.289206        0.044839
BFGS:  161 01:59:18     -203.291245        0.043287
BFGS:  162 01:59:18     -203.293354        0.041903
BFGS:  163 01:59:18     -203.296150        0.041438
BFGS:  164 01:59:18     -203.301563        0.041660
BFGS:  165 01:59:18     -203.308504        0.042962
BFGS:  166 01:59:18     -203.315519        0.044777
BFGS:  167 01:59:18     -203.320893        0.047127
BFGS:  168 01:59:18     -203.324829        0.050198
BFGS:  169 01:59:19     -203.327790        0.053427
BFGS:  170 01:59:19     -203.330335        0.056461
BFGS:  171 01:59:19     -203.331386        0.057360
BFGS:  172 01:59:19     -203.333164        0.057140
BFGS:  173 01:59:19     -203.335380        0.056797
BFGS:  174 01:59:19     -203.340415        0.053765
BFGS:  175 01:59:19     -203.348860        0.049770
BFGS:  176 01:59:20     -203.359979        0.044252
BFGS:  177 01:59:20     -203.366905        0.045181
BFGS:  178 01:59:23     -203.370093        0.045761
BFGS:  179 01:59:23     -203.371770        0.041472
BFGS:  180 01:59:23     -203.375112        0.039945
BFGS:  181 01:59:24     -203.384353        0.043074
BFGS:  182 01:59:24     -203.397141        0.043518
BFGS:  183 01:59:24     -203.410937        0.040467
BFGS:  184 01:59:24     -203.422486        0.034362
BFGS:  185 01:59:24     -203.429833        0.025419
BFGS:  186 01:59:24     -203.431286        0.024601
BFGS:  187 01:59:24     -203.431785        0.024999
BFGS:  188 01:59:25     -203.433028        0.025110
BFGS:  189 01:59:25     -203.435043        0.024233
BFGS:  190 01:59:25     -203.439536        0.021484
BFGS:  191 01:59:25     -203.445889        0.027062
BFGS:  192 01:59:25     -203.451374        0.031730
BFGS:  193 01:59:25     -203.453338        0.034860
BFGS:  194 01:59:25     -203.453681        0.035326
BFGS:  195 01:59:25     -203.453822        0.035315
BFGS:  196 01:59:26     -203.454115        0.035309
BFGS:  197 01:59:26     -203.454679        0.035487
BFGS:  198 01:59:26     -203.455672        0.036099
BFGS:  199 01:59:26     -203.456826        0.037172
BFGS:  200 01:59:26     -203.457603        0.038140
BFGS:  201 01:59:29     -203.457951        0.038452
BFGS:  202 01:59:29     -203.458187        0.038386
BFGS:  203 01:59:29     -203.458584        0.038071
BFGS:  204 01:59:29     -203.459379        0.037363
BFGS:  205 01:59:30     -203.460832        0.052260
BFGS:  206 01:59:30     -203.463018        0.096830
BFGS:  207 01:59:30     -203.465620        0.133792
BFGS:  208 01:59:30     -203.468306        0.147490
BFGS:  209 01:59:30     -203.471313        0.135803
BFGS:  210 01:59:30     -203.475524        0.098327
BFGS:  211 01:59:30     -203.480691        0.041420
BFGS:  212 01:59:30     -203.484627        0.043613
BFGS:  213 01:59:31     -203.487005        0.049042
BFGS:  214 01:59:31     -203.488433        0.046825
BFGS:  215 01:59:31     -203.490585        0.047021
BFGS:  216 01:59:34     -203.493864        0.046775
BFGS:  217 01:59:34     -203.497718        0.052463
BFGS:  218 01:59:34     -203.502339        0.063122
BFGS:  219 01:59:34     -203.507265        0.074463
BFGS:  220 01:59:34     -203.512393        0.084138
BFGS:  221 01:59:35     -203.517412        0.091340
BFGS:  222 01:59:35     -203.522340        0.100507
BFGS:  223 01:59:35     -203.527220        0.110626
BFGS:  224 01:59:35     -203.532267        0.119030
BFGS:  225 01:59:35     -203.537464        0.125087
BFGS:  226 01:59:35     -203.542609        0.127745
BFGS:  227 01:59:35     -203.547311        0.125860
BFGS:  228 01:59:35     -203.551394        0.118649
BFGS:  229 01:59:36     -203.554578        0.105676
BFGS:  230 01:59:36     -203.557063        0.085695
BFGS:  231 01:59:36     -203.558664        0.061337
BFGS:  232 01:59:36     -203.560105        0.046900
BFGS:  233 01:59:36     -203.560909        0.049371
BFGS:  234 01:59:36     -203.561983        0.052676
BFGS:  235 01:59:36     -203.563066        0.055847
BFGS:  236 01:59:36     -203.565010        0.066613
BFGS:  237 01:59:37     -203.567886        0.079680
BFGS:  238 01:59:37     -203.570948        0.086845
BFGS:  239 01:59:37     -203.573730        0.094716
BFGS:  240 01:59:37     -203.576241        0.100249
BFGS:  241 01:59:37     -203.579413        0.095413
BFGS:  242 01:59:37     -203.584790        0.077343
BFGS:  243 01:59:37     -203.591332        0.082054
BFGS:  244 01:59:37     -203.595431        0.086680
BFGS:  245 01:59:38     -203.599011        0.091200
BFGS:  246 01:59:38     -203.606214        0.097840
BFGS:  247 01:59:38     -203.619482        0.102295
BFGS:  248 01:59:38     -203.636198        0.101483
BFGS:  249 01:59:38     -203.660164        0.092478
BFGS:  250 01:59:38     -203.673810        0.081530
BFGS:  251 01:59:38     -203.679865        0.072239
BFGS:  252 01:59:38     -203.680968        0.069619
BFGS:  253 01:59:39     -203.681744        0.069535
BFGS:  254 01:59:39     -203.682298        0.070428
BFGS:  255 01:59:39     -203.683333        0.070403
BFGS:  256 01:59:39     -203.685873        0.070494
BFGS:  257 01:59:39     -203.688777        0.094483
BFGS:  258 01:59:39     -203.691857        0.127229
BFGS:  259 01:59:39     -203.695773        0.143253
BFGS:  260 01:59:39     -203.701886        0.145154
BFGS:  261 01:59:39     -203.711491        0.135848
BFGS:  262 01:59:40     -203.724508        0.178729
BFGS:  263 01:59:40     -203.738027        0.203293
BFGS:  264 01:59:40     -203.750900        0.216582
BFGS:  265 01:59:40     -203.761632        0.222255
BFGS:  266 01:59:40     -203.771203        0.225507
BFGS:  267 01:59:40     -203.780486        0.226379
BFGS:  268 01:59:40     -203.790443        0.225589
BFGS:  269 01:59:41     -203.800962        0.225296
BFGS:  270 01:59:41     -203.813630        0.214082
BFGS:  271 01:59:41     -203.828689        0.204079
BFGS:  272 01:59:41     -203.842975        0.207117
BFGS:  273 01:59:41     -203.857672        0.200299
BFGS:  274 01:59:41     -203.872043        0.185032
BFGS:  275 01:59:41     -203.886732        0.158535
BFGS:  276 01:59:41     -203.900524        0.124172
BFGS:  277 01:59:42     -203.913305        0.107272
BFGS:  278 01:59:42     -203.922885        0.090025
BFGS:  279 01:59:42     -203.926830        0.080854
BFGS:  280 01:59:42     -203.929021        0.072024
BFGS:  281 01:59:42     -203.931669        0.045884
BFGS:  282 01:59:42     -203.933312        0.029308
BFGS:  283 01:59:42     -203.934663        0.029952
BFGS:  284 01:59:42     -203.935521        0.034034
BFGS:  285 01:59:43     -203.936009        0.027854
BFGS:  286 01:59:43     -203.936354        0.025993
BFGS:  287 01:59:43     -203.936788        0.026144
BFGS:  288 01:59:43     -203.937271        0.025591
BFGS:  289 01:59:43     -203.937675        0.027776
BFGS:  290 01:59:46     -203.937938        0.026783
BFGS:  291 01:59:46     -203.938117        0.024229
BFGS:  292 01:59:46     -203.938296        0.024230
BFGS:  293 01:59:46     -203.938519        0.024617
BFGS:  294 01:59:46     -203.938799        0.024926
BFGS:  295 01:59:46     -203.939139        0.025227
BFGS:  296 01:59:46     -203.939492        0.030111
BFGS:  297 01:59:47     -203.939798        0.030759
BFGS:  298 01:59:47     -203.940073        0.026178
BFGS:  299 01:59:47     -203.940430        0.023525
BFGS:  300 01:59:47     -203.940974        0.022878
BFGS:  301 01:59:47     -203.941668        0.028649
BFGS:  302 01:59:47     -203.942318        0.044136
BFGS:  303 01:59:47     -203.942853        0.048445
BFGS:  304 01:59:55     -203.943420        0.042692
BFGS:  305 01:59:55     -203.944287        0.028584
BFGS:  306 02:00:03     -203.945572        0.039392
BFGS:  307 02:00:03     -203.946953        0.043801
BFGS:  308 02:00:03     -203.947979        0.042405
BFGS:  309 02:00:04     -203.948726        0.042239
BFGS:  310 02:00:04     -203.949481        0.034318
BFGS:  311 02:00:04     -203.950601        0.025453
BFGS:  312 02:00:04     -203.952122        0.037580
BFGS:  313 02:00:04     -203.953603        0.044906
BFGS:  314 02:00:04     -203.954689        0.043686
BFGS:  315 02:00:04     -203.955447        0.039281
BFGS:  316 02:00:04     -203.956137        0.030590
BFGS:  317 02:00:05     -203.957029        0.024247
BFGS:  318 02:00:05     -203.958056        0.025373
BFGS:  319 02:00:05     -203.958904        0.036418
BFGS:  320 02:00:05     -203.959477        0.040411
BFGS:  321 02:00:05     -203.959924        0.038002
BFGS:  322 02:00:05     -203.960388        0.030798
BFGS:  323 02:00:05     -203.960968        0.022882
BFGS:  324 02:00:06     -203.961636        0.022389
BFGS:  325 02:00:06     -203.962212        0.023557
BFGS:  326 02:00:06     -203.962662        0.029065
BFGS:  327 02:00:06     -203.963065        0.031890
BFGS:  328 02:00:06     -203.963542        0.031260
BFGS:  329 02:00:06     -203.964713        0.027978
BFGS:  330 02:00:06     -203.968726        0.029142
BFGS:  331 02:00:06     -203.975884        0.028191
BFGS:  332 02:00:07     -203.984257        0.027705
BFGS:  333 02:00:07     -204.000841        0.042348
BFGS:  334 02:00:07     -204.018644        0.065547
BFGS:  335 02:00:07     -204.028287        0.067329
BFGS:  336 02:00:07     -204.040413        0.058640
BFGS:  337 02:00:07     -204.046837        0.054984
BFGS:  338 02:00:07     -204.051280        0.056910
BFGS:  339 02:00:07     -204.041087        0.052539
BFGS:  340 02:00:07     -204.057265        0.051406
BFGS:  341 02:00:08     -204.059812        0.047277
BFGS:  342 02:00:08     -204.063705        0.047524
BFGS:  343 02:00:08     -204.068874        0.050288
BFGS:  344 02:00:08     -204.072695        0.052967
BFGS:  345 02:00:08     -204.075819        0.052935
BFGS:  346 02:00:08     -204.078276        0.052832
BFGS:  347 02:00:08     -204.080405        0.055409
BFGS:  348 02:00:08     -204.082202        0.052739
BFGS:  349 02:00:09     -204.083875        0.047570
BFGS:  350 02:00:09     -204.085264        0.048163
BFGS:  351 02:00:09     -204.086878        0.065387
BFGS:  352 02:00:09     -204.088102        0.075456
BFGS:  353 02:00:09     -204.089468        0.073692
BFGS:  354 02:00:09     -204.091010        0.062615
BFGS:  355 02:00:09     -204.093991        0.061974
BFGS:  356 02:00:09     -204.098575        0.067434
BFGS:  357 02:00:10     -204.104034        0.069577
BFGS:  358 02:00:10     -204.109025        0.079106
BFGS:  359 02:00:10     -204.113607        0.084490
BFGS:  360 02:00:10     -204.118083        0.073627
BFGS:  361 02:00:10     -204.121069        0.056210
BFGS:  362 02:00:10     -204.122622        0.055765
BFGS:  363 02:00:10     -204.124777        0.054036
BFGS:  364 02:00:10     -204.127070        0.055582
BFGS:  365 02:00:11     -204.129660        0.068326
BFGS:  366 02:00:11     -204.132074        0.077435
BFGS:  367 02:00:11     -204.134266        0.078545
BFGS:  368 02:00:11     -204.136143        0.074547
BFGS:  369 02:00:11     -204.139429        0.061066
BFGS:  370 02:00:11     -204.144044        0.057365
BFGS:  371 02:00:11     -204.147753        0.057672
BFGS:  372 02:00:11     -204.150724        0.060351
BFGS:  373 02:00:12     -204.161519        0.081323
BFGS:  374 02:00:12     -204.213682        0.081177
BFGS:  375 02:00:12     -204.277330        0.093035
BFGS:  376 02:00:12     -204.326964        0.096194
BFGS:  377 02:00:12     -204.370162        0.104306
BFGS:  378 02:00:12     -204.410892        0.121325
BFGS:  379 02:00:12     -204.450268        0.128180
BFGS:  380 02:00:12     -204.489586        0.133813
BFGS:  381 02:00:14     -204.527909        0.134363
BFGS:  382 02:00:14     -204.561262        0.127601
BFGS:  383 02:00:14     -204.583598        0.101976
BFGS:  384 02:00:14     -204.599976        0.082317
BFGS:  385 02:00:14     -204.607841        0.087680
BFGS:  386 02:00:14     -204.613895        0.086618
BFGS:  387 02:00:14     -204.619795        0.076827
BFGS:  388 02:00:14     -204.630474        0.075970
BFGS:  389 02:00:15     -204.644244        0.099332
BFGS:  390 02:00:15     -204.658125        0.142819
BFGS:  391 02:00:15     -204.671772        0.165139
BFGS:  392 02:00:15     -204.681853        0.135152
BFGS:  393 02:00:15     -204.691456        0.112744
BFGS:  394 02:00:15     -204.702741        0.114728
BFGS:  395 02:00:15     -204.716305        0.110026
BFGS:  396 02:00:15     -204.728480        0.101001
BFGS:  397 02:00:16     -204.737618        0.135436
BFGS:  398 02:00:19     -204.744938        0.153603
BFGS:  399 02:00:19     -204.750708        0.155115
BFGS:  400 02:00:19     -204.755861        0.130156
BFGS:  401 02:00:19     -204.760806        0.086552
BFGS:  402 02:00:19     -204.767391        0.057938
BFGS:  403 02:00:19     -204.771360        0.081770
BFGS:  404 02:00:19     -204.773922        0.090644
BFGS:  405 02:00:20     -204.776251        0.083292
BFGS:  406 02:00:20     -204.779709        0.068661
BFGS:  407 02:00:20     -204.783950        0.062021
BFGS:  408 02:00:20     -204.787600        0.058766
BFGS:  409 02:00:20     -204.790070        0.062160
BFGS:  410 02:00:20     -204.791973        0.057124
BFGS:  411 02:00:20     -204.794206        0.053392
BFGS:  412 02:00:20     -204.797188        0.045601
BFGS:  413 02:00:21     -204.800397        0.046999
BFGS:  414 02:00:21     -204.802942        0.053570
BFGS:  415 02:00:21     -204.804744        0.053727
BFGS:  416 02:00:21     -204.806273        0.050742
BFGS:  417 02:00:21     -204.807919        0.049775
BFGS:  418 02:00:21     -204.809756        0.049654
BFGS:  419 02:00:21     -204.811703        0.047572
BFGS:  420 02:00:21     -204.813587        0.047899
BFGS:  421 02:00:22     -204.815183        0.049769
BFGS:  422 02:00:22     -204.816596        0.048307
BFGS:  423 02:00:22     -204.817942        0.045427
BFGS:  424 02:00:22     -204.819073        0.040949
BFGS:  425 02:00:22     -204.819979        0.042990
BFGS:  426 02:00:22     -204.820856        0.043990
BFGS:  427 02:00:22     -204.821881        0.045411
BFGS:  428 02:00:22     -204.823079        0.050600
BFGS:  429 02:00:22     -204.824306        0.056159
BFGS:  430 02:00:23     -204.825362        0.054604
BFGS:  431 02:00:23     -204.826281        0.045092
BFGS:  432 02:00:23     -204.827288        0.039340
BFGS:  433 02:00:23     -204.828548        0.043192
BFGS:  434 02:00:23     -204.829802        0.052997
BFGS:  435 02:00:23     -204.830889        0.054243
BFGS:  436 02:00:23     -204.831949        0.050699
BFGS:  437 02:00:23     -204.833326        0.053123
BFGS:  438 02:00:24     -204.835246        0.046628
BFGS:  439 02:00:24     -204.837429        0.043204
BFGS:  440 02:00:24     -204.839386        0.047408
BFGS:  441 02:00:24     -204.841107        0.048995
BFGS:  442 02:00:24     -204.842804        0.052353
BFGS:  443 02:00:24     -204.844642        0.052739
BFGS:  444 02:00:24     -204.846548        0.052519
BFGS:  445 02:00:25     -204.848371        0.055359
BFGS:  446 02:00:25     -204.850248        0.059479
BFGS:  447 02:00:25     -204.852482        0.062305
BFGS:  448 02:00:25     -204.855065        0.062782
BFGS:  449 02:00:25     -204.857596        0.062841
BFGS:  450 02:00:25     -204.859776        0.063289
BFGS:  451 02:00:25     -204.861705        0.056197
BFGS:  452 02:00:25     -204.863606        0.041951
BFGS:  453 02:00:26     -204.865814        0.045080
BFGS:  454 02:00:26     -204.868404        0.049705
BFGS:  455 02:00:26     -204.870951        0.064197
BFGS:  456 02:00:26     -204.873309        0.076772
BFGS:  457 02:00:26     -204.875932        0.075724
BFGS:  458 02:00:26     -204.879425        0.059843
BFGS:  459 02:00:26     -204.884181        0.064136
BFGS:  460 02:00:26     -204.889976        0.079466
BFGS:  461 02:00:26     -204.896091        0.098009
BFGS:  462 02:00:27     -204.901797        0.121052
BFGS:  463 02:00:27     -204.907247        0.126690
BFGS:  464 02:00:27     -204.914353        0.117814
BFGS:  465 02:00:27     -204.924502        0.098544
BFGS:  466 02:00:27     -204.935979        0.104283
BFGS:  467 02:00:27     -204.946284        0.113762
BFGS:  468 02:00:27     -204.956308        0.127631
BFGS:  469 02:00:27     -204.965836        0.135311
BFGS:  470 02:00:28     -204.973553        0.138359
BFGS:  471 02:00:28     -204.980541        0.140917
BFGS:  472 02:00:28     -204.987283        0.148918
BFGS:  473 02:00:28     -204.995394        0.156652
BFGS:  474 02:00:30     -205.005602        0.161800
BFGS:  475 02:00:30     -205.017786        0.173822
BFGS:  476 02:00:35     -205.032173        0.190007
BFGS:  477 02:00:35     -205.049294        0.208779
BFGS:  478 02:00:35     -205.071776        0.232856
BFGS:  479 02:00:35     -205.087526        0.224360
BFGS:  480 02:00:35     -205.111455        0.188796
BFGS:  481 02:00:36     -205.130695        0.174140
BFGS:  482 02:00:36     -205.151945        0.189224
BFGS:  483 02:00:36     -205.170516        0.190769
BFGS:  484 02:00:36     -205.187972        0.184629
BFGS:  485 02:00:36     -205.201775        0.187660
BFGS:  486 02:00:36     -205.212916        0.188369
BFGS:  487 02:00:36     -205.223680        0.180219
BFGS:  488 02:00:36     -205.234762        0.160949
BFGS:  489 02:00:37     -205.249137        0.137868
BFGS:  490 02:00:40     -205.269036        0.120295
BFGS:  491 02:00:40     -205.286879        0.114372
BFGS:  492 02:00:41     -205.300098        0.131579
BFGS:  493 02:00:41     -205.308275        0.126450
BFGS:  494 02:00:41     -205.315706        0.112274
BFGS:  495 02:00:41     -205.323994        0.105272
BFGS:  496 02:00:41     -205.334355        0.092026
BFGS:  497 02:00:41     -205.351502        0.107032
BFGS:  498 02:00:41     -205.360152        0.121198
BFGS:  499 02:00:41     -205.366622        0.126253
BFGS:  500 02:00:42     -205.371271        0.117813
BFGS:  501 02:00:42     -205.375835        0.095529
BFGS:  502 02:00:43     -205.381142        0.080717
BFGS:  503 02:00:43     -205.389302        0.086963
BFGS:  504 02:00:43     -205.400224        0.132547
BFGS:  505 02:00:44     -205.409499        0.157114
BFGS:  506 02:00:44     -205.415271        0.141685
BFGS:  507 02:00:44     -205.420512        0.115734
BFGS:  508 02:00:44     -205.426511        0.091659
BFGS:  509 02:00:44     -205.434237        0.065567
BFGS:  510 02:00:44     -205.441569        0.086749
BFGS:  511 02:00:44     -205.445809        0.099106
BFGS:  512 02:00:44     -205.449469        0.097278
BFGS:  513 02:00:45     -205.453212        0.094221
BFGS:  514 02:00:45     -205.457234        0.095435
BFGS:  515 02:00:45     -205.462036        0.091847
BFGS:  516 02:00:45     -205.468329        0.081159
BFGS:  517 02:00:45     -205.476778        0.071859
BFGS:  518 02:00:45     -205.486367        0.085392
BFGS:  519 02:00:45     -205.493284        0.112110
BFGS:  520 02:00:46     -205.499844        0.118181
BFGS:  521 02:00:46     -205.504768        0.107409
BFGS:  522 02:00:46     -205.510041        0.084569
BFGS:  523 02:00:46     -205.516075        0.059114
BFGS:  524 02:00:46     -205.521905        0.076442
BFGS:  525 02:00:46     -205.528968        0.082847
BFGS:  526 02:00:46     -205.533251        0.077278
BFGS:  527 02:00:46     -205.537119        0.083262
BFGS:  528 02:00:47     -205.540644        0.085895
BFGS:  529 02:00:47     -205.543924        0.086910
BFGS:  530 02:00:47     -205.547084        0.085203
BFGS:  531 02:00:47     -205.551155        0.078141
BFGS:  532 02:00:47     -205.556869        0.070883
BFGS:  533 02:00:47     -205.563447        0.069391
BFGS:  534 02:00:47     -205.571153        0.088211
BFGS:  535 02:00:57     -205.577446        0.125189
BFGS:  536 02:00:57     -205.582418        0.143320
BFGS:  537 02:00:57     -205.586744        0.136553
BFGS:  538 02:00:57     -205.593234        0.106213
BFGS:  539 02:00:57     -205.601937        0.090459
BFGS:  540 02:00:57     -205.612458        0.100093
BFGS:  541 02:00:57     -205.619923        0.127341
BFGS:  542 02:00:58     -205.626181        0.134187
BFGS:  543 02:00:58     -205.632326        0.128976
BFGS:  544 02:00:58     -205.639385        0.101555
BFGS:  545 02:00:58     -205.650073        0.089745
BFGS:  546 02:00:58     -205.659246        0.109101
BFGS:  547 02:00:58     -205.665278        0.126400
BFGS:  548 02:00:58     -205.669457        0.127097
BFGS:  549 02:00:58     -205.674818        0.103042
BFGS:  550 02:00:59     -205.684090        0.081178
BFGS:  551 02:00:59     -205.696198        0.091782
BFGS:  552 02:00:59     -205.707417        0.139311
BFGS:  553 02:00:59     -205.714759        0.152560
BFGS:  554 02:01:00     -205.720299        0.134598
BFGS:  555 02:01:00     -205.726892        0.097572
BFGS:  556 02:01:00     -205.736952        0.095937
BFGS:  557 02:01:00     -205.749459        0.132627
BFGS:  558 02:01:00     -205.761737        0.211119
BFGS:  559 02:01:00     -205.769422        0.239534
BFGS:  560 02:01:00     -205.776867        0.237360
BFGS:  561 02:01:01     -205.784335        0.215679
BFGS:  562 02:01:01     -205.792767        0.180931
BFGS:  563 02:01:01     -205.802249        0.132893
BFGS:  564 02:01:01     -205.815306        0.119214
BFGS:  565 02:01:01     -205.829256        0.116410
BFGS:  566 02:01:01     -205.840676        0.162551
BFGS:  567 02:01:01     -205.848815        0.221870
BFGS:  568 02:01:01     -205.858431        0.254903
BFGS:  569 02:01:02     -205.868866        0.252267
BFGS:  570 02:01:02     -205.882155        0.224543
BFGS:  571 02:01:02     -205.899124        0.167886
BFGS:  572 02:01:02     -205.921504        0.139627
BFGS:  573 02:01:02     -205.936802        0.172025
BFGS:  574 02:01:02     -205.952677        0.181274
BFGS:  575 02:01:02     -205.961166        0.169759
BFGS:  576 02:01:02     -205.970642        0.142034
BFGS:  577 02:01:03     -205.980340        0.125876
BFGS:  578 02:01:03     -205.999173        0.097291
BFGS:  579 02:01:03     -206.019206        0.086094
BFGS:  580 02:01:03     -206.041729        0.109358
BFGS:  581 02:01:03     -206.052072        0.122331
BFGS:  582 02:01:03     -206.058375        0.121011
BFGS:  583 02:01:03     -206.062458        0.117966
BFGS:  584 02:01:03     -206.070698        0.101157
BFGS:  585 02:01:04     -206.080850        0.081087
BFGS:  586 02:01:04     -206.091658        0.088486
BFGS:  587 02:01:04     -206.098974        0.088070
BFGS:  588 02:01:04     -206.103582        0.087011
BFGS:  589 02:01:04     -206.107217        0.077110
BFGS:  590 02:01:04     -206.111586        0.070030
BFGS:  591 02:01:04     -206.117277        0.072247
BFGS:  592 02:01:04     -206.123785        0.071292
BFGS:  593 02:01:05     -206.130172        0.073752
BFGS:  594 02:01:05     -206.134943        0.080776
BFGS:  595 02:01:05     -206.138304        0.085652
BFGS:  596 02:01:05     -206.141795        0.078920
BFGS:  597 02:01:05     -206.146970        0.068690
BFGS:  598 02:01:05     -206.154132        0.059367
BFGS:  599 02:01:05     -206.161317        0.071139
BFGS:  600 02:01:05     -206.165845        0.078645
BFGS:  601 02:01:06     -206.168108        0.077010
BFGS:  602 02:01:06     -206.170122        0.071746
BFGS:  603 02:01:06     -206.173370        0.070314
BFGS:  604 02:01:06     -206.178472        0.066922
BFGS:  605 02:01:06     -206.184545        0.063953
BFGS:  606 02:01:06     -206.189003        0.069845
BFGS:  607 02:01:06     -206.191205        0.066881
BFGS:  608 02:01:07     -206.192701        0.060225
BFGS:  609 02:01:08     -206.195013        0.055529
BFGS:  610 02:01:08     -206.198785        0.059556
BFGS:  611 02:01:08     -206.203440        0.074576
BFGS:  612 02:01:08     -206.207004        0.089372
BFGS:  613 02:01:08     -206.209037        0.085038
BFGS:  614 02:01:08     -206.210739        0.072366
BFGS:  615 02:01:08     -206.213203        0.057082
BFGS:  616 02:01:08     -206.216481        0.067134
BFGS:  617 02:01:09     -206.219453        0.076522
BFGS:  618 02:01:09     -206.221263        0.079117
BFGS:  619 02:01:09     -206.222582        0.077236
BFGS:  620 02:01:09     -206.224335        0.070751
BFGS:  621 02:01:09     -206.226891        0.059758
BFGS:  622 02:01:12     -206.229598        0.047521
BFGS:  623 02:01:13     -206.231363        0.053496
BFGS:  624 02:01:13     -206.232314        0.053553
BFGS:  625 02:01:13     -206.233255        0.051423
BFGS:  626 02:01:13     -206.234867        0.045562
BFGS:  627 02:01:13     -206.237351        0.039076
BFGS:  628 02:01:13     -206.240028        0.041657
BFGS:  629 02:01:13     -206.241723        0.050859
BFGS:  630 02:01:13     -206.242526        0.051133
BFGS:  631 02:01:14     -206.243170        0.049431
BFGS:  632 02:01:14     -206.244249        0.045412
BFGS:  633 02:01:14     -206.246103        0.049481
BFGS:  634 02:01:14     -206.248621        0.049789
BFGS:  635 02:01:14     -206.250813        0.046262
BFGS:  636 02:01:14     -206.251982        0.047288
BFGS:  637 02:01:14     -206.252601        0.049183
BFGS:  638 02:01:14     -206.253238        0.046619
BFGS:  639 02:01:15     -206.254267        0.042692
BFGS:  640 02:01:15     -206.255801        0.044665
BFGS:  641 02:01:15     -206.257554        0.046095
BFGS:  642 02:01:15     -206.258796        0.043849
BFGS:  643 02:01:15     -206.259374        0.041448
BFGS:  644 02:01:15     -206.259707        0.040281
BFGS:  645 02:01:15     -206.260158        0.038602
BFGS:  646 02:01:15     -206.260961        0.035523
BFGS:  647 02:01:16     -206.262188        0.031662
BFGS:  648 02:01:16     -206.263416        0.034978
BFGS:  649 02:01:16     -206.264096        0.038891
BFGS:  650 02:01:16     -206.264370        0.039561
BFGS:  651 02:01:16     -206.264595        0.038958
BFGS:  652 02:01:16     -206.265021        0.037061
BFGS:  653 02:01:16     -206.265738        0.036399
BFGS:  654 02:01:16     -206.266634        0.041031
BFGS:  655 02:01:17     -206.267283        0.043457
BFGS:  656 02:01:17     -206.267587        0.042714
BFGS:  657 02:01:17     -206.267778        0.040955
BFGS:  658 02:01:17     -206.268055        0.038376
BFGS:  659 02:01:17     -206.268516        0.034945
BFGS:  660 02:01:17     -206.269159        0.033032
BFGS:  661 02:01:17     -206.269781        0.036749
BFGS:  662 02:01:17     -206.270191        0.040378
BFGS:  663 02:01:18     -206.270454        0.042539
BFGS:  664 02:01:18     -206.270743        0.043841
BFGS:  665 02:01:18     -206.271198        0.044727
BFGS:  666 02:01:18     -206.271855        0.044724
BFGS:  667 02:01:18     -206.272548        0.043554
BFGS:  668 02:01:18     -206.273012        0.041519
BFGS:  669 02:01:18     -206.273268        0.039570
BFGS:  670 02:01:18     -206.273508        0.037404
BFGS:  671 02:01:19     -206.273929        0.033644
BFGS:  672 02:01:19     -206.274649        0.034722
BFGS:  673 02:01:19     -206.275587        0.036868
BFGS:  674 02:01:19     -206.276327        0.036953
BFGS:  675 02:01:19     -206.276698        0.035248
BFGS:  676 02:01:19     -206.276942        0.033356
BFGS:  677 02:01:19     -206.277329        0.032682
BFGS:  678 02:01:19     -206.278055        0.035262
BFGS:  679 02:01:20     -206.279185        0.036932
BFGS:  680 02:01:20     -206.280351        0.041613
BFGS:  681 02:01:20     -206.281081        0.046805
BFGS:  682 02:01:20     -206.281501        0.047621
BFGS:  683 02:01:20     -206.281986        0.045599
BFGS:  684 02:01:20     -206.282874        0.039257
BFGS:  685 02:01:20     -206.284271        0.032745
BFGS:  686 02:01:21     -206.285750        0.041701
BFGS:  687 02:01:21     -206.286624        0.042830
BFGS:  688 02:01:21     -206.287022        0.038796
BFGS:  689 02:01:21     -206.287390        0.033416
BFGS:  690 02:01:21     -206.288100        0.030097
BFGS:  691 02:01:21     -206.289367        0.029825
BFGS:  692 02:01:25     -206.291075        0.030546
BFGS:  693 02:01:25     -206.292410        0.035252
BFGS:  694 02:01:25     -206.292997        0.036067
BFGS:  695 02:01:28     -206.293280        0.034913
BFGS:  696 02:01:28     -206.293681        0.033126
BFGS:  697 02:01:28     -206.294486        0.030550
BFGS:  698 02:01:28     -206.295856        0.028248
BFGS:  699 02:01:28     -206.297477        0.027141
BFGS:  700 02:01:28     -206.298573        0.027289
BFGS:  701 02:01:28     -206.299052        0.028078
BFGS:  702 02:01:28     -206.299375        0.028280
BFGS:  703 02:01:29     -206.299944        0.028395
BFGS:  704 02:01:29     -206.300987        0.028320
BFGS:  705 02:01:29     -206.302558        0.032013
BFGS:  706 02:01:29     -206.304083        0.034150
BFGS:  707 02:01:29     -206.304982        0.037334
BFGS:  708 02:01:29     -206.305460        0.035866
BFGS:  709 02:01:29     -206.305950        0.032011
BFGS:  710 02:01:32     -206.306752        0.023980
BFGS:  711 02:01:32     -206.307873        0.026117
BFGS:  712 02:01:33     -206.308973        0.025643
BFGS:  713 02:01:33     -206.309645        0.025792
BFGS:  714 02:01:33     -206.310011        0.024617
BFGS:  715 02:01:33     -206.310369        0.025234
BFGS:  716 02:01:33     -206.310980        0.026214
BFGS:  717 02:01:33     -206.312060        0.026168
BFGS:  718 02:01:33     -206.313622        0.029429
BFGS:  719 02:01:34     -206.315080        0.024851
BFGS:  720 02:01:34     -206.315860        0.027669
BFGS:  721 02:01:34     -206.316201        0.029399
BFGS:  722 02:01:34     -206.316517        0.028401
BFGS:  723 02:01:34     -206.317091        0.024185
BFGS:  724 02:01:34     -206.318047        0.026802
BFGS:  725 02:01:34     -206.319230        0.028748
BFGS:  726 02:01:35     -206.320078        0.018539
BFGS:  727 02:01:35     -206.320433        0.017541
BFGS:  728 02:01:35     -206.320611        0.017999
BFGS:  729 02:01:35     -206.320873        0.018823
BFGS:  730 02:01:35     -206.321387        0.025382
BFGS:  731 02:01:35     -206.322267        0.029992
BFGS:  732 02:01:35     -206.323332        0.023380
BFGS:  733 02:01:36     -206.324070        0.022533
BFGS:  734 02:01:45     -206.324392        0.021952
BFGS:  735 02:01:45     -206.324610        0.020033
BFGS:  736 02:01:45     -206.324983        0.019098
BFGS:  737 02:01:45     -206.325653        0.020553
BFGS:  738 02:01:46     -206.326590        0.021807
BFGS:  739 02:01:46     -206.327381        0.030147
BFGS:  740 02:01:46     -206.327786        0.028632
BFGS:  741 02:01:48     -206.328030        0.023953
BFGS:  742 02:01:48     -206.328404        0.024550
BFGS:  743 02:01:48     -206.329117        0.022838
BFGS:  744 02:01:48     -206.330184        0.020730
BFGS:  745 02:01:48     -206.331160        0.023878
BFGS:  746 02:01:49     -206.331657        0.023010
BFGS:  747 02:01:49     -206.331901        0.021005
BFGS:  748 02:01:49     -206.332215        0.018737
BFGS:  749 02:01:49     -206.332860        0.018409
BFGS:  750 02:01:49     -206.333913        0.019854
BFGS:  751 02:01:49     -206.335024        0.019415
BFGS:  752 02:01:49     -206.335618        0.022748
BFGS:  753 02:01:50     -206.335830        0.021680
BFGS:  754 02:01:50     -206.335988        0.019563
BFGS:  755 02:01:50     -206.336308        0.018593
BFGS:  756 02:01:53     -206.336855        0.016189
BFGS:  757 02:01:54     -206.337521        0.014212
BFGS:  758 02:01:54     -206.337950        0.016067
BFGS:  759 02:01:54     -206.338116        0.016081
BFGS:  760 02:01:54     -206.338212        0.015160
BFGS:  761 02:01:54     -206.338384        0.013605
BFGS:  762 02:01:54     -206.338708        0.013819
BFGS:  763 02:01:54     -206.339191        0.013954
BFGS:  764 02:01:55     -206.339617        0.013515
BFGS:  765 02:01:55     -206.339812        0.012146
BFGS:  766 02:01:55     -206.339886        0.009979
BFGS:  767 02:01:55     -206.339959        0.009247
BFGS:  768 02:01:55     -206.340104        0.008169
BFGS:  769 02:01:55     -206.340341        0.010395
BFGS:  770 02:01:55     -206.340608        0.009788
BFGS:  771 02:01:56     -206.340773        0.010721
BFGS:  772 02:01:56     -206.340840        0.009814
BFGS:  773 02:01:56     -206.340888        0.009185
BFGS:  774 02:01:56     -206.340973        0.009104
BFGS:  775 02:01:56     -206.341118        0.008360
BFGS:  776 02:01:56     -206.341290        0.007693
BFGS:  777 02:01:56     -206.341400        0.008334
BFGS:  778 02:01:57     -206.341446        0.008113
BFGS:  779 02:01:57     -206.341478        0.007116
BFGS:  780 02:01:57     -206.341538        0.006045
BFGS:  781 02:02:05     -206.341642        0.005790
BFGS:  782 02:02:05     -206.341776        0.007862
BFGS:  783 02:02:05     -206.341872        0.007360
BFGS:  784 02:02:06     -206.341914        0.007895
BFGS:  785 02:02:06     -206.341941        0.007526
BFGS:  786 02:02:09     -206.341987        0.006407
BFGS:  787 02:02:09     -206.342074        0.005944
BFGS:  788 02:02:09     -206.342200        0.006991
BFGS:  789 02:02:09     -206.342303        0.006832
BFGS:  790 02:02:10     -206.342348        0.006842
BFGS:  791 02:02:10     -206.342366        0.006256
BFGS:  792 02:02:10     -206.342388        0.005268
BFGS:  793 02:02:10     -206.342436        0.005164
BFGS:  794 02:02:10     -206.342516        0.006629
BFGS:  795 02:02:10     -206.342604        0.006580
BFGS:  796 02:02:10     -206.342652        0.005513
BFGS:  797 02:02:11     -206.342668        0.004313
BFGS:  798 02:02:11     -206.342678        0.003995
BFGS:  799 02:02:11     -206.342697        0.003998
BFGS:  800 02:02:11     -206.342733        0.004094
BFGS:  801 02:02:14     -206.342781        0.004217
BFGS:  802 02:02:14     -206.342817        0.003222
BFGS:  803 02:02:14     -206.342831        0.003089
BFGS:  804 02:02:15     -206.342836        0.002893
BFGS:  805 02:02:15     -206.342843        0.002896
BFGS:  806 02:02:15     -206.342857        0.002871
BFGS:  807 02:02:15     -206.342882        0.003591
BFGS:  808 02:02:15     -206.342910        0.003614
BFGS:  809 02:02:15     -206.342926        0.003671
BFGS:  810 02:02:15     -206.342932        0.003467
BFGS:  811 02:02:16     -206.342935        0.003248
BFGS:  812 02:02:16     -206.342941        0.002898
BFGS:  813 02:02:16     -206.342953        0.002544
BFGS:  814 02:02:16     -206.342971        0.002855
BFGS:  815 02:02:16     -206.342987        0.002097
BFGS:  816 02:02:16     -206.342993        0.001972
BFGS:  817 02:02:16     -206.342996        0.001835
BFGS:  818 02:02:16     -206.342998        0.001710
BFGS:  819 02:02:17     -206.343002        0.001739
BFGS:  820 02:02:17     -206.343010        0.001707
BFGS:  821 02:02:17     -206.343021        0.001757
BFGS:  822 02:02:17     -206.343029        0.001640
BFGS:  823 02:02:17     -206.343031        0.001565
BFGS:  824 02:02:17     -206.343033        0.001519
BFGS:  825 02:02:17     -206.343035        0.001374
BFGS:  826 02:02:17     -206.343039        0.001559
BFGS:  827 02:02:18     -206.343045        0.001611
BFGS:  828 02:02:18     -206.343051        0.001361
BFGS:  829 02:02:18     -206.343054        0.001130
BFGS:  830 02:02:18     -206.343055        0.001117
BFGS:  831 02:02:18     -206.343056        0.001099
BFGS:  832 02:02:18     -206.343057        0.001048
BFGS:  833 02:02:18     -206.343060        0.001026
BFGS:  834 02:02:18     -206.343064        0.001202
BFGS:  835 02:02:19     -206.343067        0.001246
BFGS:  836 02:02:19     -206.343068        0.001122
BFGS:  837 02:02:19     -206.343069        0.001007
BFGS:  838 02:02:19     -206.343069        0.000963
