      Step     Time          Energy          fmax
BFGS:    0 22:30:34      -49.488781       15.221698
BFGS:    1 22:30:34     -104.714739        8.459158
BFGS:    2 22:30:34     -136.322461        3.969070
BFGS:    3 22:30:34     -151.329030        3.249290
BFGS:    4 22:30:34     -155.243046        2.897334
BFGS:    5 22:30:35     -157.362239        2.639858
BFGS:    6 22:30:35     -159.809095        2.606928
BFGS:    7 22:30:35     -162.188445        2.560482
BFGS:    8 22:30:35     -164.251913        2.506774
BFGS:    9 22:30:35     -165.686849        2.463031
BFGS:   10 22:30:35     -166.664243        2.426081
BFGS:   11 22:30:35     -167.522149        2.381550
BFGS:   12 22:30:35     -168.395491        2.323557
BFGS:   13 22:30:36     -169.301455        2.258490
BFGS:   14 22:30:36     -170.222368        2.190637
BFGS:   15 22:30:36     -171.136461        2.121939
BFGS:   16 22:30:36     -172.030683        2.054456
BFGS:   17 22:30:36     -172.898754        1.989065
BFGS:   18 22:30:36     -173.738802        1.925775
BFGS:   19 22:30:36     -174.551396        1.864346
BFGS:   20 22:30:37     -175.338012        1.804594
BFGS:   21 22:30:37     -176.100192        1.746508
BFGS:   22 22:30:37     -176.838978        1.689831
BFGS:   23 22:30:37     -177.555370        1.634423
BFGS:   24 22:30:37     -178.250306        1.580251
BFGS:   25 22:30:37     -178.924653        1.527292
BFGS:   26 22:30:37     -179.579167        1.476829
BFGS:   27 22:30:37     -180.214461        1.437827
BFGS:   28 22:30:38     -180.831000        1.398957
BFGS:   29 22:30:38     -181.429120        1.360510
BFGS:   30 22:30:38     -182.009026        1.322556
BFGS:   31 22:30:38     -182.570751        1.284951
BFGS:   32 22:30:38     -183.114319        1.247473
BFGS:   33 22:30:38     -183.639803        1.209832
BFGS:   34 22:30:38     -184.147242        1.171945
BFGS:   35 22:30:38     -184.636718        1.133981
BFGS:   36 22:30:39     -185.108367        1.096177
BFGS:   37 22:30:39     -185.562353        1.058744
BFGS:   38 22:30:39     -185.998880        1.021839
BFGS:   39 22:30:39     -186.418204        0.985568
BFGS:   40 22:30:39     -186.820635        0.950006
BFGS:   41 22:30:39     -187.206532        0.915099
BFGS:   42 22:30:39     -187.576293        0.880755
BFGS:   43 22:30:40     -187.930293        0.847017
BFGS:   44 22:30:40     -188.268872        0.813890
BFGS:   45 22:30:40     -188.592406        0.781369
BFGS:   46 22:30:40     -188.901289        0.749433
BFGS:   47 22:30:44     -189.195901        0.718038
BFGS:   48 22:30:44     -189.476601        0.687119
BFGS:   49 22:30:44     -189.743727        0.656627
BFGS:   50 22:30:44     -189.997678        0.626587
BFGS:   51 22:30:44     -190.238896        0.597071
BFGS:   52 22:30:44     -190.467837        0.568142
BFGS:   53 22:30:44     -190.684957        0.539806
BFGS:   54 22:30:44     -190.890734        0.512074
BFGS:   55 22:30:47     -191.085697        0.484927
BFGS:   56 22:30:47     -191.270401        0.458308
BFGS:   57 22:30:47     -191.445441        0.432182
BFGS:   58 22:30:47     -191.611441        0.406553
BFGS:   59 22:30:47     -191.769025        0.381440
BFGS:   60 22:30:47     -191.918809        0.356880
BFGS:   61 22:30:47     -192.061389        0.332899
BFGS:   62 22:30:47     -192.197323        0.309497
BFGS:   63 22:30:48     -192.327148        0.286676
BFGS:   64 22:30:48     -192.451400        0.286871
BFGS:   65 22:30:48     -192.570637        0.290085
BFGS:   66 22:30:48     -192.685430        0.292659
BFGS:   67 22:30:48     -192.796365        0.294471
BFGS:   68 22:30:48     -192.904007        0.295391
BFGS:   69 22:30:51     -193.008913        0.295284
BFGS:   70 22:30:51     -193.111620        0.294024
BFGS:   71 22:30:52     -193.212632        0.291487
BFGS:   72 22:30:52     -193.312418        0.287545
BFGS:   73 22:30:52     -193.411433        0.282050
BFGS:   74 22:30:52     -193.510219        0.274817
BFGS:   75 22:30:52     -193.609578        0.265644
BFGS:   76 22:30:52     -193.710747        0.254351
BFGS:   77 22:30:52     -193.815254        0.240643
BFGS:   78 22:30:52     -193.924014        0.223271
BFGS:   79 22:30:53     -194.036263        0.201036
BFGS:   80 22:30:53     -194.151388        0.206565
BFGS:   81 22:30:53     -194.280233        0.221829
BFGS:   82 22:30:53     -194.380749        0.253872
BFGS:   83 22:30:53     -194.452318        0.271725
BFGS:   84 22:30:53     -194.498657        0.280659
BFGS:   85 22:30:53     -194.540247        0.283992
BFGS:   86 22:30:53     -194.579903        0.284921
BFGS:   87 22:30:54     -194.617551        0.285244
BFGS:   88 22:30:54     -194.652688        0.286091
BFGS:   89 22:30:54     -194.685134        0.287886
BFGS:   90 22:30:54     -194.715404        0.290462
BFGS:   91 22:30:54     -194.744767        0.293437
BFGS:   92 22:30:54     -194.775404        0.296519
BFGS:   93 22:30:54     -194.810826        0.299731
BFGS:   94 22:30:54     -194.862510        0.303870
BFGS:   95 22:30:55     -194.923305        0.304224
BFGS:   96 22:30:55     -194.978477        0.300627
BFGS:   97 22:30:55     -195.020376        0.295825
BFGS:   98 22:30:55     -195.057526        0.290439
BFGS:   99 22:30:55     -195.092313        0.284804
BFGS:  100 22:30:55     -195.125851        0.285087
BFGS:  101 22:30:55     -195.158790        0.290006
BFGS:  102 22:30:55     -195.191549        0.294139
BFGS:  103 22:30:56     -195.224419        0.297382
BFGS:  104 22:30:56     -195.257622        0.299568
BFGS:  105 22:30:56     -195.291334        0.300426
BFGS:  106 22:30:56     -195.325690        0.299459
BFGS:  107 22:30:56     -195.358037        0.295873
BFGS:  108 22:30:56     -195.381832        0.291879
BFGS:  109 22:30:56     -195.421095        0.284448
BFGS:  110 22:30:56     -195.454929        0.278352
BFGS:  111 22:30:57     -195.493092        0.273206
BFGS:  112 22:30:57     -195.542161        0.269369
BFGS:  113 22:30:57     -195.608851        0.267422
BFGS:  114 22:30:57     -195.696538        0.271474
BFGS:  115 22:30:57     -195.802257        0.283030
BFGS:  116 22:30:57     -195.918502        0.294952
BFGS:  117 22:30:57     -196.036836        0.304818
BFGS:  118 22:30:58     -196.143268        0.310257
BFGS:  119 22:30:58     -196.243354        0.312404
BFGS:  120 22:30:58     -196.340668        0.313434
BFGS:  121 22:30:58     -196.436239        0.313972
BFGS:  122 22:30:58     -196.530914        0.326326
BFGS:  123 22:30:58     -196.625406        0.342297
BFGS:  124 22:30:58     -196.720228        0.357251
BFGS:  125 22:30:58     -196.815637        0.371341
BFGS:  126 22:30:59     -196.911009        0.384681
BFGS:  127 22:30:59     -197.006481        0.397450
BFGS:  128 22:30:59     -197.101990        0.409450
BFGS:  129 22:30:59     -197.198010        0.420386
BFGS:  130 22:30:59     -197.295070        0.430369
BFGS:  131 22:30:59     -197.393713        0.439894
BFGS:  132 22:30:59     -197.494464        0.449555
BFGS:  133 22:30:59     -197.597684        0.459633
BFGS:  134 22:31:00     -197.703447        0.469959
BFGS:  135 22:31:00     -197.811581        0.480170
BFGS:  136 22:31:00     -197.921611        0.489953
BFGS:  137 22:31:00     -198.032833        0.499215
BFGS:  138 22:31:00     -198.144560        0.508020
BFGS:  139 22:31:00     -198.256232        0.516414
BFGS:  140 22:31:00     -198.367394        0.524289
BFGS:  141 22:31:00     -198.477674        0.531451
BFGS:  142 22:31:01     -198.586735        0.537731
BFGS:  143 22:31:01     -198.694257        0.543022
BFGS:  144 22:31:01     -198.800352        0.547626
BFGS:  145 22:31:01     -198.905141        0.551792
BFGS:  146 22:31:01     -199.008569        0.555588
BFGS:  147 22:31:01     -199.110728        0.559054
BFGS:  148 22:31:01     -199.211838        0.562121
BFGS:  149 22:31:01     -199.312074        0.564550
BFGS:  150 22:31:02     -199.411344        0.566143
BFGS:  151 22:31:03     -199.509588        0.567147
BFGS:  152 22:31:03     -199.607388        0.568169
BFGS:  153 22:31:03     -199.705618        0.569360
BFGS:  154 22:31:03     -199.804565        0.570263
BFGS:  155 22:31:03     -199.903852        0.570392
BFGS:  156 22:31:03     -200.002579        0.569324
BFGS:  157 22:31:03     -200.099533        0.566745
BFGS:  158 22:31:04     -200.194003        0.562874
BFGS:  159 22:31:04     -200.286864        0.558229
BFGS:  160 22:31:04     -200.380091        0.552751
BFGS:  161 22:31:04     -200.474777        0.545562
BFGS:  162 22:31:04     -200.570905        0.535861
BFGS:  163 22:31:04     -200.667576        0.523183
BFGS:  164 22:31:04     -200.763343        0.507316
BFGS:  165 22:31:07     -200.856726        0.488142
BFGS:  166 22:31:07     -200.946749        0.465804
BFGS:  167 22:31:07     -201.033504        0.440370
BFGS:  168 22:31:07     -201.118113        0.411020
BFGS:  169 22:31:07     -201.202232        0.376346
BFGS:  170 22:31:07     -201.288373        0.334079
BFGS:  171 22:31:07     -201.379670        0.280317
BFGS:  172 22:31:08     -201.481716        0.206799
BFGS:  173 22:31:08     -201.608406        0.191577
BFGS:  174 22:31:08     -201.701295        0.182881
BFGS:  175 22:31:08     -201.781892        0.186459
BFGS:  176 22:31:08     -201.844671        0.192357
BFGS:  177 22:31:08     -201.900159        0.195847
BFGS:  178 22:31:08     -201.949929        0.198633
BFGS:  179 22:31:08     -201.994934        0.201274
BFGS:  180 22:31:09     -202.036089        0.205354
BFGS:  181 22:31:09     -202.076985        0.210839
BFGS:  182 22:31:09     -202.121578        0.217848
BFGS:  183 22:31:09     -202.172884        0.225019
BFGS:  184 22:31:09     -202.231011        0.229009
BFGS:  185 22:31:09     -202.295784        0.228185
BFGS:  186 22:31:09     -202.384385        0.252527
BFGS:  187 22:31:09     -202.484647        0.262642
BFGS:  188 22:31:10     -202.569074        0.264658
BFGS:  189 22:31:10     -202.648379        0.260685
BFGS:  190 22:31:10     -202.724696        0.254062
BFGS:  191 22:31:10     -202.798483        0.246044
BFGS:  192 22:31:10     -202.869765        0.237180
BFGS:  193 22:31:10     -202.938517        0.227770
BFGS:  194 22:31:10     -203.004838        0.218078
BFGS:  195 22:31:10     -203.068981        0.208323
BFGS:  196 22:31:11     -203.131546        0.198685
BFGS:  197 22:31:11     -203.193774        0.189258
BFGS:  198 22:31:11     -203.258253        0.179681
BFGS:  199 22:31:11     -203.330162        0.169097
BFGS:  200 22:31:11     -203.374249        0.159452
BFGS:  201 22:31:11     -203.425959        0.154722
BFGS:  202 22:31:11     -203.461239        0.153855
BFGS:  203 22:31:12     -203.490308        0.154010
BFGS:  204 22:31:12     -203.515505        0.154260
BFGS:  205 22:31:12     -203.537529        0.154546
BFGS:  206 22:31:12     -203.556992        0.154242
BFGS:  207 22:31:12     -203.572996        0.153107
BFGS:  208 22:31:12     -203.586760        0.151374
BFGS:  209 22:31:12     -203.607116        0.148967
BFGS:  210 22:31:12     -203.619853        0.147997
BFGS:  211 22:31:13     -203.630349        0.148023
BFGS:  212 22:31:13     -203.639776        0.149134
BFGS:  213 22:31:13     -203.649159        0.151404
BFGS:  214 22:31:13     -203.659815        0.154934
BFGS:  215 22:31:13     -203.673375        0.159811
BFGS:  216 22:31:13     -203.691761        0.166084
BFGS:  217 22:31:13     -203.717265        0.173713
BFGS:  218 22:31:13     -203.752768        0.182616
BFGS:  219 22:31:14     -203.794483        0.190762
BFGS:  220 22:31:14     -203.830597        0.195109
BFGS:  221 22:31:14     -203.864673        0.196173
BFGS:  222 22:31:14     -203.897928        0.194491
BFGS:  223 22:31:14     -203.930775        0.190675
BFGS:  224 22:31:14     -203.963217        0.185332
BFGS:  225 22:31:14     -203.995117        0.185240
BFGS:  226 22:31:14     -204.026463        0.187323
BFGS:  227 22:31:15     -204.057485        0.187100
BFGS:  228 22:31:15     -204.088741        0.184519
BFGS:  229 22:31:15     -204.121498        0.179035
BFGS:  230 22:31:15     -204.157989        0.169881
BFGS:  231 22:31:15     -204.199936        0.156869
BFGS:  232 22:31:15     -204.247783        0.140183
BFGS:  233 22:31:15     -204.300999        0.135888
BFGS:  234 22:31:15     -204.358791        0.134607
BFGS:  235 22:31:16     -204.414772        0.126860
BFGS:  236 22:31:16     -204.459807        0.113051
BFGS:  237 22:31:16     -204.495458        0.095551
BFGS:  238 22:31:16     -204.522324        0.094919
BFGS:  239 22:31:16     -204.540529        0.095638
BFGS:  240 22:31:16     -204.549445        0.100229
BFGS:  241 22:31:16     -204.551695        0.101960
BFGS:  242 22:31:16     -204.554002        0.103015
BFGS:  243 22:31:17     -204.555672        0.104341
BFGS:  244 22:31:17     -204.560401        0.106670
BFGS:  245 22:31:17     -204.570280        0.109708
BFGS:  246 22:31:23     -204.593311        0.114373
BFGS:  247 22:31:23     -204.627715        0.117194
BFGS:  248 22:31:23     -204.656471        0.115722
BFGS:  249 22:31:23     -204.681857        0.113201
BFGS:  250 22:31:23     -204.702309        0.109742
BFGS:  251 22:31:23     -204.718064        0.106401
BFGS:  252 22:31:23     -204.729333        0.103249
BFGS:  253 22:31:24     -204.737103        0.100393
BFGS:  254 22:31:24     -204.743056        0.098220
BFGS:  255 22:31:24     -204.751916        0.096003
BFGS:  256 22:31:24     -204.768557        0.093358
BFGS:  257 22:31:24     -204.793903        0.090479
BFGS:  258 22:31:24     -204.827803        0.090379
BFGS:  259 22:31:24     -204.868260        0.108882
BFGS:  260 22:31:27     -204.912207        0.115541
BFGS:  261 22:31:27     -204.949151        0.098074
BFGS:  262 22:31:27     -204.961065        0.079205
BFGS:  263 22:31:27     -204.969747        0.075936
BFGS:  264 22:31:27     -204.974261        0.077139
BFGS:  265 22:31:28     -204.981426        0.077358
BFGS:  266 22:31:28     -204.988484        0.075845
BFGS:  267 22:31:28     -204.993762        0.073232
BFGS:  268 22:31:28     -204.996772        0.071448
BFGS:  269 22:31:28     -204.999490        0.070427
BFGS:  270 22:31:28     -205.003636        0.069557
BFGS:  271 22:31:28     -205.011132        0.068276
BFGS:  272 22:31:29     -205.022729        0.081033
BFGS:  273 22:31:29     -205.036143        0.130758
BFGS:  274 22:31:29     -205.047239        0.158630
BFGS:  275 22:31:29     -205.057446        0.160168
BFGS:  276 22:31:29     -205.071803        0.137818
BFGS:  277 22:31:29     -205.091108        0.090096
BFGS:  278 22:31:29     -205.108141        0.050130
BFGS:  279 22:31:29     -205.120591        0.038113
BFGS:  280 22:31:30     -205.127712        0.030434
BFGS:  281 22:31:30     -205.129815        0.026590
BFGS:  282 22:31:30     -205.130365        0.025979
BFGS:  283 22:31:30     -205.130929        0.025866
BFGS:  284 22:31:30     -205.131435        0.026025
BFGS:  285 22:31:30     -205.132290        0.026330
BFGS:  286 22:31:30     -205.133463        0.026590
BFGS:  287 22:31:30     -205.134759        0.026529
BFGS:  288 22:31:31     -205.135746        0.027714
BFGS:  289 22:31:31     -205.136491        0.028892
BFGS:  290 22:31:31     -205.137211        0.026124
BFGS:  291 22:31:31     -205.138187        0.024920
BFGS:  292 22:31:31     -205.139488        0.024985
BFGS:  293 22:31:31     -205.140848        0.025247
BFGS:  294 22:31:31     -205.141872        0.025304
BFGS:  295 22:31:31     -205.142695        0.025068
BFGS:  296 22:31:32     -205.143462        0.024712
BFGS:  297 22:31:32     -205.144357        0.024307
BFGS:  298 22:31:32     -205.145599        0.023876
BFGS:  299 22:31:32     -205.147252        0.023513
BFGS:  300 22:31:32     -205.148687        0.023457
BFGS:  301 22:31:32     -205.149343        0.023712
BFGS:  302 22:31:32     -205.149560        0.023933
BFGS:  303 22:31:32     -205.149708        0.024054
BFGS:  304 22:31:33     -205.150006        0.024178
BFGS:  305 22:31:33     -205.150531        0.024222
BFGS:  306 22:31:33     -205.151208        0.023982
BFGS:  307 22:31:33     -205.151678        0.023509
BFGS:  308 22:31:33     -205.151854        0.023226
BFGS:  309 22:31:33     -205.151935        0.023123
BFGS:  310 22:31:33     -205.152064        0.023014
BFGS:  311 22:31:33     -205.152337        0.022827
BFGS:  312 22:31:34     -205.152880        0.025267
BFGS:  313 22:31:34     -205.153844        0.045947
BFGS:  314 22:31:34     -205.155357        0.066434
BFGS:  315 22:31:34     -205.157492        0.076610
BFGS:  316 22:31:34     -205.160169        0.065471
BFGS:  317 22:31:34     -205.162823        0.043377
BFGS:  318 22:31:34     -205.164678        0.027296
BFGS:  319 22:31:34     -205.165729        0.030833
BFGS:  320 22:31:35     -205.166547        0.038140
BFGS:  321 22:31:35     -205.167793        0.038921
BFGS:  322 22:31:35     -205.170019        0.032865
BFGS:  323 22:31:35     -205.173203        0.032249
BFGS:  324 22:31:35     -205.175940        0.022805
BFGS:  325 22:31:35     -205.177139        0.025698
BFGS:  326 22:31:35     -205.177565        0.025344
BFGS:  327 22:31:35     -205.177886        0.023667
BFGS:  328 22:31:36     -205.178333        0.020337
BFGS:  329 22:31:36     -205.178905        0.015438
BFGS:  330 22:31:36     -205.179535        0.009604
BFGS:  331 22:31:36     -205.180020        0.004887
BFGS:  332 22:31:36     -205.180273        0.003991
BFGS:  333 22:31:36     -205.180370        0.002951
BFGS:  334 22:31:36     -205.180390        0.002926
BFGS:  335 22:31:36     -205.180398        0.002990
BFGS:  336 22:31:37     -205.180411        0.003000
BFGS:  337 22:31:37     -205.180434        0.003291
BFGS:  338 22:31:37     -205.180469        0.003810
BFGS:  339 22:31:37     -205.180500        0.002792
BFGS:  340 22:31:37     -205.180513        0.002800
BFGS:  341 22:31:37     -205.180516        0.002838
BFGS:  342 22:31:37     -205.180518        0.002872
BFGS:  343 22:31:39     -205.180523        0.002930
BFGS:  344 22:31:39     -205.180531        0.002994
BFGS:  345 22:31:39     -205.180544        0.003022
BFGS:  346 22:31:39     -205.180553        0.002968
BFGS:  347 22:31:40     -205.180556        0.002888
BFGS:  348 22:31:40     -205.180557        0.002845
BFGS:  349 22:31:40     -205.180558        0.002808
BFGS:  350 22:31:40     -205.180561        0.002747
BFGS:  351 22:31:40     -205.180568        0.002660
BFGS:  352 22:31:40     -205.180584        0.002545
BFGS:  353 22:31:40     -205.180613        0.002451
BFGS:  354 22:31:40     -205.180646        0.002510
BFGS:  355 22:31:41     -205.180665        0.002622
BFGS:  356 22:31:41     -205.180671        0.002736
BFGS:  357 22:31:41     -205.180675        0.002791
BFGS:  358 22:31:44     -205.180683        0.002858
BFGS:  359 22:31:44     -205.180701        0.002939
BFGS:  360 22:31:44     -205.180744        0.003026
BFGS:  361 22:31:44     -205.180835        0.006105
BFGS:  362 22:31:44     -205.180984        0.010255
BFGS:  363 22:31:44     -205.181150        0.013446
BFGS:  364 22:31:44     -205.181271        0.013727
BFGS:  365 22:31:45     -205.181346        0.011826
BFGS:  366 22:31:45     -205.181431        0.008313
BFGS:  367 22:31:45     -205.181673        0.008680
BFGS:  368 22:31:45     -205.181995        0.015192
BFGS:  369 22:31:45     -205.182156        0.027538
BFGS:  370 22:31:45     -205.182321        0.032843
BFGS:  371 22:31:45     -205.182860        0.029120
BFGS:  372 22:31:45     -205.183432        0.031519
BFGS:  373 22:31:46     -205.184432        0.035283
BFGS:  374 22:31:46     -205.186219        0.035689
BFGS:  375 22:31:46     -205.187642        0.040363
BFGS:  376 22:31:46     -205.188290        0.034530
BFGS:  377 22:31:46     -205.188537        0.036075
BFGS:  378 22:31:46     -205.188712        0.030284
BFGS:  379 22:31:46     -205.188934        0.018653
BFGS:  380 22:31:47     -205.189022        0.015519
BFGS:  381 22:31:47     -205.189234        0.014223
BFGS:  382 22:31:47     -205.189552        0.019301
BFGS:  383 22:31:47     -205.190129        0.024198
BFGS:  384 22:31:47     -205.190729        0.024339
BFGS:  385 22:31:47     -205.191100        0.025534
BFGS:  386 22:31:47     -205.191256        0.022726
BFGS:  387 22:31:47     -205.191354        0.017071
BFGS:  388 22:31:48     -205.191446        0.010266
BFGS:  389 22:31:48     -205.191519        0.008197
BFGS:  390 22:31:48     -205.191548        0.006275
BFGS:  391 22:31:48     -205.191556        0.003991
BFGS:  392 22:31:48     -205.191559        0.002340
BFGS:  393 22:31:48     -205.191561        0.001223
BFGS:  394 22:31:48     -205.191562        0.001004
BFGS:  395 22:31:48     -205.191563        0.001505
BFGS:  396 22:31:49     -205.191564        0.001857
BFGS:  397 22:31:49     -205.191565        0.001874
BFGS:  398 22:31:49     -205.191566        0.001630
BFGS:  399 22:31:49     -205.191568        0.001965
BFGS:  400 22:31:49     -205.191569        0.001965
BFGS:  401 22:31:49     -205.191570        0.002097
BFGS:  402 22:31:49     -205.191572        0.001759
BFGS:  403 22:31:49     -205.191573        0.001325
BFGS:  404 22:31:50     -205.191574        0.001027
BFGS:  405 22:31:50     -205.191575        0.001197
BFGS:  406 22:31:50     -205.191576        0.001408
BFGS:  407 22:31:50     -205.191576        0.001228
BFGS:  408 22:31:50     -205.191576        0.000886
