      Step     Time          Energy          fmax
BFGS:    0 22:01:24      -51.138130        8.616776
BFGS:    1 22:01:24      -63.808769        4.295208
BFGS:    2 22:01:24      -71.670680        3.035918
BFGS:    3 22:01:24      -74.831077        2.406205
BFGS:    4 22:01:24      -76.292970        2.082340
BFGS:    5 22:01:24      -77.731558        1.829433
BFGS:    6 22:01:24      -79.059838        1.686784
BFGS:    7 22:01:25      -80.204325        1.609025
BFGS:    8 22:01:25      -81.140642        1.571287
BFGS:    9 22:01:25      -81.968084        1.587183
BFGS:   10 22:01:25      -82.968046        1.975220
BFGS:   11 22:01:25      -84.292471        2.167150
BFGS:   12 22:01:25      -85.568649        2.189124
BFGS:   13 22:01:25      -86.775062        2.148537
BFGS:   14 22:01:25      -87.917025        2.064793
BFGS:   15 22:01:25      -88.984881        1.942216
BFGS:   16 22:01:25      -89.959713        1.781579
BFGS:   17 22:01:25      -90.821198        1.584607
BFGS:   18 22:01:25      -91.553354        1.360165
BFGS:   19 22:01:25      -92.146420        1.126388
BFGS:   20 22:01:25      -92.603804        0.900015
BFGS:   21 22:01:26      -92.938932        0.700935
BFGS:   22 22:01:26      -93.172261        0.550373
BFGS:   23 22:01:26      -93.339393        0.478231
BFGS:   24 22:01:26      -93.491435        0.484325
BFGS:   25 22:01:26      -93.929175        0.567113
BFGS:   26 22:01:26      -94.496546        0.835413
BFGS:   27 22:01:26      -94.848371        0.740496
BFGS:   28 22:01:26      -95.140839        0.601185
BFGS:   29 22:01:26      -95.324788        0.525181
BFGS:   30 22:01:26      -95.728022        0.374065
BFGS:   31 22:01:26      -96.023454        0.332095
BFGS:   32 22:01:26      -96.234650        0.324223
BFGS:   33 22:01:26      -96.403228        0.299192
BFGS:   34 22:01:26      -96.519085        0.248058
BFGS:   35 22:01:27      -96.593655        0.187016
BFGS:   36 22:01:27      -96.650736        0.125693
BFGS:   37 22:01:27      -96.665006        0.127585
BFGS:   38 22:01:27      -96.679359        0.126351
BFGS:   39 22:01:27      -96.704227        0.132880
BFGS:   40 22:01:27      -96.750098        0.128101
BFGS:   41 22:01:27      -96.809425        0.122969
BFGS:   42 22:01:27      -96.857282        0.111028
BFGS:   43 22:01:27      -96.870665        0.108609
BFGS:   44 22:01:27      -96.874672        0.102320
BFGS:   45 22:01:27      -96.881011        0.089282
BFGS:   46 22:01:27      -96.892594        0.084317
BFGS:   47 22:01:27      -96.910539        0.081696
BFGS:   48 22:01:27      -96.924886        0.084796
BFGS:   49 22:01:27      -96.930433        0.089330
BFGS:   50 22:01:28      -96.932880        0.091160
BFGS:   51 22:01:28      -96.935782        0.091289
BFGS:   52 22:01:28      -96.941629        0.088458
BFGS:   53 22:01:28      -96.950982        0.080321
BFGS:   54 22:01:28      -96.960542        0.068774
BFGS:   55 22:01:28      -96.965502        0.060958
BFGS:   56 22:01:28      -96.966982        0.058212
BFGS:   57 22:01:28      -96.968137        0.056521
BFGS:   58 22:01:28      -96.970797        0.052943
BFGS:   59 22:01:28      -96.975435        0.054338
BFGS:   60 22:01:28      -96.981477        0.056945
BFGS:   61 22:01:28      -96.985514        0.058221
BFGS:   62 22:01:28      -96.986932        0.057768
BFGS:   63 22:01:28      -96.987583        0.056904
BFGS:   64 22:01:29      -96.988718        0.055408
BFGS:   65 22:01:29      -96.991135        0.052640
BFGS:   66 22:01:29      -96.995492        0.048292
BFGS:   67 22:01:29      -97.000655        0.043945
BFGS:   68 22:01:29      -97.003707        0.044554
BFGS:   69 22:01:29      -97.004801        0.044251
BFGS:   70 22:01:29      -97.005672        0.044560
BFGS:   71 22:01:29      -97.007271        0.045310
BFGS:   72 22:01:29      -97.010078        0.044747
BFGS:   73 22:01:29      -97.013554        0.041589
BFGS:   74 22:01:29      -97.015771        0.037232
BFGS:   75 22:01:29      -97.016475        0.034597
BFGS:   76 22:01:29      -97.016761        0.033502
BFGS:   77 22:01:29      -97.017267        0.032022
BFGS:   78 22:01:29      -97.018459        0.029123
BFGS:   79 22:01:30      -97.021055        0.028399
BFGS:   80 22:01:30      -97.025457        0.029873
BFGS:   81 22:01:30      -97.029899        0.028755
BFGS:   82 22:01:30      -97.031843        0.025059
BFGS:   83 22:01:30      -97.032320        0.025068
BFGS:   84 22:01:30      -97.032560        0.024007
BFGS:   85 22:01:30      -97.033023        0.022121
BFGS:   86 22:01:30      -97.034099        0.019027
BFGS:   87 22:01:30      -97.036244        0.020042
BFGS:   88 22:01:30      -97.039294        0.024788
BFGS:   89 22:01:30      -97.041604        0.019036
BFGS:   90 22:01:30      -97.042333        0.016370
BFGS:   91 22:01:30      -97.042467        0.016095
BFGS:   92 22:01:30      -97.042541        0.015855
BFGS:   93 22:01:31      -97.042740        0.015323
BFGS:   94 22:01:31      -97.043178        0.014716
BFGS:   95 22:01:31      -97.044138        0.018150
BFGS:   96 22:01:31      -97.045635        0.021596
BFGS:   97 22:01:31      -97.046946        0.016662
BFGS:   98 22:01:31      -97.047459        0.016268
BFGS:   99 22:01:31      -97.047571        0.016186
BFGS:  100 22:01:31      -97.047606        0.015934
BFGS:  101 22:01:31      -97.047680        0.015404
BFGS:  102 22:01:31      -97.047846        0.014426
BFGS:  103 22:01:31      -97.048210        0.012802
BFGS:  104 22:01:31      -97.048837        0.014377
BFGS:  105 22:01:31      -97.049523        0.013839
BFGS:  106 22:01:31      -97.049793        0.013657
BFGS:  107 22:01:31      -97.049825        0.013325
BFGS:  108 22:01:32      -97.049838        0.013152
BFGS:  109 22:01:32      -97.049873        0.012854
BFGS:  110 22:01:32      -97.049956        0.012382
BFGS:  111 22:01:32      -97.050173        0.011568
BFGS:  112 22:01:32      -97.050707        0.017156
BFGS:  113 22:01:32      -97.052021        0.031586
BFGS:  114 22:01:32      -97.054709        0.056324
BFGS:  115 22:01:32      -97.057143        0.081543
BFGS:  116 22:01:32      -97.060238        0.100446
BFGS:  117 22:01:32      -97.065253        0.100218
BFGS:  118 22:01:32      -97.070838        0.082749
BFGS:  119 22:01:32      -97.079942        0.081674
BFGS:  120 22:01:32      -97.098870        0.077474
BFGS:  121 22:01:32      -97.111248        0.064168
BFGS:  122 22:01:33      -97.118790        0.066482
BFGS:  123 22:01:33      -97.119088        0.072930
BFGS:  124 22:01:33      -97.124197        0.047279
BFGS:  125 22:01:33      -97.124903        0.048309
BFGS:  126 22:01:33      -97.125980        0.048535
BFGS:  127 22:01:33      -97.128113        0.047473
BFGS:  128 22:01:33      -97.132116        0.045395
BFGS:  129 22:01:33      -97.138861        0.058750
BFGS:  130 22:01:33      -97.142603        0.066606
BFGS:  131 22:01:33      -97.144674        0.053689
BFGS:  132 22:01:33      -97.146069        0.049725
BFGS:  133 22:01:33      -97.148032        0.051154
BFGS:  134 22:01:33      -97.155299        0.055914
BFGS:  135 22:01:33      -97.166663        0.074452
BFGS:  136 22:01:33      -97.178384        0.085808
BFGS:  137 22:01:34      -97.190132        0.093573
BFGS:  138 22:01:34      -97.200817        0.084272
BFGS:  139 22:01:34      -97.204244        0.075539
BFGS:  140 22:01:34      -97.206577        0.058764
BFGS:  141 22:01:34      -97.207450        0.055728
BFGS:  142 22:01:34      -97.211483        0.043215
BFGS:  143 22:01:34      -97.216059        0.055543
BFGS:  144 22:01:34      -97.222360        0.086026
BFGS:  145 22:01:34      -97.227524        0.093533
BFGS:  146 22:01:34      -97.230389        0.081563
BFGS:  147 22:01:34      -97.231332        0.060353
BFGS:  148 22:01:34      -97.231990        0.040002
BFGS:  149 22:01:34      -97.232653        0.023276
BFGS:  150 22:01:34      -97.233299        0.046368
BFGS:  151 22:01:35      -97.233705        0.060230
BFGS:  152 22:01:35      -97.234138        0.063968
BFGS:  153 22:01:35      -97.234665        0.054473
BFGS:  154 22:01:35      -97.235286        0.033462
BFGS:  155 22:01:35      -97.235766        0.019848
BFGS:  156 22:01:35      -97.236023        0.020118
BFGS:  157 22:01:35      -97.236166        0.022374
BFGS:  158 22:01:35      -97.236331        0.022929
BFGS:  159 22:01:35      -97.236643        0.022417
BFGS:  160 22:01:35      -97.237225        0.023050
BFGS:  161 22:01:35      -97.238102        0.026558
BFGS:  162 22:01:35      -97.238950        0.038707
BFGS:  163 22:01:35      -97.239496        0.039235
BFGS:  164 22:01:35      -97.239794        0.031474
BFGS:  165 22:01:36      -97.240032        0.020421
BFGS:  166 22:01:36      -97.240406        0.017562
BFGS:  167 22:01:36      -97.240960        0.037935
BFGS:  168 22:01:36      -97.241611        0.064802
BFGS:  169 22:01:36      -97.242229        0.075141
BFGS:  170 22:01:36      -97.242843        0.067629
BFGS:  171 22:01:36      -97.243523        0.044705
BFGS:  172 22:01:36      -97.244070        0.014840
BFGS:  173 22:01:36      -97.244334        0.014230
BFGS:  174 22:01:36      -97.244439        0.016566
BFGS:  175 22:01:36      -97.244533        0.014714
BFGS:  176 22:01:36      -97.244729        0.013577
BFGS:  177 22:01:36      -97.245117        0.014828
BFGS:  178 22:01:36      -97.245733        0.015652
BFGS:  179 22:01:36      -97.246315        0.016440
BFGS:  180 22:01:37      -97.246593        0.012576
BFGS:  181 22:01:37      -97.246677        0.011574
BFGS:  182 22:01:37      -97.246736        0.010293
BFGS:  183 22:01:37      -97.246866        0.011784
BFGS:  184 22:01:37      -97.247084        0.017401
BFGS:  185 22:01:37      -97.247362        0.021564
BFGS:  186 22:01:37      -97.247569        0.022740
BFGS:  187 22:01:37      -97.247685        0.018687
BFGS:  188 22:01:37      -97.247785        0.014158
BFGS:  189 22:01:37      -97.247929        0.012025
BFGS:  190 22:01:37      -97.248107        0.023373
BFGS:  191 22:01:37      -97.248263        0.029117
BFGS:  192 22:01:37      -97.248375        0.026541
BFGS:  193 22:01:37      -97.248479        0.020862
BFGS:  194 22:01:38      -97.248594        0.010769
BFGS:  195 22:01:38      -97.248676        0.006770
BFGS:  196 22:01:38      -97.248708        0.006497
BFGS:  197 22:01:38      -97.248722        0.006366
BFGS:  198 22:01:38      -97.248741        0.006234
BFGS:  199 22:01:38      -97.248786        0.006026
BFGS:  200 22:01:38      -97.248875        0.005835
BFGS:  201 22:01:38      -97.249008        0.007767
BFGS:  202 22:01:38      -97.249118        0.006181
BFGS:  203 22:01:38      -97.249161        0.005472
BFGS:  204 22:01:38      -97.249174        0.005583
BFGS:  205 22:01:38      -97.249186        0.005667
BFGS:  206 22:01:38      -97.249218        0.005778
BFGS:  207 22:01:38      -97.249277        0.006931
BFGS:  208 22:01:38      -97.249362        0.007159
BFGS:  209 22:01:39      -97.249431        0.007260
BFGS:  210 22:01:39      -97.249459        0.006713
BFGS:  211 22:01:39      -97.249471        0.005751
BFGS:  212 22:01:39      -97.249488        0.004928
BFGS:  213 22:01:39      -97.249521        0.004808
BFGS:  214 22:01:39      -97.249570        0.005096
BFGS:  215 22:01:39      -97.249614        0.005748
BFGS:  216 22:01:39      -97.249635        0.006019
BFGS:  217 22:01:39      -97.249644        0.005333
BFGS:  218 22:01:39      -97.249656        0.005012
BFGS:  219 22:01:39      -97.249683        0.005105
BFGS:  220 22:01:39      -97.249736        0.005172
BFGS:  221 22:01:39      -97.249811        0.005992
BFGS:  222 22:01:39      -97.249874        0.007733
BFGS:  223 22:01:40      -97.249902        0.007521
BFGS:  224 22:01:40      -97.249916        0.006753
BFGS:  225 22:01:40      -97.249938        0.006888
BFGS:  226 22:01:40      -97.249992        0.007461
BFGS:  227 22:01:40      -97.250107        0.007093
BFGS:  228 22:01:40      -97.250306        0.012665
BFGS:  229 22:01:40      -97.250527        0.018967
BFGS:  230 22:01:40      -97.250675        0.020847
BFGS:  231 22:01:40      -97.250755        0.019444
BFGS:  232 22:01:40      -97.250838        0.017275
BFGS:  233 22:01:40      -97.251008        0.013333
BFGS:  234 22:01:40      -97.251290        0.013362
BFGS:  235 22:01:40      -97.251612        0.011782
BFGS:  236 22:01:40      -97.251818        0.011977
BFGS:  237 22:01:41      -97.251906        0.012495
BFGS:  238 22:01:41      -97.251970        0.013168
BFGS:  239 22:01:41      -97.252247        0.014771
BFGS:  240 22:01:41      -97.253780        0.015801
BFGS:  241 22:01:41      -97.257678        0.015376
BFGS:  242 22:01:41      -97.263445        0.020107
BFGS:  243 22:01:41      -97.266994        0.030857
BFGS:  244 22:01:41      -97.269058        0.036724
BFGS:  245 22:01:41      -97.272010        0.036561
BFGS:  246 22:01:41      -97.275157        0.035600
BFGS:  247 22:01:41      -97.278534        0.036924
BFGS:  248 22:01:41      -97.282940        0.037619
BFGS:  249 22:01:41      -97.288703        0.043686
BFGS:  250 22:01:41      -97.297237        0.054715
BFGS:  251 22:01:41      -97.313853        0.073129
BFGS:  252 22:01:42      -97.333951        0.081986
BFGS:  253 22:01:42      -97.349341        0.084558
BFGS:  254 22:01:42      -97.364201        0.082161
BFGS:  255 22:01:42      -97.379747        0.085231
BFGS:  256 22:01:42      -97.395141        0.088781
BFGS:  257 22:01:42      -97.410630        0.094633
BFGS:  258 22:01:42      -97.425738        0.101894
BFGS:  259 22:01:42      -97.440320        0.108031
BFGS:  260 22:01:42      -97.454151        0.112680
BFGS:  261 22:01:42      -97.467277        0.116488
BFGS:  262 22:01:42      -97.480125        0.120065
BFGS:  263 22:01:42      -97.491948        0.127404
BFGS:  264 22:01:42      -97.503472        0.135265
BFGS:  265 22:01:42      -97.513842        0.141452
BFGS:  266 22:01:43      -97.523887        0.148292
BFGS:  267 22:01:43      -97.533096        0.153493
BFGS:  268 22:01:43      -97.542039        0.159291
BFGS:  269 22:01:43      -97.550529        0.163704
BFGS:  270 22:01:43      -97.559009        0.168785
BFGS:  271 22:01:43      -97.567301        0.172648
BFGS:  272 22:01:43      -97.575639        0.177041
BFGS:  273 22:01:43      -97.583776        0.179550
BFGS:  274 22:01:43      -97.591832        0.182068
BFGS:  275 22:01:43      -97.599773        0.183173
BFGS:  276 22:01:43      -97.607747        0.184533
BFGS:  277 22:01:43      -97.615822        0.184648
BFGS:  278 22:01:43      -97.624131        0.185114
BFGS:  279 22:01:43      -97.632772        0.184077
BFGS:  280 22:01:44      -97.641928        0.182185
BFGS:  281 22:01:44      -97.651737        0.177791
BFGS:  282 22:01:44      -97.662602        0.170172
BFGS:  283 22:01:44      -97.674472        0.160647
BFGS:  284 22:01:44      -97.687264        0.146281
BFGS:  285 22:01:44      -97.700718        0.130731
BFGS:  286 22:01:44      -97.714937        0.109919
BFGS:  287 22:01:44      -97.730672        0.089634
BFGS:  288 22:01:44      -97.745742        0.091860
BFGS:  289 22:01:44      -97.755171        0.112269
BFGS:  290 22:01:44      -97.763699        0.102218
BFGS:  291 22:01:44      -97.771448        0.085695
BFGS:  292 22:01:44      -97.777514        0.079052
BFGS:  293 22:01:44      -97.780750        0.071863
BFGS:  294 22:01:44      -97.783960        0.066345
BFGS:  295 22:01:45      -97.789067        0.069163
BFGS:  296 22:01:45      -97.792078        0.066751
BFGS:  297 22:01:45      -97.794324        0.064898
BFGS:  298 22:01:45      -97.796893        0.064351
BFGS:  299 22:01:45      -97.801349        0.069680
BFGS:  300 22:01:45      -97.804990        0.069175
BFGS:  301 22:01:45      -97.807553        0.065688
BFGS:  302 22:01:45      -97.809207        0.062857
BFGS:  303 22:01:45      -97.810737        0.060166
BFGS:  304 22:01:45      -97.813124        0.058144
BFGS:  305 22:01:45      -97.816737        0.056910
BFGS:  306 22:01:45      -97.821132        0.060068
BFGS:  307 22:01:45      -97.824640        0.071064
BFGS:  308 22:01:45      -97.827036        0.082177
BFGS:  309 22:01:46      -97.828884        0.083197
BFGS:  310 22:01:46      -97.830585        0.080681
BFGS:  311 22:01:46      -97.832877        0.064821
BFGS:  312 22:01:46      -97.835452        0.050879
BFGS:  313 22:01:46      -97.837660        0.048475
BFGS:  314 22:01:46      -97.839331        0.051030
BFGS:  315 22:01:46      -97.840919        0.065182
BFGS:  316 22:01:46      -97.842592        0.082106
BFGS:  317 22:01:46      -97.844393        0.087121
BFGS:  318 22:01:46      -97.846521        0.080389
BFGS:  319 22:01:46      -97.849756        0.063275
BFGS:  320 22:01:46      -97.855093        0.062771
BFGS:  321 22:01:46      -97.863329        0.074189
BFGS:  322 22:01:46      -97.871978        0.094091
BFGS:  323 22:01:47      -97.877342        0.098393
BFGS:  324 22:01:47      -97.881146        0.089720
BFGS:  325 22:01:47      -97.884631        0.086467
BFGS:  326 22:01:47      -97.889234        0.083276
BFGS:  327 22:01:47      -97.894917        0.087385
BFGS:  328 22:01:47      -97.901821        0.081827
BFGS:  329 22:01:47      -97.906634        0.058899
BFGS:  330 22:01:47      -97.910074        0.057293
BFGS:  331 22:01:47      -97.912240        0.058350
BFGS:  332 22:01:47      -97.913831        0.054522
BFGS:  333 22:01:47      -97.915526        0.046596
BFGS:  334 22:01:47      -97.917662        0.044453
BFGS:  335 22:01:47      -97.920713        0.056624
BFGS:  336 22:01:47      -97.924502        0.060413
BFGS:  337 22:01:47      -97.927443        0.046771
BFGS:  338 22:01:48      -97.929469        0.037077
BFGS:  339 22:01:48      -97.930638        0.036511
BFGS:  340 22:01:48      -97.931878        0.034645
BFGS:  341 22:01:48      -97.933565        0.032167
BFGS:  342 22:01:48      -97.935384        0.031286
BFGS:  343 22:01:48      -97.936594        0.028916
BFGS:  344 22:01:48      -97.937131        0.032130
BFGS:  345 22:01:48      -97.937442        0.031721
BFGS:  346 22:01:48      -97.937786        0.027302
BFGS:  347 22:01:48      -97.938251        0.019138
BFGS:  348 22:01:48      -97.938748        0.010528
BFGS:  349 22:01:48      -97.939069        0.012622
BFGS:  350 22:01:48      -97.939185        0.014176
BFGS:  351 22:01:48      -97.939229        0.013162
BFGS:  352 22:01:49      -97.939271        0.011284
BFGS:  353 22:01:49      -97.939345        0.008000
BFGS:  354 22:01:49      -97.939463        0.007644
BFGS:  355 22:01:49      -97.939594        0.007876
BFGS:  356 22:01:49      -97.939676        0.009087
BFGS:  357 22:01:49      -97.939709        0.008809
BFGS:  358 22:01:49      -97.939733        0.008426
BFGS:  359 22:01:49      -97.939779        0.007482
BFGS:  360 22:01:49      -97.939870        0.007089
BFGS:  361 22:01:49      -97.940017        0.007958
BFGS:  362 22:01:49      -97.940163        0.009938
BFGS:  363 22:01:49      -97.940242        0.011529
BFGS:  364 22:01:49      -97.940276        0.011258
BFGS:  365 22:01:49      -97.940311        0.009923
BFGS:  366 22:01:50      -97.940379        0.007321
BFGS:  367 22:01:50      -97.940479        0.005482
BFGS:  368 22:01:50      -97.940568        0.006279
BFGS:  369 22:01:50      -97.940605        0.006709
BFGS:  370 22:01:50      -97.940616        0.006541
BFGS:  371 22:01:50      -97.940626        0.005841
BFGS:  372 22:01:50      -97.940647        0.004321
BFGS:  373 22:01:50      -97.940680        0.003062
BFGS:  374 22:01:50      -97.940712        0.003835
BFGS:  375 22:01:50      -97.940727        0.004286
BFGS:  376 22:01:50      -97.940731        0.003842
BFGS:  377 22:01:50      -97.940733        0.003396
BFGS:  378 22:01:50      -97.940738        0.002670
BFGS:  379 22:01:50      -97.940745        0.002096
BFGS:  380 22:01:51      -97.940754        0.002259
BFGS:  381 22:01:51      -97.940760        0.002271
BFGS:  382 22:01:51      -97.940762        0.001837
BFGS:  383 22:01:51      -97.940762        0.001600
BFGS:  384 22:01:51      -97.940763        0.001314
BFGS:  385 22:01:51      -97.940765        0.001001
BFGS:  386 22:01:51      -97.940768        0.001070
BFGS:  387 22:01:51      -97.940770        0.001495
BFGS:  388 22:01:51      -97.940771        0.001495
BFGS:  389 22:01:51      -97.940772        0.001318
BFGS:  390 22:01:51      -97.940772        0.001092
BFGS:  391 22:01:51      -97.940773        0.000845
