      Step     Time          Energy          fmax
BFGS:    0 14:55:14       42.866398       27.908730
BFGS:    1 14:55:14      -10.328924       13.109743
BFGS:    2 14:55:14      -47.130100        6.483857
BFGS:    3 14:55:14      -67.188306        3.992472
BFGS:    4 14:55:14      -76.763426        2.783614
BFGS:    5 14:55:14      -80.514619        2.138433
BFGS:    6 14:55:14      -81.978582        1.979085
BFGS:    7 14:55:14      -83.545848        1.811822
BFGS:    8 14:55:14      -84.989384        1.573363
BFGS:    9 14:55:14      -86.360817        1.553780
BFGS:   10 14:55:14      -87.611054        1.386585
BFGS:   11 14:55:15      -88.644625        1.102759
BFGS:   12 14:55:15      -89.412933        0.882931
BFGS:   13 14:55:15      -89.896374        0.829669
BFGS:   14 14:55:15      -90.212599        0.913399
BFGS:   15 14:55:15      -90.742260        0.821745
BFGS:   16 14:55:15      -90.985447        0.844740
BFGS:   17 14:55:15      -91.275441        0.846917
BFGS:   18 14:55:15      -91.752206        0.821319
BFGS:   19 14:55:15      -92.053296        0.779692
BFGS:   20 14:55:15      -92.293131        0.864397
BFGS:   21 14:55:15      -92.517294        0.874153
BFGS:   22 14:55:15      -92.748063        0.839296
BFGS:   23 14:55:15      -93.003556        0.768027
BFGS:   24 14:55:15      -93.291335        0.661304
BFGS:   25 14:55:16      -93.609653        0.683871
BFGS:   26 14:55:16      -93.944704        0.670699
BFGS:   27 14:55:16      -94.249847        0.691390
BFGS:   28 14:55:16      -94.437746        0.645737
BFGS:   29 14:55:16      -94.788531        0.601915
BFGS:   30 14:55:16      -95.158794        0.529754
BFGS:   31 14:55:16      -95.383390        0.489943
BFGS:   32 14:55:16      -95.547381        0.446819
BFGS:   33 14:55:16      -95.680495        0.408714
BFGS:   34 14:55:16      -95.796263        0.444626
BFGS:   35 14:55:16      -95.901330        0.481414
BFGS:   36 14:55:16      -96.002304        0.498173
BFGS:   37 14:55:16      -96.103141        0.504190
BFGS:   38 14:55:16      -96.204949        0.502767
BFGS:   39 14:55:16      -96.310239        0.486668
BFGS:   40 14:55:17      -96.420427        0.454322
BFGS:   41 14:55:17      -96.532086        0.411802
BFGS:   42 14:55:17      -96.639597        0.387129
BFGS:   43 14:55:17      -96.740618        0.419717
BFGS:   44 14:55:17      -96.836210        0.449426
BFGS:   45 14:55:17      -96.928279        0.476017
BFGS:   46 14:55:17      -97.016900        0.499582
BFGS:   47 14:55:17      -97.101703        0.520309
BFGS:   48 14:55:17      -97.183638        0.538094
BFGS:   49 14:55:17      -97.264455        0.552453
BFGS:   50 14:55:17      -97.346200        0.562754
BFGS:   51 14:55:17      -97.430231        0.568611
BFGS:   52 14:55:17      -97.517162        0.569812
BFGS:   53 14:55:17      -97.607572        0.565927
BFGS:   54 14:55:17      -97.704148        0.555668
BFGS:   55 14:55:18      -97.810184        0.537668
BFGS:   56 14:55:18      -97.923413        0.564338
BFGS:   57 14:55:18      -98.053371        0.605465
BFGS:   58 14:55:18      -98.196155        0.633549
BFGS:   59 14:55:18      -98.392249        0.638663
BFGS:   60 14:55:18      -98.576654        0.627948
BFGS:   61 14:55:18      -98.756044        0.579408
BFGS:   62 14:55:18      -98.975749        0.509203
BFGS:   63 14:55:18      -99.117951        0.468244
BFGS:   64 14:55:18      -99.265413        0.427797
BFGS:   65 14:55:18      -99.367393        0.337681
BFGS:   66 14:55:18      -99.459766        0.345271
BFGS:   67 14:55:18      -99.583039        0.349863
BFGS:   68 14:55:18      -99.720325        0.385587
BFGS:   69 14:55:19      -99.859182        0.399345
BFGS:   70 14:55:19      -99.980828        0.382164
BFGS:   71 14:55:19     -100.105501        0.358537
BFGS:   72 14:55:19     -100.238207        0.327602
BFGS:   73 14:55:19     -100.348431        0.260298
BFGS:   74 14:55:19     -100.421070        0.207891
BFGS:   75 14:55:19     -100.450656        0.186069
BFGS:   76 14:55:19     -100.474864        0.182733
BFGS:   77 14:55:19     -100.510176        0.179183
BFGS:   78 14:55:19     -100.564096        0.193627
BFGS:   79 14:55:19     -100.620984        0.223093
BFGS:   80 14:55:19     -100.669325        0.261077
BFGS:   81 14:55:19     -100.726301        0.271702
BFGS:   82 14:55:19     -100.756574        0.197271
BFGS:   83 14:55:19     -100.772607        0.137048
BFGS:   84 14:55:20     -100.786984        0.182887
BFGS:   85 14:55:20     -100.806785        0.211136
BFGS:   86 14:55:20     -100.837342        0.256454
BFGS:   87 14:55:20     -100.879974        0.316706
BFGS:   88 14:55:20     -100.922169        0.278036
BFGS:   89 14:55:20     -100.946638        0.198504
BFGS:   90 14:55:20     -100.961821        0.123515
BFGS:   91 14:55:20     -100.972406        0.100981
BFGS:   92 14:55:20     -100.981835        0.106132
BFGS:   93 14:55:20     -100.991519        0.118812
BFGS:   94 14:55:20     -101.002749        0.132416
BFGS:   95 14:55:20     -101.018502        0.141613
BFGS:   96 14:55:20     -101.042648        0.155258
BFGS:   97 14:55:20     -101.077038        0.248451
BFGS:   98 14:55:20     -101.116950        0.292486
BFGS:   99 14:55:21     -101.142943        0.222591
BFGS:  100 14:55:21     -101.159284        0.115068
BFGS:  101 14:55:21     -101.170013        0.121833
BFGS:  102 14:55:21     -101.180267        0.145709
BFGS:  103 14:55:21     -101.191382        0.204162
BFGS:  104 14:55:21     -101.207993        0.223179
BFGS:  105 14:55:21     -101.239407        0.201594
BFGS:  106 14:55:21     -101.283711        0.159778
BFGS:  107 14:55:21     -101.331101        0.165660
BFGS:  108 14:55:21     -101.359367        0.157899
BFGS:  109 14:55:21     -101.370786        0.178710
BFGS:  110 14:55:21     -101.378458        0.164628
BFGS:  111 14:55:21     -101.393119        0.126370
BFGS:  112 14:55:21     -101.413907        0.113949
BFGS:  113 14:55:21     -101.432876        0.134658
BFGS:  114 14:55:22     -101.445764        0.098090
BFGS:  115 14:55:22     -101.450654        0.093269
BFGS:  116 14:55:22     -101.454528        0.094230
BFGS:  117 14:55:22     -101.460240        0.092890
BFGS:  118 14:55:22     -101.469138        0.089524
BFGS:  119 14:55:22     -101.482492        0.083121
BFGS:  120 14:55:22     -101.497663        0.101790
BFGS:  121 14:55:22     -101.507686        0.095825
BFGS:  122 14:55:22     -101.512361        0.078503
BFGS:  123 14:55:22     -101.515596        0.079856
BFGS:  124 14:55:22     -101.520032        0.082716
BFGS:  125 14:55:22     -101.528584        0.085883
BFGS:  126 14:55:22     -101.541765        0.097901
BFGS:  127 14:55:22     -101.557797        0.107350
BFGS:  128 14:55:23     -101.574796        0.091697
BFGS:  129 14:55:23     -101.591025        0.082608
BFGS:  130 14:55:23     -101.607136        0.073604
BFGS:  131 14:55:23     -101.623349        0.074144
BFGS:  132 14:55:23     -101.638116        0.078250
BFGS:  133 14:55:23     -101.651960        0.083365
BFGS:  134 14:55:23     -101.662569        0.084436
BFGS:  135 14:55:23     -101.669954        0.089816
BFGS:  136 14:55:23     -101.673378        0.088667
BFGS:  137 14:55:23     -101.678688        0.087325
BFGS:  138 14:55:23     -101.692490        0.114056
BFGS:  139 14:55:23     -101.715363        0.179520
BFGS:  140 14:55:23     -101.738734        0.165141
BFGS:  141 14:55:23     -101.756112        0.084191
BFGS:  142 14:55:23     -101.762613        0.048430
BFGS:  143 14:55:24     -101.764938        0.054221
BFGS:  144 14:55:24     -101.766178        0.054540
BFGS:  145 14:55:24     -101.768040        0.053859
BFGS:  146 14:55:24     -101.771873        0.052344
BFGS:  147 14:55:24     -101.777999        0.063173
BFGS:  148 14:55:24     -101.785730        0.082696
BFGS:  149 14:55:24     -101.791428        0.091566
BFGS:  150 14:55:24     -101.799297        0.097028
BFGS:  151 14:55:24     -101.806863        0.060113
BFGS:  152 14:55:24     -101.808570        0.056943
BFGS:  153 14:55:24     -101.810452        0.059315
BFGS:  154 14:55:24     -101.812527        0.059479
BFGS:  155 14:55:24     -101.816855        0.058498
BFGS:  156 14:55:24     -101.823118        0.062149
BFGS:  157 14:55:24     -101.830418        0.063491
BFGS:  158 14:55:25     -101.835124        0.060757
BFGS:  159 14:55:25     -101.836736        0.057472
BFGS:  160 14:55:25     -101.837365        0.055849
BFGS:  161 14:55:25     -101.838512        0.053426
BFGS:  162 14:55:25     -101.840969        0.049815
BFGS:  163 14:55:25     -101.846201        0.063738
BFGS:  164 14:55:25     -101.854589        0.079908
BFGS:  165 14:55:25     -101.863691        0.069835
BFGS:  166 14:55:25     -101.868779        0.050546
BFGS:  167 14:55:25     -101.869981        0.049733
BFGS:  168 14:55:25     -101.871028        0.048971
BFGS:  169 14:55:25     -101.873318        0.054122
BFGS:  170 14:55:25     -101.878043        0.085673
BFGS:  171 14:55:25     -101.886934        0.115734
BFGS:  172 14:55:25     -101.896725        0.095666
BFGS:  173 14:55:26     -101.902244        0.047519
BFGS:  174 14:55:26     -101.903821        0.045854
BFGS:  175 14:55:26     -101.904255        0.045093
BFGS:  176 14:55:26     -101.905022        0.043595
BFGS:  177 14:55:26     -101.906541        0.041044
BFGS:  178 14:55:26     -101.909414        0.037510
BFGS:  179 14:55:26     -101.914360        0.033719
BFGS:  180 14:55:26     -101.922094        0.038453
BFGS:  181 14:55:26     -101.930145        0.040010
BFGS:  182 14:55:26     -101.936446        0.041065
BFGS:  183 14:55:26     -101.938393        0.040026
BFGS:  184 14:55:26     -101.939491        0.039969
BFGS:  185 14:55:26     -101.940576        0.039459
BFGS:  186 14:55:26     -101.943053        0.037539
BFGS:  187 14:55:27     -101.947367        0.052267
BFGS:  188 14:55:27     -101.955820        0.082492
BFGS:  189 14:55:27     -101.964919        0.090385
BFGS:  190 14:55:27     -101.972568        0.082704
BFGS:  191 14:55:27     -101.978883        0.069667
BFGS:  192 14:55:27     -101.983817        0.056327
BFGS:  193 14:55:27     -101.987460        0.041622
BFGS:  194 14:55:27     -101.989777        0.042201
BFGS:  195 14:55:27     -101.990682        0.043720
BFGS:  196 14:55:27     -101.991651        0.043934
BFGS:  197 14:55:27     -101.994399        0.042007
BFGS:  198 14:55:27     -101.998843        0.061616
BFGS:  199 14:55:27     -102.005375        0.075526
BFGS:  200 14:55:27     -102.010372        0.053796
BFGS:  201 14:55:27     -102.012565        0.024849
BFGS:  202 14:55:28     -102.013054        0.028107
BFGS:  203 14:55:28     -102.013250        0.027533
BFGS:  204 14:55:28     -102.013571        0.026409
BFGS:  205 14:55:28     -102.014095        0.026401
BFGS:  206 14:55:28     -102.015290        0.025473
BFGS:  207 14:55:28     -102.017467        0.027812
BFGS:  208 14:55:28     -102.020123        0.030801
BFGS:  209 14:55:28     -102.021498        0.031993
BFGS:  210 14:55:28     -102.021911        0.031402
BFGS:  211 14:55:28     -102.022034        0.031608
BFGS:  212 14:55:28     -102.022263        0.031679
BFGS:  213 14:55:28     -102.022778        0.031700
BFGS:  214 14:55:28     -102.023979        0.031651
BFGS:  215 14:55:28     -102.026424        0.037961
BFGS:  216 14:55:29     -102.030265        0.045268
BFGS:  217 14:55:29     -102.034064        0.039673
BFGS:  218 14:55:29     -102.035605        0.027645
BFGS:  219 14:55:29     -102.035954        0.027053
BFGS:  220 14:55:29     -102.036129        0.027439
BFGS:  221 14:55:29     -102.036376        0.027447
BFGS:  222 14:55:29     -102.036909        0.027453
BFGS:  223 14:55:29     -102.037730        0.048547
BFGS:  224 14:55:29     -102.038658        0.070959
BFGS:  225 14:55:29     -102.039664        0.081477
BFGS:  226 14:55:29     -102.041207        0.080695
BFGS:  227 14:55:29     -102.043942        0.075601
BFGS:  228 14:55:29     -102.048246        0.069350
BFGS:  229 14:55:29     -102.052755        0.044749
BFGS:  230 14:55:29     -102.054963        0.034300
BFGS:  231 14:55:30     -102.055582        0.028061
BFGS:  232 14:55:30     -102.055829        0.022490
BFGS:  233 14:55:30     -102.056017        0.019441
BFGS:  234 14:55:30     -102.056373        0.019234
BFGS:  235 14:55:30     -102.056933        0.046809
BFGS:  236 14:55:30     -102.057830        0.082265
BFGS:  237 14:55:30     -102.059224        0.115290
BFGS:  238 14:55:30     -102.061366        0.131760
BFGS:  239 14:55:30     -102.064222        0.112277
BFGS:  240 14:55:30     -102.066905        0.068794
BFGS:  241 14:55:30     -102.068434        0.037817
BFGS:  242 14:55:30     -102.068995        0.030769
BFGS:  243 14:55:30     -102.069202        0.027161
BFGS:  244 14:55:30     -102.069356        0.020144
BFGS:  245 14:55:30     -102.069494        0.013370
BFGS:  246 14:55:31     -102.069619        0.013078
BFGS:  247 14:55:31     -102.069708        0.015074
BFGS:  248 14:55:31     -102.069771        0.013436
BFGS:  249 14:55:31     -102.069830        0.010890
BFGS:  250 14:55:31     -102.069892        0.009722
BFGS:  251 14:55:31     -102.069941        0.011012
BFGS:  252 14:55:31     -102.069985        0.009593
BFGS:  253 14:55:31     -102.070029        0.007723
BFGS:  254 14:55:31     -102.070075        0.008299
BFGS:  255 14:55:31     -102.070125        0.011168
BFGS:  256 14:55:31     -102.070188        0.012999
BFGS:  257 14:55:31     -102.070282        0.016387
BFGS:  258 14:55:31     -102.070431        0.021573
BFGS:  259 14:55:31     -102.070628        0.023667
BFGS:  260 14:55:32     -102.070798        0.018910
BFGS:  261 14:55:32     -102.070873        0.011014
BFGS:  262 14:55:32     -102.070897        0.006942
BFGS:  263 14:55:32     -102.070913        0.006441
BFGS:  264 14:55:32     -102.070935        0.006956
BFGS:  265 14:55:32     -102.070961        0.008968
BFGS:  266 14:55:32     -102.070988        0.009877
BFGS:  267 14:55:32     -102.071011        0.007404
BFGS:  268 14:55:32     -102.071028        0.004061
BFGS:  269 14:55:32     -102.071039        0.004078
BFGS:  270 14:55:32     -102.071044        0.004072
BFGS:  271 14:55:32     -102.071048        0.004055
BFGS:  272 14:55:32     -102.071055        0.004032
BFGS:  273 14:55:32     -102.071067        0.004812
BFGS:  274 14:55:32     -102.071090        0.008412
BFGS:  275 14:55:33     -102.071122        0.010857
BFGS:  276 14:55:33     -102.071152        0.009926
BFGS:  277 14:55:33     -102.071171        0.006967
BFGS:  278 14:55:33     -102.071183        0.005273
BFGS:  279 14:55:33     -102.071201        0.010358
BFGS:  280 14:55:33     -102.071236        0.019877
BFGS:  281 14:55:33     -102.071303        0.031783
BFGS:  282 14:55:33     -102.071423        0.042099
BFGS:  283 14:55:33     -102.071591        0.042098
BFGS:  284 14:55:33     -102.071747        0.026260
BFGS:  285 14:55:33     -102.071838        0.010776
BFGS:  286 14:55:33     -102.071887        0.010979
BFGS:  287 14:55:33     -102.071941        0.017081
BFGS:  288 14:55:33     -102.072032        0.023640
BFGS:  289 14:55:34     -102.072186        0.027220
BFGS:  290 14:55:34     -102.072397        0.028192
BFGS:  291 14:55:34     -102.072584        0.025757
BFGS:  292 14:55:34     -102.072683        0.016998
BFGS:  293 14:55:34     -102.072725        0.010192
BFGS:  294 14:55:34     -102.072751        0.009379
BFGS:  295 14:55:34     -102.072777        0.008650
BFGS:  296 14:55:34     -102.072800        0.013803
BFGS:  297 14:55:34     -102.072826        0.015257
BFGS:  298 14:55:34     -102.072862        0.012495
BFGS:  299 14:55:34     -102.072898        0.006505
BFGS:  300 14:55:34     -102.072921        0.003925
BFGS:  301 14:55:34     -102.072929        0.003497
BFGS:  302 14:55:34     -102.072933        0.002846
BFGS:  303 14:55:34     -102.072937        0.002551
BFGS:  304 14:55:35     -102.072942        0.002643
BFGS:  305 14:55:35     -102.072947        0.003138
BFGS:  306 14:55:35     -102.072951        0.003723
BFGS:  307 14:55:35     -102.072954        0.004114
BFGS:  308 14:55:35     -102.072958        0.003731
BFGS:  309 14:55:35     -102.072962        0.002701
BFGS:  310 14:55:35     -102.072966        0.002664
BFGS:  311 14:55:35     -102.072969        0.002621
BFGS:  312 14:55:35     -102.072971        0.002599
BFGS:  313 14:55:35     -102.072973        0.002696
BFGS:  314 14:55:35     -102.072977        0.002692
BFGS:  315 14:55:35     -102.072983        0.004460
BFGS:  316 14:55:35     -102.072993        0.006497
BFGS:  317 14:55:35     -102.073008        0.007736
BFGS:  318 14:55:35     -102.073023        0.007130
BFGS:  319 14:55:36     -102.073035        0.005228
BFGS:  320 14:55:36     -102.073043        0.004617
BFGS:  321 14:55:36     -102.073053        0.005471
BFGS:  322 14:55:36     -102.073069        0.009477
BFGS:  323 14:55:36     -102.073094        0.015328
BFGS:  324 14:55:36     -102.073132        0.020028
BFGS:  325 14:55:36     -102.073185        0.020442
BFGS:  326 14:55:36     -102.073241        0.014317
BFGS:  327 14:55:36     -102.073284        0.011439
BFGS:  328 14:55:36     -102.073306        0.006697
BFGS:  329 14:55:36     -102.073320        0.006352
BFGS:  330 14:55:36     -102.073337        0.007137
BFGS:  331 14:55:36     -102.073364        0.010682
BFGS:  332 14:55:36     -102.073404        0.015278
BFGS:  333 14:55:37     -102.073447        0.014129
BFGS:  334 14:55:37     -102.073476        0.009793
BFGS:  335 14:55:37     -102.073488        0.005107
BFGS:  336 14:55:37     -102.073493        0.004052
BFGS:  337 14:55:37     -102.073498        0.003516
BFGS:  338 14:55:37     -102.073503        0.004435
BFGS:  339 14:55:37     -102.073509        0.006026
BFGS:  340 14:55:37     -102.073518        0.006431
BFGS:  341 14:55:37     -102.073527        0.005084
BFGS:  342 14:55:37     -102.073533        0.003139
BFGS:  343 14:55:37     -102.073536        0.002614
BFGS:  344 14:55:37     -102.073539        0.002552
BFGS:  345 14:55:37     -102.073542        0.003309
BFGS:  346 14:55:37     -102.073545        0.004583
BFGS:  347 14:55:37     -102.073550        0.005527
BFGS:  348 14:55:38     -102.073556        0.006103
BFGS:  349 14:55:38     -102.073563        0.004990
BFGS:  350 14:55:38     -102.073567        0.002279
BFGS:  351 14:55:38     -102.073569        0.001910
BFGS:  352 14:55:38     -102.073570        0.001932
BFGS:  353 14:55:38     -102.073572        0.001950
BFGS:  354 14:55:38     -102.073574        0.002212
BFGS:  355 14:55:38     -102.073578        0.002884
BFGS:  356 14:55:38     -102.073582        0.002825
BFGS:  357 14:55:38     -102.073585        0.001962
BFGS:  358 14:55:38     -102.073587        0.001941
BFGS:  359 14:55:38     -102.073588        0.001930
BFGS:  360 14:55:38     -102.073589        0.001923
BFGS:  361 14:55:38     -102.073592        0.003393
BFGS:  362 14:55:39     -102.073597        0.005094
BFGS:  363 14:55:39     -102.073605        0.005738
BFGS:  364 14:55:39     -102.073612        0.004085
BFGS:  365 14:55:39     -102.073615        0.002175
BFGS:  366 14:55:39     -102.073617        0.001914
BFGS:  367 14:55:39     -102.073619        0.002894
BFGS:  368 14:55:39     -102.073625        0.006207
BFGS:  369 14:55:39     -102.073635        0.010342
BFGS:  370 14:55:39     -102.073653        0.013599
BFGS:  371 14:55:39     -102.073674        0.012632
BFGS:  372 14:55:39     -102.073689        0.008396
BFGS:  373 14:55:39     -102.073698        0.004205
BFGS:  374 14:55:39     -102.073703        0.003600
BFGS:  375 14:55:39     -102.073710        0.006498
BFGS:  376 14:55:39     -102.073721        0.010089
BFGS:  377 14:55:40     -102.073739        0.014080
BFGS:  378 14:55:40     -102.073763        0.015594
BFGS:  379 14:55:40     -102.073788        0.012929
BFGS:  380 14:55:40     -102.073806        0.007848
BFGS:  381 14:55:40     -102.073817        0.004875
BFGS:  382 14:55:40     -102.073825        0.004605
BFGS:  383 14:55:40     -102.073837        0.007716
BFGS:  384 14:55:40     -102.073856        0.012998
BFGS:  385 14:55:40     -102.073884        0.017772
BFGS:  386 14:55:40     -102.073921        0.018779
BFGS:  387 14:55:40     -102.073958        0.013438
BFGS:  388 14:55:40     -102.073983        0.005541
BFGS:  389 14:55:40     -102.073994        0.005516
BFGS:  390 14:55:40     -102.074001        0.005533
BFGS:  391 14:55:40     -102.074011        0.007035
BFGS:  392 14:55:41     -102.074028        0.007574
BFGS:  393 14:55:41     -102.074054        0.006317
BFGS:  394 14:55:41     -102.074078        0.003623
BFGS:  395 14:55:41     -102.074088        0.002920
BFGS:  396 14:55:41     -102.074091        0.002852
BFGS:  397 14:55:41     -102.074093        0.002597
BFGS:  398 14:55:41     -102.074097        0.002495
BFGS:  399 14:55:41     -102.074105        0.002531
BFGS:  400 14:55:41     -102.074115        0.002911
BFGS:  401 14:55:41     -102.074122        0.002580
BFGS:  402 14:55:41     -102.074125        0.002423
BFGS:  403 14:55:41     -102.074126        0.002091
BFGS:  404 14:55:41     -102.074127        0.001603
BFGS:  405 14:55:41     -102.074130        0.001472
BFGS:  406 14:55:42     -102.074135        0.001570
BFGS:  407 14:55:42     -102.074138        0.001529
BFGS:  408 14:55:42     -102.074140        0.001531
BFGS:  409 14:55:42     -102.074140        0.001364
BFGS:  410 14:55:42     -102.074141        0.001145
BFGS:  411 14:55:42     -102.074142        0.001101
BFGS:  412 14:55:42     -102.074145        0.001314
BFGS:  413 14:55:42     -102.074147        0.001059
BFGS:  414 14:55:42     -102.074149        0.000823
