      Step     Time          Energy          fmax
BFGS:    0 04:46:51     -169.317144        3.243104
BFGS:    1 04:46:51     -172.288667        2.623261
BFGS:    2 04:46:51     -180.489452        2.195121
BFGS:    3 04:46:51     -182.473906        1.993044
BFGS:    4 04:46:51     -183.686202        1.852749
BFGS:    5 04:46:51     -185.514855        1.667395
BFGS:    6 04:46:52     -187.238985        1.511829
BFGS:    7 04:46:52     -188.816979        1.379877
BFGS:    8 04:46:52     -190.178543        1.268150
BFGS:    9 04:46:52     -191.313684        1.173445
BFGS:   10 04:46:52     -192.287575        1.100763
BFGS:   11 04:46:52     -193.202178        1.234633
BFGS:   12 04:46:52     -194.131056        1.154737
BFGS:   13 04:46:52     -195.099463        1.092539
BFGS:   14 04:46:53     -196.106723        1.130177
BFGS:   15 04:46:53     -197.145172        1.128089
BFGS:   16 04:46:53     -198.185418        1.071846
BFGS:   17 04:46:53     -199.170730        0.949701
BFGS:   18 04:46:53     -200.041498        0.873413
BFGS:   19 04:46:53     -200.783136        1.029316
BFGS:   20 04:46:53     -201.498560        0.963415
BFGS:   21 04:46:53     -202.300924        0.673219
BFGS:   22 04:46:54     -203.062394        0.692914
BFGS:   23 04:46:54     -203.555520        0.617315
BFGS:   24 04:46:54     -203.835452        0.606373
BFGS:   25 04:46:54     -204.103896        0.661576
BFGS:   26 04:46:54     -204.402506        0.636594
BFGS:   27 04:46:54     -204.782600        0.624023
BFGS:   28 04:46:54     -205.195346        0.614973
BFGS:   29 04:46:54     -205.615678        0.596113
BFGS:   30 04:46:55     -206.013278        0.570730
BFGS:   31 04:46:55     -206.362667        0.542767
BFGS:   32 04:46:55     -206.647452        0.515855
BFGS:   33 04:46:55     -206.862768        0.491755
BFGS:   34 04:46:55     -207.018486        0.485852
BFGS:   35 04:46:55     -207.143555        0.479031
BFGS:   36 04:46:55     -207.287398        0.467020
BFGS:   37 04:46:55     -207.511437        0.459318
BFGS:   38 04:46:56     -207.839049        0.450606
BFGS:   39 04:46:56     -208.219313        0.438381
BFGS:   40 04:46:56     -208.383644        0.431859
BFGS:   41 04:46:56     -208.510139        0.426344
BFGS:   42 04:46:56     -208.621095        0.420853
BFGS:   43 04:46:56     -208.813562        0.410859
BFGS:   44 04:46:56     -208.997185        0.401645
BFGS:   45 04:46:56     -209.182748        0.392924
BFGS:   46 04:46:57     -209.369416        0.404565
BFGS:   47 04:46:57     -209.554887        0.405954
BFGS:   48 04:46:57     -209.736818        0.400569
BFGS:   49 04:46:57     -209.913403        0.390709
BFGS:   50 04:46:57     -210.083320        0.378305
BFGS:   51 04:46:57     -210.245744        0.364533
BFGS:   52 04:46:57     -210.399760        0.350337
BFGS:   53 04:46:57     -210.544639        0.336181
BFGS:   54 04:46:58     -210.680243        0.322095
BFGS:   55 04:46:58     -210.807027        0.310822
BFGS:   56 04:46:58     -210.925609        0.303941
BFGS:   57 04:46:58     -211.036167        0.297265
BFGS:   58 04:46:58     -211.138942        0.295334
BFGS:   59 04:46:58     -211.234247        0.302835
BFGS:   60 04:46:58     -211.322785        0.309998
BFGS:   61 04:46:58     -211.405387        0.316724
BFGS:   62 04:46:59     -211.482983        0.322987
BFGS:   63 04:46:59     -211.556564        0.328752
BFGS:   64 04:46:59     -211.627187        0.333969
BFGS:   65 04:46:59     -211.696043        0.338581
BFGS:   66 04:46:59     -211.764606        0.342506
BFGS:   67 04:46:59     -211.834919        0.345565
BFGS:   68 04:46:59     -211.909970        0.347235
BFGS:   69 04:46:59     -211.994169        0.346251
BFGS:   70 04:47:00     -212.094996        0.338851
BFGS:   71 04:47:00     -212.222700        0.312163
BFGS:   72 04:47:00     -212.390008        0.291303
BFGS:   73 04:47:00     -212.533946        0.302338
BFGS:   74 04:47:00     -212.657413        0.268498
BFGS:   75 04:47:00     -212.761482        0.238626
BFGS:   76 04:47:00     -212.809998        0.240559
BFGS:   77 04:47:00     -212.867839        0.246415
BFGS:   78 04:47:01     -212.965330        0.230192
BFGS:   79 04:47:01     -213.043734        0.234059
BFGS:   80 04:47:01     -213.104669        0.232770
BFGS:   81 04:47:01     -213.159087        0.233264
BFGS:   82 04:47:01     -213.209803        0.236713
BFGS:   83 04:47:01     -213.258265        0.235591
BFGS:   84 04:47:01     -213.305498        0.255641
BFGS:   85 04:47:01     -213.352292        0.272489
BFGS:   86 04:47:02     -213.399256        0.289301
BFGS:   87 04:47:02     -213.446807        0.302065
BFGS:   88 04:47:02     -213.495130        0.309288
BFGS:   89 04:47:02     -213.544280        0.311399
BFGS:   90 04:47:02     -213.594474        0.308953
BFGS:   91 04:47:02     -213.646186        0.304963
BFGS:   92 04:47:02     -213.699849        0.300514
BFGS:   93 04:47:02     -213.755553        0.293079
BFGS:   94 04:47:03     -213.813175        0.282458
BFGS:   95 04:47:03     -213.872515        0.268535
BFGS:   96 04:47:03     -213.933133        0.251381
BFGS:   97 04:47:03     -213.995841        0.230721
BFGS:   98 04:47:03     -214.061728        0.213329
BFGS:   99 04:47:03     -214.132027        0.241205
BFGS:  100 04:47:03     -214.207907        0.272704
BFGS:  101 04:47:03     -214.291789        0.307419
BFGS:  102 04:47:04     -214.387572        0.344237
BFGS:  103 04:47:04     -214.498222        0.380092
BFGS:  104 04:47:04     -214.624650        0.405246
BFGS:  105 04:47:04     -214.765954        0.409299
BFGS:  106 04:47:04     -214.919699        0.451420
BFGS:  107 04:47:04     -215.090337        0.501023
BFGS:  108 04:47:04     -215.309194        0.551243
BFGS:  109 04:47:04     -215.592537        0.590452
BFGS:  110 04:47:05     -215.811387        0.552604
BFGS:  111 04:47:05     -216.150550        0.376230
BFGS:  112 04:47:05     -216.297898        0.304810
BFGS:  113 04:47:05     -216.388959        0.293060
BFGS:  114 04:47:05     -216.470647        0.344767
BFGS:  115 04:47:05     -216.554697        0.374808
BFGS:  116 04:47:05     -216.650123        0.377441
BFGS:  117 04:47:05     -216.764656        0.331841
BFGS:  118 04:47:05     -216.886492        0.315432
BFGS:  119 04:47:06     -217.005647        0.406194
BFGS:  120 04:47:06     -217.116456        0.439156
BFGS:  121 04:47:06     -217.213656        0.455358
BFGS:  122 04:47:06     -217.298436        0.442403
BFGS:  123 04:47:06     -217.400111        0.476139
BFGS:  124 04:47:06     -217.483643        0.420664
BFGS:  125 04:47:06     -217.599710        0.453174
BFGS:  126 04:47:06     -217.748999        0.410818
BFGS:  127 04:47:07     -217.941805        0.409593
BFGS:  128 04:47:07     -218.188595        0.409921
BFGS:  129 04:47:07     -218.491286        0.444259
BFGS:  130 04:47:07     -218.675828        0.453999
BFGS:  131 04:47:07     -218.808098        0.449331
BFGS:  132 04:47:07     -218.928575        0.452488
BFGS:  133 04:47:07     -219.044744        0.450931
BFGS:  134 04:47:07     -219.156813        0.446958
BFGS:  135 04:47:08     -219.269651        0.436615
BFGS:  136 04:47:08     -219.378212        0.424954
BFGS:  137 04:47:08     -219.491176        0.401184
BFGS:  138 04:47:08     -219.594736        0.379259
BFGS:  139 04:47:08     -219.705740        0.336442
BFGS:  140 04:47:08     -219.813698        0.333380
BFGS:  141 04:47:08     -219.940963        0.297902
BFGS:  142 04:47:08     -220.043254        0.345297
BFGS:  143 04:47:09     -220.171834        0.256866
BFGS:  144 04:47:09     -220.242314        0.261028
BFGS:  145 04:47:09     -220.295250        0.258378
BFGS:  146 04:47:09     -220.343968        0.228390
BFGS:  147 04:47:09     -220.395932        0.197011
BFGS:  148 04:47:09     -220.466103        0.220788
BFGS:  149 04:47:09     -220.580461        0.218243
BFGS:  150 04:47:09     -220.637764        0.244148
BFGS:  151 04:47:10     -220.679401        0.246282
BFGS:  152 04:47:10     -220.712530        0.235053
BFGS:  153 04:47:10     -220.741400        0.210840
BFGS:  154 04:47:10     -220.769173        0.179743
BFGS:  155 04:47:10     -220.800904        0.172304
BFGS:  156 04:47:10     -220.841316        0.161871
BFGS:  157 04:47:10     -220.902458        0.243798
BFGS:  158 04:47:10     -220.956744        0.280149
BFGS:  159 04:47:11     -221.011213        0.246608
BFGS:  160 04:47:11     -221.050807        0.229841
BFGS:  161 04:47:11     -221.084068        0.236225
BFGS:  162 04:47:11     -221.128215        0.223214
BFGS:  163 04:47:11     -221.195741        0.197180
BFGS:  164 04:47:11     -221.254788        0.190758
BFGS:  165 04:47:11     -221.296982        0.180531
BFGS:  166 04:47:11     -221.332028        0.161682
BFGS:  167 04:47:12     -221.363078        0.157502
BFGS:  168 04:47:12     -221.390444        0.150033
BFGS:  169 04:47:12     -221.410986        0.132775
BFGS:  170 04:47:12     -221.437814        0.132770
BFGS:  171 04:47:12     -221.469349        0.133945
BFGS:  172 04:47:12     -221.504925        0.132125
BFGS:  173 04:47:12     -221.543642        0.160984
BFGS:  174 04:47:12     -221.575182        0.165989
BFGS:  175 04:47:12     -221.596453        0.150421
BFGS:  176 04:47:13     -221.612245        0.143528
BFGS:  177 04:47:13     -221.630507        0.138617
BFGS:  178 04:47:13     -221.656389        0.129543
BFGS:  179 04:47:13     -221.689658        0.148181
BFGS:  180 04:47:13     -221.721684        0.148316
BFGS:  181 04:47:13     -221.745861        0.120670
BFGS:  182 04:47:13     -221.762965        0.106879
BFGS:  183 04:47:13     -221.780186        0.110936
BFGS:  184 04:47:14     -221.801294        0.130273
BFGS:  185 04:47:14     -221.821044        0.115332
BFGS:  186 04:47:14     -221.838730        0.100745
BFGS:  187 04:47:14     -221.856712        0.096284
BFGS:  188 04:47:14     -221.875911        0.112549
BFGS:  189 04:47:14     -221.901010        0.127707
BFGS:  190 04:47:14     -221.926799        0.138515
BFGS:  191 04:47:14     -221.952184        0.146502
BFGS:  192 04:47:15     -221.974480        0.150623
BFGS:  193 04:47:15     -221.993411        0.152950
BFGS:  194 04:47:15     -222.010097        0.136829
BFGS:  195 04:47:15     -222.026001        0.103423
BFGS:  196 04:47:15     -222.042765        0.092330
BFGS:  197 04:47:15     -222.059940        0.093044
BFGS:  198 04:47:15     -222.072896        0.114525
BFGS:  199 04:47:15     -222.081340        0.127160
BFGS:  200 04:47:16     -222.091549        0.120257
BFGS:  201 04:47:16     -222.107984        0.092874
BFGS:  202 04:47:16     -222.131881        0.083836
BFGS:  203 04:47:16     -222.155469        0.076079
BFGS:  204 04:47:16     -222.167667        0.075189
BFGS:  205 04:47:16     -222.172358        0.075755
BFGS:  206 04:47:16     -222.176998        0.076409
BFGS:  207 04:47:16     -222.186530        0.076881
BFGS:  208 04:47:17     -222.204086        0.075601
BFGS:  209 04:47:17     -222.228859        0.093998
BFGS:  210 04:47:17     -222.250056        0.115928
BFGS:  211 04:47:17     -222.261151        0.108788
BFGS:  212 04:47:17     -222.267383        0.091180
BFGS:  213 04:47:17     -222.275845        0.072227
BFGS:  214 04:47:17     -222.290558        0.093980
BFGS:  215 04:47:17     -222.306371        0.089036
BFGS:  216 04:47:18     -222.324710        0.087781
BFGS:  217 04:47:18     -222.338047        0.085972
BFGS:  218 04:47:18     -222.344105        0.079728
BFGS:  219 04:47:18     -222.349440        0.067773
BFGS:  220 04:47:18     -222.354789        0.063981
BFGS:  221 04:47:18     -222.362527        0.059209
BFGS:  222 04:47:18     -222.372752        0.056227
BFGS:  223 04:47:18     -222.382600        0.062833
BFGS:  224 04:47:19     -222.388482        0.084039
BFGS:  225 04:47:19     -222.392376        0.089025
BFGS:  226 04:47:19     -222.397823        0.087021
BFGS:  227 04:47:19     -222.407931        0.071060
BFGS:  228 04:47:19     -222.422565        0.060115
BFGS:  229 04:47:19     -222.434306        0.061115
BFGS:  230 04:47:19     -222.439519        0.058568
BFGS:  231 04:47:19     -222.441640        0.052693
BFGS:  232 04:47:20     -222.444529        0.052703
BFGS:  233 04:47:20     -222.450751        0.048677
BFGS:  234 04:47:20     -222.460222        0.047378
BFGS:  235 04:47:20     -222.469217        0.042046
BFGS:  236 04:47:20     -222.473358        0.035830
BFGS:  237 04:47:20     -222.474696        0.038573
BFGS:  238 04:47:20     -222.476066        0.041581
BFGS:  239 04:47:20     -222.478950        0.042248
BFGS:  240 04:47:21     -222.483772        0.039988
BFGS:  241 04:47:21     -222.489359        0.044815
BFGS:  242 04:47:21     -222.492847        0.044762
BFGS:  243 04:47:21     -222.494267        0.038265
BFGS:  244 04:47:21     -222.495251        0.038392
BFGS:  245 04:47:21     -222.497088        0.038708
BFGS:  246 04:47:21     -222.500317        0.038781
BFGS:  247 04:47:21     -222.504751        0.038367
BFGS:  248 04:47:21     -222.508476        0.045082
BFGS:  249 04:47:22     -222.510419        0.041222
BFGS:  250 04:47:22     -222.511481        0.037584
BFGS:  251 04:47:22     -222.512846        0.032876
BFGS:  252 04:47:22     -222.515183        0.030911
BFGS:  253 04:47:22     -222.518335        0.029081
BFGS:  254 04:47:22     -222.520999        0.029178
BFGS:  255 04:47:22     -222.522298        0.029455
BFGS:  256 04:47:22     -222.522873        0.029647
BFGS:  257 04:47:23     -222.523499        0.029566
BFGS:  258 04:47:23     -222.524764        0.029336
BFGS:  259 04:47:23     -222.526993        0.028837
BFGS:  260 04:47:23     -222.529913        0.029142
BFGS:  261 04:47:23     -222.532020        0.028450
BFGS:  262 04:47:23     -222.532836        0.029127
BFGS:  263 04:47:23     -222.533230        0.029588
BFGS:  264 04:47:23     -222.533865        0.030022
BFGS:  265 04:47:24     -222.535171        0.030138
BFGS:  266 04:47:24     -222.537347        0.029174
BFGS:  267 04:47:24     -222.539654        0.028102
BFGS:  268 04:47:24     -222.540937        0.023913
BFGS:  269 04:47:24     -222.541426        0.024096
BFGS:  270 04:47:24     -222.541858        0.024406
BFGS:  271 04:47:24     -222.542820        0.023833
BFGS:  272 04:47:24     -222.544597        0.021605
BFGS:  273 04:47:25     -222.547034        0.025114
BFGS:  274 04:47:25     -222.548846        0.030389
BFGS:  275 04:47:25     -222.549584        0.030972
BFGS:  276 04:47:25     -222.549973        0.029042
BFGS:  277 04:47:25     -222.550618        0.025099
BFGS:  278 04:47:25     -222.551890        0.023720
BFGS:  279 04:47:25     -222.553836        0.024691
BFGS:  280 04:47:25     -222.555546        0.023382
BFGS:  281 04:47:26     -222.556306        0.023995
BFGS:  282 04:47:26     -222.556593        0.022441
BFGS:  283 04:47:26     -222.556907        0.021565
BFGS:  284 04:47:26     -222.557659        0.020997
BFGS:  285 04:47:26     -222.559108        0.022169
BFGS:  286 04:47:26     -222.561233        0.025035
BFGS:  287 04:47:26     -222.562935        0.023584
BFGS:  288 04:47:26     -222.563638        0.025166
BFGS:  289 04:47:27     -222.563938        0.023640
BFGS:  290 04:47:27     -222.564365        0.021217
BFGS:  291 04:47:27     -222.565303        0.020654
BFGS:  292 04:47:27     -222.567016        0.029092
BFGS:  293 04:47:27     -222.569356        0.047340
BFGS:  294 04:47:27     -222.571639        0.056302
BFGS:  295 04:47:27     -222.573421        0.053386
BFGS:  296 04:47:27     -222.574042        0.040776
BFGS:  297 04:47:28     -222.574743        0.023792
BFGS:  298 04:47:28     -222.575656        0.022559
BFGS:  299 04:47:28     -222.576700        0.049165
BFGS:  300 04:47:28     -222.577786        0.069020
BFGS:  301 04:47:28     -222.579225        0.080546
BFGS:  302 04:47:28     -222.581458        0.080987
BFGS:  303 04:47:28     -222.584341        0.063894
BFGS:  304 04:47:28     -222.586693        0.034882
BFGS:  305 04:47:29     -222.587694        0.026662
BFGS:  306 04:47:29     -222.588019        0.024657
BFGS:  307 04:47:29     -222.588278        0.019147
BFGS:  308 04:47:29     -222.588677        0.014090
BFGS:  309 04:47:29     -222.589224        0.022478
BFGS:  310 04:47:29     -222.589833        0.036824
BFGS:  311 04:47:29     -222.590425        0.045383
BFGS:  312 04:47:29     -222.591093        0.044844
BFGS:  313 04:47:30     -222.591965        0.035233
BFGS:  314 04:47:30     -222.592881        0.021393
BFGS:  315 04:47:30     -222.593422        0.011428
BFGS:  316 04:47:30     -222.593589        0.011772
BFGS:  317 04:47:30     -222.593655        0.009682
BFGS:  318 04:47:30     -222.593756        0.009181
BFGS:  319 04:47:30     -222.593942        0.009082
BFGS:  320 04:47:30     -222.594192        0.016537
BFGS:  321 04:47:31     -222.594399        0.017814
BFGS:  322 04:47:31     -222.594510        0.015221
BFGS:  323 04:47:31     -222.594577        0.013489
BFGS:  324 04:47:31     -222.594642        0.009118
BFGS:  325 04:47:31     -222.594696        0.005343
BFGS:  326 04:47:31     -222.594724        0.006649
BFGS:  327 04:47:31     -222.594740        0.006340
BFGS:  328 04:47:31     -222.594761        0.005357
BFGS:  329 04:47:32     -222.594801        0.005724
BFGS:  330 04:47:32     -222.594865        0.009477
BFGS:  331 04:47:32     -222.594941        0.012999
BFGS:  332 04:47:32     -222.595012        0.014266
BFGS:  333 04:47:32     -222.595082        0.013436
BFGS:  334 04:47:32     -222.595169        0.009605
BFGS:  335 04:47:32     -222.595266        0.006030
BFGS:  336 04:47:32     -222.595339        0.008323
BFGS:  337 04:47:33     -222.595379        0.009048
BFGS:  338 04:47:33     -222.595412        0.008306
BFGS:  339 04:47:33     -222.595466        0.007999
BFGS:  340 04:47:33     -222.595557        0.009331
BFGS:  341 04:47:33     -222.595672        0.013977
BFGS:  342 04:47:33     -222.595773        0.015797
BFGS:  343 04:47:33     -222.595848        0.014056
BFGS:  344 04:47:33     -222.595920        0.011609
BFGS:  345 04:47:33     -222.596005        0.008232
BFGS:  346 04:47:34     -222.596078        0.008294
BFGS:  347 04:47:34     -222.596118        0.009175
BFGS:  348 04:47:34     -222.596145        0.007666
BFGS:  349 04:47:34     -222.596187        0.008165
BFGS:  350 04:47:34     -222.596258        0.008034
BFGS:  351 04:47:34     -222.596348        0.008736
BFGS:  352 04:47:34     -222.596424        0.011535
BFGS:  353 04:47:34     -222.596477        0.012090
BFGS:  354 04:47:35     -222.596538        0.012410
BFGS:  355 04:47:35     -222.596643        0.011766
BFGS:  356 04:47:35     -222.596797        0.009365
BFGS:  357 04:47:35     -222.596939        0.010093
BFGS:  358 04:47:35     -222.597012        0.009117
BFGS:  359 04:47:35     -222.597048        0.008276
BFGS:  360 04:47:35     -222.597088        0.006669
BFGS:  361 04:47:35     -222.597150        0.006497
BFGS:  362 04:47:36     -222.597211        0.006236
BFGS:  363 04:47:36     -222.597249        0.007381
BFGS:  364 04:47:36     -222.597270        0.007173
BFGS:  365 04:47:36     -222.597297        0.006466
BFGS:  366 04:47:36     -222.597343        0.006336
BFGS:  367 04:47:36     -222.597410        0.009633
BFGS:  368 04:47:36     -222.597478        0.010361
BFGS:  369 04:47:36     -222.597537        0.011104
BFGS:  370 04:47:37     -222.597601        0.010853
BFGS:  371 04:47:37     -222.597693        0.009162
BFGS:  372 04:47:37     -222.597809        0.009016
BFGS:  373 04:47:37     -222.597899        0.010012
BFGS:  374 04:47:37     -222.597946        0.007672
BFGS:  375 04:47:37     -222.597980        0.007655
BFGS:  376 04:47:37     -222.598032        0.006059
BFGS:  377 04:47:37     -222.598115        0.008531
BFGS:  378 04:47:38     -222.598204        0.011622
BFGS:  379 04:47:38     -222.598271        0.010856
BFGS:  380 04:47:38     -222.598328        0.010670
BFGS:  381 04:47:38     -222.598402        0.010941
BFGS:  382 04:47:38     -222.598504        0.010209
BFGS:  383 04:47:38     -222.598602        0.011667
BFGS:  384 04:47:38     -222.598664        0.010467
BFGS:  385 04:47:38     -222.598705        0.010076
BFGS:  386 04:47:39     -222.598756        0.008908
BFGS:  387 04:47:39     -222.598825        0.008428
BFGS:  388 04:47:39     -222.598891        0.011153
BFGS:  389 04:47:39     -222.598935        0.010576
BFGS:  390 04:47:39     -222.598970        0.008638
BFGS:  391 04:47:39     -222.599018        0.008102
BFGS:  392 04:47:39     -222.599086        0.008161
BFGS:  393 04:47:39     -222.599156        0.010184
BFGS:  394 04:47:40     -222.599204        0.010484
BFGS:  395 04:47:40     -222.599239        0.010565
BFGS:  396 04:47:40     -222.599284        0.009942
BFGS:  397 04:47:40     -222.599349        0.008156
BFGS:  398 04:47:40     -222.599415        0.008482
BFGS:  399 04:47:40     -222.599457        0.008395
BFGS:  400 04:47:40     -222.599481        0.007089
BFGS:  401 04:47:40     -222.599504        0.006404
BFGS:  402 04:47:41     -222.599533        0.004442
BFGS:  403 04:47:41     -222.599557        0.004320
BFGS:  404 04:47:41     -222.599570        0.004778
BFGS:  405 04:47:41     -222.599582        0.005120
BFGS:  406 04:47:41     -222.599603        0.005379
BFGS:  407 04:47:41     -222.599644        0.007080
BFGS:  408 04:47:41     -222.599710        0.008431
BFGS:  409 04:47:41     -222.599778        0.010797
BFGS:  410 04:47:42     -222.599822        0.011421
BFGS:  411 04:47:42     -222.599850        0.010136
BFGS:  412 04:47:42     -222.599883        0.007623
BFGS:  413 04:47:42     -222.599934        0.008001
BFGS:  414 04:47:42     -222.599988        0.008337
BFGS:  415 04:47:42     -222.600023        0.007271
BFGS:  416 04:47:42     -222.600042        0.005528
BFGS:  417 04:47:42     -222.600060        0.005526
BFGS:  418 04:47:43     -222.600088        0.005502
BFGS:  419 04:47:43     -222.600123        0.006986
BFGS:  420 04:47:43     -222.600157        0.007982
BFGS:  421 04:47:43     -222.600188        0.008943
BFGS:  422 04:47:43     -222.600228        0.009049
BFGS:  423 04:47:43     -222.600297        0.008882
BFGS:  424 04:47:43     -222.600420        0.009146
BFGS:  425 04:47:43     -222.600624        0.015737
BFGS:  426 04:47:44     -222.600652        0.020299
BFGS:  427 04:47:44     -222.600793        0.016583
BFGS:  428 04:47:44     -222.600909        0.016181
BFGS:  429 04:47:44     -222.601187        0.015208
BFGS:  430 04:47:44     -222.601440        0.013922
BFGS:  431 04:47:44     -222.601747        0.014827
BFGS:  432 04:47:44     -222.601959        0.013140
BFGS:  433 04:47:44     -222.602064        0.013928
BFGS:  434 04:47:45     -222.602162        0.013533
BFGS:  435 04:47:45     -222.602337        0.012085
BFGS:  436 04:47:45     -222.602607        0.013640
BFGS:  437 04:47:45     -222.602910        0.017944
BFGS:  438 04:47:45     -222.603169        0.019513
BFGS:  439 04:47:45     -222.603384        0.017675
BFGS:  440 04:47:45     -222.603613        0.013635
BFGS:  441 04:47:45     -222.603870        0.012148
BFGS:  442 04:47:46     -222.604096        0.013267
BFGS:  443 04:47:46     -222.604280        0.013165
BFGS:  444 04:47:46     -222.604505        0.013305
BFGS:  445 04:47:46     -222.604851        0.012717
BFGS:  446 04:47:46     -222.605231        0.016407
BFGS:  447 04:47:46     -222.605432        0.015633
BFGS:  448 04:47:46     -222.605554        0.012950
BFGS:  449 04:47:46     -222.605683        0.012500
BFGS:  450 04:47:47     -222.605859        0.012296
BFGS:  451 04:47:47     -222.606037        0.012632
BFGS:  452 04:47:47     -222.606166        0.014363
BFGS:  453 04:47:47     -222.606269        0.015507
BFGS:  454 04:47:47     -222.606415        0.015486
BFGS:  455 04:47:47     -222.606663        0.016487
BFGS:  456 04:47:47     -222.606984        0.015035
BFGS:  457 04:47:47     -222.607248        0.015899
BFGS:  458 04:47:48     -222.607409        0.015043
BFGS:  459 04:47:48     -222.607541        0.013298
BFGS:  460 04:47:48     -222.607736        0.014235
BFGS:  461 04:47:48     -222.608015        0.013667
BFGS:  462 04:47:48     -222.608297        0.016223
BFGS:  463 04:47:48     -222.608497        0.019759
BFGS:  464 04:47:48     -222.608659        0.018718
BFGS:  465 04:47:48     -222.608887        0.017383
BFGS:  466 04:47:49     -222.609257        0.018678
BFGS:  467 04:47:49     -222.609719        0.019760
BFGS:  468 04:47:49     -222.610111        0.024258
BFGS:  469 04:47:49     -222.610376        0.024385
BFGS:  470 04:47:49     -222.610638        0.021409
BFGS:  471 04:47:49     -222.611049        0.021027
BFGS:  472 04:47:49     -222.611662        0.019208
BFGS:  473 04:47:49     -222.612310        0.025740
BFGS:  474 04:47:50     -222.612786        0.029136
BFGS:  475 04:47:50     -222.613107        0.029883
BFGS:  476 04:47:50     -222.613408        0.026478
BFGS:  477 04:47:50     -222.613839        0.019317
BFGS:  478 04:47:50     -222.614363        0.016077
BFGS:  479 04:47:50     -222.614848        0.021538
BFGS:  480 04:47:50     -222.615244        0.025275
BFGS:  481 04:47:50     -222.615651        0.023663
BFGS:  482 04:47:50     -222.616118        0.022218
BFGS:  483 04:47:51     -222.616709        0.022479
BFGS:  484 04:47:51     -222.617427        0.028125
BFGS:  485 04:47:51     -222.618123        0.037408
BFGS:  486 04:47:51     -222.618707        0.038278
BFGS:  487 04:47:51     -222.619282        0.032427
BFGS:  488 04:47:51     -222.619976        0.028152
BFGS:  489 04:47:51     -222.620857        0.024015
BFGS:  490 04:47:51     -222.621554        0.022526
BFGS:  491 04:47:52     -222.621912        0.019468
BFGS:  492 04:47:52     -222.622098        0.019080
BFGS:  493 04:47:52     -222.622346        0.016867
BFGS:  494 04:47:52     -222.622807        0.022207
BFGS:  495 04:47:52     -222.623386        0.028663
BFGS:  496 04:47:52     -222.623830        0.023306
BFGS:  497 04:47:52     -222.624063        0.018962
BFGS:  498 04:47:52     -222.624256        0.020210
BFGS:  499 04:47:53     -222.624578        0.020516
BFGS:  500 04:47:53     -222.625093        0.029476
BFGS:  501 04:47:53     -222.625695        0.037326
BFGS:  502 04:47:53     -222.626189        0.038735
BFGS:  503 04:47:53     -222.626605        0.031345
BFGS:  504 04:47:53     -222.627142        0.031979
BFGS:  505 04:47:53     -222.627935        0.028146
BFGS:  506 04:47:54     -222.628743        0.030798
BFGS:  507 04:47:54     -222.629259        0.034108
BFGS:  508 04:47:54     -222.629591        0.036821
BFGS:  509 04:47:54     -222.630004        0.036169
BFGS:  510 04:47:54     -222.630640        0.027952
BFGS:  511 04:47:54     -222.631315        0.028278
BFGS:  512 04:47:54     -222.631715        0.024308
BFGS:  513 04:47:54     -222.631886        0.020636
BFGS:  514 04:47:54     -222.632020        0.018269
BFGS:  515 04:47:55     -222.632229        0.014001
BFGS:  516 04:47:55     -222.632488        0.013170
BFGS:  517 04:47:55     -222.632655        0.013827
BFGS:  518 04:47:55     -222.632757        0.015354
BFGS:  519 04:47:55     -222.632872        0.014573
BFGS:  520 04:47:55     -222.633067        0.016845
BFGS:  521 04:47:55     -222.633332        0.018321
BFGS:  522 04:47:55     -222.633564        0.013827
BFGS:  523 04:47:56     -222.633691        0.012491
BFGS:  524 04:47:56     -222.633763        0.010066
BFGS:  525 04:47:56     -222.633837        0.008206
BFGS:  526 04:47:56     -222.633928        0.006706
BFGS:  527 04:47:56     -222.634005        0.006942
BFGS:  528 04:47:56     -222.634054        0.008786
BFGS:  529 04:47:56     -222.634086        0.007988
BFGS:  530 04:47:56     -222.634120        0.005937
BFGS:  531 04:47:57     -222.634163        0.006459
BFGS:  532 04:47:57     -222.634206        0.007285
BFGS:  533 04:47:57     -222.634235        0.006458
BFGS:  534 04:47:57     -222.634253        0.005571
BFGS:  535 04:47:57     -222.634271        0.005225
BFGS:  536 04:47:57     -222.634299        0.004240
BFGS:  537 04:47:57     -222.634334        0.004473
BFGS:  538 04:47:57     -222.634366        0.005259
BFGS:  539 04:47:58     -222.634384        0.005922
BFGS:  540 04:47:58     -222.634397        0.005634
BFGS:  541 04:47:58     -222.634415        0.004663
BFGS:  542 04:47:58     -222.634440        0.004478
BFGS:  543 04:47:58     -222.634464        0.004283
BFGS:  544 04:47:58     -222.634479        0.005132
BFGS:  545 04:47:58     -222.634489        0.004794
BFGS:  546 04:47:58     -222.634502        0.004691
BFGS:  547 04:47:59     -222.634521        0.004835
BFGS:  548 04:47:59     -222.634542        0.004003
BFGS:  549 04:47:59     -222.634556        0.004649
BFGS:  550 04:47:59     -222.634564        0.004562
BFGS:  551 04:47:59     -222.634573        0.003919
BFGS:  552 04:47:59     -222.634587        0.003986
BFGS:  553 04:47:59     -222.634606        0.004891
BFGS:  554 04:47:59     -222.634623        0.003989
BFGS:  555 04:48:00     -222.634633        0.003628
BFGS:  556 04:48:00     -222.634641        0.004245
BFGS:  557 04:48:00     -222.634654        0.004896
BFGS:  558 04:48:00     -222.634675        0.004636
BFGS:  559 04:48:00     -222.634699        0.003898
BFGS:  560 04:48:00     -222.634715        0.003581
BFGS:  561 04:48:00     -222.634723        0.003317
BFGS:  562 04:48:00     -222.634730        0.003318
BFGS:  563 04:48:01     -222.634742        0.003342
BFGS:  564 04:48:01     -222.634759        0.004141
BFGS:  565 04:48:01     -222.634778        0.004504
BFGS:  566 04:48:01     -222.634793        0.005477
BFGS:  567 04:48:01     -222.634805        0.005027
BFGS:  568 04:48:01     -222.634820        0.003367
BFGS:  569 04:48:01     -222.634839        0.003289
BFGS:  570 04:48:01     -222.634859        0.003502
BFGS:  571 04:48:02     -222.634873        0.004886
BFGS:  572 04:48:02     -222.634885        0.005362
BFGS:  573 04:48:02     -222.634905        0.005281
BFGS:  574 04:48:02     -222.634937        0.004317
BFGS:  575 04:48:02     -222.634976        0.004589
BFGS:  576 04:48:02     -222.635004        0.005065
BFGS:  577 04:48:02     -222.635019        0.005435
BFGS:  578 04:48:02     -222.635032        0.005811
BFGS:  579 04:48:03     -222.635053        0.005364
BFGS:  580 04:48:03     -222.635086        0.003735
BFGS:  581 04:48:03     -222.635121        0.004929
BFGS:  582 04:48:03     -222.635144        0.005260
BFGS:  583 04:48:03     -222.635157        0.004578
BFGS:  584 04:48:03     -222.635174        0.004519
BFGS:  585 04:48:03     -222.635205        0.004034
BFGS:  586 04:48:03     -222.635258        0.005901
BFGS:  587 04:48:04     -222.635321        0.010048
BFGS:  588 04:48:04     -222.635369        0.011947
BFGS:  589 04:48:04     -222.635404        0.011257
BFGS:  590 04:48:04     -222.635444        0.008792
BFGS:  591 04:48:04     -222.635506        0.007157
BFGS:  592 04:48:04     -222.635577        0.006218
BFGS:  593 04:48:04     -222.635628        0.007716
BFGS:  594 04:48:04     -222.635654        0.007240
BFGS:  595 04:48:05     -222.635675        0.005570
BFGS:  596 04:48:05     -222.635706        0.004123
BFGS:  597 04:48:05     -222.635741        0.003619
BFGS:  598 04:48:05     -222.635764        0.004222
BFGS:  599 04:48:05     -222.635774        0.004530
BFGS:  600 04:48:05     -222.635782        0.004077
BFGS:  601 04:48:05     -222.635794        0.003241
BFGS:  602 04:48:05     -222.635812        0.003174
BFGS:  603 04:48:06     -222.635828        0.003443
BFGS:  604 04:48:06     -222.635837        0.003778
BFGS:  605 04:48:06     -222.635844        0.003613
BFGS:  606 04:48:06     -222.635854        0.003093
BFGS:  607 04:48:06     -222.635868        0.003815
BFGS:  608 04:48:06     -222.635884        0.003672
BFGS:  609 04:48:06     -222.635895        0.004262
BFGS:  610 04:48:06     -222.635901        0.003999
BFGS:  611 04:48:07     -222.635910        0.003559
BFGS:  612 04:48:07     -222.635925        0.004661
BFGS:  613 04:48:07     -222.635946        0.005761
BFGS:  614 04:48:07     -222.635966        0.004814
BFGS:  615 04:48:07     -222.635976        0.004466
BFGS:  616 04:48:07     -222.635981        0.004022
BFGS:  617 04:48:07     -222.635988        0.003477
BFGS:  618 04:48:07     -222.635997        0.002531
BFGS:  619 04:48:08     -222.636004        0.002465
BFGS:  620 04:48:08     -222.636007        0.001760
BFGS:  621 04:48:08     -222.636009        0.001643
BFGS:  622 04:48:08     -222.636010        0.001358
BFGS:  623 04:48:08     -222.636012        0.001254
BFGS:  624 04:48:08     -222.636013        0.001692
BFGS:  625 04:48:08     -222.636014        0.001517
BFGS:  626 04:48:08     -222.636015        0.001120
BFGS:  627 04:48:09     -222.636016        0.000914
