      Step     Time          Energy          fmax
BFGS:    0 23:43:22      655.586122      135.527868
BFGS:    1 23:43:23      170.774960       41.216011
BFGS:    2 23:43:23       26.505697       27.836819
BFGS:    3 23:43:23      -64.638477       16.020046
BFGS:    4 23:43:23     -115.363517        8.985770
BFGS:    5 23:43:23     -142.977710        4.604198
BFGS:    6 23:43:23     -156.226460        1.952643
BFGS:    7 23:43:23     -160.185358        1.039138
BFGS:    8 23:43:23     -161.462119        0.890151
BFGS:    9 23:43:24     -162.130584        0.789022
BFGS:   10 23:43:24     -162.742768        0.694776
BFGS:   11 23:43:24     -163.881679        0.600980
BFGS:   12 23:43:24     -164.860857        0.601555
BFGS:   13 23:43:24     -165.607835        0.584575
BFGS:   14 23:43:24     -166.266597        0.593483
BFGS:   15 23:43:24     -167.751167        0.562879
BFGS:   16 23:43:24     -168.120297        0.654461
BFGS:   17 23:43:25     -168.329205        0.542301
BFGS:   18 23:43:25     -168.559510        0.471375
BFGS:   19 23:43:25     -169.613087        0.597109
BFGS:   20 23:43:25     -170.473230        0.664850
BFGS:   21 23:43:25     -171.031612        0.532092
BFGS:   22 23:43:25     -171.273503        0.479120
BFGS:   23 23:43:25     -171.549776        0.495379
BFGS:   24 23:43:26     -172.128287        0.536877
BFGS:   25 23:43:26     -172.788318        0.597389
BFGS:   26 23:43:26     -173.532129        0.667624
BFGS:   27 23:43:26     -174.281378        0.729069
BFGS:   28 23:43:26     -174.903517        0.791126
BFGS:   29 23:43:26     -175.429162        0.857083
BFGS:   30 23:43:26     -175.913816        0.911130
BFGS:   31 23:43:26     -176.601212        0.920739
BFGS:   32 23:43:26     -177.988445        0.726551
BFGS:   33 23:43:27     -179.039165        0.869792
BFGS:   34 23:43:27     -179.878729        0.589483
BFGS:   35 23:43:27     -180.429715        0.510751
BFGS:   36 23:43:27     -180.924738        0.480602
BFGS:   37 23:43:27     -181.075560        0.480151
BFGS:   38 23:43:27     -181.262728        0.481812
BFGS:   39 23:43:27     -181.420111        0.483799
BFGS:   40 23:43:28     -181.875850        0.500862
BFGS:   41 23:43:28     -182.247183        0.500438
BFGS:   42 23:43:28     -182.531327        0.471089
BFGS:   43 23:43:28     -182.592459        0.453080
BFGS:   44 23:43:28     -182.622196        0.442264
BFGS:   45 23:43:28     -182.677839        0.425881
BFGS:   46 23:43:28     -182.786624        0.401167
BFGS:   47 23:43:28     -182.959675        0.372675
BFGS:   48 23:43:29     -183.131325        0.352326
BFGS:   49 23:43:29     -183.303606        0.338143
BFGS:   50 23:43:29     -183.465647        0.329093
BFGS:   51 23:43:29     -183.604729        0.338174
BFGS:   52 23:43:29     -183.714165        0.346133
BFGS:   53 23:43:29     -183.793324        0.348810
BFGS:   54 23:43:29     -183.851267        0.344675
BFGS:   55 23:43:29     -183.905969        0.339885
BFGS:   56 23:43:30     -184.003105        0.332987
BFGS:   57 23:43:30     -184.125401        0.324812
BFGS:   58 23:43:30     -184.285271        0.314960
BFGS:   59 23:43:30     -184.489469        0.303628
BFGS:   60 23:43:30     -184.720970        0.292294
BFGS:   61 23:43:30     -184.949391        0.284381
BFGS:   62 23:43:30     -185.142099        0.285169
BFGS:   63 23:43:30     -185.232158        0.297288
BFGS:   64 23:43:31     -185.281643        0.307306
BFGS:   65 23:43:31     -185.314974        0.310773
BFGS:   66 23:43:31     -185.405826        0.307861
BFGS:   67 23:43:31     -185.535205        0.299235
BFGS:   68 23:43:31     -185.670490        0.288010
BFGS:   69 23:43:32     -185.823222        0.278039
BFGS:   70 23:43:32     -185.975538        0.269149
BFGS:   71 23:43:32     -186.131039        0.261333
BFGS:   72 23:43:32     -186.280505        0.253173
BFGS:   73 23:43:33     -186.427757        0.243822
BFGS:   74 23:43:33     -186.568479        0.232702
BFGS:   75 23:43:33     -186.704277        0.220198
BFGS:   76 23:43:33     -186.830929        0.206795
BFGS:   77 23:43:33     -186.948383        0.193104
BFGS:   78 23:43:33     -187.053547        0.179597
BFGS:   79 23:43:33     -187.145932        0.166714
BFGS:   80 23:43:34     -187.224434        0.154611
BFGS:   81 23:43:34     -187.289488        0.145827
BFGS:   82 23:43:34     -187.341527        0.145238
BFGS:   83 23:43:34     -187.381402        0.145837
BFGS:   84 23:43:37     -187.409976        0.147418
BFGS:   85 23:43:37     -187.429234        0.149763
BFGS:   86 23:43:37     -187.444098        0.153506
BFGS:   87 23:43:37     -187.464715        0.159541
BFGS:   88 23:43:37     -187.506121        0.163789
BFGS:   89 23:43:37     -187.568737        0.166984
BFGS:   90 23:43:37     -187.645159        0.182420
BFGS:   91 23:43:37     -187.663542        0.171437
BFGS:   92 23:43:38     -187.676839        0.155768
BFGS:   93 23:43:38     -187.685246        0.139321
BFGS:   94 23:43:38     -187.705079        0.128909
BFGS:   95 23:43:38     -187.747150        0.121469
BFGS:   96 23:43:38     -187.823943        0.111485
BFGS:   97 23:43:38     -187.874262        0.105537
BFGS:   98 23:43:38     -187.921175        0.110122
BFGS:   99 23:43:38     -187.966090        0.114856
BFGS:  100 23:43:39     -188.008956        0.118959
BFGS:  101 23:43:39     -188.049354        0.122727
BFGS:  102 23:43:39     -188.086899        0.126287
BFGS:  103 23:43:39     -188.121306        0.129722
BFGS:  104 23:43:39     -188.152429        0.133076
BFGS:  105 23:43:39     -188.180257        0.136379
BFGS:  106 23:43:39     -188.204912        0.139617
BFGS:  107 23:43:39     -188.226639        0.142775
BFGS:  108 23:43:40     -188.245795        0.145845
BFGS:  109 23:43:40     -188.262815        0.148811
BFGS:  110 23:43:40     -188.278156        0.151635
BFGS:  111 23:43:40     -188.292229        0.154262
BFGS:  112 23:43:40     -188.305393        0.156634
BFGS:  113 23:43:40     -188.318006        0.158708
BFGS:  114 23:43:40     -188.330484        0.160466
BFGS:  115 23:43:40     -188.343280        0.161910
BFGS:  116 23:43:41     -188.356818        0.163071
BFGS:  117 23:43:41     -188.371357        0.163993
BFGS:  118 23:43:41     -188.386942        0.164762
BFGS:  119 23:43:41     -188.403480        0.165466
BFGS:  120 23:43:41     -188.420788        0.166183
BFGS:  121 23:43:41     -188.439652        0.166934
BFGS:  122 23:43:41     -188.461607        0.167810
BFGS:  123 23:43:41     -188.487471        0.168841
BFGS:  124 23:43:42     -188.517337        0.170018
BFGS:  125 23:43:42     -188.550796        0.171315
BFGS:  126 23:43:42     -188.587288        0.172582
BFGS:  127 23:43:42     -188.626108        0.173985
BFGS:  128 23:43:42     -188.666418        0.177597
BFGS:  129 23:43:42     -188.708201        0.181172
BFGS:  130 23:43:42     -188.752847        0.184899
BFGS:  131 23:43:42     -188.803816        0.190784
BFGS:  132 23:43:43     -188.866804        0.199816
BFGS:  133 23:43:43     -188.941952        0.207372
BFGS:  134 23:43:43     -189.011154        0.211697
BFGS:  135 23:43:43     -189.073221        0.212213
BFGS:  136 23:43:48     -189.132101        0.211776
BFGS:  137 23:43:48     -189.189587        0.211270
BFGS:  138 23:43:48     -189.246239        0.210811
BFGS:  139 23:43:48     -189.302080        0.210236
BFGS:  140 23:43:48     -189.356878        0.209323
BFGS:  141 23:43:49     -189.410514        0.207918
BFGS:  142 23:43:49     -189.463223        0.206039
BFGS:  143 23:43:49     -189.515271        0.203827
BFGS:  144 23:43:50     -189.566699        0.201413
BFGS:  145 23:43:50     -189.617372        0.198861
BFGS:  146 23:43:50     -189.667169        0.196142
BFGS:  147 23:43:51     -189.716047        0.195778
BFGS:  148 23:43:51     -189.764278        0.195056
BFGS:  149 23:43:51     -189.812310        0.193876
BFGS:  150 23:43:51     -189.860742        0.192431
BFGS:  151 23:43:51     -189.909459        0.190937
BFGS:  152 23:43:51     -189.958526        0.189790
BFGS:  153 23:43:51     -190.006681        0.188841
BFGS:  154 23:43:51     -190.054468        0.188530
BFGS:  155 23:43:52     -190.100437        0.188518
BFGS:  156 23:43:52     -190.144987        0.189041
BFGS:  157 23:43:52     -190.187484        0.189990
BFGS:  158 23:43:52     -190.228154        0.191389
BFGS:  159 23:43:54     -190.267099        0.193136
BFGS:  160 23:43:55     -190.304633        0.195054
BFGS:  161 23:43:55     -190.340850        0.196881
BFGS:  162 23:43:55     -190.375833        0.198369
BFGS:  163 23:43:55     -190.409852        0.199421
BFGS:  164 23:43:55     -190.443090        0.200168
BFGS:  165 23:43:55     -190.475782        0.200772
BFGS:  166 23:43:55     -190.507827        0.201352
BFGS:  167 23:43:55     -190.539096        0.201926
BFGS:  168 23:43:56     -190.569424        0.202499
BFGS:  169 23:43:56     -190.598610        0.203061
BFGS:  170 23:43:56     -190.626432        0.203608
BFGS:  171 23:43:56     -190.652663        0.204155
BFGS:  172 23:43:56     -190.677063        0.204734
BFGS:  173 23:43:56     -190.699451        0.205310
BFGS:  174 23:43:56     -190.719734        0.205829
BFGS:  175 23:43:57     -190.737956        0.206235
BFGS:  176 23:43:57     -190.754383        0.206418
BFGS:  177 23:43:57     -190.769778        0.205993
BFGS:  178 23:43:57     -190.785070        0.203520
BFGS:  179 23:43:57     -190.801059        0.198559
BFGS:  180 23:44:02     -190.831062        0.187989
BFGS:  181 23:44:02     -190.850242        0.181483
BFGS:  182 23:44:02     -190.867063        0.176092
BFGS:  183 23:44:02     -190.882748        0.170998
BFGS:  184 23:44:02     -190.897744        0.165856
BFGS:  185 23:44:02     -190.912411        0.160518
BFGS:  186 23:44:03     -190.927241        0.154895
BFGS:  187 23:44:03     -190.942981        0.148908
BFGS:  188 23:44:03     -190.960908        0.142417
BFGS:  189 23:44:03     -190.983554        0.135004
BFGS:  190 23:44:03     -191.019514        0.124774
BFGS:  191 23:44:03     -191.068352        0.139711
BFGS:  192 23:44:03     -191.115165        0.148335
BFGS:  193 23:44:04     -191.152109        0.153360
BFGS:  194 23:44:04     -191.186336        0.157411
BFGS:  195 23:44:07     -191.219400        0.161013
BFGS:  196 23:44:07     -191.251763        0.164287
BFGS:  197 23:44:07     -191.283560        0.167216
BFGS:  198 23:44:07     -191.314741        0.169722
BFGS:  199 23:44:07     -191.345140        0.171654
BFGS:  200 23:44:07     -191.374593        0.172777
BFGS:  201 23:44:08     -191.403043        0.172925
BFGS:  202 23:44:08     -191.430507        0.172040
BFGS:  203 23:44:08     -191.457128        0.170075
BFGS:  204 23:44:08     -191.483179        0.167058
BFGS:  205 23:44:08     -191.509073        0.163047
BFGS:  206 23:44:08     -191.535313        0.158125
BFGS:  207 23:44:08     -191.562452        0.152331
BFGS:  208 23:44:08     -191.591072        0.149046
BFGS:  209 23:44:09     -191.621795        0.153246
BFGS:  210 23:44:09     -191.655306        0.157532
BFGS:  211 23:44:12     -191.692419        0.161839
BFGS:  212 23:44:12     -191.734206        0.166048
BFGS:  213 23:44:12     -191.782338        0.169695
BFGS:  214 23:44:12     -191.838968        0.171528
BFGS:  215 23:44:12     -191.904772        0.171448
BFGS:  216 23:44:12     -191.984160        0.170493
BFGS:  217 23:44:12     -192.090728        0.167782
BFGS:  218 23:44:13     -192.192218        0.163940
BFGS:  219 23:44:13     -192.273217        0.186711
BFGS:  220 23:44:13     -192.339438        0.215760
BFGS:  221 23:44:13     -192.387484        0.226122
BFGS:  222 23:44:13     -192.429868        0.236912
BFGS:  223 23:44:13     -192.469152        0.237268
BFGS:  224 23:44:13     -192.506277        0.240089
BFGS:  225 23:44:13     -192.542341        0.237891
BFGS:  226 23:44:14     -192.577509        0.235288
BFGS:  227 23:44:14     -192.612231        0.230477
BFGS:  228 23:44:14     -192.646477        0.224434
BFGS:  229 23:44:14     -192.680472        0.216677
BFGS:  230 23:44:14     -192.714209        0.207166
BFGS:  231 23:44:14     -192.747877        0.195541
BFGS:  232 23:44:14     -192.781582        0.181389
BFGS:  233 23:44:14     -192.815712        0.164078
BFGS:  234 23:44:15     -192.851004        0.142629
BFGS:  235 23:44:15     -192.889745        0.123040
BFGS:  236 23:44:15     -192.928544        0.123920
BFGS:  237 23:44:15     -192.967370        0.122454
BFGS:  238 23:44:15     -192.996737        0.120449
BFGS:  239 23:44:15     -193.020654        0.120085
BFGS:  240 23:44:15     -193.041739        0.119900
BFGS:  241 23:44:15     -193.060712        0.116876
BFGS:  242 23:44:16     -193.077907        0.111538
BFGS:  243 23:44:16     -193.093552        0.106647
BFGS:  244 23:44:16     -193.107909        0.105242
BFGS:  245 23:44:16     -193.121458        0.110324
BFGS:  246 23:44:16     -193.135425        0.115590
BFGS:  247 23:44:16     -193.151242        0.119357
BFGS:  248 23:44:16     -193.172147        0.118471
BFGS:  249 23:44:16     -193.200820        0.118677
BFGS:  250 23:44:17     -193.220407        0.122622
BFGS:  251 23:44:17     -193.239439        0.121852
BFGS:  252 23:44:17     -193.260117        0.117611
BFGS:  253 23:44:17     -193.284004        0.110204
BFGS:  254 23:44:17     -193.312804        0.117060
BFGS:  255 23:44:17     -193.344290        0.122602
BFGS:  256 23:44:17     -193.377567        0.127564
BFGS:  257 23:44:18     -193.410645        0.133179
BFGS:  258 23:44:18     -193.430408        0.134269
BFGS:  259 23:44:18     -193.446795        0.131484
BFGS:  260 23:44:22     -193.462655        0.125617
BFGS:  261 23:44:22     -193.478620        0.116844
BFGS:  262 23:44:22     -193.495344        0.104599
BFGS:  263 23:44:22     -193.513871        0.087603
BFGS:  264 23:44:22     -193.536449        0.072115
BFGS:  265 23:44:22     -193.568232        0.076370
BFGS:  266 23:44:22     -193.596527        0.074621
BFGS:  267 23:44:23     -193.621554        0.067934
BFGS:  268 23:44:24     -193.636686        0.074304
BFGS:  269 23:44:24     -193.647778        0.075554
BFGS:  270 23:44:24     -193.655264        0.073080
BFGS:  271 23:44:25     -193.660301        0.069779
BFGS:  272 23:44:25     -193.671386        0.061535
BFGS:  273 23:44:30     -193.680640        0.057802
BFGS:  274 23:44:30     -193.690472        0.055545
BFGS:  275 23:44:30     -193.702594        0.052589
BFGS:  276 23:44:30     -193.716683        0.051177
BFGS:  277 23:44:31     -193.728533        0.057372
BFGS:  278 23:44:31     -193.734346        0.060923
BFGS:  279 23:44:31     -193.738217        0.059773
BFGS:  280 23:44:31     -193.741094        0.056439
BFGS:  281 23:44:31     -193.748205        0.045869
BFGS:  282 23:44:31     -193.758596        0.035267
BFGS:  283 23:44:31     -193.769254        0.030506
BFGS:  284 23:44:31     -193.773944        0.032290
BFGS:  285 23:44:32     -193.775236        0.032924
BFGS:  286 23:44:32     -193.775621        0.033273
BFGS:  287 23:44:32     -193.776214        0.033134
BFGS:  288 23:44:32     -193.777510        0.032517
BFGS:  289 23:44:32     -193.779580        0.031145
BFGS:  290 23:44:32     -193.782663        0.028834
BFGS:  291 23:44:32     -193.786121        0.027384
BFGS:  292 23:44:32     -193.788959        0.025615
BFGS:  293 23:44:33     -193.790642        0.023940
BFGS:  294 23:44:33     -193.791524        0.022849
BFGS:  295 23:44:33     -193.792055        0.022209
BFGS:  296 23:44:33     -193.792521        0.021698
BFGS:  297 23:44:33     -193.793132        0.021117
BFGS:  298 23:44:33     -193.794136        0.020638
BFGS:  299 23:44:33     -193.795866        0.019688
BFGS:  300 23:44:33     -193.798563        0.020302
BFGS:  301 23:44:34     -193.801782        0.018497
BFGS:  302 23:44:34     -193.804251        0.015213
BFGS:  303 23:44:34     -193.805394        0.015291
BFGS:  304 23:44:34     -193.805787        0.015610
BFGS:  305 23:44:34     -193.806000        0.015663
BFGS:  306 23:44:34     -193.806265        0.015507
BFGS:  307 23:44:34     -193.806752        0.015669
BFGS:  308 23:44:34     -193.807779        0.024722
BFGS:  309 23:44:35     -193.809733        0.033698
BFGS:  310 23:44:35     -193.812517        0.034529
BFGS:  311 23:44:35     -193.814836        0.022982
BFGS:  312 23:44:35     -193.815735        0.013395
BFGS:  313 23:44:35     -193.815958        0.013799
BFGS:  314 23:44:35     -193.816129        0.013982
BFGS:  315 23:44:35     -193.816447        0.014442
BFGS:  316 23:44:35     -193.817022        0.016524
BFGS:  317 23:44:36     -193.818096        0.017707
BFGS:  318 23:44:36     -193.819834        0.016269
BFGS:  319 23:44:36     -193.821995        0.018699
BFGS:  320 23:44:36     -193.823565        0.019996
BFGS:  321 23:44:36     -193.824163        0.018914
BFGS:  322 23:44:36     -193.824416        0.017767
BFGS:  323 23:44:36     -193.824672        0.016503
BFGS:  324 23:44:36     -193.825221        0.016883
BFGS:  325 23:44:37     -193.826411        0.017231
BFGS:  326 23:44:37     -193.828721        0.017641
BFGS:  327 23:44:37     -193.831843        0.017572
BFGS:  328 23:44:37     -193.834105        0.017783
BFGS:  329 23:44:37     -193.834820        0.017746
BFGS:  330 23:44:37     -193.834980        0.017832
BFGS:  331 23:44:37     -193.835146        0.018392
BFGS:  332 23:44:37     -193.835569        0.019339
BFGS:  333 23:44:38     -193.836451        0.020328
BFGS:  334 23:44:38     -193.837973        0.021156
BFGS:  335 23:44:41     -193.839562        0.020860
BFGS:  336 23:44:41     -193.840398        0.021009
BFGS:  337 23:44:41     -193.840611        0.021232
BFGS:  338 23:44:42     -193.840701        0.021269
BFGS:  339 23:44:42     -193.840923        0.021310
BFGS:  340 23:44:42     -193.841445        0.021470
BFGS:  341 23:44:42     -193.842713        0.021899
BFGS:  342 23:44:42     -193.845295        0.022909
BFGS:  343 23:44:44     -193.849047        0.024426
BFGS:  344 23:44:44     -193.851788        0.025263
BFGS:  345 23:44:44     -193.852959        0.024898
BFGS:  346 23:44:44     -193.853231        0.024844
BFGS:  347 23:44:45     -193.853397        0.024792
BFGS:  348 23:44:45     -193.853967        0.024762
BFGS:  349 23:44:45     -193.855061        0.024558
BFGS:  350 23:44:45     -193.857143        0.049585
BFGS:  351 23:44:45     -193.859692        0.085260
BFGS:  352 23:44:45     -193.861698        0.099791
BFGS:  353 23:44:45     -193.863202        0.095082
BFGS:  354 23:44:46     -193.865283        0.085757
BFGS:  355 23:44:46     -193.868635        0.073461
BFGS:  356 23:44:46     -193.873236        0.074239
BFGS:  357 23:44:46     -193.877349        0.089127
BFGS:  358 23:44:49     -193.879057        0.077849
BFGS:  359 23:44:49     -193.879813        0.049920
BFGS:  360 23:44:49     -193.880398        0.030991
BFGS:  361 23:44:49     -193.881057        0.031028
BFGS:  362 23:44:50     -193.881753        0.032148
BFGS:  363 23:44:50     -193.882100        0.037845
BFGS:  364 23:44:50     -193.882980        0.044406
BFGS:  365 23:44:50     -193.884628        0.056828
BFGS:  366 23:44:50     -193.888543        0.093493
BFGS:  367 23:44:50     -193.894405        0.126453
BFGS:  368 23:44:50     -193.901204        0.146487
BFGS:  369 23:44:50     -193.908536        0.154663
BFGS:  370 23:44:51     -193.915617        0.151051
BFGS:  371 23:44:51     -193.921960        0.137033
BFGS:  372 23:44:51     -193.927061        0.115436
BFGS:  373 23:44:51     -193.931219        0.105701
BFGS:  374 23:44:51     -193.934663        0.103097
BFGS:  375 23:44:51     -193.938884        0.101852
BFGS:  376 23:44:51     -193.942330        0.098344
BFGS:  377 23:44:52     -193.946742        0.090483
BFGS:  378 23:44:52     -193.950319        0.077992
BFGS:  379 23:44:52     -193.956290        0.053550
BFGS:  380 23:44:52     -193.959182        0.053530
BFGS:  381 23:44:52     -193.960172        0.054068
BFGS:  382 23:44:52     -193.960810        0.053101
BFGS:  383 23:44:52     -193.961970        0.052312
BFGS:  384 23:44:52     -193.963990        0.051411
BFGS:  385 23:44:53     -193.966799        0.096087
BFGS:  386 23:44:53     -193.970051        0.132426
BFGS:  387 23:44:53     -193.973472        0.142286
BFGS:  388 23:44:53     -193.977614        0.130472
BFGS:  389 23:44:53     -193.982917        0.091023
BFGS:  390 23:44:53     -193.988943        0.090272
BFGS:  391 23:44:53     -193.994339        0.114276
BFGS:  392 23:44:53     -193.998580        0.151776
BFGS:  393 23:44:53     -194.002866        0.140925
BFGS:  394 23:44:54     -194.009197        0.109237
BFGS:  395 23:44:54     -194.018326        0.069700
BFGS:  396 23:44:54     -194.026712        0.078358
BFGS:  397 23:44:54     -194.031749        0.077016
BFGS:  398 23:44:54     -194.034417        0.072948
BFGS:  399 23:44:54     -194.036596        0.070392
BFGS:  400 23:44:54     -194.039693        0.072418
BFGS:  401 23:44:54     -194.043887        0.066213
BFGS:  402 23:44:55     -194.048453        0.047505
BFGS:  403 23:44:55     -194.051783        0.039351
BFGS:  404 23:44:55     -194.053348        0.039011
BFGS:  405 23:44:55     -194.054009        0.031941
BFGS:  406 23:44:55     -194.054627        0.030183
BFGS:  407 23:44:55     -194.055618        0.029921
BFGS:  408 23:44:55     -194.057014        0.045780
BFGS:  409 23:44:55     -194.058540        0.062983
BFGS:  410 23:44:56     -194.059867        0.064728
BFGS:  411 23:44:56     -194.061038        0.063167
BFGS:  412 23:44:56     -194.062289        0.046835
BFGS:  413 23:44:56     -194.063558        0.036053
BFGS:  414 23:44:56     -194.064609        0.033088
BFGS:  415 23:44:56     -194.065449        0.041433
BFGS:  416 23:44:56     -194.066384        0.052054
BFGS:  417 23:44:57     -194.067782        0.056863
BFGS:  418 23:44:57     -194.069655        0.048225
BFGS:  419 23:44:57     -194.071388        0.029544
BFGS:  420 23:44:57     -194.072437        0.028235
BFGS:  421 23:44:57     -194.072977        0.030880
BFGS:  422 23:44:57     -194.073367        0.028480
BFGS:  423 23:44:57     -194.073907        0.023256
BFGS:  424 23:44:57     -194.074716        0.017444
BFGS:  425 23:44:58     -194.075631        0.017203
BFGS:  426 23:44:58     -194.076237        0.017083
BFGS:  427 23:44:58     -194.076494        0.017390
BFGS:  428 23:44:58     -194.076617        0.015775
BFGS:  429 23:44:58     -194.076761        0.012299
BFGS:  430 23:44:58     -194.076988        0.013015
BFGS:  431 23:45:01     -194.077235        0.022755
BFGS:  432 23:45:01     -194.077399        0.024194
BFGS:  433 23:45:01     -194.077475        0.018492
BFGS:  434 23:45:01     -194.077527        0.010404
BFGS:  435 23:45:01     -194.077580        0.008430
BFGS:  436 23:45:01     -194.077623        0.008415
BFGS:  437 23:45:01     -194.077650        0.009818
BFGS:  438 23:45:01     -194.077674        0.009087
BFGS:  439 23:45:02     -194.077709        0.008413
BFGS:  440 23:45:02     -194.077757        0.008359
BFGS:  441 23:45:02     -194.077798        0.008258
BFGS:  442 23:45:02     -194.077818        0.008159
BFGS:  443 23:45:02     -194.077829        0.008090
BFGS:  444 23:45:02     -194.077843        0.008002
BFGS:  445 23:45:02     -194.077871        0.007844
BFGS:  446 23:45:07     -194.077919        0.007602
BFGS:  447 23:45:08     -194.077978        0.007347
BFGS:  448 23:45:08     -194.078024        0.007231
BFGS:  449 23:45:08     -194.078048        0.007256
BFGS:  450 23:45:08     -194.078068        0.007311
BFGS:  451 23:45:08     -194.078097        0.007344
BFGS:  452 23:45:08     -194.078148        0.007273
BFGS:  453 23:45:08     -194.078225        0.010746
BFGS:  454 23:45:08     -194.078311        0.014953
BFGS:  455 23:45:09     -194.078383        0.015169
BFGS:  456 23:45:09     -194.078440        0.011458
BFGS:  457 23:45:09     -194.078491        0.008471
BFGS:  458 23:45:09     -194.078542        0.006819
BFGS:  459 23:45:09     -194.078590        0.008446
BFGS:  460 23:45:09     -194.078637        0.011668
BFGS:  461 23:45:09     -194.078691        0.012471
BFGS:  462 23:45:09     -194.078773        0.011418
BFGS:  463 23:45:10     -194.078897        0.009022
BFGS:  464 23:45:10     -194.079048        0.009764
BFGS:  465 23:45:10     -194.079171        0.013276
BFGS:  466 23:45:10     -194.079231        0.014719
BFGS:  467 23:45:10     -194.079306        0.013351
BFGS:  468 23:45:10     -194.079471        0.008666
BFGS:  469 23:45:10     -194.079604        0.007369
BFGS:  470 23:45:10     -194.079766        0.008800
BFGS:  471 23:45:11     -194.079857        0.009532
BFGS:  472 23:45:11     -194.079935        0.012861
BFGS:  473 23:45:11     -194.080040        0.010010
BFGS:  474 23:45:11     -194.080200        0.005808
BFGS:  475 23:45:11     -194.080275        0.005684
BFGS:  476 23:45:11     -194.080331        0.006742
BFGS:  477 23:45:11     -194.080369        0.007721
BFGS:  478 23:45:11     -194.080429        0.007764
BFGS:  479 23:45:12     -194.080503        0.006156
BFGS:  480 23:45:12     -194.080581        0.005637
BFGS:  481 23:45:12     -194.080634        0.005174
BFGS:  482 23:45:12     -194.080662        0.005179
BFGS:  483 23:45:12     -194.080677        0.004813
BFGS:  484 23:45:12     -194.080692        0.004227
BFGS:  485 23:45:12     -194.080712        0.003313
BFGS:  486 23:45:12     -194.080740        0.003447
BFGS:  487 23:45:13     -194.080769        0.003406
BFGS:  488 23:45:13     -194.080785        0.003064
BFGS:  489 23:45:13     -194.080792        0.002825
BFGS:  490 23:45:13     -194.080796        0.002744
BFGS:  491 23:45:13     -194.080804        0.002466
BFGS:  492 23:45:13     -194.080817        0.002961
BFGS:  493 23:45:13     -194.080831        0.004080
BFGS:  494 23:45:13     -194.080840        0.004555
BFGS:  495 23:45:14     -194.080844        0.003674
BFGS:  496 23:45:14     -194.080846        0.002384
BFGS:  497 23:45:14     -194.080850        0.002406
BFGS:  498 23:45:14     -194.080854        0.002726
BFGS:  499 23:45:14     -194.080856        0.004010
BFGS:  500 23:45:14     -194.080859        0.004130
BFGS:  501 23:45:14     -194.080863        0.003337
BFGS:  502 23:45:14     -194.080868        0.002254
BFGS:  503 23:45:15     -194.080873        0.002243
BFGS:  504 23:45:15     -194.080875        0.002266
BFGS:  505 23:45:15     -194.080877        0.002294
BFGS:  506 23:45:15     -194.080879        0.002321
BFGS:  507 23:45:15     -194.080883        0.002346
BFGS:  508 23:45:15     -194.080891        0.002338
BFGS:  509 23:45:15     -194.080899        0.002266
BFGS:  510 23:45:15     -194.080904        0.002559
BFGS:  511 23:45:16     -194.080907        0.002484
BFGS:  512 23:45:16     -194.080909        0.002184
BFGS:  513 23:45:16     -194.080914        0.001970
BFGS:  514 23:45:16     -194.080923        0.001851
BFGS:  515 23:45:16     -194.080938        0.002222
BFGS:  516 23:45:16     -194.080950        0.002363
BFGS:  517 23:45:16     -194.080956        0.002459
BFGS:  518 23:45:16     -194.080959        0.002316
BFGS:  519 23:45:17     -194.080962        0.002095
BFGS:  520 23:45:17     -194.080969        0.001907
BFGS:  521 23:45:18     -194.080981        0.003350
BFGS:  522 23:45:18     -194.080994        0.004418
BFGS:  523 23:45:18     -194.081003        0.004582
BFGS:  524 23:45:18     -194.081008        0.003907
BFGS:  525 23:45:18     -194.081012        0.002695
BFGS:  526 23:45:18     -194.081019        0.001961
BFGS:  527 23:45:19     -194.081028        0.004811
BFGS:  528 23:45:19     -194.081037        0.006504
BFGS:  529 23:45:19     -194.081043        0.006151
BFGS:  530 23:45:19     -194.081049        0.004364
BFGS:  531 23:45:19     -194.081056        0.001793
BFGS:  532 23:45:19     -194.081062        0.001707
BFGS:  533 23:45:19     -194.081065        0.002179
BFGS:  534 23:45:20     -194.081067        0.002413
BFGS:  535 23:45:20     -194.081069        0.002346
BFGS:  536 23:45:20     -194.081074        0.001772
BFGS:  537 23:45:23     -194.081080        0.001411
BFGS:  538 23:45:23     -194.081085        0.001631
BFGS:  539 23:45:28     -194.081087        0.001652
BFGS:  540 23:45:28     -194.081089        0.001717
BFGS:  541 23:45:28     -194.081090        0.001567
BFGS:  542 23:45:28     -194.081093        0.001781
BFGS:  543 23:45:28     -194.081098        0.001813
BFGS:  544 23:45:28     -194.081101        0.001345
BFGS:  545 23:45:28     -194.081103        0.001408
BFGS:  546 23:45:28     -194.081104        0.001271
BFGS:  547 23:45:29     -194.081105        0.001031
BFGS:  548 23:45:29     -194.081107        0.001518
BFGS:  549 23:45:29     -194.081109        0.001661
BFGS:  550 23:45:29     -194.081112        0.001181
BFGS:  551 23:45:29     -194.081113        0.001240
BFGS:  552 23:45:29     -194.081113        0.001217
BFGS:  553 23:45:29     -194.081114        0.001082
BFGS:  554 23:45:29     -194.081115        0.000913
