      Step     Time          Energy          fmax
BFGS:    0 15:02:55      -86.241685        4.089143
BFGS:    1 15:02:55      -88.393642        3.188159
BFGS:    2 15:02:55      -93.152708        1.303013
BFGS:    3 15:02:55      -95.118349        0.869752
BFGS:    4 15:02:55      -95.990881        0.767014
BFGS:    5 15:02:55      -96.429394        0.696068
BFGS:    6 15:02:55      -96.808750        0.636401
BFGS:    7 15:02:55      -97.244273        0.617957
BFGS:    8 15:02:55      -97.890296        0.672035
BFGS:    9 15:02:55      -99.057952        0.535408
BFGS:   10 15:02:55      -99.512089        0.376308
BFGS:   11 15:02:55      -99.610069        0.270361
BFGS:   12 15:02:55      -99.634150        0.272264
BFGS:   13 15:02:56      -99.810663        0.264688
BFGS:   14 15:02:56      -99.841035        0.263719
BFGS:   15 15:02:56      -99.869711        0.304350
BFGS:   16 15:02:56      -99.891280        0.295936
BFGS:   17 15:02:56      -99.936353        0.222458
BFGS:   18 15:02:56      -99.967611        0.209957
BFGS:   19 15:02:56      -99.982029        0.192086
BFGS:   20 15:02:56      -99.990339        0.179992
BFGS:   21 15:02:56     -100.002946        0.178039
BFGS:   22 15:02:56     -100.026741        0.179719
BFGS:   23 15:02:56     -100.066335        0.177859
BFGS:   24 15:02:56     -100.105491        0.189151
BFGS:   25 15:02:56     -100.125500        0.203407
BFGS:   26 15:02:56     -100.138050        0.187737
BFGS:   27 15:02:56     -100.157446        0.177428
BFGS:   28 15:02:57     -100.192966        0.183475
BFGS:   29 15:02:57     -100.251935        0.174305
BFGS:   30 15:02:57     -100.308683        0.192862
BFGS:   31 15:02:57     -100.358813        0.207915
BFGS:   32 15:02:57     -100.384430        0.227830
BFGS:   33 15:02:57     -100.404881        0.232828
BFGS:   34 15:02:57     -100.449341        0.240991
BFGS:   35 15:02:57     -100.528427        0.231386
BFGS:   36 15:02:57     -100.597845        0.199603
BFGS:   37 15:02:57     -100.659125        0.185381
BFGS:   38 15:02:57     -100.702286        0.164252
BFGS:   39 15:02:57     -100.711038        0.159752
BFGS:   40 15:02:57     -100.718214        0.157846
BFGS:   41 15:02:57     -100.731528        0.155810
BFGS:   42 15:02:57     -100.754342        0.153676
BFGS:   43 15:02:58     -100.781348        0.151501
BFGS:   44 15:02:58     -100.798056        0.148785
BFGS:   45 15:02:58     -100.804218        0.147406
BFGS:   46 15:02:58     -100.810804        0.145878
BFGS:   47 15:02:58     -100.825318        0.141472
BFGS:   48 15:02:58     -100.852026        0.131173
BFGS:   49 15:02:58     -100.881788        0.119791
BFGS:   50 15:02:58     -100.907738        0.122949
BFGS:   51 15:02:58     -100.918936        0.118956
BFGS:   52 15:02:58     -100.923852        0.105718
BFGS:   53 15:02:58     -100.931658        0.106777
BFGS:   54 15:02:58     -100.944391        0.106913
BFGS:   55 15:02:58     -100.962750        0.103644
BFGS:   56 15:02:58     -100.976993        0.127142
BFGS:   57 15:02:58     -100.984786        0.132634
BFGS:   58 15:02:59     -100.989900        0.110908
BFGS:   59 15:02:59     -100.996024        0.093531
BFGS:   60 15:02:59     -101.007591        0.090984
BFGS:   61 15:02:59     -101.023619        0.082112
BFGS:   62 15:02:59     -101.037812        0.095447
BFGS:   63 15:02:59     -101.044001        0.086185
BFGS:   64 15:02:59     -101.047639        0.088343
BFGS:   65 15:02:59     -101.055152        0.090942
BFGS:   66 15:02:59     -101.069819        0.092244
BFGS:   67 15:02:59     -101.091420        0.106625
BFGS:   68 15:02:59     -101.110071        0.108686
BFGS:   69 15:02:59     -101.121890        0.092968
BFGS:   70 15:02:59     -101.129383        0.103789
BFGS:   71 15:02:59     -101.137060        0.132291
BFGS:   72 15:03:00     -101.142702        0.159381
BFGS:   73 15:03:00     -101.148665        0.172844
BFGS:   74 15:03:00     -101.164992        0.181776
BFGS:   75 15:03:00     -101.188862        0.181205
BFGS:   76 15:03:00     -101.219405        0.174040
BFGS:   77 15:03:00     -101.253895        0.164420
BFGS:   78 15:03:00     -101.287064        0.163871
BFGS:   79 15:03:00     -101.318384        0.173434
BFGS:   80 15:03:00     -101.354076        0.174016
BFGS:   81 15:03:00     -101.395655        0.171268
BFGS:   82 15:03:00     -101.431510        0.183607
BFGS:   83 15:03:00     -101.471287        0.191618
BFGS:   84 15:03:00     -101.522729        0.209443
BFGS:   85 15:03:00     -101.544251        0.212536
BFGS:   86 15:03:00     -101.565802        0.218603
BFGS:   87 15:03:01     -101.586828        0.222524
BFGS:   88 15:03:01     -101.608498        0.226840
BFGS:   89 15:03:01     -101.630421        0.231994
BFGS:   90 15:03:01     -101.652824        0.238594
BFGS:   91 15:03:01     -101.674765        0.244463
BFGS:   92 15:03:01     -101.696279        0.249198
BFGS:   93 15:03:01     -101.716765        0.251894
BFGS:   94 15:03:01     -101.736475        0.254553
BFGS:   95 15:03:01     -101.756181        0.260088
BFGS:   96 15:03:01     -101.776090        0.268126
BFGS:   97 15:03:01     -101.795450        0.275935
BFGS:   98 15:03:01     -101.814088        0.282983
BFGS:   99 15:03:01     -101.831122        0.287903
BFGS:  100 15:03:01     -101.846644        0.291826
BFGS:  101 15:03:01     -101.860876        0.295231
BFGS:  102 15:03:02     -101.874055        0.297676
BFGS:  103 15:03:02     -101.886587        0.299208
BFGS:  104 15:03:02     -101.898720        0.299648
BFGS:  105 15:03:02     -101.910819        0.299131
BFGS:  106 15:03:02     -101.923220        0.297596
BFGS:  107 15:03:02     -101.936402        0.295219
BFGS:  108 15:03:02     -101.950927        0.291980
BFGS:  109 15:03:02     -101.967650        0.287893
BFGS:  110 15:03:02     -101.987549        0.282621
BFGS:  111 15:03:02     -102.011936        0.275869
BFGS:  112 15:03:02     -102.042047        0.266887
BFGS:  113 15:03:02     -102.079706        0.255196
BFGS:  114 15:03:02     -102.126364        0.239655
BFGS:  115 15:03:02     -102.184012        0.219120
BFGS:  116 15:03:02     -102.244424        0.223089
BFGS:  117 15:03:03     -102.310841        0.237899
BFGS:  118 15:03:03     -102.379226        0.245342
BFGS:  119 15:03:03     -102.455621        0.244731
BFGS:  120 15:03:03     -102.502705        0.237019
BFGS:  121 15:03:03     -102.538680        0.224388
BFGS:  122 15:03:03     -102.571315        0.222404
BFGS:  123 15:03:03     -102.599436        0.222246
BFGS:  124 15:03:03     -102.626542        0.222469
BFGS:  125 15:03:03     -102.649069        0.212692
BFGS:  126 15:03:03     -102.671745        0.203519
BFGS:  127 15:03:03     -102.690669        0.179188
BFGS:  128 15:03:03     -102.713867        0.148864
BFGS:  129 15:03:03     -102.729589        0.141540
BFGS:  130 15:03:03     -102.758271        0.156596
BFGS:  131 15:03:03     -102.778196        0.168172
BFGS:  132 15:03:04     -102.795854        0.165951
BFGS:  133 15:03:04     -102.813593        0.149411
BFGS:  134 15:03:04     -102.831397        0.143271
BFGS:  135 15:03:04     -102.845652        0.136949
BFGS:  136 15:03:04     -102.852161        0.131068
BFGS:  137 15:03:04     -102.857915        0.124946
BFGS:  138 15:03:04     -102.860868        0.122651
BFGS:  139 15:03:04     -102.863383        0.121625
BFGS:  140 15:03:04     -102.867220        0.120695
BFGS:  141 15:03:04     -102.876497        0.117989
BFGS:  142 15:03:04     -102.894970        0.112330
BFGS:  143 15:03:04     -102.915636        0.104071
BFGS:  144 15:03:04     -102.929486        0.095589
BFGS:  145 15:03:04     -102.938654        0.084752
BFGS:  146 15:03:04     -102.941968        0.082156
BFGS:  147 15:03:05     -102.946792        0.078601
BFGS:  148 15:03:05     -102.952743        0.074738
BFGS:  149 15:03:05     -102.967212        0.071289
BFGS:  150 15:03:05     -102.986885        0.064452
BFGS:  151 15:03:05     -103.010481        0.084857
BFGS:  152 15:03:05     -103.026935        0.094974
BFGS:  153 15:03:05     -103.035977        0.095255
BFGS:  154 15:03:05     -103.042072        0.092888
BFGS:  155 15:03:05     -103.046791        0.090782
BFGS:  156 15:03:05     -103.051034        0.088312
BFGS:  157 15:03:05     -103.059903        0.085696
BFGS:  158 15:03:05     -103.072772        0.085243
BFGS:  159 15:03:05     -103.091225        0.073801
BFGS:  160 15:03:05     -103.108874        0.067053
BFGS:  161 15:03:05     -103.117209        0.069547
BFGS:  162 15:03:06     -103.119250        0.072381
BFGS:  163 15:03:06     -103.121159        0.066855
BFGS:  164 15:03:06     -103.124480        0.066824
BFGS:  165 15:03:06     -103.129989        0.064671
BFGS:  166 15:03:06     -103.135714        0.062411
BFGS:  167 15:03:06     -103.138776        0.058944
BFGS:  168 15:03:06     -103.139680        0.057516
BFGS:  169 15:03:06     -103.140274        0.055989
BFGS:  170 15:03:06     -103.141580        0.052816
BFGS:  171 15:03:06     -103.144221        0.045692
BFGS:  172 15:03:06     -103.148624        0.033743
BFGS:  173 15:03:06     -103.153012        0.031643
BFGS:  174 15:03:06     -103.155101        0.028917
BFGS:  175 15:03:06     -103.155642        0.028883
BFGS:  176 15:03:07     -103.155894        0.028947
BFGS:  177 15:03:07     -103.156409        0.028362
BFGS:  178 15:03:07     -103.157243        0.026771
BFGS:  179 15:03:07     -103.158193        0.024388
BFGS:  180 15:03:07     -103.158716        0.022746
BFGS:  181 15:03:07     -103.158882        0.022423
BFGS:  182 15:03:07     -103.158974        0.022478
BFGS:  183 15:03:07     -103.159168        0.022605
BFGS:  184 15:03:07     -103.159590        0.022616
BFGS:  185 15:03:07     -103.160407        0.022236
BFGS:  186 15:03:07     -103.161497        0.021397
BFGS:  187 15:03:07     -103.162306        0.020607
BFGS:  188 15:03:07     -103.162625        0.019981
BFGS:  189 15:03:07     -103.162780        0.019458
BFGS:  190 15:03:07     -103.163024        0.018607
BFGS:  191 15:03:08     -103.163565        0.016899
BFGS:  192 15:03:08     -103.164607        0.016838
BFGS:  193 15:03:08     -103.166011        0.017455
BFGS:  194 15:03:08     -103.166981        0.016993
BFGS:  195 15:03:08     -103.167289        0.017086
BFGS:  196 15:03:08     -103.167383        0.017060
BFGS:  197 15:03:08     -103.167501        0.016917
BFGS:  198 15:03:08     -103.167796        0.016468
BFGS:  199 15:03:08     -103.168398        0.015431
BFGS:  200 15:03:08     -103.169377        0.014323
BFGS:  201 15:03:08     -103.170326        0.012906
BFGS:  202 15:03:08     -103.170759        0.010896
BFGS:  203 15:03:08     -103.170856        0.010885
BFGS:  204 15:03:08     -103.170904        0.011070
BFGS:  205 15:03:08     -103.171025        0.011304
BFGS:  206 15:03:09     -103.171272        0.011330
BFGS:  207 15:03:09     -103.171710        0.010738
BFGS:  208 15:03:09     -103.172171        0.009467
BFGS:  209 15:03:09     -103.172401        0.008559
BFGS:  210 15:03:09     -103.172455        0.008379
BFGS:  211 15:03:09     -103.172476        0.008386
BFGS:  212 15:03:09     -103.172522        0.008457
BFGS:  213 15:03:09     -103.172617        0.008624
BFGS:  214 15:03:09     -103.172786        0.014934
BFGS:  215 15:03:09     -103.172980        0.024417
BFGS:  216 15:03:09     -103.173103        0.025197
BFGS:  217 15:03:09     -103.173150        0.019030
BFGS:  218 15:03:09     -103.173175        0.011403
BFGS:  219 15:03:09     -103.173201        0.008108
BFGS:  220 15:03:09     -103.173220        0.008067
BFGS:  221 15:03:10     -103.173232        0.009529
BFGS:  222 15:03:10     -103.173245        0.009986
BFGS:  223 15:03:10     -103.173271        0.008975
BFGS:  224 15:03:10     -103.173326        0.008985
BFGS:  225 15:03:10     -103.173424        0.012196
BFGS:  226 15:03:10     -103.173546        0.019203
BFGS:  227 15:03:10     -103.173644        0.023335
BFGS:  228 15:03:10     -103.173711        0.022039
BFGS:  229 15:03:10     -103.173783        0.017351
BFGS:  230 15:03:10     -103.173897        0.011508
BFGS:  231 15:03:10     -103.174038        0.007488
BFGS:  232 15:03:10     -103.174145        0.013773
BFGS:  233 15:03:10     -103.174195        0.014286
BFGS:  234 15:03:10     -103.174232        0.012313
BFGS:  235 15:03:10     -103.174299        0.008688
BFGS:  236 15:03:11     -103.174436        0.008914
BFGS:  237 15:03:11     -103.174666        0.009550
BFGS:  238 15:03:11     -103.174906        0.014289
BFGS:  239 15:03:11     -103.175027        0.013293
BFGS:  240 15:03:11     -103.175057        0.009751
BFGS:  241 15:03:11     -103.175070        0.006618
BFGS:  242 15:03:11     -103.175088        0.004587
BFGS:  243 15:03:11     -103.175111        0.005846
BFGS:  244 15:03:11     -103.175132        0.010663
BFGS:  245 15:03:11     -103.175149        0.012275
BFGS:  246 15:03:11     -103.175168        0.011281
BFGS:  247 15:03:11     -103.175194        0.008242
BFGS:  248 15:03:11     -103.175221        0.006732
BFGS:  249 15:03:11     -103.175237        0.005634
BFGS:  250 15:03:11     -103.175243        0.005663
BFGS:  251 15:03:12     -103.175247        0.004898
BFGS:  252 15:03:12     -103.175252        0.003247
BFGS:  253 15:03:12     -103.175257        0.001515
BFGS:  254 15:03:12     -103.175260        0.001132
BFGS:  255 15:03:12     -103.175260        0.000962
