      Step     Time          Energy          fmax
BFGS:    0 14:13:37      -37.568560        2.823796
BFGS:    1 14:13:37      -38.789842        2.413524
BFGS:    2 14:13:37      -42.299371        1.105168
BFGS:    3 14:13:37      -43.273138        0.801054
BFGS:    4 14:13:37      -43.761105        0.720470
BFGS:    5 14:13:37      -43.915511        0.754930
BFGS:    6 14:13:37      -44.098090        0.762832
BFGS:    7 14:13:37      -44.449508        0.725027
BFGS:    8 14:13:37      -44.890649        0.637472
BFGS:    9 14:13:37      -45.207155        0.423518
BFGS:   10 14:13:37      -45.395119        0.336804
BFGS:   11 14:13:37      -45.502555        0.322933
BFGS:   12 14:13:37      -45.516540        0.317412
BFGS:   13 14:13:37      -45.538387        0.309542
BFGS:   14 14:13:37      -45.600167        0.300986
BFGS:   15 14:13:37      -45.744179        0.362483
BFGS:   16 14:13:37      -45.978011        0.433058
BFGS:   17 14:13:37      -46.217449        0.494127
BFGS:   18 14:13:38      -46.445661        0.573837
BFGS:   19 14:13:38      -46.714939        0.645030
BFGS:   20 14:13:38      -46.966631        0.697520
BFGS:   21 14:13:38      -47.179831        0.734837
BFGS:   22 14:13:38      -47.356699        0.742822
BFGS:   23 14:13:38      -47.512500        0.709916
BFGS:   24 14:13:38      -47.636767        0.665578
BFGS:   25 14:13:38      -47.880691        0.683596
BFGS:   26 14:13:38      -48.117789        0.638469
BFGS:   27 14:13:38      -48.314525        0.469495
BFGS:   28 14:13:38      -48.475398        0.351941
BFGS:   29 14:13:38      -48.590482        0.338759
BFGS:   30 14:13:38      -48.661364        0.475747
BFGS:   31 14:13:38      -48.692032        0.505571
BFGS:   32 14:13:38      -48.767682        0.478498
BFGS:   33 14:13:38      -48.925304        0.342132
BFGS:   34 14:13:38      -49.185913        0.377109
BFGS:   35 14:13:38      -49.401871        0.423827
BFGS:   36 14:13:38      -49.437296        0.425415
BFGS:   37 14:13:38      -49.462608        0.435420
BFGS:   38 14:13:38      -49.583337        0.461941
BFGS:   39 14:13:38      -49.736857        0.471369
BFGS:   40 14:13:38      -49.892877        0.406690
BFGS:   41 14:13:39      -50.036051        0.309211
BFGS:   42 14:13:39      -50.168943        0.262351
BFGS:   43 14:13:39      -50.280374        0.203342
BFGS:   44 14:13:39      -50.304708        0.191267
BFGS:   45 14:13:39      -50.310843        0.195612
BFGS:   46 14:13:39      -50.316771        0.186547
BFGS:   47 14:13:39      -50.337073        0.188355
BFGS:   48 14:13:39      -50.371905        0.190132
BFGS:   49 14:13:39      -50.424397        0.153984
BFGS:   50 14:13:39      -50.456164        0.170485
BFGS:   51 14:13:39      -50.465191        0.147716
BFGS:   52 14:13:39      -50.469838        0.119586
BFGS:   53 14:13:39      -50.475315        0.112621
BFGS:   54 14:13:39      -50.488959        0.108357
BFGS:   55 14:13:39      -50.513667        0.120334
BFGS:   56 14:13:39      -50.546609        0.132401
BFGS:   57 14:13:39      -50.568268        0.124865
BFGS:   58 14:13:39      -50.575942        0.132567
BFGS:   59 14:13:39      -50.580214        0.131401
BFGS:   60 14:13:39      -50.588780        0.124261
BFGS:   61 14:13:39      -50.605878        0.115961
BFGS:   62 14:13:39      -50.635879        0.129113
BFGS:   63 14:13:40      -50.673932        0.118235
BFGS:   64 14:13:40      -50.689222        0.154575
BFGS:   65 14:13:40      -50.694116        0.130267
BFGS:   66 14:13:40      -50.697403        0.121339
BFGS:   67 14:13:40      -50.701914        0.116012
BFGS:   68 14:13:40      -50.713834        0.110700
BFGS:   69 14:13:40      -50.737947        0.142965
BFGS:   70 14:13:40      -50.767905        0.233251
BFGS:   71 14:13:40      -50.792835        0.298700
BFGS:   72 14:13:40      -50.819679        0.344228
BFGS:   73 14:13:40      -50.847543        0.364514
BFGS:   74 14:13:40      -50.870214        0.339349
BFGS:   75 14:13:40      -50.884590        0.257655
BFGS:   76 14:13:40      -50.894739        0.145033
BFGS:   77 14:13:40      -50.904836        0.123221
BFGS:   78 14:13:40      -50.918733        0.153693
BFGS:   79 14:13:40      -50.928363        0.225006
BFGS:   80 14:13:40      -50.936869        0.237953
BFGS:   81 14:13:40      -50.948572        0.226824
BFGS:   82 14:13:40      -50.969667        0.192094
BFGS:   83 14:13:40      -50.997669        0.179434
BFGS:   84 14:13:40      -51.024551        0.227004
BFGS:   85 14:13:40      -51.055945        0.298386
BFGS:   86 14:13:41      -51.080498        0.304147
BFGS:   87 14:13:41      -51.089564        0.242443
BFGS:   88 14:13:41      -51.103110        0.129080
BFGS:   89 14:13:41      -51.110983        0.103173
BFGS:   90 14:13:41      -51.120466        0.109955
BFGS:   91 14:13:41      -51.124393        0.116253
BFGS:   92 14:13:41      -51.126334        0.118980
BFGS:   93 14:13:41      -51.128358        0.119989
BFGS:   94 14:13:41      -51.132686        0.117874
BFGS:   95 14:13:41      -51.140541        0.111031
BFGS:   96 14:13:41      -51.154492        0.105508
BFGS:   97 14:13:41      -51.171904        0.121400
BFGS:   98 14:13:41      -51.183653        0.164772
BFGS:   99 14:13:41      -51.189386        0.172442
BFGS:  100 14:13:41      -51.194427        0.164492
BFGS:  101 14:13:41      -51.200761        0.143573
BFGS:  102 14:13:41      -51.211493        0.101578
BFGS:  103 14:13:41      -51.224014        0.081710
BFGS:  104 14:13:41      -51.233912        0.075628
BFGS:  105 14:13:41      -51.241394        0.065055
BFGS:  106 14:13:41      -51.244474        0.068444
BFGS:  107 14:13:41      -51.245382        0.067114
BFGS:  108 14:13:42      -51.246725        0.064403
BFGS:  109 14:13:42      -51.248875        0.061652
BFGS:  110 14:13:42      -51.253358        0.059891
BFGS:  111 14:13:42      -51.258061        0.063496
BFGS:  112 14:13:42      -51.261030        0.056938
BFGS:  113 14:13:42      -51.262242        0.067102
BFGS:  114 14:13:42      -51.263419        0.069399
BFGS:  115 14:13:42      -51.265676        0.065920
BFGS:  116 14:13:42      -51.269441        0.051995
BFGS:  117 14:13:42      -51.273858        0.045366
BFGS:  118 14:13:42      -51.276729        0.054483
BFGS:  119 14:13:42      -51.277939        0.053684
BFGS:  120 14:13:42      -51.278476        0.052389
BFGS:  121 14:13:42      -51.278943        0.052066
BFGS:  122 14:13:42      -51.279544        0.050680
BFGS:  123 14:13:42      -51.280274        0.049329
BFGS:  124 14:13:42      -51.281210        0.048799
BFGS:  125 14:13:42      -51.282361        0.049070
BFGS:  126 14:13:42      -51.283505        0.049463
BFGS:  127 14:13:42      -51.284085        0.049504
BFGS:  128 14:13:42      -51.284276        0.049563
BFGS:  129 14:13:42      -51.284548        0.049548
BFGS:  130 14:13:43      -51.285092        0.048813
BFGS:  131 14:13:43      -51.286308        0.045666
BFGS:  132 14:13:43      -51.288583        0.037435
BFGS:  133 14:13:43      -51.291625        0.029425
BFGS:  134 14:13:43      -51.293623        0.026795
BFGS:  135 14:13:43      -51.294106        0.025533
BFGS:  136 14:13:43      -51.294248        0.023173
BFGS:  137 14:13:43      -51.294391        0.020413
BFGS:  138 14:13:43      -51.294705        0.018160
BFGS:  139 14:13:43      -51.295135        0.018217
BFGS:  140 14:13:43      -51.295509        0.014998
BFGS:  141 14:13:43      -51.295650        0.011273
BFGS:  142 14:13:43      -51.295687        0.011263
BFGS:  143 14:13:43      -51.295722        0.011183
BFGS:  144 14:13:43      -51.295798        0.010392
BFGS:  145 14:13:43      -51.295919        0.008285
BFGS:  146 14:13:43      -51.296046        0.006487
BFGS:  147 14:13:43      -51.296107        0.005317
BFGS:  148 14:13:43      -51.296121        0.004853
BFGS:  149 14:13:43      -51.296125        0.004717
BFGS:  150 14:13:43      -51.296135        0.004482
BFGS:  151 14:13:43      -51.296154        0.004191
BFGS:  152 14:13:44      -51.296192        0.003758
BFGS:  153 14:13:44      -51.296241        0.003838
BFGS:  154 14:13:44      -51.296274        0.003432
BFGS:  155 14:13:44      -51.296285        0.003713
BFGS:  156 14:13:44      -51.296288        0.003768
BFGS:  157 14:13:44      -51.296293        0.003793
BFGS:  158 14:13:44      -51.296305        0.003855
BFGS:  159 14:13:44      -51.296333        0.004712
BFGS:  160 14:13:44      -51.296386        0.006282
BFGS:  161 14:13:44      -51.296452        0.006439
BFGS:  162 14:13:44      -51.296495        0.005842
BFGS:  163 14:13:44      -51.296508        0.005857
BFGS:  164 14:13:44      -51.296512        0.005695
BFGS:  165 14:13:44      -51.296519        0.005475
BFGS:  166 14:13:44      -51.296534        0.005131
BFGS:  167 14:13:44      -51.296569        0.007639
BFGS:  168 14:13:44      -51.296637        0.015767
BFGS:  169 14:13:44      -51.296737        0.026478
BFGS:  170 14:13:44      -51.296844        0.032946
BFGS:  171 14:13:44      -51.296945        0.031379
BFGS:  172 14:13:44      -51.297042        0.022790
BFGS:  173 14:13:44      -51.297140        0.011308
BFGS:  174 14:13:44      -51.297215        0.008342
BFGS:  175 14:13:45      -51.297248        0.009162
BFGS:  176 14:13:45      -51.297261        0.008298
BFGS:  177 14:13:45      -51.297278        0.007435
BFGS:  178 14:13:45      -51.297313        0.007387
BFGS:  179 14:13:45      -51.297371        0.009379
BFGS:  180 14:13:45      -51.297438        0.015036
BFGS:  181 14:13:45      -51.297483        0.015518
BFGS:  182 14:13:45      -51.297506        0.012204
BFGS:  183 14:13:45      -51.297524        0.008159
BFGS:  184 14:13:45      -51.297544        0.004867
BFGS:  185 14:13:45      -51.297559        0.004300
BFGS:  186 14:13:45      -51.297566        0.004434
BFGS:  187 14:13:45      -51.297570        0.004492
BFGS:  188 14:13:45      -51.297576        0.004308
BFGS:  189 14:13:45      -51.297596        0.004804
BFGS:  190 14:13:45      -51.297636        0.006878
BFGS:  191 14:13:45      -51.297698        0.008926
BFGS:  192 14:13:45      -51.297755        0.006732
BFGS:  193 14:13:45      -51.297780        0.003455
BFGS:  194 14:13:45      -51.297786        0.003038
BFGS:  195 14:13:45      -51.297788        0.002849
BFGS:  196 14:13:45      -51.297792        0.002453
BFGS:  197 14:13:46      -51.297798        0.001990
BFGS:  198 14:13:46      -51.297806        0.002401
BFGS:  199 14:13:46      -51.297813        0.003690
BFGS:  200 14:13:46      -51.297821        0.004435
BFGS:  201 14:13:46      -51.297829        0.004476
BFGS:  202 14:13:46      -51.297833        0.003875
BFGS:  203 14:13:46      -51.297840        0.003460
BFGS:  204 14:13:46      -51.297846        0.002846
BFGS:  205 14:13:46      -51.297851        0.002470
BFGS:  206 14:13:46      -51.297854        0.001265
BFGS:  207 14:13:46      -51.297854        0.000983
