      Step     Time          Energy          fmax
BFGS:    0 14:40:34      319.092969      282.169378
BFGS:    1 14:40:34      175.684848       95.969238
BFGS:    2 14:40:34      117.086544       82.101161
BFGS:    3 14:40:34       76.401290       54.435387
BFGS:    4 14:40:34       37.672589       30.624704
BFGS:    5 14:40:34       16.998447       16.384220
BFGS:    6 14:40:34        3.543441        9.100893
BFGS:    7 14:40:34       -4.674295        6.507038
BFGS:    8 14:40:34       -8.717091        4.924720
BFGS:    9 14:40:34      -11.213291        4.211115
BFGS:   10 14:40:34      -13.299479        3.978222
BFGS:   11 14:40:34      -15.077856        3.288691
BFGS:   12 14:40:34      -16.562384        2.548017
BFGS:   13 14:40:34      -17.784973        2.064579
BFGS:   14 14:40:34      -18.781147        1.880211
BFGS:   15 14:40:34      -19.582548        1.680585
BFGS:   16 14:40:34      -20.218625        1.441373
BFGS:   17 14:40:34      -20.717708        1.167679
BFGS:   18 14:40:34      -21.100995        1.026031
BFGS:   19 14:40:34      -21.389242        0.960607
BFGS:   20 14:40:34      -21.595370        0.877788
BFGS:   21 14:40:34      -21.739278        0.782708
BFGS:   22 14:40:34      -21.839964        0.732823
BFGS:   23 14:40:34      -21.914857        0.658817
BFGS:   24 14:40:34      -22.009854        0.587745
BFGS:   25 14:40:35      -22.133523        0.530162
BFGS:   26 14:40:35      -22.233710        0.507348
BFGS:   27 14:40:35      -22.305860        0.472231
BFGS:   28 14:40:35      -22.329719        0.443751
BFGS:   29 14:40:35      -22.360464        0.405277
BFGS:   30 14:40:35      -22.442176        0.506457
BFGS:   31 14:40:35      -22.540268        0.615376
BFGS:   32 14:40:35      -22.600347        0.594413
BFGS:   33 14:40:35      -22.639418        0.543048
BFGS:   34 14:40:35      -22.675662        0.503012
BFGS:   35 14:40:35      -22.774272        0.442771
BFGS:   36 14:40:35      -22.889916        0.594826
BFGS:   37 14:40:35      -23.048032        0.853737
BFGS:   38 14:40:35      -23.215829        1.025588
BFGS:   39 14:40:35      -23.339969        0.912100
BFGS:   40 14:40:35      -23.396771        0.735684
BFGS:   41 14:40:35      -23.441123        0.732663
BFGS:   42 14:40:35      -23.581900        0.647150
BFGS:   43 14:40:35      -23.688705        0.587548
BFGS:   44 14:40:35      -23.875784        0.419322
BFGS:   45 14:40:35      -23.955019        0.402685
BFGS:   46 14:40:35      -24.031041        0.332889
BFGS:   47 14:40:35      -24.058523        0.412637
BFGS:   48 14:40:35      -24.073443        0.371622
BFGS:   49 14:40:35      -24.097264        0.379409
BFGS:   50 14:40:35      -24.216384        0.385263
BFGS:   51 14:40:35      -24.344697        0.375323
BFGS:   52 14:40:35      -24.425337        0.466566
BFGS:   53 14:40:35      -24.476325        0.440243
BFGS:   54 14:40:35      -24.501435        0.481295
BFGS:   55 14:40:35      -24.521450        0.502533
BFGS:   56 14:40:35      -24.554158        0.486210
BFGS:   57 14:40:35      -24.596648        0.408364
BFGS:   58 14:40:35      -24.644124        0.451485
BFGS:   59 14:40:35      -24.682777        0.452943
BFGS:   60 14:40:36      -24.705280        0.377692
BFGS:   61 14:40:36      -24.716736        0.398837
BFGS:   62 14:40:36      -24.739649        0.405346
BFGS:   63 14:40:36      -24.774457        0.377586
BFGS:   64 14:40:36      -24.807434        0.323377
BFGS:   65 14:40:36      -24.828438        0.296872
BFGS:   66 14:40:36      -24.837293        0.296485
BFGS:   67 14:40:36      -24.842695        0.295125
BFGS:   68 14:40:36      -24.856135        0.286539
BFGS:   69 14:40:36      -24.880249        0.266871
BFGS:   70 14:40:36      -24.918986        0.292975
BFGS:   71 14:40:36      -24.959212        0.387411
BFGS:   72 14:40:36      -24.984192        0.395492
BFGS:   73 14:40:36      -24.993291        0.358492
BFGS:   74 14:40:36      -24.997986        0.331274
BFGS:   75 14:40:36      -25.006635        0.287849
BFGS:   76 14:40:36      -25.020497        0.218542
BFGS:   77 14:40:36      -25.035347        0.199359
BFGS:   78 14:40:36      -25.052033        0.132981
BFGS:   79 14:40:36      -25.056896        0.146694
BFGS:   80 14:40:36      -25.058690        0.148554
BFGS:   81 14:40:36      -25.061396        0.152273
BFGS:   82 14:40:36      -25.065234        0.128288
BFGS:   83 14:40:36      -25.068335        0.128931
BFGS:   84 14:40:36      -25.072244        0.116576
BFGS:   85 14:40:36      -25.079994        0.106968
BFGS:   86 14:40:36      -25.085681        0.114367
BFGS:   87 14:40:36      -25.091785        0.117194
BFGS:   88 14:40:36      -25.094239        0.114457
BFGS:   89 14:40:36      -25.095555        0.101315
BFGS:   90 14:40:36      -25.096879        0.081316
BFGS:   91 14:40:36      -25.098050        0.078714
BFGS:   92 14:40:36      -25.099033        0.091683
BFGS:   93 14:40:36      -25.099826        0.114175
BFGS:   94 14:40:37      -25.100519        0.123382
BFGS:   95 14:40:37      -25.101896        0.141233
BFGS:   96 14:40:37      -25.104337        0.149823
BFGS:   97 14:40:37      -25.108022        0.161229
BFGS:   98 14:40:37      -25.111712        0.179915
BFGS:   99 14:40:37      -25.114438        0.196577
BFGS:  100 14:40:37      -25.116869        0.211721
BFGS:  101 14:40:37      -25.119969        0.231067
BFGS:  102 14:40:37      -25.124681        0.238955
BFGS:  103 14:40:37      -25.129709        0.236383
BFGS:  104 14:40:37      -25.133608        0.256229
BFGS:  105 14:40:37      -25.137913        0.228297
BFGS:  106 14:40:37      -25.147846        0.217545
BFGS:  107 14:40:37      -25.153211        0.241125
BFGS:  108 14:40:37      -25.159959        0.307207
BFGS:  109 14:40:37      -25.173706        0.395255
BFGS:  110 14:40:37      -25.186130        0.459691
BFGS:  111 14:40:37      -25.199447        0.494324
BFGS:  112 14:40:37      -25.213644        0.494585
BFGS:  113 14:40:37      -25.227376        0.474253
BFGS:  114 14:40:37      -25.250633        0.452777
BFGS:  115 14:40:37      -25.258684        0.255434
BFGS:  116 14:40:37      -25.269229        0.319065
BFGS:  117 14:40:37      -25.283167        0.340000
BFGS:  118 14:40:37      -25.295987        0.329247
BFGS:  119 14:40:37      -25.302165        0.292433
BFGS:  120 14:40:37      -25.316409        0.243024
BFGS:  121 14:40:37      -25.327851        0.239060
BFGS:  122 14:40:37      -25.348935        0.245507
BFGS:  123 14:40:37      -25.363511        0.254129
BFGS:  124 14:40:37      -25.373323        0.204522
BFGS:  125 14:40:37      -25.380914        0.152719
BFGS:  126 14:40:37      -25.384669        0.140106
BFGS:  127 14:40:37      -25.388936        0.116083
BFGS:  128 14:40:38      -25.393711        0.105781
BFGS:  129 14:40:38      -25.396407        0.121821
BFGS:  130 14:40:38      -25.398669        0.126128
BFGS:  131 14:40:38      -25.400556        0.125356
BFGS:  132 14:40:38      -25.402695        0.114679
BFGS:  133 14:40:38      -25.404762        0.085591
BFGS:  134 14:40:38      -25.406204        0.077306
BFGS:  135 14:40:38      -25.406994        0.074209
BFGS:  136 14:40:38      -25.407726        0.070958
BFGS:  137 14:40:38      -25.408812        0.086044
BFGS:  138 14:40:38      -25.410388        0.105862
BFGS:  139 14:40:38      -25.412348        0.109273
BFGS:  140 14:40:38      -25.414317        0.087285
BFGS:  141 14:40:38      -25.415958        0.060222
BFGS:  142 14:40:38      -25.417192        0.065170
BFGS:  143 14:40:38      -25.418176        0.076870
BFGS:  144 14:40:38      -25.419192        0.072980
BFGS:  145 14:40:38      -25.420549        0.064335
BFGS:  146 14:40:38      -25.422401        0.068942
BFGS:  147 14:40:38      -25.424604        0.101354
BFGS:  148 14:40:38      -25.426924        0.114289
BFGS:  149 14:40:38      -25.428295        0.095127
BFGS:  150 14:40:38      -25.429655        0.091424
BFGS:  151 14:40:38      -25.431835        0.085656
BFGS:  152 14:40:38      -25.435423        0.100435
BFGS:  153 14:40:38      -25.439788        0.108011
BFGS:  154 14:40:38      -25.444599        0.112736
BFGS:  155 14:40:38      -25.447626        0.109801
BFGS:  156 14:40:38      -25.448613        0.065098
BFGS:  157 14:40:38      -25.449619        0.066774
BFGS:  158 14:40:38      -25.450393        0.068425
BFGS:  159 14:40:38      -25.451138        0.065175
BFGS:  160 14:40:38      -25.454592        0.064783
BFGS:  161 14:40:38      -25.456507        0.080521
BFGS:  162 14:40:39      -25.460623        0.109047
BFGS:  163 14:40:39      -25.462821        0.090812
BFGS:  164 14:40:39      -25.463934        0.065244
BFGS:  165 14:40:39      -25.464553        0.061050
BFGS:  166 14:40:39      -25.465322        0.061505
BFGS:  167 14:40:39      -25.466399        0.068341
BFGS:  168 14:40:39      -25.467902        0.073190
BFGS:  169 14:40:39      -25.469355        0.067567
BFGS:  170 14:40:39      -25.470292        0.080381
BFGS:  171 14:40:39      -25.470965        0.082080
BFGS:  172 14:40:39      -25.471876        0.089576
BFGS:  173 14:40:39      -25.473405        0.110413
BFGS:  174 14:40:39      -25.475566        0.112112
BFGS:  175 14:40:39      -25.477363        0.099634
BFGS:  176 14:40:39      -25.478082        0.088476
BFGS:  177 14:40:39      -25.478313        0.084075
BFGS:  178 14:40:39      -25.478514        0.078560
BFGS:  179 14:40:39      -25.478939        0.070567
BFGS:  180 14:40:39      -25.479851        0.056205
BFGS:  181 14:40:39      -25.480833        0.066421
BFGS:  182 14:40:39      -25.481471        0.071056
BFGS:  183 14:40:39      -25.481769        0.072598
BFGS:  184 14:40:39      -25.481971        0.073274
BFGS:  185 14:40:39      -25.482311        0.071659
BFGS:  186 14:40:39      -25.483080        0.065002
BFGS:  187 14:40:39      -25.486640        0.058868
BFGS:  188 14:40:39      -25.491618        0.062500
BFGS:  189 14:40:39      -25.497786        0.059096
BFGS:  190 14:40:39      -25.507359        0.065391
BFGS:  191 14:40:39      -25.493618        0.254360
BFGS:  192 14:40:39      -25.525049        0.181173
BFGS:  193 14:40:39      -25.544876        0.133216
BFGS:  194 14:40:39      -25.560086        0.086221
BFGS:  195 14:40:39      -25.574079        0.078466
BFGS:  196 14:40:40      -25.588153        0.092968
BFGS:  197 14:40:40      -25.606432        0.095322
BFGS:  198 14:40:40      -25.620955        0.094465
BFGS:  199 14:40:40      -25.635089        0.089074
BFGS:  200 14:40:40      -25.648382        0.093141
BFGS:  201 14:40:40      -25.660799        0.095819
BFGS:  202 14:40:40      -25.671487        0.096329
BFGS:  203 14:40:40      -25.679728        0.093910
BFGS:  204 14:40:40      -25.684695        0.086015
BFGS:  205 14:40:40      -25.686623        0.075216
BFGS:  206 14:40:40      -25.687681        0.070282
BFGS:  207 14:40:40      -25.688769        0.066295
BFGS:  208 14:40:40      -25.689577        0.066792
BFGS:  209 14:40:40      -25.690452        0.067893
BFGS:  210 14:40:40      -25.691150        0.067692
BFGS:  211 14:40:40      -25.692479        0.067892
BFGS:  212 14:40:40      -25.694206        0.081859
BFGS:  213 14:40:40      -25.696340        0.085320
BFGS:  214 14:40:40      -25.698137        0.074675
BFGS:  215 14:40:40      -25.699378        0.077134
BFGS:  216 14:40:40      -25.700191        0.074946
BFGS:  217 14:40:40      -25.700967        0.072011
BFGS:  218 14:40:40      -25.701951        0.073191
BFGS:  219 14:40:40      -25.703505        0.080369
BFGS:  220 14:40:40      -25.705750        0.072864
BFGS:  221 14:40:40      -25.708140        0.089260
BFGS:  222 14:40:40      -25.709924        0.094733
BFGS:  223 14:40:40      -25.710931        0.080439
BFGS:  224 14:40:40      -25.711639        0.071384
BFGS:  225 14:40:40      -25.712651        0.071776
BFGS:  226 14:40:40      -25.713791        0.075741
BFGS:  227 14:40:40      -25.714992        0.089519
BFGS:  228 14:40:40      -25.716224        0.095561
BFGS:  229 14:40:40      -25.718139        0.102573
BFGS:  230 14:40:41      -25.719986        0.117817
BFGS:  231 14:40:41      -25.723437        0.098890
BFGS:  232 14:40:41      -25.728493        0.083068
BFGS:  233 14:40:41      -25.732758        0.057109
BFGS:  234 14:40:41      -25.734960        0.055323
BFGS:  235 14:40:41      -25.740014        0.079990
BFGS:  236 14:40:41      -25.737356        0.095702
BFGS:  237 14:40:41      -25.742524        0.093320
BFGS:  238 14:40:41      -25.743635        0.081846
BFGS:  239 14:40:41      -25.745237        0.070348
BFGS:  240 14:40:41      -25.745985        0.061050
BFGS:  241 14:40:41      -25.746707        0.054143
BFGS:  242 14:40:41      -25.747420        0.047895
BFGS:  243 14:40:41      -25.748287        0.045908
BFGS:  244 14:40:41      -25.749842        0.048653
BFGS:  245 14:40:41      -25.751963        0.050203
BFGS:  246 14:40:41      -25.753417        0.052105
BFGS:  247 14:40:41      -25.754118        0.055379
BFGS:  248 14:40:41      -25.754346        0.055129
BFGS:  249 14:40:41      -25.754514        0.053121
BFGS:  250 14:40:41      -25.754834        0.049422
BFGS:  251 14:40:41      -25.755505        0.043737
BFGS:  252 14:40:41      -25.756859        0.045966
BFGS:  253 14:40:41      -25.759277        0.052339
BFGS:  254 14:40:41      -25.762096        0.060633
BFGS:  255 14:40:41      -25.763019        0.061359
BFGS:  256 14:40:41      -25.763387        0.060457
BFGS:  257 14:40:41      -25.763728        0.059204
BFGS:  258 14:40:41      -25.764265        0.057126
BFGS:  259 14:40:41      -25.765262        0.053755
BFGS:  260 14:40:42      -25.767245        0.047549
BFGS:  261 14:40:42      -25.769794        0.039780
BFGS:  262 14:40:42      -25.771405        0.033885
BFGS:  263 14:40:42      -25.773093        0.021167
BFGS:  264 14:40:42      -25.774238        0.025515
BFGS:  265 14:40:42      -25.775217        0.019207
BFGS:  266 14:40:42      -25.775405        0.016629
BFGS:  267 14:40:42      -25.775465        0.011637
BFGS:  268 14:40:42      -25.775487        0.010892
BFGS:  269 14:40:42      -25.775509        0.011081
BFGS:  270 14:40:42      -25.775522        0.010900
BFGS:  271 14:40:42      -25.775552        0.010075
BFGS:  272 14:40:42      -25.775602        0.008103
BFGS:  273 14:40:42      -25.775681        0.007075
BFGS:  274 14:40:42      -25.775749        0.005151
BFGS:  275 14:40:42      -25.775777        0.002523
BFGS:  276 14:40:42      -25.775781        0.000610
