      Step     Time          Energy          fmax
BFGS:    0 23:45:57      327.793061      135.527868
BFGS:    1 23:45:57       84.722077       41.044577
BFGS:    2 23:45:57       12.433675       27.689875
BFGS:    3 23:45:57      -33.260778       15.821238
BFGS:    4 23:45:57      -58.536106        8.802342
BFGS:    5 23:45:57      -72.191502        4.446631
BFGS:    6 23:45:57      -78.641364        1.836165
BFGS:    7 23:45:57      -80.467825        0.947117
BFGS:    8 23:45:57      -81.072690        0.799127
BFGS:    9 23:45:57      -81.375409        0.698002
BFGS:   10 23:45:57      -81.660972        0.600157
BFGS:   11 23:45:57      -82.206176        0.584569
BFGS:   12 23:45:57      -82.722160        0.581341
BFGS:   13 23:45:58      -83.090278        0.550782
BFGS:   14 23:45:58      -83.356637        0.555651
BFGS:   15 23:45:58      -84.137489        0.582646
BFGS:   16 23:45:58      -84.447652        0.729070
BFGS:   17 23:45:58      -84.528160        0.532550
BFGS:   18 23:45:58      -84.732722        0.362660
BFGS:   19 23:45:58      -85.243561        0.366669
BFGS:   20 23:45:58      -85.655544        0.437482
BFGS:   21 23:45:58      -85.785941        0.475209
BFGS:   22 23:45:58      -85.913580        0.497761
BFGS:   23 23:45:58      -86.198253        0.555210
BFGS:   24 23:45:58      -86.577437        0.667592
BFGS:   25 23:45:58      -87.004848        0.774401
BFGS:   26 23:45:58      -87.344378        0.888559
BFGS:   27 23:45:59      -87.674336        0.947160
BFGS:   28 23:45:59      -87.951796        0.963202
BFGS:   29 23:45:59      -88.295479        0.886593
BFGS:   30 23:45:59      -88.700482        0.719427
BFGS:   31 23:45:59      -89.444697        0.653443
BFGS:   32 23:45:59      -89.799238        0.613455
BFGS:   33 23:45:59      -90.164258        0.532228
BFGS:   34 23:45:59      -90.396208        0.528240
BFGS:   35 23:45:59      -90.741468        0.416097
BFGS:   36 23:45:59      -91.053493        0.336548
BFGS:   37 23:45:59      -91.090552        0.332335
BFGS:   38 23:45:59      -91.192870        0.325838
BFGS:   39 23:45:59      -91.391608        0.319048
BFGS:   40 23:45:59      -91.586648        0.317200
BFGS:   41 23:45:59      -91.759715        0.324405
BFGS:   42 23:46:00      -91.804420        0.352114
BFGS:   43 23:46:00      -91.820569        0.350769
BFGS:   44 23:46:00      -91.870623        0.345788
BFGS:   45 23:46:00      -91.955719        0.332038
BFGS:   46 23:46:00      -92.139044        0.317962
BFGS:   47 23:46:00      -92.304291        0.310317
BFGS:   48 23:46:00      -92.452789        0.304533
BFGS:   49 23:46:00      -92.572215        0.298054
BFGS:   50 23:46:00      -92.668508        0.304379
BFGS:   51 23:46:00      -92.739167        0.301033
BFGS:   52 23:46:00      -92.793212        0.282942
BFGS:   53 23:46:00      -92.838114        0.268663
BFGS:   54 23:46:00      -92.919610        0.244277
BFGS:   55 23:46:00      -93.069204        0.241231
BFGS:   56 23:46:01      -93.291146        0.232282
BFGS:   57 23:46:01      -93.406629        0.232541
BFGS:   58 23:46:01      -93.455974        0.219665
BFGS:   59 23:46:01      -93.470660        0.219438
BFGS:   60 23:46:01      -93.481606        0.214484
BFGS:   61 23:46:01      -93.519555        0.200381
BFGS:   62 23:46:01      -93.589892        0.174155
BFGS:   63 23:46:01      -93.664590        0.172944
BFGS:   64 23:46:01      -93.743834        0.177453
BFGS:   65 23:46:01      -93.824353        0.181016
BFGS:   66 23:46:01      -93.903811        0.184664
BFGS:   67 23:46:01      -93.978458        0.187063
BFGS:   68 23:46:01      -94.040558        0.187950
BFGS:   69 23:46:01      -94.068024        0.182238
BFGS:   70 23:46:02      -94.071800        0.174918
BFGS:   71 23:46:02      -94.077792        0.162225
BFGS:   72 23:46:02      -94.081564        0.157704
BFGS:   73 23:46:02      -94.099878        0.143906
BFGS:   74 23:46:02      -94.128606        0.131590
BFGS:   75 23:46:02      -94.161520        0.135180
BFGS:   76 23:46:02      -94.187370        0.146271
BFGS:   77 23:46:02      -94.209845        0.152049
BFGS:   78 23:46:02      -94.229899        0.155905
BFGS:   79 23:46:02      -94.248368        0.160856
BFGS:   80 23:46:02      -94.265981        0.176979
BFGS:   81 23:46:02      -94.283297        0.192885
BFGS:   82 23:46:02      -94.300673        0.208915
BFGS:   83 23:46:02      -94.319352        0.222401
BFGS:   84 23:46:03      -94.350094        0.238292
BFGS:   85 23:46:03      -94.390308        0.267805
BFGS:   86 23:46:03      -94.419426        0.290520
BFGS:   87 23:46:03      -94.448358        0.305141
BFGS:   88 23:46:03      -94.479444        0.316446
BFGS:   89 23:46:03      -94.512942        0.324591
BFGS:   90 23:46:03      -94.549319        0.328722
BFGS:   91 23:46:03      -94.588963        0.328388
BFGS:   92 23:46:03      -94.631601        0.325251
BFGS:   93 23:46:03      -94.678319        0.318569
BFGS:   94 23:46:03      -94.732184        0.304419
BFGS:   95 23:46:03      -94.793476        0.283007
BFGS:   96 23:46:03      -94.860169        0.256587
BFGS:   97 23:46:03      -94.932167        0.229356
BFGS:   98 23:46:03      -95.010660        0.227959
BFGS:   99 23:46:04      -95.097137        0.223830
BFGS:  100 23:46:04      -95.186789        0.214535
BFGS:  101 23:46:05      -95.279060        0.195011
BFGS:  102 23:46:05      -95.359322        0.154320
BFGS:  103 23:46:05      -95.400938        0.133344
BFGS:  104 23:46:05      -95.408510        0.124062
BFGS:  105 23:46:05      -95.415092        0.116794
BFGS:  106 23:46:05      -95.418871        0.114302
BFGS:  107 23:46:05      -95.426184        0.113024
BFGS:  108 23:46:05      -95.436913        0.117540
BFGS:  109 23:46:05      -95.457137        0.131299
BFGS:  110 23:46:05      -95.477308        0.136900
BFGS:  111 23:46:05      -95.494435        0.135528
BFGS:  112 23:46:06      -95.508452        0.149225
BFGS:  113 23:46:06      -95.519873        0.168078
BFGS:  114 23:46:06      -95.526887        0.184176
BFGS:  115 23:46:06      -95.530291        0.190101
BFGS:  116 23:46:06      -95.535261        0.191195
BFGS:  117 23:46:06      -95.543800        0.185870
BFGS:  118 23:46:06      -95.560539        0.169446
BFGS:  119 23:46:06      -95.585252        0.144463
BFGS:  120 23:46:06      -95.614512        0.137739
BFGS:  121 23:46:06      -95.647088        0.148652
BFGS:  122 23:46:06      -95.681123        0.152189
BFGS:  123 23:46:06      -95.714459        0.149567
BFGS:  124 23:46:06      -95.745378        0.142565
BFGS:  125 23:46:06      -95.773094        0.132930
BFGS:  126 23:46:07      -95.797465        0.120382
BFGS:  127 23:46:09      -95.817466        0.108470
BFGS:  128 23:46:10      -95.829380        0.103636
BFGS:  129 23:46:10      -95.831553        0.101840
BFGS:  130 23:46:10      -95.834579        0.100894
BFGS:  131 23:46:10      -95.838149        0.100386
BFGS:  132 23:46:10      -95.844093        0.100014
BFGS:  133 23:46:10      -95.854475        0.098662
BFGS:  134 23:46:10      -95.870742        0.140087
BFGS:  135 23:46:10      -95.890320        0.209472
BFGS:  136 23:46:10      -95.909353        0.246110
BFGS:  137 23:46:10      -95.927202        0.256825
BFGS:  138 23:46:10      -95.947388        0.256282
BFGS:  139 23:46:10      -95.972406        0.242179
BFGS:  140 23:46:10      -96.006028        0.219082
BFGS:  141 23:46:10      -96.049035        0.197025
BFGS:  142 23:46:10      -96.094016        0.149169
BFGS:  143 23:46:11      -96.128129        0.133648
BFGS:  144 23:46:11      -96.163042        0.141942
BFGS:  145 23:46:11      -96.182413        0.140071
BFGS:  146 23:46:11      -96.201761        0.141069
BFGS:  147 23:46:11      -96.220321        0.147259
BFGS:  148 23:46:11      -96.240527        0.153765
BFGS:  149 23:46:11      -96.264805        0.176847
BFGS:  150 23:46:11      -96.295588        0.191131
BFGS:  151 23:46:11      -96.344965        0.191200
BFGS:  152 23:46:11      -96.410552        0.200412
BFGS:  153 23:46:11      -96.475067        0.186467
BFGS:  154 23:46:11      -96.520256        0.217074
BFGS:  155 23:46:11      -96.555214        0.239439
BFGS:  156 23:46:11      -96.581493        0.241565
BFGS:  157 23:46:12      -96.611162        0.233294
BFGS:  158 23:46:12      -96.645872        0.193622
BFGS:  159 23:46:12      -96.668878        0.141346
BFGS:  160 23:46:12      -96.685402        0.091696
BFGS:  161 23:46:12      -96.695917        0.082475
BFGS:  162 23:46:12      -96.703297        0.070464
BFGS:  163 23:46:12      -96.708452        0.071314
BFGS:  164 23:46:12      -96.713869        0.070859
BFGS:  165 23:46:12      -96.720040        0.066006
BFGS:  166 23:46:12      -96.727535        0.063527
BFGS:  167 23:46:12      -96.738153        0.067817
BFGS:  168 23:46:12      -96.750860        0.068921
BFGS:  169 23:46:12      -96.764286        0.077141
BFGS:  170 23:46:12      -96.782358        0.080417
BFGS:  171 23:46:13      -96.802366        0.086837
BFGS:  172 23:46:13      -96.813673        0.078639
BFGS:  173 23:46:13      -96.824881        0.073107
BFGS:  174 23:46:13      -96.827790        0.070756
BFGS:  175 23:46:13      -96.831682        0.066312
BFGS:  176 23:46:13      -96.836541        0.077313
BFGS:  177 23:46:13      -96.843837        0.087078
BFGS:  178 23:46:13      -96.853440        0.083428
BFGS:  179 23:46:13      -96.862839        0.061002
BFGS:  180 23:46:13      -96.867918        0.062832
BFGS:  181 23:46:13      -96.870278        0.064053
BFGS:  182 23:46:13      -96.871845        0.058921
BFGS:  183 23:46:13      -96.874677        0.050293
BFGS:  184 23:46:13      -96.880254        0.057829
BFGS:  185 23:46:14      -96.889695        0.049462
BFGS:  186 23:46:14      -96.898908        0.052989
BFGS:  187 23:46:14      -96.902433        0.048512
BFGS:  188 23:46:14      -96.903872        0.042037
BFGS:  189 23:46:14      -96.904749        0.038825
BFGS:  190 23:46:14      -96.906143        0.037346
BFGS:  191 23:46:14      -96.908832        0.038781
BFGS:  192 23:46:14      -96.913784        0.040176
BFGS:  193 23:46:14      -96.920966        0.040627
BFGS:  194 23:46:14      -96.926875        0.038357
BFGS:  195 23:46:14      -96.928987        0.033968
BFGS:  196 23:46:14      -96.929488        0.031250
BFGS:  197 23:46:14      -96.929724        0.029685
BFGS:  198 23:46:14      -96.930145        0.027965
BFGS:  199 23:46:14      -96.931080        0.025451
BFGS:  200 23:46:15      -96.932858        0.026585
BFGS:  201 23:46:15      -96.935222        0.034988
BFGS:  202 23:46:15      -96.936924        0.037193
BFGS:  203 23:46:15      -96.937561        0.033005
BFGS:  204 23:46:15      -96.937812        0.028955
BFGS:  205 23:46:15      -96.938176        0.026933
BFGS:  206 23:46:15      -96.939080        0.028166
BFGS:  207 23:46:15      -96.940996        0.028480
BFGS:  208 23:46:15      -96.944245        0.029049
BFGS:  209 23:46:15      -96.947522        0.023221
BFGS:  210 23:46:15      -96.949125        0.020589
BFGS:  211 23:46:15      -96.949463        0.019993
BFGS:  212 23:46:15      -96.949559        0.019803
BFGS:  213 23:46:15      -96.949755        0.019650
BFGS:  214 23:46:16      -96.950190        0.019539
BFGS:  215 23:46:16      -96.951250        0.019679
BFGS:  216 23:46:16      -96.953634        0.020343
BFGS:  217 23:46:16      -96.958208        0.022247
BFGS:  218 23:46:16      -96.963545        0.028118
BFGS:  219 23:46:16      -96.967528        0.027138
BFGS:  220 23:46:16      -96.969287        0.026328
BFGS:  221 23:46:16      -96.969604        0.026205
BFGS:  222 23:46:16      -96.969863        0.025038
BFGS:  223 23:46:16      -96.970680        0.023180
BFGS:  224 23:46:16      -96.972454        0.021660
BFGS:  225 23:46:16      -96.976365        0.041073
BFGS:  226 23:46:16      -96.982934        0.072873
BFGS:  227 23:46:16      -96.989086        0.095054
BFGS:  228 23:46:17      -96.994639        0.106483
BFGS:  229 23:46:17      -96.998410        0.093596
BFGS:  230 23:46:17      -96.999289        0.071004
BFGS:  231 23:46:17      -96.999979        0.030727
BFGS:  232 23:46:17      -97.000374        0.021864
BFGS:  233 23:46:17      -97.001005        0.037828
BFGS:  234 23:46:17      -97.001485        0.059496
BFGS:  235 23:46:17      -97.001922        0.070639
BFGS:  236 23:46:17      -97.003001        0.078876
BFGS:  237 23:46:17      -97.004993        0.082751
BFGS:  238 23:46:17      -97.008219        0.066952
BFGS:  239 23:46:17      -97.011465        0.041311
BFGS:  240 23:46:17      -97.013195        0.033651
BFGS:  241 23:46:17      -97.013850        0.032598
BFGS:  242 23:46:17      -97.014249        0.031668
BFGS:  243 23:46:18      -97.014999        0.026419
BFGS:  244 23:46:18      -97.016272        0.032435
BFGS:  245 23:46:18      -97.017834        0.047870
BFGS:  246 23:46:18      -97.019154        0.054873
BFGS:  247 23:46:18      -97.019948        0.047578
BFGS:  248 23:46:18      -97.020551        0.040223
BFGS:  249 23:46:18      -97.021403        0.038408
BFGS:  250 23:46:18      -97.022531        0.042494
BFGS:  251 23:46:18      -97.023638        0.075791
BFGS:  252 23:46:18      -97.024496        0.085366
BFGS:  253 23:46:18      -97.025198        0.071986
BFGS:  254 23:46:18      -97.025862        0.042820
BFGS:  255 23:46:18      -97.026431        0.022677
BFGS:  256 23:46:18      -97.026770        0.023138
BFGS:  257 23:46:19      -97.026967        0.023563
BFGS:  258 23:46:19      -97.027213        0.023776
BFGS:  259 23:46:20      -97.027777        0.023760
BFGS:  260 23:46:20      -97.028170        0.030043
BFGS:  261 23:46:20      -97.028804        0.024002
BFGS:  262 23:46:20      -97.029555        0.023422
BFGS:  263 23:46:20      -97.030742        0.022281
BFGS:  264 23:46:20      -97.031248        0.022230
BFGS:  265 23:46:20      -97.032336        0.030049
BFGS:  266 23:46:20      -97.033398        0.039323
BFGS:  267 23:46:20      -97.034179        0.042423
BFGS:  268 23:46:20      -97.034839        0.038952
BFGS:  269 23:46:20      -97.035497        0.029396
BFGS:  270 23:46:20      -97.036132        0.019580
BFGS:  271 23:46:21      -97.036250        0.013172
BFGS:  272 23:46:21      -97.036402        0.013228
BFGS:  273 23:46:21      -97.036466        0.011677
BFGS:  274 23:46:21      -97.036582        0.010366
BFGS:  275 23:46:21      -97.036642        0.010136
BFGS:  276 23:46:21      -97.036727        0.009690
BFGS:  277 23:46:21      -97.036789        0.011174
BFGS:  278 23:46:21      -97.036870        0.010178
BFGS:  279 23:46:21      -97.036988        0.011786
BFGS:  280 23:46:21      -97.037035        0.012397
BFGS:  281 23:46:21      -97.037102        0.010182
BFGS:  282 23:46:21      -97.037150        0.009939
BFGS:  283 23:46:21      -97.037370        0.011165
BFGS:  284 23:46:22      -97.037647        0.018430
BFGS:  285 23:46:24      -97.038059        0.023603
BFGS:  286 23:46:24      -97.038337        0.021851
BFGS:  287 23:46:24      -97.038469        0.018818
BFGS:  288 23:46:25      -97.038541        0.014241
BFGS:  289 23:46:25      -97.038625        0.009678
BFGS:  290 23:46:25      -97.038715        0.011821
BFGS:  291 23:46:25      -97.038791        0.016947
BFGS:  292 23:46:25      -97.038857        0.020588
BFGS:  293 23:46:25      -97.038917        0.019487
BFGS:  294 23:46:25      -97.038999        0.013205
BFGS:  295 23:46:25      -97.039079        0.006765
BFGS:  296 23:46:25      -97.039105        0.006661
BFGS:  297 23:46:25      -97.039118        0.006774
BFGS:  298 23:46:25      -97.039133        0.006787
BFGS:  299 23:46:25      -97.039167        0.006719
BFGS:  300 23:46:25      -97.039229        0.006477
BFGS:  301 23:46:25      -97.039315        0.009493
BFGS:  302 23:46:26      -97.039387        0.011818
BFGS:  303 23:46:26      -97.039436        0.012442
BFGS:  304 23:46:26      -97.039477        0.012349
BFGS:  305 23:46:26      -97.039547        0.010662
BFGS:  306 23:46:26      -97.039676        0.009112
BFGS:  307 23:46:26      -97.039858        0.008771
BFGS:  308 23:46:26      -97.040012        0.009257
BFGS:  309 23:46:26      -97.040083        0.009430
BFGS:  310 23:46:26      -97.040116        0.009081
BFGS:  311 23:46:26      -97.040153        0.008045
BFGS:  312 23:46:26      -97.040246        0.006612
BFGS:  313 23:46:26      -97.040344        0.007154
BFGS:  314 23:46:26      -97.040396        0.006317
BFGS:  315 23:46:26      -97.040410        0.005586
BFGS:  316 23:46:27      -97.040416        0.005208
BFGS:  317 23:46:27      -97.040427        0.004196
BFGS:  318 23:46:27      -97.040444        0.003622
BFGS:  319 23:46:27      -97.040465        0.003527
BFGS:  320 23:46:27      -97.040478        0.003259
BFGS:  321 23:46:27      -97.040482        0.002789
BFGS:  322 23:46:27      -97.040484        0.002566
BFGS:  323 23:46:27      -97.040487        0.002486
BFGS:  324 23:46:27      -97.040493        0.002212
BFGS:  325 23:46:27      -97.040501        0.002215
BFGS:  326 23:46:27      -97.040506        0.002290
BFGS:  327 23:46:27      -97.040508        0.001733
BFGS:  328 23:46:27      -97.040509        0.001640
BFGS:  329 23:46:27      -97.040511        0.001423
BFGS:  330 23:46:27      -97.040515        0.001529
BFGS:  331 23:46:28      -97.040522        0.001918
BFGS:  332 23:46:28      -97.040527        0.001833
BFGS:  333 23:46:28      -97.040530        0.001582
BFGS:  334 23:46:28      -97.040531        0.001623
BFGS:  335 23:46:28      -97.040532        0.001604
BFGS:  336 23:46:28      -97.040534        0.001556
BFGS:  337 23:46:28      -97.040538        0.001706
BFGS:  338 23:46:28      -97.040542        0.001843
BFGS:  339 23:46:28      -97.040544        0.001453
BFGS:  340 23:46:28      -97.040545        0.001157
BFGS:  341 23:46:28      -97.040545        0.001156
BFGS:  342 23:46:28      -97.040547        0.001089
BFGS:  343 23:46:28      -97.040549        0.000920
