      Step     Time          Energy          fmax
BFGS:    0 23:13:46     1973.030942      296.621440
BFGS:    1 23:13:46     1196.212271      170.170070
BFGS:    2 23:13:46      788.521972      133.151119
BFGS:    3 23:13:46      557.972045       88.019067
BFGS:    4 23:13:46      345.275063       64.449958
BFGS:    5 23:13:46      231.713712       43.201312
BFGS:    6 23:13:46      153.926956       29.248825
BFGS:    7 23:13:46      103.299762       19.683188
BFGS:    8 23:13:46       72.853263       14.642925
BFGS:    9 23:13:46       50.278767       11.551276
BFGS:   10 23:13:47       32.157974       10.661749
BFGS:   11 23:13:47       17.199898        9.835997
BFGS:   12 23:13:47        4.595273        9.081536
BFGS:   13 23:13:47       -6.171614        8.390132
BFGS:   14 23:13:47      -15.375740        7.747230
BFGS:   15 23:13:47      -23.088200        7.156914
BFGS:   16 23:13:47      -29.493626        6.644056
BFGS:   17 23:13:47      -34.836329        6.176328
BFGS:   18 23:13:47      -39.379160        5.766669
BFGS:   19 23:13:47      -43.310290        5.402667
BFGS:   20 23:13:47      -46.774294        5.082882
BFGS:   21 23:13:47      -49.865752        4.795574
BFGS:   22 23:13:48      -52.643893        4.534315
BFGS:   23 23:13:48      -55.148087        4.293869
BFGS:   24 23:13:48      -57.408971        4.072525
BFGS:   25 23:13:48      -59.454116        3.869755
BFGS:   26 23:13:48      -61.306979        3.681813
BFGS:   27 23:13:48      -62.984352        3.501785
BFGS:   28 23:13:48      -64.502837        3.329132
BFGS:   29 23:13:48      -65.884668        3.166414
BFGS:   30 23:13:48      -67.154901        3.013885
BFGS:   31 23:13:48      -68.338229        2.868923
BFGS:   32 23:13:48      -69.457536        2.729695
BFGS:   33 23:13:48      -70.532082        2.595148
BFGS:   34 23:13:48      -71.576457        2.465398
BFGS:   35 23:13:48      -72.600963        2.341018
BFGS:   36 23:13:49      -73.611347        2.221821
BFGS:   37 23:13:49      -74.609002        2.106895
BFGS:   38 23:13:49      -75.591581        1.994960
BFGS:   39 23:13:49      -76.555046        1.923469
BFGS:   40 23:13:49      -77.495766        1.903794
BFGS:   41 23:13:49      -78.410429        1.862858
BFGS:   42 23:13:49      -79.295778        1.804939
BFGS:   43 23:13:49      -80.148261        1.735501
BFGS:   44 23:13:49      -80.965084        1.658204
BFGS:   45 23:13:49      -81.744158        1.575890
BFGS:   46 23:13:49      -82.483971        1.490586
BFGS:   47 23:13:49      -83.183695        1.403785
BFGS:   48 23:13:49      -83.843314        1.316593
BFGS:   49 23:13:50      -84.463456        1.230013
BFGS:   50 23:13:50      -85.045201        1.145761
BFGS:   51 23:13:50      -85.589965        1.066033
BFGS:   52 23:13:50      -86.099097        0.992259
BFGS:   53 23:13:50      -86.573616        0.924433
BFGS:   54 23:13:50      -87.014136        0.861738
BFGS:   55 23:13:50      -87.421423        0.804247
BFGS:   56 23:13:50      -87.796665        0.753018
BFGS:   57 23:13:50      -88.141674        0.709328
BFGS:   58 23:13:50      -88.458473        0.674058
BFGS:   59 23:13:50      -88.749341        0.647051
BFGS:   60 23:13:50      -89.016870        0.627188
BFGS:   61 23:13:50      -89.263872        0.613095
BFGS:   62 23:13:50      -89.493232        0.603352
BFGS:   63 23:13:51      -89.707818        0.621743
BFGS:   64 23:13:51      -89.910482        0.646346
BFGS:   65 23:13:51      -90.104355        0.668973
BFGS:   66 23:13:51      -90.292948        0.688718
BFGS:   67 23:13:51      -90.479837        0.703874
BFGS:   68 23:13:51      -90.668012        0.712055
BFGS:   69 23:13:51      -90.859362        0.710489
BFGS:   70 23:13:51      -91.055009        0.696039
BFGS:   71 23:13:51      -91.258018        0.663389
BFGS:   72 23:13:51      -91.473745        0.603201
BFGS:   73 23:13:51      -91.711101        0.497582
BFGS:   74 23:13:51      -91.986392        0.520760
BFGS:   75 23:13:51      -92.208526        0.564517
BFGS:   76 23:13:53      -92.419466        0.541586
BFGS:   77 23:13:53      -92.570857        0.485520
BFGS:   78 23:13:53      -92.697269        0.408119
BFGS:   79 23:13:53      -92.804670        0.364475
BFGS:   80 23:13:53      -92.879081        0.314271
BFGS:   81 23:13:53      -92.975086        0.245396
BFGS:   82 23:13:53      -93.065482        0.228002
BFGS:   83 23:13:53      -93.122050        0.219766
BFGS:   84 23:13:53      -93.159182        0.208436
BFGS:   85 23:13:53      -93.181342        0.194887
BFGS:   86 23:13:54      -93.196862        0.183649
BFGS:   87 23:13:54      -93.230157        0.196788
BFGS:   88 23:13:54      -93.256876        0.304964
BFGS:   89 23:13:54      -93.284495        0.362263
BFGS:   90 23:13:54      -93.312614        0.319937
BFGS:   91 23:13:54      -93.341581        0.199758
BFGS:   92 23:13:54      -93.371062        0.193113
BFGS:   93 23:13:54      -93.391272        0.189314
BFGS:   94 23:13:54      -93.402842        0.185974
BFGS:   95 23:13:54      -93.417411        0.195501
BFGS:   96 23:13:54      -93.445454        0.183168
BFGS:   97 23:13:54      -93.482221        0.172582
BFGS:   98 23:13:54      -93.526381        0.167798
BFGS:   99 23:13:55      -93.569052        0.197284
BFGS:  100 23:13:55      -93.587839        0.220193
BFGS:  101 23:13:58      -93.604192        0.222860
BFGS:  102 23:13:58      -93.639436        0.233609
BFGS:  103 23:13:58      -93.702086        0.306105
BFGS:  104 23:13:58      -93.791881        0.391625
BFGS:  105 23:13:58      -93.905178        0.474060
BFGS:  106 23:13:58      -94.059557        0.527518
BFGS:  107 23:13:58      -94.252327        0.518823
BFGS:  108 23:13:58      -94.487894        0.414840
BFGS:  109 23:13:58      -94.612224        0.393360
BFGS:  110 23:13:58      -94.694129        0.363566
BFGS:  111 23:13:58      -94.761941        0.331849
BFGS:  112 23:13:58      -94.812536        0.314501
BFGS:  113 23:13:58      -94.856158        0.287385
BFGS:  114 23:13:58      -94.893698        0.272031
BFGS:  115 23:13:59      -94.944763        0.248800
BFGS:  116 23:13:59      -95.025602        0.244727
BFGS:  117 23:13:59      -95.161379        0.253411
BFGS:  118 23:13:59      -95.260099        0.231240
BFGS:  119 23:13:59      -95.291833        0.221002
BFGS:  120 23:13:59      -95.309902        0.214412
BFGS:  121 23:13:59      -95.321547        0.193913
BFGS:  122 23:13:59      -95.358152        0.163296
BFGS:  123 23:13:59      -95.430783        0.174014
BFGS:  124 23:13:59      -95.554019        0.183213
BFGS:  125 23:13:59      -95.642905        0.182596
BFGS:  126 23:13:59      -95.714320        0.203108
BFGS:  127 23:13:59      -95.773347        0.212772
BFGS:  128 23:13:59      -95.823753        0.213710
BFGS:  129 23:14:00      -95.866138        0.208899
BFGS:  130 23:14:00      -95.900341        0.198703
BFGS:  131 23:14:00      -95.928034        0.183549
BFGS:  132 23:14:00      -95.951982        0.200887
BFGS:  133 23:14:00      -95.975873        0.221059
BFGS:  134 23:14:00      -96.007334        0.231649
BFGS:  135 23:14:00      -96.059237        0.223677
BFGS:  136 23:14:00      -96.138029        0.194609
BFGS:  137 23:14:00      -96.219454        0.200370
BFGS:  138 23:14:00      -96.274068        0.222967
BFGS:  139 23:14:00      -96.312668        0.240655
BFGS:  140 23:14:00      -96.347114        0.247195
BFGS:  141 23:14:00      -96.379636        0.240343
BFGS:  142 23:14:01      -96.411945        0.231382
BFGS:  143 23:14:01      -96.460401        0.208958
BFGS:  144 23:14:01      -96.547893        0.158635
BFGS:  145 23:14:01      -96.619283        0.127120
BFGS:  146 23:14:01      -96.676641        0.147616
BFGS:  147 23:14:01      -96.694296        0.166160
BFGS:  148 23:14:01      -96.713569        0.133045
BFGS:  149 23:14:01      -96.724743        0.114369
BFGS:  150 23:14:01      -96.731644        0.109655
BFGS:  151 23:14:01      -96.748832        0.105643
BFGS:  152 23:14:01      -96.776672        0.104210
BFGS:  153 23:14:01      -96.818491        0.146757
BFGS:  154 23:14:01      -96.839801        0.170910
BFGS:  155 23:14:01      -96.850213        0.154421
BFGS:  156 23:14:02      -96.855593        0.144058
BFGS:  157 23:14:02      -96.865439        0.129848
BFGS:  158 23:14:02      -96.887606        0.125296
BFGS:  159 23:14:02      -96.922245        0.161596
BFGS:  160 23:14:02      -96.953684        0.150499
BFGS:  161 23:14:02      -96.972946        0.180656
BFGS:  162 23:14:02      -96.989949        0.205554
BFGS:  163 23:14:02      -97.018074        0.282110
BFGS:  164 23:14:02      -97.227809        0.716920
BFGS:  165 23:14:02      -97.551571        0.824034
BFGS:  166 23:14:02      -97.146875        2.042704
BFGS:  167 23:14:02      -97.855132        0.918529
BFGS:  168 23:14:02      -98.164511        0.631180
BFGS:  169 23:14:02      -98.463995        0.468870
BFGS:  170 23:14:02      -98.585429        0.435199
BFGS:  171 23:14:03      -98.680728        0.401325
BFGS:  172 23:14:03      -98.764631        0.392959
BFGS:  173 23:14:03      -98.835452        0.348947
BFGS:  174 23:14:03      -98.907865        0.386074
BFGS:  175 23:14:03      -98.981505        0.445582
BFGS:  176 23:14:03      -99.054066        0.505916
BFGS:  177 23:14:03      -99.130391        0.538147
BFGS:  178 23:14:03      -99.202307        0.527260
BFGS:  179 23:14:03      -99.269824        0.482323
BFGS:  180 23:14:03      -99.330658        0.400325
BFGS:  181 23:14:03      -99.388113        0.293447
BFGS:  182 23:14:03      -99.436846        0.199041
BFGS:  183 23:14:03      -99.484217        0.189640
BFGS:  184 23:14:03      -99.547466        0.182427
BFGS:  185 23:14:04      -99.604307        0.195461
BFGS:  186 23:14:04      -99.651256        0.198492
BFGS:  187 23:14:04      -99.697504        0.204782
BFGS:  188 23:14:04      -99.737605        0.205620
BFGS:  189 23:14:04      -99.772532        0.231995
BFGS:  190 23:14:04      -99.820787        0.225417
BFGS:  191 23:14:04      -99.868150        0.174648
BFGS:  192 23:14:04      -99.900758        0.180018
BFGS:  193 23:14:04      -99.935376        0.187509
BFGS:  194 23:14:04      -99.997331        0.193301
BFGS:  195 23:14:04     -100.071039        0.173997
BFGS:  196 23:14:04     -100.114227        0.161011
BFGS:  197 23:14:04     -100.144860        0.204049
BFGS:  198 23:14:04     -100.155487        0.172980
BFGS:  199 23:14:05     -100.175901        0.148942
BFGS:  200 23:14:05     -100.199371        0.162996
BFGS:  201 23:14:05     -100.240771        0.200123
BFGS:  202 23:14:05     -100.293210        0.332137
BFGS:  203 23:14:05     -100.334643        0.312634
BFGS:  204 23:14:05     -100.391666        0.230115
BFGS:  205 23:14:05     -100.427330        0.192813
BFGS:  206 23:14:05     -100.454357        0.240238
BFGS:  207 23:14:05     -100.502524        0.297004
BFGS:  208 23:14:05     -100.555278        0.375429
BFGS:  209 23:14:05     -100.611698        0.298509
BFGS:  210 23:14:05     -100.696282        0.307318
BFGS:  211 23:14:05     -100.764148        0.308807
BFGS:  212 23:14:05     -100.840818        0.294306
BFGS:  213 23:14:06     -100.903571        0.281726
BFGS:  214 23:14:06     -100.964930        0.224518
BFGS:  215 23:14:06     -101.001666        0.177817
BFGS:  216 23:14:06     -101.017644        0.204709
BFGS:  217 23:14:06     -101.055774        0.176303
BFGS:  218 23:14:06     -101.100986        0.137304
BFGS:  219 23:14:06     -101.131811        0.135330
BFGS:  220 23:14:06     -101.162035        0.124563
BFGS:  221 23:14:06     -101.187522        0.155165
BFGS:  222 23:14:06     -101.197510        0.156742
BFGS:  223 23:14:06     -101.206345        0.176050
BFGS:  224 23:14:06     -101.217039        0.163768
BFGS:  225 23:14:06     -101.239594        0.119587
BFGS:  226 23:14:06     -101.256730        0.081132
BFGS:  227 23:14:06     -101.264557        0.079744
BFGS:  228 23:14:07     -101.266310        0.076076
BFGS:  229 23:14:07     -101.267435        0.073967
BFGS:  230 23:14:07     -101.269644        0.071323
BFGS:  231 23:14:07     -101.272991        0.070249
BFGS:  232 23:14:07     -101.277458        0.074386
BFGS:  233 23:14:07     -101.282002        0.071538
BFGS:  234 23:14:07     -101.285550        0.072850
BFGS:  235 23:14:07     -101.287781        0.072895
BFGS:  236 23:14:07     -101.289896        0.071542
BFGS:  237 23:14:07     -101.292294        0.068840
BFGS:  238 23:14:07     -101.295805        0.077260
BFGS:  239 23:14:07     -101.301789        0.086186
BFGS:  240 23:14:07     -101.309026        0.081275
BFGS:  241 23:14:07     -101.318704        0.062982
BFGS:  242 23:14:08     -101.324601        0.061080
BFGS:  243 23:14:08     -101.327075        0.063610
BFGS:  244 23:14:08     -101.329040        0.064321
BFGS:  245 23:14:08     -101.331172        0.063138
BFGS:  246 23:14:08     -101.334928        0.058915
BFGS:  247 23:14:08     -101.339808        0.075220
BFGS:  248 23:14:08     -101.346921        0.076451
BFGS:  249 23:14:08     -101.356594        0.057566
BFGS:  250 23:14:08     -101.365726        0.060065
BFGS:  251 23:14:08     -101.370218        0.075698
BFGS:  252 23:14:09     -101.372122        0.085297
BFGS:  253 23:14:09     -101.374015        0.083098
BFGS:  254 23:14:09     -101.376131        0.081159
BFGS:  255 23:14:09     -101.378788        0.075889
BFGS:  256 23:14:09     -101.382467        0.075377
BFGS:  257 23:14:10     -101.388268        0.071986
BFGS:  258 23:14:10     -101.395793        0.069395
BFGS:  259 23:14:10     -101.402623        0.063228
BFGS:  260 23:14:10     -101.406390        0.053864
BFGS:  261 23:14:10     -101.408175        0.054093
BFGS:  262 23:14:10     -101.409891        0.056287
BFGS:  263 23:14:10     -101.414008        0.058503
BFGS:  264 23:14:10     -101.422975        0.062103
BFGS:  265 23:14:10     -101.437342        0.076865
BFGS:  266 23:14:10     -101.452270        0.088188
BFGS:  267 23:14:10     -101.467079        0.090344
BFGS:  268 23:14:10     -101.478566        0.079998
BFGS:  269 23:14:10     -101.486123        0.061476
BFGS:  270 23:14:11     -101.489922        0.067992
BFGS:  271 23:14:11     -101.491967        0.064479
BFGS:  272 23:14:11     -101.494930        0.065130
BFGS:  273 23:14:11     -101.497853        0.066654
BFGS:  274 23:14:11     -101.503003        0.067171
BFGS:  275 23:14:11     -101.527995        0.080067
BFGS:  276 23:14:11     -101.555154        0.103645
BFGS:  277 23:14:11     -101.584556        0.113560
BFGS:  278 23:14:14     -101.600809        0.164709
BFGS:  279 23:14:14     -101.615394        0.221426
BFGS:  280 23:14:14     -101.642906        0.160580
BFGS:  281 23:14:14     -101.662090        0.119990
BFGS:  282 23:14:15     -101.678707        0.114724
BFGS:  283 23:14:15     -101.693681        0.113646
BFGS:  284 23:14:15     -101.707511        0.113323
BFGS:  285 23:14:15     -101.720227        0.114778
BFGS:  286 23:14:15     -101.730826        0.117287
BFGS:  287 23:14:15     -101.739762        0.120000
BFGS:  288 23:14:15     -101.747986        0.122810
BFGS:  289 23:14:15     -101.756094        0.125118
BFGS:  290 23:14:15     -101.763795        0.126535
BFGS:  291 23:14:15     -101.771408        0.126775
BFGS:  292 23:14:15     -101.779835        0.126628
BFGS:  293 23:14:15     -101.788916        0.125777
BFGS:  294 23:14:15     -101.798494        0.121507
BFGS:  295 23:14:15     -101.812441        0.111823
BFGS:  296 23:14:16     -101.826501        0.095038
BFGS:  297 23:14:16     -101.853706        0.079948
BFGS:  298 23:14:16     -101.863919        0.085744
BFGS:  299 23:14:16     -101.882587        0.117198
BFGS:  300 23:14:16     -101.895739        0.102076
BFGS:  301 23:14:16     -101.905996        0.092571
BFGS:  302 23:14:16     -101.912983        0.088474
BFGS:  303 23:14:16     -101.921179        0.077988
BFGS:  304 23:14:16     -101.934079        0.108171
BFGS:  305 23:14:16     -101.948186        0.148498
BFGS:  306 23:14:16     -101.964503        0.124242
BFGS:  307 23:14:16     -101.958357        0.139103
BFGS:  308 23:14:16     -101.980572        0.081451
BFGS:  309 23:14:17     -101.985668        0.079007
BFGS:  310 23:14:17     -101.993711        0.078002
BFGS:  311 23:14:17     -101.998086        0.071548
BFGS:  312 23:14:17     -102.006377        0.067282
BFGS:  313 23:14:17     -102.011659        0.064987
BFGS:  314 23:14:17     -102.017895        0.061954
BFGS:  315 23:14:17     -102.022253        0.063455
BFGS:  316 23:14:17     -102.025745        0.059091
BFGS:  317 23:14:17     -102.028218        0.059387
BFGS:  318 23:14:17     -102.030294        0.060446
BFGS:  319 23:14:17     -102.032436        0.061904
BFGS:  320 23:14:17     -102.035393        0.064062
BFGS:  321 23:14:17     -102.039079        0.066414
BFGS:  322 23:14:17     -102.042653        0.068340
BFGS:  323 23:14:18     -102.045575        0.069477
BFGS:  324 23:14:18     -102.048413        0.070301
BFGS:  325 23:14:18     -102.051947        0.070983
BFGS:  326 23:14:18     -102.056336        0.071502
BFGS:  327 23:14:18     -102.061734        0.072075
BFGS:  328 23:14:18     -102.069308        0.073505
BFGS:  329 23:14:18     -102.080784        0.075980
BFGS:  330 23:14:18     -102.095499        0.078099
BFGS:  331 23:14:18     -102.108402        0.077943
BFGS:  332 23:14:18     -102.118287        0.075568
BFGS:  333 23:14:18     -102.126206        0.073096
BFGS:  334 23:14:18     -102.131648        0.068918
BFGS:  335 23:14:18     -102.136789        0.065808
BFGS:  336 23:14:18     -102.140618        0.064385
BFGS:  337 23:14:19     -102.152031        0.082460
BFGS:  338 23:14:19     -102.165436        0.112766
BFGS:  339 23:14:19     -102.180372        0.128110
BFGS:  340 23:14:19     -102.197505        0.137919
BFGS:  341 23:14:19     -102.219017        0.139603
BFGS:  342 23:14:19     -102.244238        0.132595
BFGS:  343 23:14:19     -102.269967        0.117408
BFGS:  344 23:14:19     -102.290421        0.096127
BFGS:  345 23:14:19     -102.303238        0.071602
BFGS:  346 23:14:19     -102.311792        0.050732
BFGS:  347 23:14:19     -102.314891        0.048412
BFGS:  348 23:14:19     -102.315790        0.047622
BFGS:  349 23:14:19     -102.316655        0.048977
BFGS:  350 23:14:19     -102.318345        0.051359
BFGS:  351 23:14:19     -102.319910        0.051090
BFGS:  352 23:14:20     -102.326441        0.050700
BFGS:  353 23:14:20     -102.334942        0.058374
BFGS:  354 23:14:20     -102.343830        0.062920
BFGS:  355 23:14:20     -102.348443        0.058305
BFGS:  356 23:14:20     -102.350707        0.036118
BFGS:  357 23:14:20     -102.351222        0.035874
BFGS:  358 23:14:20     -102.351784        0.036566
BFGS:  359 23:14:20     -102.352283        0.036561
BFGS:  360 23:14:20     -102.352904        0.036333
BFGS:  361 23:14:20     -102.353582        0.038262
BFGS:  362 23:14:20     -102.354524        0.045674
BFGS:  363 23:14:20     -102.355783        0.053115
BFGS:  364 23:14:20     -102.357245        0.051654
BFGS:  365 23:14:20     -102.358595        0.046355
BFGS:  366 23:14:21     -102.359780        0.044347
BFGS:  367 23:14:21     -102.360835        0.049895
BFGS:  368 23:14:21     -102.361907        0.053926
BFGS:  369 23:14:21     -102.363117        0.053159
BFGS:  370 23:14:24     -102.364594        0.049313
BFGS:  371 23:14:24     -102.366485        0.051336
BFGS:  372 23:14:25     -102.368455        0.047128
BFGS:  373 23:14:25     -102.369963        0.054468
BFGS:  374 23:14:25     -102.371063        0.055945
BFGS:  375 23:14:25     -102.372069        0.059281
BFGS:  376 23:14:25     -102.373473        0.062094
BFGS:  377 23:14:25     -102.376029        0.064000
BFGS:  378 23:14:25     -102.379678        0.071123
BFGS:  379 23:14:25     -102.385970        0.069500
BFGS:  380 23:14:25     -102.395186        0.066216
BFGS:  381 23:14:25     -102.404021        0.071464
BFGS:  382 23:14:25     -102.412405        0.079769
BFGS:  383 23:14:25     -102.420395        0.085340
BFGS:  384 23:14:25     -102.428219        0.079466
BFGS:  385 23:14:26     -102.435022        0.073714
BFGS:  386 23:14:27     -102.441012        0.077988
BFGS:  387 23:14:27     -102.444492        0.075216
BFGS:  388 23:14:27     -102.446566        0.068159
BFGS:  389 23:14:27     -102.448238        0.059685
BFGS:  390 23:14:27     -102.450364        0.070639
BFGS:  391 23:14:27     -102.452244        0.068782
BFGS:  392 23:14:27     -102.454068        0.058836
BFGS:  393 23:14:27     -102.455299        0.023310
BFGS:  394 23:14:28     -102.455795        0.023328
BFGS:  395 23:14:28     -102.455952        0.025527
BFGS:  396 23:14:28     -102.456097        0.025405
BFGS:  397 23:14:28     -102.456341        0.023017
BFGS:  398 23:14:28     -102.456593        0.023197
BFGS:  399 23:14:28     -102.456799        0.024291
BFGS:  400 23:14:28     -102.456941        0.023963
BFGS:  401 23:14:28     -102.457068        0.022860
BFGS:  402 23:14:28     -102.457248        0.021439
BFGS:  403 23:14:28     -102.457541        0.021016
BFGS:  404 23:14:28     -102.457995        0.023902
BFGS:  405 23:14:28     -102.458635        0.032608
BFGS:  406 23:14:28     -102.459448        0.035114
BFGS:  407 23:14:28     -102.460422        0.036421
BFGS:  408 23:14:29     -102.461398        0.038468
BFGS:  409 23:14:29     -102.462269        0.042385
BFGS:  410 23:14:29     -102.463303        0.042666
BFGS:  411 23:14:29     -102.464895        0.061403
BFGS:  412 23:14:29     -102.467448        0.089725
BFGS:  413 23:14:32     -102.471042        0.111248
BFGS:  414 23:14:32     -102.474719        0.107545
BFGS:  415 23:14:32     -102.477850        0.079454
BFGS:  416 23:14:32     -102.480280        0.070511
BFGS:  417 23:14:32     -102.482082        0.062822
BFGS:  418 23:14:32     -102.484060        0.051688
BFGS:  419 23:14:32     -102.486114        0.077952
BFGS:  420 23:14:32     -102.487894        0.078108
BFGS:  421 23:14:32     -102.489681        0.085022
BFGS:  422 23:14:33     -102.491568        0.056829
BFGS:  423 23:14:33     -102.493199        0.034519
BFGS:  424 23:14:33     -102.494113        0.028428
BFGS:  425 23:14:33     -102.494635        0.026234
BFGS:  426 23:14:33     -102.494994        0.023956
BFGS:  427 23:14:33     -102.495384        0.025967
BFGS:  428 23:14:33     -102.495861        0.028548
BFGS:  429 23:14:33     -102.496597        0.035072
BFGS:  430 23:14:33     -102.497428        0.031825
BFGS:  431 23:14:33     -102.498007        0.024114
BFGS:  432 23:14:33     -102.498250        0.018304
BFGS:  433 23:14:33     -102.498381        0.017452
BFGS:  434 23:14:33     -102.498555        0.015717
BFGS:  435 23:14:33     -102.498767        0.021477
BFGS:  436 23:14:34     -102.498967        0.020676
BFGS:  437 23:14:34     -102.499135        0.014083
BFGS:  438 23:14:34     -102.499272        0.011588
BFGS:  439 23:14:34     -102.499388        0.011595
BFGS:  440 23:14:34     -102.499474        0.012961
BFGS:  441 23:14:34     -102.499528        0.013019
BFGS:  442 23:14:34     -102.499571        0.010516
BFGS:  443 23:14:34     -102.499626        0.009047
BFGS:  444 23:14:34     -102.499697        0.010372
BFGS:  445 23:14:34     -102.499775        0.016992
BFGS:  446 23:14:34     -102.499840        0.016316
BFGS:  447 23:14:34     -102.499883        0.010988
BFGS:  448 23:14:35     -102.499910        0.007206
BFGS:  449 23:14:35     -102.499932        0.007893
BFGS:  450 23:14:35     -102.499956        0.013211
BFGS:  451 23:14:35     -102.499990        0.016748
BFGS:  452 23:14:35     -102.500045        0.017989
BFGS:  453 23:14:35     -102.500126        0.014918
BFGS:  454 23:14:35     -102.500211        0.010250
BFGS:  455 23:14:35     -102.500263        0.008778
BFGS:  456 23:14:35     -102.500288        0.007595
BFGS:  457 23:14:35     -102.500311        0.008791
BFGS:  458 23:14:35     -102.500356        0.010246
BFGS:  459 23:14:35     -102.500436        0.011821
BFGS:  460 23:14:35     -102.500550        0.013744
BFGS:  461 23:14:35     -102.500651        0.014516
BFGS:  462 23:14:36     -102.500705        0.010831
BFGS:  463 23:14:36     -102.500735        0.008598
BFGS:  464 23:14:36     -102.500776        0.010431
BFGS:  465 23:14:36     -102.500848        0.019383
BFGS:  466 23:14:36     -102.500963        0.029777
BFGS:  467 23:14:36     -102.501110        0.034010
BFGS:  468 23:14:36     -102.501254        0.027100
BFGS:  469 23:14:36     -102.501366        0.015913
BFGS:  470 23:14:36     -102.501445        0.012557
BFGS:  471 23:14:36     -102.501511        0.015361
BFGS:  472 23:14:36     -102.501583        0.021613
BFGS:  473 23:14:36     -102.501684        0.024945
BFGS:  474 23:14:36     -102.501829        0.025489
BFGS:  475 23:14:37     -102.502010        0.025220
BFGS:  476 23:14:37     -102.502173        0.022641
BFGS:  477 23:14:37     -102.502289        0.017060
BFGS:  478 23:14:37     -102.502376        0.014238
BFGS:  479 23:14:37     -102.502455        0.014095
BFGS:  480 23:14:37     -102.502530        0.014197
BFGS:  481 23:14:37     -102.502600        0.016109
BFGS:  482 23:14:37     -102.502676        0.018759
BFGS:  483 23:14:37     -102.502775        0.019974
BFGS:  484 23:14:37     -102.502901        0.023910
BFGS:  485 23:14:37     -102.503025        0.022683
BFGS:  486 23:14:37     -102.503109        0.013101
BFGS:  487 23:14:37     -102.503151        0.009394
BFGS:  488 23:14:37     -102.503181        0.009929
BFGS:  489 23:14:38     -102.503220        0.014086
BFGS:  490 23:14:38     -102.503282        0.018537
BFGS:  491 23:14:38     -102.503369        0.018578
BFGS:  492 23:14:38     -102.503455        0.012339
BFGS:  493 23:14:38     -102.503508        0.007817
BFGS:  494 23:14:38     -102.503534        0.009516
BFGS:  495 23:14:38     -102.503556        0.009341
BFGS:  496 23:14:38     -102.503587        0.008001
BFGS:  497 23:14:38     -102.503632        0.010344
BFGS:  498 23:14:38     -102.503692        0.012897
BFGS:  499 23:14:38     -102.503757        0.013383
BFGS:  500 23:14:42     -102.503811        0.011482
BFGS:  501 23:14:42     -102.503843        0.008190
BFGS:  502 23:14:42     -102.503862        0.006567
BFGS:  503 23:14:42     -102.503879        0.007645
BFGS:  504 23:14:42     -102.503906        0.009344
BFGS:  505 23:14:42     -102.503949        0.009240
BFGS:  506 23:14:42     -102.503999        0.006847
BFGS:  507 23:14:42     -102.504029        0.004873
BFGS:  508 23:14:42     -102.504040        0.004343
BFGS:  509 23:14:42     -102.504046        0.004296
BFGS:  510 23:14:42     -102.504056        0.004044
BFGS:  511 23:14:43     -102.504073        0.003781
BFGS:  512 23:14:43     -102.504097        0.004683
BFGS:  513 23:14:43     -102.504113        0.004447
BFGS:  514 23:14:43     -102.504120        0.003166
BFGS:  515 23:14:43     -102.504123        0.002989
BFGS:  516 23:14:43     -102.504126        0.002650
BFGS:  517 23:14:43     -102.504132        0.003539
BFGS:  518 23:14:43     -102.504138        0.005480
BFGS:  519 23:14:43     -102.504143        0.005388
BFGS:  520 23:14:43     -102.504146        0.003471
BFGS:  521 23:14:43     -102.504148        0.001844
BFGS:  522 23:14:45     -102.504150        0.001931
BFGS:  523 23:14:45     -102.504151        0.002361
BFGS:  524 23:14:45     -102.504153        0.003026
BFGS:  525 23:14:45     -102.504156        0.003059
BFGS:  526 23:14:45     -102.504160        0.002758
BFGS:  527 23:14:45     -102.504164        0.001592
BFGS:  528 23:14:46     -102.504166        0.001373
BFGS:  529 23:14:46     -102.504166        0.001252
BFGS:  530 23:14:46     -102.504167        0.001117
BFGS:  531 23:14:46     -102.504168        0.001293
BFGS:  532 23:14:46     -102.504170        0.001660
BFGS:  533 23:14:46     -102.504173        0.001741
BFGS:  534 23:14:46     -102.504175        0.001427
BFGS:  535 23:14:46     -102.504176        0.001358
BFGS:  536 23:14:46     -102.504176        0.001235
BFGS:  537 23:14:46     -102.504177        0.001049
BFGS:  538 23:14:46     -102.504178        0.001248
BFGS:  539 23:14:46     -102.504179        0.001652
BFGS:  540 23:14:46     -102.504181        0.001619
BFGS:  541 23:14:46     -102.504182        0.001386
BFGS:  542 23:14:47     -102.504183        0.001423
BFGS:  543 23:14:47     -102.504183        0.001340
BFGS:  544 23:14:47     -102.504184        0.001179
BFGS:  545 23:14:47     -102.504185        0.001344
BFGS:  546 23:14:47     -102.504187        0.001552
BFGS:  547 23:14:47     -102.504188        0.001133
BFGS:  548 23:14:47     -102.504189        0.001004
BFGS:  549 23:14:50     -102.504190        0.000941
