      Step     Time          Energy          fmax
BFGS:    0 15:24:57     -101.393945        0.589876
BFGS:    1 15:24:57     -101.437597        0.576359
BFGS:    2 15:24:58     -102.061004        0.314158
BFGS:    3 15:24:58     -102.128362        0.262261
BFGS:    4 15:24:58     -102.142615        0.257255
BFGS:    5 15:24:58     -102.173688        0.237183
BFGS:    6 15:24:58     -102.213298        0.212195
BFGS:    7 15:24:58     -102.250647        0.248115
BFGS:    8 15:24:58     -102.265687        0.280202
BFGS:    9 15:24:58     -102.273653        0.292169
BFGS:   10 15:24:58     -102.293389        0.304904
BFGS:   11 15:24:58     -102.331115        0.306551
BFGS:   12 15:24:58     -102.395882        0.278493
BFGS:   13 15:24:58     -102.450273        0.227235
BFGS:   14 15:24:58     -102.484883        0.171299
BFGS:   15 15:24:58     -102.493253        0.154627
BFGS:   16 15:24:58     -102.499046        0.148573
BFGS:   17 15:24:59     -102.509431        0.144238
BFGS:   18 15:24:59     -102.532365        0.140315
BFGS:   19 15:24:59     -102.575682        0.137850
BFGS:   20 15:24:59     -102.619329        0.138540
BFGS:   21 15:24:59     -102.656162        0.143300
BFGS:   22 15:24:59     -102.679306        0.152992
BFGS:   23 15:24:59     -102.690540        0.156309
BFGS:   24 15:24:59     -102.719657        0.158285
BFGS:   25 15:24:59     -102.760848        0.150568
BFGS:   26 15:24:59     -102.806671        0.139173
BFGS:   27 15:24:59     -102.858488        0.147660
BFGS:   28 15:24:59     -102.911632        0.145101
BFGS:   29 15:24:59     -102.958407        0.138757
BFGS:   30 15:24:59     -102.993786        0.123469
BFGS:   31 15:25:00     -103.012921        0.102593
BFGS:   32 15:25:00     -103.016996        0.094127
BFGS:   33 15:25:00     -103.021967        0.086995
BFGS:   34 15:25:00     -103.034337        0.077191
BFGS:   35 15:25:00     -103.051890        0.086857
BFGS:   36 15:25:00     -103.069079        0.086219
BFGS:   37 15:25:00     -103.076232        0.076773
BFGS:   38 15:25:00     -103.077867        0.070019
BFGS:   39 15:25:00     -103.078810        0.073129
BFGS:   40 15:25:00     -103.080861        0.077283
BFGS:   41 15:25:00     -103.084721        0.080993
BFGS:   42 15:25:00     -103.090921        0.081239
BFGS:   43 15:25:00     -103.096978        0.074772
BFGS:   44 15:25:00     -103.100499        0.065201
BFGS:   45 15:25:00     -103.101539        0.063685
BFGS:   46 15:25:01     -103.101985        0.064781
BFGS:   47 15:25:01     -103.103098        0.065961
BFGS:   48 15:25:01     -103.105560        0.066397
BFGS:   49 15:25:01     -103.111385        0.063837
BFGS:   50 15:25:01     -103.122506        0.052186
BFGS:   51 15:25:01     -103.138364        0.066704
BFGS:   52 15:25:01     -103.151345        0.081514
BFGS:   53 15:25:01     -103.156738        0.079006
BFGS:   54 15:25:01     -103.158099        0.070365
BFGS:   55 15:25:01     -103.159563        0.053313
BFGS:   56 15:25:01     -103.161503        0.027447
BFGS:   57 15:25:01     -103.163385        0.024090
BFGS:   58 15:25:01     -103.164315        0.031708
BFGS:   59 15:25:01     -103.164697        0.032730
BFGS:   60 15:25:01     -103.165126        0.029330
BFGS:   61 15:25:02     -103.166030        0.020787
BFGS:   62 15:25:02     -103.167347        0.015931
BFGS:   63 15:25:02     -103.168532        0.014680
BFGS:   64 15:25:02     -103.169030        0.016026
BFGS:   65 15:25:02     -103.169153        0.013476
BFGS:   66 15:25:02     -103.169233        0.013459
BFGS:   67 15:25:02     -103.169403        0.013537
BFGS:   68 15:25:02     -103.169615        0.013732
BFGS:   69 15:25:02     -103.169793        0.015395
BFGS:   70 15:25:02     -103.169878        0.016583
BFGS:   71 15:25:02     -103.169937        0.014713
BFGS:   72 15:25:02     -103.170027        0.014437
BFGS:   73 15:25:02     -103.170162        0.014538
BFGS:   74 15:25:02     -103.170291        0.014583
BFGS:   75 15:25:02     -103.170359        0.014568
BFGS:   76 15:25:03     -103.170394        0.014502
BFGS:   77 15:25:03     -103.170444        0.014467
BFGS:   78 15:25:03     -103.170562        0.014551
BFGS:   79 15:25:03     -103.170832        0.014255
BFGS:   80 15:25:03     -103.171362        0.016142
BFGS:   81 15:25:03     -103.172088        0.021933
BFGS:   82 15:25:03     -103.172630        0.022283
BFGS:   83 15:25:03     -103.172827        0.019323
BFGS:   84 15:25:03     -103.172907        0.016460
BFGS:   85 15:25:03     -103.173023        0.012049
BFGS:   86 15:25:03     -103.173192        0.010886
BFGS:   87 15:25:03     -103.173358        0.010988
BFGS:   88 15:25:03     -103.173446        0.011554
BFGS:   89 15:25:03     -103.173485        0.011974
BFGS:   90 15:25:03     -103.173533        0.012273
BFGS:   91 15:25:04     -103.173639        0.012522
BFGS:   92 15:25:04     -103.173822        0.012422
BFGS:   93 15:25:04     -103.174034        0.011703
BFGS:   94 15:25:04     -103.174153        0.010733
BFGS:   95 15:25:04     -103.174188        0.010128
BFGS:   96 15:25:04     -103.174204        0.009833
BFGS:   97 15:25:04     -103.174235        0.009411
BFGS:   98 15:25:04     -103.174297        0.008767
BFGS:   99 15:25:04     -103.174393        0.007977
BFGS:  100 15:25:04     -103.174481        0.007502
BFGS:  101 15:25:04     -103.174520        0.007588
BFGS:  102 15:25:04     -103.174533        0.007784
BFGS:  103 15:25:04     -103.174547        0.007931
BFGS:  104 15:25:04     -103.174584        0.008018
BFGS:  105 15:25:04     -103.174664        0.007741
BFGS:  106 15:25:05     -103.174821        0.010315
BFGS:  107 15:25:05     -103.175021        0.009549
BFGS:  108 15:25:05     -103.175148        0.004629
BFGS:  109 15:25:05     -103.175180        0.002834
BFGS:  110 15:25:05     -103.175185        0.002543
BFGS:  111 15:25:05     -103.175188        0.002320
BFGS:  112 15:25:05     -103.175197        0.002006
BFGS:  113 15:25:05     -103.175208        0.001693
BFGS:  114 15:25:05     -103.175219        0.001493
BFGS:  115 15:25:05     -103.175223        0.001436
BFGS:  116 15:25:05     -103.175225        0.001404
BFGS:  117 15:25:05     -103.175225        0.001322
BFGS:  118 15:25:05     -103.175227        0.001183
BFGS:  119 15:25:05     -103.175231        0.001173
BFGS:  120 15:25:06     -103.175234        0.001137
BFGS:  121 15:25:06     -103.175236        0.001091
BFGS:  122 15:25:06     -103.175236        0.001070
BFGS:  123 15:25:06     -103.175236        0.001064
BFGS:  124 15:25:06     -103.175237        0.001057
BFGS:  125 15:25:06     -103.175237        0.001043
BFGS:  126 15:25:06     -103.175238        0.001016
BFGS:  127 15:25:06     -103.175240        0.000977
