      Step     Time          Energy          fmax
BFGS:    0 03:54:20      -14.683937       21.742486
BFGS:    1 03:54:20      -52.180053        5.797012
BFGS:    2 03:54:20      -58.458347        3.817854
BFGS:    3 03:54:21      -67.352358        3.100878
BFGS:    4 03:54:21      -71.411786        2.764359
BFGS:    5 03:54:21      -73.713447        2.580603
BFGS:    6 03:54:21      -75.569720        2.577071
BFGS:    7 03:54:21      -77.499622        2.568528
BFGS:    8 03:54:21      -79.555962        2.568963
BFGS:    9 03:54:21      -81.679791        2.717264
BFGS:   10 03:54:21      -83.823935        2.787086
BFGS:   11 03:54:21      -85.937549        2.776674
BFGS:   12 03:54:21      -87.967965        2.686232
BFGS:   13 03:54:21      -89.861982        2.519477
BFGS:   14 03:54:21      -91.571760        2.283325
BFGS:   15 03:54:21      -93.064212        1.994479
BFGS:   16 03:54:21      -94.341978        1.704979
BFGS:   17 03:54:22      -95.465036        1.444945
BFGS:   18 03:54:22      -96.538405        1.278099
BFGS:   19 03:54:22      -97.681428        1.147449
BFGS:   20 03:54:22      -98.920683        1.021117
BFGS:   21 03:54:22     -100.121715        0.919251
BFGS:   22 03:54:22     -101.091168        0.988632
BFGS:   23 03:54:22     -101.784104        1.160021
BFGS:   24 03:54:22     -102.454269        1.299120
BFGS:   25 03:54:22     -103.316493        1.211453
BFGS:   26 03:54:22     -104.429703        0.792791
BFGS:   27 03:54:22     -105.264144        0.598652
BFGS:   28 03:54:22     -105.752950        0.512546
BFGS:   29 03:54:22     -105.866347        0.528119
BFGS:   30 03:54:22     -106.083733        0.544352
BFGS:   31 03:54:23     -106.612859        0.521045
BFGS:   32 03:54:23     -107.018327        0.413135
BFGS:   33 03:54:23     -107.258900        0.329090
BFGS:   34 03:54:23     -107.356136        0.289555
BFGS:   35 03:54:23     -107.381707        0.285880
BFGS:   36 03:54:23     -107.456950        0.284504
BFGS:   37 03:54:23     -107.528957        0.330953
BFGS:   38 03:54:23     -107.630049        0.428682
BFGS:   39 03:54:23     -107.722013        0.465712
BFGS:   40 03:54:23     -107.832480        0.441770
BFGS:   41 03:54:23     -107.917122        0.320975
BFGS:   42 03:54:23     -107.953116        0.240929
BFGS:   43 03:54:23     -107.983873        0.217397
BFGS:   44 03:54:23     -108.013733        0.208103
BFGS:   45 03:54:24     -108.029689        0.188213
BFGS:   46 03:54:24     -108.038431        0.188926
BFGS:   47 03:54:24     -108.047332        0.199585
BFGS:   48 03:54:24     -108.061748        0.213896
BFGS:   49 03:54:24     -108.094054        0.234193
BFGS:   50 03:54:24     -108.142278        0.245307
BFGS:   51 03:54:24     -108.191760        0.242670
BFGS:   52 03:54:24     -108.241095        0.232002
BFGS:   53 03:54:24     -108.287624        0.217827
BFGS:   54 03:54:24     -108.329361        0.202519
BFGS:   55 03:54:24     -108.365383        0.186227
BFGS:   56 03:54:24     -108.395826        0.168730
BFGS:   57 03:54:24     -108.421826        0.151516
BFGS:   58 03:54:24     -108.444801        0.149894
BFGS:   59 03:54:25     -108.466251        0.154363
BFGS:   60 03:54:25     -108.487374        0.160945
BFGS:   61 03:54:25     -108.508655        0.170950
BFGS:   62 03:54:25     -108.530113        0.181823
BFGS:   63 03:54:25     -108.552079        0.190792
BFGS:   64 03:54:25     -108.575810        0.195797
BFGS:   65 03:54:25     -108.603271        0.198140
BFGS:   66 03:54:25     -108.634270        0.199092
BFGS:   67 03:54:25     -108.668019        0.199498
BFGS:   68 03:54:25     -108.703706        0.199853
BFGS:   69 03:54:25     -108.740459        0.200078
BFGS:   70 03:54:25     -108.777451        0.199311
BFGS:   71 03:54:25     -108.814304        0.206407
BFGS:   72 03:54:25     -108.851688        0.217033
BFGS:   73 03:54:25     -108.890068        0.230032
BFGS:   74 03:54:26     -108.928224        0.245096
BFGS:   75 03:54:26     -108.963710        0.261898
BFGS:   76 03:54:26     -108.992597        0.280487
BFGS:   77 03:54:26     -109.005052        0.283315
BFGS:   78 03:54:26     -109.036873        0.281311
BFGS:   79 03:54:26     -109.059722        0.274896
BFGS:   80 03:54:26     -109.086863        0.265377
BFGS:   81 03:54:26     -109.125339        0.251209
BFGS:   82 03:54:26     -109.189120        0.224765
BFGS:   83 03:54:26     -109.270328        0.183622
BFGS:   84 03:54:26     -109.307876        0.176400
BFGS:   85 03:54:26     -109.338991        0.175305
BFGS:   86 03:54:26     -109.366633        0.176425
BFGS:   87 03:54:26     -109.390868        0.178178
BFGS:   88 03:54:27     -109.412177        0.179298
BFGS:   89 03:54:27     -109.431591        0.179222
BFGS:   90 03:54:27     -109.450217        0.178622
BFGS:   91 03:54:27     -109.468259        0.178721
BFGS:   92 03:54:27     -109.485153        0.179180
BFGS:   93 03:54:27     -109.501370        0.179226
BFGS:   94 03:54:27     -109.517115        0.179214
BFGS:   95 03:54:27     -109.532117        0.179126
BFGS:   96 03:54:27     -109.546030        0.178956
BFGS:   97 03:54:27     -109.558892        0.178628
BFGS:   98 03:54:27     -109.570879        0.178362
BFGS:   99 03:54:27     -109.582154        0.178213
BFGS:  100 03:54:27     -109.592844        0.178186
BFGS:  101 03:54:27     -109.602993        0.178311
BFGS:  102 03:54:28     -109.612559        0.178654
BFGS:  103 03:54:28     -109.621528        0.179259
BFGS:  104 03:54:28     -109.630000        0.180094
BFGS:  105 03:54:28     -109.638155        0.181062
BFGS:  106 03:54:28     -109.646172        0.182057
BFGS:  107 03:54:28     -109.654155        0.183015
BFGS:  108 03:54:28     -109.662099        0.183980
BFGS:  109 03:54:28     -109.669984        0.185056
BFGS:  110 03:54:28     -109.677919        0.186281
BFGS:  111 03:54:28     -109.686070        0.187608
BFGS:  112 03:54:28     -109.694454        0.188994
BFGS:  113 03:54:28     -109.703087        0.190491
BFGS:  114 03:54:28     -109.712341        0.192168
BFGS:  115 03:54:28     -109.722823        0.193986
BFGS:  116 03:54:28     -109.735084        0.195830
BFGS:  117 03:54:29     -109.749564        0.197570
BFGS:  118 03:54:29     -109.766357        0.199066
BFGS:  119 03:54:29     -109.785163        0.200219
BFGS:  120 03:54:29     -109.806120        0.201098
BFGS:  121 03:54:29     -109.832345        0.201833
BFGS:  122 03:54:29     -109.874176        0.200673
BFGS:  123 03:54:29     -109.901589        0.195409
BFGS:  124 03:54:29     -109.916153        0.192618
BFGS:  125 03:54:29     -109.928948        0.191003
BFGS:  126 03:54:29     -109.940904        0.189885
BFGS:  127 03:54:29     -109.951975        0.188876
BFGS:  128 03:54:29     -109.962106        0.187689
BFGS:  129 03:54:29     -109.971398        0.186086
BFGS:  130 03:54:29     -109.980176        0.183700
BFGS:  131 03:54:30     -109.989324        0.179906
BFGS:  132 03:54:30     -110.000405        0.173709
BFGS:  133 03:54:30     -110.015141        0.163452
BFGS:  134 03:54:30     -110.035867        0.144786
BFGS:  135 03:54:30     -110.066274        0.143024
BFGS:  136 03:54:30     -110.092925        0.159991
BFGS:  137 03:54:30     -110.112087        0.160207
BFGS:  138 03:54:30     -110.128454        0.153664
BFGS:  139 03:54:30     -110.143023        0.142280
BFGS:  140 03:54:30     -110.156044        0.126202
BFGS:  141 03:54:30     -110.167753        0.105517
BFGS:  142 03:54:30     -110.178155        0.081739
BFGS:  143 03:54:30     -110.186754        0.057992
BFGS:  144 03:54:30     -110.192416        0.066236
BFGS:  145 03:54:30     -110.194280        0.069194
BFGS:  146 03:54:31     -110.196522        0.070547
BFGS:  147 03:54:31     -110.200933        0.070354
BFGS:  148 03:54:31     -110.205460        0.067884
BFGS:  149 03:54:31     -110.212495        0.079696
BFGS:  150 03:54:31     -110.222791        0.088623
BFGS:  151 03:54:31     -110.236878        0.091299
BFGS:  152 03:54:31     -110.254130        0.088221
BFGS:  153 03:54:31     -110.274377        0.078389
BFGS:  154 03:54:31     -110.292471        0.059548
BFGS:  155 03:54:31     -110.302850        0.069512
BFGS:  156 03:54:31     -110.307739        0.079113
BFGS:  157 03:54:31     -110.308638        0.079181
BFGS:  158 03:54:31     -110.309339        0.077642
BFGS:  159 03:54:31     -110.310505        0.075744
BFGS:  160 03:54:32     -110.313100        0.073297
BFGS:  161 03:54:32     -110.318223        0.071884
BFGS:  162 03:54:32     -110.327911        0.070977
BFGS:  163 03:54:32     -110.341056        0.075707
BFGS:  164 03:54:32     -110.350979        0.082123
BFGS:  165 03:54:32     -110.357303        0.084872
BFGS:  166 03:54:32     -110.360329        0.087082
BFGS:  167 03:54:32     -110.362465        0.088283
BFGS:  168 03:54:32     -110.364857        0.088731
BFGS:  169 03:54:32     -110.369325        0.088791
BFGS:  170 03:54:32     -110.378307        0.088787
BFGS:  171 03:54:32     -110.390677        0.089044
BFGS:  172 03:54:32     -110.405710        0.089658
BFGS:  173 03:54:32     -110.422437        0.091944
BFGS:  174 03:54:33     -110.440163        0.098016
BFGS:  175 03:54:33     -110.458475        0.103466
BFGS:  176 03:54:33     -110.476894        0.108489
BFGS:  177 03:54:33     -110.495237        0.113575
BFGS:  178 03:54:33     -110.513588        0.119026
BFGS:  179 03:54:33     -110.532163        0.124793
BFGS:  180 03:54:33     -110.551117        0.130559
BFGS:  181 03:54:33     -110.570341        0.136079
BFGS:  182 03:54:33     -110.589450        0.141215
BFGS:  183 03:54:33     -110.608102        0.146004
BFGS:  184 03:54:33     -110.626268        0.150275
BFGS:  185 03:54:33     -110.644164        0.153474
BFGS:  186 03:54:33     -110.661783        0.155888
BFGS:  187 03:54:33     -110.683708        0.157949
BFGS:  188 03:54:33     -110.710258        0.159751
BFGS:  189 03:54:34     -110.736173        0.165340
BFGS:  190 03:54:34     -110.764712        0.179677
BFGS:  191 03:54:34     -110.791372        0.194801
BFGS:  192 03:54:34     -110.815810        0.210608
BFGS:  193 03:54:34     -110.837586        0.218311
BFGS:  194 03:54:34     -110.859794        0.226156
BFGS:  195 03:54:34     -110.886522        0.216020
BFGS:  196 03:54:34     -110.925703        0.201198
BFGS:  197 03:54:34     -110.984304        0.148948
BFGS:  198 03:54:34     -111.048489        0.138287
BFGS:  199 03:54:34     -111.100887        0.143016
BFGS:  200 03:54:34     -111.147528        0.144953
BFGS:  201 03:54:34     -111.191652        0.128755
BFGS:  202 03:54:34     -111.221600        0.116334
BFGS:  203 03:54:35     -111.246529        0.109665
BFGS:  204 03:54:35     -111.260608        0.090775
BFGS:  205 03:54:35     -111.269542        0.103729
BFGS:  206 03:54:35     -111.272978        0.100580
BFGS:  207 03:54:35     -111.277751        0.103940
BFGS:  208 03:54:35     -111.287023        0.091733
BFGS:  209 03:54:35     -111.299258        0.076763
BFGS:  210 03:54:35     -111.314143        0.075232
BFGS:  211 03:54:35     -111.330839        0.065709
BFGS:  212 03:54:35     -111.349251        0.086505
BFGS:  213 03:54:35     -111.369919        0.097328
BFGS:  214 03:54:35     -111.387740        0.092172
BFGS:  215 03:54:35     -111.404035        0.074265
BFGS:  216 03:54:35     -111.417123        0.049057
BFGS:  217 03:54:36     -111.423247        0.040144
BFGS:  218 03:54:36     -111.424430        0.037703
BFGS:  219 03:54:36     -111.425116        0.035691
BFGS:  220 03:54:36     -111.425357        0.036122
BFGS:  221 03:54:36     -111.425842        0.034329
BFGS:  222 03:54:36     -111.426196        0.033264
BFGS:  223 03:54:36     -111.427506        0.029526
BFGS:  224 03:54:36     -111.429515        0.024284
BFGS:  225 03:54:36     -111.432105        0.017940
BFGS:  226 03:54:36     -111.434209        0.012351
BFGS:  227 03:54:36     -111.434876        0.011278
BFGS:  228 03:54:36     -111.434978        0.011844
BFGS:  229 03:54:36     -111.434984        0.011982
BFGS:  230 03:54:36     -111.434991        0.012000
BFGS:  231 03:54:37     -111.435004        0.011888
BFGS:  232 03:54:37     -111.435039        0.011597
BFGS:  233 03:54:37     -111.435126        0.011008
BFGS:  234 03:54:37     -111.435340        0.011628
BFGS:  235 03:54:37     -111.435844        0.017825
BFGS:  236 03:54:37     -111.436882        0.023761
BFGS:  237 03:54:37     -111.438362        0.023857
BFGS:  238 03:54:37     -111.439662        0.016954
BFGS:  239 03:54:37     -111.440321        0.007974
BFGS:  240 03:54:37     -111.440378        0.007141
BFGS:  241 03:54:37     -111.440394        0.006918
BFGS:  242 03:54:37     -111.440396        0.006890
BFGS:  243 03:54:37     -111.440407        0.006737
BFGS:  244 03:54:37     -111.440425        0.006594
BFGS:  245 03:54:38     -111.440481        0.006348
BFGS:  246 03:54:38     -111.440625        0.006074
BFGS:  247 03:54:38     -111.441040        0.008945
BFGS:  248 03:54:38     -111.442277        0.017153
BFGS:  249 03:54:38     -111.443742        0.023481
BFGS:  250 03:54:38     -111.444882        0.029938
BFGS:  251 03:54:38     -111.447405        0.019513
BFGS:  252 03:54:38     -111.448677        0.021385
BFGS:  253 03:54:38     -111.449812        0.021769
BFGS:  254 03:54:38     -111.450638        0.022625
BFGS:  255 03:54:38     -111.451411        0.022394
BFGS:  256 03:54:38     -111.452346        0.022117
BFGS:  257 03:54:38     -111.454654        0.022528
BFGS:  258 03:54:38     -111.457671        0.022536
BFGS:  259 03:54:38     -111.461108        0.021125
BFGS:  260 03:54:39     -111.467860        0.018484
BFGS:  261 03:54:39     -111.473965        0.018481
BFGS:  262 03:54:39     -111.478389        0.017974
BFGS:  263 03:54:39     -111.482008        0.015134
BFGS:  264 03:54:39     -111.484487        0.011005
BFGS:  265 03:54:39     -111.485704        0.008105
BFGS:  266 03:54:39     -111.486026        0.007567
BFGS:  267 03:54:39     -111.486215        0.007083
BFGS:  268 03:54:39     -111.486250        0.007057
BFGS:  269 03:54:39     -111.486257        0.007143
BFGS:  270 03:54:39     -111.486262        0.007215
BFGS:  271 03:54:39     -111.486269        0.007306
BFGS:  272 03:54:39     -111.486278        0.007350
BFGS:  273 03:54:39     -111.486287        0.007313
BFGS:  274 03:54:40     -111.486294        0.007215
BFGS:  275 03:54:40     -111.486300        0.007117
BFGS:  276 03:54:40     -111.486308        0.007033
BFGS:  277 03:54:40     -111.486323        0.006952
BFGS:  278 03:54:40     -111.486350        0.006889
BFGS:  279 03:54:40     -111.486394        0.008686
BFGS:  280 03:54:40     -111.486448        0.012329
BFGS:  281 03:54:40     -111.486502        0.014783
BFGS:  282 03:54:40     -111.486569        0.015839
BFGS:  283 03:54:40     -111.486686        0.015814
BFGS:  284 03:54:40     -111.486914        0.014514
BFGS:  285 03:54:40     -111.487300        0.023133
BFGS:  286 03:54:40     -111.487758        0.031229
BFGS:  287 03:54:40     -111.488114        0.033679
BFGS:  288 03:54:41     -111.488344        0.032605
BFGS:  289 03:54:41     -111.488555        0.027604
BFGS:  290 03:54:41     -111.488836        0.019068
BFGS:  291 03:54:41     -111.489111        0.014604
BFGS:  292 03:54:41     -111.489267        0.017617
BFGS:  293 03:54:41     -111.489342        0.016210
BFGS:  294 03:54:41     -111.489408        0.012830
BFGS:  295 03:54:41     -111.489500        0.009247
BFGS:  296 03:54:41     -111.489580        0.006260
BFGS:  297 03:54:41     -111.489617        0.006313
BFGS:  298 03:54:41     -111.489629        0.005889
BFGS:  299 03:54:41     -111.489637        0.004967
BFGS:  300 03:54:41     -111.489649        0.002853
BFGS:  301 03:54:41     -111.489658        0.002275
BFGS:  302 03:54:41     -111.489663        0.002171
BFGS:  303 03:54:42     -111.489664        0.002046
BFGS:  304 03:54:42     -111.489666        0.001709
BFGS:  305 03:54:42     -111.489668        0.001292
BFGS:  306 03:54:42     -111.489671        0.001942
BFGS:  307 03:54:42     -111.489672        0.001750
BFGS:  308 03:54:42     -111.489672        0.001440
BFGS:  309 03:54:42     -111.489673        0.001004
BFGS:  310 03:54:42     -111.489673        0.000749
