      Step     Time          Energy          fmax
BFGS:    0 21:42:34      -87.417319        2.424595
BFGS:    1 21:42:34      -88.814201        2.109847
BFGS:    2 21:42:35      -93.786796        1.785640
BFGS:    3 21:42:35      -94.528711        1.770726
BFGS:    4 21:42:35      -94.751494        1.737152
BFGS:    5 21:42:35      -95.490023        1.599233
BFGS:    6 21:42:35      -96.132096        1.461038
BFGS:    7 21:42:35      -96.690592        1.327491
BFGS:    8 21:42:35      -97.170770        1.203908
BFGS:    9 21:42:35      -97.592982        1.135073
BFGS:   10 21:42:35      -97.979853        1.215786
BFGS:   11 21:42:35      -98.345703        1.244453
BFGS:   12 21:42:35      -98.698844        1.233070
BFGS:   13 21:42:35      -99.043149        1.192191
BFGS:   14 21:42:35      -99.380625        1.129786
BFGS:   15 21:42:35      -99.711724        1.050295
BFGS:   16 21:42:36     -100.035530        0.958371
BFGS:   17 21:42:36     -100.350465        0.857741
BFGS:   18 21:42:36     -100.654297        0.751372
BFGS:   19 21:42:36     -100.943941        0.641773
BFGS:   20 21:42:36     -101.215313        0.531460
BFGS:   21 21:42:36     -101.463104        0.467984
BFGS:   22 21:42:36     -101.680602        0.435723
BFGS:   23 21:42:36     -101.860107        0.395212
BFGS:   24 21:42:36     -101.995465        0.346295
BFGS:   25 21:42:36     -102.084630        0.354959
BFGS:   26 21:42:36     -102.131638        0.397076
BFGS:   27 21:42:36     -102.231724        0.413665
BFGS:   28 21:42:36     -102.354349        0.327041
BFGS:   29 21:42:36     -102.428299        0.176540
BFGS:   30 21:42:37     -102.450875        0.073237
BFGS:   31 21:42:37     -102.455579        0.036684
BFGS:   32 21:42:37     -102.457209        0.029422
BFGS:   33 21:42:37     -102.458756        0.032082
BFGS:   34 21:42:37     -102.459770        0.031093
BFGS:   35 21:42:37     -102.460732        0.027834
BFGS:   36 21:42:37     -102.462146        0.029763
BFGS:   37 21:42:37     -102.464736        0.032497
BFGS:   38 21:42:37     -102.468261        0.034323
BFGS:   39 21:42:37     -102.471111        0.032173
BFGS:   40 21:42:37     -102.472422        0.034641
BFGS:   41 21:42:37     -102.473004        0.032365
BFGS:   42 21:42:37     -102.473834        0.028885
BFGS:   43 21:42:37     -102.475582        0.028695
BFGS:   44 21:42:38     -102.478115        0.031105
BFGS:   45 21:42:38     -102.480417        0.031230
BFGS:   46 21:42:38     -102.481475        0.028634
BFGS:   47 21:42:38     -102.481885        0.026337
BFGS:   48 21:42:38     -102.482221        0.024787
BFGS:   49 21:42:38     -102.482666        0.024422
BFGS:   50 21:42:38     -102.483284        0.028445
BFGS:   51 21:42:38     -102.484239        0.037351
BFGS:   52 21:42:38     -102.485859        0.044054
BFGS:   53 21:42:38     -102.488301        0.042506
BFGS:   54 21:42:38     -102.490896        0.037263
BFGS:   55 21:42:38     -102.492713        0.033014
BFGS:   56 21:42:38     -102.493278        0.030395
BFGS:   57 21:42:38     -102.493623        0.028839
BFGS:   58 21:42:39     -102.494450        0.026315
BFGS:   59 21:42:39     -102.495835        0.023402
BFGS:   60 21:42:39     -102.497644        0.021555
BFGS:   61 21:42:39     -102.498778        0.022029
BFGS:   62 21:42:39     -102.499138        0.023825
BFGS:   63 21:42:39     -102.499267        0.024848
BFGS:   64 21:42:39     -102.499480        0.026000
BFGS:   65 21:42:39     -102.500011        0.027813
BFGS:   66 21:42:39     -102.501203        0.030228
BFGS:   67 21:42:39     -102.503426        0.032422
BFGS:   68 21:42:39     -102.506150        0.032788
BFGS:   69 21:42:39     -102.507881        0.031957
BFGS:   70 21:42:39     -102.508394        0.030262
BFGS:   71 21:42:40     -102.508566        0.029430
BFGS:   72 21:42:40     -102.508882        0.028392
BFGS:   73 21:42:40     -102.509666        0.026833
BFGS:   74 21:42:40     -102.511523        0.024816
BFGS:   75 21:42:40     -102.515319        0.027222
BFGS:   76 21:42:40     -102.520711        0.035569
BFGS:   77 21:42:40     -102.525029        0.036026
BFGS:   78 21:42:40     -102.526928        0.039655
BFGS:   79 21:42:40     -102.527517        0.038258
BFGS:   80 21:42:40     -102.528177        0.035763
BFGS:   81 21:42:40     -102.529642        0.030804
BFGS:   82 21:42:40     -102.531988        0.034950
BFGS:   83 21:42:40     -102.534565        0.061401
BFGS:   84 21:42:40     -102.536146        0.067068
BFGS:   85 21:42:41     -102.537069        0.057931
BFGS:   86 21:42:41     -102.538077        0.038867
BFGS:   87 21:42:41     -102.539456        0.029310
BFGS:   88 21:42:41     -102.540700        0.030632
BFGS:   89 21:42:41     -102.541431        0.032525
BFGS:   90 21:42:41     -102.541945        0.032420
BFGS:   91 21:42:41     -102.542805        0.034934
BFGS:   92 21:42:41     -102.544826        0.038158
BFGS:   93 21:42:41     -102.549249        0.043041
BFGS:   94 21:42:41     -102.554952        0.044768
BFGS:   95 21:42:41     -102.560226        0.042038
BFGS:   96 21:42:41     -102.565200        0.038243
BFGS:   97 21:42:41     -102.569049        0.036102
BFGS:   98 21:42:41     -102.569767        0.028349
BFGS:   99 21:42:42     -102.569940        0.021596
BFGS:  100 21:42:42     -102.570053        0.018257
BFGS:  101 21:42:42     -102.570192        0.018929
BFGS:  102 21:42:42     -102.570330        0.018843
BFGS:  103 21:42:42     -102.570430        0.018075
BFGS:  104 21:42:42     -102.570516        0.018425
BFGS:  105 21:42:42     -102.570661        0.019077
BFGS:  106 21:42:42     -102.571005        0.018742
BFGS:  107 21:42:42     -102.571692        0.017871
BFGS:  108 21:42:42     -102.572658        0.016256
BFGS:  109 21:42:42     -102.573411        0.014556
BFGS:  110 21:42:42     -102.573748        0.014451
BFGS:  111 21:42:42     -102.573852        0.013000
BFGS:  112 21:42:42     -102.573943        0.011275
BFGS:  113 21:42:43     -102.574135        0.012239
BFGS:  114 21:42:43     -102.574328        0.011612
BFGS:  115 21:42:43     -102.574431        0.009723
BFGS:  116 21:42:43     -102.574455        0.008556
BFGS:  117 21:42:43     -102.574464        0.008121
BFGS:  118 21:42:43     -102.574480        0.007655
BFGS:  119 21:42:43     -102.574513        0.007646
BFGS:  120 21:42:43     -102.574572        0.007592
BFGS:  121 21:42:43     -102.574652        0.012452
BFGS:  122 21:42:43     -102.574734        0.015266
BFGS:  123 21:42:43     -102.574821        0.014985
BFGS:  124 21:42:43     -102.574951        0.014803
BFGS:  125 21:42:43     -102.575186        0.015290
BFGS:  126 21:42:43     -102.575548        0.012800
BFGS:  127 21:42:43     -102.575926        0.024895
BFGS:  128 21:42:44     -102.576147        0.028053
BFGS:  129 21:42:44     -102.576280        0.025215
BFGS:  130 21:42:44     -102.576475        0.018953
BFGS:  131 21:42:44     -102.576822        0.015410
BFGS:  132 21:42:44     -102.577269        0.011828
BFGS:  133 21:42:44     -102.577570        0.011035
BFGS:  134 21:42:44     -102.577660        0.010582
BFGS:  135 21:42:44     -102.577686        0.010217
BFGS:  136 21:42:44     -102.577721        0.009989
BFGS:  137 21:42:44     -102.577809        0.010331
BFGS:  138 21:42:44     -102.577983        0.010673
BFGS:  139 21:42:44     -102.578245        0.012840
BFGS:  140 21:42:44     -102.578462        0.010297
BFGS:  141 21:42:45     -102.578547        0.010927
BFGS:  142 21:42:45     -102.578579        0.011855
BFGS:  143 21:42:45     -102.578605        0.011848
BFGS:  144 21:42:45     -102.578746        0.011755
BFGS:  145 21:42:45     -102.578975        0.011580
BFGS:  146 21:42:45     -102.579470        0.011430
BFGS:  147 21:42:45     -102.580057        0.010841
BFGS:  148 21:42:45     -102.580454        0.010278
BFGS:  149 21:42:45     -102.580586        0.009865
BFGS:  150 21:42:45     -102.580631        0.009694
BFGS:  151 21:42:45     -102.580689        0.009508
BFGS:  152 21:42:45     -102.580807        0.009215
BFGS:  153 21:42:45     -102.580963        0.008941
BFGS:  154 21:42:45     -102.581080        0.008921
BFGS:  155 21:42:46     -102.581127        0.009107
BFGS:  156 21:42:46     -102.581147        0.009282
BFGS:  157 21:42:46     -102.581168        0.009416
BFGS:  158 21:42:46     -102.581214        0.009576
BFGS:  159 21:42:46     -102.581300        0.009667
BFGS:  160 21:42:46     -102.581420        0.009500
BFGS:  161 21:42:46     -102.581497        0.009092
BFGS:  162 21:42:46     -102.581531        0.008801
BFGS:  163 21:42:46     -102.581552        0.008663
BFGS:  164 21:42:47     -102.581581        0.008631
BFGS:  165 21:42:47     -102.581644        0.009396
BFGS:  166 21:42:47     -102.581774        0.010309
BFGS:  167 21:42:47     -102.582038        0.011012
BFGS:  168 21:42:47     -102.582528        0.015193
BFGS:  169 21:42:47     -102.582947        0.019620
BFGS:  170 21:42:47     -102.583098        0.018390
BFGS:  171 21:42:47     -102.583211        0.018209
BFGS:  172 21:42:47     -102.583365        0.017567
BFGS:  173 21:42:47     -102.583618        0.016217
BFGS:  174 21:42:47     -102.584001        0.030727
BFGS:  175 21:42:47     -102.584407        0.043415
BFGS:  176 21:42:47     -102.584737        0.045560
BFGS:  177 21:42:47     -102.585108        0.037838
BFGS:  178 21:42:47     -102.585457        0.022165
BFGS:  179 21:42:48     -102.585705        0.011669
BFGS:  180 21:42:48     -102.585833        0.011035
BFGS:  181 21:42:48     -102.585877        0.010290
BFGS:  182 21:42:48     -102.585895        0.010229
BFGS:  183 21:42:48     -102.585913        0.010182
BFGS:  184 21:42:48     -102.585974        0.010158
BFGS:  185 21:42:48     -102.586065        0.010155
BFGS:  186 21:42:48     -102.586256        0.010105
BFGS:  187 21:42:48     -102.586476        0.010909
BFGS:  188 21:42:48     -102.586626        0.013821
BFGS:  189 21:42:48     -102.586686        0.012716
BFGS:  190 21:42:48     -102.586717        0.009965
BFGS:  191 21:42:48     -102.586759        0.009478
BFGS:  192 21:42:48     -102.586821        0.009367
BFGS:  193 21:42:49     -102.586888        0.012283
BFGS:  194 21:42:49     -102.586942        0.016427
BFGS:  195 21:42:49     -102.586993        0.017386
BFGS:  196 21:42:49     -102.587077        0.016244
BFGS:  197 21:42:49     -102.587255        0.012170
BFGS:  198 21:42:49     -102.587584        0.010367
BFGS:  199 21:42:49     -102.587994        0.013513
BFGS:  200 21:42:49     -102.588285        0.016578
BFGS:  201 21:42:49     -102.588445        0.014965
BFGS:  202 21:42:49     -102.588578        0.011781
BFGS:  203 21:42:49     -102.588821        0.009596
BFGS:  204 21:42:49     -102.588906        0.010358
BFGS:  205 21:42:49     -102.589086        0.009282
BFGS:  206 21:42:50     -102.589306        0.011292
BFGS:  207 21:42:50     -102.588761        0.017052
BFGS:  208 21:42:50     -102.589454        0.011482
BFGS:  209 21:42:50     -102.589534        0.010316
BFGS:  210 21:42:50     -102.589666        0.010266
BFGS:  211 21:42:50     -102.590396        0.013656
BFGS:  212 21:42:50     -102.590843        0.018496
BFGS:  213 21:42:50     -102.591476        0.031433
BFGS:  214 21:42:50     -102.591699        0.029613
BFGS:  215 21:42:50     -102.591849        0.024133
BFGS:  216 21:42:50     -102.591952        0.016921
BFGS:  217 21:42:50     -102.592071        0.009028
BFGS:  218 21:42:50     -102.592138        0.008928
BFGS:  219 21:42:50     -102.592166        0.007403
BFGS:  220 21:42:51     -102.592183        0.005554
BFGS:  221 21:42:51     -102.592210        0.005110
BFGS:  222 21:42:51     -102.592248        0.005165
BFGS:  223 21:42:51     -102.592290        0.007199
BFGS:  224 21:42:51     -102.592320        0.008339
BFGS:  225 21:42:51     -102.592342        0.008467
BFGS:  226 21:42:51     -102.592368        0.007278
BFGS:  227 21:42:51     -102.592405        0.005188
BFGS:  228 21:42:51     -102.592445        0.006176
BFGS:  229 21:42:51     -102.592471        0.007735
BFGS:  230 21:42:51     -102.592488        0.007613
BFGS:  231 21:42:51     -102.592506        0.006486
BFGS:  232 21:42:51     -102.592537        0.004907
BFGS:  233 21:42:51     -102.592576        0.004328
BFGS:  234 21:42:52     -102.592603        0.004303
BFGS:  235 21:42:52     -102.592613        0.004291
BFGS:  236 21:42:52     -102.592617        0.004291
BFGS:  237 21:42:52     -102.592623        0.004295
BFGS:  238 21:42:52     -102.592633        0.004300
BFGS:  239 21:42:52     -102.592646        0.004607
BFGS:  240 21:42:52     -102.592658        0.006871
BFGS:  241 21:42:52     -102.592668        0.007550
BFGS:  242 21:42:52     -102.592680        0.007027
BFGS:  243 21:42:52     -102.592702        0.005912
BFGS:  244 21:42:52     -102.592742        0.006312
BFGS:  245 21:42:52     -102.592794        0.008673
BFGS:  246 21:42:52     -102.592843        0.011821
BFGS:  247 21:42:52     -102.592882        0.013152
BFGS:  248 21:42:53     -102.592929        0.012657
BFGS:  249 21:42:53     -102.593013        0.010129
BFGS:  250 21:42:53     -102.593154        0.007518
BFGS:  251 21:42:53     -102.593318        0.008352
BFGS:  252 21:42:53     -102.593426        0.009332
BFGS:  253 21:42:53     -102.593472        0.010041
BFGS:  254 21:42:53     -102.593507        0.010088
BFGS:  255 21:42:53     -102.593581        0.008873
BFGS:  256 21:42:53     -102.593725        0.007704
BFGS:  257 21:42:53     -102.593951        0.012900
BFGS:  258 21:42:53     -102.594154        0.015109
BFGS:  259 21:42:53     -102.594263        0.012853
BFGS:  260 21:42:53     -102.594327        0.012435
BFGS:  261 21:42:53     -102.594391        0.010500
BFGS:  262 21:42:53     -102.594496        0.008465
BFGS:  263 21:42:54     -102.594658        0.011415
BFGS:  264 21:42:54     -102.594830        0.015553
BFGS:  265 21:42:54     -102.594923        0.018103
BFGS:  266 21:42:54     -102.595009        0.017296
BFGS:  267 21:42:54     -102.595148        0.013632
BFGS:  268 21:42:54     -102.595368        0.008613
BFGS:  269 21:42:54     -102.595541        0.013557
BFGS:  270 21:42:54     -102.595596        0.009583
BFGS:  271 21:42:54     -102.595631        0.007505
BFGS:  272 21:42:54     -102.595651        0.006976
BFGS:  273 21:42:54     -102.595701        0.004809
BFGS:  274 21:42:54     -102.595735        0.005153
BFGS:  275 21:42:54     -102.595753        0.005607
BFGS:  276 21:42:55     -102.595760        0.004866
BFGS:  277 21:42:55     -102.595766        0.003583
BFGS:  278 21:42:55     -102.595773        0.002468
BFGS:  279 21:42:55     -102.595780        0.001279
BFGS:  280 21:42:55     -102.595783        0.001181
BFGS:  281 21:42:55     -102.595784        0.001021
BFGS:  282 21:42:55     -102.595784        0.000951
