      Step     Time          Energy          fmax
BFGS:    0 00:37:07      -40.284164        2.844629
BFGS:    1 00:37:07      -41.162697        2.403382
BFGS:    2 00:37:07      -43.949074        1.056668
BFGS:    3 00:37:07      -44.721783        0.691513
BFGS:    4 00:37:07      -44.927888        0.778258
BFGS:    5 00:37:07      -45.082718        0.932240
BFGS:    6 00:37:07      -45.356200        1.057122
BFGS:    7 00:37:07      -45.819625        1.056322
BFGS:    8 00:37:11      -46.345017        1.066538
BFGS:    9 00:37:11      -46.811336        1.068370
BFGS:   10 00:37:11      -47.043542        0.832940
BFGS:   11 00:37:12      -47.148148        0.782655
BFGS:   12 00:37:12      -47.704108        0.474269
BFGS:   13 00:37:12      -47.835967        0.593692
BFGS:   14 00:37:12      -47.912009        0.408319
BFGS:   15 00:37:12      -47.961517        0.477377
BFGS:   16 00:37:13      -48.016571        0.400538
BFGS:   17 00:37:19      -48.133901        0.422674
BFGS:   18 00:37:20      -48.311312        0.550521
BFGS:   19 00:37:20      -48.492794        0.572466
BFGS:   20 00:37:20      -48.615115        0.407801
BFGS:   21 00:37:20      -48.649576        0.355091
BFGS:   22 00:37:20      -48.707286        0.304257
BFGS:   23 00:37:20      -48.812296        0.461850
BFGS:   24 00:37:20      -48.979930        0.600332
BFGS:   25 00:37:21      -49.157395        0.557881
BFGS:   26 00:37:21      -49.251647        0.431409
BFGS:   27 00:37:22      -49.287888        0.327725
BFGS:   28 00:37:22      -49.315447        0.316941
BFGS:   29 00:37:22      -49.355973        0.300599
BFGS:   30 00:37:22      -49.419332        0.566015
BFGS:   31 00:37:22      -49.494823        0.740312
BFGS:   32 00:37:22      -49.561079        0.652818
BFGS:   33 00:37:22      -49.611174        0.415270
BFGS:   34 00:37:22      -49.659777        0.249748
BFGS:   35 00:37:22      -49.699532        0.290358
BFGS:   36 00:37:22      -49.726915        0.409974
BFGS:   37 00:37:23      -49.762714        0.445501
BFGS:   38 00:37:23      -49.811500        0.429935
BFGS:   39 00:37:24      -49.895216        0.325438
BFGS:   40 00:37:24      -49.949160        0.246900
BFGS:   41 00:37:24      -49.969163        0.177307
BFGS:   42 00:37:29      -49.981046        0.173479
BFGS:   43 00:37:30      -49.989193        0.199808
BFGS:   44 00:37:30      -50.003841        0.235830
BFGS:   45 00:37:30      -50.029006        0.235569
BFGS:   46 00:37:30      -50.062802        0.303230
BFGS:   47 00:37:31      -50.090898        0.320142
BFGS:   48 00:37:31      -50.113457        0.275912
BFGS:   49 00:37:31      -50.128280        0.197399
BFGS:   50 00:37:31      -50.143981        0.149763
BFGS:   51 00:37:34      -50.164783        0.188693
BFGS:   52 00:37:34      -50.179991        0.274892
BFGS:   53 00:37:40      -50.189522        0.282001
BFGS:   54 00:37:47      -50.202093        0.243180
BFGS:   55 00:37:47      -50.222270        0.159487
BFGS:   56 00:37:47      -50.247574        0.148012
BFGS:   57 00:37:48      -50.266957        0.121547
BFGS:   58 00:37:50      -50.272604        0.125314
BFGS:   59 00:37:51      -50.275906        0.125006
BFGS:   60 00:37:53      -50.280576        0.115957
BFGS:   61 00:37:53      -50.290622        0.113902
BFGS:   62 00:37:53      -50.306017        0.139716
BFGS:   63 00:37:53      -50.319851        0.103848
BFGS:   64 00:37:53      -50.325070        0.083965
BFGS:   65 00:37:54      -50.326582        0.078899
BFGS:   66 00:38:00      -50.328016        0.071093
BFGS:   67 00:38:01      -50.331673        0.075543
BFGS:   68 00:38:01      -50.338208        0.102250
BFGS:   69 00:38:01      -50.346807        0.098402
BFGS:   70 00:38:01      -50.352474        0.077871
BFGS:   71 00:38:01      -50.354535        0.076242
BFGS:   72 00:38:02      -50.355475        0.067122
BFGS:   73 00:38:02      -50.356919        0.060346
BFGS:   74 00:38:02      -50.360001        0.085718
BFGS:   75 00:38:02      -50.365052        0.099962
BFGS:   76 00:38:02      -50.370558        0.084682
BFGS:   77 00:38:02      -50.374005        0.049578
BFGS:   78 00:38:02      -50.375018        0.046749
BFGS:   79 00:38:03      -50.375766        0.045052
BFGS:   80 00:38:03      -50.377622        0.049801
BFGS:   81 00:38:03      -50.381434        0.057342
BFGS:   82 00:38:03      -50.388969        0.066181
BFGS:   83 00:38:03      -50.399169        0.073058
BFGS:   84 00:38:04      -50.406772        0.061888
BFGS:   85 00:38:04      -50.408571        0.072785
BFGS:   86 00:38:04      -50.409156        0.072734
BFGS:   87 00:38:04      -50.410356        0.071252
BFGS:   88 00:38:04      -50.413692        0.071540
BFGS:   89 00:38:04      -50.418822        0.095929
BFGS:   90 00:38:05      -50.427656        0.103104
BFGS:   91 00:38:05      -50.432545        0.065517
BFGS:   92 00:38:05      -50.433884        0.057368
BFGS:   93 00:38:05      -50.434729        0.055050
BFGS:   94 00:38:06      -50.435383        0.050407
BFGS:   95 00:38:06      -50.437388        0.047354
BFGS:   96 00:38:06      -50.440816        0.057036
BFGS:   97 00:38:06      -50.445463        0.048252
BFGS:   98 00:38:07      -50.449115        0.053313
BFGS:   99 00:38:07      -50.450521        0.049481
BFGS:  100 00:38:07      -50.451008        0.049084
BFGS:  101 00:38:07      -50.451882        0.050379
BFGS:  102 00:38:07      -50.453592        0.048031
BFGS:  103 00:38:19      -50.457292        0.042295
BFGS:  104 00:38:19      -50.464459        0.061432
BFGS:  105 00:38:26      -50.476711        0.071761
BFGS:  106 00:38:26      -50.486522        0.083172
BFGS:  107 00:38:26      -50.494676        0.106774
BFGS:  108 00:38:26      -50.500965        0.106396
BFGS:  109 00:38:27      -50.506513        0.101115
BFGS:  110 00:38:27      -50.510256        0.097807
BFGS:  111 00:38:27      -50.514803        0.103275
BFGS:  112 00:38:29      -50.523933        0.107602
BFGS:  113 00:38:30      -50.538350        0.085977
BFGS:  114 00:38:30      -50.556378        0.083528
BFGS:  115 00:38:31      -50.567549        0.074758
BFGS:  116 00:38:31      -50.571400        0.055799
BFGS:  117 00:38:31      -50.572950        0.053111
BFGS:  118 00:38:31      -50.573727        0.052565
BFGS:  119 00:38:31      -50.574596        0.053800
BFGS:  120 00:38:31      -50.576894        0.058088
BFGS:  121 00:38:31      -50.581209        0.063049
BFGS:  122 00:38:31      -50.589027        0.065231
BFGS:  123 00:38:31      -50.597281        0.066540
BFGS:  124 00:38:31      -50.607127        0.052776
BFGS:  125 00:38:32      -50.609226        0.047375
BFGS:  126 00:38:32      -50.610245        0.045882
BFGS:  127 00:38:32      -50.610864        0.043851
BFGS:  128 00:38:32      -50.613181        0.045181
BFGS:  129 00:38:32      -50.616066        0.063721
BFGS:  130 00:38:32      -50.623536        0.092835
BFGS:  131 00:38:32      -50.636934        0.116255
BFGS:  132 00:38:32      -50.652633        0.135464
BFGS:  133 00:38:32      -50.664689        0.144867
BFGS:  134 00:38:32      -50.703289        0.216340
BFGS:  135 00:38:32      -50.716450        0.184749
BFGS:  136 00:38:32      -50.735232        0.094773
BFGS:  137 00:38:32      -50.745851        0.109098
BFGS:  138 00:38:32      -50.748415        0.118253
BFGS:  139 00:38:33      -50.750412        0.115051
BFGS:  140 00:38:33      -50.754540        0.108029
BFGS:  141 00:38:33      -50.760217        0.097437
BFGS:  142 00:38:33      -50.768742        0.083180
BFGS:  143 00:38:33      -50.779287        0.073876
BFGS:  144 00:38:33      -50.788145        0.045432
BFGS:  145 00:38:33      -50.792068        0.047836
BFGS:  146 00:38:33      -50.793648        0.046929
BFGS:  147 00:38:33      -50.794521        0.048778
BFGS:  148 00:38:33      -50.795435        0.050562
BFGS:  149 00:38:33      -50.796944        0.051505
BFGS:  150 00:38:33      -50.799609        0.048114
BFGS:  151 00:38:33      -50.803731        0.066861
BFGS:  152 00:38:33      -50.807969        0.063368
BFGS:  153 00:38:33      -50.810646        0.039668
BFGS:  154 00:38:33      -50.811594        0.026545
BFGS:  155 00:38:34      -50.811823        0.024709
BFGS:  156 00:38:34      -50.811981        0.024354
BFGS:  157 00:38:34      -50.812294        0.025223
BFGS:  158 00:38:34      -50.812732        0.027722
BFGS:  159 00:38:34      -50.813616        0.032221
BFGS:  160 00:38:34      -50.815093        0.035903
BFGS:  161 00:38:34      -50.817052        0.037892
BFGS:  162 00:38:34      -50.818742        0.032303
BFGS:  163 00:38:34      -50.819675        0.027532
BFGS:  164 00:38:34      -50.819927        0.026906
BFGS:  165 00:38:34      -50.820131        0.025965
BFGS:  166 00:38:34      -50.820423        0.026176
BFGS:  167 00:38:34      -50.820727        0.028135
BFGS:  168 00:38:34      -50.821201        0.029927
BFGS:  169 00:38:35      -50.822247        0.034762
BFGS:  170 00:38:35      -50.823882        0.039924
BFGS:  171 00:38:35      -50.827253        0.059844
BFGS:  172 00:38:35      -50.832875        0.089849
BFGS:  173 00:38:35      -50.838924        0.110978
BFGS:  174 00:38:35      -50.842585        0.103645
BFGS:  175 00:38:35      -50.845038        0.068064
BFGS:  176 00:38:35      -50.845947        0.051194
BFGS:  177 00:38:35      -50.846537        0.052420
BFGS:  178 00:38:35      -50.847649        0.058593
BFGS:  179 00:38:35      -50.849485        0.075553
BFGS:  180 00:38:35      -50.851585        0.119625
BFGS:  181 00:38:35      -50.854544        0.156731
BFGS:  182 00:38:35      -50.859190        0.202065
BFGS:  183 00:38:35      -50.865046        0.224768
BFGS:  184 00:38:36      -50.871471        0.195974
BFGS:  185 00:38:36      -50.876897        0.114840
BFGS:  186 00:38:36      -50.881244        0.079483
BFGS:  187 00:38:36      -50.883858        0.081470
BFGS:  188 00:38:36      -50.884946        0.069224
BFGS:  189 00:38:36      -50.885698        0.031523
BFGS:  190 00:38:36      -50.885959        0.031664
BFGS:  191 00:38:36      -50.886340        0.026049
BFGS:  192 00:38:36      -50.886635        0.026030
BFGS:  193 00:38:36      -50.886822        0.025553
BFGS:  194 00:38:36      -50.886951        0.025011
BFGS:  195 00:38:36      -50.887128        0.026137
BFGS:  196 00:38:36      -50.887457        0.040718
BFGS:  197 00:38:36      -50.888108        0.058567
BFGS:  198 00:38:37      -50.889253        0.071670
BFGS:  199 00:38:37      -50.890880        0.067904
BFGS:  200 00:38:37      -50.892469        0.077269
BFGS:  201 00:38:37      -50.893434        0.081425
BFGS:  202 00:38:37      -50.894189        0.078163
BFGS:  203 00:38:37      -50.895313        0.070392
BFGS:  204 00:38:37      -50.897124        0.084144
BFGS:  205 00:38:37      -50.899579        0.079491
BFGS:  206 00:38:37      -50.901729        0.057255
BFGS:  207 00:38:37      -50.903057        0.053057
BFGS:  208 00:38:43      -50.904641        0.043065
BFGS:  209 00:38:48      -50.905035        0.079691
BFGS:  210 00:38:48      -50.906478        0.089713
BFGS:  211 00:38:48      -50.908255        0.045965
BFGS:  212 00:38:48      -50.908590        0.034825
BFGS:  213 00:38:48      -50.908957        0.028087
BFGS:  214 00:38:48      -50.909347        0.030591
BFGS:  215 00:38:48      -50.909840        0.038714
BFGS:  216 00:38:48      -50.910437        0.044328
BFGS:  217 00:38:48      -50.911005        0.054125
BFGS:  218 00:38:50      -50.911530        0.060136
BFGS:  219 00:38:50      -50.912091        0.061532
BFGS:  220 00:38:50      -50.912883        0.057457
BFGS:  221 00:38:50      -50.913822        0.056869
BFGS:  222 00:38:50      -50.914860        0.064657
BFGS:  223 00:38:50      -50.916179        0.066493
BFGS:  224 00:38:50      -50.918266        0.063639
BFGS:  225 00:38:50      -50.920407        0.114306
BFGS:  226 00:38:50      -50.922256        0.093631
BFGS:  227 00:38:50      -50.925189        0.099267
BFGS:  228 00:38:50      -50.927545        0.105999
BFGS:  229 00:38:50      -50.931327        0.135320
BFGS:  230 00:38:50      -50.935627        0.156094
BFGS:  231 00:38:50      -50.941087        0.145437
BFGS:  232 00:38:50      -50.945621        0.094522
BFGS:  233 00:38:51      -50.948621        0.065518
BFGS:  234 00:38:51      -50.950790        0.063864
BFGS:  235 00:38:51      -50.951620        0.063476
BFGS:  236 00:38:51      -50.952488        0.056960
BFGS:  237 00:38:51      -50.954124        0.056989
BFGS:  238 00:38:51      -50.956476        0.057806
BFGS:  239 00:38:51      -50.958476        0.053690
BFGS:  240 00:38:51      -50.959226        0.051667
BFGS:  241 00:38:51      -50.959521        0.049037
BFGS:  242 00:38:51      -50.959840        0.044183
BFGS:  243 00:38:51      -50.960526        0.033558
BFGS:  244 00:38:51      -50.961533        0.031246
BFGS:  245 00:38:51      -50.962304        0.026835
BFGS:  246 00:38:52      -50.962792        0.023383
BFGS:  247 00:38:52      -50.962961        0.021911
BFGS:  248 00:38:52      -50.963116        0.020945
BFGS:  249 00:38:52      -50.963337        0.019375
BFGS:  250 00:38:52      -50.963471        0.020277
BFGS:  251 00:38:52      -50.963655        0.019700
BFGS:  252 00:38:52      -50.963807        0.018664
BFGS:  253 00:38:52      -50.964054        0.016800
BFGS:  254 00:38:52      -50.964342        0.022938
BFGS:  255 00:38:52      -50.964557        0.020771
BFGS:  256 00:38:52      -50.964671        0.021021
BFGS:  257 00:38:52      -50.964755        0.020405
BFGS:  258 00:38:52      -50.964868        0.020276
BFGS:  259 00:38:53      -50.965056        0.025218
BFGS:  260 00:38:53      -50.965383        0.038864
BFGS:  261 00:38:53      -50.965855        0.043483
BFGS:  262 00:38:53      -50.966321        0.032216
BFGS:  263 00:38:53      -50.966581        0.017203
BFGS:  264 00:38:53      -50.966689        0.015358
BFGS:  265 00:38:53      -50.966750        0.014393
BFGS:  266 00:38:53      -50.966807        0.014413
BFGS:  267 00:38:53      -50.966879        0.014716
BFGS:  268 00:38:53      -50.966994        0.016416
BFGS:  269 00:38:53      -50.967219        0.028479
BFGS:  270 00:38:54      -50.967607        0.041290
BFGS:  271 00:38:54      -50.968202        0.046494
BFGS:  272 00:38:54      -50.968804        0.037424
BFGS:  273 00:38:54      -50.969119        0.025472
BFGS:  274 00:38:54      -50.969200        0.029570
BFGS:  275 00:38:54      -50.969352        0.026788
BFGS:  276 00:38:54      -50.969582        0.024622
BFGS:  277 00:38:55      -50.970315        0.043061
BFGS:  278 00:38:55      -50.971717        0.065298
BFGS:  279 00:38:55      -50.975010        0.112770
BFGS:  280 00:38:55      -50.978950        0.114050
BFGS:  281 00:38:55      -50.984313        0.118271
BFGS:  282 00:38:55      -50.988869        0.114066
BFGS:  283 00:38:55      -50.996029        0.106251
BFGS:  284 00:38:55      -51.000776        0.105066
BFGS:  285 00:38:55      -51.002959        0.091211
BFGS:  286 00:38:55      -51.004370        0.080725
BFGS:  287 00:38:55      -51.006604        0.063894
BFGS:  288 00:38:59      -51.008445        0.075048
BFGS:  289 00:39:00      -51.012846        0.106595
BFGS:  290 00:39:00      -51.016751        0.076619
BFGS:  291 00:39:00      -51.019139        0.040487
BFGS:  292 00:39:00      -51.020778        0.041059
BFGS:  293 00:39:07      -51.022404        0.040731
BFGS:  294 00:39:12      -51.023493        0.042521
BFGS:  295 00:39:12      -51.025113        0.044567
BFGS:  296 00:39:12      -51.025029        0.045456
BFGS:  297 00:39:12      -51.026658        0.038864
BFGS:  298 00:39:12      -51.027374        0.038054
BFGS:  299 00:39:13      -51.027878        0.038125
BFGS:  300 00:39:13      -51.029321        0.045346
BFGS:  301 00:39:13      -51.030921        0.065096
BFGS:  302 00:39:13      -51.032787        0.075805
BFGS:  303 00:39:13      -51.034108        0.037816
BFGS:  304 00:39:25      -51.034707        0.029418
BFGS:  305 00:39:25      -51.034884        0.029219
BFGS:  306 00:39:25      -51.035051        0.029068
BFGS:  307 00:39:25      -51.035351        0.028444
BFGS:  308 00:39:25      -51.035915        0.027393
BFGS:  309 00:39:25      -51.036967        0.025057
BFGS:  310 00:39:25      -51.038450        0.023613
BFGS:  311 00:39:25      -51.039752        0.021183
BFGS:  312 00:39:25      -51.040380        0.019284
BFGS:  313 00:39:26      -51.040546        0.019855
BFGS:  314 00:39:26      -51.040627        0.020131
BFGS:  315 00:39:33      -51.040762        0.020204
BFGS:  316 00:39:33      -51.040983        0.020008
BFGS:  317 00:39:34      -51.041425        0.023344
BFGS:  318 00:39:35      -51.042217        0.030666
BFGS:  319 00:39:35      -51.043328        0.032701
BFGS:  320 00:39:35      -51.044230        0.021690
BFGS:  321 00:39:35      -51.044566        0.015027
BFGS:  322 00:39:35      -51.044639        0.014695
BFGS:  323 00:39:39      -51.044671        0.014616
BFGS:  324 00:39:39      -51.044703        0.014891
BFGS:  325 00:39:39      -51.044741        0.015366
BFGS:  326 00:39:40      -51.044807        0.015875
BFGS:  327 00:39:40      -51.044925        0.016767
BFGS:  328 00:39:40      -51.045127        0.019762
BFGS:  329 00:39:40      -51.045381        0.017750
BFGS:  330 00:39:41      -51.045563        0.010977
BFGS:  331 00:39:41      -51.045623        0.010617
BFGS:  332 00:39:41      -51.045639        0.009935
BFGS:  333 00:39:41      -51.045657        0.009723
BFGS:  334 00:39:41      -51.045693        0.009833
BFGS:  335 00:39:41      -51.045766        0.009807
BFGS:  336 00:39:42      -51.045909        0.012939
BFGS:  337 00:39:42      -51.046132        0.016662
BFGS:  338 00:39:42      -51.046358        0.015062
BFGS:  339 00:39:42      -51.046474        0.011672
BFGS:  340 00:39:42      -51.046509        0.012371
BFGS:  341 00:39:42      -51.046525        0.012419
BFGS:  342 00:39:42      -51.046553        0.012154
BFGS:  343 00:39:42      -51.046612        0.011545
BFGS:  344 00:39:42      -51.046740        0.014911
BFGS:  345 00:39:42      -51.046968        0.019664
BFGS:  346 00:39:42      -51.047204        0.016939
BFGS:  347 00:39:42      -51.047339        0.006750
BFGS:  348 00:39:42      -51.047382        0.005658
BFGS:  349 00:39:42      -51.047394        0.005818
BFGS:  350 00:39:42      -51.047432        0.007218
BFGS:  351 00:39:42      -51.047397        0.009407
BFGS:  352 00:39:42      -51.047469        0.006438
BFGS:  353 00:39:42      -51.047485        0.006432
BFGS:  354 00:39:43      -51.047501        0.006403
BFGS:  355 00:39:43      -51.047503        0.006389
BFGS:  356 00:39:43      -51.047530        0.006243
BFGS:  357 00:39:43      -51.047564        0.006066
BFGS:  358 00:39:43      -51.047614        0.006987
BFGS:  359 00:39:43      -51.047656        0.005747
BFGS:  360 00:39:43      -51.047687        0.005866
BFGS:  361 00:39:43      -51.047692        0.006208
BFGS:  362 00:39:43      -51.047694        0.006196
BFGS:  363 00:39:43      -51.047696        0.006180
BFGS:  364 00:39:43      -51.047700        0.006182
BFGS:  365 00:39:43      -51.047711        0.006188
BFGS:  366 00:39:43      -51.047730        0.006220
BFGS:  367 00:39:43      -51.047750        0.006276
BFGS:  368 00:39:43      -51.047760        0.006325
BFGS:  369 00:39:43      -51.047763        0.006340
BFGS:  370 00:39:43      -51.047763        0.006334
BFGS:  371 00:39:45      -51.047765        0.006330
BFGS:  372 00:39:58      -51.047767        0.006326
BFGS:  373 00:40:03      -51.047775        0.006341
BFGS:  374 00:40:03      -51.047790        0.006403
BFGS:  375 00:40:03      -51.047820        0.006590
BFGS:  376 00:40:03      -51.047854        0.006925
BFGS:  377 00:40:03      -51.047875        0.007227
BFGS:  378 00:40:03      -51.047881        0.007315
BFGS:  379 00:40:07      -51.047883        0.007320
BFGS:  380 00:40:07      -51.047887        0.007324
BFGS:  381 00:40:07      -51.047897        0.007361
BFGS:  382 00:40:08      -51.047917        0.007483
BFGS:  383 00:40:08      -51.047951        0.007767
BFGS:  384 00:40:08      -51.047986        0.008158
BFGS:  385 00:40:08      -51.048001        0.008384
BFGS:  386 00:40:08      -51.048004        0.008391
BFGS:  387 00:40:08      -51.048005        0.008366
BFGS:  388 00:40:16      -51.048007        0.008321
BFGS:  389 00:40:16      -51.048011        0.008248
BFGS:  390 00:40:16      -51.048021        0.008131
BFGS:  391 00:40:16      -51.048040        0.007985
BFGS:  392 00:40:17      -51.048067        0.007891
BFGS:  393 00:40:17      -51.048086        0.007952
BFGS:  394 00:40:17      -51.048092        0.008079
BFGS:  395 00:40:17      -51.048094        0.008140
BFGS:  396 00:40:17      -51.048096        0.008177
BFGS:  397 00:40:17      -51.048100        0.008221
BFGS:  398 00:40:17      -51.048110        0.008235
BFGS:  399 00:40:17      -51.048136        0.008127
BFGS:  400 00:40:17      -51.048191        0.007673
BFGS:  401 00:40:23      -51.048284        0.009198
BFGS:  402 00:40:32      -51.048379        0.007566
BFGS:  403 00:40:32      -51.048422        0.004191
BFGS:  404 00:40:32      -51.048431        0.004117
BFGS:  405 00:40:32      -51.048433        0.004161
BFGS:  406 00:40:44      -51.048437        0.004217
BFGS:  407 00:40:44      -51.048447        0.004236
BFGS:  408 00:40:44      -51.048471        0.004137
BFGS:  409 00:40:44      -51.048521        0.004224
BFGS:  410 00:40:45      -51.048593        0.004844
BFGS:  411 00:40:45      -51.048649        0.003588
BFGS:  412 00:40:45      -51.048666        0.001521
BFGS:  413 00:40:45      -51.048668        0.001566
BFGS:  414 00:40:45      -51.048668        0.001557
BFGS:  415 00:40:45      -51.048668        0.001541
BFGS:  416 00:40:45      -51.048675        0.001512
BFGS:  417 00:40:52      -51.048684        0.002116
BFGS:  418 00:40:53      -51.048708        0.003161
BFGS:  419 00:40:53      -51.048739        0.003450
BFGS:  420 00:40:53      -51.048765        0.002244
BFGS:  421 00:40:53      -51.048774        0.001556
BFGS:  422 00:40:53      -51.048775        0.001380
BFGS:  423 00:40:53      -51.048776        0.001313
BFGS:  424 00:40:53      -51.048777        0.001293
BFGS:  425 00:40:53      -51.048779        0.001423
BFGS:  426 00:40:53      -51.048784        0.001599
BFGS:  427 00:40:53      -51.048794        0.001801
BFGS:  428 00:40:53      -51.048810        0.001706
BFGS:  429 00:40:53      -51.048823        0.001623
BFGS:  430 00:40:56      -51.048828        0.001315
BFGS:  431 00:41:00      -51.048828        0.001071
BFGS:  432 00:41:00      -51.048828        0.001000
BFGS:  433 00:41:00      -51.048829        0.000930
