      Step     Time          Energy          fmax
BFGS:    0 13:55:47      -48.132989       11.352044
BFGS:    1 13:55:48      -71.571327        4.808931
BFGS:    2 13:55:48      -83.026943        2.746107
BFGS:    3 13:55:48      -91.415472        1.675243
BFGS:    4 13:55:48      -95.207496        1.261969
BFGS:    5 13:55:48      -96.713942        1.031090
BFGS:    6 13:55:48      -97.375661        0.949919
BFGS:    7 13:55:48      -98.101465        0.946757
BFGS:    8 13:55:48      -99.253903        0.839905
BFGS:    9 13:55:48     -100.428038        0.724129
BFGS:   10 13:55:48     -100.858367        0.545209
BFGS:   11 13:55:48     -100.964401        0.528719
BFGS:   12 13:55:48     -101.173552        0.511208
BFGS:   13 13:55:48     -101.452712        0.448563
BFGS:   14 13:55:48     -101.726076        0.350733
BFGS:   15 13:55:49     -101.854695        0.343240
BFGS:   16 13:55:49     -101.907000        0.325405
BFGS:   17 13:55:49     -101.968968        0.318255
BFGS:   18 13:55:49     -102.066103        0.312796
BFGS:   19 13:55:49     -102.183422        0.232060
BFGS:   20 13:55:49     -102.268424        0.153621
BFGS:   21 13:55:49     -102.310423        0.166279
BFGS:   22 13:55:49     -102.331869        0.167104
BFGS:   23 13:55:49     -102.340303        0.161009
BFGS:   24 13:55:49     -102.345293        0.152561
BFGS:   25 13:55:49     -102.352827        0.137440
BFGS:   26 13:55:49     -102.363966        0.117041
BFGS:   27 13:55:49     -102.382360        0.088501
BFGS:   28 13:55:49     -102.402803        0.077150
BFGS:   29 13:55:49     -102.416711        0.077255
BFGS:   30 13:55:50     -102.421419        0.073701
BFGS:   31 13:55:50     -102.423511        0.080965
BFGS:   32 13:55:50     -102.427061        0.087276
BFGS:   33 13:55:50     -102.434775        0.091144
BFGS:   34 13:55:50     -102.448114        0.084665
BFGS:   35 13:55:50     -102.462151        0.069935
BFGS:   36 13:55:50     -102.469466        0.054870
BFGS:   37 13:55:50     -102.471334        0.046941
BFGS:   38 13:55:50     -102.472368        0.041922
BFGS:   39 13:55:50     -102.474599        0.037940
BFGS:   40 13:55:50     -102.478539        0.034428
BFGS:   41 13:55:50     -102.483992        0.033096
BFGS:   42 13:55:50     -102.487617        0.036854
BFGS:   43 13:55:50     -102.488808        0.041541
BFGS:   44 13:55:51     -102.489297        0.043821
BFGS:   45 13:55:51     -102.489952        0.045421
BFGS:   46 13:55:51     -102.491611        0.047347
BFGS:   47 13:55:51     -102.494820        0.048320
BFGS:   48 13:55:51     -102.499450        0.046130
BFGS:   49 13:55:51     -102.502920        0.040454
BFGS:   50 13:55:51     -102.504064        0.035788
BFGS:   51 13:55:51     -102.504291        0.034186
BFGS:   52 13:55:51     -102.504475        0.033265
BFGS:   53 13:55:51     -102.505026        0.031265
BFGS:   54 13:55:51     -102.506251        0.028869
BFGS:   55 13:55:51     -102.508934        0.029355
BFGS:   56 13:55:51     -102.513027        0.033888
BFGS:   57 13:55:51     -102.516389        0.029747
BFGS:   58 13:55:51     -102.517712        0.027989
BFGS:   59 13:55:52     -102.517968        0.026779
BFGS:   60 13:55:52     -102.518062        0.026370
BFGS:   61 13:55:52     -102.518350        0.025565
BFGS:   62 13:55:52     -102.518969        0.024538
BFGS:   63 13:55:52     -102.520421        0.023217
BFGS:   64 13:55:52     -102.523030        0.046346
BFGS:   65 13:55:52     -102.526263        0.074674
BFGS:   66 13:55:52     -102.528637        0.085149
BFGS:   67 13:55:52     -102.530113        0.075411
BFGS:   68 13:55:52     -102.531244        0.054807
BFGS:   69 13:55:52     -102.532494        0.028068
BFGS:   70 13:55:52     -102.533565        0.026928
BFGS:   71 13:55:52     -102.534048        0.025685
BFGS:   72 13:55:52     -102.534222        0.025139
BFGS:   73 13:55:53     -102.534419        0.024769
BFGS:   74 13:55:53     -102.534928        0.024190
BFGS:   75 13:55:53     -102.536095        0.027006
BFGS:   76 13:55:53     -102.538587        0.030434
BFGS:   77 13:55:53     -102.542540        0.044529
BFGS:   78 13:55:53     -102.546117        0.048028
BFGS:   79 13:55:53     -102.548117        0.038996
BFGS:   80 13:55:53     -102.548663        0.030906
BFGS:   81 13:55:53     -102.549015        0.027158
BFGS:   82 13:55:53     -102.549544        0.026520
BFGS:   83 13:55:53     -102.550265        0.025519
BFGS:   84 13:55:53     -102.550895        0.029274
BFGS:   85 13:55:53     -102.551293        0.034770
BFGS:   86 13:55:53     -102.551642        0.033839
BFGS:   87 13:55:54     -102.552213        0.028587
BFGS:   88 13:55:54     -102.553228        0.027142
BFGS:   89 13:55:54     -102.554616        0.025428
BFGS:   90 13:55:54     -102.555736        0.025173
BFGS:   91 13:55:54     -102.556233        0.028122
BFGS:   92 13:55:54     -102.556559        0.027133
BFGS:   93 13:55:54     -102.557176        0.023680
BFGS:   94 13:55:54     -102.558413        0.020764
BFGS:   95 13:55:54     -102.560549        0.019831
BFGS:   96 13:55:54     -102.562810        0.019067
BFGS:   97 13:55:54     -102.563847        0.017553
BFGS:   98 13:55:54     -102.564014        0.017260
BFGS:   99 13:55:54     -102.564049        0.017224
BFGS:  100 13:55:54     -102.564097        0.017178
BFGS:  101 13:55:54     -102.564183        0.017012
BFGS:  102 13:55:55     -102.564289        0.016772
BFGS:  103 13:55:55     -102.564387        0.017956
BFGS:  104 13:55:55     -102.564474        0.021455
BFGS:  105 13:55:55     -102.564593        0.022884
BFGS:  106 13:55:55     -102.564833        0.023054
BFGS:  107 13:55:55     -102.565312        0.021727
BFGS:  108 13:55:55     -102.566079        0.021372
BFGS:  109 13:55:55     -102.566861        0.025810
BFGS:  110 13:55:55     -102.567308        0.022048
BFGS:  111 13:55:55     -102.567531        0.020604
BFGS:  112 13:55:55     -102.567787        0.019971
BFGS:  113 13:55:55     -102.568284        0.022588
BFGS:  114 13:55:55     -102.569079        0.020717
BFGS:  115 13:55:55     -102.569854        0.015296
BFGS:  116 13:55:56     -102.570192        0.009544
BFGS:  117 13:55:56     -102.570257        0.006988
BFGS:  118 13:55:56     -102.570277        0.006778
BFGS:  119 13:55:56     -102.570316        0.007230
BFGS:  120 13:55:56     -102.570404        0.008479
BFGS:  121 13:55:56     -102.570598        0.010457
BFGS:  122 13:55:56     -102.570952        0.011698
BFGS:  123 13:55:56     -102.571389        0.010003
BFGS:  124 13:55:56     -102.571679        0.010101
BFGS:  125 13:55:56     -102.571778        0.008563
BFGS:  126 13:55:56     -102.571820        0.008386
BFGS:  127 13:55:56     -102.571895        0.008069
BFGS:  128 13:55:56     -102.572044        0.007485
BFGS:  129 13:55:56     -102.572286        0.006673
BFGS:  130 13:55:57     -102.572528        0.009289
BFGS:  131 13:55:57     -102.572649        0.008065
BFGS:  132 13:55:57     -102.572685        0.007767
BFGS:  133 13:55:57     -102.572710        0.007325
BFGS:  134 13:55:57     -102.572763        0.006347
BFGS:  135 13:55:57     -102.572853        0.004930
BFGS:  136 13:55:57     -102.572960        0.004577
BFGS:  137 13:55:57     -102.573018        0.003662
BFGS:  138 13:55:57     -102.573031        0.003519
BFGS:  139 13:55:57     -102.573035        0.003373
BFGS:  140 13:55:57     -102.573041        0.003098
BFGS:  141 13:55:57     -102.573052        0.002472
BFGS:  142 13:55:57     -102.573069        0.002677
BFGS:  143 13:55:57     -102.573083        0.002381
BFGS:  144 13:55:57     -102.573088        0.002102
BFGS:  145 13:55:58     -102.573089        0.002132
BFGS:  146 13:55:58     -102.573090        0.002140
BFGS:  147 13:55:58     -102.573090        0.002143
BFGS:  148 13:55:58     -102.573092        0.002132
BFGS:  149 13:55:58     -102.573094        0.002906
BFGS:  150 13:55:58     -102.573096        0.003954
BFGS:  151 13:55:58     -102.573099        0.004715
BFGS:  152 13:55:58     -102.573102        0.004771
BFGS:  153 13:55:58     -102.573107        0.003840
BFGS:  154 13:55:58     -102.573112        0.001871
BFGS:  155 13:55:58     -102.573116        0.001535
BFGS:  156 13:55:58     -102.573118        0.001535
BFGS:  157 13:55:58     -102.573119        0.001590
BFGS:  158 13:55:58     -102.573121        0.001708
BFGS:  159 13:55:59     -102.573126        0.001920
BFGS:  160 13:55:59     -102.573135        0.002444
BFGS:  161 13:55:59     -102.573147        0.003712
BFGS:  162 13:55:59     -102.573155        0.003833
BFGS:  163 13:55:59     -102.573159        0.003104
BFGS:  164 13:55:59     -102.573161        0.002288
BFGS:  165 13:55:59     -102.573164        0.001855
BFGS:  166 13:55:59     -102.573169        0.001932
BFGS:  167 13:55:59     -102.573174        0.002978
BFGS:  168 13:55:59     -102.573176        0.003103
BFGS:  169 13:55:59     -102.573177        0.002427
BFGS:  170 13:55:59     -102.573178        0.001533
BFGS:  171 13:55:59     -102.573179        0.001251
BFGS:  172 13:55:59     -102.573180        0.001248
BFGS:  173 13:55:59     -102.573181        0.001530
BFGS:  174 13:56:00     -102.573181        0.001519
BFGS:  175 13:56:00     -102.573182        0.001411
BFGS:  176 13:56:00     -102.573184        0.001484
BFGS:  177 13:56:00     -102.573186        0.001355
BFGS:  178 13:56:00     -102.573189        0.001171
BFGS:  179 13:56:00     -102.573191        0.001190
BFGS:  180 13:56:00     -102.573191        0.001207
BFGS:  181 13:56:00     -102.573192        0.001216
BFGS:  182 13:56:00     -102.573192        0.001224
BFGS:  183 13:56:00     -102.573193        0.001225
BFGS:  184 13:56:00     -102.573194        0.001430
BFGS:  185 13:56:00     -102.573195        0.001921
BFGS:  186 13:56:00     -102.573196        0.002036
BFGS:  187 13:56:00     -102.573197        0.001890
BFGS:  188 13:56:01     -102.573199        0.001382
BFGS:  189 13:56:01     -102.573202        0.001640
BFGS:  190 13:56:01     -102.573207        0.001699
BFGS:  191 13:56:01     -102.573209        0.001834
BFGS:  192 13:56:01     -102.573210        0.001753
BFGS:  193 13:56:01     -102.573211        0.001424
BFGS:  194 13:56:01     -102.573212        0.001050
BFGS:  195 13:56:01     -102.573215        0.001169
BFGS:  196 13:56:01     -102.573218        0.002326
BFGS:  197 13:56:01     -102.573221        0.003031
BFGS:  198 13:56:01     -102.573224        0.003019
BFGS:  199 13:56:01     -102.573227        0.002822
BFGS:  200 13:56:01     -102.573233        0.002404
BFGS:  201 13:56:01     -102.573243        0.002076
BFGS:  202 13:56:02     -102.573255        0.001981
BFGS:  203 13:56:02     -102.573262        0.001807
BFGS:  204 13:56:02     -102.573265        0.001629
BFGS:  205 13:56:02     -102.573265        0.001603
BFGS:  206 13:56:02     -102.573266        0.001599
BFGS:  207 13:56:02     -102.573268        0.001613
BFGS:  208 13:56:02     -102.573270        0.001667
BFGS:  209 13:56:02     -102.573274        0.003247
BFGS:  210 13:56:02     -102.573277        0.004594
BFGS:  211 13:56:02     -102.573282        0.005375
BFGS:  212 13:56:02     -102.573287        0.005539
BFGS:  213 13:56:02     -102.573297        0.005129
BFGS:  214 13:56:02     -102.573315        0.004081
BFGS:  215 13:56:02     -102.573338        0.003819
BFGS:  216 13:56:02     -102.573367        0.004652
BFGS:  217 13:56:03     -102.573639        0.011104
BFGS:  218 13:56:03     -102.574693        0.016590
BFGS:  219 13:56:03     -102.574037        0.022223
BFGS:  220 13:56:03     -102.574977        0.016843
BFGS:  221 13:56:03     -102.575094        0.016006
BFGS:  222 13:56:03     -102.575156        0.015700
BFGS:  223 13:56:03     -102.575181        0.014706
BFGS:  224 13:56:03     -102.575341        0.014473
BFGS:  225 13:56:03     -102.575475        0.014789
BFGS:  226 13:56:03     -102.575801        0.026391
BFGS:  227 13:56:03     -102.576273        0.042847
BFGS:  228 13:56:03     -102.577036        0.063348
BFGS:  229 13:56:03     -102.578011        0.080142
BFGS:  230 13:56:03     -102.579179        0.088038
BFGS:  231 13:56:04     -102.580606        0.084413
BFGS:  232 13:56:04     -102.582426        0.070834
BFGS:  233 13:56:04     -102.584288        0.051431
BFGS:  234 13:56:04     -102.586631        0.029486
BFGS:  235 13:56:04     -102.587967        0.020901
BFGS:  236 13:56:04     -102.588556        0.032375
BFGS:  237 13:56:04     -102.589199        0.023999
BFGS:  238 13:56:04     -102.589962        0.021426
BFGS:  239 13:56:04     -102.590227        0.021681
BFGS:  240 13:56:04     -102.590680        0.016840
BFGS:  241 13:56:04     -102.590465        0.018101
BFGS:  242 13:56:04     -102.591271        0.017790
BFGS:  243 13:56:04     -102.591400        0.015082
BFGS:  244 13:56:04     -102.591486        0.013857
BFGS:  245 13:56:05     -102.591603        0.012951
BFGS:  246 13:56:05     -102.591711        0.012746
BFGS:  247 13:56:05     -102.591991        0.013390
BFGS:  248 13:56:05     -102.592375        0.013813
BFGS:  249 13:56:05     -102.592803        0.014653
BFGS:  250 13:56:05     -102.593030        0.013631
BFGS:  251 13:56:05     -102.593098        0.012294
BFGS:  252 13:56:05     -102.593130        0.011436
BFGS:  253 13:56:05     -102.593176        0.010312
BFGS:  254 13:56:05     -102.593246        0.009319
BFGS:  255 13:56:05     -102.593327        0.008665
BFGS:  256 13:56:05     -102.593383        0.010608
BFGS:  257 13:56:05     -102.593405        0.011005
BFGS:  258 13:56:05     -102.593415        0.010719
BFGS:  259 13:56:05     -102.593423        0.010006
BFGS:  260 13:56:06     -102.593436        0.009244
BFGS:  261 13:56:06     -102.593452        0.009115
BFGS:  262 13:56:06     -102.593470        0.010272
BFGS:  263 13:56:06     -102.593483        0.011116
BFGS:  264 13:56:06     -102.593492        0.010782
BFGS:  265 13:56:06     -102.593501        0.009672
BFGS:  266 13:56:06     -102.593515        0.008922
BFGS:  267 13:56:06     -102.593533        0.009111
BFGS:  268 13:56:06     -102.593548        0.009183
BFGS:  269 13:56:06     -102.593556        0.009199
BFGS:  270 13:56:06     -102.593560        0.009341
BFGS:  271 13:56:06     -102.593565        0.009348
BFGS:  272 13:56:06     -102.593574        0.009272
BFGS:  273 13:56:06     -102.593584        0.009142
BFGS:  274 13:56:07     -102.593593        0.009021
BFGS:  275 13:56:07     -102.593596        0.008949
BFGS:  276 13:56:07     -102.593598        0.008925
BFGS:  277 13:56:07     -102.593599        0.008940
BFGS:  278 13:56:07     -102.593602        0.009020
BFGS:  279 13:56:07     -102.593606        0.009216
BFGS:  280 13:56:07     -102.593611        0.009501
BFGS:  281 13:56:07     -102.593614        0.009675
BFGS:  282 13:56:07     -102.593616        0.009657
BFGS:  283 13:56:07     -102.593617        0.009532
BFGS:  284 13:56:07     -102.593620        0.009292
BFGS:  285 13:56:07     -102.593623        0.009013
BFGS:  286 13:56:07     -102.593626        0.008878
BFGS:  287 13:56:07     -102.593628        0.008894
BFGS:  288 13:56:08     -102.593629        0.008959
BFGS:  289 13:56:08     -102.593630        0.009085
BFGS:  290 13:56:08     -102.593633        0.009349
BFGS:  291 13:56:08     -102.593637        0.009758
BFGS:  292 13:56:08     -102.593641        0.010035
BFGS:  293 13:56:08     -102.593643        0.009930
BFGS:  294 13:56:08     -102.593644        0.009679
BFGS:  295 13:56:08     -102.593646        0.009358
BFGS:  296 13:56:08     -102.593648        0.008870
BFGS:  297 13:56:08     -102.593651        0.008323
BFGS:  298 13:56:08     -102.593655        0.008011
BFGS:  299 13:56:08     -102.593657        0.008368
BFGS:  300 13:56:08     -102.593659        0.008428
BFGS:  301 13:56:08     -102.593661        0.008259
BFGS:  302 13:56:08     -102.593664        0.008832
BFGS:  303 13:56:09     -102.593669        0.009538
BFGS:  304 13:56:09     -102.593673        0.009824
BFGS:  305 13:56:09     -102.593675        0.009573
BFGS:  306 13:56:09     -102.593677        0.009186
BFGS:  307 13:56:09     -102.593680        0.008753
BFGS:  308 13:56:09     -102.593687        0.008828
BFGS:  309 13:56:09     -102.593699        0.009228
BFGS:  310 13:56:09     -102.593717        0.010033
BFGS:  311 13:56:09     -102.593736        0.010828
BFGS:  312 13:56:09     -102.593751        0.010984
BFGS:  313 13:56:09     -102.593766        0.010751
BFGS:  314 13:56:09     -102.593789        0.010369
BFGS:  315 13:56:09     -102.593830        0.009637
BFGS:  316 13:56:09     -102.593892        0.010285
BFGS:  317 13:56:10     -102.593967        0.014769
BFGS:  318 13:56:10     -102.594047        0.018887
BFGS:  319 13:56:10     -102.594152        0.022363
BFGS:  320 13:56:10     -102.594304        0.024735
BFGS:  321 13:56:10     -102.594513        0.023221
BFGS:  322 13:56:10     -102.594758        0.018204
BFGS:  323 13:56:10     -102.595099        0.013523
BFGS:  324 13:56:10     -102.595314        0.010696
BFGS:  325 13:56:10     -102.595630        0.014572
BFGS:  326 13:56:10     -102.595793        0.015846
BFGS:  327 13:56:10     -102.595977        0.014776
BFGS:  328 13:56:10     -102.596102        0.015370
BFGS:  329 13:56:10     -102.596348        0.017102
BFGS:  330 13:56:10     -102.597061        0.024043
BFGS:  331 13:56:11     -102.597787        0.032672
BFGS:  332 13:56:11     -102.598428        0.040747
BFGS:  333 13:56:11     -102.599895        0.046648
BFGS:  334 13:56:11     -102.602526        0.056258
BFGS:  335 13:56:11     -102.606075        0.054627
BFGS:  336 13:56:11     -102.607891        0.055094
BFGS:  337 13:56:11     -102.609855        0.057804
BFGS:  338 13:56:11     -102.610723        0.056013
BFGS:  339 13:56:11     -102.612749        0.045526
BFGS:  340 13:56:11     -102.615190        0.038821
BFGS:  341 13:56:11     -102.618390        0.044473
BFGS:  342 13:56:11     -102.621670        0.059926
BFGS:  343 13:56:11     -102.623867        0.067518
BFGS:  344 13:56:11     -102.625198        0.060496
BFGS:  345 13:56:12     -102.626390        0.051623
BFGS:  346 13:56:12     -102.628404        0.047089
BFGS:  347 13:56:12     -102.631079        0.039069
BFGS:  348 13:56:12     -102.633208        0.042668
BFGS:  349 13:56:12     -102.634254        0.046880
BFGS:  350 13:56:12     -102.634823        0.043181
BFGS:  351 13:56:12     -102.635327        0.041597
BFGS:  352 13:56:12     -102.637322        0.043351
BFGS:  353 13:56:12     -102.639401        0.043089
BFGS:  354 13:56:12     -102.641735        0.047423
BFGS:  355 13:56:12     -102.642841        0.051999
BFGS:  356 13:56:12     -102.643383        0.047376
BFGS:  357 13:56:12     -102.643927        0.038532
BFGS:  358 13:56:12     -102.644869        0.029189
BFGS:  359 13:56:12     -102.646082        0.039026
BFGS:  360 13:56:13     -102.647095        0.049319
BFGS:  361 13:56:13     -102.647692        0.051730
BFGS:  362 13:56:13     -102.648193        0.046720
BFGS:  363 13:56:13     -102.649008        0.042748
BFGS:  364 13:56:13     -102.650259        0.043028
BFGS:  365 13:56:13     -102.651502        0.037248
BFGS:  366 13:56:13     -102.652095        0.030755
BFGS:  367 13:56:13     -102.652275        0.026175
BFGS:  368 13:56:13     -102.652372        0.024275
BFGS:  369 13:56:13     -102.652568        0.024228
BFGS:  370 13:56:13     -102.652974        0.026777
BFGS:  371 13:56:13     -102.653469        0.029961
BFGS:  372 13:56:13     -102.653873        0.031320
BFGS:  373 13:56:13     -102.654032        0.031029
BFGS:  374 13:56:14     -102.654089        0.030241
BFGS:  375 13:56:14     -102.654143        0.029421
BFGS:  376 13:56:14     -102.654257        0.028086
BFGS:  377 13:56:14     -102.654491        0.026529
BFGS:  378 13:56:14     -102.654854        0.028773
BFGS:  379 13:56:14     -102.655184        0.028420
BFGS:  380 13:56:14     -102.655330        0.024870
BFGS:  381 13:56:14     -102.655382        0.027302
BFGS:  382 13:56:14     -102.655437        0.029070
BFGS:  383 13:56:14     -102.655562        0.031113
BFGS:  384 13:56:14     -102.655802        0.031921
BFGS:  385 13:56:14     -102.656139        0.029953
BFGS:  386 13:56:14     -102.656394        0.028815
BFGS:  387 13:56:14     -102.656489        0.026943
BFGS:  388 13:56:15     -102.656520        0.026029
BFGS:  389 13:56:15     -102.656562        0.025293
BFGS:  390 13:56:15     -102.656655        0.024724
BFGS:  391 13:56:15     -102.656825        0.026520
BFGS:  392 13:56:15     -102.657026        0.025166
BFGS:  393 13:56:15     -102.657141        0.023033
BFGS:  394 13:56:15     -102.657174        0.023697
BFGS:  395 13:56:15     -102.657187        0.023893
BFGS:  396 13:56:15     -102.657210        0.024115
BFGS:  397 13:56:15     -102.657262        0.024983
BFGS:  398 13:56:15     -102.657347        0.025935
BFGS:  399 13:56:15     -102.657431        0.025974
BFGS:  400 13:56:15     -102.657470        0.025071
BFGS:  401 13:56:15     -102.657480        0.024402
BFGS:  402 13:56:16     -102.657487        0.024014
BFGS:  403 13:56:16     -102.657503        0.023428
BFGS:  404 13:56:16     -102.657531        0.022731
BFGS:  405 13:56:16     -102.657574        0.022137
BFGS:  406 13:56:16     -102.657610        0.022100
BFGS:  407 13:56:16     -102.657625        0.022569
BFGS:  408 13:56:16     -102.657631        0.022981
BFGS:  409 13:56:16     -102.657639        0.023393
BFGS:  410 13:56:16     -102.657654        0.023999
BFGS:  411 13:56:16     -102.657684        0.024660
BFGS:  412 13:56:16     -102.657727        0.024905
BFGS:  413 13:56:16     -102.657760        0.024294
BFGS:  414 13:56:16     -102.657774        0.023454
BFGS:  415 13:56:16     -102.657779        0.022980
BFGS:  416 13:56:16     -102.657786        0.022539
BFGS:  417 13:56:17     -102.657802        0.021915
BFGS:  418 13:56:17     -102.657833        0.021189
BFGS:  419 13:56:17     -102.657881        0.020703
BFGS:  420 13:56:17     -102.657924        0.020936
BFGS:  421 13:56:17     -102.657944        0.021634
BFGS:  422 13:56:17     -102.657952        0.022134
BFGS:  423 13:56:17     -102.657962        0.022572
BFGS:  424 13:56:17     -102.657984        0.023176
BFGS:  425 13:56:17     -102.658027        0.023803
BFGS:  426 13:56:17     -102.658089        0.023947
BFGS:  427 13:56:17     -102.658140        0.023130
BFGS:  428 13:56:17     -102.658161        0.022114
BFGS:  429 13:56:17     -102.658169        0.021579
BFGS:  430 13:56:17     -102.658180        0.021089
BFGS:  431 13:56:18     -102.658206        0.020778
BFGS:  432 13:56:18     -102.658258        0.021058
BFGS:  433 13:56:18     -102.658333        0.020694
BFGS:  434 13:56:18     -102.658395        0.019348
BFGS:  435 13:56:18     -102.658421        0.018641
BFGS:  436 13:56:18     -102.658431        0.018979
BFGS:  437 13:56:18     -102.658444        0.019380
BFGS:  438 13:56:18     -102.658474        0.020088
BFGS:  439 13:56:18     -102.658534        0.021052
BFGS:  440 13:56:18     -102.658624        0.021656
BFGS:  441 13:56:18     -102.658703        0.020991
BFGS:  442 13:56:18     -102.658739        0.019871
BFGS:  443 13:56:18     -102.658756        0.019237
BFGS:  444 13:56:18     -102.658779        0.018672
BFGS:  445 13:56:19     -102.658835        0.017961
BFGS:  446 13:56:19     -102.658958        0.017855
BFGS:  447 13:56:19     -102.659176        0.017737
BFGS:  448 13:56:19     -102.659431        0.015719
BFGS:  449 13:56:19     -102.659588        0.013648
BFGS:  450 13:56:19     -102.659642        0.014239
BFGS:  451 13:56:19     -102.659673        0.014775
BFGS:  452 13:56:19     -102.659740        0.015246
BFGS:  453 13:56:19     -102.659878        0.015216
BFGS:  454 13:56:19     -102.660123        0.015881
BFGS:  455 13:56:19     -102.660400        0.014384
BFGS:  456 13:56:19     -102.660563        0.012442
BFGS:  457 13:56:19     -102.660617        0.012720
BFGS:  458 13:56:19     -102.660653        0.012706
BFGS:  459 13:56:20     -102.660732        0.012459
BFGS:  460 13:56:20     -102.660897        0.011831
BFGS:  461 13:56:20     -102.661202        0.014030
BFGS:  462 13:56:20     -102.661552        0.013380
BFGS:  463 13:56:20     -102.661811        0.015468
BFGS:  464 13:56:20     -102.661939        0.015887
BFGS:  465 13:56:20     -102.662011        0.015504
BFGS:  466 13:56:20     -102.662159        0.015462
BFGS:  467 13:56:20     -102.662472        0.016484
BFGS:  468 13:56:20     -102.663019        0.022406
BFGS:  469 13:56:20     -102.663608        0.027351
BFGS:  470 13:56:20     -102.664789        0.040655
BFGS:  471 13:56:20     -102.666191        0.039207
BFGS:  472 13:56:20     -102.666968        0.039010
BFGS:  473 13:56:20     -102.667337        0.041015
BFGS:  474 13:56:21     -102.667735        0.046163
BFGS:  475 13:56:21     -102.668031        0.053253
BFGS:  476 13:56:21     -102.668598        0.060811
BFGS:  477 13:56:21     -102.669694        0.060664
BFGS:  478 13:56:21     -102.673187        0.049447
BFGS:  479 13:56:21     -102.674994        0.048093
BFGS:  480 13:56:21     -102.675623        0.050883
BFGS:  481 13:56:21     -102.676065        0.053496
BFGS:  482 13:56:21     -102.676467        0.048517
BFGS:  483 13:56:21     -102.677240        0.046732
BFGS:  484 13:56:21     -102.678971        0.046522
BFGS:  485 13:56:21     -102.681306        0.046253
BFGS:  486 13:56:21     -102.683964        0.054748
BFGS:  487 13:56:21     -102.685605        0.064808
BFGS:  488 13:56:22     -102.686327        0.063168
BFGS:  489 13:56:22     -102.686640        0.059306
BFGS:  490 13:56:22     -102.687051        0.057694
BFGS:  491 13:56:22     -102.688067        0.054297
BFGS:  492 13:56:22     -102.690053        0.063224
BFGS:  493 13:56:22     -102.692386        0.060119
BFGS:  494 13:56:22     -102.693955        0.055945
BFGS:  495 13:56:22     -102.694533        0.057363
BFGS:  496 13:56:22     -102.694909        0.053584
BFGS:  497 13:56:22     -102.695337        0.050910
BFGS:  498 13:56:22     -102.696490        0.043092
BFGS:  499 13:56:22     -102.698444        0.042354
BFGS:  500 13:56:22     -102.701175        0.044341
BFGS:  501 13:56:22     -102.703299        0.044087
BFGS:  502 13:56:23     -102.704257        0.044024
BFGS:  503 13:56:23     -102.704644        0.038412
BFGS:  504 13:56:23     -102.704964        0.037292
BFGS:  505 13:56:23     -102.705620        0.034078
BFGS:  506 13:56:23     -102.706675        0.034414
BFGS:  507 13:56:23     -102.708652        0.039057
BFGS:  508 13:56:23     -102.711537        0.038375
BFGS:  509 13:56:23     -102.714190        0.034187
BFGS:  510 13:56:23     -102.715126        0.034245
BFGS:  511 13:56:23     -102.715711        0.030518
BFGS:  512 13:56:23     -102.715980        0.029239
BFGS:  513 13:56:23     -102.716576        0.029645
BFGS:  514 13:56:23     -102.717833        0.030358
BFGS:  515 13:56:23     -102.719869        0.027683
BFGS:  516 13:56:24     -102.722117        0.028918
BFGS:  517 13:56:24     -102.723458        0.025867
BFGS:  518 13:56:24     -102.723954        0.025870
BFGS:  519 13:56:24     -102.724216        0.025933
BFGS:  520 13:56:24     -102.724584        0.027152
BFGS:  521 13:56:24     -102.725506        0.030069
BFGS:  522 13:56:24     -102.726844        0.035519
BFGS:  523 13:56:24     -102.728140        0.029690
BFGS:  524 13:56:24     -102.728836        0.024212
BFGS:  525 13:56:24     -102.729064        0.022696
BFGS:  526 13:56:24     -102.729180        0.022315
BFGS:  527 13:56:24     -102.729352        0.021105
BFGS:  528 13:56:24     -102.729694        0.019575
BFGS:  529 13:56:24     -102.730262        0.016983
BFGS:  530 13:56:25     -102.730861        0.014403
BFGS:  531 13:56:25     -102.731240        0.014290
BFGS:  532 13:56:25     -102.731406        0.015311
BFGS:  533 13:56:25     -102.731481        0.015541
BFGS:  534 13:56:25     -102.731583        0.015255
BFGS:  535 13:56:25     -102.731788        0.014539
BFGS:  536 13:56:25     -102.732271        0.015985
BFGS:  537 13:56:25     -102.733234        0.025816
BFGS:  538 13:56:25     -102.734458        0.037479
BFGS:  539 13:56:25     -102.736675        0.052133
BFGS:  540 13:56:25     -102.738868        0.069630
BFGS:  541 13:56:25     -102.741367        0.084585
BFGS:  542 13:56:25     -102.747815        0.086872
BFGS:  543 13:56:25     -102.752141        0.092704
BFGS:  544 13:56:25     -102.756902        0.071208
BFGS:  545 13:56:26     -102.760928        0.060725
BFGS:  546 13:56:26     -102.765026        0.062038
BFGS:  547 13:56:26     -102.768730        0.073694
BFGS:  548 13:56:26     -102.773113        0.069274
BFGS:  549 13:56:26     -102.778640        0.069751
BFGS:  550 13:56:26     -102.783007        0.072807
BFGS:  551 13:56:26     -102.787419        0.067145
BFGS:  552 13:56:26     -102.793475        0.070139
BFGS:  553 13:56:26     -102.798856        0.076605
BFGS:  554 13:56:26     -102.805733        0.082763
BFGS:  555 13:56:26     -102.816989        0.063459
BFGS:  556 13:56:26     -102.822988        0.063704
BFGS:  557 13:56:26     -102.828651        0.072101
BFGS:  558 13:56:26     -102.833934        0.075017
BFGS:  559 13:56:27     -102.838011        0.075604
BFGS:  560 13:56:27     -102.840906        0.082280
BFGS:  561 13:56:27     -102.843667        0.083304
BFGS:  562 13:56:27     -102.847225        0.085556
BFGS:  563 13:56:27     -102.852162        0.082284
BFGS:  564 13:56:27     -102.859802        0.071765
BFGS:  565 13:56:27     -102.870594        0.069246
BFGS:  566 13:56:27     -102.880852        0.072640
BFGS:  567 13:56:27     -102.887346        0.078248
BFGS:  568 13:56:27     -102.890760        0.079519
BFGS:  569 13:56:27     -102.891454        0.088888
BFGS:  570 13:56:27     -102.894846        0.067256
BFGS:  571 13:56:27     -102.896202        0.074913
BFGS:  572 13:56:27     -102.898545        0.073701
BFGS:  573 13:56:28     -102.906075        0.068959
BFGS:  574 13:56:28     -102.914295        0.070931
BFGS:  575 13:56:28     -102.920052        0.064934
BFGS:  576 13:56:28     -102.926016        0.070965
BFGS:  577 13:56:28     -102.931444        0.090756
BFGS:  578 13:56:28     -102.936372        0.069350
BFGS:  579 13:56:28     -102.939368        0.075644
BFGS:  580 13:56:28     -102.941719        0.072007
BFGS:  581 13:56:28     -102.943956        0.081813
BFGS:  582 13:56:28     -102.947325        0.074648
BFGS:  583 13:56:28     -102.953036        0.077095
BFGS:  584 13:56:28     -102.960608        0.056502
BFGS:  585 13:56:28     -102.967673        0.051254
BFGS:  586 13:56:28     -102.970863        0.052829
BFGS:  587 13:56:29     -102.972538        0.049848
BFGS:  588 13:56:29     -102.973497        0.047712
BFGS:  589 13:56:29     -102.974423        0.046903
BFGS:  590 13:56:29     -102.975667        0.044611
BFGS:  591 13:56:29     -102.978063        0.046604
BFGS:  592 13:56:29     -102.981477        0.045331
BFGS:  593 13:56:29     -102.985317        0.052395
BFGS:  594 13:56:29     -102.987808        0.047562
BFGS:  595 13:56:29     -102.989604        0.042999
BFGS:  596 13:56:29     -102.990479        0.044296
BFGS:  597 13:56:29     -102.991061        0.040238
BFGS:  598 13:56:29     -102.991605        0.037747
BFGS:  599 13:56:29     -102.992489        0.036427
BFGS:  600 13:56:29     -102.993638        0.036335
BFGS:  601 13:56:30     -102.996041        0.036847
BFGS:  602 13:56:30     -102.999693        0.041377
BFGS:  603 13:56:30     -103.003903        0.047461
BFGS:  604 13:56:30     -103.006859        0.049125
BFGS:  605 13:56:30     -103.007959        0.048094
BFGS:  606 13:56:30     -103.008587        0.052362
BFGS:  607 13:56:30     -103.009350        0.053057
BFGS:  608 13:56:30     -103.011489        0.055974
BFGS:  609 13:56:30     -103.014804        0.056818
BFGS:  610 13:56:30     -103.019176        0.061904
BFGS:  611 13:56:30     -103.022744        0.061514
BFGS:  612 13:56:30     -103.024574        0.050326
BFGS:  613 13:56:30     -103.025247        0.041402
BFGS:  614 13:56:30     -103.025786        0.040376
BFGS:  615 13:56:31     -103.026404        0.043226
BFGS:  616 13:56:31     -103.027360        0.045575
BFGS:  617 13:56:31     -103.028847        0.053796
BFGS:  618 13:56:31     -103.031109        0.054336
BFGS:  619 13:56:31     -103.034055        0.053268
BFGS:  620 13:56:31     -103.036674        0.046492
BFGS:  621 13:56:31     -103.038260        0.039952
BFGS:  622 13:56:31     -103.039048        0.040098
BFGS:  623 13:56:31     -103.039551        0.037303
BFGS:  624 13:56:31     -103.039971        0.035656
BFGS:  625 13:56:31     -103.040441        0.034180
BFGS:  626 13:56:31     -103.041331        0.042162
BFGS:  627 13:56:31     -103.042704        0.043460
BFGS:  628 13:56:31     -103.044320        0.033135
BFGS:  629 13:56:31     -103.045442        0.026654
BFGS:  630 13:56:32     -103.045908        0.024296
BFGS:  631 13:56:32     -103.046110        0.023762
BFGS:  632 13:56:32     -103.046344        0.022226
BFGS:  633 13:56:32     -103.046720        0.022720
BFGS:  634 13:56:32     -103.047289        0.026330
BFGS:  635 13:56:32     -103.048145        0.033428
BFGS:  636 13:56:32     -103.049174        0.030515
BFGS:  637 13:56:32     -103.050049        0.023476
BFGS:  638 13:56:32     -103.050541        0.021889
BFGS:  639 13:56:32     -103.050786        0.021747
BFGS:  640 13:56:32     -103.050964        0.021868
BFGS:  641 13:56:32     -103.051166        0.022480
BFGS:  642 13:56:32     -103.051432        0.023835
BFGS:  643 13:56:32     -103.051816        0.023883
BFGS:  644 13:56:33     -103.052354        0.022399
BFGS:  645 13:56:33     -103.052912        0.020199
BFGS:  646 13:56:33     -103.053253        0.017201
BFGS:  647 13:56:33     -103.053376        0.016430
BFGS:  648 13:56:33     -103.053421        0.015570
BFGS:  649 13:56:33     -103.053473        0.014916
BFGS:  650 13:56:33     -103.053579        0.013984
BFGS:  651 13:56:33     -103.053770        0.012861
BFGS:  652 13:56:33     -103.054060        0.015540
BFGS:  653 13:56:33     -103.054342        0.014737
BFGS:  654 13:56:33     -103.054489        0.011344
BFGS:  655 13:56:33     -103.054539        0.011281
BFGS:  656 13:56:33     -103.054571        0.010757
BFGS:  657 13:56:33     -103.054622        0.010403
BFGS:  658 13:56:34     -103.054710        0.010540
BFGS:  659 13:56:34     -103.054855        0.010291
BFGS:  660 13:56:34     -103.055042        0.008786
BFGS:  661 13:56:34     -103.055202        0.008593
BFGS:  662 13:56:34     -103.055287        0.008061
BFGS:  663 13:56:34     -103.055321        0.007614
BFGS:  664 13:56:34     -103.055341        0.007304
BFGS:  665 13:56:34     -103.055367        0.007001
BFGS:  666 13:56:34     -103.055404        0.006264
BFGS:  667 13:56:34     -103.055463        0.007212
BFGS:  668 13:56:34     -103.055552        0.007720
BFGS:  669 13:56:34     -103.055660        0.006432
BFGS:  670 13:56:34     -103.055746        0.006645
BFGS:  671 13:56:34     -103.055789        0.006219
BFGS:  672 13:56:35     -103.055817        0.005851
BFGS:  673 13:56:35     -103.055885        0.007160
BFGS:  674 13:56:35     -103.056181        0.009565
BFGS:  675 13:56:35     -103.056564        0.016960
BFGS:  676 13:56:35     -103.057325        0.022583
BFGS:  677 13:56:35     -103.058380        0.026533
BFGS:  678 13:56:35     -103.059594        0.029062
BFGS:  679 13:56:35     -103.060873        0.031485
BFGS:  680 13:56:35     -103.062176        0.032432
BFGS:  681 13:56:35     -103.063420        0.033668
BFGS:  682 13:56:35     -103.064552        0.034567
BFGS:  683 13:56:35     -103.065495        0.034414
BFGS:  684 13:56:35     -103.066218        0.033587
BFGS:  685 13:56:35     -103.066773        0.035439
BFGS:  686 13:56:36     -103.067185        0.033527
BFGS:  687 13:56:36     -103.067916        0.032289
BFGS:  688 13:56:36     -103.068559        0.029957
BFGS:  689 13:56:36     -103.069798        0.029615
BFGS:  690 13:56:36     -103.071464        0.028094
BFGS:  691 13:56:36     -103.073405        0.024559
BFGS:  692 13:56:36     -103.074993        0.024841
BFGS:  693 13:56:36     -103.075820        0.025060
BFGS:  694 13:56:36     -103.076192        0.025302
BFGS:  695 13:56:36     -103.076409        0.022853
BFGS:  696 13:56:36     -103.076647        0.021751
BFGS:  697 13:56:36     -103.076992        0.020610
BFGS:  698 13:56:36     -103.077515        0.018899
BFGS:  699 13:56:36     -103.078382        0.017804
BFGS:  700 13:56:36     -103.079458        0.016462
BFGS:  701 13:56:37     -103.080286        0.014741
BFGS:  702 13:56:37     -103.080614        0.015601
BFGS:  703 13:56:37     -103.080724        0.014397
BFGS:  704 13:56:37     -103.080799        0.013650
BFGS:  705 13:56:37     -103.080894        0.012090
BFGS:  706 13:56:37     -103.081011        0.011152
BFGS:  707 13:56:37     -103.081169        0.010772
BFGS:  708 13:56:37     -103.081378        0.009959
BFGS:  709 13:56:37     -103.081620        0.009667
BFGS:  710 13:56:37     -103.081829        0.009721
BFGS:  711 13:56:37     -103.081964        0.008777
BFGS:  712 13:56:37     -103.082047        0.009606
BFGS:  713 13:56:37     -103.082102        0.007771
BFGS:  714 13:56:37     -103.082136        0.006869
BFGS:  715 13:56:38     -103.082159        0.006719
BFGS:  716 13:56:38     -103.082179        0.006834
BFGS:  717 13:56:38     -103.082210        0.006192
BFGS:  718 13:56:38     -103.082259        0.005379
BFGS:  719 13:56:38     -103.082329        0.004807
BFGS:  720 13:56:38     -103.082398        0.003880
BFGS:  721 13:56:38     -103.082437        0.003038
BFGS:  722 13:56:38     -103.082451        0.002750
BFGS:  723 13:56:38     -103.082455        0.002511
BFGS:  724 13:56:38     -103.082458        0.002334
BFGS:  725 13:56:38     -103.082461        0.002362
BFGS:  726 13:56:38     -103.082465        0.002288
BFGS:  727 13:56:38     -103.082472        0.002122
BFGS:  728 13:56:38     -103.082483        0.001980
BFGS:  729 13:56:39     -103.082495        0.001923
BFGS:  730 13:56:39     -103.082504        0.001365
BFGS:  731 13:56:39     -103.082507        0.001203
BFGS:  732 13:56:39     -103.082507        0.001250
BFGS:  733 13:56:39     -103.082508        0.001274
BFGS:  734 13:56:39     -103.082508        0.001260
BFGS:  735 13:56:39     -103.082509        0.001229
BFGS:  736 13:56:39     -103.082512        0.001126
BFGS:  737 13:56:39     -103.082515        0.001160
BFGS:  738 13:56:39     -103.082518        0.001050
BFGS:  739 13:56:39     -103.082520        0.000910
