      Step     Time          Energy          fmax
BFGS:    0 13:27:54     -198.158720        0.958913
BFGS:    1 13:27:54     -198.570465        0.870575
BFGS:    2 13:27:54     -200.633157        0.693854
BFGS:    3 13:27:54     -200.693415        0.685106
BFGS:    4 13:27:55     -201.226906        0.589309
BFGS:    5 13:27:55     -201.271717        0.578661
BFGS:    6 13:27:55     -201.486703        0.536867
BFGS:    7 13:27:55     -201.722605        0.544518
BFGS:    8 13:27:55     -201.986466        0.567566
BFGS:    9 13:27:55     -202.268245        0.551973
BFGS:   10 13:27:55     -202.554053        0.508134
BFGS:   11 13:27:55     -202.830092        0.443163
BFGS:   12 13:27:56     -203.083365        0.363508
BFGS:   13 13:27:56     -203.301676        0.342403
BFGS:   14 13:27:56     -203.474085        0.330253
BFGS:   15 13:27:56     -203.593543        0.325076
BFGS:   16 13:27:56     -203.657341        0.326031
BFGS:   17 13:27:56     -203.802200        0.331454
BFGS:   18 13:27:56     -204.016511        0.367342
BFGS:   19 13:27:56     -204.237026        0.329135
BFGS:   20 13:27:56     -204.437667        0.253640
BFGS:   21 13:27:57     -204.568314        0.214231
BFGS:   22 13:27:57     -204.594360        0.201063
BFGS:   23 13:27:57     -204.606410        0.193168
BFGS:   24 13:27:57     -204.617428        0.185690
BFGS:   25 13:27:57     -204.637390        0.173285
BFGS:   26 13:27:57     -204.673594        0.153544
BFGS:   27 13:27:57     -204.721453        0.132556
BFGS:   28 13:27:57     -204.778017        0.112142
BFGS:   29 13:27:58     -204.833674        0.096677
BFGS:   30 13:27:58     -204.847296        0.091541
BFGS:   31 13:27:58     -204.856427        0.093124
BFGS:   32 13:27:58     -204.864121        0.088507
BFGS:   33 13:27:58     -204.880140        0.077063
BFGS:   34 13:27:58     -204.902659        0.063881
BFGS:   35 13:27:58     -204.924534        0.048058
BFGS:   36 13:27:58     -204.933340        0.038899
BFGS:   37 13:27:59     -204.935036        0.040803
BFGS:   38 13:27:59     -204.935498        0.041796
BFGS:   39 13:27:59     -204.936223        0.042730
BFGS:   40 13:27:59     -204.937833        0.043612
BFGS:   41 13:27:59     -204.941307        0.043835
BFGS:   42 13:27:59     -204.947745        0.043450
BFGS:   43 13:27:59     -204.956239        0.041546
BFGS:   44 13:27:59     -204.962181        0.039586
BFGS:   45 13:28:00     -204.964342        0.040428
BFGS:   46 13:28:00     -204.965364        0.038475
BFGS:   47 13:28:00     -204.967018        0.034936
BFGS:   48 13:28:00     -204.970846        0.028342
BFGS:   49 13:28:00     -204.977942        0.037253
BFGS:   50 13:28:00     -204.987070        0.038846
BFGS:   51 13:28:00     -204.992832        0.037160
BFGS:   52 13:28:00     -204.994460        0.037012
BFGS:   53 13:28:00     -204.994795        0.036262
BFGS:   54 13:28:01     -204.995081        0.035676
BFGS:   55 13:28:01     -204.996127        0.034165
BFGS:   56 13:28:01     -204.998191        0.032138
BFGS:   57 13:28:01     -205.002253        0.029439
BFGS:   58 13:28:01     -205.006978        0.027847
BFGS:   59 13:28:01     -205.009691        0.028772
BFGS:   60 13:28:01     -205.010468        0.030296
BFGS:   61 13:28:01     -205.010728        0.031053
BFGS:   62 13:28:02     -205.011142        0.031815
BFGS:   63 13:28:02     -205.012020        0.032595
BFGS:   64 13:28:02     -205.013366        0.032675
BFGS:   65 13:28:02     -205.014883        0.049134
BFGS:   66 13:28:02     -205.016237        0.060000
BFGS:   67 13:28:02     -205.017794        0.061555
BFGS:   68 13:28:02     -205.020420        0.054359
BFGS:   69 13:28:02     -205.024828        0.035670
BFGS:   70 13:28:03     -205.030068        0.028936
BFGS:   71 13:28:03     -205.033284        0.027028
BFGS:   72 13:28:03     -205.034060        0.029159
BFGS:   73 13:28:03     -205.034225        0.029704
BFGS:   74 13:28:03     -205.034459        0.030170
BFGS:   75 13:28:03     -205.034985        0.030796
BFGS:   76 13:28:03     -205.035967        0.031498
BFGS:   77 13:28:03     -205.037332        0.031936
BFGS:   78 13:28:04     -205.038549        0.037933
BFGS:   79 13:28:04     -205.039358        0.037189
BFGS:   80 13:28:04     -205.040105        0.031900
BFGS:   81 13:28:04     -205.041308        0.030421
BFGS:   82 13:28:04     -205.043034        0.030445
BFGS:   83 13:28:04     -205.044714        0.031277
BFGS:   84 13:28:04     -205.045855        0.035641
BFGS:   85 13:28:04     -205.046844        0.036846
BFGS:   86 13:28:05     -205.048543        0.036660
BFGS:   87 13:28:05     -205.052180        0.038018
BFGS:   88 13:28:05     -205.058921        0.044496
BFGS:   89 13:28:05     -205.064965        0.043246
BFGS:   90 13:28:05     -205.070375        0.035625
BFGS:   91 13:28:05     -205.074330        0.027598
BFGS:   92 13:28:05     -205.075920        0.025543
BFGS:   93 13:28:05     -205.076340        0.025131
BFGS:   94 13:28:05     -205.078146        0.023755
BFGS:   95 13:28:06     -205.080132        0.028867
BFGS:   96 13:28:06     -205.083062        0.044700
BFGS:   97 13:28:06     -205.085366        0.052604
BFGS:   98 13:28:06     -205.087370        0.052804
BFGS:   99 13:28:06     -205.089908        0.047853
BFGS:  100 13:28:06     -205.094225        0.040922
BFGS:  101 13:28:06     -205.099917        0.045816
BFGS:  102 13:28:06     -205.104529        0.057144
BFGS:  103 13:28:07     -205.106715        0.056517
BFGS:  104 13:28:07     -205.107764        0.049247
BFGS:  105 13:28:07     -205.109079        0.038246
BFGS:  106 13:28:07     -205.111238        0.023125
BFGS:  107 13:28:07     -205.113330        0.024392
BFGS:  108 13:28:07     -205.114268        0.025599
BFGS:  109 13:28:07     -205.114455        0.025849
BFGS:  110 13:28:07     -205.114501        0.025780
BFGS:  111 13:28:08     -205.114577        0.025601
BFGS:  112 13:28:08     -205.114765        0.025193
BFGS:  113 13:28:08     -205.115213        0.024368
BFGS:  114 13:28:08     -205.116213        0.022840
BFGS:  115 13:28:08     -205.118052        0.020844
BFGS:  116 13:28:08     -205.120355        0.026695
BFGS:  117 13:28:08     -205.121897        0.025037
BFGS:  118 13:28:08     -205.122613        0.024473
BFGS:  119 13:28:09     -205.123292        0.024046
BFGS:  120 13:28:09     -205.124535        0.024614
BFGS:  121 13:28:09     -205.126735        0.022407
BFGS:  122 13:28:09     -205.129447        0.018769
BFGS:  123 13:28:09     -205.131182        0.016346
BFGS:  124 13:28:09     -205.131649        0.015693
BFGS:  125 13:28:09     -205.131782        0.015179
BFGS:  126 13:28:09     -205.131997        0.014426
BFGS:  127 13:28:10     -205.132504        0.013108
BFGS:  128 13:28:10     -205.133623        0.015662
BFGS:  129 13:28:10     -205.135608        0.024263
BFGS:  130 13:28:10     -205.137919        0.026972
BFGS:  131 13:28:10     -205.139389        0.021550
BFGS:  132 13:28:10     -205.139953        0.018794
BFGS:  133 13:28:10     -205.140276        0.017745
BFGS:  134 13:28:10     -205.140905        0.014414
BFGS:  135 13:28:11     -205.142088        0.013869
BFGS:  136 13:28:11     -205.143729        0.017974
BFGS:  137 13:28:11     -205.144935        0.021376
BFGS:  138 13:28:11     -205.145371        0.020735
BFGS:  139 13:28:11     -205.145522        0.016432
BFGS:  140 13:28:11     -205.145650        0.013091
BFGS:  141 13:28:11     -205.145923        0.010848
BFGS:  142 13:28:11     -205.146219        0.016016
BFGS:  143 13:28:11     -205.146453        0.022256
BFGS:  144 13:28:12     -205.146602        0.022531
BFGS:  145 13:28:12     -205.146743        0.018467
BFGS:  146 13:28:12     -205.146891        0.012322
BFGS:  147 13:28:12     -205.147012        0.012202
BFGS:  148 13:28:12     -205.147074        0.011731
BFGS:  149 13:28:12     -205.147099        0.011593
BFGS:  150 13:28:12     -205.147120        0.011530
BFGS:  151 13:28:12     -205.147176        0.011363
BFGS:  152 13:28:13     -205.147295        0.011156
BFGS:  153 13:28:13     -205.147506        0.011997
BFGS:  154 13:28:13     -205.147742        0.015579
BFGS:  155 13:28:13     -205.147899        0.013980
BFGS:  156 13:28:13     -205.147988        0.011236
BFGS:  157 13:28:13     -205.148067        0.011558
BFGS:  158 13:28:13     -205.148189        0.011792
BFGS:  159 13:28:13     -205.148367        0.013118
BFGS:  160 13:28:14     -205.148571        0.021265
BFGS:  161 13:28:14     -205.148769        0.024606
BFGS:  162 13:28:14     -205.149031        0.026626
BFGS:  163 13:28:14     -205.149518        0.025851
BFGS:  164 13:28:14     -205.150431        0.025898
BFGS:  165 13:28:14     -205.151672        0.028932
BFGS:  166 13:28:14     -205.152562        0.024697
BFGS:  167 13:28:14     -205.153007        0.019541
BFGS:  168 13:28:15     -205.153234        0.017884
BFGS:  169 13:28:15     -205.153462        0.013198
BFGS:  170 13:28:15     -205.153794        0.010232
BFGS:  171 13:28:15     -205.154143        0.011899
BFGS:  172 13:28:15     -205.154436        0.020206
BFGS:  173 13:28:15     -205.154747        0.025898
BFGS:  174 13:28:15     -205.155177        0.028997
BFGS:  175 13:28:15     -205.155602        0.025227
BFGS:  176 13:28:16     -205.155898        0.022237
BFGS:  177 13:28:16     -205.156251        0.017292
BFGS:  178 13:28:16     -205.156514        0.011407
BFGS:  179 13:28:16     -205.156725        0.008783
BFGS:  180 13:28:16     -205.156811        0.008298
BFGS:  181 13:28:16     -205.156831        0.008158
BFGS:  182 13:28:16     -205.156846        0.008117
BFGS:  183 13:28:16     -205.156886        0.008078
BFGS:  184 13:28:17     -205.156949        0.008568
BFGS:  185 13:28:17     -205.157031        0.013035
BFGS:  186 13:28:17     -205.157097        0.013686
BFGS:  187 13:28:17     -205.157147        0.012216
BFGS:  188 13:28:17     -205.157205        0.011736
BFGS:  189 13:28:17     -205.157293        0.008718
BFGS:  190 13:28:17     -205.157386        0.008560
BFGS:  191 13:28:17     -205.157440        0.008426
BFGS:  192 13:28:18     -205.157459        0.008348
BFGS:  193 13:28:18     -205.157472        0.008302
BFGS:  194 13:28:18     -205.157499        0.008248
BFGS:  195 13:28:18     -205.157550        0.008187
BFGS:  196 13:28:18     -205.157631        0.009666
BFGS:  197 13:28:18     -205.157724        0.014798
BFGS:  198 13:28:18     -205.157811        0.016839
BFGS:  199 13:28:18     -205.157913        0.016048
BFGS:  200 13:28:18     -205.158092        0.016560
BFGS:  201 13:28:19     -205.158422        0.017255
BFGS:  202 13:28:19     -205.158912        0.022374
BFGS:  203 13:28:19     -205.159392        0.025972
BFGS:  204 13:28:19     -205.159720        0.029883
BFGS:  205 13:28:19     -205.159994        0.028735
BFGS:  206 13:28:19     -205.160377        0.022998
BFGS:  207 13:28:19     -205.160891        0.019863
BFGS:  208 13:28:19     -205.161338        0.018012
BFGS:  209 13:28:20     -205.161572        0.018383
BFGS:  210 13:28:20     -205.161708        0.015722
BFGS:  211 13:28:20     -205.161903        0.012426
BFGS:  212 13:28:20     -205.162261        0.013604
BFGS:  213 13:28:20     -205.162780        0.015732
BFGS:  214 13:28:20     -205.163255        0.024455
BFGS:  215 13:28:20     -205.163548        0.029394
BFGS:  216 13:28:20     -205.163863        0.030314
BFGS:  217 13:28:21     -205.164452        0.027786
BFGS:  218 13:28:21     -205.165520        0.033424
BFGS:  219 13:28:21     -205.167060        0.033644
BFGS:  220 13:28:21     -205.168357        0.026445
BFGS:  221 13:28:21     -205.168983        0.027836
BFGS:  222 13:28:21     -205.169227        0.026264
BFGS:  223 13:28:21     -205.169565        0.022641
BFGS:  224 13:28:21     -205.170160        0.017159
BFGS:  225 13:28:22     -205.171518        0.020806
BFGS:  226 13:28:22     -205.172377        0.031747
BFGS:  227 13:28:22     -205.173128        0.038005
BFGS:  228 13:28:22     -205.173655        0.039071
BFGS:  229 13:28:22     -205.174275        0.038813
BFGS:  230 13:28:22     -205.174943        0.039012
BFGS:  231 13:28:22     -205.176143        0.038559
BFGS:  232 13:28:22     -205.178199        0.034095
BFGS:  233 13:28:23     -205.180083        0.031400
BFGS:  234 13:28:23     -205.181596        0.029266
BFGS:  235 13:28:23     -205.183641        0.031287
BFGS:  236 13:28:23     -205.185082        0.038423
BFGS:  237 13:28:23     -205.186515        0.043939
BFGS:  238 13:28:23     -205.186925        0.038488
BFGS:  239 13:28:23     -205.187598        0.030423
BFGS:  240 13:28:23     -205.188737        0.025660
BFGS:  241 13:28:24     -205.190149        0.012404
BFGS:  242 13:28:24     -205.190489        0.011294
BFGS:  243 13:28:24     -205.190669        0.009962
BFGS:  244 13:28:24     -205.190793        0.008275
BFGS:  245 13:28:24     -205.190898        0.006957
BFGS:  246 13:28:24     -205.190948        0.006321
BFGS:  247 13:28:24     -205.190978        0.005555
BFGS:  248 13:28:24     -205.191007        0.005014
BFGS:  249 13:28:25     -205.191052        0.004795
BFGS:  250 13:28:25     -205.191120        0.004591
BFGS:  251 13:28:25     -205.191191        0.005863
BFGS:  252 13:28:25     -205.191233        0.006820
BFGS:  253 13:28:25     -205.191254        0.006565
BFGS:  254 13:28:25     -205.191273        0.005725
BFGS:  255 13:28:25     -205.191303        0.004274
BFGS:  256 13:28:25     -205.191336        0.003125
BFGS:  257 13:28:26     -205.191359        0.004050
BFGS:  258 13:28:26     -205.191369        0.004013
BFGS:  259 13:28:26     -205.191376        0.003591
BFGS:  260 13:28:26     -205.191384        0.002975
BFGS:  261 13:28:26     -205.191394        0.001932
BFGS:  262 13:28:26     -205.191400        0.001431
BFGS:  263 13:28:26     -205.191403        0.001638
BFGS:  264 13:28:26     -205.191404        0.001373
BFGS:  265 13:28:26     -205.191405        0.000995
