      Step     Time          Energy          fmax
BFGS:    0 21:51:20      -17.710972        3.440175
BFGS:    1 21:51:20      -18.626149        3.043613
BFGS:    2 21:51:20      -21.551058        2.069027
BFGS:    3 21:51:20      -23.460688        1.525177
BFGS:    4 21:51:20      -24.618815        0.919235
BFGS:    5 21:51:20      -25.117012        0.736314
BFGS:    6 21:51:20      -25.168091        0.707791
BFGS:    7 21:51:20      -25.242317        0.630635
BFGS:    8 21:51:20      -25.375588        0.471159
BFGS:    9 21:51:20      -25.469518        0.259642
BFGS:   10 21:51:20      -25.493725        0.372576
BFGS:   11 21:51:21      -25.503374        0.406651
BFGS:   12 21:51:21      -25.521756        0.408589
BFGS:   13 21:51:21      -25.547401        0.333785
BFGS:   14 21:51:21      -25.572746        0.189479
BFGS:   15 21:51:21      -25.587003        0.114170
BFGS:   16 21:51:21      -25.591840        0.095670
BFGS:   17 21:51:21      -25.592784        0.090145
BFGS:   18 21:51:21      -25.593703        0.082229
BFGS:   19 21:51:21      -25.596066        0.066201
BFGS:   20 21:51:21      -25.600148        0.049417
BFGS:   21 21:51:21      -25.605132        0.049029
BFGS:   22 21:51:21      -25.608103        0.050386
BFGS:   23 21:51:21      -25.609002        0.051200
BFGS:   24 21:51:21      -25.609281        0.049255
BFGS:   25 21:51:21      -25.609730        0.044418
BFGS:   26 21:51:21      -25.610617        0.036964
BFGS:   27 21:51:21      -25.611969        0.035298
BFGS:   28 21:51:21      -25.613134        0.028018
BFGS:   29 21:51:21      -25.613587        0.029126
BFGS:   30 21:51:21      -25.613690        0.027784
BFGS:   31 21:51:21      -25.613769        0.026708
BFGS:   32 21:51:21      -25.613988        0.028098
BFGS:   33 21:51:21      -25.614466        0.032263
BFGS:   34 21:51:21      -25.615470        0.035675
BFGS:   35 21:51:21      -25.616982        0.034363
BFGS:   36 21:51:21      -25.618334        0.040054
BFGS:   37 21:51:21      -25.618960        0.043150
BFGS:   38 21:51:21      -25.619246        0.041794
BFGS:   39 21:51:21      -25.619618        0.037752
BFGS:   40 21:51:21      -25.620416        0.035090
BFGS:   41 21:51:21      -25.621787        0.033532
BFGS:   42 21:51:21      -25.623298        0.037024
BFGS:   43 21:51:21      -25.624127        0.039763
BFGS:   44 21:51:21      -25.624454        0.040405
BFGS:   45 21:51:22      -25.624665        0.040188
BFGS:   46 21:51:22      -25.625173        0.038413
BFGS:   47 21:51:22      -25.626201        0.035855
BFGS:   48 21:51:22      -25.627976        0.040886
BFGS:   49 21:51:22      -25.629894        0.041345
BFGS:   50 21:51:22      -25.630981        0.042067
BFGS:   51 21:51:22      -25.631271        0.039689
BFGS:   52 21:51:22      -25.631450        0.037627
BFGS:   53 21:51:22      -25.631834        0.034499
BFGS:   54 21:51:22      -25.632560        0.032215
BFGS:   55 21:51:22      -25.633623        0.057370
BFGS:   56 21:51:22      -25.634550        0.080769
BFGS:   57 21:51:22      -25.635099        0.081017
BFGS:   58 21:51:22      -25.635496        0.066316
BFGS:   59 21:51:22      -25.636014        0.039871
BFGS:   60 21:51:22      -25.636693        0.039576
BFGS:   61 21:51:22      -25.637334        0.045891
BFGS:   62 21:51:22      -25.637730        0.058091
BFGS:   63 21:51:22      -25.637992        0.052308
BFGS:   64 21:51:22      -25.638514        0.045411
BFGS:   65 21:51:22      -25.639599        0.046375
BFGS:   66 21:51:22      -25.640940        0.037614
BFGS:   67 21:51:22      -25.641727        0.034428
BFGS:   68 21:51:22      -25.641974        0.026495
BFGS:   69 21:51:22      -25.642026        0.019381
BFGS:   70 21:51:22      -25.642058        0.013832
BFGS:   71 21:51:22      -25.642125        0.011673
BFGS:   72 21:51:22      -25.642193        0.017265
BFGS:   73 21:51:22      -25.642253        0.028083
BFGS:   74 21:51:22      -25.642307        0.032925
BFGS:   75 21:51:22      -25.642391        0.034472
BFGS:   76 21:51:22      -25.642537        0.032063
BFGS:   77 21:51:22      -25.642753        0.024043
BFGS:   78 21:51:22      -25.642947        0.013034
BFGS:   79 21:51:23      -25.643028        0.006943
BFGS:   80 21:51:23      -25.643047        0.006290
BFGS:   81 21:51:23      -25.643053        0.005962
BFGS:   82 21:51:23      -25.643061        0.005690
BFGS:   83 21:51:23      -25.643074        0.005448
BFGS:   84 21:51:23      -25.643089        0.005791
BFGS:   85 21:51:23      -25.643102        0.008713
BFGS:   86 21:51:23      -25.643110        0.009122
BFGS:   87 21:51:23      -25.643117        0.007922
BFGS:   88 21:51:23      -25.643128        0.005728
BFGS:   89 21:51:23      -25.643145        0.005450
BFGS:   90 21:51:23      -25.643163        0.008965
BFGS:   91 21:51:23      -25.643176        0.011715
BFGS:   92 21:51:23      -25.643187        0.011810
BFGS:   93 21:51:23      -25.643202        0.010160
BFGS:   94 21:51:23      -25.643225        0.006690
BFGS:   95 21:51:23      -25.643253        0.004661
BFGS:   96 21:51:23      -25.643271        0.004504
BFGS:   97 21:51:23      -25.643277        0.004820
BFGS:   98 21:51:23      -25.643279        0.004859
BFGS:   99 21:51:23      -25.643284        0.004837
BFGS:  100 21:51:23      -25.643295        0.004742
BFGS:  101 21:51:23      -25.643316        0.005794
BFGS:  102 21:51:23      -25.643342        0.007372
BFGS:  103 21:51:23      -25.643359        0.006249
BFGS:  104 21:51:23      -25.643366        0.005695
BFGS:  105 21:51:23      -25.643370        0.005728
BFGS:  106 21:51:23      -25.643378        0.005984
BFGS:  107 21:51:23      -25.643394        0.005919
BFGS:  108 21:51:23      -25.643423        0.007288
BFGS:  109 21:51:23      -25.643456        0.008346
BFGS:  110 21:51:23      -25.643484        0.006859
BFGS:  111 21:51:23      -25.643526        0.009653
BFGS:  112 21:51:23      -25.639933        0.064707
BFGS:  113 21:51:24      -25.642055        0.095872
BFGS:  114 21:51:24      -25.642450        0.080824
BFGS:  115 21:51:24      -25.643671        0.009922
BFGS:  116 21:51:24      -25.643731        0.010581
BFGS:  117 21:51:24      -25.643745        0.010161
BFGS:  118 21:51:24      -25.643768        0.009199
BFGS:  119 21:51:24      -25.643796        0.009103
BFGS:  120 21:51:24      -25.643880        0.009741
BFGS:  121 21:51:24      -25.643966        0.012042
BFGS:  122 21:51:24      -25.644046        0.014828
BFGS:  123 21:51:24      -25.644070        0.014726
BFGS:  124 21:51:24      -25.644088        0.014319
BFGS:  125 21:51:24      -25.644117        0.013730
BFGS:  126 21:51:24      -25.644181        0.012479
BFGS:  127 21:51:24      -25.644309        0.010843
BFGS:  128 21:51:24      -25.644478        0.011647
BFGS:  129 21:51:24      -25.644595        0.008641
BFGS:  130 21:51:24      -25.644638        0.005447
BFGS:  131 21:51:24      -25.644644        0.004707
BFGS:  132 21:51:24      -25.644646        0.004421
BFGS:  133 21:51:24      -25.644653        0.003888
BFGS:  134 21:51:24      -25.644667        0.004034
BFGS:  135 21:51:24      -25.644698        0.005632
BFGS:  136 21:51:24      -25.644748        0.007211
BFGS:  137 21:51:24      -25.644804        0.007756
BFGS:  138 21:51:24      -25.644836        0.008888
BFGS:  139 21:51:24      -25.644845        0.008857
BFGS:  140 21:51:24      -25.644853        0.008775
BFGS:  141 21:51:24      -25.644875        0.009216
BFGS:  142 21:51:24      -25.644922        0.009838
BFGS:  143 21:51:24      -25.644999        0.011916
BFGS:  144 21:51:24      -25.645093        0.011744
BFGS:  145 21:51:24      -25.645255        0.010829
BFGS:  146 21:51:24      -25.645279        0.011250
BFGS:  147 21:51:25      -25.645310        0.012002
BFGS:  148 21:51:25      -25.645337        0.010789
BFGS:  149 21:51:25      -25.645378        0.009195
BFGS:  150 21:51:25      -25.645420        0.008336
BFGS:  151 21:51:25      -25.645451        0.008514
BFGS:  152 21:51:25      -25.645481        0.008176
BFGS:  153 21:51:25      -25.645505        0.007654
BFGS:  154 21:51:25      -25.645521        0.007235
BFGS:  155 21:51:25      -25.645529        0.007333
BFGS:  156 21:51:25      -25.645536        0.007534
BFGS:  157 21:51:25      -25.645545        0.007652
BFGS:  158 21:51:25      -25.645567        0.008613
BFGS:  159 21:51:25      -25.645611        0.010517
BFGS:  160 21:51:25      -25.645690        0.012969
BFGS:  161 21:51:25      -25.645774        0.014655
BFGS:  162 21:51:25      -25.645822        0.014724
BFGS:  163 21:51:25      -25.645840        0.014196
BFGS:  164 21:51:25      -25.645855        0.013529
BFGS:  165 21:51:25      -25.645887        0.012421
BFGS:  166 21:51:25      -25.645958        0.010371
BFGS:  167 21:51:25      -25.646096        0.009887
BFGS:  168 21:51:25      -25.646286        0.011400
BFGS:  169 21:51:25      -25.646450        0.014613
BFGS:  170 21:51:25      -25.646744        0.021224
BFGS:  171 21:51:25      -25.646353        0.027660
BFGS:  172 21:51:25      -25.646979        0.019210
BFGS:  173 21:51:25      -25.642708        0.052083
BFGS:  174 21:51:25      -25.647397        0.015283
BFGS:  175 21:51:25      -25.647478        0.013920
BFGS:  176 21:51:25      -25.647519        0.012108
BFGS:  177 21:51:25      -25.647542        0.011145
BFGS:  178 21:51:25      -25.647561        0.011520
BFGS:  179 21:51:25      -25.647611        0.012145
BFGS:  180 21:51:26      -25.647719        0.012588
BFGS:  181 21:51:26      -25.647893        0.012106
BFGS:  182 21:51:26      -25.648061        0.009870
BFGS:  183 21:51:26      -25.648135        0.008257
BFGS:  184 21:51:26      -25.648150        0.007201
BFGS:  185 21:51:26      -25.648156        0.007173
BFGS:  186 21:51:26      -25.648168        0.007056
BFGS:  187 21:51:26      -25.648206        0.006773
BFGS:  188 21:51:26      -25.648270        0.006189
BFGS:  189 21:51:26      -25.648361        0.006362
BFGS:  190 21:51:26      -25.648424        0.004501
BFGS:  191 21:51:26      -25.648446        0.003776
BFGS:  192 21:51:26      -25.648449        0.003253
BFGS:  193 21:51:26      -25.648451        0.003246
BFGS:  194 21:51:26      -25.648453        0.003366
BFGS:  195 21:51:26      -25.648457        0.003496
BFGS:  196 21:51:26      -25.648465        0.003610
BFGS:  197 21:51:26      -25.648476        0.003593
BFGS:  198 21:51:26      -25.648486        0.003350
BFGS:  199 21:51:26      -25.648490        0.003039
BFGS:  200 21:51:26      -25.648491        0.002894
BFGS:  201 21:51:26      -25.648491        0.002851
BFGS:  202 21:51:26      -25.648491        0.002799
BFGS:  203 21:51:26      -25.648492        0.002745
BFGS:  204 21:51:26      -25.648493        0.002701
BFGS:  205 21:51:26      -25.648495        0.002717
BFGS:  206 21:51:26      -25.648496        0.002793
BFGS:  207 21:51:26      -25.648496        0.002847
BFGS:  208 21:51:26      -25.648496        0.002867
BFGS:  209 21:51:26      -25.648496        0.002888
BFGS:  210 21:51:26      -25.648496        0.002898
BFGS:  211 21:51:26      -25.648496        0.002923
BFGS:  212 21:51:26      -25.648497        0.002950
BFGS:  213 21:51:26      -25.648497        0.002979
BFGS:  214 21:51:26      -25.648498        0.002983
BFGS:  215 21:51:27      -25.648499        0.002938
BFGS:  216 21:51:27      -25.648500        0.002876
BFGS:  217 21:51:27      -25.648500        0.002845
BFGS:  218 21:51:27      -25.648500        0.002831
BFGS:  219 21:51:27      -25.648500        0.002809
BFGS:  220 21:51:27      -25.648501        0.002778
BFGS:  221 21:51:27      -25.648502        0.002731
BFGS:  222 21:51:27      -25.648506        0.002664
BFGS:  223 21:51:27      -25.648513        0.002585
BFGS:  224 21:51:27      -25.648523        0.002968
BFGS:  225 21:51:27      -25.648530        0.003662
BFGS:  226 21:51:27      -25.648533        0.003774
BFGS:  227 21:51:27      -25.648534        0.003678
BFGS:  228 21:51:27      -25.648536        0.003551
BFGS:  229 21:51:27      -25.648541        0.003385
BFGS:  230 21:51:27      -25.648552        0.003308
BFGS:  231 21:51:27      -25.648579        0.003675
BFGS:  232 21:51:27      -25.648638        0.004925
BFGS:  233 21:51:27      -25.648714        0.006395
BFGS:  234 21:51:27      -25.648780        0.006213
BFGS:  235 21:51:27      -25.648815        0.004872
BFGS:  236 21:51:27      -25.648819        0.004585
BFGS:  237 21:51:27      -25.648822        0.004685
BFGS:  238 21:51:27      -25.648825        0.004641
BFGS:  239 21:51:27      -25.648834        0.004506
BFGS:  240 21:51:27      -25.648851        0.004821
BFGS:  241 21:51:27      -25.648881        0.004320
BFGS:  242 21:51:27      -25.648916        0.002498
BFGS:  243 21:51:27      -25.648938        0.001167
BFGS:  244 21:51:27      -25.648944        0.000736
