      Step     Time          Energy          fmax
BFGS:    0 22:33:33      -12.929036        6.757172
BFGS:    1 22:33:33      -15.233754        5.174417
BFGS:    2 22:33:33      -18.575191        3.001252
BFGS:    3 22:33:33      -20.572910        1.871256
BFGS:    4 22:33:34      -21.679754        1.181462
BFGS:    5 22:33:34      -22.236553        0.708144
BFGS:    6 22:33:34      -22.459861        0.419504
BFGS:    7 22:33:34      -22.536609        0.396881
BFGS:    8 22:33:34      -22.554907        0.392955
BFGS:    9 22:33:34      -22.585842        0.372104
BFGS:   10 22:33:34      -22.630670        0.308848
BFGS:   11 22:33:34      -22.684055        0.288711
BFGS:   12 22:33:34      -22.751259        0.398034
BFGS:   13 22:33:34      -22.903236        0.649779
BFGS:   14 22:33:34      -22.959439        0.773430
BFGS:   15 22:33:34      -22.991824        0.738143
BFGS:   16 22:33:34      -23.161499        0.506131
BFGS:   17 22:33:34      -23.397661        0.720838
BFGS:   18 22:33:34      -23.690937        0.602882
BFGS:   19 22:33:34      -23.915704        0.478759
BFGS:   20 22:33:34      -24.057435        0.385253
BFGS:   21 22:33:34      -24.097060        0.318322
BFGS:   22 22:33:34      -24.107618        0.290052
BFGS:   23 22:33:34      -24.136545        0.280270
BFGS:   24 22:33:34      -24.192470        0.274233
BFGS:   25 22:33:34      -24.284575        0.277184
BFGS:   26 22:33:34      -24.363205        0.178547
BFGS:   27 22:33:34      -24.379975        0.226849
BFGS:   28 22:33:34      -24.391902        0.255691
BFGS:   29 22:33:34      -24.395759        0.258050
BFGS:   30 22:33:34      -24.406098        0.255244
BFGS:   31 22:33:34      -24.425414        0.247541
BFGS:   32 22:33:34      -24.466439        0.325324
BFGS:   33 22:33:34      -24.536779        0.399670
BFGS:   34 22:33:34      -24.616716        0.390351
BFGS:   35 22:33:34      -24.687713        0.342321
BFGS:   36 22:33:34      -24.743490        0.288211
BFGS:   37 22:33:34      -24.771679        0.301065
BFGS:   38 22:33:34      -24.781300        0.290110
BFGS:   39 22:33:35      -24.798676        0.315639
BFGS:   40 22:33:35      -24.824984        0.312333
BFGS:   41 22:33:35      -24.983657        0.443184
BFGS:   42 22:33:35      -25.106506        0.514559
BFGS:   43 22:33:35      -25.161353        0.446455
BFGS:   44 22:33:35      -25.190328        0.368572
BFGS:   45 22:33:35      -25.219428        0.375033
BFGS:   46 22:33:35      -25.253299        0.334456
BFGS:   47 22:33:35      -25.310827        0.329453
BFGS:   48 22:33:35      -25.390404        0.285096
BFGS:   49 22:33:35      -25.471596        0.225598
BFGS:   50 22:33:35      -25.506500        0.154395
BFGS:   51 22:33:35      -25.514669        0.158034
BFGS:   52 22:33:35      -25.518065        0.164975
BFGS:   53 22:33:35      -25.523436        0.166011
BFGS:   54 22:33:35      -25.532717        0.169732
BFGS:   55 22:33:35      -25.551063        0.182576
BFGS:   56 22:33:35      -25.577166        0.235139
BFGS:   57 22:33:35      -25.600150        0.201008
BFGS:   58 22:33:35      -25.612334        0.101189
BFGS:   59 22:33:35      -25.613707        0.076980
BFGS:   60 22:33:35      -25.614345        0.068590
BFGS:   61 22:33:35      -25.616159        0.067822
BFGS:   62 22:33:35      -25.619859        0.071196
BFGS:   63 22:33:35      -25.626803        0.069833
BFGS:   64 22:33:35      -25.634803        0.082447
BFGS:   65 22:33:35      -25.639375        0.096374
BFGS:   66 22:33:35      -25.640671        0.085636
BFGS:   67 22:33:35      -25.641097        0.067164
BFGS:   68 22:33:35      -25.641529        0.042720
BFGS:   69 22:33:35      -25.642141        0.043094
BFGS:   70 22:33:35      -25.642648        0.050140
BFGS:   71 22:33:35      -25.642974        0.065875
BFGS:   72 22:33:36      -25.643252        0.066018
BFGS:   73 22:33:36      -25.643762        0.056285
BFGS:   74 22:33:36      -25.644645        0.036870
BFGS:   75 22:33:36      -25.645725        0.035094
BFGS:   76 22:33:36      -25.646418        0.043901
BFGS:   77 22:33:36      -25.646641        0.040593
BFGS:   78 22:33:36      -25.646717        0.032503
BFGS:   79 22:33:36      -25.646802        0.020340
BFGS:   80 22:33:36      -25.646909        0.012309
BFGS:   81 22:33:36      -25.646988        0.011398
BFGS:   82 22:33:36      -25.647023        0.014336
BFGS:   83 22:33:36      -25.647047        0.013330
BFGS:   84 22:33:36      -25.647087        0.010873
BFGS:   85 22:33:36      -25.647164        0.008153
BFGS:   86 22:33:36      -25.647277        0.007847
BFGS:   87 22:33:36      -25.647372        0.008202
BFGS:   88 22:33:36      -25.647408        0.007034
BFGS:   89 22:33:36      -25.647417        0.006186
BFGS:   90 22:33:36      -25.647423        0.005507
BFGS:   91 22:33:36      -25.647437        0.004604
BFGS:   92 22:33:36      -25.647459        0.004664
BFGS:   93 22:33:36      -25.647481        0.007231
BFGS:   94 22:33:36      -25.647494        0.009016
BFGS:   95 22:33:36      -25.647503        0.009348
BFGS:   96 22:33:36      -25.647516        0.009279
BFGS:   97 22:33:36      -25.647546        0.009284
BFGS:   98 22:33:36      -25.647609        0.009936
BFGS:   99 22:33:36      -25.647710        0.010806
BFGS:  100 22:33:36      -25.647808        0.009500
BFGS:  101 22:33:36      -25.647849        0.006510
BFGS:  102 22:33:36      -25.647858        0.005691
BFGS:  103 22:33:36      -25.647862        0.005256
BFGS:  104 22:33:36      -25.647870        0.005048
BFGS:  105 22:33:36      -25.647886        0.005113
BFGS:  106 22:33:37      -25.647913        0.004903
BFGS:  107 22:33:37      -25.647941        0.006132
BFGS:  108 22:33:37      -25.647956        0.005853
BFGS:  109 22:33:37      -25.647961        0.005068
BFGS:  110 22:33:37      -25.647965        0.004777
BFGS:  111 22:33:37      -25.647973        0.004866
BFGS:  112 22:33:37      -25.647991        0.005114
BFGS:  113 22:33:37      -25.648019        0.004754
BFGS:  114 22:33:37      -25.648047        0.005821
BFGS:  115 22:33:37      -25.648062        0.005415
BFGS:  116 22:33:37      -25.648066        0.004890
BFGS:  117 22:33:37      -25.648071        0.004772
BFGS:  118 22:33:37      -25.648082        0.004611
BFGS:  119 22:33:37      -25.648104        0.004352
BFGS:  120 22:33:37      -25.648138        0.005881
BFGS:  121 22:33:37      -25.648168        0.007517
BFGS:  122 22:33:37      -25.648183        0.008263
BFGS:  123 22:33:37      -25.648191        0.007904
BFGS:  124 22:33:37      -25.648203        0.007118
BFGS:  125 22:33:37      -25.648229        0.007089
BFGS:  126 22:33:37      -25.648275        0.008078
BFGS:  127 22:33:37      -25.648326        0.007064
BFGS:  128 22:33:37      -25.648353        0.005888
BFGS:  129 22:33:37      -25.648360        0.005963
BFGS:  130 22:33:37      -25.648362        0.005830
BFGS:  131 22:33:37      -25.648364        0.005744
BFGS:  132 22:33:37      -25.648388        0.004879
BFGS:  133 22:33:37      -25.648422        0.003886
BFGS:  134 22:33:37      -25.648478        0.005493
BFGS:  135 22:33:37      -25.648519        0.005943
BFGS:  136 22:33:37      -25.648535        0.006015
BFGS:  137 22:33:38      -25.648539        0.005818
BFGS:  138 22:33:38      -25.648545        0.005443
BFGS:  139 22:33:38      -25.648557        0.004605
BFGS:  140 22:33:38      -25.648582        0.004114
BFGS:  141 22:33:38      -25.648618        0.004478
BFGS:  142 22:33:38      -25.648645        0.005382
BFGS:  143 22:33:38      -25.648656        0.005515
BFGS:  144 22:33:38      -25.648660        0.005068
BFGS:  145 22:33:38      -25.648667        0.004709
BFGS:  146 22:33:38      -25.648682        0.004740
BFGS:  147 22:33:38      -25.648717        0.005218
BFGS:  148 22:33:38      -25.648784        0.005765
BFGS:  149 22:33:38      -25.648868        0.005115
BFGS:  150 22:33:38      -25.648919        0.003012
BFGS:  151 22:33:38      -25.648931        0.001488
BFGS:  152 22:33:38      -25.648932        0.001585
BFGS:  153 22:33:38      -25.648932        0.001476
BFGS:  154 22:33:38      -25.648933        0.001260
BFGS:  155 22:33:38      -25.648933        0.001019
BFGS:  156 22:33:38      -25.648934        0.000862
