      Step     Time          Energy          fmax
BFGS:    0 15:29:38     -129.882729        5.629184
BFGS:    1 15:29:39     -142.810644        4.280523
BFGS:    2 15:29:39     -163.777674        2.794873
BFGS:    3 15:29:39     -172.463879        2.110473
BFGS:    4 15:29:39     -174.653212        1.827646
BFGS:    5 15:29:39     -176.018589        1.635845
BFGS:    6 15:29:39     -177.244238        1.492329
BFGS:    7 15:29:39     -178.200197        1.444762
BFGS:    8 15:29:39     -179.173376        1.479373
BFGS:    9 15:29:40     -179.803413        1.576273
BFGS:   10 15:29:40     -180.184861        1.606101
BFGS:   11 15:29:40     -181.206408        1.625946
BFGS:   12 15:29:40     -182.005313        1.605926
BFGS:   13 15:29:40     -182.670823        1.563310
BFGS:   14 15:29:40     -183.192864        1.509759
BFGS:   15 15:29:40     -183.580223        1.454956
BFGS:   16 15:29:40     -183.880245        1.403204
BFGS:   17 15:29:41     -184.157160        1.357588
BFGS:   18 15:29:41     -184.458005        1.320290
BFGS:   19 15:29:41     -184.795524        1.290306
BFGS:   20 15:29:41     -185.164892        1.265716
BFGS:   21 15:29:41     -185.557262        1.244753
BFGS:   22 15:29:41     -185.964496        1.226311
BFGS:   23 15:29:41     -186.379507        1.209708
BFGS:   24 15:29:41     -186.796245        1.194435
BFGS:   25 15:29:42     -187.210049        1.179884
BFGS:   26 15:29:42     -187.617516        1.165575
BFGS:   27 15:29:42     -188.016374        1.151163
BFGS:   28 15:29:42     -188.405233        1.136400
BFGS:   29 15:29:42     -188.783384        1.121117
BFGS:   30 15:29:43     -189.150607        1.105218
BFGS:   31 15:29:43     -189.507010        1.088673
BFGS:   32 15:29:43     -189.852914        1.071495
BFGS:   33 15:29:43     -190.188715        1.053722
BFGS:   34 15:29:43     -190.514850        1.035400
BFGS:   35 15:29:43     -190.831796        1.016563
BFGS:   36 15:29:43     -191.140030        0.997243
BFGS:   37 15:29:43     -191.439987        0.977433
BFGS:   38 15:29:44     -191.732101        0.957069
BFGS:   39 15:29:44     -192.016745        0.936070
BFGS:   40 15:29:44     -192.294231        0.914340
BFGS:   41 15:29:44     -192.564828        0.891834
BFGS:   42 15:29:44     -192.828797        0.868613
BFGS:   43 15:29:44     -193.086456        0.844868
BFGS:   44 15:29:44     -193.338169        0.820952
BFGS:   45 15:29:44     -193.584282        0.797141
BFGS:   46 15:29:45     -193.825175        0.773715
BFGS:   47 15:29:45     -194.061223        0.750907
BFGS:   48 15:29:45     -194.292761        0.728860
BFGS:   49 15:29:45     -194.520049        0.707581
BFGS:   50 15:29:45     -194.743245        0.686921
BFGS:   51 15:29:45     -194.962398        0.666585
BFGS:   52 15:29:45     -195.177466        0.646176
BFGS:   53 15:29:45     -195.388334        0.625276
BFGS:   54 15:29:45     -195.595102        0.603689
BFGS:   55 15:29:46     -195.797844        0.581491
BFGS:   56 15:29:46     -195.996629        0.558804
BFGS:   57 15:29:46     -196.191630        0.535760
BFGS:   58 15:29:46     -196.382977        0.512539
BFGS:   59 15:29:46     -196.570738        0.489355
BFGS:   60 15:29:46     -196.754918        0.466446
BFGS:   61 15:29:46     -196.935464        0.444049
BFGS:   62 15:29:46     -197.112272        0.422375
BFGS:   63 15:29:47     -197.285200        0.401595
BFGS:   64 15:29:47     -197.454087        0.381824
BFGS:   65 15:29:47     -197.618775        0.367094
BFGS:   66 15:29:47     -197.779139        0.354603
BFGS:   67 15:29:47     -197.935105        0.342165
BFGS:   68 15:29:47     -198.086665        0.329917
BFGS:   69 15:29:47     -198.233887        0.317970
BFGS:   70 15:29:47     -198.376910        0.306392
BFGS:   71 15:29:48     -198.515934        0.295189
BFGS:   72 15:29:48     -198.651198        0.285842
BFGS:   73 15:29:48     -198.782957        0.282433
BFGS:   74 15:29:48     -198.911439        0.278895
BFGS:   75 15:29:48     -199.036815        0.275165
BFGS:   76 15:29:48     -199.159160        0.271229
BFGS:   77 15:29:48     -199.278425        0.275906
BFGS:   78 15:29:48     -199.394422        0.282825
BFGS:   79 15:29:49     -199.506836        0.290050
BFGS:   80 15:29:49     -199.615279        0.297433
BFGS:   81 15:29:49     -199.719362        0.304898
BFGS:   82 15:29:49     -199.818733        0.312463
BFGS:   83 15:29:49     -199.913114        0.320100
BFGS:   84 15:29:49     -200.002524        0.327315
BFGS:   85 15:29:49     -200.087526        0.332902
BFGS:   86 15:29:49     -200.168896        0.335868
BFGS:   87 15:29:49     -200.246865        0.335984
BFGS:   88 15:29:50     -200.320283        0.334550
BFGS:   89 15:29:50     -200.387584        0.333497
BFGS:   90 15:29:50     -200.448132        0.333748
BFGS:   91 15:29:50     -200.504668        0.333982
BFGS:   92 15:29:50     -200.559135        0.334044
BFGS:   93 15:29:50     -200.613758        0.333705
BFGS:   94 15:29:50     -200.676467        0.332225
BFGS:   95 15:29:50     -200.763277        0.327094
BFGS:   96 15:29:51     -200.866536        0.315246
BFGS:   97 15:29:51     -201.022386        0.298737
BFGS:   98 15:29:51     -201.234414        0.264366
BFGS:   99 15:29:51     -201.385679        0.242885
BFGS:  100 15:29:51     -201.499702        0.229936
BFGS:  101 15:29:51     -201.572513        0.229919
BFGS:  102 15:29:51     -201.755964        0.270926
BFGS:  103 15:29:51     -201.842128        0.303107
BFGS:  104 15:29:51     -201.896168        0.330469
BFGS:  105 15:29:52     -201.943351        0.356982
BFGS:  106 15:29:52     -201.997715        0.382514
BFGS:  107 15:29:52     -202.053245        0.389920
BFGS:  108 15:29:52     -202.158987        0.378837
BFGS:  109 15:29:52     -202.260232        0.351659
BFGS:  110 15:29:52     -202.335043        0.327796
BFGS:  111 15:29:52     -202.400886        0.304307
BFGS:  112 15:29:52     -202.458640        0.281247
BFGS:  113 15:29:53     -202.512615        0.257832
BFGS:  114 15:29:53     -202.549989        0.247633
BFGS:  115 15:29:53     -202.581141        0.251836
BFGS:  116 15:29:53     -202.616607        0.265467
BFGS:  117 15:29:53     -202.658630        0.281348
BFGS:  118 15:29:53     -202.714505        0.293097
BFGS:  119 15:29:53     -202.770921        0.291599
BFGS:  120 15:29:53     -202.827636        0.278039
BFGS:  121 15:29:54     -202.877800        0.264447
BFGS:  122 15:29:54     -202.934322        0.251436
BFGS:  123 15:29:54     -202.995185        0.244457
BFGS:  124 15:29:54     -203.054360        0.242361
BFGS:  125 15:29:54     -203.109254        0.247900
BFGS:  126 15:29:54     -203.157398        0.255925
BFGS:  127 15:29:54     -203.194660        0.265733
BFGS:  128 15:29:54     -203.224199        0.274003
BFGS:  129 15:29:54     -203.247377        0.282129
BFGS:  130 15:29:55     -203.267282        0.291228
BFGS:  131 15:29:55     -203.286986        0.302029
BFGS:  132 15:29:55     -203.309264        0.312323
BFGS:  133 15:29:55     -203.334384        0.320364
BFGS:  134 15:29:55     -203.363758        0.324722
BFGS:  135 15:29:55     -203.396866        0.325973
BFGS:  136 15:29:55     -203.436883        0.323497
BFGS:  137 15:29:55     -203.485737        0.317426
BFGS:  138 15:29:56     -203.548527        0.306117
BFGS:  139 15:29:56     -203.621935        0.288966
BFGS:  140 15:29:56     -203.698155        0.260686
BFGS:  141 15:29:56     -203.761984        0.223533
BFGS:  142 15:29:56     -203.802774        0.208237
BFGS:  143 15:29:56     -203.874175        0.216819
BFGS:  144 15:29:56     -203.917647        0.207862
BFGS:  145 15:29:56     -204.027731        0.212332
BFGS:  146 15:29:57     -204.102402        0.229891
BFGS:  147 15:29:57     -204.161759        0.233091
BFGS:  148 15:29:57     -204.213734        0.231087
BFGS:  149 15:29:57     -204.261820        0.227839
BFGS:  150 15:29:57     -204.305409        0.224966
BFGS:  151 15:29:57     -204.344852        0.222571
BFGS:  152 15:29:57     -204.380970        0.219526
BFGS:  153 15:29:57     -204.415177        0.213946
BFGS:  154 15:29:58     -204.449176        0.205073
BFGS:  155 15:29:58     -204.482321        0.193564
BFGS:  156 15:29:58     -204.512946        0.180374
BFGS:  157 15:29:58     -204.538787        0.166629
BFGS:  158 15:29:58     -204.558163        0.153219
BFGS:  159 15:29:58     -204.570434        0.140687
BFGS:  160 15:29:58     -204.576332        0.133505
BFGS:  161 15:29:58     -204.583812        0.127758
BFGS:  162 15:29:58     -204.603392        0.117289
BFGS:  163 15:29:59     -204.632717        0.120755
BFGS:  164 15:29:59     -204.671477        0.120346
BFGS:  165 15:29:59     -204.709576        0.117685
BFGS:  166 15:29:59     -204.744364        0.113711
BFGS:  167 15:29:59     -204.766411        0.107473
BFGS:  168 15:29:59     -204.780614        0.100233
BFGS:  169 15:29:59     -204.785884        0.099089
BFGS:  170 15:29:59     -204.789316        0.099430
BFGS:  171 15:30:00     -204.795023        0.100511
BFGS:  172 15:30:00     -204.807178        0.101398
BFGS:  173 15:30:00     -204.829211        0.101535
BFGS:  174 15:30:00     -204.856776        0.100092
BFGS:  175 15:30:00     -204.889538        0.097456
BFGS:  176 15:30:00     -204.925746        0.093580
BFGS:  177 15:30:00     -204.962609        0.115461
BFGS:  178 15:30:00     -204.997613        0.138534
BFGS:  179 15:30:01     -205.027984        0.158029
BFGS:  180 15:30:01     -205.051779        0.171169
BFGS:  181 15:30:01     -205.069512        0.174979
BFGS:  182 15:30:01     -205.084346        0.168226
BFGS:  183 15:30:01     -205.099624        0.153229
BFGS:  184 15:30:01     -205.117052        0.133228
BFGS:  185 15:30:01     -205.137357        0.124426
BFGS:  186 15:30:01     -205.160482        0.118063
BFGS:  187 15:30:02     -205.183064        0.105368
BFGS:  188 15:30:02     -205.202945        0.104299
BFGS:  189 15:30:02     -205.218335        0.126733
BFGS:  190 15:30:02     -205.227599        0.126513
BFGS:  191 15:30:02     -205.237964        0.100027
BFGS:  192 15:30:02     -205.250580        0.068135
BFGS:  193 15:30:02     -205.262479        0.093173
BFGS:  194 15:30:02     -205.275016        0.134078
BFGS:  195 15:30:02     -205.286623        0.145432
BFGS:  196 15:30:03     -205.297385        0.129586
BFGS:  197 15:30:03     -205.307507        0.100412
BFGS:  198 15:30:03     -205.316967        0.064474
BFGS:  199 15:30:03     -205.324734        0.064292
BFGS:  200 15:30:03     -205.328276        0.066512
BFGS:  201 15:30:03     -205.330422        0.065789
BFGS:  202 15:30:03     -205.331587        0.064006
BFGS:  203 15:30:03     -205.332874        0.062249
BFGS:  204 15:30:04     -205.334910        0.060296
BFGS:  205 15:30:04     -205.338066        0.059800
BFGS:  206 15:30:04     -205.342896        0.061719
BFGS:  207 15:30:04     -205.347877        0.067003
BFGS:  208 15:30:04     -205.351209        0.071638
BFGS:  209 15:30:04     -205.353650        0.073616
BFGS:  210 15:30:04     -205.356266        0.074972
BFGS:  211 15:30:04     -205.359426        0.076052
BFGS:  212 15:30:05     -205.365494        0.077495
BFGS:  213 15:30:05     -205.371713        0.078083
BFGS:  214 15:30:05     -205.376069        0.077734
BFGS:  215 15:30:05     -205.378320        0.077237
BFGS:  216 15:30:05     -205.380151        0.077179
BFGS:  217 15:30:05     -205.383172        0.077372
BFGS:  218 15:30:05     -205.387453        0.078082
BFGS:  219 15:30:05     -205.391563        0.079188
BFGS:  220 15:30:06     -205.394340        0.080311
BFGS:  221 15:30:06     -205.396748        0.081030
BFGS:  222 15:30:06     -205.400741        0.081673
BFGS:  223 15:30:06     -205.407913        0.082447
BFGS:  224 15:30:06     -205.414317        0.083358
BFGS:  225 15:30:06     -205.420250        0.084145
BFGS:  226 15:30:06     -205.426545        0.084379
BFGS:  227 15:30:06     -205.432631        0.091642
BFGS:  228 15:30:06     -205.437894        0.098941
BFGS:  229 15:30:07     -205.442536        0.104308
BFGS:  230 15:30:07     -205.447252        0.108289
BFGS:  231 15:30:07     -205.452880        0.110193
BFGS:  232 15:30:07     -205.459194        0.109618
BFGS:  233 15:30:07     -205.465856        0.106735
BFGS:  234 15:30:07     -205.474003        0.098839
BFGS:  235 15:30:07     -205.483820        0.083375
BFGS:  236 15:30:07     -205.494113        0.067854
BFGS:  237 15:30:08     -205.503949        0.064358
BFGS:  238 15:30:08     -205.513311        0.061189
BFGS:  239 15:30:08     -205.525610        0.057752
BFGS:  240 15:30:08     -205.533575        0.061642
BFGS:  241 15:30:08     -205.543533        0.066460
BFGS:  242 15:30:08     -205.552306        0.069209
BFGS:  243 15:30:08     -205.572575        0.066065
BFGS:  244 15:30:08     -205.590209        0.065140
BFGS:  245 15:30:09     -205.605770        0.060298
BFGS:  246 15:30:09     -205.624256        0.054876
BFGS:  247 15:30:09     -205.641196        0.048832
BFGS:  248 15:30:09     -205.649749        0.044413
BFGS:  249 15:30:09     -205.654593        0.041886
BFGS:  250 15:30:09     -205.657922        0.039088
BFGS:  251 15:30:09     -205.660075        0.038693
BFGS:  252 15:30:09     -205.661127        0.039501
BFGS:  253 15:30:10     -205.661557        0.041014
BFGS:  254 15:30:10     -205.662069        0.042062
BFGS:  255 15:30:10     -205.662949        0.043647
BFGS:  256 15:30:10     -205.664616        0.044919
BFGS:  257 15:30:10     -205.666677        0.045087
BFGS:  258 15:30:10     -205.668214        0.043227
BFGS:  259 15:30:10     -205.668816        0.041306
BFGS:  260 15:30:10     -205.669055        0.040257
BFGS:  261 15:30:11     -205.669315        0.039510
BFGS:  262 15:30:11     -205.669774        0.038768
BFGS:  263 15:30:11     -205.670561        0.038163
BFGS:  264 15:30:11     -205.671802        0.037820
BFGS:  265 15:30:11     -205.673358        0.037897
BFGS:  266 15:30:11     -205.674796        0.038326
BFGS:  267 15:30:11     -205.675681        0.038604
BFGS:  268 15:30:11     -205.676207        0.038334
BFGS:  269 15:30:11     -205.676889        0.037628
BFGS:  270 15:30:12     -205.678114        0.036308
BFGS:  271 15:30:12     -205.680487        0.034041
BFGS:  272 15:30:12     -205.684372        0.038706
BFGS:  273 15:30:12     -205.689001        0.043495
BFGS:  274 15:30:12     -205.692353        0.036994
BFGS:  275 15:30:12     -205.694234        0.036147
BFGS:  276 15:30:12     -205.696110        0.042943
BFGS:  277 15:30:12     -205.699431        0.050415
BFGS:  278 15:30:13     -205.705542        0.054482
BFGS:  279 15:30:13     -205.711954        0.051592
BFGS:  280 15:30:13     -205.717906        0.045389
BFGS:  281 15:30:13     -205.723209        0.037828
BFGS:  282 15:30:13     -205.727805        0.031396
BFGS:  283 15:30:13     -205.731752        0.033017
BFGS:  284 15:30:13     -205.734687        0.034151
BFGS:  285 15:30:13     -205.736050        0.034014
BFGS:  286 15:30:14     -205.736707        0.032609
BFGS:  287 15:30:14     -205.738100        0.028092
BFGS:  288 15:30:14     -205.739545        0.022345
BFGS:  289 15:30:14     -205.741499        0.015332
BFGS:  290 15:30:14     -205.743274        0.014108
BFGS:  291 15:30:14     -205.744434        0.016175
BFGS:  292 15:30:14     -205.744954        0.015004
BFGS:  293 15:30:14     -205.745221        0.015278
BFGS:  294 15:30:15     -205.745541        0.015579
BFGS:  295 15:30:15     -205.746070        0.015768
BFGS:  296 15:30:15     -205.746979        0.015488
BFGS:  297 15:30:15     -205.748014        0.015050
BFGS:  298 15:30:15     -205.748611        0.014528
BFGS:  299 15:30:15     -205.748786        0.014526
BFGS:  300 15:30:15     -205.748836        0.014621
BFGS:  301 15:30:15     -205.748893        0.014819
BFGS:  302 15:30:15     -205.749018        0.015167
BFGS:  303 15:30:16     -205.749263        0.015620
BFGS:  304 15:30:16     -205.749659        0.015906
BFGS:  305 15:30:16     -205.750051        0.015549
BFGS:  306 15:30:16     -205.750247        0.014709
BFGS:  307 15:30:16     -205.750306        0.014132
BFGS:  308 15:30:16     -205.750344        0.013773
BFGS:  309 15:30:16     -205.750435        0.013163
BFGS:  310 15:30:16     -205.750639        0.012221
BFGS:  311 15:30:17     -205.751089        0.010835
BFGS:  312 15:30:17     -205.751868        0.009793
BFGS:  313 15:30:17     -205.752727        0.009272
BFGS:  314 15:30:17     -205.753169        0.010535
BFGS:  315 15:30:17     -205.753268        0.011643
BFGS:  316 15:30:17     -205.753289        0.012032
BFGS:  317 15:30:17     -205.753315        0.012338
BFGS:  318 15:30:17     -205.753376        0.012756
BFGS:  319 15:30:18     -205.753508        0.013224
BFGS:  320 15:30:18     -205.753801        0.013652
BFGS:  321 15:30:18     -205.754385        0.013624
BFGS:  322 15:30:18     -205.755320        0.012282
BFGS:  323 15:30:18     -205.756248        0.009234
BFGS:  324 15:30:18     -205.756687        0.007563
BFGS:  325 15:30:18     -205.756793        0.008186
BFGS:  326 15:30:18     -205.756834        0.008207
BFGS:  327 15:30:19     -205.756911        0.008144
BFGS:  328 15:30:19     -205.757080        0.008005
BFGS:  329 15:30:19     -205.757453        0.008316
BFGS:  330 15:30:19     -205.758154        0.014448
BFGS:  331 15:30:19     -205.759082        0.022111
BFGS:  332 15:30:19     -205.759766        0.024000
BFGS:  333 15:30:19     -205.760014        0.019619
BFGS:  334 15:30:19     -205.760082        0.014734
BFGS:  335 15:30:20     -205.760136        0.008850
BFGS:  336 15:30:20     -205.760196        0.003430
BFGS:  337 15:30:20     -205.760229        0.003620
BFGS:  338 15:30:20     -205.760239        0.004073
BFGS:  339 15:30:20     -205.760244        0.003397
BFGS:  340 15:30:20     -205.760253        0.002806
BFGS:  341 15:30:20     -205.760270        0.002504
BFGS:  342 15:30:20     -205.760295        0.003650
BFGS:  343 15:30:20     -205.760316        0.005226
BFGS:  344 15:30:21     -205.760327        0.005430
BFGS:  345 15:30:21     -205.760334        0.004721
BFGS:  346 15:30:21     -205.760342        0.003111
BFGS:  347 15:30:21     -205.760350        0.001845
BFGS:  348 15:30:21     -205.760354        0.001820
BFGS:  349 15:30:21     -205.760355        0.001784
BFGS:  350 15:30:21     -205.760356        0.001762
BFGS:  351 15:30:21     -205.760356        0.001733
BFGS:  352 15:30:22     -205.760357        0.001695
BFGS:  353 15:30:22     -205.760359        0.002975
BFGS:  354 15:30:22     -205.760362        0.004912
BFGS:  355 15:30:22     -205.760366        0.006465
BFGS:  356 15:30:22     -205.760373        0.007019
BFGS:  357 15:30:22     -205.760382        0.005942
BFGS:  358 15:30:22     -205.760393        0.004086
BFGS:  359 15:30:22     -205.760402        0.003271
BFGS:  360 15:30:23     -205.760408        0.003154
BFGS:  361 15:30:23     -205.760411        0.003151
BFGS:  362 15:30:23     -205.760414        0.002407
BFGS:  363 15:30:23     -205.760417        0.001262
BFGS:  364 15:30:23     -205.760420        0.001592
BFGS:  365 15:30:23     -205.760422        0.002054
BFGS:  366 15:30:23     -205.760424        0.001976
BFGS:  367 15:30:23     -205.760426        0.001732
BFGS:  368 15:30:24     -205.760432        0.001826
BFGS:  369 15:30:24     -205.760441        0.002487
BFGS:  370 15:30:24     -205.760455        0.003856
BFGS:  371 15:30:24     -205.760469        0.005662
BFGS:  372 15:30:24     -205.760481        0.006049
BFGS:  373 15:30:24     -205.760493        0.005438
BFGS:  374 15:30:24     -205.760511        0.005199
BFGS:  375 15:30:24     -205.760537        0.004523
BFGS:  376 15:30:24     -205.760559        0.003843
BFGS:  377 15:30:25     -205.760569        0.003516
BFGS:  378 15:30:25     -205.760573        0.003055
BFGS:  379 15:30:25     -205.760577        0.002313
BFGS:  380 15:30:25     -205.760583        0.001508
BFGS:  381 15:30:25     -205.760587        0.001900
BFGS:  382 15:30:25     -205.760589        0.001700
BFGS:  383 15:30:25     -205.760589        0.001164
BFGS:  384 15:30:25     -205.760589        0.000556
