      Step     Time          Energy          fmax
BFGS:    0 22:39:31      885.137481       92.017814
BFGS:    1 22:39:32      637.923414       52.616593
BFGS:    2 22:39:32      534.739127       28.297903
BFGS:    3 22:39:32      458.101015       23.680933
BFGS:    4 22:39:32      378.966545       25.526011
BFGS:    5 22:39:32      302.577177       29.875035
BFGS:    6 22:39:32      228.726589       33.080830
BFGS:    7 22:39:32      156.547906       32.257641
BFGS:    8 22:39:32       88.448735       27.777642
BFGS:    9 22:39:33       30.371344       20.936168
BFGS:   10 22:39:33      -12.674162       14.830561
BFGS:   11 22:39:33      -42.523927       10.343266
BFGS:   12 22:39:33      -64.138852        7.225802
BFGS:   13 22:39:33      -81.078469        5.133594
BFGS:   14 22:39:33      -94.626447        3.788416
BFGS:   15 22:39:33     -105.343994        3.420200
BFGS:   16 22:39:34     -113.827146        3.166484
BFGS:   17 22:39:34     -120.683617        2.952674
BFGS:   18 22:39:34     -126.367276        2.749331
BFGS:   19 22:39:34     -131.145041        2.553895
BFGS:   20 22:39:34     -135.183903        2.368912
BFGS:   21 22:39:34     -138.600132        2.190259
BFGS:   22 22:39:34     -141.576414        2.026997
BFGS:   23 22:39:34     -144.371533        2.026841
BFGS:   24 22:39:35     -147.164934        2.124418
BFGS:   25 22:39:35     -149.949051        2.070640
BFGS:   26 22:39:35     -152.697882        1.876085
BFGS:   27 22:39:35     -155.487019        1.663197
BFGS:   28 22:39:35     -158.591558        1.789784
BFGS:   29 22:39:36     -162.210445        2.087259
BFGS:   30 22:39:36     -165.743068        2.051183
BFGS:   31 22:39:36     -168.275787        1.732759
BFGS:   32 22:39:37     -169.702594        1.714634
BFGS:   33 22:39:37     -171.628033        1.729052
BFGS:   34 22:39:37     -172.926754        1.709874
BFGS:   35 22:39:37     -173.733912        1.693371
BFGS:   36 22:39:37     -174.298998        1.674426
BFGS:   37 22:39:37     -174.781482        1.642586
BFGS:   38 22:39:37     -175.267747        1.597536
BFGS:   39 22:39:38     -175.767927        1.545271
BFGS:   40 22:39:38     -176.290047        1.484013
BFGS:   41 22:39:38     -176.827581        1.417325
BFGS:   42 22:39:38     -177.370327        1.348781
BFGS:   43 22:39:41     -177.911821        1.280521
BFGS:   44 22:39:41     -178.446857        1.214130
BFGS:   45 22:39:42     -178.972214        1.150843
BFGS:   46 22:39:42     -179.485947        1.092220
BFGS:   47 22:39:42     -179.987641        1.039536
BFGS:   48 22:39:42     -180.477609        0.992696
BFGS:   49 22:39:42     -180.956091        0.950690
BFGS:   50 22:39:42     -181.423144        0.913540
BFGS:   51 22:39:42     -181.874528        0.881081
BFGS:   52 22:39:43     -182.308314        0.852588
BFGS:   53 22:39:43     -182.723852        0.827484
BFGS:   54 22:39:43     -183.120450        0.805234
BFGS:   55 22:39:43     -183.496776        0.785402
BFGS:   56 22:39:43     -183.851385        0.767674
BFGS:   57 22:39:43     -184.183493        0.751834
BFGS:   58 22:39:43     -184.493335        0.737712
BFGS:   59 22:39:43     -184.781865        0.725171
BFGS:   60 22:39:44     -185.050278        0.714103
BFGS:   61 22:39:44     -185.299615        0.710421
BFGS:   62 22:39:44     -185.530521        0.729517
BFGS:   63 22:39:44     -185.743423        0.747239
BFGS:   64 22:39:44     -185.939039        0.763191
BFGS:   65 22:39:44     -186.118636        0.777239
BFGS:   66 22:39:44     -186.283736        0.789482
BFGS:   67 22:39:44     -186.436219        0.799868
BFGS:   68 22:39:45     -186.578960        0.807757
BFGS:   69 22:39:45     -186.715548        0.812917
BFGS:   70 22:39:45     -186.850790        0.815511
BFGS:   71 22:39:45     -186.991097        0.815809
BFGS:   72 22:39:45     -187.141823        0.813766
BFGS:   73 22:39:45     -187.305628        0.809188
BFGS:   74 22:39:45     -187.482088        0.802007
BFGS:   75 22:39:46     -187.667742        0.792286
BFGS:   76 22:39:46     -187.858325        0.780142
BFGS:   77 22:39:46     -188.050614        0.767462
BFGS:   78 22:39:46     -188.242914        0.754300
BFGS:   79 22:39:46     -188.434843        0.740304
BFGS:   80 22:39:46     -188.626972        0.726156
BFGS:   81 22:39:46     -188.820317        0.712450
BFGS:   82 22:39:46     -189.016028        0.699537
BFGS:   83 22:39:47     -189.213801        0.687052
BFGS:   84 22:39:47     -189.413288        0.674652
BFGS:   85 22:39:47     -189.613716        0.662277
BFGS:   86 22:39:47     -189.814764        0.649856
BFGS:   87 22:39:47     -190.016501        0.643054
BFGS:   88 22:39:47     -190.219127        0.648112
BFGS:   89 22:39:47     -190.422908        0.651478
BFGS:   90 22:39:47     -190.628035        0.653164
BFGS:   91 22:39:48     -190.833974        0.653305
BFGS:   92 22:39:48     -191.040223        0.652062
BFGS:   93 22:39:48     -191.246652        0.649574
BFGS:   94 22:39:48     -191.453480        0.645924
BFGS:   95 22:39:48     -191.661278        0.641063
BFGS:   96 22:39:48     -191.870883        0.634698
BFGS:   97 22:39:48     -192.083186        0.626221
BFGS:   98 22:39:48     -192.298781        0.614817
BFGS:   99 22:39:49     -192.517610        0.599946
BFGS:  100 22:39:49     -192.737936        0.581854
BFGS:  101 22:39:49     -192.956544        0.561082
BFGS:  102 22:39:49     -193.170460        0.538427
BFGS:  103 22:39:49     -193.377984        0.514543
BFGS:  104 22:39:49     -193.578840        0.490028
BFGS:  105 22:39:49     -193.773577        0.465363
BFGS:  106 22:39:49     -193.963042        0.440628
BFGS:  107 22:39:50     -194.147888        0.415727
BFGS:  108 22:39:50     -194.327633        0.390560
BFGS:  109 22:39:50     -194.500087        0.365332
BFGS:  110 22:39:50     -194.663155        0.357045
BFGS:  111 22:39:50     -194.815930        0.348166
BFGS:  112 22:39:50     -194.959340        0.338949
BFGS:  113 22:39:50     -195.095277        0.329308
BFGS:  114 22:39:50     -195.225762        0.318909
BFGS:  115 22:39:51     -195.351639        0.307419
BFGS:  116 22:39:51     -195.471382        0.295056
BFGS:  117 22:39:51     -195.583981        0.282421
BFGS:  118 22:39:51     -195.689361        0.270008
BFGS:  119 22:39:51     -195.788114        0.258032
BFGS:  120 22:39:51     -195.881336        0.246299
BFGS:  121 22:39:51     -195.970893        0.234005
BFGS:  122 22:39:52     -196.056911        0.238352
BFGS:  123 22:39:53     -196.139401        0.243379
BFGS:  124 22:39:53     -196.218601        0.247525
BFGS:  125 22:39:53     -196.296063        0.250232
BFGS:  126 22:39:53     -196.375684        0.249074
BFGS:  127 22:39:53     -196.434028        0.243694
BFGS:  128 22:39:53     -196.516457        0.233247
BFGS:  129 22:39:53     -196.571065        0.224262
BFGS:  130 22:39:53     -196.616199        0.215023
BFGS:  131 22:39:54     -196.656349        0.205029
BFGS:  132 22:39:54     -196.694890        0.194112
BFGS:  133 22:39:54     -196.736092        0.182152
BFGS:  134 22:39:54     -196.785496        0.198841
BFGS:  135 22:39:54     -196.850278        0.235351
BFGS:  136 22:39:54     -196.941189        0.271868
BFGS:  137 22:39:57     -197.084081        0.308797
BFGS:  138 22:39:57     -197.286576        0.347710
BFGS:  139 22:39:57     -197.482151        0.378698
BFGS:  140 22:39:57     -197.568362        0.342065
BFGS:  141 22:39:57     -197.626154        0.301946
BFGS:  142 22:39:57     -197.675261        0.277134
BFGS:  143 22:39:57     -197.720969        0.279476
BFGS:  144 22:39:57     -197.766551        0.283180
BFGS:  145 22:39:58     -197.817829        0.290660
BFGS:  146 22:39:58     -197.887353        0.306664
BFGS:  147 22:39:58     -197.994781        0.344729
BFGS:  148 22:39:58     -198.133079        0.409164
BFGS:  149 22:39:58     -198.269126        0.475698
BFGS:  150 22:39:58     -198.359694        0.502040
BFGS:  151 22:39:58     -198.446587        0.508884
BFGS:  152 22:39:58     -198.526066        0.484332
BFGS:  153 22:39:59     -198.605249        0.474218
BFGS:  154 22:39:59     -198.666609        0.459924
BFGS:  155 22:39:59     -198.716265        0.435248
BFGS:  156 22:39:59     -198.758264        0.405484
BFGS:  157 22:39:59     -198.798894        0.374135
BFGS:  158 22:39:59     -198.837503        0.356093
BFGS:  159 22:39:59     -198.877359        0.344019
BFGS:  160 22:39:59     -198.917990        0.328657
BFGS:  161 22:40:00     -198.960879        0.315420
BFGS:  162 22:40:00     -199.009391        0.299172
BFGS:  163 22:40:00     -199.078878        0.284714
BFGS:  164 22:40:00     -199.162553        0.281318
BFGS:  165 22:40:00     -199.212360        0.304614
BFGS:  166 22:40:00     -199.250894        0.312876
BFGS:  167 22:40:00     -199.287118        0.313282
BFGS:  168 22:40:00     -199.323636        0.283636
BFGS:  169 22:40:01     -199.355816        0.250283
BFGS:  170 22:40:01     -199.416737        0.249244
BFGS:  171 22:40:01     -199.450487        0.249901
BFGS:  172 22:40:01     -199.481116        0.244043
BFGS:  173 22:40:01     -199.521618        0.247832
BFGS:  174 22:40:01     -199.561393        0.265121
BFGS:  175 22:40:01     -199.590784        0.288024
BFGS:  176 22:40:01     -199.618172        0.309926
BFGS:  177 22:40:02     -199.644282        0.327917
BFGS:  178 22:40:02     -199.675019        0.340002
BFGS:  179 22:40:02     -199.721169        0.344638
BFGS:  180 22:40:02     -199.770866        0.329022
BFGS:  181 22:40:02     -199.835056        0.283984
BFGS:  182 22:40:02     -199.885925        0.294583
BFGS:  183 22:40:02     -199.925051        0.301748
BFGS:  184 22:40:02     -199.986725        0.313065
BFGS:  185 22:40:03     -200.040965        0.320643
BFGS:  186 22:40:03     -200.085200        0.317564
BFGS:  187 22:40:03     -200.136171        0.296556
BFGS:  188 22:40:03     -200.212104        0.261124
BFGS:  189 22:40:03     -200.280081        0.234561
BFGS:  190 22:40:03     -200.335496        0.219438
BFGS:  191 22:40:03     -200.366984        0.220334
BFGS:  192 22:40:03     -200.390192        0.220213
BFGS:  193 22:40:04     -200.410568        0.211559
BFGS:  194 22:40:04     -200.436345        0.192209
BFGS:  195 22:40:04     -200.482390        0.194656
BFGS:  196 22:40:04     -200.517640        0.215680
BFGS:  197 22:40:04     -200.541537        0.227291
BFGS:  198 22:40:04     -200.560792        0.234531
BFGS:  199 22:40:04     -200.587415        0.237690
BFGS:  200 22:40:04     -200.622167        0.228802
BFGS:  201 22:40:05     -200.658126        0.202990
BFGS:  202 22:40:05     -200.714355        0.163945
BFGS:  203 22:40:05     -200.787463        0.137314
BFGS:  204 22:40:05     -200.839579        0.133672
BFGS:  205 22:40:05     -200.860823        0.134314
BFGS:  206 22:40:05     -200.879820        0.120785
BFGS:  207 22:40:05     -200.909969        0.097869
BFGS:  208 22:40:06     -200.943977        0.106925
BFGS:  209 22:40:06     -200.977567        0.087048
BFGS:  210 22:40:06     -200.995416        0.074526
BFGS:  211 22:40:06     -201.001543        0.070317
BFGS:  212 22:40:06     -201.005841        0.068598
BFGS:  213 22:40:06     -201.014692        0.066980
BFGS:  214 22:40:06     -201.029090        0.066235
BFGS:  215 22:40:06     -201.049138        0.066688
BFGS:  216 22:40:08     -201.063334        0.083854
BFGS:  217 22:40:08     -201.071192        0.082798
BFGS:  218 22:40:08     -201.077265        0.077540
BFGS:  219 22:40:08     -201.082478        0.073572
BFGS:  220 22:40:08     -201.092158        0.062597
BFGS:  221 22:40:08     -201.102044        0.063046
BFGS:  222 22:40:08     -201.112516        0.064897
BFGS:  223 22:40:08     -201.118334        0.067083
BFGS:  224 22:40:09     -201.122224        0.069191
BFGS:  225 22:40:09     -201.125460        0.070922
BFGS:  226 22:40:09     -201.131273        0.073309
BFGS:  227 22:40:09     -201.142157        0.079894
BFGS:  228 22:40:09     -201.148783        0.088146
BFGS:  229 22:40:09     -201.160342        0.096745
BFGS:  230 22:40:13     -201.173974        0.104808
BFGS:  231 22:40:13     -201.193415        0.113336
BFGS:  232 22:40:13     -201.204921        0.108250
BFGS:  233 22:40:13     -201.217076        0.101436
BFGS:  234 22:40:13     -201.226498        0.098788
BFGS:  235 22:40:13     -201.236776        0.099452
BFGS:  236 22:40:14     -201.250188        0.104149
BFGS:  237 22:40:14     -201.273551        0.112192
BFGS:  238 22:40:14     -201.295973        0.118950
BFGS:  239 22:40:14     -201.317157        0.125192
BFGS:  240 22:40:14     -201.337845        0.131133
BFGS:  241 22:40:14     -201.360048        0.136340
BFGS:  242 22:40:14     -201.386918        0.141090
BFGS:  243 22:40:14     -201.418404        0.144507
BFGS:  244 22:40:15     -201.450972        0.143285
BFGS:  245 22:40:15     -201.463356        0.138654
BFGS:  246 22:40:15     -201.475693        0.134355
BFGS:  247 22:40:15     -201.485721        0.134984
BFGS:  248 22:40:15     -201.499179        0.137513
BFGS:  249 22:40:15     -201.538509        0.148090
BFGS:  250 22:40:15     -201.573321        0.153877
BFGS:  251 22:40:15     -201.606602        0.151380
BFGS:  252 22:40:16     -201.624115        0.146420
BFGS:  253 22:40:16     -201.634427        0.143557
BFGS:  254 22:40:16     -201.642193        0.141570
BFGS:  255 22:40:16     -201.656118        0.140100
BFGS:  256 22:40:16     -201.675768        0.138948
BFGS:  257 22:40:16     -201.709429        0.142429
BFGS:  258 22:40:16     -201.756139        0.148614
BFGS:  259 22:40:16     -201.795945        0.152945
BFGS:  260 22:40:17     -201.835199        0.154087
BFGS:  261 22:40:17     -201.870252        0.152319
BFGS:  262 22:40:17     -201.891216        0.147872
BFGS:  263 22:40:17     -201.898672        0.145337
BFGS:  264 22:40:17     -201.931681        0.138678
BFGS:  265 22:40:17     -201.969581        0.133310
BFGS:  266 22:40:17     -202.021975        0.129957
BFGS:  267 22:40:17     -202.068445        0.126249
BFGS:  268 22:40:18     -202.109486        0.124445
BFGS:  269 22:40:18     -202.145575        0.123234
BFGS:  270 22:40:18     -202.177729        0.123274
BFGS:  271 22:40:18     -202.208282        0.124315
BFGS:  272 22:40:18     -202.236852        0.125666
BFGS:  273 22:40:18     -202.262764        0.126060
BFGS:  274 22:40:18     -202.285369        0.129048
BFGS:  275 22:40:18     -202.305662        0.141459
BFGS:  276 22:40:19     -202.324529        0.151643
BFGS:  277 22:40:19     -202.342489        0.160869
BFGS:  278 22:40:19     -202.360348        0.170773
BFGS:  279 22:40:19     -202.379960        0.179966
BFGS:  280 22:40:19     -202.402186        0.186164
BFGS:  281 22:40:19     -202.428047        0.189558
BFGS:  282 22:40:19     -202.458419        0.189710
BFGS:  283 22:40:19     -202.494281        0.186224
BFGS:  284 22:40:20     -202.536442        0.177744
BFGS:  285 22:40:20     -202.586079        0.164090
BFGS:  286 22:40:20     -202.640690        0.149268
BFGS:  287 22:40:20     -202.694121        0.143781
BFGS:  288 22:40:20     -202.728414        0.135174
BFGS:  289 22:40:20     -202.754299        0.164237
BFGS:  290 22:40:20     -202.770535        0.165571
BFGS:  291 22:40:21     -202.795904        0.150581
BFGS:  292 22:40:21     -202.821871        0.134219
BFGS:  293 22:40:21     -202.866203        0.120500
BFGS:  294 22:40:21     -202.930362        0.119735
BFGS:  295 22:40:21     -202.971195        0.122186
BFGS:  296 22:40:21     -203.011326        0.123207
BFGS:  297 22:40:21     -203.047939        0.124979
BFGS:  298 22:40:21     -203.083647        0.126723
BFGS:  299 22:40:22     -203.117234        0.128855
BFGS:  300 22:40:22     -203.149450        0.131175
BFGS:  301 22:40:22     -203.179963        0.133765
BFGS:  302 22:40:22     -203.209142        0.136538
BFGS:  303 22:40:22     -203.236978        0.139403
BFGS:  304 22:40:22     -203.263630        0.142190
BFGS:  305 22:40:22     -203.289029        0.144792
BFGS:  306 22:40:22     -203.313103        0.147242
BFGS:  307 22:40:23     -203.335682        0.149601
BFGS:  308 22:40:23     -203.356733        0.151895
BFGS:  309 22:40:23     -203.376372        0.154192
BFGS:  310 22:40:24     -203.394901        0.156570
BFGS:  311 22:40:24     -203.412524        0.158994
BFGS:  312 22:40:24     -203.429131        0.161117
BFGS:  313 22:40:24     -203.444481        0.162720
BFGS:  314 22:40:24     -203.458374        0.164129
BFGS:  315 22:40:25     -203.470623        0.165466
BFGS:  316 22:40:25     -203.481224        0.166561
BFGS:  317 22:40:25     -203.490382        0.167383
BFGS:  318 22:40:25     -203.498446        0.167974
BFGS:  319 22:40:25     -203.505779        0.168385
BFGS:  320 22:40:25     -203.512749        0.168551
BFGS:  321 22:40:25     -203.519712        0.168549
BFGS:  322 22:40:25     -203.526817        0.168442
BFGS:  323 22:40:26     -203.534077        0.169041
BFGS:  324 22:40:26     -203.541672        0.169003
BFGS:  325 22:40:29     -203.550656        0.167338
BFGS:  326 22:40:29     -203.562010        0.164272
BFGS:  327 22:40:29     -203.576191        0.159508
BFGS:  328 22:40:29     -203.591993        0.154271
BFGS:  329 22:40:30     -203.608817        0.148360
BFGS:  330 22:40:30     -203.625294        0.143702
BFGS:  331 22:40:30     -203.641255        0.140305
BFGS:  332 22:40:30     -203.665338        0.134150
BFGS:  333 22:40:30     -203.687929        0.129813
BFGS:  334 22:40:30     -203.715384        0.125068
BFGS:  335 22:40:30     -203.732941        0.125897
BFGS:  336 22:40:30     -203.755936        0.123612
BFGS:  337 22:40:31     -203.772334        0.125054
BFGS:  338 22:40:31     -203.789937        0.124732
BFGS:  339 22:40:31     -203.805621        0.125501
BFGS:  340 22:40:31     -203.820562        0.126291
BFGS:  341 22:40:31     -203.834398        0.127789
BFGS:  342 22:40:31     -203.847569        0.129970
BFGS:  343 22:40:31     -203.861019        0.132098
BFGS:  344 22:40:31     -203.874687        0.135533
BFGS:  345 22:40:32     -203.888261        0.139459
BFGS:  346 22:40:32     -203.905056        0.130213
BFGS:  347 22:40:32     -203.915669        0.136488
BFGS:  348 22:40:32     -203.926877        0.136426
BFGS:  349 22:40:32     -203.935676        0.142051
BFGS:  350 22:40:32     -203.944582        0.146203
BFGS:  351 22:40:32     -203.954334        0.150225
BFGS:  352 22:40:36     -203.965226        0.153753
BFGS:  353 22:40:36     -203.979950        0.155987
BFGS:  354 22:40:36     -203.997814        0.156384
BFGS:  355 22:40:36     -204.039390        0.145145
BFGS:  356 22:40:37     -204.069382        0.141478
BFGS:  357 22:40:37     -204.104277        0.137569
BFGS:  358 22:40:37     -204.141149        0.134031
BFGS:  359 22:40:37     -204.178277        0.130730
BFGS:  360 22:40:37     -204.214081        0.128138
BFGS:  361 22:40:37     -204.248061        0.125060
BFGS:  362 22:40:37     -204.282588        0.120914
BFGS:  363 22:40:37     -204.318994        0.128155
BFGS:  364 22:40:38     -204.354713        0.136147
BFGS:  365 22:40:38     -204.389341        0.144723
BFGS:  366 22:40:38     -204.422396        0.153027
BFGS:  367 22:40:38     -204.454777        0.160446
BFGS:  368 22:40:38     -204.488022        0.166777
BFGS:  369 22:40:38     -204.523120        0.172137
BFGS:  370 22:40:38     -204.559648        0.176019
BFGS:  371 22:40:39     -204.595708        0.178807
BFGS:  372 22:40:39     -204.630238        0.184036
BFGS:  373 22:40:39     -204.665058        0.199637
BFGS:  374 22:40:39     -204.699562        0.212738
BFGS:  375 22:40:39     -204.732923        0.223197
BFGS:  376 22:40:39     -204.766481        0.231154
BFGS:  377 22:40:39     -204.802709        0.237397
BFGS:  378 22:40:39     -204.842017        0.240982
BFGS:  379 22:40:41     -204.884318        0.242394
BFGS:  380 22:40:41     -204.929778        0.241522
BFGS:  381 22:40:41     -204.977130        0.238909
BFGS:  382 22:40:41     -205.018645        0.233860
BFGS:  383 22:40:41     -205.054866        0.225670
BFGS:  384 22:40:41     -205.086269        0.214570
BFGS:  385 22:40:41     -205.113910        0.202075
BFGS:  386 22:40:42     -205.139757        0.186661
BFGS:  387 22:40:42     -205.163736        0.168954
BFGS:  388 22:40:42     -205.187643        0.143836
BFGS:  389 22:40:42     -205.210457        0.121862
BFGS:  390 22:40:42     -205.232805        0.097619
BFGS:  391 22:40:42     -205.250000        0.090298
BFGS:  392 22:40:42     -205.271333        0.082331
BFGS:  393 22:40:42     -205.290466        0.079812
BFGS:  394 22:40:45     -205.306121        0.078045
BFGS:  395 22:40:45     -205.319352        0.077153
BFGS:  396 22:40:46     -205.329798        0.075452
BFGS:  397 22:40:46     -205.337553        0.073302
BFGS:  398 22:40:46     -205.342756        0.072022
BFGS:  399 22:40:46     -205.347139        0.072819
BFGS:  400 22:40:46     -205.357901        0.074303
BFGS:  401 22:40:46     -205.370417        0.080523
BFGS:  402 22:40:46     -205.387663        0.082245
BFGS:  403 22:40:47     -205.407208        0.089766
BFGS:  404 22:40:47     -205.426907        0.103366
BFGS:  405 22:40:47     -205.440614        0.100721
BFGS:  406 22:40:47     -205.450110        0.094828
BFGS:  407 22:40:47     -205.458205        0.088749
BFGS:  408 22:40:47     -205.466326        0.076816
BFGS:  409 22:40:47     -205.474943        0.065028
BFGS:  410 22:40:47     -205.480297        0.062895
BFGS:  411 22:40:48     -205.482722        0.063251
BFGS:  412 22:40:48     -205.486696        0.063633
BFGS:  413 22:40:48     -205.488359        0.064562
BFGS:  414 22:40:48     -205.491672        0.066350
BFGS:  415 22:40:48     -205.496635        0.068412
BFGS:  416 22:40:48     -205.504808        0.092200
BFGS:  417 22:40:48     -205.514962        0.121152
BFGS:  418 22:40:48     -205.524986        0.127933
BFGS:  419 22:40:49     -205.535192        0.105744
BFGS:  420 22:40:49     -205.546161        0.108369
BFGS:  421 22:40:49     -205.556243        0.112182
BFGS:  422 22:40:49     -205.564093        0.102311
BFGS:  423 22:40:49     -205.572229        0.099132
BFGS:  424 22:40:49     -205.580368        0.106100
BFGS:  425 22:40:53     -205.591218        0.097406
BFGS:  426 22:40:53     -205.600662        0.085528
BFGS:  427 22:40:53     -205.610468        0.092365
BFGS:  428 22:40:54     -205.620960        0.090914
BFGS:  429 22:40:54     -205.632069        0.076969
BFGS:  430 22:40:54     -205.642027        0.073557
BFGS:  431 22:40:54     -205.649220        0.073826
BFGS:  432 22:40:54     -205.653340        0.066711
BFGS:  433 22:40:54     -205.658017        0.054364
BFGS:  434 22:40:54     -205.661278        0.054356
BFGS:  435 22:40:54     -205.664646        0.047947
BFGS:  436 22:40:55     -205.667755        0.046666
BFGS:  437 22:40:55     -205.670639        0.043350
BFGS:  438 22:40:55     -205.673463        0.039390
BFGS:  439 22:40:55     -205.676387        0.042372
BFGS:  440 22:40:55     -205.678956        0.047069
BFGS:  441 22:40:55     -205.681214        0.054458
BFGS:  442 22:40:55     -205.683978        0.058424
BFGS:  443 22:40:56     -205.688606        0.060015
BFGS:  444 22:40:57     -205.696510        0.060935
BFGS:  445 22:40:57     -205.703797        0.057707
BFGS:  446 22:40:57     -205.710145        0.047666
BFGS:  447 22:40:57     -205.716169        0.040269
BFGS:  448 22:40:57     -205.717332        0.034726
BFGS:  449 22:40:57     -205.718110        0.031354
BFGS:  450 22:40:58     -205.718597        0.032233
BFGS:  451 22:40:58     -205.719542        0.032592
BFGS:  452 22:40:58     -205.720248        0.031808
BFGS:  453 22:40:58     -205.720712        0.031225
BFGS:  454 22:40:58     -205.720993        0.032719
BFGS:  455 22:40:58     -205.721293        0.033709
BFGS:  456 22:40:58     -205.721753        0.034091
BFGS:  457 22:40:58     -205.722408        0.033757
BFGS:  458 22:40:59     -205.723131        0.032184
BFGS:  459 22:41:01     -205.723774        0.030764
BFGS:  460 22:41:02     -205.724388        0.034401
BFGS:  461 22:41:02     -205.725178        0.033061
BFGS:  462 22:41:02     -205.726374        0.030330
BFGS:  463 22:41:02     -205.728096        0.036791
BFGS:  464 22:41:02     -205.730299        0.046928
BFGS:  465 22:41:02     -205.732907        0.057946
BFGS:  466 22:41:02     -205.735917        0.064362
BFGS:  467 22:41:02     -205.739136        0.064898
BFGS:  468 22:41:03     -205.742435        0.064293
BFGS:  469 22:41:03     -205.746749        0.064363
BFGS:  470 22:41:03     -205.752605        0.067999
BFGS:  471 22:41:03     -205.759259        0.076880
BFGS:  472 22:41:03     -205.765477        0.088236
BFGS:  473 22:41:03     -205.770680        0.091623
BFGS:  474 22:41:03     -205.775554        0.086470
BFGS:  475 22:41:04     -205.780934        0.083974
BFGS:  476 22:41:04     -205.786673        0.086685
BFGS:  477 22:41:04     -205.792726        0.093440
BFGS:  478 22:41:04     -205.798835        0.101111
BFGS:  479 22:41:04     -205.804881        0.109696
BFGS:  480 22:41:04     -205.810688        0.118559
BFGS:  481 22:41:04     -205.816714        0.126472
BFGS:  482 22:41:04     -205.823501        0.131287
BFGS:  483 22:41:05     -205.830331        0.131266
BFGS:  484 22:41:05     -205.836512        0.126061
BFGS:  485 22:41:05     -205.841858        0.115550
BFGS:  486 22:41:05     -205.846414        0.099133
BFGS:  487 22:41:05     -205.850451        0.077915
BFGS:  488 22:41:05     -205.853982        0.073290
BFGS:  489 22:41:05     -205.857524        0.058861
BFGS:  490 22:41:05     -205.860461        0.064315
BFGS:  491 22:41:06     -205.862271        0.060273
BFGS:  492 22:41:06     -205.863819        0.054539
BFGS:  493 22:41:06     -205.865347        0.044117
BFGS:  494 22:41:06     -205.866648        0.050169
BFGS:  495 22:41:06     -205.867650        0.049701
BFGS:  496 22:41:06     -205.868625        0.045099
BFGS:  497 22:41:06     -205.869742        0.045427
BFGS:  498 22:41:06     -205.870740        0.045014
BFGS:  499 22:41:07     -205.871350        0.044658
BFGS:  500 22:41:07     -205.871768        0.044069
BFGS:  501 22:41:07     -205.872294        0.043763
BFGS:  502 22:41:07     -205.873268        0.043394
BFGS:  503 22:41:07     -205.874746        0.043300
BFGS:  504 22:41:07     -205.876318        0.043549
BFGS:  505 22:41:07     -205.877554        0.046908
BFGS:  506 22:41:08     -205.878487        0.047093
BFGS:  507 22:41:08     -205.879564        0.044699
BFGS:  508 22:41:08     -205.881318        0.044749
BFGS:  509 22:41:08     -205.884258        0.048920
BFGS:  510 22:41:08     -205.887862        0.053852
BFGS:  511 22:41:08     -205.890849        0.053628
BFGS:  512 22:41:08     -205.893197        0.056714
BFGS:  513 22:41:08     -205.895999        0.059929
BFGS:  514 22:41:09     -205.900609        0.058762
BFGS:  515 22:41:09     -205.908124        0.101675
BFGS:  516 22:41:09     -205.917825        0.141869
BFGS:  517 22:41:09     -205.926748        0.147877
BFGS:  518 22:41:09     -205.934609        0.116660
BFGS:  519 22:41:09     -205.941375        0.089521
BFGS:  520 22:41:09     -205.946720        0.078780
BFGS:  521 22:41:09     -205.953810        0.106464
BFGS:  522 22:41:10     -205.960266        0.143092
BFGS:  523 22:41:10     -205.967092        0.148708
BFGS:  524 22:41:10     -205.974482        0.116812
BFGS:  525 22:41:10     -205.982115        0.082633
BFGS:  526 22:41:10     -205.988373        0.075269
BFGS:  527 22:41:10     -205.994316        0.089955
BFGS:  528 22:41:10     -205.998801        0.095923
BFGS:  529 22:41:10     -206.007608        0.100452
BFGS:  530 22:41:11     -206.016954        0.096225
BFGS:  531 22:41:11     -206.026724        0.095606
BFGS:  532 22:41:11     -206.035737        0.096338
BFGS:  533 22:41:11     -206.042409        0.090984
BFGS:  534 22:41:11     -206.047523        0.088528
BFGS:  535 22:41:11     -206.052386        0.088887
BFGS:  536 22:41:11     -206.056787        0.091770
BFGS:  537 22:41:11     -206.060646        0.096288
BFGS:  538 22:41:12     -206.064354        0.101894
BFGS:  539 22:41:12     -206.068849        0.105291
BFGS:  540 22:41:12     -206.074682        0.119247
BFGS:  541 22:41:13     -206.081697        0.118084
BFGS:  542 22:41:13     -206.089081        0.098994
BFGS:  543 22:41:14     -206.094731        0.087688
BFGS:  544 22:41:14     -206.098480        0.064939
BFGS:  545 22:41:14     -206.101349        0.061262
BFGS:  546 22:41:14     -206.104603        0.051149
BFGS:  547 22:41:14     -206.109414        0.053358
BFGS:  548 22:41:14     -206.113575        0.067182
BFGS:  549 22:41:14     -206.116072        0.061911
BFGS:  550 22:41:15     -206.117753        0.058360
BFGS:  551 22:41:15     -206.119026        0.052572
BFGS:  552 22:41:15     -206.120586        0.047723
BFGS:  553 22:41:15     -206.122526        0.046019
BFGS:  554 22:41:15     -206.124069        0.045377
BFGS:  555 22:41:15     -206.125192        0.049024
BFGS:  556 22:41:16     -206.126084        0.051087
BFGS:  557 22:41:16     -206.127045        0.051835
BFGS:  558 22:41:19     -206.128428        0.050698
BFGS:  559 22:41:19     -206.130273        0.050919
BFGS:  560 22:41:19     -206.132003        0.052401
BFGS:  561 22:41:19     -206.133252        0.053473
BFGS:  562 22:41:19     -206.134265        0.053824
BFGS:  563 22:41:19     -206.135425        0.052749
BFGS:  564 22:41:20     -206.136917        0.050843
BFGS:  565 22:41:20     -206.138609        0.067586
BFGS:  566 22:41:20     -206.140160        0.070212
BFGS:  567 22:41:20     -206.141388        0.054969
BFGS:  568 22:41:20     -206.142381        0.048001
BFGS:  569 22:41:20     -206.143278        0.042829
BFGS:  570 22:41:20     -206.144185        0.047618
BFGS:  571 22:41:20     -206.145166        0.056027
BFGS:  572 22:41:21     -206.146236        0.056619
BFGS:  573 22:41:21     -206.147367        0.055155
BFGS:  574 22:41:21     -206.148537        0.048067
BFGS:  575 22:41:21     -206.149763        0.042477
BFGS:  576 22:41:21     -206.151014        0.066148
BFGS:  577 22:41:21     -206.152248        0.076241
BFGS:  578 22:41:21     -206.153497        0.070541
BFGS:  579 22:41:21     -206.154804        0.055309
BFGS:  580 22:41:22     -206.156123        0.041738
BFGS:  581 22:41:22     -206.157359        0.050240
BFGS:  582 22:41:22     -206.158487        0.068949
BFGS:  583 22:41:26     -206.159650        0.078579
BFGS:  584 22:41:26     -206.161156        0.073489
BFGS:  585 22:41:26     -206.163191        0.053402
BFGS:  586 22:41:26     -206.165410        0.055245
BFGS:  587 22:41:26     -206.167180        0.049906
BFGS:  588 22:41:26     -206.168411        0.047476
BFGS:  589 22:41:26     -206.169501        0.043702
BFGS:  590 22:41:27     -206.170801        0.040652
BFGS:  591 22:41:27     -206.172324        0.042689
BFGS:  592 22:41:27     -206.173803        0.049101
BFGS:  593 22:41:27     -206.175081        0.058398
BFGS:  594 22:41:27     -206.176320        0.059282
BFGS:  595 22:41:27     -206.177828        0.057610
BFGS:  596 22:41:27     -206.179869        0.054897
BFGS:  597 22:41:28     -206.182415        0.074686
BFGS:  598 22:41:28     -206.184936        0.085336
BFGS:  599 22:41:28     -206.186843        0.064339
BFGS:  600 22:41:28     -206.188155        0.043002
BFGS:  601 22:41:28     -206.189324        0.049975
BFGS:  602 22:41:28     -206.190642        0.045228
BFGS:  603 22:41:28     -206.192071        0.070688
BFGS:  604 22:41:28     -206.193384        0.077963
BFGS:  605 22:41:30     -206.194461        0.059833
BFGS:  606 22:41:30     -206.195346        0.031627
BFGS:  607 22:41:30     -206.196071        0.025272
BFGS:  608 22:41:30     -206.196670        0.039447
BFGS:  609 22:41:30     -206.197223        0.048716
BFGS:  610 22:41:31     -206.197848        0.045337
BFGS:  611 22:41:31     -206.198583        0.030468
BFGS:  612 22:41:31     -206.199237        0.023873
BFGS:  613 22:41:31     -206.199633        0.024161
BFGS:  614 22:41:31     -206.199870        0.023591
BFGS:  615 22:41:31     -206.200122        0.020671
BFGS:  616 22:41:34     -206.200488        0.025977
BFGS:  617 22:41:34     -206.200927        0.034787
BFGS:  618 22:41:34     -206.201304        0.034405
BFGS:  619 22:41:35     -206.201572        0.024680
BFGS:  620 22:41:35     -206.201805        0.018798
BFGS:  621 22:41:35     -206.202050        0.013471
BFGS:  622 22:41:35     -206.202268        0.018724
BFGS:  623 22:41:35     -206.202428        0.019501
BFGS:  624 22:41:35     -206.202559        0.017578
BFGS:  625 22:41:35     -206.202709        0.012305
BFGS:  626 22:41:36     -206.202889        0.015587
BFGS:  627 22:41:36     -206.203062        0.020692
BFGS:  628 22:41:36     -206.203194        0.020062
BFGS:  629 22:41:36     -206.203295        0.015911
BFGS:  630 22:41:36     -206.203389        0.010601
BFGS:  631 22:41:36     -206.203481        0.011848
BFGS:  632 22:41:36     -206.203566        0.018178
BFGS:  633 22:41:36     -206.203649        0.019761
BFGS:  634 22:41:37     -206.203743        0.016255
BFGS:  635 22:41:37     -206.203848        0.011133
BFGS:  636 22:41:37     -206.203935        0.009681
BFGS:  637 22:41:37     -206.203987        0.009748
BFGS:  638 22:41:37     -206.204023        0.009347
BFGS:  639 22:41:37     -206.204069        0.008405
BFGS:  640 22:41:37     -206.204141        0.007701
BFGS:  641 22:41:37     -206.204229        0.009192
BFGS:  642 22:41:38     -206.204300        0.010403
BFGS:  643 22:41:38     -206.204345        0.010722
BFGS:  644 22:41:38     -206.204385        0.011489
BFGS:  645 22:41:38     -206.204451        0.011146
BFGS:  646 22:41:38     -206.204548        0.009597
BFGS:  647 22:41:38     -206.204645        0.009925
BFGS:  648 22:41:38     -206.204700        0.009386
BFGS:  649 22:41:38     -206.204727        0.008650
BFGS:  650 22:41:39     -206.204754        0.008092
BFGS:  651 22:41:39     -206.204798        0.007698
BFGS:  652 22:41:39     -206.204850        0.007306
BFGS:  653 22:41:39     -206.204889        0.007008
BFGS:  654 22:41:39     -206.204908        0.007844
BFGS:  655 22:41:39     -206.204924        0.008257
BFGS:  656 22:41:39     -206.204951        0.008371
BFGS:  657 22:41:39     -206.204994        0.008103
BFGS:  658 22:41:40     -206.205045        0.009782
BFGS:  659 22:41:40     -206.205086        0.009205
BFGS:  660 22:41:40     -206.205118        0.008772
BFGS:  661 22:41:40     -206.205157        0.008872
BFGS:  662 22:41:40     -206.205215        0.008390
BFGS:  663 22:41:40     -206.205280        0.007501
BFGS:  664 22:41:40     -206.205326        0.008998
BFGS:  665 22:41:41     -206.205353        0.009468
BFGS:  666 22:41:41     -206.205379        0.009109
BFGS:  667 22:41:41     -206.205420        0.007824
BFGS:  668 22:41:41     -206.205471        0.007608
BFGS:  669 22:41:41     -206.205510        0.006831
BFGS:  670 22:41:41     -206.205528        0.006027
BFGS:  671 22:41:41     -206.205540        0.005626
BFGS:  672 22:41:41     -206.205556        0.005078
BFGS:  673 22:41:42     -206.205577        0.005710
BFGS:  674 22:41:42     -206.205595        0.005368
BFGS:  675 22:41:42     -206.205606        0.005491
BFGS:  676 22:41:42     -206.205613        0.005302
BFGS:  677 22:41:42     -206.205621        0.004999
BFGS:  678 22:41:42     -206.205630        0.004991
BFGS:  679 22:41:42     -206.205640        0.005175
BFGS:  680 22:41:42     -206.205649        0.005459
BFGS:  681 22:41:43     -206.205661        0.005606
BFGS:  682 22:41:43     -206.205676        0.005290
BFGS:  683 22:41:43     -206.205691        0.004936
BFGS:  684 22:41:43     -206.205702        0.005090
BFGS:  685 22:41:43     -206.205709        0.005493
BFGS:  686 22:41:43     -206.205718        0.005824
BFGS:  687 22:41:43     -206.205734        0.005541
BFGS:  688 22:41:43     -206.205756        0.004505
BFGS:  689 22:41:44     -206.205773        0.004662
BFGS:  690 22:41:44     -206.205780        0.004618
BFGS:  691 22:41:44     -206.205784        0.004458
BFGS:  692 22:41:44     -206.205789        0.004283
BFGS:  693 22:41:49     -206.205800        0.004175
BFGS:  694 22:41:49     -206.205818        0.004578
BFGS:  695 22:41:49     -206.205838        0.005230
BFGS:  696 22:41:49     -206.205850        0.005673
BFGS:  697 22:41:49     -206.205857        0.005719
BFGS:  698 22:41:49     -206.205863        0.005502
BFGS:  699 22:41:50     -206.205873        0.004898
BFGS:  700 22:41:50     -206.205885        0.004119
BFGS:  701 22:41:50     -206.205895        0.004398
BFGS:  702 22:41:50     -206.205900        0.004314
BFGS:  703 22:41:50     -206.205906        0.004307
BFGS:  704 22:41:50     -206.205915        0.004019
BFGS:  705 22:41:50     -206.205927        0.003990
BFGS:  706 22:41:50     -206.205940        0.004070
BFGS:  707 22:41:51     -206.205948        0.004053
BFGS:  708 22:41:51     -206.205955        0.004037
BFGS:  709 22:41:54     -206.205965        0.003795
BFGS:  710 22:41:54     -206.205982        0.003796
BFGS:  711 22:41:54     -206.205999        0.003908
BFGS:  712 22:41:54     -206.206011        0.004125
BFGS:  713 22:41:54     -206.206018        0.003730
BFGS:  714 22:41:55     -206.206025        0.003499
BFGS:  715 22:41:55     -206.206038        0.003281
BFGS:  716 22:41:55     -206.206054        0.003917
BFGS:  717 22:41:55     -206.206068        0.004633
BFGS:  718 22:41:55     -206.206077        0.004697
BFGS:  719 22:41:55     -206.206085        0.004066
BFGS:  720 22:41:55     -206.206096        0.004210
BFGS:  721 22:41:55     -206.206109        0.004531
BFGS:  722 22:41:56     -206.206122        0.005881
BFGS:  723 22:41:56     -206.206132        0.005941
BFGS:  724 22:41:56     -206.206143        0.004432
BFGS:  725 22:41:56     -206.206156        0.003308
BFGS:  726 22:41:56     -206.206167        0.003363
BFGS:  727 22:41:56     -206.206175        0.004027
BFGS:  728 22:41:56     -206.206182        0.004484
BFGS:  729 22:41:57     -206.206192        0.004004
BFGS:  730 22:41:57     -206.206204        0.002642
BFGS:  731 22:41:57     -206.206213        0.002108
BFGS:  732 22:41:57     -206.206217        0.001696
BFGS:  733 22:41:57     -206.206218        0.001454
BFGS:  734 22:41:57     -206.206221        0.001510
BFGS:  735 22:41:57     -206.206225        0.001597
BFGS:  736 22:41:57     -206.206230        0.001538
BFGS:  737 22:41:58     -206.206233        0.001674
BFGS:  738 22:41:58     -206.206234        0.001579
BFGS:  739 22:41:58     -206.206235        0.001327
BFGS:  740 22:41:58     -206.206237        0.001413
BFGS:  741 22:41:58     -206.206240        0.001425
BFGS:  742 22:41:58     -206.206242        0.001123
BFGS:  743 22:41:58     -206.206242        0.000923
