      Step     Time          Energy          fmax
BFGS:    0 05:12:06      190.913785      200.971700
BFGS:    1 05:12:07       -8.151275       62.936261
BFGS:    2 05:12:07      -68.764603       33.790811
BFGS:    3 05:12:07      -99.473238       17.641333
BFGS:    4 05:12:07     -115.853260        9.669005
BFGS:    5 05:12:07     -126.317871        6.351675
BFGS:    6 05:12:07     -134.116159        5.992348
BFGS:    7 05:12:07     -140.572122        5.652084
BFGS:    8 05:12:07     -146.166059        5.321558
BFGS:    9 05:12:08     -151.083853        5.002416
BFGS:   10 05:12:08     -155.419507        4.699034
BFGS:   11 05:12:08     -159.241149        4.412100
BFGS:   12 05:12:08     -162.605894        4.141591
BFGS:   13 05:12:08     -165.567245        3.887592
BFGS:   14 05:12:08     -168.172877        3.650632
BFGS:   15 05:12:08     -170.467492        3.431092
BFGS:   16 05:12:09     -172.492252        3.228456
BFGS:   17 05:12:09     -174.286864        3.043098
BFGS:   18 05:12:09     -175.892225        2.874688
BFGS:   19 05:12:09     -177.347761        2.721745
BFGS:   20 05:12:09     -178.690324        2.582596
BFGS:   21 05:12:09     -179.953429        2.455815
BFGS:   22 05:12:09     -181.163994        2.339958
BFGS:   23 05:12:09     -182.341907        2.233972
BFGS:   24 05:12:10     -183.498963        2.135980
BFGS:   25 05:12:10     -184.639733        2.061778
BFGS:   26 05:12:10     -185.764882        2.073489
BFGS:   27 05:12:10     -186.873165        2.063036
BFGS:   28 05:12:10     -187.962611        2.032763
BFGS:   29 05:12:10     -189.030608        1.985335
BFGS:   30 05:12:10     -190.074987        1.923489
BFGS:   31 05:12:11     -191.095080        1.849851
BFGS:   32 05:12:11     -192.090785        1.766969
BFGS:   33 05:12:11     -193.062649        1.677398
BFGS:   34 05:12:11     -194.012082        1.583808
BFGS:   35 05:12:11     -194.940357        1.488672
BFGS:   36 05:12:11     -195.847328        1.393694
BFGS:   37 05:12:11     -196.730989        1.299985
BFGS:   38 05:12:11     -197.588434        1.208608
BFGS:   39 05:12:12     -198.418966        1.122126
BFGS:   40 05:12:12     -199.221169        1.072901
BFGS:   41 05:12:12     -199.992346        1.026647
BFGS:   42 05:12:12     -200.732692        0.983903
BFGS:   43 05:12:12     -201.443478        0.945219
BFGS:   44 05:12:12     -202.124370        0.947488
BFGS:   45 05:12:12     -202.776761        0.981053
BFGS:   46 05:12:12     -203.404999        1.017839
BFGS:   47 05:12:13     -204.015677        1.055665
BFGS:   48 05:12:13     -204.615833        1.091479
BFGS:   49 05:12:13     -205.213161        1.122140
BFGS:   50 05:12:13     -205.813582        1.145079
BFGS:   51 05:12:13     -206.420361        1.158248
BFGS:   52 05:12:13     -207.036847        1.159286
BFGS:   53 05:12:13     -207.668735        1.144526
BFGS:   54 05:12:13     -208.331672        1.107084
BFGS:   55 05:12:14     -209.063795        1.118503
BFGS:   56 05:12:14     -209.954699        1.334280
BFGS:   57 05:12:14     -210.893247        1.233071
BFGS:   58 05:12:14     -211.567868        0.847594
BFGS:   59 05:12:14     -212.153882        0.636113
BFGS:   60 05:12:14     -212.898211        0.639746
BFGS:   61 05:12:14     -213.362183        0.665176
BFGS:   62 05:12:14     -213.744177        0.643889
BFGS:   63 05:12:15     -214.078912        0.595914
BFGS:   64 05:12:15     -214.382507        0.581806
BFGS:   65 05:12:15     -214.665312        0.580612
BFGS:   66 05:12:15     -214.933933        0.616094
BFGS:   67 05:12:15     -215.192872        0.640438
BFGS:   68 05:12:15     -215.445174        0.651695
BFGS:   69 05:12:15     -215.692667        0.649194
BFGS:   70 05:12:15     -215.937821        0.632735
BFGS:   71 05:12:16     -216.182767        0.602348
BFGS:   72 05:12:16     -216.426660        0.559253
BFGS:   73 05:12:16     -216.666576        0.559726
BFGS:   74 05:12:16     -216.900166        0.597739
BFGS:   75 05:12:16     -217.126544        0.620096
BFGS:   76 05:12:16     -217.344773        0.628049
BFGS:   77 05:12:16     -217.553560        0.622867
BFGS:   78 05:12:17     -217.751765        0.606210
BFGS:   79 05:12:17     -217.938456        0.580498
BFGS:   80 05:12:17     -218.113125        0.549043
BFGS:   81 05:12:17     -218.276622        0.515207
BFGS:   82 05:12:17     -218.432582        0.481395
BFGS:   83 05:12:17     -218.585813        0.449824
BFGS:   84 05:12:17     -218.738611        0.422208
BFGS:   85 05:12:17     -218.895268        0.394933
BFGS:   86 05:12:18     -219.070879        0.384067
BFGS:   87 05:12:18     -219.248516        0.347020
BFGS:   88 05:12:18     -219.377602        0.352938
BFGS:   89 05:12:18     -219.504895        0.303297
BFGS:   90 05:12:18     -219.581520        0.277102
BFGS:   91 05:12:18     -219.653362        0.270099
BFGS:   92 05:12:18     -219.729968        0.271327
BFGS:   93 05:12:18     -219.796778        0.256539
BFGS:   94 05:12:19     -219.851266        0.236203
BFGS:   95 05:12:19     -219.902361        0.263292
BFGS:   96 05:12:19     -219.947515        0.269331
BFGS:   97 05:12:19     -219.990210        0.243525
BFGS:   98 05:12:19     -220.043038        0.190854
BFGS:   99 05:12:19     -220.082488        0.196054
BFGS:  100 05:12:19     -220.120206        0.197974
BFGS:  101 05:12:19     -220.163162        0.172863
BFGS:  102 05:12:20     -220.207957        0.157698
BFGS:  103 05:12:20     -220.245056        0.179149
BFGS:  104 05:12:20     -220.279151        0.170889
BFGS:  105 05:12:20     -220.317915        0.233163
BFGS:  106 05:12:20     -220.358827        0.261069
BFGS:  107 05:12:20     -220.391846        0.243776
BFGS:  108 05:12:20     -220.414402        0.210542
BFGS:  109 05:12:20     -220.433874        0.183520
BFGS:  110 05:12:21     -220.458300        0.165917
BFGS:  111 05:12:21     -220.490722        0.176851
BFGS:  112 05:12:21     -220.525163        0.201139
BFGS:  113 05:12:21     -220.553527        0.189863
BFGS:  114 05:12:21     -220.578691        0.201864
BFGS:  115 05:12:21     -220.606056        0.209413
BFGS:  116 05:12:21     -220.631875        0.190783
BFGS:  117 05:12:21     -220.653016        0.146472
BFGS:  118 05:12:22     -220.670757        0.136343
BFGS:  119 05:12:22     -220.690225        0.126760
BFGS:  120 05:12:22     -220.714125        0.127967
BFGS:  121 05:12:22     -220.735719        0.169878
BFGS:  122 05:12:22     -220.751243        0.183297
BFGS:  123 05:12:22     -220.764757        0.171613
BFGS:  124 05:12:22     -220.781495        0.156157
BFGS:  125 05:12:22     -220.802052        0.168827
BFGS:  126 05:12:23     -220.822378        0.202498
BFGS:  127 05:12:23     -220.841576        0.218149
BFGS:  128 05:12:23     -220.864134        0.207937
BFGS:  129 05:12:23     -220.894777        0.179472
BFGS:  130 05:12:23     -220.931574        0.182132
BFGS:  131 05:12:23     -220.965159        0.172610
BFGS:  132 05:12:23     -220.988965        0.169675
BFGS:  133 05:12:23     -221.005920        0.148058
BFGS:  134 05:12:24     -221.030691        0.142772
BFGS:  135 05:12:24     -221.063080        0.148336
BFGS:  136 05:12:24     -221.093352        0.201597
BFGS:  137 05:12:24     -221.114503        0.229494
BFGS:  138 05:12:24     -221.131554        0.202919
BFGS:  139 05:12:24     -221.149550        0.162996
BFGS:  140 05:12:24     -221.170649        0.153326
BFGS:  141 05:12:24     -221.187991        0.131677
BFGS:  142 05:12:25     -221.199238        0.157909
BFGS:  143 05:12:25     -221.210452        0.168564
BFGS:  144 05:12:25     -221.228801        0.156900
BFGS:  145 05:12:25     -221.254055        0.132465
BFGS:  146 05:12:25     -221.277665        0.123545
BFGS:  147 05:12:25     -221.291334        0.133383
BFGS:  148 05:12:25     -221.302047        0.124480
BFGS:  149 05:12:25     -221.317571        0.114206
BFGS:  150 05:12:26     -221.337572        0.121733
BFGS:  151 05:12:26     -221.355866        0.118464
BFGS:  152 05:12:26     -221.368626        0.120598
BFGS:  153 05:12:26     -221.380075        0.139063
BFGS:  154 05:12:26     -221.396223        0.145563
BFGS:  155 05:12:26     -221.419056        0.125033
BFGS:  156 05:12:26     -221.443328        0.101206
BFGS:  157 05:12:26     -221.458788        0.108857
BFGS:  158 05:12:27     -221.467734        0.118155
BFGS:  159 05:12:27     -221.477332        0.126254
BFGS:  160 05:12:27     -221.496207        0.127116
BFGS:  161 05:12:27     -221.528882        0.114454
BFGS:  162 05:12:27     -221.562474        0.113154
BFGS:  163 05:12:27     -221.593905        0.129198
BFGS:  164 05:12:27     -221.621234        0.146963
BFGS:  165 05:12:27     -221.647257        0.167609
BFGS:  166 05:12:28     -221.668128        0.157952
BFGS:  167 05:12:28     -221.688653        0.136533
BFGS:  168 05:12:28     -221.717829        0.112580
BFGS:  169 05:12:28     -221.745701        0.144988
BFGS:  170 05:12:28     -221.769788        0.162092
BFGS:  171 05:12:28     -221.786377        0.160118
BFGS:  172 05:12:28     -221.801415        0.133243
BFGS:  173 05:12:28     -221.816710        0.137765
BFGS:  174 05:12:28     -221.839738        0.127444
BFGS:  175 05:12:29     -221.859641        0.131974
BFGS:  176 05:12:29     -221.873038        0.130183
BFGS:  177 05:12:29     -221.890334        0.138332
BFGS:  178 05:12:29     -221.916865        0.153487
BFGS:  179 05:12:29     -221.943582        0.169393
BFGS:  180 05:12:29     -221.973421        0.178265
BFGS:  181 05:12:29     -222.003868        0.181407
BFGS:  182 05:12:29     -222.038779        0.177945
BFGS:  183 05:12:30     -222.071672        0.182167
BFGS:  184 05:12:30     -222.115783        0.171182
BFGS:  185 05:12:30     -222.132762        0.147898
BFGS:  186 05:12:30     -222.148694        0.170375
BFGS:  187 05:12:30     -222.161031        0.157117
BFGS:  188 05:12:30     -222.182751        0.133645
BFGS:  189 05:12:30     -222.204151        0.123703
BFGS:  190 05:12:30     -222.256392        0.120236
BFGS:  191 05:12:31     -222.311692        0.127389
BFGS:  192 05:12:31     -222.338956        0.134373
BFGS:  193 05:12:31     -222.353569        0.124181
BFGS:  194 05:12:31     -222.364750        0.115185
BFGS:  195 05:12:31     -222.381580        0.114051
BFGS:  196 05:12:31     -222.413322        0.117324
BFGS:  197 05:12:31     -222.443055        0.134340
BFGS:  198 05:12:31     -222.467543        0.144936
BFGS:  199 05:12:32     -222.485315        0.102303
BFGS:  200 05:12:32     -222.496953        0.097067
BFGS:  201 05:12:32     -222.504625        0.092376
BFGS:  202 05:12:32     -222.514207        0.102332
BFGS:  203 05:12:32     -222.527095        0.102602
BFGS:  204 05:12:32     -222.545738        0.079946
BFGS:  205 05:12:32     -222.565674        0.077515
BFGS:  206 05:12:32     -222.580975        0.084895
BFGS:  207 05:12:33     -222.589489        0.077024
BFGS:  208 05:12:33     -222.595965        0.079730
BFGS:  209 05:12:33     -222.604281        0.079406
BFGS:  210 05:12:33     -222.612902        0.085390
BFGS:  211 05:12:33     -222.622279        0.086803
BFGS:  212 05:12:33     -222.633115        0.080166
BFGS:  213 05:12:33     -222.645519        0.068205
BFGS:  214 05:12:33     -222.658848        0.072971
BFGS:  215 05:12:34     -222.671141        0.072077
BFGS:  216 05:12:34     -222.680373        0.071700
BFGS:  217 05:12:34     -222.686383        0.075734
BFGS:  218 05:12:34     -222.691091        0.074552
BFGS:  219 05:12:34     -222.696961        0.070033
BFGS:  220 05:12:34     -222.706192        0.073706
BFGS:  221 05:12:34     -222.719961        0.074768
BFGS:  222 05:12:35     -222.735273        0.071471
BFGS:  223 05:12:35     -222.745373        0.065985
BFGS:  224 05:12:35     -222.749537        0.057716
BFGS:  225 05:12:35     -222.752497        0.063980
BFGS:  226 05:12:35     -222.757828        0.064211
BFGS:  227 05:12:35     -222.767079        0.081607
BFGS:  228 05:12:35     -222.779829        0.091013
BFGS:  229 05:12:35     -222.789475        0.058955
BFGS:  230 05:12:35     -222.793139        0.044262
BFGS:  231 05:12:36     -222.794483        0.042619
BFGS:  232 05:12:36     -222.795895        0.042993
BFGS:  233 05:12:36     -222.798701        0.043896
BFGS:  234 05:12:36     -222.803292        0.044334
BFGS:  235 05:12:36     -222.807933        0.044515
BFGS:  236 05:12:36     -222.810287        0.043945
BFGS:  237 05:12:36     -222.811226        0.043625
BFGS:  238 05:12:36     -222.812271        0.043352
BFGS:  239 05:12:37     -222.814556        0.043077
BFGS:  240 05:12:37     -222.819113        0.047122
BFGS:  241 05:12:37     -222.826421        0.057047
BFGS:  242 05:12:37     -222.833630        0.046920
BFGS:  243 05:12:37     -222.837623        0.043304
BFGS:  244 05:12:37     -222.838901        0.043302
BFGS:  245 05:12:37     -222.839693        0.043169
BFGS:  246 05:12:37     -222.841314        0.042780
BFGS:  247 05:12:38     -222.844354        0.042106
BFGS:  248 05:12:38     -222.849561        0.043645
BFGS:  249 05:12:38     -222.855301        0.040176
BFGS:  250 05:12:38     -222.858859        0.039986
BFGS:  251 05:12:38     -222.860326        0.040253
BFGS:  252 05:12:38     -222.861308        0.040419
BFGS:  253 05:12:38     -222.862989        0.040345
BFGS:  254 05:12:38     -222.866304        0.046423
BFGS:  255 05:12:39     -222.872062        0.058753
BFGS:  256 05:12:39     -222.879163        0.056215
BFGS:  257 05:12:39     -222.884184        0.033202
BFGS:  258 05:12:39     -222.886037        0.030792
BFGS:  259 05:12:39     -222.886712        0.030765
BFGS:  260 05:12:39     -222.887641        0.030729
BFGS:  261 05:12:39     -222.889615        0.031834
BFGS:  262 05:12:40     -222.893488        0.044003
BFGS:  263 05:12:40     -222.899522        0.049673
BFGS:  264 05:12:40     -222.905321        0.043375
BFGS:  265 05:12:40     -222.908237        0.038623
BFGS:  266 05:12:40     -222.909332        0.033722
BFGS:  267 05:12:40     -222.910365        0.030366
BFGS:  268 05:12:40     -222.912589        0.035646
BFGS:  269 05:12:40     -222.916912        0.045400
BFGS:  270 05:12:41     -222.923619        0.048007
BFGS:  271 05:12:41     -222.929417        0.035500
BFGS:  272 05:12:41     -222.931969        0.039128
BFGS:  273 05:12:41     -222.933055        0.043166
BFGS:  274 05:12:41     -222.934290        0.046105
BFGS:  275 05:12:41     -222.937571        0.050233
BFGS:  276 05:12:41     -222.943970        0.052107
BFGS:  277 05:12:41     -222.954288        0.065284
BFGS:  278 05:12:42     -222.964287        0.072674
BFGS:  279 05:12:42     -222.968829        0.066308
BFGS:  280 05:12:42     -222.970373        0.058838
BFGS:  281 05:12:42     -222.972340        0.050853
BFGS:  282 05:12:42     -222.976743        0.049856
BFGS:  283 05:12:42     -222.986300        0.052849
BFGS:  284 05:12:42     -222.999194        0.060216
BFGS:  285 05:12:42     -223.010655        0.054576
BFGS:  286 05:12:43     -223.020950        0.052636
BFGS:  287 05:12:43     -223.026677        0.055513
BFGS:  288 05:12:43     -223.027989        0.055251
BFGS:  289 05:12:43     -223.030305        0.054485
BFGS:  290 05:12:43     -223.033972        0.053933
BFGS:  291 05:12:43     -223.041090        0.049811
BFGS:  292 05:12:43     -223.058299        0.063637
BFGS:  293 05:12:43     -223.071745        0.068469
BFGS:  294 05:12:44     -223.079647        0.060629
BFGS:  295 05:12:44     -223.081935        0.050599
BFGS:  296 05:12:44     -223.083386        0.056709
BFGS:  297 05:12:44     -223.085400        0.069311
BFGS:  298 05:12:44     -223.090012        0.090647
BFGS:  299 05:12:44     -223.098680        0.108208
BFGS:  300 05:12:44     -223.111571        0.102887
BFGS:  301 05:12:44     -223.123652        0.082385
BFGS:  302 05:12:45     -223.130262        0.060911
BFGS:  303 05:12:45     -223.133014        0.056657
BFGS:  304 05:12:45     -223.134594        0.054888
BFGS:  305 05:12:45     -223.138059        0.049678
BFGS:  306 05:12:45     -223.143658        0.046795
BFGS:  307 05:12:45     -223.157810        0.070330
BFGS:  308 05:12:45     -223.178713        0.138214
BFGS:  309 05:12:45     -223.195396        0.189763
BFGS:  310 05:12:46     -223.211930        0.137646
BFGS:  311 05:12:46     -223.229818        0.115977
BFGS:  312 05:12:46     -223.237758        0.088509
BFGS:  313 05:12:46     -223.241896        0.079518
BFGS:  314 05:12:46     -223.246322        0.082474
BFGS:  315 05:12:46     -223.254490        0.071043
BFGS:  316 05:12:46     -223.261127        0.078616
BFGS:  317 05:12:46     -223.266969        0.097699
BFGS:  318 05:12:47     -223.272402        0.100318
BFGS:  319 05:12:47     -223.278164        0.083161
BFGS:  320 05:12:47     -223.284101        0.063789
BFGS:  321 05:12:47     -223.289782        0.073352
BFGS:  322 05:12:47     -223.295574        0.065812
BFGS:  323 05:12:47     -223.301667        0.063209
BFGS:  324 05:12:47     -223.308396        0.064209
BFGS:  325 05:12:47     -223.313232        0.071009
BFGS:  326 05:12:48     -223.316442        0.071442
BFGS:  327 05:12:48     -223.319644        0.069654
BFGS:  328 05:12:48     -223.324463        0.059711
BFGS:  329 05:12:48     -223.331574        0.065981
BFGS:  330 05:12:48     -223.339910        0.113518
BFGS:  331 05:12:48     -223.348389        0.145932
BFGS:  332 05:12:48     -223.358000        0.159465
BFGS:  333 05:12:48     -223.371875        0.150316
BFGS:  334 05:12:49     -223.388732        0.132071
BFGS:  335 05:12:49     -223.407503        0.117763
BFGS:  336 05:12:49     -223.427671        0.119199
BFGS:  337 05:12:49     -223.439699        0.116726
BFGS:  338 05:12:49     -223.450349        0.106593
BFGS:  339 05:12:49     -223.457442        0.082032
BFGS:  340 05:12:49     -223.465731        0.067184
BFGS:  341 05:12:49     -223.477122        0.085656
BFGS:  342 05:12:50     -223.490759        0.114770
BFGS:  343 05:12:50     -223.502293        0.126973
BFGS:  344 05:12:50     -223.517566        0.125812
BFGS:  345 05:12:50     -223.529914        0.131255
BFGS:  346 05:12:50     -223.538232        0.128343
BFGS:  347 05:12:50     -223.547395        0.124027
BFGS:  348 05:12:50     -223.553495        0.095936
BFGS:  349 05:12:50     -223.558237        0.082928
BFGS:  350 05:12:51     -223.561765        0.091248
BFGS:  351 05:12:51     -223.565473        0.095322
BFGS:  352 05:12:51     -223.569060        0.096848
BFGS:  353 05:12:51     -223.572601        0.093462
BFGS:  354 05:12:51     -223.576518        0.087871
BFGS:  355 05:12:51     -223.580929        0.076548
BFGS:  356 05:12:51     -223.585747        0.080722
BFGS:  357 05:12:51     -223.590670        0.093066
BFGS:  358 05:12:52     -223.595333        0.090691
BFGS:  359 05:12:52     -223.600053        0.082327
BFGS:  360 05:12:52     -223.605449        0.072134
BFGS:  361 05:12:52     -223.610996        0.071775
BFGS:  362 05:12:52     -223.616072        0.073239
BFGS:  363 05:12:52     -223.620087        0.063102
BFGS:  364 05:12:52     -223.623105        0.050320
BFGS:  365 05:12:52     -223.625708        0.044453
BFGS:  366 05:12:53     -223.627980        0.038821
BFGS:  367 05:12:53     -223.629916        0.041833
BFGS:  368 05:12:53     -223.631927        0.040012
BFGS:  369 05:12:53     -223.633963        0.039536
BFGS:  370 05:12:53     -223.635611        0.041139
BFGS:  371 05:12:53     -223.636789        0.041664
BFGS:  372 05:12:53     -223.637653        0.040903
BFGS:  373 05:12:53     -223.638623        0.040265
BFGS:  374 05:12:54     -223.640037        0.039935
BFGS:  375 05:12:54     -223.641652        0.040660
BFGS:  376 05:12:54     -223.642939        0.042197
BFGS:  377 05:12:54     -223.643835        0.043815
BFGS:  378 05:12:54     -223.644744        0.045399
BFGS:  379 05:12:54     -223.646193        0.047534
BFGS:  380 05:12:54     -223.648457        0.050367
BFGS:  381 05:12:54     -223.651067        0.053319
BFGS:  382 05:12:55     -223.653164        0.061818
BFGS:  383 05:12:55     -223.654741        0.065070
BFGS:  384 05:12:55     -223.656502        0.058924
BFGS:  385 05:12:55     -223.659327        0.061090
BFGS:  386 05:12:55     -223.663492        0.066608
BFGS:  387 05:12:55     -223.667979        0.073325
BFGS:  388 05:12:55     -223.671717        0.081512
BFGS:  389 05:12:55     -223.674999        0.089546
BFGS:  390 05:12:56     -223.678573        0.085180
BFGS:  391 05:12:56     -223.684438        0.092042
BFGS:  392 05:12:56     -223.693160        0.101615
BFGS:  393 05:12:56     -223.703265        0.116965
BFGS:  394 05:12:56     -223.714911        0.127975
BFGS:  395 05:12:56     -223.728445        0.165102
BFGS:  396 05:12:56     -223.742926        0.193647
BFGS:  397 05:12:56     -223.765570        0.223587
BFGS:  398 05:12:57     -223.786360        0.221611
BFGS:  399 05:12:57     -223.812466        0.235646
BFGS:  400 05:12:57     -223.839724        0.237866
BFGS:  401 05:12:57     -223.870809        0.238037
BFGS:  402 05:12:57     -223.901858        0.239180
BFGS:  403 05:12:57     -223.936221        0.235636
BFGS:  404 05:12:57     -223.968722        0.244516
BFGS:  405 05:12:58     -224.005838        0.260690
BFGS:  406 05:12:58     -224.037081        0.273649
BFGS:  407 05:12:58     -224.075875        0.281844
BFGS:  408 05:12:58     -224.105935        0.288910
BFGS:  409 05:12:58     -224.142584        0.290739
BFGS:  410 05:12:58     -224.174295        0.303796
BFGS:  411 05:12:58     -224.210299        0.313600
BFGS:  412 05:12:58     -224.244097        0.325635
BFGS:  413 05:12:59     -224.281061        0.332811
BFGS:  414 05:12:59     -224.316802        0.342103
BFGS:  415 05:12:59     -224.355360        0.346864
BFGS:  416 05:12:59     -224.393057        0.354164
BFGS:  417 05:12:59     -224.433944        0.356964
BFGS:  418 05:12:59     -224.474379        0.362160
BFGS:  419 05:12:59     -224.519396        0.362814
BFGS:  420 05:12:59     -224.563572        0.365993
BFGS:  421 05:13:00     -224.615494        0.362582
BFGS:  422 05:13:00     -224.662822        0.363922
BFGS:  423 05:13:00     -224.722443        0.355003
BFGS:  424 05:13:00     -224.774966        0.351999
BFGS:  425 05:13:00     -224.839071        0.347172
BFGS:  426 05:13:00     -224.900613        0.361257
BFGS:  427 05:13:00     -224.971255        0.377892
BFGS:  428 05:13:00     -225.042276        0.393228
BFGS:  429 05:13:01     -225.120410        0.411694
BFGS:  430 05:13:01     -225.197676        0.425710
BFGS:  431 05:13:01     -225.282057        0.446446
BFGS:  432 05:13:01     -225.359290        0.451292
BFGS:  433 05:13:01     -225.442209        0.472163
BFGS:  434 05:13:01     -225.510970        0.453232
BFGS:  435 05:13:01     -225.589411        0.444714
BFGS:  436 05:13:01     -225.653480        0.391302
BFGS:  437 05:13:02     -225.740330        0.366436
BFGS:  438 05:13:02     -225.813492        0.291046
BFGS:  439 05:13:02     -225.853627        0.225144
BFGS:  440 05:13:02     -225.894137        0.216975
BFGS:  441 05:13:02     -225.941646        0.231370
BFGS:  442 05:13:02     -225.979052        0.220093
BFGS:  443 05:13:02     -226.008299        0.235582
BFGS:  444 05:13:02     -226.036445        0.221544
BFGS:  445 05:13:03     -226.059545        0.227545
BFGS:  446 05:13:03     -226.088432        0.212119
BFGS:  447 05:13:03     -226.123275        0.215039
BFGS:  448 05:13:03     -226.152928        0.190821
BFGS:  449 05:13:03     -226.176354        0.190914
BFGS:  450 05:13:03     -226.192445        0.172816
BFGS:  451 05:13:03     -226.202516        0.143671
BFGS:  452 05:13:03     -226.214150        0.120993
BFGS:  453 05:13:04     -226.229156        0.103067
BFGS:  454 05:13:04     -226.244783        0.104419
BFGS:  455 05:13:04     -226.258686        0.097501
BFGS:  456 05:13:04     -226.268240        0.099259
BFGS:  457 05:13:04     -226.275318        0.102892
BFGS:  458 05:13:04     -226.282530        0.098051
BFGS:  459 05:13:04     -226.290574        0.085343
BFGS:  460 05:13:05     -226.300069        0.074780
BFGS:  461 05:13:05     -226.310558        0.070532
BFGS:  462 05:13:05     -226.320495        0.081269
BFGS:  463 05:13:05     -226.328160        0.090797
BFGS:  464 05:13:05     -226.333773        0.088438
BFGS:  465 05:13:05     -226.339100        0.078504
BFGS:  466 05:13:05     -226.345768        0.070458
BFGS:  467 05:13:05     -226.353884        0.068447
BFGS:  468 05:13:06     -226.361970        0.086723
BFGS:  469 05:13:06     -226.368920        0.095747
BFGS:  470 05:13:06     -226.374805        0.096357
BFGS:  471 05:13:06     -226.380281        0.094428
BFGS:  472 05:13:06     -226.385782        0.077534
BFGS:  473 05:13:06     -226.391378        0.066502
BFGS:  474 05:13:06     -226.397169        0.064950
BFGS:  475 05:13:06     -226.403027        0.061922
BFGS:  476 05:13:07     -226.408244        0.074615
BFGS:  477 05:13:07     -226.412438        0.078148
BFGS:  478 05:13:07     -226.416145        0.077371
BFGS:  479 05:13:07     -226.420100        0.069281
BFGS:  480 05:13:07     -226.424466        0.052207
BFGS:  481 05:13:07     -226.428700        0.061412
BFGS:  482 05:13:07     -226.432111        0.068448
BFGS:  483 05:13:08     -226.434769        0.066699
BFGS:  484 05:13:08     -226.437136        0.059291
BFGS:  485 05:13:08     -226.439494        0.045248
BFGS:  486 05:13:08     -226.442124        0.042595
BFGS:  487 05:13:08     -226.445181        0.039033
BFGS:  488 05:13:08     -226.448166        0.042981
BFGS:  489 05:13:08     -226.450277        0.053450
BFGS:  490 05:13:08     -226.451565        0.057633
BFGS:  491 05:13:09     -226.452682        0.054300
BFGS:  492 05:13:09     -226.454162        0.044399
BFGS:  493 05:13:09     -226.456089        0.037804
BFGS:  494 05:13:09     -226.458000        0.031909
BFGS:  495 05:13:09     -226.459340        0.032474
BFGS:  496 05:13:09     -226.460123        0.029582
BFGS:  497 05:13:09     -226.460713        0.026889
BFGS:  498 05:13:09     -226.461378        0.025898
BFGS:  499 05:13:10     -226.462141        0.024736
BFGS:  500 05:13:10     -226.462960        0.020883
BFGS:  501 05:13:10     -226.463750        0.024498
BFGS:  502 05:13:10     -226.464428        0.026009
BFGS:  503 05:13:10     -226.464978        0.026388
BFGS:  504 05:13:10     -226.465514        0.026887
BFGS:  505 05:13:10     -226.466169        0.024780
BFGS:  506 05:13:10     -226.466965        0.020232
BFGS:  507 05:13:11     -226.467737        0.022992
BFGS:  508 05:13:11     -226.468305        0.023536
BFGS:  509 05:13:11     -226.468708        0.023021
BFGS:  510 05:13:11     -226.469124        0.020989
BFGS:  511 05:13:11     -226.469681        0.018777
BFGS:  512 05:13:11     -226.470319        0.015606
BFGS:  513 05:13:11     -226.470838        0.015494
BFGS:  514 05:13:11     -226.471149        0.018008
BFGS:  515 05:13:12     -226.471347        0.018217
BFGS:  516 05:13:12     -226.471532        0.016685
BFGS:  517 05:13:12     -226.471747        0.014063
BFGS:  518 05:13:12     -226.471981        0.013894
BFGS:  519 05:13:12     -226.472205        0.013669
BFGS:  520 05:13:12     -226.472380        0.013423
BFGS:  521 05:13:12     -226.472497        0.013185
BFGS:  522 05:13:13     -226.472583        0.012993
BFGS:  523 05:13:13     -226.472673        0.012797
BFGS:  524 05:13:13     -226.472802        0.012559
BFGS:  525 05:13:13     -226.472981        0.012258
BFGS:  526 05:13:13     -226.473176        0.014888
BFGS:  527 05:13:13     -226.473326        0.017632
BFGS:  528 05:13:13     -226.473430        0.017586
BFGS:  529 05:13:13     -226.473534        0.014713
BFGS:  530 05:13:14     -226.473681        0.011152
BFGS:  531 05:13:14     -226.473864        0.010867
BFGS:  532 05:13:14     -226.474022        0.012924
BFGS:  533 05:13:14     -226.474115        0.013711
BFGS:  534 05:13:14     -226.474177        0.011473
BFGS:  535 05:13:14     -226.474260        0.010179
BFGS:  536 05:13:14     -226.474399        0.010894
BFGS:  537 05:13:14     -226.474595        0.010105
BFGS:  538 05:13:15     -226.474783        0.012750
BFGS:  539 05:13:15     -226.474904        0.013050
BFGS:  540 05:13:15     -226.474989        0.013761
BFGS:  541 05:13:15     -226.475104        0.013107
BFGS:  542 05:13:15     -226.475302        0.010389
BFGS:  543 05:13:15     -226.475577        0.017067
BFGS:  544 05:13:15     -226.475829        0.021080
BFGS:  545 05:13:15     -226.475989        0.020392
BFGS:  546 05:13:16     -226.476114        0.017140
BFGS:  547 05:13:16     -226.476296        0.013110
BFGS:  548 05:13:16     -226.476591        0.012350
BFGS:  549 05:13:16     -226.476933        0.012942
BFGS:  550 05:13:16     -226.477170        0.015699
BFGS:  551 05:13:16     -226.477291        0.017526
BFGS:  552 05:13:16     -226.477397        0.016916
BFGS:  553 05:13:17     -226.477575        0.013512
BFGS:  554 05:13:17     -226.477838        0.012435
BFGS:  555 05:13:17     -226.478103        0.016640
BFGS:  556 05:13:17     -226.478268        0.018389
BFGS:  557 05:13:17     -226.478371        0.016274
BFGS:  558 05:13:17     -226.478501        0.012268
BFGS:  559 05:13:17     -226.478710        0.013466
BFGS:  560 05:13:17     -226.478956        0.013869
BFGS:  561 05:13:18     -226.479123        0.012958
BFGS:  562 05:13:18     -226.479199        0.012612
BFGS:  563 05:13:18     -226.479254        0.010256
BFGS:  564 05:13:18     -226.479338        0.007722
BFGS:  565 05:13:18     -226.479449        0.007805
BFGS:  566 05:13:18     -226.479540        0.010688
BFGS:  567 05:13:18     -226.479583        0.009689
BFGS:  568 05:13:18     -226.479606        0.007583
BFGS:  569 05:13:19     -226.479635        0.004997
BFGS:  570 05:13:19     -226.479681        0.004613
BFGS:  571 05:13:19     -226.479729        0.004410
BFGS:  572 05:13:19     -226.479759        0.005345
BFGS:  573 05:13:19     -226.479771        0.004763
BFGS:  574 05:13:19     -226.479781        0.003818
BFGS:  575 05:13:19     -226.479796        0.003190
BFGS:  576 05:13:19     -226.479815        0.002438
BFGS:  577 05:13:20     -226.479831        0.004114
BFGS:  578 05:13:20     -226.479839        0.003998
BFGS:  579 05:13:20     -226.479843        0.003063
BFGS:  580 05:13:20     -226.479848        0.002212
BFGS:  581 05:13:20     -226.479854        0.001484
BFGS:  582 05:13:20     -226.479859        0.001641
BFGS:  583 05:13:20     -226.479862        0.001726
BFGS:  584 05:13:20     -226.479863        0.001676
BFGS:  585 05:13:21     -226.479865        0.001375
BFGS:  586 05:13:21     -226.479867        0.001345
BFGS:  587 05:13:21     -226.479870        0.001200
BFGS:  588 05:13:21     -226.479872        0.000835
