      Step     Time          Energy          fmax
BFGS:    0 02:59:58      799.303294      266.102795
BFGS:    1 02:59:58      578.729802       86.440307
BFGS:    2 02:59:59      505.815339       55.593470
BFGS:    3 02:59:59      462.372294       49.934880
BFGS:    4 02:59:59      422.545748       39.125880
BFGS:    5 02:59:59      394.300870       35.902277
BFGS:    6 02:59:59      374.447528       31.048489
BFGS:    7 02:59:59      358.322891       18.991299
BFGS:    8 02:59:59      342.122864       21.257058
BFGS:    9 02:59:59      325.658585       25.315742
BFGS:   10 02:59:59      311.162857       23.000913
BFGS:   11 02:59:59      299.381071       24.313904
BFGS:   12 02:59:59      290.011006       23.961667
BFGS:   13 02:59:59      281.231376       10.914071
BFGS:   14 02:59:59      274.860872        8.924696
BFGS:   15 02:59:59      269.336057        8.397020
BFGS:   16 03:00:00      264.385831        9.215750
BFGS:   17 03:00:00      259.427268       10.446804
BFGS:   18 03:00:00      254.501826       11.352862
BFGS:   19 03:00:00      249.916496       11.875237
BFGS:   20 03:00:00      245.715948       12.904990
BFGS:   21 03:00:00      241.587219       13.537479
BFGS:   22 03:00:00      237.459439       13.932992
BFGS:   23 03:00:00      234.161455       17.426010
BFGS:   24 03:00:00      229.476452       19.049814
BFGS:   25 03:00:00      223.455425       18.724417
BFGS:   26 03:00:00      217.586781       18.526299
BFGS:   27 03:00:00      211.793231       17.988745
BFGS:   28 03:00:00      205.902824       17.782571
BFGS:   29 03:00:00      199.934908       17.102043
BFGS:   30 03:00:01      193.651558       16.823488
BFGS:   31 03:00:01      185.264485       16.592375
BFGS:   32 03:00:01      177.590403       16.913094
BFGS:   33 03:00:01      171.300185       17.079555
BFGS:   34 03:00:01      165.441248       17.199956
BFGS:   35 03:00:01      159.486925       17.256205
BFGS:   36 03:00:01      153.323763       17.283231
BFGS:   37 03:00:01      147.502005       17.000141
BFGS:   38 03:00:01      142.059466       17.259636
BFGS:   39 03:00:01      136.920562       17.403248
BFGS:   40 03:00:01      131.830910       19.654466
BFGS:   41 03:00:01      126.718752       21.533568
BFGS:   42 03:00:01      121.519996       22.876829
BFGS:   43 03:00:01      116.273390       23.837595
BFGS:   44 03:00:01      111.044277       24.501864
BFGS:   45 03:00:01      105.826040       24.844617
BFGS:   46 03:00:01      100.569308       24.983759
BFGS:   47 03:00:02       95.245296       24.862541
BFGS:   48 03:00:02       89.886603       24.486334
BFGS:   49 03:00:02       84.510679       23.868738
BFGS:   50 03:00:02       79.112216       23.043089
BFGS:   51 03:00:02       73.706596       21.944027
BFGS:   52 03:00:02       68.342922       20.597581
BFGS:   53 03:00:02       63.139778       19.101669
BFGS:   54 03:00:02       58.122591       17.541410
BFGS:   55 03:00:02       53.294368       16.020770
BFGS:   56 03:00:02       48.655890       14.633508
BFGS:   57 03:00:02       44.164892       13.399280
BFGS:   58 03:00:02       39.782799       12.319027
BFGS:   59 03:00:02       35.535664       11.509836
BFGS:   60 03:00:02       31.425144       11.378813
BFGS:   61 03:00:02       27.454398       11.089523
BFGS:   62 03:00:02       23.664705       10.661595
BFGS:   63 03:00:02       20.056552       10.123825
BFGS:   64 03:00:02       16.628364        9.462991
BFGS:   65 03:00:02       13.386959        8.834546
BFGS:   66 03:00:03       10.319063        8.166419
BFGS:   67 03:00:03        7.431845        7.461463
BFGS:   68 03:00:03        4.729239        6.810146
BFGS:   69 03:00:03        2.187537        6.201955
BFGS:   70 03:00:03       -0.207563        5.796067
BFGS:   71 03:00:03       -2.469894        5.674291
BFGS:   72 03:00:03       -4.613531        5.777839
BFGS:   73 03:00:03       -6.660177        5.816806
BFGS:   74 03:00:03       -8.631453        5.804084
BFGS:   75 03:00:03      -10.540117        5.744176
BFGS:   76 03:00:03      -12.402045        5.625266
BFGS:   77 03:00:03      -14.226453        5.458214
BFGS:   78 03:00:03      -16.019604        5.262925
BFGS:   79 03:00:03      -17.785188        5.041580
BFGS:   80 03:00:03      -19.520035        4.784412
BFGS:   81 03:00:03      -21.214077        4.491798
BFGS:   82 03:00:04      -22.838059        4.172156
BFGS:   83 03:00:04      -24.365925        3.831567
BFGS:   84 03:00:04      -25.792282        3.486595
BFGS:   85 03:00:04      -27.114039        3.140950
BFGS:   86 03:00:04      -28.329588        2.875197
BFGS:   87 03:00:04      -29.442408        2.716462
BFGS:   88 03:00:04      -30.461602        2.566915
BFGS:   89 03:00:04      -31.396881        2.421392
BFGS:   90 03:00:04      -32.256853        2.279249
BFGS:   91 03:00:04      -33.048448        2.143137
BFGS:   92 03:00:04      -33.776195        2.013591
BFGS:   93 03:00:04      -34.443892        1.896102
BFGS:   94 03:00:04      -35.053302        1.853992
BFGS:   95 03:00:04      -35.609751        1.811586
BFGS:   96 03:00:04      -36.117377        1.766657
BFGS:   97 03:00:04      -36.579972        1.721050
BFGS:   98 03:00:04      -37.001950        1.677423
BFGS:   99 03:00:04      -37.388502        1.634407
BFGS:  100 03:00:04      -37.743995        1.589137
BFGS:  101 03:00:04      -38.072142        1.539003
BFGS:  102 03:00:05      -38.376780        1.484979
BFGS:  103 03:00:05      -38.662076        1.429882
BFGS:  104 03:00:05      -38.931625        1.394350
BFGS:  105 03:00:05      -39.188472        1.377800
BFGS:  106 03:00:05      -39.435674        1.361891
BFGS:  107 03:00:05      -39.675570        1.342261
BFGS:  108 03:00:05      -39.908374        1.316230
BFGS:  109 03:00:05      -40.134369        1.284429
BFGS:  110 03:00:05      -40.354768        1.250236
BFGS:  111 03:00:05      -40.569632        1.216972
BFGS:  112 03:00:05      -40.778384        1.186778
BFGS:  113 03:00:05      -40.980403        1.157755
BFGS:  114 03:00:05      -41.175977        1.129364
BFGS:  115 03:00:05      -41.363748        1.103152
BFGS:  116 03:00:05      -41.543287        1.099101
BFGS:  117 03:00:05      -41.714186        1.096813
BFGS:  118 03:00:05      -41.873790        1.095282
BFGS:  119 03:00:05      -42.021667        1.089920
BFGS:  120 03:00:05      -42.157585        1.086432
BFGS:  121 03:00:05      -42.279895        1.092286
BFGS:  122 03:00:05      -42.389270        1.112385
BFGS:  123 03:00:05      -42.485914        1.148731
BFGS:  124 03:00:06      -42.568706        1.198527
BFGS:  125 03:00:06      -42.639771        1.253386
BFGS:  126 03:00:06      -42.709854        1.278971
BFGS:  127 03:00:06      -42.798533        1.245965
BFGS:  128 03:00:06      -42.945626        1.193970
BFGS:  129 03:00:06      -43.176936        1.884657
BFGS:  130 03:00:06      -43.453360        2.067687
BFGS:  131 03:00:06      -43.598329        1.980619
BFGS:  132 03:00:06      -43.695527        1.715571
BFGS:  133 03:00:06      -43.857399        1.101693
BFGS:  134 03:00:06      -44.084185        1.250565
BFGS:  135 03:00:06      -44.202632        1.454457
BFGS:  136 03:00:06      -44.299166        1.341008
BFGS:  137 03:00:06      -44.473835        0.826163
BFGS:  138 03:00:06      -44.574132        0.550356
BFGS:  139 03:00:06      -44.628809        0.390742
BFGS:  140 03:00:06      -44.665303        0.495909
BFGS:  141 03:00:06      -44.683433        0.547299
BFGS:  142 03:00:06      -44.721933        0.557402
BFGS:  143 03:00:06      -44.790584        0.469181
BFGS:  144 03:00:07      -44.881017        0.532274
BFGS:  145 03:00:07      -44.926842        0.561876
BFGS:  146 03:00:07      -44.957845        0.554234
BFGS:  147 03:00:07      -44.999983        0.485517
BFGS:  148 03:00:07      -45.035642        0.481100
BFGS:  149 03:00:07      -45.099734        0.485276
BFGS:  150 03:00:07      -45.163898        0.459294
BFGS:  151 03:00:07      -45.210655        0.464136
BFGS:  152 03:00:07      -45.247266        0.375335
BFGS:  153 03:00:07      -45.260133        0.380640
BFGS:  154 03:00:07      -45.281899        0.377331
BFGS:  155 03:00:07      -45.310427        0.342832
BFGS:  156 03:00:07      -45.333418        0.274000
BFGS:  157 03:00:07      -45.345594        0.259531
BFGS:  158 03:00:07      -45.354096        0.253949
BFGS:  159 03:00:07      -45.362406        0.245382
BFGS:  160 03:00:07      -45.377886        0.234201
BFGS:  161 03:00:07      -45.402084        0.208347
BFGS:  162 03:00:07      -45.429371        0.232648
BFGS:  163 03:00:07      -45.449761        0.232986
BFGS:  164 03:00:07      -45.460823        0.223313
BFGS:  165 03:00:07      -45.467928        0.297314
BFGS:  166 03:00:08      -45.476148        0.312954
BFGS:  167 03:00:08      -45.492522        0.330802
BFGS:  168 03:00:08      -45.516067        0.290832
BFGS:  169 03:00:08      -45.536168        0.289708
BFGS:  170 03:00:08      -45.545828        0.241909
BFGS:  171 03:00:08      -45.550381        0.193306
BFGS:  172 03:00:08      -45.555415        0.165174
BFGS:  173 03:00:08      -45.560721        0.172429
BFGS:  174 03:00:08      -45.565884        0.204591
BFGS:  175 03:00:08      -45.570356        0.233634
BFGS:  176 03:00:08      -45.575262        0.239887
BFGS:  177 03:00:08      -45.581507        0.223939
BFGS:  178 03:00:08      -45.587057        0.190587
BFGS:  179 03:00:08      -45.590224        0.201787
BFGS:  180 03:00:08      -45.592331        0.230199
BFGS:  181 03:00:08      -45.595412        0.233034
BFGS:  182 03:00:08      -45.600029        0.223088
BFGS:  183 03:00:08      -45.605462        0.251133
BFGS:  184 03:00:08      -45.610478        0.240696
BFGS:  185 03:00:08      -45.615316        0.218205
BFGS:  186 03:00:08      -45.621968        0.201534
BFGS:  187 03:00:09      -45.629961        0.164845
BFGS:  188 03:00:09      -45.637406        0.177472
BFGS:  189 03:00:09      -45.642279        0.200714
BFGS:  190 03:00:09      -45.644769        0.206645
BFGS:  191 03:00:09      -45.647503        0.207239
BFGS:  192 03:00:09      -45.651942        0.199499
BFGS:  193 03:00:09      -45.658837        0.207510
BFGS:  194 03:00:09      -45.666283        0.269734
BFGS:  195 03:00:09      -45.672514        0.331093
BFGS:  196 03:00:09      -45.679196        0.357431
BFGS:  197 03:00:09      -45.688720        0.344176
BFGS:  198 03:00:09      -45.704919        0.310108
BFGS:  199 03:00:09      -45.720214        0.382797
BFGS:  200 03:00:09      -45.739241        0.432477
BFGS:  201 03:00:09      -45.765264        0.505548
BFGS:  202 03:00:09      -45.785197        0.556720
BFGS:  203 03:00:09      -45.808118        0.564119
BFGS:  204 03:00:09      -45.844788        0.526825
BFGS:  205 03:00:10      -45.871657        0.512985
BFGS:  206 03:00:10      -45.922026        0.707042
BFGS:  207 03:00:10      -45.965708        0.639538
BFGS:  208 03:00:10      -46.013822        0.581922
BFGS:  209 03:00:10      -46.059650        0.500801
BFGS:  210 03:00:10      -46.097016        0.527684
BFGS:  211 03:00:10      -46.134507        0.557419
BFGS:  212 03:00:10      -46.164749        0.584172
BFGS:  213 03:00:10      -46.199593        0.604816
BFGS:  214 03:00:10      -46.240442        0.605469
BFGS:  215 03:00:10      -46.289586        0.580030
BFGS:  216 03:00:10      -46.335408        0.591447
BFGS:  217 03:00:10      -46.392473        0.632242
BFGS:  218 03:00:10      -46.438816        0.564067
BFGS:  219 03:00:10      -46.493955        0.565810
BFGS:  220 03:00:10      -46.539192        0.580795
BFGS:  221 03:00:10      -46.600513        0.638749
BFGS:  222 03:00:10      -46.679552        0.660018
BFGS:  223 03:00:10      -46.764484        0.743566
BFGS:  224 03:00:10      -46.840741        0.694550
BFGS:  225 03:00:10      -46.888214        0.656407
BFGS:  226 03:00:10      -46.928411        0.597830
BFGS:  227 03:00:11      -46.972475        0.601709
BFGS:  228 03:00:11      -47.010687        0.633118
BFGS:  229 03:00:11      -47.047130        0.591208
BFGS:  230 03:00:11      -47.084509        0.581352
BFGS:  231 03:00:11      -47.130315        0.673397
BFGS:  232 03:00:11      -47.164721        0.477472
BFGS:  233 03:00:11      -47.192872        0.491340
BFGS:  234 03:00:11      -47.227915        0.592671
BFGS:  235 03:00:12      -47.263850        0.743243
BFGS:  236 03:00:12      -47.323038        0.781163
BFGS:  237 03:00:12      -47.373109        0.614371
BFGS:  238 03:00:12      -47.395841        0.534736
BFGS:  239 03:00:12      -47.414832        0.463591
BFGS:  240 03:00:12      -47.431493        0.416309
BFGS:  241 03:00:12      -47.451460        0.375683
BFGS:  242 03:00:12      -47.469655        0.368601
BFGS:  243 03:00:12      -47.488618        0.396634
BFGS:  244 03:00:12      -47.509764        0.458407
BFGS:  245 03:00:12      -47.529371        0.440133
BFGS:  246 03:00:12      -47.551615        0.459663
BFGS:  247 03:00:12      -47.572092        0.487735
BFGS:  248 03:00:12      -47.599850        0.468368
BFGS:  249 03:00:12      -47.640133        0.488274
BFGS:  250 03:00:12      -47.671383        0.471939
BFGS:  251 03:00:12      -47.710412        0.485579
BFGS:  252 03:00:12      -47.784852        0.795180
BFGS:  253 03:00:12      -47.708160        1.443093
BFGS:  254 03:00:12      -47.832855        0.788635
BFGS:  255 03:00:12      -47.861541        0.728684
BFGS:  256 03:00:13      -47.920505        0.863251
BFGS:  257 03:00:13      -47.973376        0.428788
BFGS:  258 03:00:13      -48.003510        0.422489
BFGS:  259 03:00:13      -48.074268        0.476581
BFGS:  260 03:00:13      -48.112682        0.459509
BFGS:  261 03:00:13      -48.154323        0.438848
BFGS:  262 03:00:13      -48.186373        0.534782
BFGS:  263 03:00:13      -48.217831        0.450370
BFGS:  264 03:00:13      -48.268211        0.405293
BFGS:  265 03:00:13      -48.313145        0.449314
BFGS:  266 03:00:13      -48.347618        0.436023
BFGS:  267 03:00:13      -48.364860        0.426217
BFGS:  268 03:00:13      -48.382585        0.373753
BFGS:  269 03:00:13      -48.398837        0.348942
BFGS:  270 03:00:13      -48.420189        0.332143
BFGS:  271 03:00:13      -48.448256        0.323843
BFGS:  272 03:00:13      -48.469970        0.302074
BFGS:  273 03:00:13      -48.484321        0.264486
BFGS:  274 03:00:13      -48.492713        0.223919
BFGS:  275 03:00:13      -48.499497        0.213578
BFGS:  276 03:00:13      -48.505932        0.224963
BFGS:  277 03:00:14      -48.514913        0.224632
BFGS:  278 03:00:14      -48.527174        0.346366
BFGS:  279 03:00:14      -48.538065        0.232277
BFGS:  280 03:00:14      -48.550900        0.247951
BFGS:  281 03:00:14      -48.556035        0.237929
BFGS:  282 03:00:14      -48.563174        0.235555
BFGS:  283 03:00:14      -48.568776        0.224448
BFGS:  284 03:00:14      -48.575063        0.222386
BFGS:  285 03:00:14      -48.581367        0.204793
BFGS:  286 03:00:14      -48.588604        0.244399
BFGS:  287 03:00:14      -48.596083        0.249313
BFGS:  288 03:00:14      -48.604387        0.238927
BFGS:  289 03:00:14      -48.611753        0.190028
BFGS:  290 03:00:14      -48.617394        0.197216
BFGS:  291 03:00:14      -48.621560        0.200804
BFGS:  292 03:00:14      -48.625298        0.180918
BFGS:  293 03:00:14      -48.629303        0.143268
BFGS:  294 03:00:14      -48.632937        0.124595
BFGS:  295 03:00:14      -48.635849        0.139868
BFGS:  296 03:00:14      -48.638311        0.165265
BFGS:  297 03:00:14      -48.641349        0.170129
BFGS:  298 03:00:14      -48.645899        0.180570
BFGS:  299 03:00:14      -48.652561        0.185817
BFGS:  300 03:00:15      -48.659363        0.205491
BFGS:  301 03:00:15      -48.665727        0.230057
BFGS:  302 03:00:15      -48.672049        0.267925
BFGS:  303 03:00:15      -48.678302        0.309206
BFGS:  304 03:00:15      -48.684414        0.320550
BFGS:  305 03:00:15      -48.692123        0.323892
BFGS:  306 03:00:15      -48.704749        0.367031
BFGS:  307 03:00:15      -48.717560        0.359555
BFGS:  308 03:00:15      -48.739894        0.345681
BFGS:  309 03:00:15      -48.761942        0.302977
BFGS:  310 03:00:15      -48.778840        0.400569
BFGS:  311 03:00:15      -48.793815        0.287800
BFGS:  312 03:00:15      -48.802293        0.212871
BFGS:  313 03:00:15      -48.809803        0.199320
BFGS:  314 03:00:15      -48.819023        0.178180
BFGS:  315 03:00:15      -48.824357        0.186197
BFGS:  316 03:00:15      -48.830932        0.187176
BFGS:  317 03:00:15      -48.836961        0.170559
BFGS:  318 03:00:15      -48.841823        0.147301
BFGS:  319 03:00:15      -48.845781        0.155684
BFGS:  320 03:00:15      -48.849765        0.166273
BFGS:  321 03:00:15      -48.854217        0.184533
BFGS:  322 03:00:15      -48.858005        0.219623
BFGS:  323 03:00:15      -48.861037        0.230443
BFGS:  324 03:00:16      -48.863391        0.212829
BFGS:  325 03:00:16      -48.865887        0.178978
BFGS:  326 03:00:16      -48.869903        0.141537
BFGS:  327 03:00:16      -48.876121        0.170114
BFGS:  328 03:00:16      -48.881893        0.204312
BFGS:  329 03:00:16      -48.889138        0.257918
BFGS:  330 03:00:16      -48.894418        0.277350
BFGS:  331 03:00:16      -48.899259        0.304131
BFGS:  332 03:00:16      -48.907599        0.295329
BFGS:  333 03:00:16      -48.921337        0.405730
BFGS:  334 03:00:16      -48.929234        0.592280
BFGS:  335 03:00:16      -48.955032        0.553680
BFGS:  336 03:00:16      -48.987221        0.496119
BFGS:  337 03:00:16      -49.008484        0.571446
BFGS:  338 03:00:16      -49.044576        0.593066
BFGS:  339 03:00:16      -49.075601        0.611261
BFGS:  340 03:00:16      -49.111951        0.603087
BFGS:  341 03:00:16      -49.145960        0.578084
BFGS:  342 03:00:16      -49.185824        0.566554
BFGS:  343 03:00:16      -49.221212        0.530774
BFGS:  344 03:00:16      -49.267858        0.493932
BFGS:  345 03:00:16      -49.304427        0.438685
BFGS:  346 03:00:17      -49.346079        0.457701
BFGS:  347 03:00:17      -49.367983        0.614719
BFGS:  348 03:00:17      -49.388859        0.563695
BFGS:  349 03:00:17      -49.413353        0.762123
BFGS:  350 03:00:17      -49.443207        0.568970
BFGS:  351 03:00:17      -49.482981        0.589966
BFGS:  352 03:00:17      -49.508224        0.531847
BFGS:  353 03:00:17      -49.546263        0.433589
BFGS:  354 03:00:17      -49.593780        0.577795
BFGS:  355 03:00:17      -49.626766        0.578197
BFGS:  356 03:00:17      -49.662341        0.554266
BFGS:  357 03:00:17      -49.698807        0.639363
BFGS:  358 03:00:17      -49.729780        0.491253
BFGS:  359 03:00:17      -49.754994        0.487965
BFGS:  360 03:00:17      -49.775024        0.442044
BFGS:  361 03:00:17      -49.803314        0.475353
BFGS:  362 03:00:17      -49.845330        0.428078
BFGS:  363 03:00:17      -49.877867        0.367017
BFGS:  364 03:00:17      -49.896406        0.332365
BFGS:  365 03:00:17      -49.911895        0.356530
BFGS:  366 03:00:18      -49.925311        0.319694
BFGS:  367 03:00:18      -49.939745        0.319716
BFGS:  368 03:00:18      -49.954452        0.358430
BFGS:  369 03:00:18      -49.974883        0.335028
BFGS:  370 03:00:18      -49.987082        0.336789
BFGS:  371 03:00:18      -50.003166        0.311484
BFGS:  372 03:00:18      -50.011944        0.292254
BFGS:  373 03:00:18      -50.021882        0.248831
BFGS:  374 03:00:18      -50.033000        0.219856
BFGS:  375 03:00:18      -50.044032        0.249885
BFGS:  376 03:00:18      -50.054410        0.295446
BFGS:  377 03:00:18      -50.063235        0.281282
BFGS:  378 03:00:18      -50.069388        0.227837
BFGS:  379 03:00:18      -50.074758        0.195143
BFGS:  380 03:00:18      -50.079600        0.174039
BFGS:  381 03:00:18      -50.083270        0.168975
BFGS:  382 03:00:18      -50.087966        0.175635
BFGS:  383 03:00:18      -50.091959        0.163690
BFGS:  384 03:00:18      -50.095321        0.195019
BFGS:  385 03:00:18      -50.098234        0.137076
BFGS:  386 03:00:18      -50.100647        0.143342
BFGS:  387 03:00:18      -50.103180        0.138034
BFGS:  388 03:00:18      -50.105601        0.148338
BFGS:  389 03:00:19      -50.107507        0.157276
BFGS:  390 03:00:19      -50.109172        0.156019
BFGS:  391 03:00:19      -50.110731        0.170310
BFGS:  392 03:00:19      -50.112620        0.179540
BFGS:  393 03:00:19      -50.115113        0.192327
BFGS:  394 03:00:19      -50.118209        0.205061
BFGS:  395 03:00:19      -50.121940        0.206063
BFGS:  396 03:00:19      -50.125639        0.192950
BFGS:  397 03:00:19      -50.128511        0.173523
BFGS:  398 03:00:19      -50.130749        0.172398
BFGS:  399 03:00:19      -50.132826        0.165153
BFGS:  400 03:00:19      -50.135228        0.165672
BFGS:  401 03:00:19      -50.138842        0.145345
BFGS:  402 03:00:19      -50.144100        0.155635
BFGS:  403 03:00:19      -50.150318        0.177144
BFGS:  404 03:00:19      -50.156442        0.199937
BFGS:  405 03:00:19      -50.161158        0.196367
BFGS:  406 03:00:19      -50.163468        0.175775
BFGS:  407 03:00:19      -50.165205        0.148348
BFGS:  408 03:00:19      -50.166731        0.141025
BFGS:  409 03:00:19      -50.169013        0.135102
BFGS:  410 03:00:20      -50.172931        0.148091
BFGS:  411 03:00:20      -50.178373        0.152553
BFGS:  412 03:00:20      -50.182506        0.135430
BFGS:  413 03:00:20      -50.185075        0.129237
BFGS:  414 03:00:20      -50.186081        0.123781
BFGS:  415 03:00:20      -50.187184        0.114939
BFGS:  416 03:00:20      -50.189034        0.100367
BFGS:  417 03:00:20      -50.191609        0.113324
BFGS:  418 03:00:20      -50.194183        0.105749
BFGS:  419 03:00:20      -50.195774        0.087035
BFGS:  420 03:00:20      -50.196441        0.083333
BFGS:  421 03:00:20      -50.196861        0.079642
BFGS:  422 03:00:20      -50.197218        0.078644
BFGS:  423 03:00:20      -50.197817        0.081491
BFGS:  424 03:00:20      -50.198626        0.091494
BFGS:  425 03:00:20      -50.199457        0.095762
BFGS:  426 03:00:20      -50.200144        0.093481
BFGS:  427 03:00:20      -50.200766        0.087660
BFGS:  428 03:00:20      -50.201389        0.081549
BFGS:  429 03:00:20      -50.202158        0.073885
BFGS:  430 03:00:20      -50.202937        0.072882
BFGS:  431 03:00:20      -50.203532        0.066652
BFGS:  432 03:00:20      -50.203906        0.061236
BFGS:  433 03:00:21      -50.204212        0.063178
BFGS:  434 03:00:21      -50.204612        0.065844
BFGS:  435 03:00:21      -50.205281        0.068248
BFGS:  436 03:00:21      -50.206292        0.074312
BFGS:  437 03:00:21      -50.207398        0.070546
BFGS:  438 03:00:21      -50.208126        0.073569
BFGS:  439 03:00:21      -50.208460        0.071180
BFGS:  440 03:00:21      -50.208747        0.068624
BFGS:  441 03:00:21      -50.209361        0.065143
BFGS:  442 03:00:21      -50.210596        0.095572
BFGS:  443 03:00:21      -50.212292        0.104764
BFGS:  444 03:00:21      -50.213569        0.074017
BFGS:  445 03:00:21      -50.214093        0.051809
BFGS:  446 03:00:21      -50.214337        0.053524
BFGS:  447 03:00:21      -50.214727        0.053739
BFGS:  448 03:00:21      -50.215498        0.054669
BFGS:  449 03:00:21      -50.216865        0.059103
BFGS:  450 03:00:21      -50.218526        0.057815
BFGS:  451 03:00:21      -50.219609        0.059373
BFGS:  452 03:00:21      -50.220149        0.056457
BFGS:  453 03:00:21      -50.220421        0.052661
BFGS:  454 03:00:22      -50.220728        0.047630
BFGS:  455 03:00:22      -50.221284        0.052335
BFGS:  456 03:00:22      -50.222001        0.062613
BFGS:  457 03:00:22      -50.222932        0.073791
BFGS:  458 03:00:22      -50.223794        0.060827
BFGS:  459 03:00:22      -50.224342        0.045145
BFGS:  460 03:00:22      -50.224574        0.047125
BFGS:  461 03:00:22      -50.224756        0.050831
BFGS:  462 03:00:22      -50.225064        0.052262
BFGS:  463 03:00:22      -50.225636        0.052776
BFGS:  464 03:00:22      -50.226471        0.043306
BFGS:  465 03:00:22      -50.227120        0.032339
BFGS:  466 03:00:22      -50.227368        0.029650
BFGS:  467 03:00:22      -50.227438        0.029906
BFGS:  468 03:00:22      -50.227483        0.031699
BFGS:  469 03:00:22      -50.227588        0.033049
BFGS:  470 03:00:22      -50.227790        0.033855
BFGS:  471 03:00:22      -50.228154        0.029853
BFGS:  472 03:00:22      -50.228589        0.031472
BFGS:  473 03:00:22      -50.228875        0.037742
BFGS:  474 03:00:22      -50.228990        0.036896
BFGS:  475 03:00:22      -50.229060        0.034050
BFGS:  476 03:00:23      -50.229188        0.032123
BFGS:  477 03:00:23      -50.229473        0.031855
BFGS:  478 03:00:23      -50.230028        0.039023
BFGS:  479 03:00:23      -50.230774        0.035588
BFGS:  480 03:00:23      -50.231351        0.025993
BFGS:  481 03:00:23      -50.231636        0.026592
BFGS:  482 03:00:23      -50.233888        0.093519
BFGS:  483 03:00:23      -50.217136        0.193774
BFGS:  484 03:00:23      -50.237475        0.046331
BFGS:  485 03:00:23      -50.237815        0.042810
BFGS:  486 03:00:23      -50.238342        0.039211
BFGS:  487 03:00:23      -50.238862        0.043097
BFGS:  488 03:00:23      -50.240064        0.043912
BFGS:  489 03:00:23      -50.240814        0.036222
BFGS:  490 03:00:23      -50.241199        0.042917
BFGS:  491 03:00:23      -50.241269        0.044618
BFGS:  492 03:00:23      -50.241317        0.045158
BFGS:  493 03:00:23      -50.241402        0.044827
BFGS:  494 03:00:23      -50.241547        0.042458
BFGS:  495 03:00:23      -50.241829        0.036921
BFGS:  496 03:00:23      -50.242201        0.028447
BFGS:  497 03:00:23      -50.242473        0.024555
BFGS:  498 03:00:23      -50.242564        0.023577
BFGS:  499 03:00:24      -50.242590        0.023292
BFGS:  500 03:00:24      -50.242611        0.023521
BFGS:  501 03:00:24      -50.242658        0.023846
BFGS:  502 03:00:24      -50.242761        0.024589
BFGS:  503 03:00:24      -50.242978        0.025333
BFGS:  504 03:00:24      -50.243363        0.025593
BFGS:  505 03:00:24      -50.243850        0.025826
BFGS:  506 03:00:24      -50.244215        0.036603
BFGS:  507 03:00:24      -50.244484        0.047851
BFGS:  508 03:00:24      -50.244355        0.059158
BFGS:  509 03:00:24      -50.244811        0.049420
BFGS:  510 03:00:24      -50.244986        0.050160
BFGS:  511 03:00:24      -50.245678        0.060652
BFGS:  512 03:00:24      -50.246163        0.068594
BFGS:  513 03:00:24      -50.247015        0.055375
BFGS:  514 03:00:25      -50.248251        0.068643
BFGS:  515 03:00:25      -50.248823        0.110563
BFGS:  516 03:00:25      -50.251744        0.133910
BFGS:  517 03:00:25      -50.253392        0.133159
BFGS:  518 03:00:25      -50.256859        0.108375
BFGS:  519 03:00:25      -50.262031        0.146947
BFGS:  520 03:00:25      -50.262821        0.207282
BFGS:  521 03:00:25      -50.268097        0.213660
BFGS:  522 03:00:26      -50.278350        0.376663
BFGS:  523 03:00:26      -50.288208        0.638577
BFGS:  524 03:00:26      -50.308976        1.713919
BFGS:  525 03:00:26      -50.308510        1.247252
BFGS:  526 03:00:26      -50.444867        1.025312
BFGS:  527 03:00:26      -50.535058        1.221932
BFGS:  528 03:00:26      -50.613490        1.266141
BFGS:  529 03:00:26      -50.687964        1.179020
BFGS:  530 03:00:26      -50.774205        0.938827
BFGS:  531 03:00:26      -50.852565        0.425100
BFGS:  532 03:00:26      -50.876702        0.938336
BFGS:  533 03:00:26      -50.894788        0.258520
BFGS:  534 03:00:26      -50.908396        0.932794
BFGS:  535 03:00:26      -50.930197        0.299711
BFGS:  536 03:00:26      -50.947119        0.307307
BFGS:  537 03:00:26      -50.960200        0.205791
BFGS:  538 03:00:26      -50.968447        0.217827
BFGS:  539 03:00:26      -50.973930        0.161420
BFGS:  540 03:00:26      -50.976542        0.189111
BFGS:  541 03:00:26      -50.978403        0.158395
BFGS:  542 03:00:27      -50.979261        0.155028
BFGS:  543 03:00:27      -50.980276        0.147550
BFGS:  544 03:00:27      -50.981689        0.143382
BFGS:  545 03:00:27      -50.983689        0.137093
BFGS:  546 03:00:27      -50.985905        0.176875
BFGS:  547 03:00:27      -50.988217        0.165120
BFGS:  548 03:00:27      -50.991294        0.159636
BFGS:  549 03:00:27      -50.997654        0.134781
BFGS:  550 03:00:27      -51.003266        0.196040
BFGS:  551 03:00:27      -51.010576        0.178765
BFGS:  552 03:00:27      -51.021434        0.122216
BFGS:  553 03:00:27      -51.026137        0.109867
BFGS:  554 03:00:27      -51.027696        0.122809
BFGS:  555 03:00:27      -51.028527        0.121102
BFGS:  556 03:00:27      -51.029037        0.124760
BFGS:  557 03:00:27      -51.029728        0.115302
BFGS:  558 03:00:27      -51.030395        0.116464
BFGS:  559 03:00:27      -51.031816        0.115653
BFGS:  560 03:00:32      -51.033559        0.112635
BFGS:  561 03:00:32      -51.036306        0.103653
BFGS:  562 03:00:32      -51.038962        0.086966
BFGS:  563 03:00:32      -51.040538        0.085949
BFGS:  564 03:00:32      -51.041490        0.088561
BFGS:  565 03:00:32      -51.042539        0.098725
BFGS:  566 03:00:32      -51.043499        0.108900
BFGS:  567 03:00:32      -51.044565        0.127950
BFGS:  568 03:00:32      -51.045829        0.102569
BFGS:  569 03:00:33      -51.047209        0.074054
BFGS:  570 03:00:33      -51.048239        0.058496
BFGS:  571 03:00:33      -51.049814        0.070707
BFGS:  572 03:00:33      -51.051956        0.076746
BFGS:  573 03:00:33      -51.054088        0.072742
BFGS:  574 03:00:33      -51.055313        0.064026
BFGS:  575 03:00:33      -51.055745        0.055270
BFGS:  576 03:00:33      -51.055898        0.052832
BFGS:  577 03:00:33      -51.056037        0.052086
BFGS:  578 03:00:33      -51.056249        0.053905
BFGS:  579 03:00:33      -51.056669        0.057117
BFGS:  580 03:00:33      -51.057467        0.062034
BFGS:  581 03:00:33      -51.058983        0.074658
BFGS:  582 03:00:33      -51.061432        0.083674
BFGS:  583 03:00:33      -51.065133        0.088546
BFGS:  584 03:00:33      -51.068145        0.073088
BFGS:  585 03:00:33      -51.069244        0.067375
BFGS:  586 03:00:33      -51.069668        0.065874
BFGS:  587 03:00:33      -51.069842        0.064260
BFGS:  588 03:00:33      -51.069944        0.064330
BFGS:  589 03:00:33      -51.070072        0.063319
BFGS:  590 03:00:34      -51.070224        0.062131
BFGS:  591 03:00:34      -51.070459        0.060256
BFGS:  592 03:00:34      -51.070857        0.058529
BFGS:  593 03:00:34      -51.071690        0.058625
BFGS:  594 03:00:34      -51.073498        0.072738
BFGS:  595 03:00:34      -51.076090        0.095537
BFGS:  596 03:00:34      -51.079025        0.082014
BFGS:  597 03:00:34      -51.082746        0.050806
BFGS:  598 03:00:34      -51.083456        0.051295
BFGS:  599 03:00:34      -51.083711        0.043656
BFGS:  600 03:00:34      -51.083780        0.043987
BFGS:  601 03:00:34      -51.083860        0.047214
BFGS:  602 03:00:34      -51.083916        0.050347
BFGS:  603 03:00:34      -51.084010        0.052643
BFGS:  604 03:00:34      -51.084147        0.053490
BFGS:  605 03:00:34      -51.084408        0.051877
BFGS:  606 03:00:34      -51.084854        0.054641
BFGS:  607 03:00:34      -51.085738        0.058087
BFGS:  608 03:00:34      -51.087470        0.067733
BFGS:  609 03:00:34      -51.090530        0.092231
BFGS:  610 03:00:34      -51.094696        0.104202
BFGS:  611 03:00:34      -51.099219        0.074825
BFGS:  612 03:00:34      -51.101584        0.049334
BFGS:  613 03:00:35      -51.101923        0.025584
BFGS:  614 03:00:35      -51.102027        0.021734
BFGS:  615 03:00:35      -51.102059        0.022345
BFGS:  616 03:00:35      -51.102072        0.022507
BFGS:  617 03:00:35      -51.102081        0.023393
BFGS:  618 03:00:35      -51.102090        0.024532
BFGS:  619 03:00:35      -51.102102        0.025423
BFGS:  620 03:00:35      -51.102123        0.026273
BFGS:  621 03:00:35      -51.102168        0.027406
BFGS:  622 03:00:35      -51.102266        0.030174
BFGS:  623 03:00:35      -51.102497        0.033869
BFGS:  624 03:00:35      -51.103027        0.039628
BFGS:  625 03:00:35      -51.104195        0.050615
BFGS:  626 03:00:35      -51.106149        0.059818
BFGS:  627 03:00:35      -51.108196        0.059097
BFGS:  628 03:00:35      -51.110264        0.049600
BFGS:  629 03:00:35      -51.112004        0.033249
BFGS:  630 03:00:35      -51.112739        0.026438
BFGS:  631 03:00:35      -51.112824        0.026751
BFGS:  632 03:00:35      -51.112895        0.026939
BFGS:  633 03:00:35      -51.112927        0.026717
BFGS:  634 03:00:35      -51.112954        0.025635
BFGS:  635 03:00:35      -51.112976        0.026631
BFGS:  636 03:00:36      -51.113000        0.027550
BFGS:  637 03:00:36      -51.113025        0.027902
BFGS:  638 03:00:36      -51.113099        0.028636
BFGS:  639 03:00:36      -51.113252        0.030009
BFGS:  640 03:00:36      -51.113629        0.032856
BFGS:  641 03:00:36      -51.114363        0.037705
BFGS:  642 03:00:36      -51.115750        0.046958
BFGS:  643 03:00:36      -51.118519        0.052417
BFGS:  644 03:00:36      -51.121567        0.053303
BFGS:  645 03:00:36      -51.124262        0.055171
BFGS:  646 03:00:36      -51.126657        0.037538
BFGS:  647 03:00:36      -51.128297        0.019681
BFGS:  648 03:00:36      -51.128689        0.016258
BFGS:  649 03:00:36      -51.128698        0.020832
BFGS:  650 03:00:36      -51.128746        0.016547
BFGS:  651 03:00:36      -51.128751        0.015717
BFGS:  652 03:00:36      -51.128753        0.015885
BFGS:  653 03:00:36      -51.128754        0.016117
BFGS:  654 03:00:36      -51.128755        0.016423
BFGS:  655 03:00:36      -51.128756        0.016506
BFGS:  656 03:00:36      -51.128757        0.016578
BFGS:  657 03:00:36      -51.128760        0.016623
BFGS:  658 03:00:36      -51.128766        0.016685
BFGS:  659 03:00:37      -51.128781        0.016831
BFGS:  660 03:00:37      -51.128820        0.017176
BFGS:  661 03:00:37      -51.128911        0.018644
BFGS:  662 03:00:37      -51.129121        0.024723
BFGS:  663 03:00:37      -51.129550        0.030888
BFGS:  664 03:00:37      -51.130068        0.031405
BFGS:  665 03:00:37      -51.130545        0.026603
BFGS:  666 03:00:37      -51.130900        0.022733
BFGS:  667 03:00:37      -51.131009        0.022079
BFGS:  668 03:00:37      -51.131023        0.021470
BFGS:  669 03:00:37      -51.131027        0.020998
BFGS:  670 03:00:37      -51.131028        0.020845
BFGS:  671 03:00:37      -51.131030        0.020736
BFGS:  672 03:00:37      -51.131030        0.020718
BFGS:  673 03:00:37      -51.131032        0.020755
BFGS:  674 03:00:37      -51.131034        0.020833
BFGS:  675 03:00:37      -51.131040        0.021004
BFGS:  676 03:00:37      -51.131052        0.021262
BFGS:  677 03:00:37      -51.131081        0.021681
BFGS:  678 03:00:37      -51.131150        0.022248
BFGS:  679 03:00:37      -51.131317        0.023017
BFGS:  680 03:00:37      -51.131710        0.024628
BFGS:  681 03:00:38      -51.132329        0.026307
BFGS:  682 03:00:38      -51.133038        0.028061
BFGS:  683 03:00:38      -51.133806        0.029900
BFGS:  684 03:00:38      -51.134581        0.030292
BFGS:  685 03:00:38      -51.135316        0.029089
BFGS:  686 03:00:38      -51.135978        0.026590
BFGS:  687 03:00:38      -51.136547        0.023065
BFGS:  688 03:00:38      -51.137003        0.018368
BFGS:  689 03:00:38      -51.137323        0.012536
BFGS:  690 03:00:38      -51.137472        0.005149
BFGS:  691 03:00:38      -51.137481        0.003690
BFGS:  692 03:00:38      -51.137484        0.003795
BFGS:  693 03:00:38      -51.137485        0.004066
BFGS:  694 03:00:38      -51.137486        0.004199
BFGS:  695 03:00:38      -51.137486        0.004293
BFGS:  696 03:00:38      -51.137486        0.004317
BFGS:  697 03:00:38      -51.137486        0.004337
BFGS:  698 03:00:38      -51.137486        0.004331
BFGS:  699 03:00:38      -51.137486        0.004310
BFGS:  700 03:00:38      -51.137486        0.004284
BFGS:  701 03:00:38      -51.137486        0.004261
BFGS:  702 03:00:38      -51.137487        0.004390
BFGS:  703 03:00:38      -51.137489        0.004641
BFGS:  704 03:00:39      -51.137494        0.005077
BFGS:  705 03:00:39      -51.137508        0.005886
BFGS:  706 03:00:39      -51.137541        0.007284
BFGS:  707 03:00:39      -51.137627        0.009572
BFGS:  708 03:00:39      -51.137828        0.013094
BFGS:  709 03:00:39      -51.138252        0.017925
BFGS:  710 03:00:39      -51.138835        0.019796
BFGS:  711 03:00:39      -51.139310        0.018625
BFGS:  712 03:00:39      -51.139690        0.015294
BFGS:  713 03:00:39      -51.139962        0.009446
BFGS:  714 03:00:39      -51.140074        0.001614
BFGS:  715 03:00:39      -51.140078        0.001044
BFGS:  716 03:00:39      -51.140078        0.000411
