      Step     Time          Energy          fmax
BFGS:    0 23:59:07      -23.051182        2.937801
BFGS:    1 23:59:07      -23.410319        2.171700
BFGS:    2 23:59:07      -24.214888        0.789153
BFGS:    3 23:59:07      -24.423588        0.721873
BFGS:    4 23:59:07      -24.551448        0.682581
BFGS:    5 23:59:07      -24.664377        0.786147
BFGS:    6 23:59:07      -24.841224        0.895411
BFGS:    7 23:59:07      -25.012533        0.823642
BFGS:    8 23:59:07      -25.128411        0.662783
BFGS:    9 23:59:07      -25.309932        0.337526
BFGS:   10 23:59:07      -25.318905        0.283932
BFGS:   11 23:59:07      -25.329616        0.231864
BFGS:   12 23:59:07      -25.350483        0.192285
BFGS:   13 23:59:07      -25.383085        0.199132
BFGS:   14 23:59:07      -25.413578        0.183423
BFGS:   15 23:59:07      -25.428101        0.184519
BFGS:   16 23:59:07      -25.432450        0.192646
BFGS:   17 23:59:07      -25.439184        0.198463
BFGS:   18 23:59:07      -25.450542        0.209767
BFGS:   19 23:59:07      -25.476612        0.242496
BFGS:   20 23:59:07      -25.511774        0.263943
BFGS:   21 23:59:07      -25.536094        0.205102
BFGS:   22 23:59:07      -25.546314        0.118354
BFGS:   23 23:59:08      -25.547795        0.089905
BFGS:   24 23:59:08      -25.548967        0.091235
BFGS:   25 23:59:11      -25.553316        0.097884
BFGS:   26 23:59:11      -25.559859        0.090170
BFGS:   27 23:59:11      -25.567869        0.113173
BFGS:   28 23:59:11      -25.571825        0.114090
BFGS:   29 23:59:12      -25.573292        0.092274
BFGS:   30 23:59:12      -25.574465        0.088386
BFGS:   31 23:59:12      -25.576675        0.096287
BFGS:   32 23:59:12      -25.581827        0.109012
BFGS:   33 23:59:12      -25.591458        0.109097
BFGS:   34 23:59:12      -25.605678        0.145992
BFGS:   35 23:59:12      -25.616077        0.132401
BFGS:   36 23:59:12      -25.619025        0.101463
BFGS:   37 23:59:12      -25.620522        0.096368
BFGS:   38 23:59:17      -25.622119        0.093364
BFGS:   39 23:59:17      -25.627824        0.091946
BFGS:   40 23:59:17      -25.638125        0.111276
BFGS:   41 23:59:17      -25.655502        0.152085
BFGS:   42 23:59:17      -25.668330        0.180170
BFGS:   43 23:59:17      -25.678221        0.170373
BFGS:   44 23:59:17      -25.681670        0.146718
BFGS:   45 23:59:17      -25.684031        0.120301
BFGS:   46 23:59:17      -25.688572        0.096026
BFGS:   47 23:59:17      -25.695113        0.144718
BFGS:   48 23:59:18      -25.701850        0.265815
BFGS:   49 23:59:18      -25.707183        0.304772
BFGS:   50 23:59:18      -25.712122        0.278527
BFGS:   51 23:59:18      -25.718940        0.190361
BFGS:   52 23:59:18      -25.727547        0.148857
BFGS:   53 23:59:18      -25.735262        0.139533
BFGS:   54 23:59:18      -25.740455        0.153105
BFGS:   55 23:59:18      -25.743229        0.137465
BFGS:   56 23:59:18      -25.747344        0.145490
BFGS:   57 23:59:18      -25.756752        0.164891
BFGS:   58 23:59:18      -25.769319        0.152738
BFGS:   59 23:59:18      -25.777770        0.095278
BFGS:   60 23:59:18      -25.780611        0.073285
BFGS:   61 23:59:18      -25.781645        0.060065
BFGS:   62 23:59:18      -25.781964        0.054289
BFGS:   63 23:59:18      -25.782971        0.048175
BFGS:   64 23:59:18      -25.784289        0.043318
BFGS:   65 23:59:18      -25.785549        0.068812
BFGS:   66 23:59:18      -25.786154        0.071300
BFGS:   67 23:59:18      -25.786508        0.064259
BFGS:   68 23:59:18      -25.786915        0.054067
BFGS:   69 23:59:18      -25.787632        0.040541
BFGS:   70 23:59:18      -25.788531        0.033958
BFGS:   71 23:59:18      -25.789208        0.033638
BFGS:   72 23:59:18      -25.789514        0.030425
BFGS:   73 23:59:18      -25.789634        0.027747
BFGS:   74 23:59:18      -25.789762        0.024058
BFGS:   75 23:59:18      -25.790026        0.021676
BFGS:   76 23:59:19      -25.790424        0.021170
BFGS:   77 23:59:19      -25.790768        0.022305
BFGS:   78 23:59:19      -25.790917        0.023684
BFGS:   79 23:59:19      -25.790990        0.024819
BFGS:   80 23:59:19      -25.791079        0.025838
BFGS:   81 23:59:19      -25.791283        0.027035
BFGS:   82 23:59:19      -25.791686        0.027319
BFGS:   83 23:59:19      -25.792316        0.030687
BFGS:   84 23:59:19      -25.792848        0.039459
BFGS:   85 23:59:19      -25.793016        0.036199
BFGS:   86 23:59:19      -25.793081        0.030644
BFGS:   87 23:59:19      -25.793157        0.023564
BFGS:   88 23:59:19      -25.793278        0.014276
BFGS:   89 23:59:19      -25.793409        0.010124
BFGS:   90 23:59:19      -25.793478        0.009488
BFGS:   91 23:59:19      -25.793497        0.008679
BFGS:   92 23:59:19      -25.793506        0.009158
BFGS:   93 23:59:19      -25.793528        0.009260
BFGS:   94 23:59:19      -25.793571        0.008437
BFGS:   95 23:59:19      -25.793639        0.010496
BFGS:   96 23:59:19      -25.793699        0.008318
BFGS:   97 23:59:20      -25.793721        0.003751
BFGS:   98 23:59:20      -25.793725        0.003675
BFGS:   99 23:59:20      -25.793726        0.003643
BFGS:  100 23:59:20      -25.793729        0.003547
BFGS:  101 23:59:20      -25.793734        0.003470
BFGS:  102 23:59:20      -25.793745        0.004247
BFGS:  103 23:59:20      -25.793758        0.004221
BFGS:  104 23:59:20      -25.793767        0.004813
BFGS:  105 23:59:20      -25.793771        0.004862
BFGS:  106 23:59:20      -25.793773        0.004628
BFGS:  107 23:59:20      -25.793777        0.004053
BFGS:  108 23:59:20      -25.793784        0.004543
BFGS:  109 23:59:20      -25.793794        0.004259
BFGS:  110 23:59:20      -25.793801        0.003410
BFGS:  111 23:59:20      -25.793803        0.002722
BFGS:  112 23:59:20      -25.793804        0.002525
BFGS:  113 23:59:20      -25.793805        0.002379
BFGS:  114 23:59:20      -25.793807        0.001938
BFGS:  115 23:59:20      -25.793810        0.001257
BFGS:  116 23:59:20      -25.793811        0.001350
BFGS:  117 23:59:20      -25.793812        0.001237
BFGS:  118 23:59:20      -25.793812        0.001217
BFGS:  119 23:59:20      -25.793812        0.001189
BFGS:  120 23:59:20      -25.793813        0.001092
BFGS:  121 23:59:20      -25.793814        0.000970
