      Step     Time          Energy          fmax
BFGS:    0 23:47:30      -38.841802        5.048947
BFGS:    1 23:47:30      -40.154911        3.481602
BFGS:    2 23:47:30      -42.582867        1.517408
BFGS:    3 23:47:31      -43.832514        1.227885
BFGS:    4 23:47:31      -44.372819        1.028417
BFGS:    5 23:47:31      -44.605087        0.926113
BFGS:    6 23:47:31      -44.890186        1.050673
BFGS:    7 23:47:31      -45.288377        1.102122
BFGS:    8 23:47:31      -45.887662        1.024485
BFGS:    9 23:47:31      -46.437360        0.949347
BFGS:   10 23:47:31      -46.675701        0.835498
BFGS:   11 23:47:31      -46.845197        0.885440
BFGS:   12 23:47:31      -46.992601        0.838323
BFGS:   13 23:47:31      -47.192132        0.656364
BFGS:   14 23:47:31      -47.408090        1.330333
BFGS:   15 23:47:31      -47.660378        1.682502
BFGS:   16 23:47:31      -47.884030        1.359320
BFGS:   17 23:47:31      -48.030766        0.767792
BFGS:   18 23:47:31      -48.169887        0.428067
BFGS:   19 23:47:31      -48.231311        0.502085
BFGS:   20 23:47:31      -48.290357        0.635699
BFGS:   21 23:47:31      -48.423841        0.776139
BFGS:   22 23:47:31      -48.582110        0.833454
BFGS:   23 23:47:31      -48.722880        0.766144
BFGS:   24 23:47:31      -48.823278        0.683846
BFGS:   25 23:47:31      -48.884317        0.622651
BFGS:   26 23:47:31      -48.924778        0.528115
BFGS:   27 23:47:32      -49.030248        0.429387
BFGS:   28 23:47:32      -49.067874        0.519067
BFGS:   29 23:47:32      -49.115691        0.604116
BFGS:   30 23:47:32      -49.189793        0.611404
BFGS:   31 23:47:32      -49.254822        0.543594
BFGS:   32 23:47:32      -49.320689        0.452568
BFGS:   33 23:47:32      -49.364561        0.372361
BFGS:   34 23:47:32      -49.401258        0.455236
BFGS:   35 23:47:32      -49.479623        0.662664
BFGS:   36 23:47:32      -49.561474        0.679134
BFGS:   37 23:47:32      -49.615445        0.483541
BFGS:   38 23:47:32      -49.657234        0.354196
BFGS:   39 23:47:32      -49.687975        0.368178
BFGS:   40 23:47:32      -49.736013        0.471084
BFGS:   41 23:47:32      -49.815480        0.573595
BFGS:   42 23:47:32      -49.902941        0.572092
BFGS:   43 23:47:32      -49.983133        0.490532
BFGS:   44 23:47:32      -50.075691        0.185501
BFGS:   45 23:47:32      -50.087405        0.192906
BFGS:   46 23:47:32      -50.094397        0.190758
BFGS:   47 23:47:32      -50.104939        0.190832
BFGS:   48 23:47:32      -50.136030        0.171209
BFGS:   49 23:47:32      -50.185486        0.177042
BFGS:   50 23:47:33      -50.224459        0.187980
BFGS:   51 23:47:33      -50.242875        0.160936
BFGS:   52 23:47:33      -50.247874        0.135127
BFGS:   53 23:47:33      -50.254989        0.124802
BFGS:   54 23:47:33      -50.270417        0.129608
BFGS:   55 23:47:33      -50.296259        0.161120
BFGS:   56 23:47:33      -50.330945        0.159935
BFGS:   57 23:47:33      -50.354470        0.151010
BFGS:   58 23:47:33      -50.362055        0.147122
BFGS:   59 23:47:33      -50.367626        0.130393
BFGS:   60 23:47:33      -50.371698        0.115057
BFGS:   61 23:47:33      -50.382674        0.112498
BFGS:   62 23:47:33      -50.395375        0.112811
BFGS:   63 23:47:33      -50.407191        0.097283
BFGS:   64 23:47:33      -50.412898        0.107025
BFGS:   65 23:47:33      -50.415207        0.112003
BFGS:   66 23:47:33      -50.417310        0.107387
BFGS:   67 23:47:33      -50.422038        0.092246
BFGS:   68 23:47:33      -50.430137        0.105067
BFGS:   69 23:47:33      -50.441195        0.129411
BFGS:   70 23:47:33      -50.449152        0.113519
BFGS:   71 23:47:33      -50.452413        0.111651
BFGS:   72 23:47:33      -50.454323        0.102921
BFGS:   73 23:47:33      -50.457341        0.088599
BFGS:   74 23:47:33      -50.463327        0.107151
BFGS:   75 23:47:34      -50.473607        0.110455
BFGS:   76 23:47:34      -50.484634        0.088000
BFGS:   77 23:47:34      -50.491972        0.082911
BFGS:   78 23:47:34      -50.494727        0.081307
BFGS:   79 23:47:34      -50.496237        0.086999
BFGS:   80 23:47:34      -50.500161        0.093366
BFGS:   81 23:47:34      -50.507168        0.089926
BFGS:   82 23:47:34      -50.518592        0.102742
BFGS:   83 23:47:34      -50.530152        0.108249
BFGS:   84 23:47:34      -50.536267        0.087560
BFGS:   85 23:47:34      -50.538190        0.067975
BFGS:   86 23:47:34      -50.539602        0.065688
BFGS:   87 23:47:34      -50.542043        0.067115
BFGS:   88 23:47:34      -50.544644        0.062382
BFGS:   89 23:47:34      -50.554516        0.057878
BFGS:   90 23:47:34      -50.564214        0.063966
BFGS:   91 23:47:34      -50.573902        0.070554
BFGS:   92 23:47:34      -50.577833        0.072395
BFGS:   93 23:47:34      -50.580238        0.072995
BFGS:   94 23:47:34      -50.581852        0.073333
BFGS:   95 23:47:34      -50.584225        0.070241
BFGS:   96 23:47:34      -50.589900        0.070805
BFGS:   97 23:47:34      -50.599520        0.080482
BFGS:   98 23:47:34      -50.610744        0.080146
BFGS:   99 23:47:35      -50.620919        0.069799
BFGS:  100 23:47:35      -50.624438        0.060532
BFGS:  101 23:47:35      -50.625261        0.055941
BFGS:  102 23:47:35      -50.626020        0.050011
BFGS:  103 23:47:35      -50.627639        0.050552
BFGS:  104 23:47:35      -50.630999        0.060212
BFGS:  105 23:47:35      -50.636253        0.079352
BFGS:  106 23:47:35      -50.640746        0.079409
BFGS:  107 23:47:35      -50.643465        0.048167
BFGS:  108 23:47:35      -50.644189        0.040746
BFGS:  109 23:47:35      -50.644498        0.039672
BFGS:  110 23:47:35      -50.645370        0.039876
BFGS:  111 23:47:35      -50.646997        0.040386
BFGS:  112 23:47:35      -50.650319        0.043988
BFGS:  113 23:47:35      -50.654354        0.057953
BFGS:  114 23:47:35      -50.657115        0.046120
BFGS:  115 23:47:35      -50.658597        0.045209
BFGS:  116 23:47:35      -50.659234        0.046706
BFGS:  117 23:47:35      -50.659929        0.045388
BFGS:  118 23:47:35      -50.661067        0.043111
BFGS:  119 23:47:35      -50.663252        0.043813
BFGS:  120 23:47:35      -50.667362        0.063845
BFGS:  121 23:47:35      -50.674213        0.071836
BFGS:  122 23:47:35      -50.679986        0.087281
BFGS:  123 23:47:36      -50.682159        0.084248
BFGS:  124 23:47:36      -50.683904        0.076227
BFGS:  125 23:47:36      -50.685997        0.072553
BFGS:  126 23:47:36      -50.691269        0.063928
BFGS:  127 23:47:36      -50.702099        0.123087
BFGS:  128 23:47:36      -50.720299        0.166061
BFGS:  129 23:47:36      -50.736052        0.127528
BFGS:  130 23:47:36      -50.745442        0.067184
BFGS:  131 23:47:36      -50.747723        0.057931
BFGS:  132 23:47:36      -50.746099        0.059465
BFGS:  133 23:47:36      -50.748955        0.049400
BFGS:  134 23:47:36      -50.749473        0.050840
BFGS:  135 23:47:36      -50.751594        0.054731
BFGS:  136 23:47:36      -50.753867        0.057062
BFGS:  137 23:47:36      -50.758985        0.060671
BFGS:  138 23:47:36      -50.766438        0.082171
BFGS:  139 23:47:36      -50.774581        0.079248
BFGS:  140 23:47:36      -50.779551        0.060909
BFGS:  141 23:47:36      -50.781490        0.050311
BFGS:  142 23:47:36      -50.782269        0.048205
BFGS:  143 23:47:36      -50.783162        0.044318
BFGS:  144 23:47:36      -50.784466        0.041002
BFGS:  145 23:47:36      -50.786574        0.039431
BFGS:  146 23:47:36      -50.790102        0.039074
BFGS:  147 23:47:37      -50.795312        0.046029
BFGS:  148 23:47:37      -50.802196        0.049646
BFGS:  149 23:47:37      -50.806435        0.052833
BFGS:  150 23:47:37      -50.807901        0.050454
BFGS:  151 23:47:37      -50.808397        0.046902
BFGS:  152 23:47:37      -50.809433        0.041339
BFGS:  153 23:47:37      -50.811085        0.040103
BFGS:  154 23:47:37      -50.814817        0.044989
BFGS:  155 23:47:37      -50.820828        0.049910
BFGS:  156 23:47:37      -50.828987        0.052251
BFGS:  157 23:47:37      -50.835438        0.044886
BFGS:  158 23:47:37      -50.837788        0.039695
BFGS:  159 23:47:37      -50.839022        0.040247
BFGS:  160 23:47:37      -50.840808        0.049508
BFGS:  161 23:47:37      -50.844765        0.055109
BFGS:  162 23:47:37      -50.844608        0.147300
BFGS:  163 23:47:37      -50.869156        0.168481
BFGS:  164 23:47:37      -50.883434        0.158997
BFGS:  165 23:47:37      -50.890820        0.104379
BFGS:  166 23:47:37      -50.895797        0.097789
BFGS:  167 23:47:37      -50.901111        0.087782
BFGS:  168 23:47:37      -50.905331        0.086372
BFGS:  169 23:47:37      -50.910900        0.133264
BFGS:  170 23:47:38      -50.919626        0.179591
BFGS:  171 23:47:38      -50.934248        0.172248
BFGS:  172 23:47:38      -50.943692        0.137022
BFGS:  173 23:47:38      -50.948702        0.058601
BFGS:  174 23:47:38      -50.951283        0.057126
BFGS:  175 23:47:38      -50.953602        0.062796
BFGS:  176 23:47:38      -50.954726        0.065305
BFGS:  177 23:47:38      -50.955553        0.065288
BFGS:  178 23:47:38      -50.956815        0.062907
BFGS:  179 23:47:38      -50.957885        0.061688
BFGS:  180 23:47:38      -50.959617        0.060104
BFGS:  181 23:47:38      -50.961387        0.060040
BFGS:  182 23:47:38      -50.963852        0.061070
BFGS:  183 23:47:38      -50.967139        0.066457
BFGS:  184 23:47:38      -50.971973        0.062698
BFGS:  185 23:47:38      -50.978802        0.055390
BFGS:  186 23:47:38      -50.984484        0.048363
BFGS:  187 23:47:38      -50.987004        0.045500
BFGS:  188 23:47:38      -50.987983        0.043752
BFGS:  189 23:47:38      -50.988672        0.047432
BFGS:  190 23:47:38      -50.989494        0.045611
BFGS:  191 23:47:38      -50.990389        0.042326
BFGS:  192 23:47:38      -50.992273        0.040101
BFGS:  193 23:47:38      -50.996528        0.055843
BFGS:  194 23:47:39      -51.003184        0.103558
BFGS:  195 23:47:39      -51.012129        0.158394
BFGS:  196 23:47:39      -51.022722        0.196553
BFGS:  197 23:47:39      -51.027653        0.199768
BFGS:  198 23:47:39      -51.031863        0.168133
BFGS:  199 23:47:39      -51.035205        0.126143
BFGS:  200 23:47:39      -51.038099        0.093181
BFGS:  201 23:47:39      -51.040688        0.105437
BFGS:  202 23:47:39      -51.043030        0.137046
BFGS:  203 23:47:39      -51.046507        0.158210
BFGS:  204 23:47:39      -51.050499        0.191411
BFGS:  205 23:47:39      -51.053001        0.190627
BFGS:  206 23:47:39      -51.056393        0.175531
BFGS:  207 23:47:39      -51.059441        0.164298
BFGS:  208 23:47:39      -51.063014        0.146585
BFGS:  209 23:47:39      -51.069822        0.112901
BFGS:  210 23:47:39      -51.074400        0.111165
BFGS:  211 23:47:39      -51.077696        0.087829
BFGS:  212 23:47:39      -51.081345        0.065419
BFGS:  213 23:47:39      -51.083269        0.067483
BFGS:  214 23:47:39      -51.085515        0.064778
BFGS:  215 23:47:39      -51.086814        0.061251
BFGS:  216 23:47:39      -51.087847        0.050002
BFGS:  217 23:47:39      -51.088628        0.050871
BFGS:  218 23:47:40      -51.089500        0.053835
BFGS:  219 23:47:40      -51.090460        0.055226
BFGS:  220 23:47:40      -51.091359        0.052914
BFGS:  221 23:47:40      -51.092139        0.049898
BFGS:  222 23:47:41      -51.092740        0.046901
BFGS:  223 23:47:41      -51.093232        0.045115
BFGS:  224 23:47:41      -51.093731        0.044625
BFGS:  225 23:47:41      -51.094451        0.043819
BFGS:  226 23:47:41      -51.095446        0.043238
BFGS:  227 23:47:41      -51.096629        0.051777
BFGS:  228 23:47:41      -51.097925        0.059851
BFGS:  229 23:47:41      -51.099613        0.069830
BFGS:  230 23:47:41      -51.102510        0.071002
BFGS:  231 23:47:41      -51.113475        0.102146
BFGS:  232 23:47:41      -51.119312        0.150526
BFGS:  233 23:47:41      -51.126003        0.096242
BFGS:  234 23:47:41      -51.133278        0.076297
BFGS:  235 23:47:41      -51.140975        0.104059
BFGS:  236 23:47:41      -51.146596        0.094003
BFGS:  237 23:47:41      -51.153404        0.091467
BFGS:  238 23:47:41      -51.155889        0.091034
BFGS:  239 23:47:41      -51.158967        0.074963
BFGS:  240 23:47:41      -51.162598        0.093077
BFGS:  241 23:47:42      -51.167600        0.107290
BFGS:  242 23:47:42      -51.173683        0.170499
BFGS:  243 23:47:42      -51.177786        0.165925
BFGS:  244 23:47:42      -51.183136        0.108312
BFGS:  245 23:47:42      -51.186769        0.067872
BFGS:  246 23:47:42      -51.189911        0.065593
BFGS:  247 23:47:42      -51.192688        0.081487
BFGS:  248 23:47:42      -51.195274        0.080574
BFGS:  249 23:47:42      -51.198378        0.086149
BFGS:  250 23:47:42      -51.202394        0.089625
BFGS:  251 23:47:42      -51.212381        0.118080
BFGS:  252 23:47:42      -51.221258        0.179338
BFGS:  253 23:47:42      -51.228625        0.361067
BFGS:  254 23:47:42      -51.248454        0.228124
BFGS:  255 23:47:42      -51.262391        0.207680
BFGS:  256 23:47:42      -51.278712        0.140959
BFGS:  257 23:47:42      -51.302490        0.142051
BFGS:  258 23:47:42      -51.319716        0.186045
BFGS:  259 23:47:42      -51.334022        0.182759
BFGS:  260 23:47:42      -51.343792        0.185838
BFGS:  261 23:47:42      -51.349593        0.140631
BFGS:  262 23:47:43      -51.354823        0.121120
BFGS:  263 23:47:51      -51.361596        0.125609
BFGS:  264 23:47:51      -51.375241        0.132489
BFGS:  265 23:47:51      -51.389127        0.160244
BFGS:  266 23:47:51      -51.403584        0.102475
BFGS:  267 23:47:51      -51.410079        0.096572
BFGS:  268 23:47:51      -51.412841        0.092074
BFGS:  269 23:47:51      -51.415000        0.080375
BFGS:  270 23:47:51      -51.417464        0.074896
BFGS:  271 23:47:51      -51.419812        0.088160
BFGS:  272 23:47:51      -51.423317        0.104160
BFGS:  273 23:47:51      -51.427981        0.099734
BFGS:  274 23:47:51      -51.433933        0.087047
BFGS:  275 23:47:51      -51.438708        0.063010
BFGS:  276 23:47:51      -51.441361        0.045058
BFGS:  277 23:47:51      -51.443504        0.043291
BFGS:  278 23:47:51      -51.446231        0.046091
BFGS:  279 23:47:51      -51.449461        0.059802
BFGS:  280 23:47:51      -51.451899        0.068088
BFGS:  281 23:47:51      -51.453398        0.069420
BFGS:  282 23:47:51      -51.454377        0.066389
BFGS:  283 23:47:51      -51.455298        0.063487
BFGS:  284 23:47:51      -51.456246        0.059123
BFGS:  285 23:47:52      -51.457566        0.055277
BFGS:  286 23:47:52      -51.459733        0.047436
BFGS:  287 23:47:52      -51.462540        0.043157
BFGS:  288 23:47:52      -51.464598        0.042516
BFGS:  289 23:47:52      -51.465639        0.048847
BFGS:  290 23:47:52      -51.466107        0.047107
BFGS:  291 23:47:52      -51.466434        0.045615
BFGS:  292 23:47:52      -51.466778        0.043096
BFGS:  293 23:47:52      -51.467259        0.038865
BFGS:  294 23:47:52      -51.467988        0.037369
BFGS:  295 23:47:52      -51.469010        0.038281
BFGS:  296 23:47:52      -51.470022        0.034253
BFGS:  297 23:47:52      -51.470664        0.030960
BFGS:  298 23:47:52      -51.470980        0.030497
BFGS:  299 23:47:52      -51.471189        0.030156
BFGS:  300 23:47:52      -51.471456        0.029007
BFGS:  301 23:47:52      -51.471913        0.038631
BFGS:  302 23:47:52      -51.472561        0.052653
BFGS:  303 23:47:52      -51.473684        0.058111
BFGS:  304 23:47:52      -51.476369        0.081484
BFGS:  305 23:47:52      -51.479539        0.079726
BFGS:  306 23:47:52      -51.482820        0.161169
BFGS:  307 23:47:52      -51.487656        0.076877
BFGS:  308 23:47:53      -51.489483        0.063935
BFGS:  309 23:47:53      -51.490669        0.066996
BFGS:  310 23:47:53      -51.491418        0.072275
BFGS:  311 23:47:53      -51.492387        0.062376
BFGS:  312 23:47:53      -51.493454        0.056078
BFGS:  313 23:47:53      -51.494880        0.046487
BFGS:  314 23:47:53      -51.495775        0.035628
BFGS:  315 23:47:53      -51.496478        0.035676
BFGS:  316 23:47:53      -51.496991        0.036040
BFGS:  317 23:47:53      -51.497495        0.038524
BFGS:  318 23:47:53      -51.497966        0.038452
BFGS:  319 23:47:53      -51.498640        0.039252
BFGS:  320 23:47:53      -51.499779        0.059060
BFGS:  321 23:47:53      -51.501938        0.084346
BFGS:  322 23:47:53      -51.505327        0.100647
BFGS:  323 23:47:53      -51.509118        0.093290
BFGS:  324 23:47:53      -51.511555        0.077476
BFGS:  325 23:47:53      -51.512509        0.043813
BFGS:  326 23:47:53      -51.512894        0.026479
BFGS:  327 23:47:53      -51.513102        0.020184
BFGS:  328 23:47:53      -51.513238        0.020024
BFGS:  329 23:47:53      -51.513356        0.020160
BFGS:  330 23:47:53      -51.513540        0.022747
BFGS:  331 23:47:54      -51.513809        0.029974
BFGS:  332 23:47:54      -51.514184        0.034274
BFGS:  333 23:47:54      -51.514533        0.029374
BFGS:  334 23:47:54      -51.514782        0.025615
BFGS:  335 23:47:54      -51.514929        0.024166
BFGS:  336 23:47:54      -51.515024        0.022934
BFGS:  337 23:47:54      -51.515094        0.022144
BFGS:  338 23:47:54      -51.515161        0.019535
BFGS:  339 23:47:54      -51.515238        0.017608
BFGS:  340 23:47:54      -51.515346        0.017696
BFGS:  341 23:47:54      -51.515509        0.017831
BFGS:  342 23:47:54      -51.515730        0.016881
BFGS:  343 23:47:54      -51.515942        0.014797
BFGS:  344 23:47:54      -51.516056        0.012604
BFGS:  345 23:47:54      -51.516093        0.012372
BFGS:  346 23:47:54      -51.516110        0.012692
BFGS:  347 23:47:54      -51.516131        0.013286
BFGS:  348 23:47:54      -51.516165        0.013981
BFGS:  349 23:47:54      -51.516232        0.015364
BFGS:  350 23:47:54      -51.516344        0.016844
BFGS:  351 23:47:54      -51.516492        0.020590
BFGS:  352 23:47:54      -51.516625        0.020076
BFGS:  353 23:47:54      -51.516704        0.015330
BFGS:  354 23:47:55      -51.516743        0.011349
BFGS:  355 23:47:55      -51.516767        0.011068
BFGS:  356 23:47:55      -51.516785        0.012191
BFGS:  357 23:47:55      -51.516806        0.013548
BFGS:  358 23:47:55      -51.516842        0.014530
BFGS:  359 23:47:55      -51.516910        0.014693
BFGS:  360 23:47:55      -51.517028        0.013632
BFGS:  361 23:47:55      -51.517161        0.011343
BFGS:  362 23:47:55      -51.517235        0.010690
BFGS:  363 23:47:55      -51.517254        0.010834
BFGS:  364 23:47:55      -51.517260        0.010680
BFGS:  365 23:47:55      -51.517268        0.010456
BFGS:  366 23:47:55      -51.517287        0.010099
BFGS:  367 23:47:55      -51.517327        0.009752
BFGS:  368 23:47:55      -51.517398        0.011297
BFGS:  369 23:47:55      -51.517479        0.011684
BFGS:  370 23:47:55      -51.517525        0.010427
BFGS:  371 23:47:55      -51.517538        0.009392
BFGS:  372 23:47:55      -51.517543        0.008945
BFGS:  373 23:47:55      -51.517550        0.008454
BFGS:  374 23:47:55      -51.517564        0.008670
BFGS:  375 23:47:55      -51.517594        0.010278
BFGS:  376 23:47:55      -51.517647        0.011577
BFGS:  377 23:47:56      -51.517710        0.010815
BFGS:  378 23:47:56      -51.517753        0.008028
BFGS:  379 23:47:56      -51.517768        0.008386
BFGS:  380 23:47:56      -51.517773        0.008786
BFGS:  381 23:47:56      -51.517781        0.009127
BFGS:  382 23:47:56      -51.517796        0.009477
BFGS:  383 23:47:56      -51.517827        0.009647
BFGS:  384 23:47:56      -51.517882        0.009111
BFGS:  385 23:47:56      -51.517943        0.007555
BFGS:  386 23:47:56      -51.517978        0.006921
BFGS:  387 23:47:56      -51.517988        0.006482
BFGS:  388 23:47:56      -51.517993        0.006587
BFGS:  389 23:47:56      -51.518001        0.006597
BFGS:  390 23:47:56      -51.518020        0.006415
BFGS:  391 23:47:56      -51.518058        0.005867
BFGS:  392 23:47:56      -51.518113        0.005822
BFGS:  393 23:47:56      -51.518155        0.005638
BFGS:  394 23:47:56      -51.518170        0.005444
BFGS:  395 23:47:56      -51.518174        0.005389
BFGS:  396 23:47:56      -51.518177        0.005369
BFGS:  397 23:47:56      -51.518185        0.005349
BFGS:  398 23:47:56      -51.518204        0.005336
BFGS:  399 23:47:56      -51.518242        0.005287
BFGS:  400 23:47:56      -51.518295        0.005482
BFGS:  401 23:47:57      -51.518335        0.004805
BFGS:  402 23:47:57      -51.518347        0.003990
BFGS:  403 23:47:57      -51.518350        0.003912
BFGS:  404 23:47:57      -51.518352        0.003862
BFGS:  405 23:47:57      -51.518358        0.003705
BFGS:  406 23:47:57      -51.518371        0.003325
BFGS:  407 23:47:57      -51.518392        0.002891
BFGS:  408 23:47:57      -51.518414        0.003355
BFGS:  409 23:47:57      -51.518424        0.002895
BFGS:  410 23:47:57      -51.518427        0.002431
BFGS:  411 23:47:57      -51.518428        0.002242
BFGS:  412 23:47:57      -51.518430        0.002262
BFGS:  413 23:47:57      -51.518435        0.002176
BFGS:  414 23:47:57      -51.518444        0.001967
BFGS:  415 23:47:57      -51.518457        0.001706
BFGS:  416 23:47:57      -51.518466        0.001337
BFGS:  417 23:47:57      -51.518468        0.000968
