      Step     Time          Energy          fmax
BFGS:    0 02:24:01     -115.547241       10.420730
BFGS:    1 02:24:01     -139.649914        5.557439
BFGS:    2 02:24:05     -159.863143        3.425011
BFGS:    3 02:24:08     -170.240759        2.387049
BFGS:    4 02:24:09     -175.430509        1.998595
BFGS:    5 02:24:09     -178.524187        1.807081
BFGS:    6 02:24:09     -180.852573        1.609122
BFGS:    7 02:24:10     -182.871596        1.414757
BFGS:    8 02:24:10     -184.665822        1.235389
BFGS:    9 02:24:10     -186.375906        1.089838
BFGS:   10 02:24:10     -188.382456        1.008484
BFGS:   11 02:24:10     -190.027676        1.084038
BFGS:   12 02:24:10     -190.567233        1.108021
BFGS:   13 02:24:10     -191.464204        1.118331
BFGS:   14 02:24:18     -192.043243        1.100095
BFGS:   15 02:24:18     -192.790393        1.040466
BFGS:   16 02:24:18     -193.057359        0.978891
BFGS:   17 02:24:18     -193.133425        0.949971
BFGS:   18 02:24:18     -193.376338        0.862111
BFGS:   19 02:24:18     -193.632348        0.775831
BFGS:   20 02:24:18     -193.883866        0.698685
BFGS:   21 02:24:19     -194.068397        0.637323
BFGS:   22 02:24:19     -194.135549        0.626032
BFGS:   23 02:24:19     -194.282526        0.612346
BFGS:   24 02:24:19     -194.493542        0.614160
BFGS:   25 02:24:19     -194.709889        0.601800
BFGS:   26 02:24:19     -194.932838        0.582845
BFGS:   27 02:24:19     -195.156472        0.561461
BFGS:   28 02:24:20     -195.375999        0.539746
BFGS:   29 02:24:20     -195.588412        0.518935
BFGS:   30 02:24:20     -195.792194        0.499772
BFGS:   31 02:24:20     -195.986927        0.482635
BFGS:   32 02:24:20     -196.172944        0.467572
BFGS:   33 02:24:20     -196.351028        0.454306
BFGS:   34 02:24:20     -196.522187        0.442173
BFGS:   35 02:24:21     -196.687661        0.430523
BFGS:   36 02:24:21     -196.848478        0.418802
BFGS:   37 02:24:21     -197.005374        0.406637
BFGS:   38 02:24:26     -197.158764        0.393876
BFGS:   39 02:24:26     -197.308757        0.380554
BFGS:   40 02:24:28     -197.455280        0.367067
BFGS:   41 02:24:29     -197.598047        0.354085
BFGS:   42 02:24:29     -197.736614        0.341929
BFGS:   43 02:24:32     -197.870908        0.330705
BFGS:   44 02:24:40     -198.000912        0.320291
BFGS:   45 02:24:41     -198.127029        0.310659
BFGS:   46 02:24:41     -198.249524        0.303057
BFGS:   47 02:24:41     -198.368476        0.302822
BFGS:   48 02:24:41     -198.483889        0.301856
BFGS:   49 02:24:41     -198.595739        0.300157
BFGS:   50 02:24:41     -198.704002        0.297725
BFGS:   51 02:24:42     -198.808672        0.294574
BFGS:   52 02:24:42     -198.909757        0.290762
BFGS:   53 02:24:42     -199.007283        0.286382
BFGS:   54 02:24:42     -199.101293        0.283541
BFGS:   55 02:24:42     -199.191909        0.280633
BFGS:   56 02:24:42     -199.279242        0.277830
BFGS:   57 02:24:43     -199.363428        0.275089
BFGS:   58 02:24:47     -199.444582        0.272089
BFGS:   59 02:24:47     -199.522861        0.268416
BFGS:   60 02:24:47     -199.598591        0.263859
BFGS:   61 02:24:47     -199.672315        0.258514
BFGS:   62 02:24:52     -199.744729        0.252579
BFGS:   63 02:24:52     -199.816555        0.246140
BFGS:   64 02:24:52     -199.888457        0.239104
BFGS:   65 02:24:53     -199.961012        0.231254
BFGS:   66 02:24:53     -200.034687        0.231174
BFGS:   67 02:24:53     -200.109597        0.231744
BFGS:   68 02:24:53     -200.186935        0.232609
BFGS:   69 02:24:53     -200.268609        0.233429
BFGS:   70 02:24:53     -200.356593        0.233935
BFGS:   71 02:24:53     -200.453512        0.233692
BFGS:   72 02:24:54     -200.563573        0.231381
BFGS:   73 02:24:54     -200.696319        0.247674
BFGS:   74 02:24:54     -200.801164        0.263901
BFGS:   75 02:24:54     -200.887186        0.250922
BFGS:   76 02:24:54     -200.944992        0.232016
BFGS:   77 02:24:58     -200.997670        0.210884
BFGS:   78 02:24:58     -201.046763        0.187737
BFGS:   79 02:24:58     -201.092061        0.181693
BFGS:   80 02:24:58     -201.133540        0.182026
BFGS:   81 02:24:59     -201.172532        0.183542
BFGS:   82 02:24:59     -201.197808        0.185319
BFGS:   83 02:24:59     -201.243817        0.189186
BFGS:   84 02:24:59     -201.274161        0.192592
BFGS:   85 02:25:00     -201.298119        0.196262
BFGS:   86 02:25:00     -201.317251        0.200307
BFGS:   87 02:25:00     -201.332085        0.204663
BFGS:   88 02:25:00     -201.342920        0.209236
BFGS:   89 02:25:00     -201.350169        0.213912
BFGS:   90 02:25:00     -201.355067        0.218477
BFGS:   91 02:25:00     -201.359616        0.220452
BFGS:   92 02:25:00     -201.374286        0.223160
BFGS:   93 02:25:01     -201.396647        0.224248
BFGS:   94 02:25:01     -201.428708        0.223204
BFGS:   95 02:25:01     -201.471618        0.219424
BFGS:   96 02:25:01     -201.525307        0.212326
BFGS:   97 02:25:01     -201.583313        0.202435
BFGS:   98 02:25:01     -201.634977        0.191436
BFGS:   99 02:25:01     -201.679569        0.180393
BFGS:  100 02:25:01     -201.717735        0.170361
BFGS:  101 02:25:02     -201.751006        0.161599
BFGS:  102 02:25:02     -201.781220        0.161510
BFGS:  103 02:25:02     -201.810299        0.172033
BFGS:  104 02:25:02     -201.839445        0.181183
BFGS:  105 02:25:02     -201.870015        0.188756
BFGS:  106 02:25:02     -201.903674        0.194776
BFGS:  107 02:25:02     -201.941787        0.199328
BFGS:  108 02:25:02     -201.984891        0.202344
BFGS:  109 02:25:03     -202.032203        0.203710
BFGS:  110 02:25:03     -202.081701        0.203488
BFGS:  111 02:25:03     -202.131314        0.201854
BFGS:  112 02:25:03     -202.180165        0.198870
BFGS:  113 02:25:03     -202.228713        0.194511
BFGS:  114 02:25:03     -202.277855        0.188899
BFGS:  115 02:25:03     -202.327763        0.182467
BFGS:  116 02:25:04     -202.377934        0.175824
BFGS:  117 02:25:04     -202.427240        0.169707
BFGS:  118 02:25:04     -202.474358        0.164561
BFGS:  119 02:25:04     -202.519170        0.160137
BFGS:  120 02:25:04     -202.561820        0.156399
BFGS:  121 02:25:04     -202.602652        0.153292
BFGS:  122 02:25:04     -202.642059        0.150773
BFGS:  123 02:25:04     -202.680392        0.148787
BFGS:  124 02:25:04     -202.717892        0.147300
BFGS:  125 02:25:05     -202.754611        0.146119
BFGS:  126 02:25:05     -202.790029        0.144688
BFGS:  127 02:25:05     -202.824056        0.142673
BFGS:  128 02:25:05     -202.856602        0.140364
BFGS:  129 02:25:05     -202.887733        0.137980
BFGS:  130 02:25:05     -202.917499        0.135846
BFGS:  131 02:25:05     -202.945943        0.134215
BFGS:  132 02:25:06     -202.973158        0.133238
BFGS:  133 02:25:06     -202.999243        0.132873
BFGS:  134 02:25:06     -203.024090        0.132767
BFGS:  135 02:25:06     -203.047567        0.132487
BFGS:  136 02:25:06     -203.069620        0.131936
BFGS:  137 02:25:06     -203.090329        0.131096
BFGS:  138 02:25:06     -203.109912        0.129881
BFGS:  139 02:25:06     -203.128633        0.128157
BFGS:  140 02:25:07     -203.146642        0.125821
BFGS:  141 02:25:07     -203.164432        0.122850
BFGS:  142 02:25:09     -203.181341        0.120445
BFGS:  143 02:25:09     -203.197311        0.119129
BFGS:  144 02:25:09     -203.212728        0.119643
BFGS:  145 02:25:10     -203.227446        0.120829
BFGS:  146 02:25:10     -203.241470        0.122480
BFGS:  147 02:25:10     -203.255385        0.124851
BFGS:  148 02:25:10     -203.270002        0.127612
BFGS:  149 02:25:10     -203.284715        0.129936
BFGS:  150 02:25:10     -203.298099        0.132263
BFGS:  151 02:25:10     -203.311726        0.138160
BFGS:  152 02:25:10     -203.336993        0.143590
BFGS:  153 02:25:11     -203.372806        0.151730
BFGS:  154 02:25:11     -203.410090        0.156593
BFGS:  155 02:25:11     -203.444559        0.160364
BFGS:  156 02:25:11     -203.480517        0.164065
BFGS:  157 02:25:11     -203.522176        0.167262
BFGS:  158 02:25:14     -203.567991        0.168388
BFGS:  159 02:25:14     -203.610561        0.165146
BFGS:  160 02:25:14     -203.643718        0.158580
BFGS:  161 02:25:14     -203.667221        0.156983
BFGS:  162 02:25:16     -203.685958        0.161352
BFGS:  163 02:25:16     -203.703487        0.163656
BFGS:  164 02:25:16     -203.721112        0.163573
BFGS:  165 02:25:17     -203.740324        0.161663
BFGS:  166 02:25:18     -203.762034        0.159310
BFGS:  167 02:25:18     -203.785561        0.157204
BFGS:  168 02:25:18     -203.809073        0.155420
BFGS:  169 02:25:18     -203.831489        0.153415
BFGS:  170 02:25:18     -203.852839        0.151086
BFGS:  171 02:25:19     -203.873296        0.148144
BFGS:  172 02:25:19     -203.893117        0.144688
BFGS:  173 02:25:20     -203.912420        0.140607
BFGS:  174 02:25:20     -203.931050        0.136013
BFGS:  175 02:25:20     -203.948456        0.130972
BFGS:  176 02:25:20     -203.964459        0.125895
BFGS:  177 02:25:20     -203.979778        0.121009
BFGS:  178 02:25:21     -203.995844        0.116521
BFGS:  179 02:25:21     -204.014341        0.112371
BFGS:  180 02:25:24     -204.036684        0.109690
BFGS:  181 02:25:25     -204.064440        0.108600
BFGS:  182 02:25:25     -204.099779        0.111031
BFGS:  183 02:25:28     -204.145370        0.114240
BFGS:  184 02:25:28     -204.205019        0.115276
BFGS:  185 02:25:28     -204.283450        0.114085
BFGS:  186 02:25:29     -204.363389        0.111584
BFGS:  187 02:25:29     -204.411457        0.108482
BFGS:  188 02:25:29     -204.447570        0.104939
BFGS:  189 02:25:29     -204.477651        0.101705
BFGS:  190 02:25:29     -204.502917        0.098085
BFGS:  191 02:25:29     -204.522801        0.096801
BFGS:  192 02:25:29     -204.538533        0.111204
BFGS:  193 02:25:30     -204.550904        0.119416
BFGS:  194 02:25:30     -204.586210        0.133655
BFGS:  195 02:25:34     -204.607543        0.137352
BFGS:  196 02:25:34     -204.627939        0.134755
BFGS:  197 02:25:34     -204.650298        0.129908
BFGS:  198 02:25:34     -204.674947        0.121078
BFGS:  199 02:25:34     -204.705818        0.120367
BFGS:  200 02:25:34     -204.741799        0.128534
BFGS:  201 02:25:35     -204.789263        0.135658
BFGS:  202 02:25:35     -204.827198        0.161768
BFGS:  203 02:25:35     -204.843433        0.152074
BFGS:  204 02:25:35     -204.857710        0.155138
BFGS:  205 02:25:35     -204.866045        0.153833
BFGS:  206 02:25:35     -204.872200        0.154629
BFGS:  207 02:25:35     -204.881580        0.153746
BFGS:  208 02:25:36     -204.889941        0.151850
BFGS:  209 02:25:36     -204.900109        0.147448
BFGS:  210 02:25:36     -204.911680        0.141768
BFGS:  211 02:25:36     -204.928885        0.133840
BFGS:  212 02:25:36     -204.952767        0.125351
BFGS:  213 02:25:36     -204.975971        0.121614
BFGS:  214 02:25:36     -204.994017        0.124859
BFGS:  215 02:25:37     -205.004005        0.129630
BFGS:  216 02:25:37     -205.018190        0.136694
BFGS:  217 02:25:37     -205.044042        0.147904
BFGS:  218 02:25:37     -205.069162        0.155269
BFGS:  219 02:25:37     -205.094672        0.160159
BFGS:  220 02:25:37     -205.119398        0.163163
BFGS:  221 02:25:37     -205.139466        0.163561
BFGS:  222 02:25:37     -205.145679        0.160114
BFGS:  223 02:25:38     -205.150025        0.156031
BFGS:  224 02:25:38     -205.158474        0.149160
BFGS:  225 02:25:38     -205.172662        0.141418
BFGS:  226 02:25:38     -205.189512        0.136687
BFGS:  227 02:25:38     -205.207741        0.134297
BFGS:  228 02:25:38     -205.226625        0.133778
BFGS:  229 02:25:38     -205.245397        0.135399
BFGS:  230 02:25:39     -205.263735        0.139528
BFGS:  231 02:25:39     -205.288059        0.150237
BFGS:  232 02:25:39     -205.321452        0.164569
BFGS:  233 02:25:39     -205.356525        0.173071
BFGS:  234 02:25:39     -205.386959        0.173267
BFGS:  235 02:25:39     -205.415305        0.171150
BFGS:  236 02:25:39     -205.441705        0.168778
BFGS:  237 02:25:39     -205.466248        0.166108
BFGS:  238 02:25:40     -205.488961        0.163425
BFGS:  239 02:25:40     -205.509939        0.160739
BFGS:  240 02:25:40     -205.529281        0.158107
BFGS:  241 02:25:40     -205.547101        0.155541
BFGS:  242 02:25:40     -205.563511        0.153044
BFGS:  243 02:25:40     -205.578588        0.150594
BFGS:  244 02:25:42     -205.592403        0.148191
BFGS:  245 02:25:43     -205.605014        0.145831
BFGS:  246 02:25:43     -205.616473        0.143526
BFGS:  247 02:25:43     -205.626832        0.141275
BFGS:  248 02:25:43     -205.636140        0.139070
BFGS:  249 02:25:43     -205.644442        0.136899
BFGS:  250 02:25:43     -205.651785        0.134742
BFGS:  251 02:25:44     -205.658212        0.132567
BFGS:  252 02:25:44     -205.663766        0.130332
BFGS:  253 02:25:49     -205.668490        0.127992
BFGS:  254 02:25:49     -205.672434        0.125512
BFGS:  255 02:25:49     -205.675662        0.122872
BFGS:  256 02:25:50     -205.678274        0.120083
BFGS:  257 02:25:50     -205.680430        0.117180
BFGS:  258 02:25:51     -205.682405        0.114232
BFGS:  259 02:25:51     -205.684630        0.111325
BFGS:  260 02:25:52     -205.687648        0.108565
BFGS:  261 02:25:52     -205.692028        0.106040
BFGS:  262 02:25:52     -205.698383        0.103834
BFGS:  263 02:25:52     -205.707522        0.101936
BFGS:  264 02:25:52     -205.720686        0.100050
BFGS:  265 02:25:52     -205.734792        0.097446
BFGS:  266 02:25:54     -205.745629        0.094613
BFGS:  267 02:25:55     -205.754949        0.092261
BFGS:  268 02:25:55     -205.764979        0.089825
BFGS:  269 02:25:55     -205.776388        0.086879
BFGS:  270 02:25:59     -205.789572        0.083100
BFGS:  271 02:26:00     -205.803527        0.078527
BFGS:  272 02:26:00     -205.817574        0.073342
BFGS:  273 02:26:00     -205.831575        0.067580
BFGS:  274 02:26:01     -205.845335        0.061419
BFGS:  275 02:26:01     -205.858629        0.055078
BFGS:  276 02:26:01     -205.871164        0.048988
BFGS:  277 02:26:02     -205.882590        0.043826
BFGS:  278 02:26:05     -205.892406        0.040688
BFGS:  279 02:26:06     -205.898885        0.040438
BFGS:  280 02:26:11     -205.902988        0.041999
BFGS:  281 02:26:12     -205.905506        0.044318
BFGS:  282 02:26:15     -205.906993        0.046698
BFGS:  283 02:26:15     -205.907816        0.048660
BFGS:  284 02:26:15     -205.908230        0.049068
BFGS:  285 02:26:23     -205.908707        0.048346
BFGS:  286 02:26:23     -205.909223        0.046885
BFGS:  287 02:26:23     -205.909913        0.045371
BFGS:  288 02:26:23     -205.911396        0.043570
BFGS:  289 02:26:23     -205.914317        0.041972
BFGS:  290 02:26:23     -205.918821        0.041164
BFGS:  291 02:26:24     -205.922968        0.042374
BFGS:  292 02:26:24     -205.925570        0.045571
BFGS:  293 02:26:24     -205.927409        0.049525
BFGS:  294 02:26:24     -205.929495        0.052776
BFGS:  295 02:26:24     -205.934488        0.057327
BFGS:  296 02:26:24     -205.941658        0.059097
BFGS:  297 02:26:31     -205.948639        0.058747
BFGS:  298 02:26:31     -205.951706        0.063355
BFGS:  299 02:26:31     -205.953037        0.055751
BFGS:  300 02:26:38     -205.954310        0.044303
BFGS:  301 02:26:38     -205.957489        0.041219
BFGS:  302 02:26:38     -205.960707        0.041854
BFGS:  303 02:26:38     -205.962963        0.044117
BFGS:  304 02:26:38     -205.964110        0.046180
BFGS:  305 02:26:39     -205.965119        0.047533
BFGS:  306 02:26:39     -205.966602        0.048186
BFGS:  307 02:26:39     -205.968285        0.047256
BFGS:  308 02:26:41     -205.969607        0.045209
BFGS:  309 02:26:41     -205.970624        0.043389
BFGS:  310 02:26:41     -205.971935        0.041800
BFGS:  311 02:26:41     -205.974168        0.040352
BFGS:  312 02:26:42     -205.977593        0.046031
BFGS:  313 02:26:42     -205.981580        0.068746
BFGS:  314 02:26:42     -205.985221        0.081323
BFGS:  315 02:26:42     -205.988714        0.076688
BFGS:  316 02:26:42     -205.993845        0.056177
BFGS:  317 02:26:44     -206.000939        0.044629
BFGS:  318 02:26:44     -206.007935        0.047228
BFGS:  319 02:26:44     -206.013958        0.063753
BFGS:  320 02:26:45     -206.018768        0.082564
BFGS:  321 02:26:45     -206.022817        0.095673
BFGS:  322 02:26:45     -206.026742        0.108210
BFGS:  323 02:26:46     -206.030516        0.120797
BFGS:  324 02:26:46     -206.034201        0.132880
BFGS:  325 02:26:46     -206.038219        0.143032
BFGS:  326 02:26:46     -206.043105        0.149232
BFGS:  327 02:26:52     -206.049367        0.149082
BFGS:  328 02:26:52     -206.057626        0.140258
BFGS:  329 02:26:52     -206.067664        0.123994
BFGS:  330 02:26:52     -206.078694        0.104037
BFGS:  331 02:26:52     -206.089969        0.083883
BFGS:  332 02:26:52     -206.099884        0.068196
BFGS:  333 02:26:53     -206.105972        0.074371
BFGS:  334 02:26:53     -206.109817        0.070823
BFGS:  335 02:26:53     -206.113926        0.057439
BFGS:  336 02:26:56     -206.117339        0.042593
BFGS:  337 02:26:56     -206.122658        0.037454
BFGS:  338 02:26:56     -206.126326        0.037994
BFGS:  339 02:26:56     -206.128395        0.037454
BFGS:  340 02:26:56     -206.129646        0.037253
BFGS:  341 02:26:57     -206.130969        0.038818
BFGS:  342 02:26:57     -206.132464        0.039554
BFGS:  343 02:26:57     -206.133954        0.040194
BFGS:  344 02:26:57     -206.135745        0.039126
BFGS:  345 02:26:57     -206.137269        0.036920
BFGS:  346 02:26:57     -206.138131        0.038026
BFGS:  347 02:26:57     -206.138632        0.038449
BFGS:  348 02:26:58     -206.139097        0.038140
BFGS:  349 02:26:58     -206.139706        0.037411
BFGS:  350 02:26:58     -206.140821        0.036300
BFGS:  351 02:26:58     -206.142374        0.035174
BFGS:  352 02:27:04     -206.143447        0.034932
BFGS:  353 02:27:04     -206.144024        0.036022
BFGS:  354 02:27:04     -206.144297        0.037276
BFGS:  355 02:27:04     -206.144586        0.038250
BFGS:  356 02:27:04     -206.145368        0.039799
BFGS:  357 02:27:04     -206.146909        0.041091
BFGS:  358 02:27:04     -206.149789        0.041024
BFGS:  359 02:27:05     -206.153482        0.037845
BFGS:  360 02:27:05     -206.156454        0.040221
BFGS:  361 02:27:05     -206.158136        0.045208
BFGS:  362 02:27:05     -206.159474        0.044735
BFGS:  363 02:27:08     -206.161800        0.041265
BFGS:  364 02:27:08     -206.166628        0.034695
BFGS:  365 02:27:09     -206.175050        0.039786
BFGS:  366 02:27:09     -206.183096        0.037750
BFGS:  367 02:27:09     -206.190674        0.029981
BFGS:  368 02:27:09     -206.196340        0.021078
BFGS:  369 02:27:09     -206.198176        0.020514
BFGS:  370 02:27:09     -206.198450        0.019179
BFGS:  371 02:27:09     -206.198703        0.016738
BFGS:  372 02:27:10     -206.199032        0.015042
BFGS:  373 02:27:10     -206.200011        0.013402
BFGS:  374 02:27:10     -206.201180        0.010095
BFGS:  375 02:27:10     -206.201989        0.008980
BFGS:  376 02:27:10     -206.202204        0.008056
BFGS:  377 02:27:10     -206.202243        0.007746
BFGS:  378 02:27:10     -206.202271        0.007594
BFGS:  379 02:27:11     -206.202347        0.007336
BFGS:  380 02:27:11     -206.202496        0.007054
BFGS:  381 02:27:11     -206.202750        0.006837
BFGS:  382 02:27:11     -206.203004        0.006916
BFGS:  383 02:27:11     -206.203124        0.007262
BFGS:  384 02:27:11     -206.203148        0.007474
BFGS:  385 02:27:11     -206.203154        0.007514
BFGS:  386 02:27:12     -206.203164        0.007523
BFGS:  387 02:27:12     -206.203186        0.007491
BFGS:  388 02:27:12     -206.203232        0.007382
BFGS:  389 02:27:12     -206.203313        0.007163
BFGS:  390 02:27:12     -206.203407        0.006902
BFGS:  391 02:27:12     -206.203466        0.006796
BFGS:  392 02:27:13     -206.203486        0.006853
BFGS:  393 02:27:13     -206.203496        0.006925
BFGS:  394 02:27:13     -206.203513        0.007027
BFGS:  395 02:27:14     -206.203552        0.007156
BFGS:  396 02:27:14     -206.203637        0.007248
BFGS:  397 02:27:14     -206.203788        0.007160
BFGS:  398 02:27:14     -206.203962        0.006722
BFGS:  399 02:27:15     -206.204065        0.006016
BFGS:  400 02:27:15     -206.204100        0.005570
BFGS:  401 02:27:15     -206.204120        0.005342
BFGS:  402 02:27:20     -206.204162        0.005068
BFGS:  403 02:27:25     -206.204262        0.004609
BFGS:  404 02:27:25     -206.204487        0.006948
BFGS:  405 02:27:25     -206.204900        0.013201
BFGS:  406 02:27:25     -206.205412        0.018964
BFGS:  407 02:27:26     -206.205740        0.019008
BFGS:  408 02:27:26     -206.205838        0.014573
BFGS:  409 02:27:27     -206.205868        0.010238
BFGS:  410 02:27:27     -206.205896        0.005027
BFGS:  411 02:27:27     -206.205929        0.003471
BFGS:  412 02:27:27     -206.205952        0.008139
BFGS:  413 02:27:28     -206.205970        0.009774
BFGS:  414 02:27:28     -206.205995        0.009850
BFGS:  415 02:27:28     -206.206042        0.008736
BFGS:  416 02:27:28     -206.206116        0.008041
BFGS:  417 02:27:29     -206.206190        0.008233
BFGS:  418 02:27:29     -206.206228        0.008267
BFGS:  419 02:27:29     -206.206239        0.006618
BFGS:  420 02:27:39     -206.206245        0.004549
BFGS:  421 02:27:39     -206.206250        0.001776
BFGS:  422 02:27:39     -206.206252        0.000530
