      Step     Time          Energy          fmax
BFGS:    0 03:43:53      -65.429933        5.563303
BFGS:    1 03:43:53      -66.206155        5.471545
BFGS:    2 03:43:53      -68.097766        5.246238
BFGS:    3 03:43:53      -69.904331        5.028657
BFGS:    4 03:43:53      -71.628931        4.818700
BFGS:    5 03:43:53      -73.274631        4.616297
BFGS:    6 03:43:53      -74.844456        4.421354
BFGS:    7 03:43:54      -76.341373        4.233741
BFGS:    8 03:43:54      -77.768276        4.053307
BFGS:    9 03:43:54      -79.127978        3.879876
BFGS:   10 03:43:54      -80.423185        3.713194
BFGS:   11 03:43:54      -81.656416        3.552841
BFGS:   12 03:43:54      -82.829949        3.398185
BFGS:   13 03:43:54      -83.945775        3.248454
BFGS:   14 03:43:54      -85.005589        3.102923
BFGS:   15 03:43:54      -86.010868        2.961115
BFGS:   16 03:43:54      -86.962988        2.822878
BFGS:   17 03:43:54      -87.863343        2.688344
BFGS:   18 03:43:54      -88.713433        2.557821
BFGS:   19 03:43:54      -89.514909        2.431698
BFGS:   20 03:43:55      -90.269608        2.310396
BFGS:   21 03:43:55      -90.979557        2.194288
BFGS:   22 03:43:55      -91.646923        2.083609
BFGS:   23 03:43:55      -92.273922        1.978369
BFGS:   24 03:43:55      -92.862597        1.878181
BFGS:   25 03:43:55      -93.414722        1.782750
BFGS:   26 03:43:55      -93.931850        1.691327
BFGS:   27 03:43:55      -94.415314        1.603541
BFGS:   28 03:43:55      -94.866335        1.519239
BFGS:   29 03:43:55      -95.286071        1.438423
BFGS:   30 03:43:55      -95.675701        1.361379
BFGS:   31 03:43:55      -96.036540        1.288548
BFGS:   32 03:43:55      -96.370001        1.220215
BFGS:   33 03:43:55      -96.677532        1.156485
BFGS:   34 03:43:55      -96.960562        1.097227
BFGS:   35 03:43:56      -97.220429        1.042090
BFGS:   36 03:43:56      -97.458336        0.990549
BFGS:   37 03:43:56      -97.675315        0.941985
BFGS:   38 03:43:56      -97.872226        0.895819
BFGS:   39 03:43:56      -98.049815        0.851930
BFGS:   40 03:43:56      -98.208908        0.810621
BFGS:   41 03:43:56      -98.350377        0.771995
BFGS:   42 03:43:56      -98.475131        0.736296
BFGS:   43 03:43:56      -98.584153        0.703827
BFGS:   44 03:43:56      -98.678528        0.674900
BFGS:   45 03:43:56      -98.759474        0.649777
BFGS:   46 03:43:56      -98.828364        0.628577
BFGS:   47 03:43:56      -98.886736        0.611142
BFGS:   48 03:43:56      -98.936300        0.596945
BFGS:   49 03:43:57      -98.978976        0.607105
BFGS:   50 03:43:57      -99.017031        0.621231
BFGS:   51 03:43:57      -99.053348        0.635159
BFGS:   52 03:43:57      -99.091578        0.648526
BFGS:   53 03:43:57      -99.135763        0.660991
BFGS:   54 03:43:57      -99.189406        0.672294
BFGS:   55 03:43:57      -99.254708        0.682299
BFGS:   56 03:43:57      -99.332454        0.691004
BFGS:   57 03:43:57      -99.422352        0.698509
BFGS:   58 03:43:57      -99.523484        0.704980
BFGS:   59 03:43:57      -99.634648        0.710614
BFGS:   60 03:43:57      -99.754484        0.715579
BFGS:   61 03:43:57      -99.881918        0.719998
BFGS:   62 03:43:57     -100.016048        0.724937
BFGS:   63 03:43:58     -100.155992        0.734238
BFGS:   64 03:43:58     -100.300853        0.743323
BFGS:   65 03:43:58     -100.449736        0.752194
BFGS:   66 03:43:58     -100.601764        0.760843
BFGS:   67 03:43:58     -100.756085        0.769256
BFGS:   68 03:43:58     -100.911866        0.777419
BFGS:   69 03:43:58     -101.068322        0.785321
BFGS:   70 03:43:58     -101.224853        0.792944
BFGS:   71 03:43:58     -101.381358        0.800267
BFGS:   72 03:43:58     -101.537751        0.807276
BFGS:   73 03:43:58     -101.693954        0.813930
BFGS:   74 03:43:58     -101.849862        0.819766
BFGS:   75 03:43:58     -102.005345        0.824638
BFGS:   76 03:43:58     -102.160285        0.828606
BFGS:   77 03:43:58     -102.314586        0.831763
BFGS:   78 03:43:59     -102.468174        0.834244
BFGS:   79 03:43:59     -102.620998        0.836216
BFGS:   80 03:43:59     -102.773038        0.837865
BFGS:   81 03:43:59     -102.924300        0.839529
BFGS:   82 03:43:59     -103.074895        0.842639
BFGS:   83 03:43:59     -103.225140        0.848325
BFGS:   84 03:43:59     -103.375435        0.856567
BFGS:   85 03:43:59     -103.526127        0.867124
BFGS:   86 03:43:59     -103.678027        0.879606
BFGS:   87 03:43:59     -103.832051        0.893494
BFGS:   88 03:43:59     -103.988905        0.908142
BFGS:   89 03:43:59     -104.149034        0.922767
BFGS:   90 03:43:59     -104.312572        0.936458
BFGS:   91 03:43:59     -104.479310        0.948209
BFGS:   92 03:44:00     -104.648996        0.957022
BFGS:   93 03:44:00     -104.819962        0.962060
BFGS:   94 03:44:00     -104.991672        0.962837
BFGS:   95 03:44:00     -105.163598        0.959276
BFGS:   96 03:44:00     -105.335254        0.951726
BFGS:   97 03:44:00     -105.506260        0.940898
BFGS:   98 03:44:00     -105.676378        0.927736
BFGS:   99 03:44:00     -105.845543        0.913255
BFGS:  100 03:44:00     -106.013856        0.898337
BFGS:  101 03:44:00     -106.181544        0.883569
BFGS:  102 03:44:00     -106.348905        0.869369
BFGS:  103 03:44:00     -106.516267        0.855832
BFGS:  104 03:44:00     -106.683933        0.842745
BFGS:  105 03:44:00     -106.852121        0.829649
BFGS:  106 03:44:00     -107.020931        0.815925
BFGS:  107 03:44:01     -107.190317        0.800884
BFGS:  108 03:44:01     -107.360086        0.783837
BFGS:  109 03:44:01     -107.529890        0.764155
BFGS:  110 03:44:01     -107.699232        0.741335
BFGS:  111 03:44:01     -107.867482        0.715081
BFGS:  112 03:44:01     -108.033903        0.685382
BFGS:  113 03:44:01     -108.197674        0.652512
BFGS:  114 03:44:01     -108.357900        0.616875
BFGS:  115 03:44:01     -108.513539        0.578615
BFGS:  116 03:44:01     -108.663419        0.537922
BFGS:  117 03:44:01     -108.806097        0.494738
BFGS:  118 03:44:01     -108.939784        0.448848
BFGS:  119 03:44:01     -109.062441        0.400218
BFGS:  120 03:44:01     -109.172118        0.349134
BFGS:  121 03:44:02     -109.265128        0.297829
BFGS:  122 03:44:02     -109.340891        0.284183
BFGS:  123 03:44:02     -109.409724        0.377362
BFGS:  124 03:44:02     -109.481464        0.447760
BFGS:  125 03:44:02     -109.560263        0.487117
BFGS:  126 03:44:02     -109.645563        0.491958
BFGS:  127 03:44:02     -109.733834        0.461010
BFGS:  128 03:44:02     -109.819247        0.392699
BFGS:  129 03:44:02     -109.888843        0.292151
BFGS:  130 03:44:02     -109.943221        0.287670
BFGS:  131 03:44:02     -109.970820        0.284951
BFGS:  132 03:44:02     -109.993686        0.261587
BFGS:  133 03:44:02     -110.010097        0.260310
BFGS:  134 03:44:02     -110.033890        0.253334
BFGS:  135 03:44:03     -110.053488        0.234678
BFGS:  136 03:44:03     -110.071089        0.208880
BFGS:  137 03:44:03     -110.087344        0.206170
BFGS:  138 03:44:03     -110.102216        0.209599
BFGS:  139 03:44:03     -110.123492        0.211985
BFGS:  140 03:44:03     -110.161796        0.208670
BFGS:  141 03:44:03     -110.216007        0.215276
BFGS:  142 03:44:03     -110.256962        0.238444
BFGS:  143 03:44:03     -110.292935        0.236371
BFGS:  144 03:44:03     -110.324460        0.220092
BFGS:  145 03:44:03     -110.352120        0.213259
BFGS:  146 03:44:03     -110.375772        0.224220
BFGS:  147 03:44:03     -110.395489        0.226433
BFGS:  148 03:44:03     -110.427542        0.214646
BFGS:  149 03:44:03     -110.470006        0.237821
BFGS:  150 03:44:04     -110.499736        0.301689
BFGS:  151 03:44:04     -110.526156        0.320002
BFGS:  152 03:44:04     -110.575842        0.306666
BFGS:  153 03:44:04     -110.641274        0.258379
BFGS:  154 03:44:04     -110.720393        0.250852
BFGS:  155 03:44:04     -110.805580        0.256008
BFGS:  156 03:44:04     -110.848004        0.212099
BFGS:  157 03:44:04     -110.875100        0.193308
BFGS:  158 03:44:04     -110.901523        0.176825
BFGS:  159 03:44:04     -110.930051        0.160560
BFGS:  160 03:44:04     -110.963382        0.137406
BFGS:  161 03:44:04     -111.007068        0.129232
BFGS:  162 03:44:04     -111.050559        0.143988
BFGS:  163 03:44:04     -111.088290        0.133220
BFGS:  164 03:44:05     -111.118652        0.130710
BFGS:  165 03:44:05     -111.134100        0.152596
BFGS:  166 03:44:05     -111.141464        0.150467
BFGS:  167 03:44:05     -111.156622        0.135160
BFGS:  168 03:44:05     -111.173980        0.118315
BFGS:  169 03:44:05     -111.204574        0.101152
BFGS:  170 03:44:05     -111.245056        0.113479
BFGS:  171 03:44:05     -111.296418        0.118712
BFGS:  172 03:44:05     -111.331519        0.112530
BFGS:  173 03:44:05     -111.355088        0.096791
BFGS:  174 03:44:05     -111.365342        0.083040
BFGS:  175 03:44:05     -111.369491        0.085469
BFGS:  176 03:44:05     -111.370552        0.085699
BFGS:  177 03:44:05     -111.375400        0.092802
BFGS:  178 03:44:05     -111.383297        0.099674
BFGS:  179 03:44:06     -111.402652        0.104777
BFGS:  180 03:44:06     -111.432040        0.096612
BFGS:  181 03:44:06     -111.456050        0.095889
BFGS:  182 03:44:06     -111.470619        0.100328
BFGS:  183 03:44:06     -111.475405        0.101924
BFGS:  184 03:44:06     -111.476403        0.100563
BFGS:  185 03:44:06     -111.479839        0.095338
BFGS:  186 03:44:06     -111.486033        0.087136
BFGS:  187 03:44:06     -111.501259        0.076489
BFGS:  188 03:44:06     -111.524154        0.079437
BFGS:  189 03:44:06     -111.550675        0.077589
BFGS:  190 03:44:06     -111.574694        0.072616
BFGS:  191 03:44:06     -111.596600        0.068526
BFGS:  192 03:44:06     -111.616112        0.067018
BFGS:  193 03:44:07     -111.633446        0.067534
BFGS:  194 03:44:07     -111.645743        0.075586
BFGS:  195 03:44:07     -111.653567        0.084335
BFGS:  196 03:44:07     -111.660126        0.087853
BFGS:  197 03:44:07     -111.665671        0.092238
BFGS:  198 03:44:07     -111.671258        0.096270
BFGS:  199 03:44:07     -111.674297        0.093517
BFGS:  200 03:44:07     -111.677015        0.089365
BFGS:  201 03:44:07     -111.681429        0.080994
BFGS:  202 03:44:07     -111.685198        0.073206
BFGS:  203 03:44:07     -111.690905        0.066430
BFGS:  204 03:44:07     -111.704093        0.069675
BFGS:  205 03:44:07     -111.746614        0.084223
BFGS:  206 03:44:07     -111.776547        0.077217
BFGS:  207 03:44:08     -111.795973        0.065329
BFGS:  208 03:44:08     -111.807954        0.061801
BFGS:  209 03:44:08     -111.817299        0.060765
BFGS:  210 03:44:08     -111.824531        0.057972
BFGS:  211 03:44:08     -111.828960        0.054013
BFGS:  212 03:44:08     -111.829896        0.051705
BFGS:  213 03:44:08     -111.830057        0.051211
BFGS:  214 03:44:08     -111.830269        0.050176
BFGS:  215 03:44:08     -111.830502        0.049303
BFGS:  216 03:44:08     -111.831068        0.047629
BFGS:  217 03:44:08     -111.831757        0.046447
BFGS:  218 03:44:08     -111.832857        0.045547
BFGS:  219 03:44:08     -111.834181        0.044940
BFGS:  220 03:44:08     -111.835766        0.044059
BFGS:  221 03:44:08     -111.837770        0.043889
BFGS:  222 03:44:09     -111.840109        0.044744
BFGS:  223 03:44:09     -111.841668        0.043638
BFGS:  224 03:44:09     -111.842300        0.041762
BFGS:  225 03:44:09     -111.842541        0.040667
BFGS:  226 03:44:09     -111.842626        0.040863
BFGS:  227 03:44:09     -111.842701        0.041376
BFGS:  228 03:44:09     -111.842847        0.042098
BFGS:  229 03:44:09     -111.843177        0.043047
BFGS:  230 03:44:09     -111.843960        0.044046
BFGS:  231 03:44:09     -111.845588        0.043918
BFGS:  232 03:44:09     -111.848007        0.040236
BFGS:  233 03:44:09     -111.850114        0.034033
BFGS:  234 03:44:09     -111.851013        0.029875
BFGS:  235 03:44:09     -111.851121        0.029182
BFGS:  236 03:44:10     -111.851161        0.029055
BFGS:  237 03:44:10     -111.851263        0.028888
BFGS:  238 03:44:10     -111.851489        0.028794
BFGS:  239 03:44:10     -111.852022        0.029235
BFGS:  240 03:44:10     -111.853040        0.031135
BFGS:  241 03:44:10     -111.854327        0.034044
BFGS:  242 03:44:10     -111.855204        0.034820
BFGS:  243 03:44:10     -111.855659        0.033776
BFGS:  244 03:44:10     -111.855782        0.032791
BFGS:  245 03:44:10     -111.855831        0.032346
BFGS:  246 03:44:10     -111.855868        0.032002
BFGS:  247 03:44:10     -111.855890        0.031956
BFGS:  248 03:44:10     -111.855927        0.031834
BFGS:  249 03:44:10     -111.856015        0.031817
BFGS:  250 03:44:11     -111.856243        0.031732
BFGS:  251 03:44:11     -111.856810        0.031614
BFGS:  252 03:44:11     -111.858129        0.031037
BFGS:  253 03:44:11     -111.860676        0.029979
BFGS:  254 03:44:11     -111.864064        0.028272
BFGS:  255 03:44:11     -111.866580        0.026237
BFGS:  256 03:44:11     -111.867870        0.024954
BFGS:  257 03:44:11     -111.868311        0.023549
BFGS:  258 03:44:11     -111.868402        0.022521
BFGS:  259 03:44:11     -111.868500        0.020735
BFGS:  260 03:44:11     -111.868607        0.018116
BFGS:  261 03:44:11     -111.868718        0.014909
BFGS:  262 03:44:11     -111.868789        0.014647
BFGS:  263 03:44:11     -111.868812        0.015216
BFGS:  264 03:44:11     -111.868859        0.015046
BFGS:  265 03:44:12     -111.868914        0.014897
BFGS:  266 03:44:12     -111.868990        0.014059
BFGS:  267 03:44:12     -111.869047        0.013948
BFGS:  268 03:44:12     -111.869095        0.014154
BFGS:  269 03:44:12     -111.869156        0.013882
BFGS:  270 03:44:12     -111.869285        0.013355
BFGS:  271 03:44:12     -111.869759        0.015542
BFGS:  272 03:44:12     -111.870301        0.019142
BFGS:  273 03:44:12     -111.870888        0.023921
BFGS:  274 03:44:12     -111.871203        0.031645
BFGS:  275 03:44:12     -111.871374        0.035140
BFGS:  276 03:44:12     -111.871562        0.035330
BFGS:  277 03:44:12     -111.871875        0.030871
BFGS:  278 03:44:12     -111.872208        0.020548
BFGS:  279 03:44:13     -111.872533        0.025983
BFGS:  280 03:44:13     -111.872687        0.025769
BFGS:  281 03:44:13     -111.872756        0.020328
BFGS:  282 03:44:13     -111.872822        0.011458
BFGS:  283 03:44:13     -111.872863        0.010488
BFGS:  284 03:44:13     -111.872896        0.010010
BFGS:  285 03:44:13     -111.872921        0.010874
BFGS:  286 03:44:13     -111.872947        0.009677
BFGS:  287 03:44:13     -111.872975        0.009191
BFGS:  288 03:44:13     -111.873002        0.009179
BFGS:  289 03:44:13     -111.873033        0.009170
BFGS:  290 03:44:13     -111.873064        0.009202
BFGS:  291 03:44:13     -111.873089        0.009740
BFGS:  292 03:44:13     -111.873119        0.011555
BFGS:  293 03:44:14     -111.873174        0.013905
BFGS:  294 03:44:14     -111.873238        0.013656
BFGS:  295 03:44:14     -111.873328        0.015857
BFGS:  296 03:44:14     -111.873423        0.021981
BFGS:  297 03:44:14     -111.873527        0.023758
BFGS:  298 03:44:14     -111.873657        0.020264
BFGS:  299 03:44:14     -111.873841        0.019021
BFGS:  300 03:44:14     -111.874077        0.017406
BFGS:  301 03:44:14     -111.874240        0.022408
BFGS:  302 03:44:14     -111.874373        0.027525
BFGS:  303 03:44:14     -111.874492        0.024885
BFGS:  304 03:44:14     -111.874644        0.014209
BFGS:  305 03:44:14     -111.874762        0.011992
BFGS:  306 03:44:14     -111.874846        0.011600
BFGS:  307 03:44:14     -111.874893        0.011813
BFGS:  308 03:44:15     -111.874925        0.010411
BFGS:  309 03:44:15     -111.874952        0.008084
BFGS:  310 03:44:15     -111.874980        0.005344
BFGS:  311 03:44:15     -111.875007        0.005385
BFGS:  312 03:44:15     -111.875031        0.007006
BFGS:  313 03:44:15     -111.875048        0.007238
BFGS:  314 03:44:15     -111.875059        0.005949
BFGS:  315 03:44:15     -111.875068        0.003967
BFGS:  316 03:44:15     -111.875080        0.003521
BFGS:  317 03:44:15     -111.875090        0.003595
BFGS:  318 03:44:15     -111.875096        0.003811
BFGS:  319 03:44:15     -111.875101        0.003967
BFGS:  320 03:44:15     -111.875106        0.003514
BFGS:  321 03:44:15     -111.875114        0.002952
BFGS:  322 03:44:16     -111.875121        0.004826
BFGS:  323 03:44:16     -111.875127        0.006036
BFGS:  324 03:44:16     -111.875132        0.006011
BFGS:  325 03:44:16     -111.875139        0.005047
BFGS:  326 03:44:16     -111.875149        0.003792
BFGS:  327 03:44:16     -111.875162        0.004822
BFGS:  328 03:44:16     -111.875174        0.006587
BFGS:  329 03:44:16     -111.875186        0.007357
BFGS:  330 03:44:16     -111.875200        0.007360
BFGS:  331 03:44:16     -111.875223        0.005681
BFGS:  332 03:44:16     -111.875251        0.007194
BFGS:  333 03:44:16     -111.875278        0.008319
BFGS:  334 03:44:16     -111.875302        0.010046
BFGS:  335 03:44:16     -111.875335        0.010564
BFGS:  336 03:44:17     -111.875398        0.010010
BFGS:  337 03:44:17     -111.875534        0.013204
BFGS:  338 03:44:17     -111.875812        0.027299
BFGS:  339 03:44:17     -111.876420        0.060171
BFGS:  340 03:44:17     -111.877958        0.160729
BFGS:  341 03:44:17     -111.879224        0.186034
BFGS:  342 03:44:17     -111.887709        0.153759
BFGS:  343 03:44:17     -111.889304        0.191838
BFGS:  344 03:44:17     -111.899138        0.116446
BFGS:  345 03:44:17     -111.904225        0.093608
BFGS:  346 03:44:17     -111.913235        0.096995
BFGS:  347 03:44:17     -111.921099        0.115968
BFGS:  348 03:44:17     -111.933108        0.150249
BFGS:  349 03:44:17     -111.941268        0.173922
BFGS:  350 03:44:18     -111.948015        0.174230
BFGS:  351 03:44:18     -111.955748        0.165425
BFGS:  352 03:44:18     -111.965299        0.132277
BFGS:  353 03:44:18     -111.977420        0.144966
BFGS:  354 03:44:18     -111.992482        0.166601
BFGS:  355 03:44:18     -112.009679        0.179336
BFGS:  356 03:44:18     -112.029753        0.163588
BFGS:  357 03:44:18     -112.050633        0.172035
BFGS:  358 03:44:18     -112.076933        0.184085
BFGS:  359 03:44:18     -112.100013        0.196543
BFGS:  360 03:44:18     -112.128463        0.249224
BFGS:  361 03:44:18     -112.154479        0.300249
BFGS:  362 03:44:18     -112.178028        0.294428
BFGS:  363 03:44:18     -112.205117        0.233178
BFGS:  364 03:44:18     -112.226623        0.183660
BFGS:  365 03:44:19     -112.254929        0.163658
BFGS:  366 03:44:19     -112.282317        0.218434
BFGS:  367 03:44:19     -112.305967        0.251544
BFGS:  368 03:44:19     -112.332382        0.272823
BFGS:  369 03:44:19     -112.349756        0.248183
BFGS:  370 03:44:19     -112.366875        0.201203
BFGS:  371 03:44:19     -112.378143        0.156588
BFGS:  372 03:44:19     -112.394072        0.143377
BFGS:  373 03:44:19     -112.409201        0.167637
BFGS:  374 03:44:19     -112.418785        0.191706
BFGS:  375 03:44:19     -112.427598        0.196781
BFGS:  376 03:44:19     -112.441451        0.166254
BFGS:  377 03:44:19     -112.457547        0.117130
BFGS:  378 03:44:19     -112.470615        0.140999
BFGS:  379 03:44:20     -112.479197        0.146950
BFGS:  380 03:44:20     -112.485017        0.139954
BFGS:  381 03:44:20     -112.491999        0.112124
BFGS:  382 03:44:20     -112.501302        0.087203
BFGS:  383 03:44:20     -112.510070        0.089253
BFGS:  384 03:44:20     -112.514782        0.097176
BFGS:  385 03:44:20     -112.517033        0.083618
BFGS:  386 03:44:20     -112.518852        0.064555
BFGS:  387 03:44:20     -112.521037        0.052564
BFGS:  388 03:44:20     -112.522811        0.050910
BFGS:  389 03:44:20     -112.524158        0.047095
BFGS:  390 03:44:20     -112.525353        0.061089
BFGS:  391 03:44:20     -112.526503        0.059283
BFGS:  392 03:44:20     -112.527565        0.043322
BFGS:  393 03:44:21     -112.528597        0.045677
BFGS:  394 03:44:21     -112.529694        0.042570
BFGS:  395 03:44:21     -112.530875        0.060779
BFGS:  396 03:44:21     -112.531981        0.073135
BFGS:  397 03:44:21     -112.532908        0.067696
BFGS:  398 03:44:21     -112.533923        0.049453
BFGS:  399 03:44:21     -112.535443        0.052601
BFGS:  400 03:44:21     -112.537500        0.050224
BFGS:  401 03:44:21     -112.539511        0.057078
BFGS:  402 03:44:21     -112.540876        0.062988
BFGS:  403 03:44:21     -112.541855        0.069438
BFGS:  404 03:44:21     -112.543092        0.064638
BFGS:  405 03:44:21     -112.544956        0.044059
BFGS:  406 03:44:21     -112.547066        0.045933
BFGS:  407 03:44:22     -112.548650        0.059169
BFGS:  408 03:44:22     -112.549798        0.067145
BFGS:  409 03:44:22     -112.551332        0.065656
BFGS:  410 03:44:22     -112.553901        0.055510
BFGS:  411 03:44:22     -112.557699        0.060022
BFGS:  412 03:44:22     -112.561417        0.065718
BFGS:  413 03:44:22     -112.563870        0.074538
BFGS:  414 03:44:22     -112.565116        0.062867
BFGS:  415 03:44:22     -112.566190        0.046096
BFGS:  416 03:44:22     -112.568283        0.047061
BFGS:  417 03:44:22     -112.570213        0.053385
BFGS:  418 03:44:22     -112.572146        0.078116
BFGS:  419 03:44:22     -112.574031        0.076964
BFGS:  420 03:44:22     -112.576149        0.090665
BFGS:  421 03:44:22     -112.578648        0.094674
BFGS:  422 03:44:23     -112.581652        0.085533
BFGS:  423 03:44:23     -112.585230        0.071118
BFGS:  424 03:44:23     -112.588487        0.082025
BFGS:  425 03:44:23     -112.590875        0.077498
BFGS:  426 03:44:23     -112.592806        0.085225
BFGS:  427 03:44:23     -112.595350        0.075336
BFGS:  428 03:44:23     -112.598774        0.054307
BFGS:  429 03:44:23     -112.602178        0.072751
BFGS:  430 03:44:23     -112.604363        0.071962
BFGS:  431 03:44:23     -112.605899        0.062633
BFGS:  432 03:44:23     -112.607823        0.062210
BFGS:  433 03:44:23     -112.611144        0.074143
BFGS:  434 03:44:23     -112.616126        0.085064
BFGS:  435 03:44:23     -112.621092        0.081088
BFGS:  436 03:44:24     -112.623987        0.072418
BFGS:  437 03:44:24     -112.625604        0.062999
BFGS:  438 03:44:24     -112.627375        0.063787
BFGS:  439 03:44:24     -112.630365        0.063076
BFGS:  440 03:44:24     -112.634873        0.069853
BFGS:  441 03:44:24     -112.639278        0.087940
BFGS:  442 03:44:24     -112.641650        0.075682
BFGS:  443 03:44:24     -112.642868        0.061430
BFGS:  444 03:44:24     -112.644144        0.059767
BFGS:  445 03:44:24     -112.646519        0.051465
BFGS:  446 03:44:24     -112.650062        0.062609
BFGS:  447 03:44:24     -112.653465        0.088185
BFGS:  448 03:44:24     -112.655660        0.092326
BFGS:  449 03:44:24     -112.657216        0.076270
BFGS:  450 03:44:25     -112.659322        0.055874
BFGS:  451 03:44:25     -112.662618        0.056551
BFGS:  452 03:44:25     -112.665987        0.063345
BFGS:  453 03:44:25     -112.668200        0.064318
BFGS:  454 03:44:25     -112.669432        0.064049
BFGS:  455 03:44:25     -112.670607        0.060347
BFGS:  456 03:44:25     -112.672581        0.061420
BFGS:  457 03:44:25     -112.675225        0.051503
BFGS:  458 03:44:25     -112.677228        0.049252
BFGS:  459 03:44:25     -112.678221        0.049759
BFGS:  460 03:44:25     -112.678956        0.048451
BFGS:  461 03:44:25     -112.680116        0.047503
BFGS:  462 03:44:25     -112.682488        0.055025
BFGS:  463 03:44:25     -112.685659        0.062566
BFGS:  464 03:44:26     -112.688318        0.067790
BFGS:  465 03:44:26     -112.690016        0.074941
BFGS:  466 03:44:26     -112.691601        0.075803
BFGS:  467 03:44:26     -112.694046        0.061234
BFGS:  468 03:44:26     -112.697367        0.067395
BFGS:  469 03:44:26     -112.700462        0.071751
BFGS:  470 03:44:26     -112.702566        0.067939
BFGS:  471 03:44:26     -112.704277        0.079173
BFGS:  472 03:44:26     -112.706747        0.080300
BFGS:  473 03:44:26     -112.711218        0.069630
BFGS:  474 03:44:26     -112.717034        0.082068
BFGS:  475 03:44:26     -112.721713        0.082102
BFGS:  476 03:44:26     -112.724194        0.073989
BFGS:  477 03:44:26     -112.725760        0.075622
BFGS:  478 03:44:27     -112.728202        0.073129
BFGS:  479 03:44:27     -112.732873        0.082033
BFGS:  480 03:44:27     -112.739643        0.103047
BFGS:  481 03:44:27     -112.746505        0.087255
BFGS:  482 03:44:27     -112.751258        0.108145
BFGS:  483 03:44:27     -112.754431        0.111664
BFGS:  484 03:44:27     -112.760217        0.103385
BFGS:  485 03:44:27     -112.768687        0.089540
BFGS:  486 03:44:27     -112.778614        0.119038
BFGS:  487 03:44:27     -112.785415        0.120161
BFGS:  488 03:44:27     -112.789664        0.127251
BFGS:  489 03:44:27     -112.794774        0.129675
BFGS:  490 03:44:27     -112.804390        0.112322
BFGS:  491 03:44:27     -112.818475        0.111555
BFGS:  492 03:44:28     -112.830592        0.144494
BFGS:  493 03:44:28     -112.835958        0.115919
BFGS:  494 03:44:28     -112.841103        0.103435
BFGS:  495 03:44:28     -112.844122        0.113058
BFGS:  496 03:44:28     -112.850740        0.122654
BFGS:  497 03:44:28     -112.860843        0.122632
BFGS:  498 03:44:28     -112.871266        0.143319
BFGS:  499 03:44:28     -112.877106        0.150266
BFGS:  500 03:44:28     -112.880605        0.126955
BFGS:  501 03:44:28     -112.884810        0.097206
BFGS:  502 03:44:28     -112.892263        0.090117
BFGS:  503 03:44:28     -112.901766        0.089431
BFGS:  504 03:44:28     -112.908665        0.082236
BFGS:  505 03:44:28     -112.911700        0.070880
BFGS:  506 03:44:29     -112.913448        0.067603
BFGS:  507 03:44:29     -112.915863        0.061412
BFGS:  508 03:44:29     -112.920818        0.066736
BFGS:  509 03:44:29     -112.927082        0.063952
BFGS:  510 03:44:29     -112.932438        0.116618
BFGS:  511 03:44:29     -112.935060        0.123693
BFGS:  512 03:44:29     -112.937157        0.120649
BFGS:  513 03:44:29     -112.941100        0.102362
BFGS:  514 03:44:29     -112.947344        0.085305
BFGS:  515 03:44:29     -112.955101        0.089507
BFGS:  516 03:44:29     -112.960738        0.084865
BFGS:  517 03:44:29     -112.963719        0.095258
BFGS:  518 03:44:29     -112.965601        0.081374
BFGS:  519 03:44:29     -112.968876        0.065796
BFGS:  520 03:44:29     -112.974236        0.068943
BFGS:  521 03:44:30     -112.978749        0.076934
BFGS:  522 03:44:30     -112.981391        0.050607
BFGS:  523 03:44:30     -112.982429        0.043418
BFGS:  524 03:44:30     -112.983129        0.045210
BFGS:  525 03:44:30     -112.984405        0.045890
BFGS:  526 03:44:30     -112.986910        0.048097
BFGS:  527 03:44:30     -112.991245        0.062533
BFGS:  528 03:44:30     -112.995971        0.059720
BFGS:  529 03:44:30     -112.998589        0.042520
BFGS:  530 03:44:30     -112.999456        0.039504
BFGS:  531 03:44:30     -112.999867        0.038083
BFGS:  532 03:44:30     -113.000367        0.036902
BFGS:  533 03:44:30     -113.002009        0.042167
BFGS:  534 03:44:30     -113.003529        0.044086
BFGS:  535 03:44:31     -113.004967        0.033305
BFGS:  536 03:44:31     -113.005562        0.027507
BFGS:  537 03:44:31     -113.005820        0.027327
BFGS:  538 03:44:31     -113.006051        0.025575
BFGS:  539 03:44:31     -113.006487        0.022490
BFGS:  540 03:44:31     -113.007261        0.028375
BFGS:  541 03:44:31     -113.008353        0.030149
BFGS:  542 03:44:31     -113.009307        0.026914
BFGS:  543 03:44:31     -113.009785        0.026746
BFGS:  544 03:44:31     -113.009964        0.024054
BFGS:  545 03:44:31     -113.010136        0.022808
BFGS:  546 03:44:31     -113.010480        0.021307
BFGS:  547 03:44:31     -113.011037        0.019711
BFGS:  548 03:44:31     -113.011687        0.018838
BFGS:  549 03:44:32     -113.012090        0.022399
BFGS:  550 03:44:32     -113.012246        0.022278
BFGS:  551 03:44:32     -113.012341        0.021393
BFGS:  552 03:44:32     -113.012499        0.019980
BFGS:  553 03:44:32     -113.012796        0.018633
BFGS:  554 03:44:32     -113.013240        0.019053
BFGS:  555 03:44:32     -113.013640        0.016045
BFGS:  556 03:44:32     -113.013814        0.012793
BFGS:  557 03:44:32     -113.013864        0.012602
BFGS:  558 03:44:32     -113.013902        0.011837
BFGS:  559 03:44:32     -113.013990        0.010125
BFGS:  560 03:44:32     -113.014166        0.012369
BFGS:  561 03:44:32     -113.014469        0.015203
BFGS:  562 03:44:32     -113.014784        0.013061
BFGS:  563 03:44:33     -113.014949        0.012086
BFGS:  564 03:44:33     -113.014999        0.011498
BFGS:  565 03:44:33     -113.015026        0.010985
BFGS:  566 03:44:33     -113.015084        0.009961
BFGS:  567 03:44:33     -113.015198        0.009823
BFGS:  568 03:44:33     -113.015381        0.010947
BFGS:  569 03:44:33     -113.015553        0.012353
BFGS:  570 03:44:33     -113.015632        0.012480
BFGS:  571 03:44:33     -113.015656        0.010780
BFGS:  572 03:44:33     -113.015674        0.008947
BFGS:  573 03:44:33     -113.015712        0.007015
BFGS:  574 03:44:33     -113.015775        0.006982
BFGS:  575 03:44:33     -113.015849        0.005650
BFGS:  576 03:44:33     -113.015890        0.004210
BFGS:  577 03:44:34     -113.015901        0.003781
BFGS:  578 03:44:34     -113.015905        0.003472
BFGS:  579 03:44:34     -113.015910        0.003180
BFGS:  580 03:44:34     -113.015920        0.002801
BFGS:  581 03:44:34     -113.015940        0.003719
BFGS:  582 03:44:34     -113.015967        0.003658
BFGS:  583 03:44:34     -113.015988        0.002279
BFGS:  584 03:44:34     -113.015995        0.002192
BFGS:  585 03:44:34     -113.015997        0.002127
BFGS:  586 03:44:34     -113.015998        0.002004
BFGS:  587 03:44:34     -113.016003        0.002138
BFGS:  588 03:44:34     -113.016012        0.002408
BFGS:  589 03:44:34     -113.016024        0.002678
BFGS:  590 03:44:34     -113.016035        0.002031
BFGS:  591 03:44:35     -113.016039        0.001285
BFGS:  592 03:44:35     -113.016040        0.001218
BFGS:  593 03:44:35     -113.016040        0.001143
BFGS:  594 03:44:35     -113.016041        0.001195
BFGS:  595 03:44:35     -113.016044        0.001301
BFGS:  596 03:44:35     -113.016048        0.001600
BFGS:  597 03:44:35     -113.016052        0.001337
BFGS:  598 03:44:35     -113.016054        0.001078
BFGS:  599 03:44:35     -113.016055        0.001155
BFGS:  600 03:44:35     -113.016055        0.001130
BFGS:  601 03:44:35     -113.016056        0.001034
BFGS:  602 03:44:35     -113.016057        0.000887
