      Step     Time          Energy          fmax
BFGS:    0 04:16:10      -21.899572       12.837649
BFGS:    1 04:16:10      -29.775079        6.481612
BFGS:    2 04:16:10      -36.578807        4.799319
BFGS:    3 04:16:10      -40.391497        3.974626
BFGS:    4 04:16:10      -42.974857        4.175433
BFGS:    5 04:16:10      -44.955163        3.639456
BFGS:    6 04:16:10      -46.493921        2.697280
BFGS:    7 04:16:10      -47.716157        2.054549
BFGS:    8 04:16:10      -48.724855        2.012356
BFGS:    9 04:16:10      -49.570648        1.808377
BFGS:   10 04:16:10      -50.274636        1.474844
BFGS:   11 04:16:10      -50.839503        1.296952
BFGS:   12 04:16:10      -51.271295        1.137897
BFGS:   13 04:16:10      -51.599965        0.992713
BFGS:   14 04:16:11      -51.854378        1.037984
BFGS:   15 04:16:11      -52.199225        0.881129
BFGS:   16 04:16:11      -52.504464        0.986740
BFGS:   17 04:16:11      -52.787144        1.022230
BFGS:   18 04:16:11      -53.052912        0.830266
BFGS:   19 04:16:11      -53.232524        0.694834
BFGS:   20 04:16:11      -53.381523        0.618898
BFGS:   21 04:16:11      -53.487691        0.595993
BFGS:   22 04:16:11      -53.596493        0.574278
BFGS:   23 04:16:11      -53.732361        0.530264
BFGS:   24 04:16:11      -53.905678        0.516151
BFGS:   25 04:16:11      -54.103001        0.511539
BFGS:   26 04:16:11      -54.214488        0.625579
BFGS:   27 04:16:11      -54.263190        0.606412
BFGS:   28 04:16:11      -54.367206        0.535879
BFGS:   29 04:16:11      -54.437246        0.489987
BFGS:   30 04:16:11      -54.509181        0.482789
BFGS:   31 04:16:11      -54.631728        0.622640
BFGS:   32 04:16:11      -54.714811        0.624181
BFGS:   33 04:16:11      -54.776167        0.544551
BFGS:   34 04:16:11      -54.818625        0.463617
BFGS:   35 04:16:11      -54.862870        0.421643
BFGS:   36 04:16:11      -54.937049        0.459901
BFGS:   37 04:16:11      -54.999385        0.502283
BFGS:   38 04:16:12      -55.039859        0.506630
BFGS:   39 04:16:12      -55.074163        0.447533
BFGS:   40 04:16:12      -55.117230        0.402133
BFGS:   41 04:16:12      -55.174469        0.472784
BFGS:   42 04:16:12      -55.226845        0.494005
BFGS:   43 04:16:12      -55.263530        0.440222
BFGS:   44 04:16:12      -55.289101        0.337959
BFGS:   45 04:16:12      -55.319622        0.303342
BFGS:   46 04:16:12      -55.359967        0.365273
BFGS:   47 04:16:12      -55.402929        0.418063
BFGS:   48 04:16:12      -55.431566        0.411737
BFGS:   49 04:16:12      -55.452251        0.357607
BFGS:   50 04:16:12      -55.485034        0.319147
BFGS:   51 04:16:12      -55.532563        0.236793
BFGS:   52 04:16:12      -55.585243        0.357324
BFGS:   53 04:16:12      -55.618866        0.447086
BFGS:   54 04:16:12      -55.636028        0.427444
BFGS:   55 04:16:12      -55.653142        0.357256
BFGS:   56 04:16:12      -55.683711        0.235758
BFGS:   57 04:16:12      -55.724241        0.342428
BFGS:   58 04:16:12      -55.765595        0.470529
BFGS:   59 04:16:12      -55.795076        0.372185
BFGS:   60 04:16:12      -55.814769        0.337985
BFGS:   61 04:16:12      -55.843916        0.384265
BFGS:   62 04:16:13      -55.887417        0.408462
BFGS:   63 04:16:13      -55.946298        0.373946
BFGS:   64 04:16:13      -55.990447        0.270563
BFGS:   65 04:16:13      -56.007413        0.241536
BFGS:   66 04:16:13      -56.024051        0.266788
BFGS:   67 04:16:13      -56.049493        0.284148
BFGS:   68 04:16:13      -56.081108        0.253406
BFGS:   69 04:16:13      -56.112136        0.274451
BFGS:   70 04:16:13      -56.138312        0.273441
BFGS:   71 04:16:13      -56.149292        0.227670
BFGS:   72 04:16:13      -56.156743        0.181064
BFGS:   73 04:16:13      -56.174756        0.156032
BFGS:   74 04:16:13      -56.195630        0.144032
BFGS:   75 04:16:13      -56.211454        0.155976
BFGS:   76 04:16:13      -56.219415        0.160389
BFGS:   77 04:16:13      -56.225197        0.144522
BFGS:   78 04:16:13      -56.230721        0.135209
BFGS:   79 04:16:13      -56.240955        0.167441
BFGS:   80 04:16:13      -56.260258        0.190127
BFGS:   81 04:16:13      -56.273664        0.277078
BFGS:   82 04:16:13      -56.281164        0.295273
BFGS:   83 04:16:13      -56.289607        0.285644
BFGS:   84 04:16:13      -56.301857        0.223435
BFGS:   85 04:16:13      -56.318119        0.156853
BFGS:   86 04:16:14      -56.333837        0.155395
BFGS:   87 04:16:14      -56.345410        0.165949
BFGS:   88 04:16:14      -56.352512        0.152234
BFGS:   89 04:16:14      -56.356835        0.128460
BFGS:   90 04:16:14      -56.363533        0.114380
BFGS:   91 04:16:14      -56.376534        0.117339
BFGS:   92 04:16:14      -56.392580        0.112237
BFGS:   93 04:16:14      -56.403969        0.120935
BFGS:   94 04:16:14      -56.410449        0.117003
BFGS:   95 04:16:14      -56.414710        0.106639
BFGS:   96 04:16:14      -56.419206        0.105377
BFGS:   97 04:16:14      -56.426360        0.104291
BFGS:   98 04:16:14      -56.436130        0.120705
BFGS:   99 04:16:14      -56.445452        0.112096
BFGS:  100 04:16:14      -56.452894        0.134261
BFGS:  101 04:16:14      -56.457336        0.151289
BFGS:  102 04:16:14      -56.459861        0.127694
BFGS:  103 04:16:14      -56.464044        0.090537
BFGS:  104 04:16:14      -56.468491        0.091233
BFGS:  105 04:16:14      -56.472806        0.078776
BFGS:  106 04:16:14      -56.476298        0.098718
BFGS:  107 04:16:14      -56.479220        0.121480
BFGS:  108 04:16:14      -56.481837        0.142185
BFGS:  109 04:16:15      -56.485252        0.139763
BFGS:  110 04:16:15      -56.489842        0.100122
BFGS:  111 04:16:15      -56.493814        0.066815
BFGS:  112 04:16:15      -56.495797        0.061846
BFGS:  113 04:16:15      -56.496751        0.069694
BFGS:  114 04:16:15      -56.497579        0.070973
BFGS:  115 04:16:15      -56.498959        0.063067
BFGS:  116 04:16:15      -56.500898        0.046303
BFGS:  117 04:16:15      -56.502696        0.053712
BFGS:  118 04:16:15      -56.503663        0.041474
BFGS:  119 04:16:15      -56.504108        0.029553
BFGS:  120 04:16:15      -56.504407        0.025885
BFGS:  121 04:16:15      -56.504704        0.026660
BFGS:  122 04:16:15      -56.505111        0.026064
BFGS:  123 04:16:15      -56.505646        0.022127
BFGS:  124 04:16:15      -56.506112        0.022613
BFGS:  125 04:16:15      -56.506325        0.024966
BFGS:  126 04:16:15      -56.506400        0.023389
BFGS:  127 04:16:15      -56.506466        0.021207
BFGS:  128 04:16:15      -56.506595        0.016359
BFGS:  129 04:16:15      -56.506802        0.013649
BFGS:  130 04:16:15      -56.507024        0.009584
BFGS:  131 04:16:15      -56.507140        0.013376
BFGS:  132 04:16:15      -56.507177        0.013620
BFGS:  133 04:16:16      -56.507200        0.011925
BFGS:  134 04:16:16      -56.507245        0.011855
BFGS:  135 04:16:16      -56.507315        0.011652
BFGS:  136 04:16:16      -56.507391        0.009435
BFGS:  137 04:16:16      -56.507433        0.011121
BFGS:  138 04:16:16      -56.507450        0.009787
BFGS:  139 04:16:16      -56.507462        0.007963
BFGS:  140 04:16:16      -56.507482        0.006708
BFGS:  141 04:16:16      -56.507516        0.007510
BFGS:  142 04:16:16      -56.507559        0.007649
BFGS:  143 04:16:16      -56.507591        0.006073
BFGS:  144 04:16:16      -56.507605        0.004979
BFGS:  145 04:16:16      -56.507612        0.004113
BFGS:  146 04:16:16      -56.507619        0.004026
BFGS:  147 04:16:16      -56.507634        0.004510
BFGS:  148 04:16:16      -56.507662        0.005408
BFGS:  149 04:16:16      -56.507704        0.006407
BFGS:  150 04:16:16      -56.507743        0.005761
BFGS:  151 04:16:16      -56.507761        0.005770
BFGS:  152 04:16:16      -56.507768        0.005880
BFGS:  153 04:16:16      -56.507774        0.005846
BFGS:  154 04:16:16      -56.507788        0.005588
BFGS:  155 04:16:16      -56.507814        0.005036
BFGS:  156 04:16:16      -56.507851        0.005885
BFGS:  157 04:16:17      -56.507878        0.004724
BFGS:  158 04:16:17      -56.507888        0.004475
BFGS:  159 04:16:17      -56.507891        0.004587
BFGS:  160 04:16:17      -56.507896        0.004393
BFGS:  161 04:16:17      -56.507907        0.003602
BFGS:  162 04:16:17      -56.507925        0.003594
BFGS:  163 04:16:17      -56.507944        0.003650
BFGS:  164 04:16:17      -56.507953        0.003820
BFGS:  165 04:16:17      -56.507956        0.003884
BFGS:  166 04:16:17      -56.507958        0.003745
BFGS:  167 04:16:17      -56.507962        0.003366
BFGS:  168 04:16:17      -56.507969        0.002724
BFGS:  169 04:16:17      -56.507980        0.003698
BFGS:  170 04:16:17      -56.507989        0.003715
BFGS:  171 04:16:17      -56.507993        0.002920
BFGS:  172 04:16:17      -56.507994        0.002818
BFGS:  173 04:16:17      -56.507997        0.002989
BFGS:  174 04:16:17      -56.508001        0.002868
BFGS:  175 04:16:17      -56.508006        0.002110
BFGS:  176 04:16:17      -56.508010        0.001770
BFGS:  177 04:16:17      -56.508011        0.001282
BFGS:  178 04:16:17      -56.508011        0.001283
BFGS:  179 04:16:17      -56.508012        0.001303
BFGS:  180 04:16:17      -56.508013        0.001295
BFGS:  181 04:16:18      -56.508015        0.001614
BFGS:  182 04:16:18      -56.508017        0.001413
BFGS:  183 04:16:18      -56.508017        0.001191
BFGS:  184 04:16:18      -56.508018        0.001215
BFGS:  185 04:16:18      -56.508018        0.001166
BFGS:  186 04:16:18      -56.508018        0.001017
BFGS:  187 04:16:18      -56.508019        0.001335
BFGS:  188 04:16:18      -56.508021        0.001682
BFGS:  189 04:16:18      -56.508022        0.001354
BFGS:  190 04:16:18      -56.508023        0.000675
