      Step     Time          Energy          fmax
BFGS:    0 03:12:09      -15.270764        6.835572
BFGS:    1 03:12:09      -17.880572        4.302117
BFGS:    2 03:12:09      -21.197812        2.098749
BFGS:    3 03:12:09      -22.325460        1.268813
BFGS:    4 03:12:09      -22.833587        1.162055
BFGS:    5 03:12:09      -23.099950        1.201219
BFGS:    6 03:12:09      -23.332981        1.200527
BFGS:    7 03:12:09      -23.582446        1.100521
BFGS:    8 03:12:09      -23.871872        1.094079
BFGS:    9 03:12:09      -24.196433        0.911256
BFGS:   10 03:12:09      -24.388081        0.647643
BFGS:   11 03:12:09      -24.453937        0.391144
BFGS:   12 03:12:09      -24.478042        0.388223
BFGS:   13 03:12:09      -24.506782        0.359836
BFGS:   14 03:12:10      -24.560925        0.335721
BFGS:   15 03:12:10      -24.609106        0.499105
BFGS:   16 03:12:10      -24.633317        0.509814
BFGS:   17 03:12:10      -24.647974        0.440446
BFGS:   18 03:12:10      -24.672955        0.272504
BFGS:   19 03:12:10      -24.696855        0.266968
BFGS:   20 03:12:10      -24.712679        0.286876
BFGS:   21 03:12:20      -24.723379        0.287143
BFGS:   22 03:12:20      -24.731695        0.220618
BFGS:   23 03:12:20      -24.749518        0.240056
BFGS:   24 03:12:20      -24.778195        0.321963
BFGS:   25 03:12:20      -24.816146        0.618668
BFGS:   26 03:12:20      -24.848929        0.700937
BFGS:   27 03:12:20      -24.869114        0.608574
BFGS:   28 03:12:20      -24.886712        0.423320
BFGS:   29 03:12:20      -24.911783        0.256286
BFGS:   30 03:12:20      -24.923531        0.305708
BFGS:   31 03:12:20      -24.936737        0.360636
BFGS:   32 03:12:20      -24.955982        0.367483
BFGS:   33 03:12:20      -24.993687        0.350995
BFGS:   34 03:12:20      -25.028792        0.439325
BFGS:   35 03:12:20      -25.060774        0.438520
BFGS:   36 03:12:20      -25.095399        0.342508
BFGS:   37 03:12:20      -25.106994        0.266556
BFGS:   38 03:12:20      -25.114082        0.238324
BFGS:   39 03:12:20      -25.136608        0.160934
BFGS:   40 03:12:20      -25.162331        0.157517
BFGS:   41 03:12:21      -25.183739        0.149138
BFGS:   42 03:12:21      -25.192512        0.129254
BFGS:   43 03:12:21      -25.195139        0.122942
BFGS:   44 03:12:21      -25.197382        0.118456
BFGS:   45 03:12:21      -25.201871        0.106802
BFGS:   46 03:12:21      -25.207319        0.092902
BFGS:   47 03:12:21      -25.214963        0.136032
BFGS:   48 03:12:21      -25.218881        0.144639
BFGS:   49 03:12:21      -25.221261        0.126541
BFGS:   50 03:12:21      -25.224397        0.108119
BFGS:   51 03:12:21      -25.229221        0.108807
BFGS:   52 03:12:21      -25.236504        0.116713
BFGS:   53 03:12:21      -25.244754        0.151787
BFGS:   54 03:12:21      -25.248680        0.175976
BFGS:   55 03:12:21      -25.250620        0.157013
BFGS:   56 03:12:21      -25.257610        0.110114
BFGS:   57 03:12:21      -25.265201        0.116275
BFGS:   58 03:12:21      -25.276421        0.135583
BFGS:   59 03:12:21      -25.281891        0.132923
BFGS:   60 03:12:21      -25.284636        0.150176
BFGS:   61 03:12:21      -25.287342        0.149489
BFGS:   62 03:12:21      -25.292953        0.130225
BFGS:   63 03:12:21      -25.300893        0.097748
BFGS:   64 03:12:21      -25.308570        0.103143
BFGS:   65 03:12:21      -25.313046        0.109317
BFGS:   66 03:12:22      -25.314583        0.111654
BFGS:   67 03:12:22      -25.315842        0.109512
BFGS:   68 03:12:22      -25.319235        0.104803
BFGS:   69 03:12:22      -25.326316        0.096781
BFGS:   70 03:12:22      -25.340074        0.160303
BFGS:   71 03:12:22      -25.355609        0.172705
BFGS:   72 03:12:22      -25.365134        0.159121
BFGS:   73 03:12:22      -25.368413        0.158851
BFGS:   74 03:12:22      -25.371001        0.146396
BFGS:   75 03:12:22      -25.374411        0.143969
BFGS:   76 03:12:22      -25.383201        0.130876
BFGS:   77 03:12:22      -25.392699        0.140029
BFGS:   78 03:12:22      -25.399858        0.154200
BFGS:   79 03:12:22      -25.403809        0.175520
BFGS:   80 03:12:22      -25.406493        0.166029
BFGS:   81 03:12:22      -25.411396        0.133587
BFGS:   82 03:12:22      -25.418790        0.110765
BFGS:   83 03:12:22      -25.426253        0.093011
BFGS:   84 03:12:22      -25.429441        0.075721
BFGS:   85 03:12:22      -25.430228        0.074935
BFGS:   86 03:12:22      -25.430800        0.072195
BFGS:   87 03:12:22      -25.432193        0.061964
BFGS:   88 03:12:22      -25.434636        0.053805
BFGS:   89 03:12:22      -25.437980        0.068615
BFGS:   90 03:12:22      -25.440681        0.096809
BFGS:   91 03:12:22      -25.443111        0.132890
BFGS:   92 03:12:22      -25.443744        0.125341
BFGS:   93 03:12:22      -25.445052        0.116723
BFGS:   94 03:12:22      -25.446902        0.105639
BFGS:   95 03:12:23      -25.451970        0.072323
BFGS:   96 03:12:23      -25.458725        0.087486
BFGS:   97 03:12:31      -25.466710        0.101994
BFGS:   98 03:12:36      -25.469865        0.075423
BFGS:   99 03:12:48      -25.470810        0.075259
BFGS:  100 03:12:53      -25.471712        0.075877
BFGS:  101 03:12:53      -25.473416        0.074822
BFGS:  102 03:12:53      -25.477584        0.083356
BFGS:  103 03:12:53      -25.486904        0.116135
BFGS:  104 03:12:53      -25.501111        0.188276
BFGS:  105 03:12:53      -25.520795        0.220556
BFGS:  106 03:12:53      -25.538820        0.283157
BFGS:  107 03:12:53      -25.558903        0.280832
BFGS:  108 03:12:53      -25.559045        0.234947
BFGS:  109 03:12:53      -25.573109        0.212338
BFGS:  110 03:12:53      -25.581203        0.249455
BFGS:  111 03:12:53      -25.592603        0.234709
BFGS:  112 03:12:53      -25.648834        0.202062
BFGS:  113 03:12:53      -25.671941        0.233969
BFGS:  114 03:12:53      -25.697531        0.141987
BFGS:  115 03:12:53      -25.703260        0.140494
BFGS:  116 03:12:53      -25.706058        0.117150
BFGS:  117 03:12:53      -25.708172        0.130950
BFGS:  118 03:12:53      -25.711817        0.143395
BFGS:  119 03:12:53      -25.718203        0.147848
BFGS:  120 03:12:53      -25.727915        0.146511
BFGS:  121 03:12:53      -25.737351        0.168393
BFGS:  122 03:12:53      -25.743598        0.126249
BFGS:  123 03:12:53      -25.747352        0.100306
BFGS:  124 03:12:53      -25.748332        0.092672
BFGS:  125 03:12:53      -25.749468        0.090674
BFGS:  126 03:12:54      -25.750912        0.087037
BFGS:  127 03:12:54      -25.753799        0.105093
BFGS:  128 03:12:54      -25.758979        0.113366
BFGS:  129 03:12:54      -25.765399        0.095394
BFGS:  130 03:12:54      -25.769260        0.075459
BFGS:  131 03:12:54      -25.770579        0.056393
BFGS:  132 03:12:54      -25.771023        0.056390
BFGS:  133 03:12:54      -25.771800        0.056624
BFGS:  134 03:12:54      -25.773749        0.056799
BFGS:  135 03:12:54      -25.777143        0.055381
BFGS:  136 03:12:54      -25.780325        0.054447
BFGS:  137 03:12:54      -25.781778        0.035105
BFGS:  138 03:12:54      -25.782170        0.034323
BFGS:  139 03:12:54      -25.782344        0.035217
BFGS:  140 03:12:54      -25.782661        0.033564
BFGS:  141 03:12:54      -25.783238        0.037999
BFGS:  142 03:12:54      -25.784256        0.043797
BFGS:  143 03:12:54      -25.785627        0.042054
BFGS:  144 03:12:54      -25.786848        0.032262
BFGS:  145 03:12:54      -25.787527        0.036162
BFGS:  146 03:12:54      -25.787783        0.036261
BFGS:  147 03:12:54      -25.787959        0.034663
BFGS:  148 03:12:54      -25.788252        0.032045
BFGS:  149 03:12:54      -25.788841        0.036367
BFGS:  150 03:12:54      -25.789966        0.041841
BFGS:  151 03:12:54      -25.791555        0.040572
BFGS:  152 03:12:54      -25.792778        0.026530
BFGS:  153 03:12:55      -25.793153        0.012905
BFGS:  154 03:12:55      -25.793205        0.011935
BFGS:  155 03:12:55      -25.793221        0.011559
BFGS:  156 03:12:55      -25.793260        0.010581
BFGS:  157 03:12:55      -25.793334        0.010240
BFGS:  158 03:12:55      -25.793460        0.011285
BFGS:  159 03:12:55      -25.793584        0.008720
BFGS:  160 03:12:55      -25.793642        0.004082
BFGS:  161 03:12:55      -25.793652        0.003386
BFGS:  162 03:12:55      -25.793654        0.003048
BFGS:  163 03:12:55      -25.793656        0.002963
BFGS:  164 03:12:55      -25.793661        0.003034
BFGS:  165 03:12:55      -25.793671        0.003236
BFGS:  166 03:12:55      -25.793691        0.004424
BFGS:  167 03:12:55      -25.793717        0.004456
BFGS:  168 03:12:55      -25.793737        0.002775
BFGS:  169 03:12:55      -25.793742        0.002357
BFGS:  170 03:12:55      -25.793743        0.002517
BFGS:  171 03:12:55      -25.793744        0.002593
BFGS:  172 03:12:55      -25.793746        0.002629
BFGS:  173 03:12:55      -25.793750        0.002561
BFGS:  174 03:12:55      -25.793757        0.002833
BFGS:  175 03:12:55      -25.793766        0.002757
BFGS:  176 03:12:55      -25.793772        0.001633
BFGS:  177 03:12:55      -25.793773        0.001783
BFGS:  178 03:12:55      -25.793774        0.001737
BFGS:  179 03:12:55      -25.793774        0.001661
BFGS:  180 03:12:55      -25.793775        0.001475
BFGS:  181 03:12:56      -25.793777        0.001159
BFGS:  182 03:12:56      -25.793781        0.001491
BFGS:  183 03:12:56      -25.793785        0.001635
BFGS:  184 03:12:56      -25.793788        0.001491
BFGS:  185 03:12:56      -25.793788        0.001400
BFGS:  186 03:12:56      -25.793789        0.001455
BFGS:  187 03:12:56      -25.793789        0.001494
BFGS:  188 03:12:56      -25.793790        0.001506
BFGS:  189 03:12:56      -25.793792        0.001416
BFGS:  190 03:12:56      -25.793796        0.001530
BFGS:  191 03:12:56      -25.793801        0.001991
BFGS:  192 03:12:56      -25.793803        0.002066
BFGS:  193 03:12:56      -25.793804        0.001929
BFGS:  194 03:12:56      -25.793804        0.001825
BFGS:  195 03:12:56      -25.793805        0.001663
BFGS:  196 03:12:56      -25.793806        0.001420
BFGS:  197 03:12:56      -25.793807        0.001117
BFGS:  198 03:12:56      -25.793811        0.000991
